
===========================================================================
report_checks -unconstrained
===========================================================================
======================= Typical Corner ===================================

Startpoint: rst_n (input port clocked by clk)
Endpoint: _85496_ (recovery check against rising-edge clock clk)
Path Group: asynchronous
Path Type: max

Fanout     Cap    Slew   Delay    Time   Description
-----------------------------------------------------------------------------
                          0.00    0.00   clock clk (rise edge)
                          0.00    0.00   clock network delay (propagated)
                          2.00    2.00 ^ input external delay
                  0.02    0.01    2.01 ^ rst_n (in)
     1    0.00                           rst_n (net)
                  0.02    0.00    2.01 ^ hold86/A (sky130_fd_sc_hd__dlygate4sd3_1)
                  0.10    0.59    2.60 ^ hold86/X (sky130_fd_sc_hd__dlygate4sd3_1)
     1    0.01                           net414 (net)
                  0.10    0.00    2.60 ^ input75/A (sky130_fd_sc_hd__buf_8)
                  0.25    0.26    2.87 ^ input75/X (sky130_fd_sc_hd__buf_8)
     2    0.16                           net75 (net)
                  0.26    0.02    2.89 ^ fanout328/A (sky130_fd_sc_hd__clkbuf_8)
                  0.22    0.32    3.21 ^ fanout328/X (sky130_fd_sc_hd__clkbuf_8)
     5    0.13                           net328 (net)
                  0.22    0.00    3.21 ^ fanout320/A (sky130_fd_sc_hd__buf_4)
                  0.22    0.30    3.51 ^ fanout320/X (sky130_fd_sc_hd__buf_4)
     5    0.08                           net320 (net)
                  0.22    0.00    3.51 ^ fanout319/A (sky130_fd_sc_hd__buf_4)
                  0.20    0.29    3.81 ^ fanout319/X (sky130_fd_sc_hd__buf_4)
    10    0.07                           net319 (net)
                  0.20    0.00    3.81 ^ fanout318/A (sky130_fd_sc_hd__clkbuf_4)
                  0.17    0.29    4.10 ^ fanout318/X (sky130_fd_sc_hd__clkbuf_4)
    10    0.05                           net318 (net)
                  0.17    0.00    4.10 ^ fanout317/A (sky130_fd_sc_hd__buf_2)
                  0.17    0.25    4.35 ^ fanout317/X (sky130_fd_sc_hd__buf_2)
     7    0.03                           net317 (net)
                  0.17    0.00    4.35 ^ fanout316/A (sky130_fd_sc_hd__buf_2)
                  0.20    0.27    4.62 ^ fanout316/X (sky130_fd_sc_hd__buf_2)
     7    0.04                           net316 (net)
                  0.20    0.00    4.62 ^ fanout315/A (sky130_fd_sc_hd__clkbuf_4)
                  0.16    0.29    4.91 ^ fanout315/X (sky130_fd_sc_hd__clkbuf_4)
    10    0.05                           net315 (net)
                  0.16    0.00    4.91 ^ _85496_/RESET_B (sky130_fd_sc_hd__dfrtp_2)
                                  4.91   data arrival time

                         10.00   10.00   clock clk (rise edge)
                          0.00   10.00   clock source latency
                  0.79    0.53   10.53 ^ clk (in)
     2    0.18                           clk (net)
                  0.79    0.00   10.53 ^ clkbuf_0_clk/A (sky130_fd_sc_hd__clkbuf_16)
                  0.18    0.37   10.89 ^ clkbuf_0_clk/X (sky130_fd_sc_hd__clkbuf_16)
     8    0.16                           clknet_0_clk (net)
                  0.18    0.01   10.90 ^ clkbuf_2_2_0_clk/A (sky130_fd_sc_hd__clkbuf_8)
                  0.09    0.20   11.10 ^ clkbuf_2_2_0_clk/X (sky130_fd_sc_hd__clkbuf_8)
     2    0.05                           clknet_2_2_0_clk (net)
                  0.09    0.00   11.10 ^ clkbuf_3_5__f_clk/A (sky130_fd_sc_hd__clkbuf_16)
                  0.11    0.18   11.28 ^ clkbuf_3_5__f_clk/X (sky130_fd_sc_hd__clkbuf_16)
     8    0.09                           clknet_3_5__leaf_clk (net)
                  0.11    0.01   11.29 ^ clkbuf_leaf_26_clk/A (sky130_fd_sc_hd__clkbuf_16)
                  0.04    0.14   11.43 ^ clkbuf_leaf_26_clk/X (sky130_fd_sc_hd__clkbuf_16)
     7    0.02                           clknet_leaf_26_clk (net)
                  0.04    0.00   11.44 ^ _85496_/CLK (sky130_fd_sc_hd__dfrtp_2)
                         -0.25   11.19   clock uncertainty
                          0.00   11.19   clock reconvergence pessimism
                          0.18   11.37   library recovery time
                                 11.37   data required time
-----------------------------------------------------------------------------
                                 11.37   data required time
                                 -4.91   data arrival time
-----------------------------------------------------------------------------
                                  6.46   slack (MET)


Startpoint: _85200_ (rising edge-triggered flip-flop clocked by clk)
Endpoint: _85193_ (rising edge-triggered flip-flop clocked by clk)
Path Group: clk
Path Type: max

Fanout     Cap    Slew   Delay    Time   Description
-----------------------------------------------------------------------------
                          0.00    0.00   clock clk (rise edge)
                          0.00    0.00   clock source latency
                  0.79    0.58    0.58 ^ clk (in)
     2    0.18                           clk (net)
                  0.79    0.00    0.58 ^ clkbuf_0_clk/A (sky130_fd_sc_hd__clkbuf_16)
                  0.18    0.41    0.99 ^ clkbuf_0_clk/X (sky130_fd_sc_hd__clkbuf_16)
     8    0.16                           clknet_0_clk (net)
                  0.18    0.01    0.99 ^ clkbuf_2_0_0_clk/A (sky130_fd_sc_hd__clkbuf_8)
                  0.10    0.23    1.22 ^ clkbuf_2_0_0_clk/X (sky130_fd_sc_hd__clkbuf_8)
     2    0.05                           clknet_2_0_0_clk (net)
                  0.10    0.00    1.22 ^ clkbuf_3_1__f_clk/A (sky130_fd_sc_hd__clkbuf_16)
                  0.27    0.32    1.54 ^ clkbuf_3_1__f_clk/X (sky130_fd_sc_hd__clkbuf_16)
    17    0.26                           clknet_3_1__leaf_clk (net)
                  0.27    0.01    1.55 ^ clkbuf_leaf_93_clk/A (sky130_fd_sc_hd__clkbuf_16)
                  0.04    0.20    1.75 ^ clkbuf_leaf_93_clk/X (sky130_fd_sc_hd__clkbuf_16)
     5    0.02                           clknet_leaf_93_clk (net)
                  0.04    0.00    1.75 ^ _85200_/CLK (sky130_fd_sc_hd__dfrtp_1)
                  0.19    0.45    2.21 ^ _85200_/Q (sky130_fd_sc_hd__dfrtp_1)
     4    0.02                           stage8_inst.in1[2] (net)
                  0.19    0.00    2.21 ^ _42655_/A (sky130_fd_sc_hd__clkbuf_4)
                  0.13    0.26    2.47 ^ _42655_/X (sky130_fd_sc_hd__clkbuf_4)
    10    0.04                           _42267_ (net)
                  0.13    0.00    2.47 ^ _42656_/A (sky130_fd_sc_hd__clkbuf_4)
                  0.16    0.27    2.74 ^ _42656_/X (sky130_fd_sc_hd__clkbuf_4)
    10    0.05                           _42278_ (net)
                  0.16    0.00    2.74 ^ _42657_/A (sky130_fd_sc_hd__buf_4)
                  0.21    0.29    3.03 ^ _42657_/X (sky130_fd_sc_hd__buf_4)
    10    0.08                           _42289_ (net)
                  0.21    0.00    3.03 ^ _46216_/B (sky130_fd_sc_hd__nand2_1)
                  0.07    0.10    3.13 v _46216_/Y (sky130_fd_sc_hd__nand2_1)
     1    0.00                           _36982_ (net)
                  0.07    0.00    3.13 v _46218_/A (sky130_fd_sc_hd__xnor2_1)
                  0.40    0.39    3.52 ^ _46218_/Y (sky130_fd_sc_hd__xnor2_1)
     2    0.02                           _36984_ (net)
                  0.40    0.00    3.52 ^ _46220_/B (sky130_fd_sc_hd__xor2_2)
                  0.22    0.27    3.79 ^ _46220_/X (sky130_fd_sc_hd__xor2_2)
     2    0.02                           _36986_ (net)
                  0.22    0.00    3.79 ^ _46243_/A (sky130_fd_sc_hd__xor2_2)
                  0.22    0.25    4.04 ^ _46243_/X (sky130_fd_sc_hd__xor2_2)
     3    0.01                           _37009_ (net)
                  0.22    0.00    4.05 ^ _46244_/C (sky130_fd_sc_hd__nand3_2)
                  0.10    0.14    4.19 v _46244_/Y (sky130_fd_sc_hd__nand3_2)
     2    0.01                           _37010_ (net)
                  0.10    0.00    4.19 v _46246_/A2 (sky130_fd_sc_hd__a211o_4)
                  0.07    0.40    4.58 v _46246_/X (sky130_fd_sc_hd__a211o_4)
     5    0.02                           _37012_ (net)
                  0.07    0.00    4.58 v _46297_/A (sky130_fd_sc_hd__and3_1)
                  0.07    0.20    4.78 v _46297_/X (sky130_fd_sc_hd__and3_1)
     2    0.01                           _37063_ (net)
                  0.07    0.00    4.78 v _46299_/A1 (sky130_fd_sc_hd__o211a_1)
                  0.07    0.28    5.06 v _46299_/X (sky130_fd_sc_hd__o211a_1)
     2    0.01                           _37065_ (net)
                  0.07    0.00    5.06 v _46360_/A2 (sky130_fd_sc_hd__o21a_1)
                  0.06    0.21    5.27 v _46360_/X (sky130_fd_sc_hd__o21a_1)
     2    0.01                           _37126_ (net)
                  0.06    0.00    5.27 v _46361_/B1 (sky130_fd_sc_hd__a211oi_2)
                  0.23    0.27    5.54 ^ _46361_/Y (sky130_fd_sc_hd__a211oi_2)
     3    0.01                           _37127_ (net)
                  0.23    0.00    5.54 ^ _46398_/A_N (sky130_fd_sc_hd__and4bb_4)
                  0.09    0.31    5.85 v _46398_/X (sky130_fd_sc_hd__and4bb_4)
     4    0.05                           _37164_ (net)
                  0.09    0.00    5.85 v _46437_/A (sky130_fd_sc_hd__or3_4)
                  0.15    0.54    6.39 v _46437_/X (sky130_fd_sc_hd__or3_4)
     4    0.07                           _37203_ (net)
                  0.15    0.01    6.40 v _46472_/A1 (sky130_fd_sc_hd__a21bo_4)
                  0.05    0.28    6.69 v _46472_/X (sky130_fd_sc_hd__a21bo_4)
     3    0.02                           _37238_ (net)
                  0.05    0.00    6.69 v _46527_/A1 (sky130_fd_sc_hd__a21bo_4)
                  0.06    0.25    6.93 v _46527_/X (sky130_fd_sc_hd__a21bo_4)
     2    0.02                           _37293_ (net)
                  0.06    0.00    6.93 v _46529_/A2 (sky130_fd_sc_hd__a21o_4)
                  0.05    0.25    7.19 v _46529_/X (sky130_fd_sc_hd__a21o_4)
     2    0.02                           _37295_ (net)
                  0.05    0.00    7.19 v _46531_/A2 (sky130_fd_sc_hd__a21bo_4)
                  0.07    0.26    7.45 v _46531_/X (sky130_fd_sc_hd__a21bo_4)
     3    0.03                           _37297_ (net)
                  0.07    0.00    7.45 v _46538_/A1 (sky130_fd_sc_hd__a211o_4)
                  0.09    0.40    7.85 v _46538_/X (sky130_fd_sc_hd__a211o_4)
     5    0.03                           _37304_ (net)
                  0.09    0.00    7.85 v _46554_/A2 (sky130_fd_sc_hd__a32oi_4)
                  0.25    0.31    8.16 ^ _46554_/Y (sky130_fd_sc_hd__a32oi_4)
     1    0.02                           _37320_ (net)
                  0.25    0.00    8.16 ^ wire198/A (sky130_fd_sc_hd__buf_6)
                  0.14    0.23    8.39 ^ wire198/X (sky130_fd_sc_hd__buf_6)
     3    0.07                           net198 (net)
                  0.14    0.01    8.41 ^ _47455_/A2 (sky130_fd_sc_hd__a21oi_4)
                  0.10    0.08    8.49 v _47455_/Y (sky130_fd_sc_hd__a21oi_4)
     3    0.01                           _38221_ (net)
                  0.10    0.00    8.49 v _47456_/C (sky130_fd_sc_hd__or3_4)
                  0.06    0.36    8.85 v _47456_/X (sky130_fd_sc_hd__or3_4)
     1    0.00                           _38222_ (net)
                  0.06    0.00    8.85 v _47458_/A (sky130_fd_sc_hd__and2_4)
                  0.08    0.20    9.04 v _47458_/X (sky130_fd_sc_hd__and2_4)
     1    0.04                           _38224_ (net)
                  0.08    0.01    9.05 v _47459_/A (sky130_fd_sc_hd__buf_8)
                  0.05    0.16    9.21 v _47459_/X (sky130_fd_sc_hd__buf_8)
     5    0.04                           _38225_ (net)
                  0.05    0.00    9.21 v _47631_/A (sky130_fd_sc_hd__and3_1)
                  0.08    0.19    9.41 v _47631_/X (sky130_fd_sc_hd__and3_1)
     4    0.01                           _38397_ (net)
                  0.08    0.00    9.41 v _47673_/C (sky130_fd_sc_hd__or4_4)
                  0.09    0.53    9.94 v _47673_/X (sky130_fd_sc_hd__or4_4)
     3    0.01                           _38439_ (net)
                  0.09    0.00    9.94 v _47898_/A (sky130_fd_sc_hd__and3_1)
                  0.09    0.23   10.17 v _47898_/X (sky130_fd_sc_hd__and3_1)
     3    0.02                           _38664_ (net)
                  0.09    0.00   10.17 v _47902_/A (sky130_fd_sc_hd__or3b_4)
                  0.08    0.45   10.62 v _47902_/X (sky130_fd_sc_hd__or3b_4)
     4    0.01                           _38668_ (net)
                  0.08    0.00   10.62 v _47940_/A1 (sky130_fd_sc_hd__a21o_1)
                  0.05    0.19   10.81 v _47940_/X (sky130_fd_sc_hd__a21o_1)
     2    0.01                           _38706_ (net)
                  0.05    0.00   10.81 v _47944_/B (sky130_fd_sc_hd__and3_1)
                  0.08    0.21   11.02 v _47944_/X (sky130_fd_sc_hd__and3_1)
     3    0.01                           _38710_ (net)
                  0.08    0.00   11.02 v _48021_/A (sky130_fd_sc_hd__or3_4)
                  0.08    0.44   11.46 v _48021_/X (sky130_fd_sc_hd__or3_4)
     3    0.02                           _38787_ (net)
                  0.08    0.00   11.47 v _48134_/A1 (sky130_fd_sc_hd__a21o_1)
                  0.06    0.20   11.67 v _48134_/X (sky130_fd_sc_hd__a21o_1)
     2    0.01                           _38900_ (net)
                  0.06    0.00   11.67 v _48136_/A2 (sky130_fd_sc_hd__a21o_1)
                  0.06    0.22   11.89 v _48136_/X (sky130_fd_sc_hd__a21o_1)
     2    0.01                           _38902_ (net)
                  0.06    0.00   11.89 v _48435_/A2 (sky130_fd_sc_hd__a21o_1)
                  0.06    0.22   12.11 v _48435_/X (sky130_fd_sc_hd__a21o_1)
     2    0.01                           _39201_ (net)
                  0.06    0.00   12.11 v _48443_/A2 (sky130_fd_sc_hd__a21o_1)
                  0.07    0.23   12.33 v _48443_/X (sky130_fd_sc_hd__a21o_1)
     2    0.01                           _39209_ (net)
                  0.07    0.00   12.33 v _48457_/A2 (sky130_fd_sc_hd__a21o_1)
                  0.05    0.21   12.54 v _48457_/X (sky130_fd_sc_hd__a21o_1)
     2    0.01                           _39223_ (net)
                  0.05    0.00   12.55 v _48459_/A2 (sky130_fd_sc_hd__a21o_1)
                  0.04    0.20   12.74 v _48459_/X (sky130_fd_sc_hd__a21o_1)
     2    0.01                           _39225_ (net)
                  0.04    0.00   12.74 v _48470_/A2 (sky130_fd_sc_hd__a21o_1)
                  0.06    0.21   12.95 v _48470_/X (sky130_fd_sc_hd__a21o_1)
     2    0.01                           _39236_ (net)
                  0.06    0.00   12.95 v _48471_/C (sky130_fd_sc_hd__and3_1)
                  0.06    0.21   13.16 v _48471_/X (sky130_fd_sc_hd__and3_1)
     1    0.01                           _39237_ (net)
                  0.06    0.00   13.16 v _48472_/A (sky130_fd_sc_hd__buf_6)
                  0.04    0.15   13.31 v _48472_/X (sky130_fd_sc_hd__buf_6)
     6    0.03                           _39238_ (net)
                  0.04    0.00   13.31 v _48477_/A1 (sky130_fd_sc_hd__o21ai_4)
                  0.14    0.18   13.49 ^ _48477_/Y (sky130_fd_sc_hd__o21ai_4)
     1    0.01                           _39243_ (net)
                  0.14    0.00   13.49 ^ _48478_/B (sky130_fd_sc_hd__nand2_4)
                  0.06    0.09   13.58 v _48478_/Y (sky130_fd_sc_hd__nand2_4)
     4    0.02                           _39244_ (net)
                  0.06    0.00   13.58 v _48739_/B1 (sky130_fd_sc_hd__a2111o_1)
                  0.12    0.48   14.06 v _48739_/X (sky130_fd_sc_hd__a2111o_1)
     3    0.02                           _39505_ (net)
                  0.12    0.00   14.06 v _48775_/A2 (sky130_fd_sc_hd__a21o_1)
                  0.06    0.25   14.31 v _48775_/X (sky130_fd_sc_hd__a21o_1)
     3    0.01                           _39541_ (net)
                  0.06    0.00   14.31 v _48776_/C (sky130_fd_sc_hd__and3_1)
                  0.09    0.25   14.56 v _48776_/X (sky130_fd_sc_hd__and3_1)
     3    0.02                           _39542_ (net)
                  0.09    0.00   14.56 v _48778_/A (sky130_fd_sc_hd__or3b_4)
                  0.11    0.49   15.05 v _48778_/X (sky130_fd_sc_hd__or3b_4)
     3    0.03                           _39544_ (net)
                  0.11    0.00   15.05 v _48785_/A (sky130_fd_sc_hd__and3_1)
                  0.06    0.20   15.26 v _48785_/X (sky130_fd_sc_hd__and3_1)
     2    0.01                           _39551_ (net)
                  0.06    0.00   15.26 v _48787_/A (sky130_fd_sc_hd__nor2b_1)
                  0.12    0.14   15.40 ^ _48787_/Y (sky130_fd_sc_hd__nor2b_1)
     1    0.00                           _39553_ (net)
                  0.12    0.00   15.40 ^ _48788_/B (sky130_fd_sc_hd__xor2_1)
                  0.20    0.23   15.63 ^ _48788_/X (sky130_fd_sc_hd__xor2_1)
     2    0.01                           _39554_ (net)
                  0.20    0.00   15.63 ^ _48789_/B (sky130_fd_sc_hd__xor2_1)
                  0.22    0.26   15.88 ^ _48789_/X (sky130_fd_sc_hd__xor2_1)
     2    0.01                           _39555_ (net)
                  0.22    0.00   15.88 ^ _48790_/B (sky130_fd_sc_hd__xnor2_1)
                  0.22    0.20   16.08 ^ _48790_/Y (sky130_fd_sc_hd__xnor2_1)
     2    0.01                           _39556_ (net)
                  0.22    0.00   16.08 ^ _49177_/A_N (sky130_fd_sc_hd__and2b_1)
                  0.04    0.22   16.30 v _49177_/X (sky130_fd_sc_hd__and2b_1)
     1    0.00                           _39943_ (net)
                  0.04    0.00   16.30 v _49178_/B1 (sky130_fd_sc_hd__a21oi_1)
                  0.19    0.18   16.49 ^ _49178_/Y (sky130_fd_sc_hd__a21oi_1)
     2    0.01                           _39944_ (net)
                  0.19    0.00   16.49 ^ _49179_/B (sky130_fd_sc_hd__or2_1)
                  0.12    0.20   16.69 ^ _49179_/X (sky130_fd_sc_hd__or2_1)
     3    0.01                           _39945_ (net)
                  0.12    0.00   16.69 ^ _49181_/A (sky130_fd_sc_hd__and2_2)
                  0.19    0.29   16.97 ^ _49181_/X (sky130_fd_sc_hd__and2_2)
     4    0.04                           _39947_ (net)
                  0.19    0.00   16.98 ^ _49182_/D (sky130_fd_sc_hd__and4_1)
                  0.12    0.28   17.26 ^ _49182_/X (sky130_fd_sc_hd__and4_1)
     1    0.01                           _39948_ (net)
                  0.12    0.00   17.26 ^ _49188_/A2 (sky130_fd_sc_hd__a211oi_4)
                  0.09    0.11   17.36 v _49188_/Y (sky130_fd_sc_hd__a211oi_4)
     3    0.02                           _39954_ (net)
                  0.09    0.00   17.36 v _52436_/B (sky130_fd_sc_hd__or4_4)
                  0.12    0.61   17.97 v _52436_/X (sky130_fd_sc_hd__or4_4)
     3    0.02                           _01212_ (net)
                  0.12    0.00   17.98 v _52446_/A2 (sky130_fd_sc_hd__o211a_4)
                  0.09    0.33   18.31 v _52446_/X (sky130_fd_sc_hd__o211a_4)
     4    0.05                           _01223_ (net)
                  0.09    0.01   18.31 v _52451_/A (sky130_fd_sc_hd__or4_4)
                  0.11    0.62   18.93 v _52451_/X (sky130_fd_sc_hd__or4_4)
     2    0.02                           _01228_ (net)
                  0.11    0.00   18.93 v _52457_/A2 (sky130_fd_sc_hd__a21oi_4)
                  0.22    0.27   19.20 ^ _52457_/Y (sky130_fd_sc_hd__a21oi_4)
     4    0.03                           _01235_ (net)
                  0.22    0.00   19.20 ^ _52648_/A2 (sky130_fd_sc_hd__a21boi_4)
                  0.08    0.12   19.32 v _52648_/Y (sky130_fd_sc_hd__a21boi_4)
     2    0.02                           _01445_ (net)
                  0.08    0.00   19.32 v _52654_/A2 (sky130_fd_sc_hd__o21ba_4)
                  0.05    0.23   19.56 v _52654_/X (sky130_fd_sc_hd__o21ba_4)
     1    0.01                           _01452_ (net)
                  0.05    0.00   19.56 v _52655_/B (sky130_fd_sc_hd__xor2_4)
                  0.34    0.33   19.88 ^ _52655_/X (sky130_fd_sc_hd__xor2_4)
     3    0.04                           _01453_ (net)
                  0.34    0.01   19.89 ^ _52658_/A (sky130_fd_sc_hd__xor2_2)
                  0.17    0.23   20.11 ^ _52658_/X (sky130_fd_sc_hd__xor2_2)
     3    0.01                           _01456_ (net)
                  0.17    0.00   20.11 ^ _52664_/A (sky130_fd_sc_hd__nand2_1)
                  0.07    0.10   20.21 v _52664_/Y (sky130_fd_sc_hd__nand2_1)
     1    0.01                           _01463_ (net)
                  0.07    0.00   20.21 v _52665_/B1 (sky130_fd_sc_hd__o2bb2a_1)
                  0.10    0.37   20.58 v _52665_/X (sky130_fd_sc_hd__o2bb2a_1)
     3    0.01                           _01464_ (net)
                  0.10    0.00   20.58 v _52692_/A2 (sky130_fd_sc_hd__a2111o_4)
                  0.10    0.58   21.17 v _52692_/X (sky130_fd_sc_hd__a2111o_4)
     5    0.03                           _01493_ (net)
                  0.10    0.00   21.17 v _52704_/A1 (sky130_fd_sc_hd__a211o_4)
                  0.12    0.44   21.61 v _52704_/X (sky130_fd_sc_hd__a211o_4)
     4    0.05                           _01507_ (net)
                  0.12    0.01   21.62 v _52862_/A2 (sky130_fd_sc_hd__a2111oi_4)
                  0.26    0.40   22.02 ^ _52862_/Y (sky130_fd_sc_hd__a2111oi_4)
     1    0.01                           _01679_ (net)
                  0.26    0.00   22.02 ^ wire3/A (sky130_fd_sc_hd__clkbuf_1)
                  0.08    0.16   22.18 ^ wire3/X (sky130_fd_sc_hd__clkbuf_1)
     2    0.01                           net422 (net)
                  0.08    0.00   22.18 ^ max_cap2/A (sky130_fd_sc_hd__clkbuf_1)
                  0.08    0.12   22.30 ^ max_cap2/X (sky130_fd_sc_hd__clkbuf_1)
     1    0.01                           net421 (net)
                  0.08    0.00   22.30 ^ max_cap122/A (sky130_fd_sc_hd__buf_6)
                  0.05    0.12   22.42 ^ max_cap122/X (sky130_fd_sc_hd__buf_6)
     4    0.02                           net122 (net)
                  0.05    0.00   22.42 ^ _52915_/A (sky130_fd_sc_hd__and2_4)
                  0.05    0.15   22.57 ^ _52915_/X (sky130_fd_sc_hd__and2_4)
     2    0.01                           _01738_ (net)
                  0.05    0.00   22.57 ^ _52919_/A1_N (sky130_fd_sc_hd__a2bb2o_4)
                  0.05    0.23   22.80 v _52919_/X (sky130_fd_sc_hd__a2bb2o_4)
     2    0.01                           _01742_ (net)
                  0.05    0.00   22.80 v _52932_/B (sky130_fd_sc_hd__nor4_4)
                  0.52    0.53   23.34 ^ _52932_/Y (sky130_fd_sc_hd__nor4_4)
     2    0.03                           _01756_ (net)
                  0.52    0.00   23.34 ^ wire119/A (sky130_fd_sc_hd__buf_6)
                  0.05    0.20   23.54 ^ wire119/X (sky130_fd_sc_hd__buf_6)
     4    0.02                           net119 (net)
                  0.05    0.00   23.54 ^ rebuffer3/A (sky130_fd_sc_hd__buf_6)
                  0.03    0.10   23.64 ^ rebuffer3/X (sky130_fd_sc_hd__buf_6)
     1    0.01                           net331 (net)
                  0.03    0.00   23.64 ^ _53130_/A1 (sky130_fd_sc_hd__a21oi_4)
                  0.08    0.05   23.69 v _53130_/Y (sky130_fd_sc_hd__a21oi_4)
     2    0.01                           _01973_ (net)
                  0.08    0.00   23.69 v _53131_/B1 (sky130_fd_sc_hd__a21oi_4)
                  0.29    0.28   23.97 ^ _53131_/Y (sky130_fd_sc_hd__a21oi_4)
     4    0.04                           _01974_ (net)
                  0.29    0.00   23.98 ^ rebuffer33/A (sky130_fd_sc_hd__buf_6)
                  0.04    0.16   24.13 ^ rebuffer33/X (sky130_fd_sc_hd__buf_6)
     1    0.01                           net361 (net)
                  0.04    0.00   24.13 ^ _53132_/B (sky130_fd_sc_hd__xor2_2)
                  0.19    0.20   24.34 ^ _53132_/X (sky130_fd_sc_hd__xor2_2)
     4    0.01                           _01975_ (net)
                  0.19    0.00   24.34 ^ rebuffer83/A (sky130_fd_sc_hd__clkbuf_1)
                  0.07    0.14   24.47 ^ rebuffer83/X (sky130_fd_sc_hd__clkbuf_1)
     1    0.01                           net411 (net)
                  0.07    0.00   24.47 ^ _53134_/A2 (sky130_fd_sc_hd__o21ai_2)
                  0.05    0.07   24.54 v _53134_/Y (sky130_fd_sc_hd__o21ai_2)
     2    0.01                           _01978_ (net)
                  0.05    0.00   24.54 v _53138_/A1 (sky130_fd_sc_hd__a21o_1)
                  0.05    0.18   24.72 v _53138_/X (sky130_fd_sc_hd__a21o_1)
     2    0.01                           _01982_ (net)
                  0.05    0.00   24.72 v _53140_/A2 (sky130_fd_sc_hd__a21o_1)
                  0.05    0.21   24.93 v _53140_/X (sky130_fd_sc_hd__a21o_1)
     2    0.01                           _01984_ (net)
                  0.05    0.00   24.93 v _53148_/A2 (sky130_fd_sc_hd__a31o_1)
                  0.06    0.24   25.17 v _53148_/X (sky130_fd_sc_hd__a31o_1)
     2    0.01                           _01993_ (net)
                  0.06    0.00   25.17 v _53150_/A2 (sky130_fd_sc_hd__a21oi_2)
                  0.15    0.19   25.36 ^ _53150_/Y (sky130_fd_sc_hd__a21oi_2)
     2    0.01                           _01995_ (net)
                  0.15    0.00   25.36 ^ _53152_/A2 (sky130_fd_sc_hd__o21ai_2)
                  0.09    0.13   25.49 v _53152_/Y (sky130_fd_sc_hd__o21ai_2)
     3    0.02                           _01997_ (net)
                  0.09    0.00   25.49 v _53159_/B2 (sky130_fd_sc_hd__a221o_1)
                  0.10    0.41   25.90 v _53159_/X (sky130_fd_sc_hd__a221o_1)
     3    0.01                           _02005_ (net)
                  0.10    0.00   25.90 v _53194_/A1 (sky130_fd_sc_hd__a221o_2)
                  0.09    0.44   26.34 v _53194_/X (sky130_fd_sc_hd__a221o_2)
     3    0.02                           _02044_ (net)
                  0.09    0.00   26.34 v _53203_/B2 (sky130_fd_sc_hd__a221o_2)
                  0.08    0.43   26.77 v _53203_/X (sky130_fd_sc_hd__a221o_2)
     3    0.01                           _02054_ (net)
                  0.08    0.00   26.78 v _53242_/A1 (sky130_fd_sc_hd__a41o_4)
                  0.07    0.27   27.04 v _53242_/X (sky130_fd_sc_hd__a41o_4)
     4    0.03                           _02096_ (net)
                  0.07    0.00   27.04 v _53249_/B2 (sky130_fd_sc_hd__a221o_1)
                  0.10    0.40   27.44 v _53249_/X (sky130_fd_sc_hd__a221o_1)
     2    0.01                           _02104_ (net)
                  0.10    0.00   27.44 v _53333_/A (sky130_fd_sc_hd__xnor2_2)
                  0.10    0.21   27.65 v _53333_/Y (sky130_fd_sc_hd__xnor2_2)
     4    0.02                           _02197_ (net)
                  0.10    0.00   27.65 v _53337_/B1 (sky130_fd_sc_hd__a2111o_1)
                  0.06    0.42   28.07 v _53337_/X (sky130_fd_sc_hd__a2111o_1)
     1    0.00                           _02201_ (net)
                  0.06    0.00   28.07 v _53338_/B1 (sky130_fd_sc_hd__a41o_1)
                  0.04    0.21   28.28 v _53338_/X (sky130_fd_sc_hd__a41o_1)
     1    0.00                           _02202_ (net)
                  0.04    0.00   28.28 v _53339_/B (sky130_fd_sc_hd__nor2_1)
                  0.11    0.11   28.40 ^ _53339_/Y (sky130_fd_sc_hd__nor2_1)
     1    0.01                           _02203_ (net)
                  0.11    0.00   28.40 ^ _53340_/D (sky130_fd_sc_hd__and4_1)
                  0.08    0.23   28.63 ^ _53340_/X (sky130_fd_sc_hd__and4_1)
     1    0.01                           _02204_ (net)
                  0.08    0.00   28.63 ^ _53341_/A (sky130_fd_sc_hd__nand2_2)
                  0.09    0.09   28.72 v _53341_/Y (sky130_fd_sc_hd__nand2_2)
     3    0.02                           _02205_ (net)
                  0.09    0.00   28.72 v _53342_/A (sky130_fd_sc_hd__buf_6)
                  0.06    0.18   28.90 v _53342_/X (sky130_fd_sc_hd__buf_6)
     6    0.05                           _02206_ (net)
                  0.06    0.00   28.90 v split49/A (sky130_fd_sc_hd__buf_8)
                  0.05    0.16   29.06 v split49/X (sky130_fd_sc_hd__buf_8)
     5    0.05                           net377 (net)
                  0.05    0.00   29.06 v _53521_/B (sky130_fd_sc_hd__and3_1)
                  0.07    0.20   29.27 v _53521_/X (sky130_fd_sc_hd__and3_1)
     3    0.01                           _02376_ (net)
                  0.07    0.00   29.27 v _53528_/A2 (sky130_fd_sc_hd__o21ai_1)
                  0.14    0.16   29.43 ^ _53528_/Y (sky130_fd_sc_hd__o21ai_1)
     1    0.01                           _02383_ (net)
                  0.14    0.00   29.43 ^ _53529_/B1 (sky130_fd_sc_hd__a21o_1)
                  0.06    0.12   29.55 ^ _53529_/X (sky130_fd_sc_hd__a21o_1)
     1    0.01                           _02384_ (net)
                  0.06    0.00   29.55 ^ _53530_/A (sky130_fd_sc_hd__nand2_1)
                  0.05    0.06   29.60 v _53530_/Y (sky130_fd_sc_hd__nand2_1)
     1    0.00                           _02385_ (net)
                  0.05    0.00   29.60 v _53531_/A0 (sky130_fd_sc_hd__mux2_4)
                  0.05    0.28   29.88 v _53531_/X (sky130_fd_sc_hd__mux2_4)
     1    0.00                           _02386_ (net)
                  0.05    0.00   29.88 v _53532_/A (sky130_fd_sc_hd__clkbuf_1)
                  0.04    0.10   29.99 v _53532_/X (sky130_fd_sc_hd__clkbuf_1)
     1    0.00                           _00030_ (net)
                  0.04    0.00   29.99 v _85193_/D (sky130_fd_sc_hd__dfrtp_4)
                                 29.99   data arrival time

                         10.00   10.00   clock clk (rise edge)
                          0.00   10.00   clock source latency
                  0.79    0.53   10.53 ^ clk (in)
     2    0.18                           clk (net)
                  0.79    0.00   10.53 ^ clkbuf_0_clk/A (sky130_fd_sc_hd__clkbuf_16)
                  0.18    0.37   10.89 ^ clkbuf_0_clk/X (sky130_fd_sc_hd__clkbuf_16)
     8    0.16                           clknet_0_clk (net)
                  0.18    0.01   10.90 ^ clkbuf_2_2_0_clk/A (sky130_fd_sc_hd__clkbuf_8)
                  0.09    0.20   11.10 ^ clkbuf_2_2_0_clk/X (sky130_fd_sc_hd__clkbuf_8)
     2    0.05                           clknet_2_2_0_clk (net)
                  0.09    0.00   11.10 ^ clkbuf_3_4__f_clk/A (sky130_fd_sc_hd__clkbuf_16)
                  0.16    0.23   11.33 ^ clkbuf_3_4__f_clk/X (sky130_fd_sc_hd__clkbuf_16)
    11    0.15                           clknet_3_4__leaf_clk (net)
                  0.16    0.01   11.33 ^ _85193_/CLK (sky130_fd_sc_hd__dfrtp_4)
                         -0.25   11.08   clock uncertainty
                          0.09   11.18   clock reconvergence pessimism
                         -0.08   11.10   library setup time
                                 11.10   data required time
-----------------------------------------------------------------------------
                                 11.10   data required time
                                -29.99   data arrival time
-----------------------------------------------------------------------------
                                -18.89   slack (VIOLATED)




===========================================================================
report_checks --slack_max -0.01
============================================================================
======================= Typical Corner ===================================

Startpoint: _85200_ (rising edge-triggered flip-flop clocked by clk)
Endpoint: _85193_ (rising edge-triggered flip-flop clocked by clk)
Path Group: clk
Path Type: max

Fanout     Cap    Slew   Delay    Time   Description
-----------------------------------------------------------------------------
                          0.00    0.00   clock clk (rise edge)
                          0.00    0.00   clock source latency
                  0.79    0.58    0.58 ^ clk (in)
     2    0.18                           clk (net)
                  0.79    0.00    0.58 ^ clkbuf_0_clk/A (sky130_fd_sc_hd__clkbuf_16)
                  0.18    0.41    0.99 ^ clkbuf_0_clk/X (sky130_fd_sc_hd__clkbuf_16)
     8    0.16                           clknet_0_clk (net)
                  0.18    0.01    0.99 ^ clkbuf_2_0_0_clk/A (sky130_fd_sc_hd__clkbuf_8)
                  0.10    0.23    1.22 ^ clkbuf_2_0_0_clk/X (sky130_fd_sc_hd__clkbuf_8)
     2    0.05                           clknet_2_0_0_clk (net)
                  0.10    0.00    1.22 ^ clkbuf_3_1__f_clk/A (sky130_fd_sc_hd__clkbuf_16)
                  0.27    0.32    1.54 ^ clkbuf_3_1__f_clk/X (sky130_fd_sc_hd__clkbuf_16)
    17    0.26                           clknet_3_1__leaf_clk (net)
                  0.27    0.01    1.55 ^ clkbuf_leaf_93_clk/A (sky130_fd_sc_hd__clkbuf_16)
                  0.04    0.20    1.75 ^ clkbuf_leaf_93_clk/X (sky130_fd_sc_hd__clkbuf_16)
     5    0.02                           clknet_leaf_93_clk (net)
                  0.04    0.00    1.75 ^ _85200_/CLK (sky130_fd_sc_hd__dfrtp_1)
                  0.19    0.45    2.21 ^ _85200_/Q (sky130_fd_sc_hd__dfrtp_1)
     4    0.02                           stage8_inst.in1[2] (net)
                  0.19    0.00    2.21 ^ _42655_/A (sky130_fd_sc_hd__clkbuf_4)
                  0.13    0.26    2.47 ^ _42655_/X (sky130_fd_sc_hd__clkbuf_4)
    10    0.04                           _42267_ (net)
                  0.13    0.00    2.47 ^ _42656_/A (sky130_fd_sc_hd__clkbuf_4)
                  0.16    0.27    2.74 ^ _42656_/X (sky130_fd_sc_hd__clkbuf_4)
    10    0.05                           _42278_ (net)
                  0.16    0.00    2.74 ^ _42657_/A (sky130_fd_sc_hd__buf_4)
                  0.21    0.29    3.03 ^ _42657_/X (sky130_fd_sc_hd__buf_4)
    10    0.08                           _42289_ (net)
                  0.21    0.00    3.03 ^ _46216_/B (sky130_fd_sc_hd__nand2_1)
                  0.07    0.10    3.13 v _46216_/Y (sky130_fd_sc_hd__nand2_1)
     1    0.00                           _36982_ (net)
                  0.07    0.00    3.13 v _46218_/A (sky130_fd_sc_hd__xnor2_1)
                  0.40    0.39    3.52 ^ _46218_/Y (sky130_fd_sc_hd__xnor2_1)
     2    0.02                           _36984_ (net)
                  0.40    0.00    3.52 ^ _46220_/B (sky130_fd_sc_hd__xor2_2)
                  0.22    0.27    3.79 ^ _46220_/X (sky130_fd_sc_hd__xor2_2)
     2    0.02                           _36986_ (net)
                  0.22    0.00    3.79 ^ _46243_/A (sky130_fd_sc_hd__xor2_2)
                  0.22    0.25    4.04 ^ _46243_/X (sky130_fd_sc_hd__xor2_2)
     3    0.01                           _37009_ (net)
                  0.22    0.00    4.05 ^ _46244_/C (sky130_fd_sc_hd__nand3_2)
                  0.10    0.14    4.19 v _46244_/Y (sky130_fd_sc_hd__nand3_2)
     2    0.01                           _37010_ (net)
                  0.10    0.00    4.19 v _46246_/A2 (sky130_fd_sc_hd__a211o_4)
                  0.07    0.40    4.58 v _46246_/X (sky130_fd_sc_hd__a211o_4)
     5    0.02                           _37012_ (net)
                  0.07    0.00    4.58 v _46297_/A (sky130_fd_sc_hd__and3_1)
                  0.07    0.20    4.78 v _46297_/X (sky130_fd_sc_hd__and3_1)
     2    0.01                           _37063_ (net)
                  0.07    0.00    4.78 v _46299_/A1 (sky130_fd_sc_hd__o211a_1)
                  0.07    0.28    5.06 v _46299_/X (sky130_fd_sc_hd__o211a_1)
     2    0.01                           _37065_ (net)
                  0.07    0.00    5.06 v _46360_/A2 (sky130_fd_sc_hd__o21a_1)
                  0.06    0.21    5.27 v _46360_/X (sky130_fd_sc_hd__o21a_1)
     2    0.01                           _37126_ (net)
                  0.06    0.00    5.27 v _46361_/B1 (sky130_fd_sc_hd__a211oi_2)
                  0.23    0.27    5.54 ^ _46361_/Y (sky130_fd_sc_hd__a211oi_2)
     3    0.01                           _37127_ (net)
                  0.23    0.00    5.54 ^ _46398_/A_N (sky130_fd_sc_hd__and4bb_4)
                  0.09    0.31    5.85 v _46398_/X (sky130_fd_sc_hd__and4bb_4)
     4    0.05                           _37164_ (net)
                  0.09    0.00    5.85 v _46437_/A (sky130_fd_sc_hd__or3_4)
                  0.15    0.54    6.39 v _46437_/X (sky130_fd_sc_hd__or3_4)
     4    0.07                           _37203_ (net)
                  0.15    0.01    6.40 v _46472_/A1 (sky130_fd_sc_hd__a21bo_4)
                  0.05    0.28    6.69 v _46472_/X (sky130_fd_sc_hd__a21bo_4)
     3    0.02                           _37238_ (net)
                  0.05    0.00    6.69 v _46527_/A1 (sky130_fd_sc_hd__a21bo_4)
                  0.06    0.25    6.93 v _46527_/X (sky130_fd_sc_hd__a21bo_4)
     2    0.02                           _37293_ (net)
                  0.06    0.00    6.93 v _46529_/A2 (sky130_fd_sc_hd__a21o_4)
                  0.05    0.25    7.19 v _46529_/X (sky130_fd_sc_hd__a21o_4)
     2    0.02                           _37295_ (net)
                  0.05    0.00    7.19 v _46531_/A2 (sky130_fd_sc_hd__a21bo_4)
                  0.07    0.26    7.45 v _46531_/X (sky130_fd_sc_hd__a21bo_4)
     3    0.03                           _37297_ (net)
                  0.07    0.00    7.45 v _46538_/A1 (sky130_fd_sc_hd__a211o_4)
                  0.09    0.40    7.85 v _46538_/X (sky130_fd_sc_hd__a211o_4)
     5    0.03                           _37304_ (net)
                  0.09    0.00    7.85 v _46554_/A2 (sky130_fd_sc_hd__a32oi_4)
                  0.25    0.31    8.16 ^ _46554_/Y (sky130_fd_sc_hd__a32oi_4)
     1    0.02                           _37320_ (net)
                  0.25    0.00    8.16 ^ wire198/A (sky130_fd_sc_hd__buf_6)
                  0.14    0.23    8.39 ^ wire198/X (sky130_fd_sc_hd__buf_6)
     3    0.07                           net198 (net)
                  0.14    0.01    8.41 ^ _47455_/A2 (sky130_fd_sc_hd__a21oi_4)
                  0.10    0.08    8.49 v _47455_/Y (sky130_fd_sc_hd__a21oi_4)
     3    0.01                           _38221_ (net)
                  0.10    0.00    8.49 v _47456_/C (sky130_fd_sc_hd__or3_4)
                  0.06    0.36    8.85 v _47456_/X (sky130_fd_sc_hd__or3_4)
     1    0.00                           _38222_ (net)
                  0.06    0.00    8.85 v _47458_/A (sky130_fd_sc_hd__and2_4)
                  0.08    0.20    9.04 v _47458_/X (sky130_fd_sc_hd__and2_4)
     1    0.04                           _38224_ (net)
                  0.08    0.01    9.05 v _47459_/A (sky130_fd_sc_hd__buf_8)
                  0.05    0.16    9.21 v _47459_/X (sky130_fd_sc_hd__buf_8)
     5    0.04                           _38225_ (net)
                  0.05    0.00    9.21 v _47631_/A (sky130_fd_sc_hd__and3_1)
                  0.08    0.19    9.41 v _47631_/X (sky130_fd_sc_hd__and3_1)
     4    0.01                           _38397_ (net)
                  0.08    0.00    9.41 v _47673_/C (sky130_fd_sc_hd__or4_4)
                  0.09    0.53    9.94 v _47673_/X (sky130_fd_sc_hd__or4_4)
     3    0.01                           _38439_ (net)
                  0.09    0.00    9.94 v _47898_/A (sky130_fd_sc_hd__and3_1)
                  0.09    0.23   10.17 v _47898_/X (sky130_fd_sc_hd__and3_1)
     3    0.02                           _38664_ (net)
                  0.09    0.00   10.17 v _47902_/A (sky130_fd_sc_hd__or3b_4)
                  0.08    0.45   10.62 v _47902_/X (sky130_fd_sc_hd__or3b_4)
     4    0.01                           _38668_ (net)
                  0.08    0.00   10.62 v _47940_/A1 (sky130_fd_sc_hd__a21o_1)
                  0.05    0.19   10.81 v _47940_/X (sky130_fd_sc_hd__a21o_1)
     2    0.01                           _38706_ (net)
                  0.05    0.00   10.81 v _47944_/B (sky130_fd_sc_hd__and3_1)
                  0.08    0.21   11.02 v _47944_/X (sky130_fd_sc_hd__and3_1)
     3    0.01                           _38710_ (net)
                  0.08    0.00   11.02 v _48021_/A (sky130_fd_sc_hd__or3_4)
                  0.08    0.44   11.46 v _48021_/X (sky130_fd_sc_hd__or3_4)
     3    0.02                           _38787_ (net)
                  0.08    0.00   11.47 v _48134_/A1 (sky130_fd_sc_hd__a21o_1)
                  0.06    0.20   11.67 v _48134_/X (sky130_fd_sc_hd__a21o_1)
     2    0.01                           _38900_ (net)
                  0.06    0.00   11.67 v _48136_/A2 (sky130_fd_sc_hd__a21o_1)
                  0.06    0.22   11.89 v _48136_/X (sky130_fd_sc_hd__a21o_1)
     2    0.01                           _38902_ (net)
                  0.06    0.00   11.89 v _48435_/A2 (sky130_fd_sc_hd__a21o_1)
                  0.06    0.22   12.11 v _48435_/X (sky130_fd_sc_hd__a21o_1)
     2    0.01                           _39201_ (net)
                  0.06    0.00   12.11 v _48443_/A2 (sky130_fd_sc_hd__a21o_1)
                  0.07    0.23   12.33 v _48443_/X (sky130_fd_sc_hd__a21o_1)
     2    0.01                           _39209_ (net)
                  0.07    0.00   12.33 v _48457_/A2 (sky130_fd_sc_hd__a21o_1)
                  0.05    0.21   12.54 v _48457_/X (sky130_fd_sc_hd__a21o_1)
     2    0.01                           _39223_ (net)
                  0.05    0.00   12.55 v _48459_/A2 (sky130_fd_sc_hd__a21o_1)
                  0.04    0.20   12.74 v _48459_/X (sky130_fd_sc_hd__a21o_1)
     2    0.01                           _39225_ (net)
                  0.04    0.00   12.74 v _48470_/A2 (sky130_fd_sc_hd__a21o_1)
                  0.06    0.21   12.95 v _48470_/X (sky130_fd_sc_hd__a21o_1)
     2    0.01                           _39236_ (net)
                  0.06    0.00   12.95 v _48471_/C (sky130_fd_sc_hd__and3_1)
                  0.06    0.21   13.16 v _48471_/X (sky130_fd_sc_hd__and3_1)
     1    0.01                           _39237_ (net)
                  0.06    0.00   13.16 v _48472_/A (sky130_fd_sc_hd__buf_6)
                  0.04    0.15   13.31 v _48472_/X (sky130_fd_sc_hd__buf_6)
     6    0.03                           _39238_ (net)
                  0.04    0.00   13.31 v _48477_/A1 (sky130_fd_sc_hd__o21ai_4)
                  0.14    0.18   13.49 ^ _48477_/Y (sky130_fd_sc_hd__o21ai_4)
     1    0.01                           _39243_ (net)
                  0.14    0.00   13.49 ^ _48478_/B (sky130_fd_sc_hd__nand2_4)
                  0.06    0.09   13.58 v _48478_/Y (sky130_fd_sc_hd__nand2_4)
     4    0.02                           _39244_ (net)
                  0.06    0.00   13.58 v _48739_/B1 (sky130_fd_sc_hd__a2111o_1)
                  0.12    0.48   14.06 v _48739_/X (sky130_fd_sc_hd__a2111o_1)
     3    0.02                           _39505_ (net)
                  0.12    0.00   14.06 v _48775_/A2 (sky130_fd_sc_hd__a21o_1)
                  0.06    0.25   14.31 v _48775_/X (sky130_fd_sc_hd__a21o_1)
     3    0.01                           _39541_ (net)
                  0.06    0.00   14.31 v _48776_/C (sky130_fd_sc_hd__and3_1)
                  0.09    0.25   14.56 v _48776_/X (sky130_fd_sc_hd__and3_1)
     3    0.02                           _39542_ (net)
                  0.09    0.00   14.56 v _48778_/A (sky130_fd_sc_hd__or3b_4)
                  0.11    0.49   15.05 v _48778_/X (sky130_fd_sc_hd__or3b_4)
     3    0.03                           _39544_ (net)
                  0.11    0.00   15.05 v _48785_/A (sky130_fd_sc_hd__and3_1)
                  0.06    0.20   15.26 v _48785_/X (sky130_fd_sc_hd__and3_1)
     2    0.01                           _39551_ (net)
                  0.06    0.00   15.26 v _48787_/A (sky130_fd_sc_hd__nor2b_1)
                  0.12    0.14   15.40 ^ _48787_/Y (sky130_fd_sc_hd__nor2b_1)
     1    0.00                           _39553_ (net)
                  0.12    0.00   15.40 ^ _48788_/B (sky130_fd_sc_hd__xor2_1)
                  0.20    0.23   15.63 ^ _48788_/X (sky130_fd_sc_hd__xor2_1)
     2    0.01                           _39554_ (net)
                  0.20    0.00   15.63 ^ _48789_/B (sky130_fd_sc_hd__xor2_1)
                  0.22    0.26   15.88 ^ _48789_/X (sky130_fd_sc_hd__xor2_1)
     2    0.01                           _39555_ (net)
                  0.22    0.00   15.88 ^ _48790_/B (sky130_fd_sc_hd__xnor2_1)
                  0.22    0.20   16.08 ^ _48790_/Y (sky130_fd_sc_hd__xnor2_1)
     2    0.01                           _39556_ (net)
                  0.22    0.00   16.08 ^ _49177_/A_N (sky130_fd_sc_hd__and2b_1)
                  0.04    0.22   16.30 v _49177_/X (sky130_fd_sc_hd__and2b_1)
     1    0.00                           _39943_ (net)
                  0.04    0.00   16.30 v _49178_/B1 (sky130_fd_sc_hd__a21oi_1)
                  0.19    0.18   16.49 ^ _49178_/Y (sky130_fd_sc_hd__a21oi_1)
     2    0.01                           _39944_ (net)
                  0.19    0.00   16.49 ^ _49179_/B (sky130_fd_sc_hd__or2_1)
                  0.12    0.20   16.69 ^ _49179_/X (sky130_fd_sc_hd__or2_1)
     3    0.01                           _39945_ (net)
                  0.12    0.00   16.69 ^ _49181_/A (sky130_fd_sc_hd__and2_2)
                  0.19    0.29   16.97 ^ _49181_/X (sky130_fd_sc_hd__and2_2)
     4    0.04                           _39947_ (net)
                  0.19    0.00   16.98 ^ _49182_/D (sky130_fd_sc_hd__and4_1)
                  0.12    0.28   17.26 ^ _49182_/X (sky130_fd_sc_hd__and4_1)
     1    0.01                           _39948_ (net)
                  0.12    0.00   17.26 ^ _49188_/A2 (sky130_fd_sc_hd__a211oi_4)
                  0.09    0.11   17.36 v _49188_/Y (sky130_fd_sc_hd__a211oi_4)
     3    0.02                           _39954_ (net)
                  0.09    0.00   17.36 v _52436_/B (sky130_fd_sc_hd__or4_4)
                  0.12    0.61   17.97 v _52436_/X (sky130_fd_sc_hd__or4_4)
     3    0.02                           _01212_ (net)
                  0.12    0.00   17.98 v _52446_/A2 (sky130_fd_sc_hd__o211a_4)
                  0.09    0.33   18.31 v _52446_/X (sky130_fd_sc_hd__o211a_4)
     4    0.05                           _01223_ (net)
                  0.09    0.01   18.31 v _52451_/A (sky130_fd_sc_hd__or4_4)
                  0.11    0.62   18.93 v _52451_/X (sky130_fd_sc_hd__or4_4)
     2    0.02                           _01228_ (net)
                  0.11    0.00   18.93 v _52457_/A2 (sky130_fd_sc_hd__a21oi_4)
                  0.22    0.27   19.20 ^ _52457_/Y (sky130_fd_sc_hd__a21oi_4)
     4    0.03                           _01235_ (net)
                  0.22    0.00   19.20 ^ _52648_/A2 (sky130_fd_sc_hd__a21boi_4)
                  0.08    0.12   19.32 v _52648_/Y (sky130_fd_sc_hd__a21boi_4)
     2    0.02                           _01445_ (net)
                  0.08    0.00   19.32 v _52654_/A2 (sky130_fd_sc_hd__o21ba_4)
                  0.05    0.23   19.56 v _52654_/X (sky130_fd_sc_hd__o21ba_4)
     1    0.01                           _01452_ (net)
                  0.05    0.00   19.56 v _52655_/B (sky130_fd_sc_hd__xor2_4)
                  0.34    0.33   19.88 ^ _52655_/X (sky130_fd_sc_hd__xor2_4)
     3    0.04                           _01453_ (net)
                  0.34    0.01   19.89 ^ _52658_/A (sky130_fd_sc_hd__xor2_2)
                  0.17    0.23   20.11 ^ _52658_/X (sky130_fd_sc_hd__xor2_2)
     3    0.01                           _01456_ (net)
                  0.17    0.00   20.11 ^ _52664_/A (sky130_fd_sc_hd__nand2_1)
                  0.07    0.10   20.21 v _52664_/Y (sky130_fd_sc_hd__nand2_1)
     1    0.01                           _01463_ (net)
                  0.07    0.00   20.21 v _52665_/B1 (sky130_fd_sc_hd__o2bb2a_1)
                  0.10    0.37   20.58 v _52665_/X (sky130_fd_sc_hd__o2bb2a_1)
     3    0.01                           _01464_ (net)
                  0.10    0.00   20.58 v _52692_/A2 (sky130_fd_sc_hd__a2111o_4)
                  0.10    0.58   21.17 v _52692_/X (sky130_fd_sc_hd__a2111o_4)
     5    0.03                           _01493_ (net)
                  0.10    0.00   21.17 v _52704_/A1 (sky130_fd_sc_hd__a211o_4)
                  0.12    0.44   21.61 v _52704_/X (sky130_fd_sc_hd__a211o_4)
     4    0.05                           _01507_ (net)
                  0.12    0.01   21.62 v _52862_/A2 (sky130_fd_sc_hd__a2111oi_4)
                  0.26    0.40   22.02 ^ _52862_/Y (sky130_fd_sc_hd__a2111oi_4)
     1    0.01                           _01679_ (net)
                  0.26    0.00   22.02 ^ wire3/A (sky130_fd_sc_hd__clkbuf_1)
                  0.08    0.16   22.18 ^ wire3/X (sky130_fd_sc_hd__clkbuf_1)
     2    0.01                           net422 (net)
                  0.08    0.00   22.18 ^ max_cap2/A (sky130_fd_sc_hd__clkbuf_1)
                  0.08    0.12   22.30 ^ max_cap2/X (sky130_fd_sc_hd__clkbuf_1)
     1    0.01                           net421 (net)
                  0.08    0.00   22.30 ^ max_cap122/A (sky130_fd_sc_hd__buf_6)
                  0.05    0.12   22.42 ^ max_cap122/X (sky130_fd_sc_hd__buf_6)
     4    0.02                           net122 (net)
                  0.05    0.00   22.42 ^ _52915_/A (sky130_fd_sc_hd__and2_4)
                  0.05    0.15   22.57 ^ _52915_/X (sky130_fd_sc_hd__and2_4)
     2    0.01                           _01738_ (net)
                  0.05    0.00   22.57 ^ _52919_/A1_N (sky130_fd_sc_hd__a2bb2o_4)
                  0.05    0.23   22.80 v _52919_/X (sky130_fd_sc_hd__a2bb2o_4)
     2    0.01                           _01742_ (net)
                  0.05    0.00   22.80 v _52932_/B (sky130_fd_sc_hd__nor4_4)
                  0.52    0.53   23.34 ^ _52932_/Y (sky130_fd_sc_hd__nor4_4)
     2    0.03                           _01756_ (net)
                  0.52    0.00   23.34 ^ wire119/A (sky130_fd_sc_hd__buf_6)
                  0.05    0.20   23.54 ^ wire119/X (sky130_fd_sc_hd__buf_6)
     4    0.02                           net119 (net)
                  0.05    0.00   23.54 ^ rebuffer3/A (sky130_fd_sc_hd__buf_6)
                  0.03    0.10   23.64 ^ rebuffer3/X (sky130_fd_sc_hd__buf_6)
     1    0.01                           net331 (net)
                  0.03    0.00   23.64 ^ _53130_/A1 (sky130_fd_sc_hd__a21oi_4)
                  0.08    0.05   23.69 v _53130_/Y (sky130_fd_sc_hd__a21oi_4)
     2    0.01                           _01973_ (net)
                  0.08    0.00   23.69 v _53131_/B1 (sky130_fd_sc_hd__a21oi_4)
                  0.29    0.28   23.97 ^ _53131_/Y (sky130_fd_sc_hd__a21oi_4)
     4    0.04                           _01974_ (net)
                  0.29    0.00   23.98 ^ rebuffer33/A (sky130_fd_sc_hd__buf_6)
                  0.04    0.16   24.13 ^ rebuffer33/X (sky130_fd_sc_hd__buf_6)
     1    0.01                           net361 (net)
                  0.04    0.00   24.13 ^ _53132_/B (sky130_fd_sc_hd__xor2_2)
                  0.19    0.20   24.34 ^ _53132_/X (sky130_fd_sc_hd__xor2_2)
     4    0.01                           _01975_ (net)
                  0.19    0.00   24.34 ^ rebuffer83/A (sky130_fd_sc_hd__clkbuf_1)
                  0.07    0.14   24.47 ^ rebuffer83/X (sky130_fd_sc_hd__clkbuf_1)
     1    0.01                           net411 (net)
                  0.07    0.00   24.47 ^ _53134_/A2 (sky130_fd_sc_hd__o21ai_2)
                  0.05    0.07   24.54 v _53134_/Y (sky130_fd_sc_hd__o21ai_2)
     2    0.01                           _01978_ (net)
                  0.05    0.00   24.54 v _53138_/A1 (sky130_fd_sc_hd__a21o_1)
                  0.05    0.18   24.72 v _53138_/X (sky130_fd_sc_hd__a21o_1)
     2    0.01                           _01982_ (net)
                  0.05    0.00   24.72 v _53140_/A2 (sky130_fd_sc_hd__a21o_1)
                  0.05    0.21   24.93 v _53140_/X (sky130_fd_sc_hd__a21o_1)
     2    0.01                           _01984_ (net)
                  0.05    0.00   24.93 v _53148_/A2 (sky130_fd_sc_hd__a31o_1)
                  0.06    0.24   25.17 v _53148_/X (sky130_fd_sc_hd__a31o_1)
     2    0.01                           _01993_ (net)
                  0.06    0.00   25.17 v _53150_/A2 (sky130_fd_sc_hd__a21oi_2)
                  0.15    0.19   25.36 ^ _53150_/Y (sky130_fd_sc_hd__a21oi_2)
     2    0.01                           _01995_ (net)
                  0.15    0.00   25.36 ^ _53152_/A2 (sky130_fd_sc_hd__o21ai_2)
                  0.09    0.13   25.49 v _53152_/Y (sky130_fd_sc_hd__o21ai_2)
     3    0.02                           _01997_ (net)
                  0.09    0.00   25.49 v _53159_/B2 (sky130_fd_sc_hd__a221o_1)
                  0.10    0.41   25.90 v _53159_/X (sky130_fd_sc_hd__a221o_1)
     3    0.01                           _02005_ (net)
                  0.10    0.00   25.90 v _53194_/A1 (sky130_fd_sc_hd__a221o_2)
                  0.09    0.44   26.34 v _53194_/X (sky130_fd_sc_hd__a221o_2)
     3    0.02                           _02044_ (net)
                  0.09    0.00   26.34 v _53203_/B2 (sky130_fd_sc_hd__a221o_2)
                  0.08    0.43   26.77 v _53203_/X (sky130_fd_sc_hd__a221o_2)
     3    0.01                           _02054_ (net)
                  0.08    0.00   26.78 v _53242_/A1 (sky130_fd_sc_hd__a41o_4)
                  0.07    0.27   27.04 v _53242_/X (sky130_fd_sc_hd__a41o_4)
     4    0.03                           _02096_ (net)
                  0.07    0.00   27.04 v _53249_/B2 (sky130_fd_sc_hd__a221o_1)
                  0.10    0.40   27.44 v _53249_/X (sky130_fd_sc_hd__a221o_1)
     2    0.01                           _02104_ (net)
                  0.10    0.00   27.44 v _53333_/A (sky130_fd_sc_hd__xnor2_2)
                  0.10    0.21   27.65 v _53333_/Y (sky130_fd_sc_hd__xnor2_2)
     4    0.02                           _02197_ (net)
                  0.10    0.00   27.65 v _53337_/B1 (sky130_fd_sc_hd__a2111o_1)
                  0.06    0.42   28.07 v _53337_/X (sky130_fd_sc_hd__a2111o_1)
     1    0.00                           _02201_ (net)
                  0.06    0.00   28.07 v _53338_/B1 (sky130_fd_sc_hd__a41o_1)
                  0.04    0.21   28.28 v _53338_/X (sky130_fd_sc_hd__a41o_1)
     1    0.00                           _02202_ (net)
                  0.04    0.00   28.28 v _53339_/B (sky130_fd_sc_hd__nor2_1)
                  0.11    0.11   28.40 ^ _53339_/Y (sky130_fd_sc_hd__nor2_1)
     1    0.01                           _02203_ (net)
                  0.11    0.00   28.40 ^ _53340_/D (sky130_fd_sc_hd__and4_1)
                  0.08    0.23   28.63 ^ _53340_/X (sky130_fd_sc_hd__and4_1)
     1    0.01                           _02204_ (net)
                  0.08    0.00   28.63 ^ _53341_/A (sky130_fd_sc_hd__nand2_2)
                  0.09    0.09   28.72 v _53341_/Y (sky130_fd_sc_hd__nand2_2)
     3    0.02                           _02205_ (net)
                  0.09    0.00   28.72 v _53342_/A (sky130_fd_sc_hd__buf_6)
                  0.06    0.18   28.90 v _53342_/X (sky130_fd_sc_hd__buf_6)
     6    0.05                           _02206_ (net)
                  0.06    0.00   28.90 v split49/A (sky130_fd_sc_hd__buf_8)
                  0.05    0.16   29.06 v split49/X (sky130_fd_sc_hd__buf_8)
     5    0.05                           net377 (net)
                  0.05    0.00   29.06 v _53521_/B (sky130_fd_sc_hd__and3_1)
                  0.07    0.20   29.27 v _53521_/X (sky130_fd_sc_hd__and3_1)
     3    0.01                           _02376_ (net)
                  0.07    0.00   29.27 v _53528_/A2 (sky130_fd_sc_hd__o21ai_1)
                  0.14    0.16   29.43 ^ _53528_/Y (sky130_fd_sc_hd__o21ai_1)
     1    0.01                           _02383_ (net)
                  0.14    0.00   29.43 ^ _53529_/B1 (sky130_fd_sc_hd__a21o_1)
                  0.06    0.12   29.55 ^ _53529_/X (sky130_fd_sc_hd__a21o_1)
     1    0.01                           _02384_ (net)
                  0.06    0.00   29.55 ^ _53530_/A (sky130_fd_sc_hd__nand2_1)
                  0.05    0.06   29.60 v _53530_/Y (sky130_fd_sc_hd__nand2_1)
     1    0.00                           _02385_ (net)
                  0.05    0.00   29.60 v _53531_/A0 (sky130_fd_sc_hd__mux2_4)
                  0.05    0.28   29.88 v _53531_/X (sky130_fd_sc_hd__mux2_4)
     1    0.00                           _02386_ (net)
                  0.05    0.00   29.88 v _53532_/A (sky130_fd_sc_hd__clkbuf_1)
                  0.04    0.10   29.99 v _53532_/X (sky130_fd_sc_hd__clkbuf_1)
     1    0.00                           _00030_ (net)
                  0.04    0.00   29.99 v _85193_/D (sky130_fd_sc_hd__dfrtp_4)
                                 29.99   data arrival time

                         10.00   10.00   clock clk (rise edge)
                          0.00   10.00   clock source latency
                  0.79    0.53   10.53 ^ clk (in)
     2    0.18                           clk (net)
                  0.79    0.00   10.53 ^ clkbuf_0_clk/A (sky130_fd_sc_hd__clkbuf_16)
                  0.18    0.37   10.89 ^ clkbuf_0_clk/X (sky130_fd_sc_hd__clkbuf_16)
     8    0.16                           clknet_0_clk (net)
                  0.18    0.01   10.90 ^ clkbuf_2_2_0_clk/A (sky130_fd_sc_hd__clkbuf_8)
                  0.09    0.20   11.10 ^ clkbuf_2_2_0_clk/X (sky130_fd_sc_hd__clkbuf_8)
     2    0.05                           clknet_2_2_0_clk (net)
                  0.09    0.00   11.10 ^ clkbuf_3_4__f_clk/A (sky130_fd_sc_hd__clkbuf_16)
                  0.16    0.23   11.33 ^ clkbuf_3_4__f_clk/X (sky130_fd_sc_hd__clkbuf_16)
    11    0.15                           clknet_3_4__leaf_clk (net)
                  0.16    0.01   11.33 ^ _85193_/CLK (sky130_fd_sc_hd__dfrtp_4)
                         -0.25   11.08   clock uncertainty
                          0.09   11.18   clock reconvergence pessimism
                         -0.08   11.10   library setup time
                                 11.10   data required time
-----------------------------------------------------------------------------
                                 11.10   data required time
                                -29.99   data arrival time
-----------------------------------------------------------------------------
                                -18.89   slack (VIOLATED)




===========================================================================
 report_check_types -max_slew -max_cap -max_fanout -violators
============================================================================
======================= Typical Corner ===================================

max slew

Pin                                    Limit    Slew   Slack
------------------------------------------------------------
clkbuf_0_clk/A                          0.75    0.79   -0.04 (VIOLATED)
ANTENNA_84/DIODE                        0.75    0.79   -0.04 (VIOLATED)
clk                                     0.75    0.79   -0.04 (VIOLATED)

max fanout

Pin                                   Limit Fanout  Slack
---------------------------------------------------------
input45/X                                10     39    -29 (VIOLATED)
input47/X                                10     29    -19 (VIOLATED)
_42912_/X                                10     26    -16 (VIOLATED)
_43077_/X                                10     20    -10 (VIOLATED)
input54/X                                10     19     -9 (VIOLATED)
_43415_/X                                10     18     -8 (VIOLATED)
_43479_/X                                10     17     -7 (VIOLATED)
clkbuf_3_1__f_clk/X                      10     17     -7 (VIOLATED)
input63/X                                10     17     -7 (VIOLATED)
_42979_/X                                10     15     -5 (VIOLATED)
_53359_/X                                10     15     -5 (VIOLATED)
_42698_/X                                10     14     -4 (VIOLATED)
_42848_/X                                10     14     -4 (VIOLATED)
_43112_/X                                10     14     -4 (VIOLATED)
_43576_/X                                10     14     -4 (VIOLATED)
clkbuf_3_0__f_clk/X                      10     14     -4 (VIOLATED)
clkbuf_3_3__f_clk/X                      10     14     -4 (VIOLATED)
input59/X                                10     14     -4 (VIOLATED)
_53451_/X                                10     13     -3 (VIOLATED)
_74236_/X                                10     13     -3 (VIOLATED)
clkbuf_leaf_25_clk/X                     10     13     -3 (VIOLATED)
_42604_/X                                10     12     -2 (VIOLATED)
_42785_/X                                10     12     -2 (VIOLATED)
_64584_/X                                10     12     -2 (VIOLATED)
clkbuf_3_7__f_clk/X                      10     12     -2 (VIOLATED)
_42572_/X                                10     11        (VIOLATED)
_42845_/X                                10     11        (VIOLATED)
_42874_/X                                10     11        (VIOLATED)
_42882_/X                                10     11        (VIOLATED)
_42985_/X                                10     11        (VIOLATED)
_43150_/X                                10     11        (VIOLATED)
_43924_/X                                10     11        (VIOLATED)
_74697_/X                                10     11        (VIOLATED)
_74703_/X                                10     11        (VIOLATED)
_74862_/X                                10     11        (VIOLATED)
_74865_/X                                10     11        (VIOLATED)
_76417_/X                                10     11        (VIOLATED)
clkbuf_3_2__f_clk/X                      10     11        (VIOLATED)
clkbuf_3_4__f_clk/X                      10     11        (VIOLATED)
input17/X                                10     11        (VIOLATED)
input41/X                                10     11        (VIOLATED)



===========================================================================
report_parasitic_annotation -report_unannotated
============================================================================
Found 0 unannotated drivers.
Found 0 partially unannotated drivers.

===========================================================================
max slew violation count 3
max fanout violation count 41
max cap violation count 0
============================================================================

===========================================================================
check_setup -verbose -unconstrained_endpoints -multiple_clock -no_clock -no_input_delay -loops -generated_clocks
===========================================================================
