Partial/Required:  4.47, Required:    400.0, Partial:  1789.08, Net: net94, Pin: output94/A, Layer: met2
Partial/Required:  4.22, Required:    400.0, Partial:  1688.26, Net: net13, Pin: _53484_/A, Layer: met1
Partial/Required:  3.69, Required:    400.0, Partial:  1475.33, Net: stage8_inst.stage4_upper.stage2_pair1.butterfly_inst.mul_inst.b\[14\], Pin: _79272_/A, Layer: met1
Partial/Required:  3.68, Required:    400.0, Partial:  1473.06, Net: net67, Pin: _84907_/A1, Layer: met2
Partial/Required:  3.68, Required:    400.0, Partial:  1473.06, Net: net67, Pin: _85112_/A0, Layer: met2
Partial/Required:  3.68, Required:    400.0, Partial:  1473.06, Net: net67, Pin: _85044_/A1, Layer: met2
Partial/Required:  3.12, Required:    400.0, Partial:  1248.04, Net: net106, Pin: output106/A, Layer: met1
Partial/Required:  2.83, Required:    400.0, Partial:  1133.44, Net: net35, Pin: _53351_/C, Layer: met1
Partial/Required:  2.48, Required:    400.0, Partial:   991.77, Net: net92, Pin: output92/A, Layer: met1
Partial/Required:  2.39, Required:    400.0, Partial:   957.22, Net: _02747_, Pin: _42911_/A1, Layer: met3
Partial/Required:  2.34, Required:    400.0, Partial:    937.0, Net: _00382_, Pin: _85545_/D, Layer: met1
Partial/Required:  2.29, Required:    400.0, Partial:   917.61, Net: net24, Pin: _53550_/A, Layer: met1
Partial/Required:  2.27, Required:    400.0, Partial:   907.33, Net: _01453_, Pin: _52661_/A, Layer: met1
Partial/Required:  2.22, Required:    400.0, Partial:   888.19, Net: net31, Pin: _53407_/A, Layer: met1
Partial/Required:  2.16, Required:    400.0, Partial:   865.18, Net: _00463_, Pin: _53665_/A1, Layer: met1
Partial/Required:  2.13, Required:    400.0, Partial:    851.3, Net: _04260_, Pin: _43043_/B2, Layer: met2
Partial/Required:  2.13, Required:    400.0, Partial:    851.3, Net: _04260_, Pin: _74426_/A1, Layer: met2
Partial/Required:  2.05, Required:    400.0, Partial:   821.64, Net: _05477_, Pin: _43161_/A1, Layer: met2
Partial/Required:  1.94, Required:    400.0, Partial:   777.22, Net: _05034_, Pin: _55980_/A, Layer: met1
Partial/Required:  1.88, Required:    400.0, Partial:   750.51, Net: _02259_, Pin: _63814_/B1, Layer: met2
Partial/Required:  1.72, Required:    400.0, Partial:   688.89, Net: _30804_, Pin: _79541_/B, Layer: met1
Partial/Required:  1.72, Required:    400.0, Partial:   686.33, Net: _37972_, Pin: _52320_/A, Layer: met1
Partial/Required:  1.62, Required:    400.0, Partial:   648.89, Net: _31381_, Pin: _81858_/A, Layer: met1
Partial/Required:  1.55, Required:    400.0, Partial:   619.31, Net: _02400_, Pin: _84864_/B1, Layer: met2
Partial/Required:  1.54, Required:    400.0, Partial:   614.03, Net: stage8_inst.in3\[11\], Pin: _42920_/A, Layer: met1
Partial/Required:  1.53, Required:    400.0, Partial:   612.74, Net: stage8_inst.in1\[20\], Pin: _43231_/A, Layer: met1
Partial/Required:  1.53, Required:    400.0, Partial:    611.0, Net: stage8_inst.in7\[9\], Pin: _42849_/A, Layer: met1
Partial/Required:  1.50, Required:    400.0, Partial:   598.41, Net: net31, Pin: _53407_/A, Layer: met2
Partial/Required:  1.48, Required:    400.0, Partial:   592.38, Net: net48, Pin: _84893_/A1, Layer: met3
Partial/Required:  1.48, Required:    400.0, Partial:   590.33, Net: _07244_, Pin: _74537_/A1, Layer: met1
Partial/Required:  1.47, Required:    400.0, Partial:   586.03, Net: net100, Pin: output100/A, Layer: met1
Partial/Required:  1.46, Required:    400.0, Partial:   585.11, Net: _33737_, Pin: _83073_/B, Layer: met1
Partial/Required:  1.44, Required:    400.0, Partial:   574.56, Net: _41927_, Pin: _53640_/A1, Layer: met1
Partial/Required:  1.41, Required:    400.0, Partial:   564.11, Net: net299, Pin: _85290_/RESET_B, Layer: met1
Partial/Required:  1.40, Required:    400.0, Partial:   560.18, Net: stage8_inst.in1\[29\], Pin: _43527_/A, Layer: met1
Partial/Required:  1.40, Required:    400.0, Partial:   558.67, Net: _17355_, Pin: _67275_/B, Layer: met1
Partial/Required:  1.37, Required:    400.0, Partial:   548.67, Net: _05730_, Pin: _74482_/A1, Layer: met1
Partial/Required:  1.36, Required:    400.0, Partial:   542.22, Net: _02174_, Pin: _66078_/A, Layer: met1
Partial/Required:  1.34, Required:    400.0, Partial:   535.89, Net: _23800_, Pin: _73115_/B_N, Layer: met1
Partial/Required:  1.34, Required:    400.0, Partial:   535.89, Net: _23800_, Pin: _73231_/A, Layer: met1
Partial/Required:  1.30, Required:    400.0, Partial:   519.67, Net: _16596_, Pin: _66717_/B1, Layer: met1
Partial/Required:  1.29, Required:    400.0, Partial:    518.0, Net: _09141_, Pin: _43494_/A1, Layer: met2
Partial/Required:  1.28, Required:    400.0, Partial:    513.5, Net: _20402_, Pin: _70026_/B, Layer: met1
Partial/Required:  1.28, Required:    400.0, Partial:   513.33, Net: _37725_, Pin: _46960_/B, Layer: met1
Partial/Required:  1.27, Required:    400.0, Partial:   507.33, Net: _14431_, Pin: _65512_/B, Layer: met1
Partial/Required:  1.23, Required:    400.0, Partial:   492.89, Net: _21754_, Pin: _72375_/A, Layer: met1
Partial/Required:  1.20, Required:    400.0, Partial:   481.24, Net: _36679_, Pin: _84976_/A, Layer: met2
Partial/Required:  1.19, Required:    400.0, Partial:   475.94, Net: _23718_, Pin: _73092_/B, Layer: met1
Partial/Required:  1.19, Required:    400.0, Partial:   475.94, Net: _23718_, Pin: _73041_/B, Layer: met1
Partial/Required:  1.18, Required:    400.0, Partial:   473.44, Net: _04698_, Pin: _76653_/A, Layer: met1
Partial/Required:  1.18, Required:    400.0, Partial:   472.33, Net: _01774_, Pin: _53051_/A_N, Layer: met1
Partial/Required:  1.16, Required:    400.0, Partial:   465.62, Net: stage8_inst.in6\[4\], Pin: _42711_/B2, Layer: met2
Partial/Required:  1.16, Required:    400.0, Partial:   464.33, Net: _14698_, Pin: _85078_/A0, Layer: met1
Partial/Required:  1.16, Required:    400.0, Partial:   463.44, Net: stage8_inst.in1\[31\], Pin: _44310_/A, Layer: met1
Partial/Required:  1.16, Required:    400.0, Partial:   462.11, Net: _00250_, Pin: _85413_/D, Layer: met1
Partial/Required:  1.11, Required:    400.0, Partial:    446.0, Net: _00244_, Pin: _85407_/D, Layer: met1
Partial/Required:  1.09, Required:    400.0, Partial:   436.29, Net: _20424_, Pin: _70133_/A, Layer: met1
Partial/Required:  1.06, Required:    400.0, Partial:   425.54, Net: _02335_, Pin: _74492_/A1, Layer: met2
Partial/Required:  1.06, Required:    400.0, Partial:   425.46, Net: net282, Pin: fanout280/A, Layer: met1
Partial/Required:  1.05, Required:    400.0, Partial:   421.41, Net: _02319_, Pin: _53461_/B1, Layer: met1
Partial/Required:  1.04, Required:    400.0, Partial:   415.86, Net: clknet_3_1__leaf_clk, Pin: _85485_/CLK, Layer: met1
Partial/Required:  1.02, Required:    400.0, Partial:   409.33, Net: _06222_, Pin: _57069_/B, Layer: met1
Partial/Required:  1.01, Required:    400.0, Partial:   405.44, Net: _38737_, Pin: _47986_/B_N, Layer: met1
Partial/Required:  1.01, Required:    400.0, Partial:   404.18, Net: _04622_, Pin: _74439_/A1, Layer: met3
Partial/Required:  1.01, Required:    400.0, Partial:   404.18, Net: _04622_, Pin: _65124_/A, Layer: met3
Partial/Required:  1.01, Required:    400.0, Partial:   404.18, Net: _04622_, Pin: _65130_/A, Layer: met3
Partial/Required:  1.01, Required:    400.0, Partial:   404.18, Net: _04622_, Pin: _65131_/A1, Layer: met3
Partial/Required:  1.01, Required:    400.0, Partial:   404.18, Net: _04622_, Pin: _65262_/A1, Layer: met3
Partial/Required:  1.01, Required:    400.0, Partial:   404.06, Net: stage8_inst.in3\[24\], Pin: _43357_/A, Layer: met1
Partial/Required:  1.00, Required:    400.0, Partial:   400.11, Net: _19048_, Pin: _68877_/A2_N, Layer: met1
