
===========================================================================
 report_power
============================================================================
======================= Fastest Corner ===================================

Group                  Internal  Switching    Leakage      Total
                          Power      Power      Power      Power (Watts)
----------------------------------------------------------------
Sequential             3.53e-02   1.23e-02   2.87e-07   4.76e-02   5.0%
Combinational          3.08e-01   6.05e-01   8.61e-07   9.12e-01  95.0%
Macro                  0.00e+00   0.00e+00   0.00e+00   0.00e+00   0.0%
Pad                    0.00e+00   0.00e+00   0.00e+00   0.00e+00   0.0%
----------------------------------------------------------------
Total                  3.43e-01   6.17e-01   1.15e-06   9.60e-01 100.0%
                          35.7%      64.3%       0.0%

======================= Slowest Corner ===================================

Group                  Internal  Switching    Leakage      Total
                          Power      Power      Power      Power (Watts)
----------------------------------------------------------------
Sequential             2.37e-02   8.25e-03   6.31e-05   3.20e-02   4.8%
Combinational          2.27e-01   4.06e-01   2.60e-04   6.33e-01  95.2%
Macro                  0.00e+00   0.00e+00   0.00e+00   0.00e+00   0.0%
Pad                    0.00e+00   0.00e+00   0.00e+00   0.00e+00   0.0%
----------------------------------------------------------------
Total                  2.51e-01   4.14e-01   3.23e-04   6.65e-01 100.0%
                          37.7%      62.3%       0.0%

======================= Typical Corner ===================================

Group                  Internal  Switching    Leakage      Total
                          Power      Power      Power      Power (Watts)
----------------------------------------------------------------
Sequential             3.04e-02   1.05e-02   2.58e-07   4.08e-02   4.9%
Combinational          2.84e-01   5.14e-01   4.90e-07   7.98e-01  95.1%
Macro                  0.00e+00   0.00e+00   0.00e+00   0.00e+00   0.0%
Pad                    0.00e+00   0.00e+00   0.00e+00   0.00e+00   0.0%
----------------------------------------------------------------
Total                  3.14e-01   5.24e-01   7.47e-07   8.39e-01 100.0%
                          37.5%      62.5%       0.0%

