
===========================================================================
report_checks -unconstrained
===========================================================================
======================= Typical Corner ===================================

Startpoint: _100758_ (rising edge-triggered flip-flop clocked by clk)
Endpoint: _100908_ (rising edge-triggered flip-flop clocked by clk)
Path Group: clk
Path Type: max

Fanout     Cap    Slew   Delay    Time   Description
-----------------------------------------------------------------------------
                          0.00    0.00   clock clk (rise edge)
                          0.00    0.00   clock source latency
                  0.00    0.00    0.00 ^ clk (in)
     2    0.28                           clk (net)
                  0.07    0.03    0.03 ^ clkbuf_0_clk/A (sky130_fd_sc_hd__clkbuf_16)
                  0.15    0.22    0.25 ^ clkbuf_0_clk/X (sky130_fd_sc_hd__clkbuf_16)
     3    0.14                           clknet_0_clk (net)
                  0.15    0.01    0.26 ^ clkbuf_1_1_0_clk/A (sky130_fd_sc_hd__clkbuf_8)
                  0.19    0.27    0.52 ^ clkbuf_1_1_0_clk/X (sky130_fd_sc_hd__clkbuf_8)
     4    0.11                           clknet_1_1_0_clk (net)
                  0.19    0.01    0.53 ^ clkbuf_2_3_0_clk/A (sky130_fd_sc_hd__clkbuf_8)
                  0.12    0.24    0.77 ^ clkbuf_2_3_0_clk/X (sky130_fd_sc_hd__clkbuf_8)
     2    0.07                           clknet_2_3_0_clk (net)
                  0.12    0.00    0.77 ^ clkbuf_3_7_0_clk/A (sky130_fd_sc_hd__clkbuf_8)
                  0.15    0.23    1.01 ^ clkbuf_3_7_0_clk/X (sky130_fd_sc_hd__clkbuf_8)
     2    0.08                           clknet_3_7_0_clk (net)
                  0.15    0.00    1.01 ^ clkbuf_4_14_0_clk/A (sky130_fd_sc_hd__clkbuf_8)
                  0.18    0.26    1.27 ^ clkbuf_4_14_0_clk/X (sky130_fd_sc_hd__clkbuf_8)
     4    0.10                           clknet_4_14_0_clk (net)
                  0.18    0.00    1.28 ^ clkbuf_6_58_0_clk/A (sky130_fd_sc_hd__clkbuf_8)
                  0.41    0.43    1.71 ^ clkbuf_6_58_0_clk/X (sky130_fd_sc_hd__clkbuf_8)
    20    0.24                           clknet_6_58_0_clk (net)
                  0.41    0.01    1.72 ^ clkbuf_leaf_169_clk/A (sky130_fd_sc_hd__clkbuf_16)
                  0.08    0.25    1.97 ^ clkbuf_leaf_169_clk/X (sky130_fd_sc_hd__clkbuf_16)
    18    0.05                           clknet_leaf_169_clk (net)
                  0.08    0.00    1.97 ^ _100758_/CLK (sky130_fd_sc_hd__dfxtp_2)
                  0.25    0.48    2.45 ^ _100758_/Q (sky130_fd_sc_hd__dfxtp_2)
     1    0.05                           u_bf_l1a.u_mm.b_lo[10] (net)
                  0.25    0.00    2.45 ^ _070248_/A (sky130_fd_sc_hd__buf_6)
                  0.21    0.27    2.72 ^ _070248_/X (sky130_fd_sc_hd__buf_6)
     9    0.11                           _015446_ (net)
                  0.21    0.00    2.73 ^ _070252_/A (sky130_fd_sc_hd__buf_6)
                  0.30    0.32    3.04 ^ _070252_/X (sky130_fd_sc_hd__buf_6)
    10    0.15                           _015450_ (net)
                  0.30    0.01    3.06 ^ _071425_/B (sky130_fd_sc_hd__nand2_1)
                  0.12    0.17    3.22 v _071425_/Y (sky130_fd_sc_hd__nand2_1)
     3    0.01                           _016613_ (net)
                  0.12    0.00    3.22 v _071436_/A1 (sky130_fd_sc_hd__a21oi_2)
                  0.39    0.37    3.60 ^ _071436_/Y (sky130_fd_sc_hd__a21oi_2)
     3    0.03                           _016624_ (net)
                  0.39    0.00    3.60 ^ _071437_/B1 (sky130_fd_sc_hd__o21ai_1)
                  0.14    0.18    3.78 v _071437_/Y (sky130_fd_sc_hd__o21ai_1)
     2    0.01                           _016625_ (net)
                  0.14    0.00    3.78 v _071444_/A2 (sky130_fd_sc_hd__a21o_1)
                  0.09    0.27    4.05 v _071444_/X (sky130_fd_sc_hd__a21o_1)
     3    0.02                           _016632_ (net)
                  0.09    0.00    4.05 v _071582_/A3 (sky130_fd_sc_hd__a31o_4)
                  0.10    0.32    4.37 v _071582_/X (sky130_fd_sc_hd__a31o_4)
     7    0.05                           _016769_ (net)
                  0.10    0.01    4.38 v _071584_/C (sky130_fd_sc_hd__and3_2)
                  0.09    0.29    4.67 v _071584_/X (sky130_fd_sc_hd__and3_2)
     4    0.03                           _016771_ (net)
                  0.09    0.00    4.67 v _071653_/B2 (sky130_fd_sc_hd__o2bb2ai_4)
                  0.33    0.30    4.97 ^ _071653_/Y (sky130_fd_sc_hd__o2bb2ai_4)
     5    0.05                           _016840_ (net)
                  0.33    0.00    4.98 ^ _071654_/B1 (sky130_fd_sc_hd__o21ai_4)
                  0.10    0.13    5.10 v _071654_/Y (sky130_fd_sc_hd__o21ai_4)
     3    0.02                           _016841_ (net)
                  0.10    0.00    5.11 v _071691_/A2 (sky130_fd_sc_hd__o22ai_4)
                  0.44    0.38    5.49 ^ _071691_/Y (sky130_fd_sc_hd__o22ai_4)
     1    0.06                           _016877_ (net)
                  0.44    0.01    5.50 ^ _071825_/A (sky130_fd_sc_hd__nand3_4)
                  0.24    0.28    5.78 v _071825_/Y (sky130_fd_sc_hd__nand3_4)
     3    0.06                           _017011_ (net)
                  0.24    0.00    5.78 v _071833_/B1 (sky130_fd_sc_hd__o211a_1)
                  0.09    0.26    6.04 v _071833_/X (sky130_fd_sc_hd__o211a_1)
     2    0.01                           _017019_ (net)
                  0.09    0.00    6.04 v _071838_/B1 (sky130_fd_sc_hd__a211o_2)
                  0.10    0.39    6.42 v _071838_/X (sky130_fd_sc_hd__a211o_2)
     4    0.02                           _017024_ (net)
                  0.10    0.00    6.42 v _071839_/B (sky130_fd_sc_hd__and2_2)
                  0.09    0.27    6.70 v _071839_/X (sky130_fd_sc_hd__and2_2)
     2    0.03                           _017025_ (net)
                  0.09    0.00    6.70 v _072131_/A1 (sky130_fd_sc_hd__a31oi_4)
                  0.33    0.30    7.00 ^ _072131_/Y (sky130_fd_sc_hd__a31oi_4)
     2    0.04                           _017315_ (net)
                  0.33    0.00    7.00 ^ _072132_/B1_N (sky130_fd_sc_hd__a21boi_2)
                  0.15    0.27    7.27 ^ _072132_/Y (sky130_fd_sc_hd__a21boi_2)
     1    0.01                           _017316_ (net)
                  0.15    0.00    7.27 ^ _072133_/B1 (sky130_fd_sc_hd__o21ai_4)
                  0.25    0.23    7.50 v _072133_/Y (sky130_fd_sc_hd__o21ai_4)
     4    0.10                           _017317_ (net)
                  0.25    0.01    7.51 v _073162_/A1 (sky130_fd_sc_hd__a21oi_4)
                  0.77    0.68    8.19 ^ _073162_/Y (sky130_fd_sc_hd__a21oi_4)
     5    0.11                           _018338_ (net)
                  0.77    0.03    8.22 ^ _073594_/A2 (sky130_fd_sc_hd__o21bai_4)
                  0.17    0.19    8.42 v _073594_/Y (sky130_fd_sc_hd__o21bai_4)
     3    0.03                           _018766_ (net)
                  0.17    0.00    8.42 v _073881_/A1 (sky130_fd_sc_hd__a21oi_4)
                  0.25    0.28    8.70 ^ _073881_/Y (sky130_fd_sc_hd__a21oi_4)
     3    0.03                           _019049_ (net)
                  0.25    0.00    8.70 ^ _074036_/A2 (sky130_fd_sc_hd__o21bai_4)
                  0.09    0.12    8.83 v _074036_/Y (sky130_fd_sc_hd__o21bai_4)
     3    0.03                           _019200_ (net)
                  0.09    0.00    8.83 v _074117_/B1 (sky130_fd_sc_hd__a22oi_4)
                  0.20    0.19    9.02 ^ _074117_/Y (sky130_fd_sc_hd__a22oi_4)
     3    0.02                           _019279_ (net)
                  0.20    0.00    9.02 ^ _074166_/B1 (sky130_fd_sc_hd__o22ai_1)
                  0.09    0.14    9.15 v _074166_/Y (sky130_fd_sc_hd__o22ai_1)
     1    0.01                           _019326_ (net)
                  0.09    0.00    9.15 v _074167_/B (sky130_fd_sc_hd__xnor2_1)
                  0.05    0.14    9.29 v _074167_/Y (sky130_fd_sc_hd__xnor2_1)
     1    0.00                           _000764_ (net)
                  0.05    0.00    9.29 v _100908_/D (sky130_fd_sc_hd__dfxtp_2)
                                  9.29   data arrival time

                         10.00   10.00   clock clk (rise edge)
                          0.00   10.00   clock source latency
                  0.00    0.00   10.00 ^ clk (in)
     2    0.28                           clk (net)
                  0.07    0.03   10.03 ^ clkbuf_0_clk/A (sky130_fd_sc_hd__clkbuf_16)
                  0.15    0.22   10.25 ^ clkbuf_0_clk/X (sky130_fd_sc_hd__clkbuf_16)
     3    0.14                           clknet_0_clk (net)
                  0.15    0.01   10.26 ^ clkbuf_1_1_0_clk/A (sky130_fd_sc_hd__clkbuf_8)
                  0.19    0.27   10.52 ^ clkbuf_1_1_0_clk/X (sky130_fd_sc_hd__clkbuf_8)
     4    0.11                           clknet_1_1_0_clk (net)
                  0.19    0.01   10.53 ^ clkbuf_2_3_0_clk/A (sky130_fd_sc_hd__clkbuf_8)
                  0.12    0.24   10.77 ^ clkbuf_2_3_0_clk/X (sky130_fd_sc_hd__clkbuf_8)
     2    0.07                           clknet_2_3_0_clk (net)
                  0.12    0.00   10.77 ^ clkbuf_3_7_0_clk/A (sky130_fd_sc_hd__clkbuf_8)
                  0.15    0.23   11.01 ^ clkbuf_3_7_0_clk/X (sky130_fd_sc_hd__clkbuf_8)
     2    0.08                           clknet_3_7_0_clk (net)
                  0.15    0.00   11.01 ^ clkbuf_4_15_0_clk/A (sky130_fd_sc_hd__clkbuf_8)
                  0.19    0.27   11.28 ^ clkbuf_4_15_0_clk/X (sky130_fd_sc_hd__clkbuf_8)
     6    0.11                           clknet_4_15_0_clk (net)
                  0.19    0.00   11.28 ^ clkbuf_6_61_0_clk/A (sky130_fd_sc_hd__clkbuf_8)
                  0.18    0.27   11.56 ^ clkbuf_6_61_0_clk/X (sky130_fd_sc_hd__clkbuf_8)
     5    0.10                           clknet_6_61_0_clk (net)
                  0.18    0.00   11.56 ^ clkbuf_leaf_209_clk/A (sky130_fd_sc_hd__clkbuf_16)
                  0.05    0.17   11.74 ^ clkbuf_leaf_209_clk/X (sky130_fd_sc_hd__clkbuf_16)
     7    0.02                           clknet_leaf_209_clk (net)
                  0.05    0.00   11.74 ^ _100908_/CLK (sky130_fd_sc_hd__dfxtp_2)
                         -0.25   11.49   clock uncertainty
                          0.00   11.49   clock reconvergence pessimism
                         -0.12   11.37   library setup time
                                 11.37   data required time
-----------------------------------------------------------------------------
                                 11.37   data required time
                                 -9.29   data arrival time
-----------------------------------------------------------------------------
                                  2.08   slack (MET)




===========================================================================
report_checks --slack_max -0.01
============================================================================
======================= Typical Corner ===================================

No paths found.


===========================================================================
 report_check_types -max_slew -max_cap -max_fanout -violators
============================================================================
======================= Typical Corner ===================================

max slew

Pin                                    Limit    Slew   Slack
------------------------------------------------------------
_050453_/A1                             1.50    1.60   -0.10 (VIOLATED)
_099507_/A1                             1.50    1.60   -0.10 (VIOLATED)
ANTENNA_2203/DIODE                      1.50    1.54   -0.04 (VIOLATED)
ANTENNA_2204/DIODE                      1.50    1.54   -0.04 (VIOLATED)
ANTENNA_2202/DIODE                      1.50    1.54   -0.04 (VIOLATED)
ANTENNA_2199/DIODE                      1.50    1.54   -0.04 (VIOLATED)
ANTENNA_2197/DIODE                      1.50    1.54   -0.04 (VIOLATED)
ANTENNA_2196/DIODE                      1.50    1.54   -0.04 (VIOLATED)
ANTENNA_2205/DIODE                      1.50    1.54   -0.04 (VIOLATED)
ANTENNA_2201/DIODE                      1.50    1.54   -0.04 (VIOLATED)
ANTENNA_2200/DIODE                      1.50    1.54   -0.04 (VIOLATED)
ANTENNA_2198/DIODE                      1.50    1.54   -0.04 (VIOLATED)
ANTENNA_2194/DIODE                      1.50    1.54   -0.04 (VIOLATED)
ANTENNA_2193/DIODE                      1.50    1.54   -0.04 (VIOLATED)
ANTENNA_2195/DIODE                      1.50    1.54   -0.04 (VIOLATED)
ANTENNA_2192/DIODE                      1.50    1.54   -0.04 (VIOLATED)
ANTENNA_2190/DIODE                      1.50    1.54   -0.04 (VIOLATED)
ANTENNA_2188/DIODE                      1.50    1.54   -0.04 (VIOLATED)
ANTENNA_2186/DIODE                      1.50    1.54   -0.04 (VIOLATED)
ANTENNA_2184/DIODE                      1.50    1.54   -0.04 (VIOLATED)
wire245/A                               1.50    1.54   -0.04 (VIOLATED)
ANTENNA_2185/DIODE                      1.50    1.54   -0.04 (VIOLATED)
ANTENNA_2187/DIODE                      1.50    1.54   -0.04 (VIOLATED)
ANTENNA_2189/DIODE                      1.50    1.54   -0.04 (VIOLATED)
ANTENNA_2191/DIODE                      1.50    1.54   -0.04 (VIOLATED)
wire237/A                               1.50    1.53   -0.03 (VIOLATED)
ANTENNA_2172/DIODE                      1.50    1.53   -0.03 (VIOLATED)
_052990_/Y                              1.50    1.53   -0.02 (VIOLATED)
_098323_/A1                             1.50    1.51   -0.01 (VIOLATED)
_098964_/A1                             1.50    1.50   -0.00 (VIOLATED)

max capacitance

Pin                                    Limit     Cap   Slack
------------------------------------------------------------
_052990_/Y                              0.14    0.15   -0.01 (VIOLATED)



===========================================================================
report_parasitic_annotation -report_unannotated
============================================================================
Found 30 unannotated drivers.
 g_banks\[0\].u_ram.u_macro_1528/HI
 g_banks\[0\].u_ram.u_macro_1534/LO
 g_banks\[0\].u_ram.u_macro_1535/LO
 g_banks\[0\].u_ram.u_macro_1536/LO
 g_banks\[0\].u_ram.u_macro_1537/LO
 g_banks\[1\].u_ram.u_macro_1529/HI
 g_banks\[1\].u_ram.u_macro_1538/LO
 g_banks\[1\].u_ram.u_macro_1539/LO
 g_banks\[1\].u_ram.u_macro_1540/LO
 g_banks\[1\].u_ram.u_macro_1541/LO
 g_banks\[2\].u_ram.u_macro_1530/HI
 g_banks\[2\].u_ram.u_macro_1542/LO
 g_banks\[2\].u_ram.u_macro_1543/LO
 g_banks\[2\].u_ram.u_macro_1544/LO
 g_banks\[2\].u_ram.u_macro_1545/LO
 g_banks\[3\].u_ram.u_macro_1531/HI
 g_banks\[3\].u_ram.u_macro_1546/LO
 g_banks\[3\].u_ram.u_macro_1547/LO
 g_banks\[3\].u_ram.u_macro_1548/LO
 g_banks\[3\].u_ram.u_macro_1549/LO
 u_zstore.g_zrams\[0\].u_ram.u_macro_1532/HI
 u_zstore.g_zrams\[0\].u_ram.u_macro_1550/LO
 u_zstore.g_zrams\[0\].u_ram.u_macro_1551/LO
 u_zstore.g_zrams\[0\].u_ram.u_macro_1552/LO
 u_zstore.g_zrams\[0\].u_ram.u_macro_1553/LO
 u_zstore.g_zrams\[1\].u_ram.u_macro_1533/HI
 u_zstore.g_zrams\[1\].u_ram.u_macro_1554/LO
 u_zstore.g_zrams\[1\].u_ram.u_macro_1555/LO
 u_zstore.g_zrams\[1\].u_ram.u_macro_1556/LO
 u_zstore.g_zrams\[1\].u_ram.u_macro_1557/LO
Found 280 partially unannotated drivers.
 _049996_/X
  g_banks\[3\].u_ram.u_macro/din0[31]
 _050152_/X
  g_banks\[3\].u_ram.u_macro/din0[30]
 _050315_/X
  g_banks\[3\].u_ram.u_macro/din0[29]
 _050454_/X
  g_banks\[3\].u_ram.u_macro/din0[28]
 _050574_/X
  g_banks\[3\].u_ram.u_macro/din0[27]
 _050699_/X
  g_banks\[3\].u_ram.u_macro/din0[26]
 _050835_/X
  g_banks\[3\].u_ram.u_macro/din0[25]
 _050968_/X
  g_banks\[3\].u_ram.u_macro/din0[24]
 _051119_/X
  g_banks\[3\].u_ram.u_macro/din0[23]
 _051226_/X
  g_banks\[3\].u_ram.u_macro/din0[22]
 _051462_/X
  g_banks\[3\].u_ram.u_macro/din0[20]
 _051583_/X
  g_banks\[3\].u_ram.u_macro/din0[19]
 _051684_/X
  g_banks\[3\].u_ram.u_macro/din0[18]
 _052265_/X
  g_banks\[3\].u_ram.u_macro/din0[13]
 _052458_/X
  g_banks\[3\].u_ram.u_macro/din0[11]
 _052622_/X
  g_banks\[3\].u_ram.u_macro/din0[8]
 _052690_/X
  g_banks\[3\].u_ram.u_macro/din0[5]
 _052711_/X
  g_banks\[3\].u_ram.u_macro/din0[4]
 _098272_/X
  g_banks\[0\].u_ram.u_macro/din0[31]
 _098291_/X
  g_banks\[0\].u_ram.u_macro/din0[30]
 _098309_/X
  g_banks\[0\].u_ram.u_macro/din0[29]
 _098324_/X
  g_banks\[0\].u_ram.u_macro/din0[28]
 _098341_/X
  g_banks\[0\].u_ram.u_macro/din0[27]
 _098357_/X
  g_banks\[0\].u_ram.u_macro/din0[26]
 _098372_/X
  g_banks\[0\].u_ram.u_macro/din0[25]
 _098389_/X
  g_banks\[0\].u_ram.u_macro/din0[24]
 _098404_/X
  g_banks\[0\].u_ram.u_macro/din0[23]
 _098420_/X
  g_banks\[0\].u_ram.u_macro/din0[22]
 _098471_/X
  g_banks\[0\].u_ram.u_macro/din0[19]
 _098567_/X
  g_banks\[0\].u_ram.u_macro/din0[13]
 _098602_/X
  g_banks\[0\].u_ram.u_macro/din0[11]
 _098927_/X
  g_banks\[1\].u_ram.u_macro/din0[31]
 _098939_/X
  g_banks\[1\].u_ram.u_macro/din0[30]
 _098953_/X
  g_banks\[1\].u_ram.u_macro/din0[29]
 _098965_/X
  g_banks\[1\].u_ram.u_macro/din0[28]
 _098977_/X
  g_banks\[1\].u_ram.u_macro/din0[27]
 _098990_/X
  g_banks\[1\].u_ram.u_macro/din0[26]
 _099003_/X
  g_banks\[1\].u_ram.u_macro/din0[25]
 _099017_/X
  g_banks\[1\].u_ram.u_macro/din0[24]
 _099031_/X
  g_banks\[1\].u_ram.u_macro/din0[23]
 _099047_/X
  g_banks\[1\].u_ram.u_macro/din0[22]
 _099091_/X
  g_banks\[1\].u_ram.u_macro/din0[19]
 _099166_/X
  g_banks\[1\].u_ram.u_macro/din0[13]
 _099192_/X
  g_banks\[1\].u_ram.u_macro/din0[11]
 _099467_/X
  g_banks\[2\].u_ram.u_macro/din0[31]
 _099481_/X
  g_banks\[2\].u_ram.u_macro/din0[30]
 _099494_/X
  g_banks\[2\].u_ram.u_macro/din0[29]
 _099508_/X
  g_banks\[2\].u_ram.u_macro/din0[28]
 _099520_/X
  g_banks\[2\].u_ram.u_macro/din0[27]
 _099532_/X
  g_banks\[2\].u_ram.u_macro/din0[26]
 _099544_/X
  g_banks\[2\].u_ram.u_macro/din0[25]
 _099556_/X
  g_banks\[2\].u_ram.u_macro/din0[24]
 _099568_/X
  g_banks\[2\].u_ram.u_macro/din0[23]
 _099580_/X
  g_banks\[2\].u_ram.u_macro/din0[22]
 _099623_/X
  g_banks\[2\].u_ram.u_macro/din0[19]
 _099702_/X
  g_banks\[2\].u_ram.u_macro/din0[13]
 _099727_/X
  g_banks\[2\].u_ram.u_macro/din0[11]
 g_banks\[0\].u_ram.u_macro_1534/HI
  g_banks\[0\].u_ram.u_macro/wmask0[3]
 g_banks\[0\].u_ram.u_macro_1535/HI
  g_banks\[0\].u_ram.u_macro/wmask0[2]
 g_banks\[0\].u_ram.u_macro_1536/HI
  g_banks\[0\].u_ram.u_macro/wmask0[1]
 g_banks\[0\].u_ram.u_macro_1537/HI
  g_banks\[0\].u_ram.u_macro/wmask0[0]
 g_banks\[1\].u_ram.u_macro_1538/HI
  g_banks\[1\].u_ram.u_macro/wmask0[3]
 g_banks\[1\].u_ram.u_macro_1539/HI
  g_banks\[1\].u_ram.u_macro/wmask0[2]
 g_banks\[1\].u_ram.u_macro_1540/HI
  g_banks\[1\].u_ram.u_macro/wmask0[1]
 g_banks\[1\].u_ram.u_macro_1541/HI
  g_banks\[1\].u_ram.u_macro/wmask0[0]
 g_banks\[2\].u_ram.u_macro_1542/HI
  g_banks\[2\].u_ram.u_macro/wmask0[3]
 g_banks\[2\].u_ram.u_macro_1543/HI
  g_banks\[2\].u_ram.u_macro/wmask0[2]
 g_banks\[2\].u_ram.u_macro_1544/HI
  g_banks\[2\].u_ram.u_macro/wmask0[1]
 g_banks\[2\].u_ram.u_macro_1545/HI
  g_banks\[2\].u_ram.u_macro/wmask0[0]
 g_banks\[3\].u_ram.u_macro_1546/HI
  g_banks\[3\].u_ram.u_macro/wmask0[3]
 g_banks\[3\].u_ram.u_macro_1547/HI
  g_banks\[3\].u_ram.u_macro/wmask0[2]
 g_banks\[3\].u_ram.u_macro_1548/HI
  g_banks\[3\].u_ram.u_macro/wmask0[1]
 g_banks\[3\].u_ram.u_macro_1549/HI
  g_banks\[3\].u_ram.u_macro/wmask0[0]
 input100/X
  u_zstore.g_zrams\[0\].u_ram.u_macro/din0[0]
  u_zstore.g_zrams\[1\].u_ram.u_macro/din0[0]
 input101/X
  u_zstore.g_zrams\[0\].u_ram.u_macro/din0[28]
  u_zstore.g_zrams\[1\].u_ram.u_macro/din0[28]
 input102/X
  u_zstore.g_zrams\[0\].u_ram.u_macro/din0[27]
  u_zstore.g_zrams\[1\].u_ram.u_macro/din0[27]
 input103/X
  u_zstore.g_zrams\[0\].u_ram.u_macro/din0[26]
  u_zstore.g_zrams\[1\].u_ram.u_macro/din0[26]
 input104/X
  u_zstore.g_zrams\[0\].u_ram.u_macro/din0[25]
  u_zstore.g_zrams\[1\].u_ram.u_macro/din0[25]
 input105/X
  u_zstore.g_zrams\[0\].u_ram.u_macro/din0[24]
  u_zstore.g_zrams\[1\].u_ram.u_macro/din0[24]
 input106/X
  u_zstore.g_zrams\[0\].u_ram.u_macro/din0[23]
  u_zstore.g_zrams\[1\].u_ram.u_macro/din0[23]
 input107/X
  u_zstore.g_zrams\[0\].u_ram.u_macro/din0[22]
  u_zstore.g_zrams\[1\].u_ram.u_macro/din0[22]
 input76/X
  u_zstore.g_zrams\[0\].u_ram.u_macro/din0[31]
  u_zstore.g_zrams\[1\].u_ram.u_macro/din0[31]
 input77/X
  u_zstore.g_zrams\[0\].u_ram.u_macro/din0[21]
  u_zstore.g_zrams\[1\].u_ram.u_macro/din0[21]
 input78/X
  u_zstore.g_zrams\[0\].u_ram.u_macro/din0[20]
  u_zstore.g_zrams\[1\].u_ram.u_macro/din0[20]
 input79/X
  u_zstore.g_zrams\[0\].u_ram.u_macro/din0[19]
  u_zstore.g_zrams\[1\].u_ram.u_macro/din0[19]
 input80/X
  u_zstore.g_zrams\[0\].u_ram.u_macro/din0[18]
  u_zstore.g_zrams\[1\].u_ram.u_macro/din0[18]
 input81/X
  u_zstore.g_zrams\[0\].u_ram.u_macro/din0[17]
  u_zstore.g_zrams\[1\].u_ram.u_macro/din0[17]
 input82/X
  u_zstore.g_zrams\[0\].u_ram.u_macro/din0[16]
  u_zstore.g_zrams\[1\].u_ram.u_macro/din0[16]
 input83/X
  u_zstore.g_zrams\[0\].u_ram.u_macro/din0[15]
  u_zstore.g_zrams\[1\].u_ram.u_macro/din0[15]
 input84/X
  u_zstore.g_zrams\[0\].u_ram.u_macro/din0[14]
  u_zstore.g_zrams\[1\].u_ram.u_macro/din0[14]
 input85/X
  u_zstore.g_zrams\[0\].u_ram.u_macro/din0[13]
  u_zstore.g_zrams\[1\].u_ram.u_macro/din0[13]
 input86/X
  u_zstore.g_zrams\[0\].u_ram.u_macro/din0[12]
  u_zstore.g_zrams\[1\].u_ram.u_macro/din0[12]
 input87/X
  u_zstore.g_zrams\[0\].u_ram.u_macro/din0[30]
  u_zstore.g_zrams\[1\].u_ram.u_macro/din0[30]
 input88/X
  u_zstore.g_zrams\[0\].u_ram.u_macro/din0[11]
  u_zstore.g_zrams\[1\].u_ram.u_macro/din0[11]
 input89/X
  u_zstore.g_zrams\[0\].u_ram.u_macro/din0[10]
  u_zstore.g_zrams\[1\].u_ram.u_macro/din0[10]
 input90/X
  u_zstore.g_zrams\[0\].u_ram.u_macro/din0[9]
  u_zstore.g_zrams\[1\].u_ram.u_macro/din0[9]
 input91/X
  u_zstore.g_zrams\[0\].u_ram.u_macro/din0[8]
  u_zstore.g_zrams\[1\].u_ram.u_macro/din0[8]
 input92/X
  u_zstore.g_zrams\[0\].u_ram.u_macro/din0[7]
  u_zstore.g_zrams\[1\].u_ram.u_macro/din0[7]
 input93/X
  u_zstore.g_zrams\[0\].u_ram.u_macro/din0[6]
  u_zstore.g_zrams\[1\].u_ram.u_macro/din0[6]
 input94/X
  u_zstore.g_zrams\[0\].u_ram.u_macro/din0[5]
  u_zstore.g_zrams\[1\].u_ram.u_macro/din0[5]
 input95/X
  u_zstore.g_zrams\[0\].u_ram.u_macro/din0[4]
  u_zstore.g_zrams\[1\].u_ram.u_macro/din0[4]
 input96/X
  u_zstore.g_zrams\[0\].u_ram.u_macro/din0[3]
  u_zstore.g_zrams\[1\].u_ram.u_macro/din0[3]
 input97/X
  u_zstore.g_zrams\[0\].u_ram.u_macro/din0[2]
  u_zstore.g_zrams\[1\].u_ram.u_macro/din0[2]
 input98/X
  u_zstore.g_zrams\[0\].u_ram.u_macro/din0[29]
  u_zstore.g_zrams\[1\].u_ram.u_macro/din0[29]
 input99/X
  u_zstore.g_zrams\[0\].u_ram.u_macro/din0[1]
  u_zstore.g_zrams\[1\].u_ram.u_macro/din0[1]
 u_zstore.g_zrams\[0\].u_ram.u_macro_1550/HI
  u_zstore.g_zrams\[0\].u_ram.u_macro/wmask0[3]
 u_zstore.g_zrams\[0\].u_ram.u_macro_1551/HI
  u_zstore.g_zrams\[0\].u_ram.u_macro/wmask0[2]
 u_zstore.g_zrams\[0\].u_ram.u_macro_1552/HI
  u_zstore.g_zrams\[0\].u_ram.u_macro/wmask0[1]
 u_zstore.g_zrams\[0\].u_ram.u_macro_1553/HI
  u_zstore.g_zrams\[0\].u_ram.u_macro/wmask0[0]
 u_zstore.g_zrams\[1\].u_ram.u_macro_1554/HI
  u_zstore.g_zrams\[1\].u_ram.u_macro/wmask0[3]
 u_zstore.g_zrams\[1\].u_ram.u_macro_1555/HI
  u_zstore.g_zrams\[1\].u_ram.u_macro/wmask0[2]
 u_zstore.g_zrams\[1\].u_ram.u_macro_1556/HI
  u_zstore.g_zrams\[1\].u_ram.u_macro/wmask0[1]
 u_zstore.g_zrams\[1\].u_ram.u_macro_1557/HI
  u_zstore.g_zrams\[1\].u_ram.u_macro/wmask0[0]
 wire1/X
  g_banks\[1\].u_ram.u_macro/addr1[6]
 wire10/X
  g_banks\[1\].u_ram.u_macro/addr1[2]
 wire11/X
  g_banks\[3\].u_ram.u_macro/addr1[2]
 wire12/X
  g_banks\[1\].u_ram.u_macro/addr1[7]
 wire13/X
  g_banks\[1\].u_ram.u_macro/addr1[5]
 wire14/X
  g_banks\[1\].u_ram.u_macro/addr1[3]
 wire144/X
  g_banks\[1\].u_ram.u_macro/din0[10]
 wire145/X
  g_banks\[0\].u_ram.u_macro/din0[10]
 wire146/X
  g_banks\[0\].u_ram.u_macro/din0[12]
 wire147/X
  g_banks\[2\].u_ram.u_macro/din0[0]
 wire148/X
  g_banks\[2\].u_ram.u_macro/din0[1]
 wire149/X
  g_banks\[2\].u_ram.u_macro/din0[2]
 wire15/X
  g_banks\[2\].u_ram.u_macro/addr1[7]
 wire150/X
  g_banks\[2\].u_ram.u_macro/din0[3]
 wire151/X
  g_banks\[2\].u_ram.u_macro/din0[4]
 wire152/X
  g_banks\[2\].u_ram.u_macro/din0[5]
 wire153/X
  g_banks\[2\].u_ram.u_macro/din0[6]
 wire154/X
  g_banks\[2\].u_ram.u_macro/din0[7]
 wire155/X
  g_banks\[2\].u_ram.u_macro/din0[8]
 wire156/X
  g_banks\[2\].u_ram.u_macro/din0[10]
 wire157/X
  g_banks\[2\].u_ram.u_macro/din0[12]
 wire158/X
  g_banks\[1\].u_ram.u_macro/din0[0]
 wire159/X
  g_banks\[1\].u_ram.u_macro/din0[1]
 wire16/X
  g_banks\[2\].u_ram.u_macro/addr1[3]
 wire160/X
  g_banks\[1\].u_ram.u_macro/din0[2]
 wire161/X
  g_banks\[1\].u_ram.u_macro/din0[3]
 wire162/X
  g_banks\[1\].u_ram.u_macro/din0[4]
 wire163/X
  g_banks\[1\].u_ram.u_macro/din0[5]
 wire164/X
  g_banks\[1\].u_ram.u_macro/din0[6]
 wire165/X
  g_banks\[1\].u_ram.u_macro/din0[7]
 wire166/X
  g_banks\[1\].u_ram.u_macro/din0[8]
 wire167/X
  g_banks\[1\].u_ram.u_macro/din0[12]
 wire168/X
  g_banks\[0\].u_ram.u_macro/din0[0]
 wire169/X
  g_banks\[0\].u_ram.u_macro/din0[1]
 wire17/X
  g_banks\[3\].u_ram.u_macro/addr1[7]
 wire170/X
  g_banks\[0\].u_ram.u_macro/din0[2]
 wire171/X
  g_banks\[0\].u_ram.u_macro/din0[3]
 wire172/X
  g_banks\[0\].u_ram.u_macro/din0[4]
 wire173/X
  g_banks\[0\].u_ram.u_macro/din0[5]
 wire174/X
  g_banks\[0\].u_ram.u_macro/din0[6]
 wire175/X
  g_banks\[0\].u_ram.u_macro/din0[7]
 wire176/X
  g_banks\[0\].u_ram.u_macro/din0[8]
 wire177/X
  g_banks\[3\].u_ram.u_macro/din0[0]
 wire178/X
  g_banks\[3\].u_ram.u_macro/din0[1]
 wire179/X
  g_banks\[3\].u_ram.u_macro/din0[2]
 wire18/X
  g_banks\[3\].u_ram.u_macro/addr1[5]
 wire180/X
  g_banks\[3\].u_ram.u_macro/din0[3]
 wire181/X
  g_banks\[3\].u_ram.u_macro/din0[6]
 wire182/X
  g_banks\[3\].u_ram.u_macro/din0[7]
 wire183/X
  g_banks\[3\].u_ram.u_macro/din0[10]
 wire184/X
  g_banks\[3\].u_ram.u_macro/din0[12]
 wire185/X
  g_banks\[2\].u_ram.u_macro/din0[9]
 wire186/X
  g_banks\[2\].u_ram.u_macro/din0[14]
 wire187/X
  g_banks\[1\].u_ram.u_macro/din0[9]
 wire188/X
  g_banks\[1\].u_ram.u_macro/din0[14]
 wire189/X
  g_banks\[0\].u_ram.u_macro/din0[9]
 wire19/X
  g_banks\[3\].u_ram.u_macro/addr1[3]
 wire190/X
  g_banks\[0\].u_ram.u_macro/din0[14]
 wire191/X
  g_banks\[3\].u_ram.u_macro/din0[9]
 wire192/X
  g_banks\[3\].u_ram.u_macro/din0[14]
 wire193/X
  g_banks\[2\].u_ram.u_macro/din0[16]
 wire194/X
  g_banks\[1\].u_ram.u_macro/din0[15]
 wire195/X
  g_banks\[1\].u_ram.u_macro/din0[16]
 wire196/X
  g_banks\[0\].u_ram.u_macro/din0[16]
 wire197/X
  g_banks\[2\].u_ram.u_macro/din0[15]
 wire198/X
  g_banks\[2\].u_ram.u_macro/din0[17]
 wire199/X
  g_banks\[2\].u_ram.u_macro/din0[18]
 wire2/X
  g_banks\[0\].u_ram.u_macro/addr1[6]
 wire20/X
  g_banks\[0\].u_ram.u_macro/addr1[7]
 wire200/X
  g_banks\[2\].u_ram.u_macro/din0[20]
 wire201/X
  g_banks\[2\].u_ram.u_macro/din0[21]
 wire202/X
  g_banks\[1\].u_ram.u_macro/din0[18]
 wire203/X
  g_banks\[1\].u_ram.u_macro/din0[20]
 wire204/X
  g_banks\[0\].u_ram.u_macro/din0[15]
 wire205/X
  g_banks\[0\].u_ram.u_macro/din0[17]
 wire206/X
  g_banks\[0\].u_ram.u_macro/din0[18]
 wire207/X
  g_banks\[0\].u_ram.u_macro/din0[20]
 wire208/X
  g_banks\[0\].u_ram.u_macro/din0[21]
 wire209/X
  g_banks\[3\].u_ram.u_macro/din0[15]
 wire21/X
  g_banks\[0\].u_ram.u_macro/addr1[5]
 wire210/X
  g_banks\[3\].u_ram.u_macro/din0[16]
 wire211/X
  g_banks\[3\].u_ram.u_macro/din0[17]
 wire212/X
  g_banks\[1\].u_ram.u_macro/din0[17]
 wire213/X
  g_banks\[1\].u_ram.u_macro/din0[21]
 wire214/X
  g_banks\[3\].u_ram.u_macro/din0[21]
 wire22/X
  g_banks\[0\].u_ram.u_macro/addr1[3]
 wire224/X
  g_banks\[2\].u_ram.u_macro/addr1[2]
 wire23/X
  g_banks\[2\].u_ram.u_macro/addr1[5]
 wire24/X
  g_banks\[1\].u_ram.u_macro/addr0[7]
 wire25/X
  g_banks\[1\].u_ram.u_macro/addr0[6]
 wire26/X
  g_banks\[1\].u_ram.u_macro/addr0[5]
 wire27/X
  g_banks\[1\].u_ram.u_macro/addr0[4]
 wire274/X
  g_banks\[2\].u_ram.u_macro/addr1[1]
 wire279/X
  u_zstore.g_zrams\[1\].u_ram.u_macro/addr1[4]
 wire28/X
  g_banks\[1\].u_ram.u_macro/addr0[3]
 wire281/X
  u_zstore.g_zrams\[1\].u_ram.u_macro/addr1[5]
 wire29/X
  g_banks\[1\].u_ram.u_macro/addr0[2]
 wire3/X
  g_banks\[3\].u_ram.u_macro/addr1[6]
 wire30/X
  g_banks\[2\].u_ram.u_macro/addr0[7]
 wire305/X
  u_zstore.g_zrams\[1\].u_ram.u_macro/addr1[6]
 wire31/X
  g_banks\[2\].u_ram.u_macro/addr0[6]
 wire32/X
  g_banks\[2\].u_ram.u_macro/addr0[5]
 wire33/X
  g_banks\[2\].u_ram.u_macro/addr0[4]
 wire34/X
  g_banks\[2\].u_ram.u_macro/addr0[3]
 wire35/X
  g_banks\[2\].u_ram.u_macro/addr0[2]
 wire36/X
  g_banks\[3\].u_ram.u_macro/addr0[7]
 wire37/X
  g_banks\[3\].u_ram.u_macro/addr0[6]
 wire38/X
  g_banks\[3\].u_ram.u_macro/addr0[5]
 wire39/X
  g_banks\[3\].u_ram.u_macro/addr0[4]
 wire4/X
  g_banks\[3\].u_ram.u_macro/addr1[4]
 wire40/X
  g_banks\[3\].u_ram.u_macro/addr0[3]
 wire41/X
  g_banks\[3\].u_ram.u_macro/addr0[2]
 wire42/X
  u_zstore.g_zrams\[1\].u_ram.u_macro/addr1[7]
 wire43/X
  u_zstore.g_zrams\[0\].u_ram.u_macro/addr1[7]
 wire44/X
  u_zstore.g_zrams\[0\].u_ram.u_macro/addr1[2]
 wire45/X
  u_zstore.g_zrams\[1\].u_ram.u_macro/addr1[1]
 wire46/X
  u_zstore.g_zrams\[0\].u_ram.u_macro/addr1[1]
 wire47/X
  u_zstore.g_zrams\[0\].u_ram.u_macro/addr1[4]
 wire48/X
  g_banks\[0\].u_ram.u_macro/addr0[7]
 wire49/X
  g_banks\[0\].u_ram.u_macro/addr0[6]
 wire5/X
  g_banks\[2\].u_ram.u_macro/addr1[6]
 wire50/X
  g_banks\[0\].u_ram.u_macro/addr0[5]
 wire51/X
  g_banks\[0\].u_ram.u_macro/addr0[4]
 wire52/X
  g_banks\[0\].u_ram.u_macro/addr0[3]
 wire53/X
  g_banks\[0\].u_ram.u_macro/addr0[2]
 wire54/X
  g_banks\[0\].u_ram.u_macro/addr1[0]
 wire55/X
  u_zstore.g_zrams\[0\].u_ram.u_macro/addr1[5]
 wire56/X
  u_zstore.g_zrams\[0\].u_ram.u_macro/addr1[6]
 wire57/X
  u_zstore.g_zrams\[1\].u_ram.u_macro/addr1[3]
 wire58/X
  u_zstore.g_zrams\[0\].u_ram.u_macro/addr1[3]
 wire59/X
  u_zstore.g_zrams\[1\].u_ram.u_macro/addr1[2]
 wire6/X
  g_banks\[2\].u_ram.u_macro/addr1[4]
 wire60/X
  g_banks\[3\].u_ram.u_macro/addr1[1]
 wire61/X
  g_banks\[3\].u_ram.u_macro/addr1[0]
 wire62/X
  g_banks\[0\].u_ram.u_macro/addr1[1]
 wire63/X
  g_banks\[1\].u_ram.u_macro/addr1[1]
 wire64/X
  g_banks\[1\].u_ram.u_macro/addr1[0]
 wire65/X
  g_banks\[2\].u_ram.u_macro/addr1[0]
 wire66/X
  g_banks\[1\].u_ram.u_macro/addr0[1]
 wire67/X
  g_banks\[1\].u_ram.u_macro/addr0[0]
 wire68/X
  g_banks\[2\].u_ram.u_macro/addr0[1]
 wire69/X
  g_banks\[2\].u_ram.u_macro/addr0[0]
 wire7/X
  g_banks\[0\].u_ram.u_macro/addr1[4]
 wire70/X
  g_banks\[3\].u_ram.u_macro/addr0[1]
 wire71/X
  g_banks\[3\].u_ram.u_macro/addr0[0]
 wire72/X
  u_zstore.g_zrams\[1\].u_ram.u_macro/addr0[0]
 wire73/X
  g_banks\[0\].u_ram.u_macro/addr0[1]
 wire74/X
  g_banks\[0\].u_ram.u_macro/addr0[0]
 wire75/X
  u_zstore.g_zrams\[0\].u_ram.u_macro/addr0[0]
 wire76/X
  u_zstore.g_zrams\[1\].u_ram.u_macro/addr1[0]
 wire77/X
  u_zstore.g_zrams\[1\].u_ram.u_macro/addr0[7]
 wire78/X
  u_zstore.g_zrams\[1\].u_ram.u_macro/addr0[6]
 wire79/X
  u_zstore.g_zrams\[1\].u_ram.u_macro/addr0[5]
 wire8/X
  g_banks\[0\].u_ram.u_macro/addr1[2]
 wire80/X
  u_zstore.g_zrams\[1\].u_ram.u_macro/addr0[4]
 wire81/X
  u_zstore.g_zrams\[1\].u_ram.u_macro/addr0[3]
 wire82/X
  u_zstore.g_zrams\[1\].u_ram.u_macro/addr0[2]
 wire83/X
  u_zstore.g_zrams\[1\].u_ram.u_macro/addr0[1]
 wire84/X
  u_zstore.g_zrams\[0\].u_ram.u_macro/addr1[0]
 wire85/X
  u_zstore.g_zrams\[0\].u_ram.u_macro/addr0[7]
 wire86/X
  u_zstore.g_zrams\[0\].u_ram.u_macro/addr0[6]
 wire87/X
  u_zstore.g_zrams\[0\].u_ram.u_macro/addr0[5]
 wire88/X
  u_zstore.g_zrams\[0\].u_ram.u_macro/addr0[4]
 wire89/X
  u_zstore.g_zrams\[0\].u_ram.u_macro/addr0[3]
 wire9/X
  g_banks\[1\].u_ram.u_macro/addr1[4]
 wire90/X
  u_zstore.g_zrams\[0\].u_ram.u_macro/addr0[2]
 wire91/X
  u_zstore.g_zrams\[0\].u_ram.u_macro/addr0[1]

===========================================================================
max slew violation count 30
max fanout violation count 0
max cap violation count 1
============================================================================

===========================================================================
check_setup -verbose -unconstrained_endpoints -multiple_clock -no_clock -no_input_delay -loops -generated_clocks
===========================================================================
