
68. Printing statistics.

=== ntt_core_8 ===

   Number of wires:              14313
   Number of wire bits:          14411
   Number of public wires:        2256
   Number of public wire bits:    2354
   Number of memories:               0
   Number of memory bits:            0
   Number of processes:              0
   Number of cells:              14334
     sky130_fd_sc_hd__a2111o_2       8
     sky130_fd_sc_hd__a2111oi_2      7
     sky130_fd_sc_hd__a211o_2      268
     sky130_fd_sc_hd__a211oi_2      23
     sky130_fd_sc_hd__a21bo_2       47
     sky130_fd_sc_hd__a21boi_2      31
     sky130_fd_sc_hd__a21o_2       463
     sky130_fd_sc_hd__a21oi_2      634
     sky130_fd_sc_hd__a221o_2       85
     sky130_fd_sc_hd__a221oi_2      12
     sky130_fd_sc_hd__a22o_2       288
     sky130_fd_sc_hd__a22oi_2       68
     sky130_fd_sc_hd__a2bb2o_2     143
     sky130_fd_sc_hd__a2bb2oi_2     36
     sky130_fd_sc_hd__a311o_2       60
     sky130_fd_sc_hd__a311oi_2      12
     sky130_fd_sc_hd__a31o_2       171
     sky130_fd_sc_hd__a31oi_2       63
     sky130_fd_sc_hd__a32o_2       391
     sky130_fd_sc_hd__a32oi_2        5
     sky130_fd_sc_hd__a41o_2        17
     sky130_fd_sc_hd__a41oi_2        7
     sky130_fd_sc_hd__and2_2       242
     sky130_fd_sc_hd__and2b_2      110
     sky130_fd_sc_hd__and3_2       430
     sky130_fd_sc_hd__and3b_2       20
     sky130_fd_sc_hd__and4_2        96
     sky130_fd_sc_hd__and4b_2       57
     sky130_fd_sc_hd__and4bb_2      12
     sky130_fd_sc_hd__buf_1       1968
     sky130_fd_sc_hd__dfrtp_2     2241
     sky130_fd_sc_hd__dfstp_2        4
     sky130_fd_sc_hd__inv_2        112
     sky130_fd_sc_hd__mux2_2      1495
     sky130_fd_sc_hd__nand2_2      564
     sky130_fd_sc_hd__nand2b_2      41
     sky130_fd_sc_hd__nand3_2      123
     sky130_fd_sc_hd__nand3b_2      17
     sky130_fd_sc_hd__nand4_2       59
     sky130_fd_sc_hd__nand4b_2      12
     sky130_fd_sc_hd__nor2_2       499
     sky130_fd_sc_hd__nor2b_2       57
     sky130_fd_sc_hd__nor3_2        33
     sky130_fd_sc_hd__nor3b_2        6
     sky130_fd_sc_hd__nor4_2        57
     sky130_fd_sc_hd__nor4b_2        3
     sky130_fd_sc_hd__o2111a_2      66
     sky130_fd_sc_hd__o2111ai_2     29
     sky130_fd_sc_hd__o211a_2      328
     sky130_fd_sc_hd__o211ai_2      83
     sky130_fd_sc_hd__o21a_2       299
     sky130_fd_sc_hd__o21ai_2      496
     sky130_fd_sc_hd__o21ba_2       61
     sky130_fd_sc_hd__o21bai_2      90
     sky130_fd_sc_hd__o221a_2       79
     sky130_fd_sc_hd__o221ai_2      35
     sky130_fd_sc_hd__o22a_2        78
     sky130_fd_sc_hd__o22ai_2       79
     sky130_fd_sc_hd__o2bb2a_2      26
     sky130_fd_sc_hd__o2bb2ai_2     35
     sky130_fd_sc_hd__o311a_2      129
     sky130_fd_sc_hd__o311ai_2       6
     sky130_fd_sc_hd__o31a_2        55
     sky130_fd_sc_hd__o31ai_2       27
     sky130_fd_sc_hd__o32a_2        13
     sky130_fd_sc_hd__o32ai_2       14
     sky130_fd_sc_hd__o41a_2         7
     sky130_fd_sc_hd__o41ai_2        7
     sky130_fd_sc_hd__or2_2        371
     sky130_fd_sc_hd__or2b_2        99
     sky130_fd_sc_hd__or3_2        149
     sky130_fd_sc_hd__or3b_2        43
     sky130_fd_sc_hd__or4_2        156
     sky130_fd_sc_hd__or4b_2        39
     sky130_fd_sc_hd__or4bb_2       10
     sky130_fd_sc_hd__xnor2_2      119
     sky130_fd_sc_hd__xor2_2       209

   Chip area for module '\ntt_core_8': 164247.526400

