Clock: wb_clk
Sources: wb_clk_i 
Generated: no
Virtual: yes
Propagated: no
Period: 25.000000

===========================================================================
report_clock_properties
============================================================================
Clock                   Period          Waveform
----------------------------------------------------
wb_clk               25.000000    0.000000 12.500000

===========================================================================
report_clock_latency
============================================================================
Clock wb_clk
rise -> rise
    min     max
0.000000 0.000000 source latency
1.006053         network latency _71765_/CLK
        1.364627 network latency _73756_/CLK
---------------
1.006053 1.364627 latency
        0.358574 skew

fall -> fall
    min     max
0.000000 0.000000 source latency
0.943940         network latency _71765_/CLK
        1.240871 network latency _73756_/CLK
---------------
0.943940 1.240871 latency
        0.296930 skew



===========================================================================
report_clock_min_period
============================================================================
wb_clk period_min = 6.61 fmax = 151.20
