
===========================================================================
 report_power
============================================================================
======================= nom_ff_n40C_1v95 Corner ===================================

Group                    Internal    Switching      Leakage        Total
                            Power        Power        Power        Power (Watts)
------------------------------------------------------------------------
Sequential           7.991262e-03 3.015844e-06 6.916534e-08 7.994346e-03  31.1%
Combinational        1.735028e-05 2.253394e-05 3.652639e-07 4.024949e-05   0.2%
Clock                3.801179e-03 4.516640e-03 4.832453e-08 8.317868e-03  32.4%
Macro                9.205889e-03 0.000000e+00 1.141920e-04 9.320081e-03  36.3%
Pad                  0.000000e+00 0.000000e+00 0.000000e+00 0.000000e+00   0.0%
------------------------------------------------------------------------
Total                2.101568e-02 4.542192e-03 1.146744e-04 2.567255e-02 100.0%
                            81.9%        17.7%         0.4%

