Partial/Required:  2.47, Required:    400.0, Partial:   987.44, Net: net2133, Pin: _104464_/D, Layer: met1
Partial/Required:  2.34, Required:    400.0, Partial:   935.24, Net: _007461_, Pin: _062816_/A_N, Layer: met3
Partial/Required:  2.29, Required:    400.0, Partial:   916.33, Net: u_bf_l1a.oa_r\[10\], Pin: _057052_/B, Layer: met1
Partial/Required:  2.17, Required:    400.0, Partial:   869.23, Net: u_bf_l2d.oa_r\[1\], Pin: _053638_/A0, Layer: met1
Partial/Required:  2.05, Required:    400.0, Partial:   820.92, Net: u_bf_l1b.u_mm.diff\[40\], Pin: _103035_/D, Layer: met1
Partial/Required:  1.86, Required:    400.0, Partial:   745.82, Net: u_bf_l2d.t\[5\], Pin: _060574_/A2, Layer: met1
Partial/Required:  1.75, Required:    400.0, Partial:   701.89, Net: u_bf_l1a.t\[25\], Pin: _054813_/A1, Layer: met1
Partial/Required:  1.65, Required:    400.0, Partial:   658.67, Net: _029461_, Pin: _089570_/A1_N, Layer: met2
Partial/Required:  1.38, Required:    400.0, Partial:   552.22, Net: u_bf_l1a.oa_r\[1\], Pin: _056959_/B_N, Layer: met1
Partial/Required:  1.30, Required:    400.0, Partial:   520.11, Net: _016201_, Pin: _071748_/A, Layer: met1
Partial/Required:  1.30, Required:    400.0, Partial:   519.31, Net: u_zstore.e_l1\[0\], Pin: wire1181/A, Layer: met1
Partial/Required:  1.28, Required:    400.0, Partial:    513.2, Net: net1348, Pin: wire1347/A, Layer: met1
Partial/Required:  1.27, Required:    400.0, Partial:   508.53, Net: net1681, Pin: wire1683/A, Layer: met1
Partial/Required:  1.27, Required:    400.0, Partial:   506.03, Net: _000342_, Pin: _104517_/D, Layer: met1
Partial/Required:  1.21, Required:    400.0, Partial:    484.2, Net: _049662_, Pin: _059585_/A2, Layer: met1
Partial/Required:  1.20, Required:    400.0, Partial:    478.2, Net: net1882, Pin: wire1881/A, Layer: met1
Partial/Required:  1.18, Required:    400.0, Partial:   470.33, Net: _027521_, Pin: _083695_/C, Layer: met1
Partial/Required:  1.12, Required:    400.0, Partial:   449.18, Net: u_zstore.e_l2\[5\], Pin: wire1196/A, Layer: met1
Partial/Required:  1.12, Required:    400.0, Partial:   447.81, Net: u_bf_l1b.u_mm.diff\[35\], Pin: _103030_/D, Layer: met1
Partial/Required:  1.11, Required:    400.0, Partial:   442.06, Net: _000040_, Pin: _102713_/D, Layer: met2
Partial/Required:  1.09, Required:    400.0, Partial:   436.14, Net: u_bf_l1b.b\[6\], Pin: _103342_/D, Layer: met1
Partial/Required:  1.04, Required:    400.0, Partial:   416.15, Net: _020250_, Pin: _076068_/B, Layer: met1
Partial/Required:  1.01, Required:    400.0, Partial:   404.14, Net: _000389_, Pin: _103835_/D, Layer: met1
