ntt_engine_256
----------------------------------------
Metal4 > 3um spacing to unrelated m4 < 0.4um (met4.5b)
----------------------------------------
 291.340um 547.250um 294.090um 547.280um
 291.340um 547.250um 291.740um 547.280um
 298.140um 547.250um 300.530um 547.280um
 298.140um 547.250um 298.540um 547.280um
 310.380um 547.250um 310.650um 547.280um
 310.380um 547.250um 310.650um 547.280um
 316.500um 547.250um 317.090um 547.280um
 316.500um 547.250um 316.900um 547.280um
 323.300um 547.250um 324.450um 547.280um
 326.910um 547.250um 328.640um 547.280um
 323.300um 547.250um 323.700um 547.280um
 328.240um 547.250um 328.640um 547.280um
 334.860um 547.250um 336.410um 547.280um
 334.860um 547.250um 335.260um 547.280um
 341.660um 547.250um 342.850um 547.280um
 341.660um 547.250um 342.060um 547.280um
 347.100um 547.250um 349.290um 547.280um
 347.100um 547.250um 347.500um 547.280um
 353.900um 547.250um 356.650um 547.280um
 353.900um 547.250um 354.300um 547.280um
 360.020um 547.250um 363.090um 547.280um
 360.020um 547.250um 360.420um 547.280um
 366.820um 547.250um 369.530um 547.280um
 366.820um 547.250um 367.220um 547.280um
 378.380um 547.250um 378.730um 547.280um
 378.380um 547.250um 378.730um 547.280um
 385.180um 547.250um 386.090um 547.280um
 385.180um 547.250um 385.580um 547.280um
 391.300um 547.250um 392.530um 547.280um
 391.300um 547.250um 391.700um 547.280um
 398.100um 547.250um 398.970um 547.280um
 398.100um 547.250um 398.500um 547.280um
 403.540um 547.250um 406.330um 547.280um
 403.540um 547.250um 403.940um 547.280um
 410.340um 547.250um 411.850um 547.280um
 410.340um 547.250um 410.740um 547.280um
 421.900um 547.250um 424.730um 547.280um
 421.900um 547.250um 422.300um 547.280um
 428.700um 547.250um 431.170um 547.280um
 428.700um 547.250um 429.100um 547.280um
 447.060um 547.250um 447.730um 547.280um
 447.060um 547.250um 447.460um 547.280um
 453.860um 547.250um 455.090um 547.280um
 453.860um 547.250um 454.260um 547.280um
 459.980um 547.250um 460.610um 547.280um
 459.980um 547.250um 460.380um 547.280um
 466.780um 547.250um 467.970um 547.280um
 466.780um 547.250um 467.180um 547.280um
 472.220um 547.250um 474.410um 547.280um
 472.220um 547.250um 472.620um 547.280um
 478.340um 547.250um 479.930um 547.280um
 478.340um 547.250um 478.740um 547.280um
 485.140um 547.250um 490.050um 547.280um
 485.140um 547.250um 485.540um 547.280um
----------------------------------------
Metal3 > 3um spacing to unrelated m3 < 0.4um (met3.3d)
----------------------------------------
 150.220um 185.440um 150.310um 185.840um
 150.220um 180.010um 150.310um 185.840um
 150.220um 180.000um 150.310um 180.010um
 150.220um 179.720um 150.310um 180.000um
 150.220um 179.710um 150.310um 179.720um
 150.220um 178.460um 150.310um 179.710um
 150.220um 178.460um 150.310um 178.860um
 629.550um 541.460um 629.560um 541.780um
----------------------------------------
[INFO]: COUNT: 62
[INFO]: Should be divided by 3 or 4

