
===========================================================================
 report_power
============================================================================
======================= Fastest Corner ===================================

Group                  Internal  Switching    Leakage      Total
                          Power      Power      Power      Power (Watts)
----------------------------------------------------------------
Sequential             1.20e-01   3.12e-03   1.99e-06   1.23e-01   0.0%
Combinational          2.03e+02   3.08e+02   4.34e-07   5.11e+02 100.0%
Macro                  0.00e+00   0.00e+00   0.00e+00   0.00e+00   0.0%
Pad                    0.00e+00   0.00e+00   0.00e+00   0.00e+00   0.0%
----------------------------------------------------------------
Total                  2.03e+02   3.08e+02   2.42e-06   5.11e+02 100.0%
                          39.7%      60.3%       0.0%

======================= Slowest Corner ===================================

Group                  Internal  Switching    Leakage      Total
                          Power      Power      Power      Power (Watts)
----------------------------------------------------------------
Sequential             7.54e-02   2.07e-03   7.93e-06   7.75e-02   0.0%
Combinational          1.43e+02   2.05e+02   1.94e-04   3.47e+02 100.0%
Macro                  0.00e+00   0.00e+00   0.00e+00   0.00e+00   0.0%
Pad                    0.00e+00   0.00e+00   0.00e+00   0.00e+00   0.0%
----------------------------------------------------------------
Total                  1.43e+02   2.05e+02   2.02e-04   3.47e+02 100.0%
                          41.0%      59.0%       0.0%

======================= Typical Corner ===================================

Group                  Internal  Switching    Leakage      Total
                          Power      Power      Power      Power (Watts)
----------------------------------------------------------------
Sequential             1.02e-01   2.64e-03   1.99e-06   1.04e-01   0.0%
Combinational          1.83e+02   2.61e+02   2.59e-07   4.43e+02 100.0%
Macro                  0.00e+00   0.00e+00   0.00e+00   0.00e+00   0.0%
Pad                    0.00e+00   0.00e+00   0.00e+00   0.00e+00   0.0%
----------------------------------------------------------------
Total                  1.83e+02   2.61e+02   2.25e-06   4.44e+02 100.0%
                          41.2%      58.8%       0.0%

