
===========================================================================
report_checks -unconstrained
===========================================================================
======================= Fastest Corner ===================================

Startpoint: _101214_ (rising edge-triggered flip-flop clocked by clk)
Endpoint: _101796_ (rising edge-triggered flip-flop clocked by clk)
Path Group: clk
Path Type: max
Corner: Fastest

Fanout     Cap    Slew   Delay    Time   Description
-----------------------------------------------------------------------------
                          0.00    0.00   clock clk (rise edge)
                          0.00    0.00   clock source latency
                  0.00    0.00    0.00 ^ clk (in)
     5    0.26                           clk (net)
                  0.31    0.15    0.15 ^ clkbuf_0_clk/A (sky130_fd_sc_hd__clkbuf_16)
                  0.11    0.19    0.34 ^ clkbuf_0_clk/X (sky130_fd_sc_hd__clkbuf_16)
     4    0.12                           clknet_0_clk (net)
                  0.11    0.01    0.35 ^ clkbuf_1_0_0_clk/A (sky130_fd_sc_hd__clkbuf_8)
                  0.20    0.22    0.57 ^ clkbuf_1_0_0_clk/X (sky130_fd_sc_hd__clkbuf_8)
     5    0.15                           clknet_1_0_0_clk (net)
                  0.20    0.01    0.58 ^ clkbuf_2_0_0_clk/A (sky130_fd_sc_hd__clkbuf_8)
                  0.10    0.17    0.75 ^ clkbuf_2_0_0_clk/X (sky130_fd_sc_hd__clkbuf_8)
     4    0.07                           clknet_2_0_0_clk (net)
                  0.10    0.00    0.75 ^ clkbuf_3_1_0_clk/A (sky130_fd_sc_hd__clkbuf_8)
                  0.15    0.19    0.94 ^ clkbuf_3_1_0_clk/X (sky130_fd_sc_hd__clkbuf_8)
     4    0.11                           clknet_3_1_0_clk (net)
                  0.15    0.01    0.94 ^ clkbuf_4_2_0_clk/A (sky130_fd_sc_hd__clkbuf_8)
                  0.15    0.20    1.14 ^ clkbuf_4_2_0_clk/X (sky130_fd_sc_hd__clkbuf_8)
     8    0.11                           clknet_4_2_0_clk (net)
                  0.15    0.01    1.15 ^ clkbuf_6_11__f_clk/A (sky130_fd_sc_hd__clkbuf_16)
                  0.10    0.16    1.31 ^ clkbuf_6_11__f_clk/X (sky130_fd_sc_hd__clkbuf_16)
    14    0.11                           clknet_6_11__leaf_clk (net)
                  0.10    0.00    1.31 ^ clkbuf_leaf_37_clk/A (sky130_fd_sc_hd__clkbuf_16)
                  0.03    0.11    1.42 ^ clkbuf_leaf_37_clk/X (sky130_fd_sc_hd__clkbuf_16)
     7    0.02                           clknet_leaf_37_clk (net)
                  0.03    0.00    1.42 ^ _101214_/CLK (sky130_fd_sc_hd__dfxtp_1)
                  0.17    0.28    1.70 ^ _101214_/Q (sky130_fd_sc_hd__dfxtp_1)
     4    0.02                           sc_pipe[1] (net)
                  0.17    0.00    1.71 ^ wire2151/A (sky130_fd_sc_hd__buf_4)
                  0.26    0.25    1.96 ^ wire2151/X (sky130_fd_sc_hd__buf_4)
     6    0.13                           net2151 (net)
                  0.26    0.01    1.97 ^ _054483_/A (sky130_fd_sc_hd__clkbuf_4)
                  0.14    0.21    2.18 ^ _054483_/X (sky130_fd_sc_hd__clkbuf_4)
    12    0.06                           _048996_ (net)
                  0.14    0.01    2.19 ^ _054484_/A (sky130_fd_sc_hd__clkbuf_4)
                  0.16    0.20    2.39 ^ _054484_/X (sky130_fd_sc_hd__clkbuf_4)
    12    0.07                           _048997_ (net)
                  0.16    0.01    2.40 ^ _054485_/A (sky130_fd_sc_hd__clkbuf_4)
                  0.13    0.19    2.59 ^ _054485_/X (sky130_fd_sc_hd__clkbuf_4)
    12    0.06                           _048998_ (net)
                  0.13    0.00    2.59 ^ _054511_/A (sky130_fd_sc_hd__buf_2)
                  0.17    0.19    2.78 ^ _054511_/X (sky130_fd_sc_hd__buf_2)
    12    0.05                           _049022_ (net)
                  0.17    0.00    2.78 ^ _054512_/A (sky130_fd_sc_hd__buf_4)
                  0.22    0.22    3.00 ^ _054512_/X (sky130_fd_sc_hd__buf_4)
    12    0.11                           _049023_ (net)
                  0.22    0.02    3.02 ^ _054513_/A (sky130_fd_sc_hd__clkbuf_4)
                  0.13    0.20    3.23 ^ _054513_/X (sky130_fd_sc_hd__clkbuf_4)
    12    0.06                           _049024_ (net)
                  0.13    0.00    3.23 ^ _054514_/A (sky130_fd_sc_hd__clkbuf_4)
                  0.15    0.20    3.42 ^ _054514_/X (sky130_fd_sc_hd__clkbuf_4)
    12    0.07                           _049025_ (net)
                  0.15    0.00    3.42 ^ _054515_/A (sky130_fd_sc_hd__clkbuf_4)
                  0.19    0.23    3.65 ^ _054515_/X (sky130_fd_sc_hd__clkbuf_4)
    12    0.08                           _049026_ (net)
                  0.19    0.00    3.65 ^ _054516_/A (sky130_fd_sc_hd__clkbuf_4)
                  0.20    0.24    3.90 ^ _054516_/X (sky130_fd_sc_hd__clkbuf_4)
    12    0.09                           _049027_ (net)
                  0.20    0.00    3.90 ^ _054517_/A (sky130_fd_sc_hd__buf_2)
                  0.18    0.20    4.11 ^ _054517_/X (sky130_fd_sc_hd__buf_2)
    12    0.05                           _049028_ (net)
                  0.18    0.00    4.11 ^ _054518_/A (sky130_fd_sc_hd__clkbuf_4)
                  0.18    0.22    4.33 ^ _054518_/X (sky130_fd_sc_hd__clkbuf_4)
    12    0.08                           _049029_ (net)
                  0.18    0.01    4.34 ^ _054519_/A (sky130_fd_sc_hd__buf_4)
                  0.23    0.23    4.57 ^ _054519_/X (sky130_fd_sc_hd__buf_4)
    12    0.11                           _049030_ (net)
                  0.23    0.02    4.59 ^ _054520_/A (sky130_fd_sc_hd__buf_4)
                  0.24    0.24    4.82 ^ _054520_/X (sky130_fd_sc_hd__buf_4)
    12    0.11                           _049031_ (net)
                  0.24    0.01    4.83 ^ _054521_/A (sky130_fd_sc_hd__clkbuf_4)
                  0.20    0.25    5.07 ^ _054521_/X (sky130_fd_sc_hd__clkbuf_4)
    12    0.09                           _049032_ (net)
                  0.20    0.01    5.09 ^ _054522_/A (sky130_fd_sc_hd__buf_4)
                  0.19    0.21    5.30 ^ _054522_/X (sky130_fd_sc_hd__buf_4)
    12    0.09                           _049033_ (net)
                  0.19    0.01    5.31 ^ _054523_/A (sky130_fd_sc_hd__clkbuf_2)
                  0.10    0.14    5.45 ^ _054523_/X (sky130_fd_sc_hd__clkbuf_2)
     6    0.02                           _049034_ (net)
                  0.10    0.00    5.45 ^ _054524_/A (sky130_fd_sc_hd__clkbuf_4)
                  0.18    0.21    5.66 ^ _054524_/X (sky130_fd_sc_hd__clkbuf_4)
    12    0.08                           _049035_ (net)
                  0.18    0.00    5.66 ^ _054525_/A (sky130_fd_sc_hd__clkbuf_4)
                  0.21    0.24    5.90 ^ _054525_/X (sky130_fd_sc_hd__clkbuf_4)
    12    0.09                           _049036_ (net)
                  0.21    0.00    5.90 ^ _054832_/A (sky130_fd_sc_hd__clkbuf_8)
                  0.20    0.24    6.14 ^ _054832_/X (sky130_fd_sc_hd__clkbuf_8)
    12    0.15                           _049318_ (net)
                  0.20    0.01    6.15 ^ _054833_/A (sky130_fd_sc_hd__buf_6)
                  0.16    0.17    6.32 ^ _054833_/X (sky130_fd_sc_hd__buf_6)
     6    0.10                           _049319_ (net)
                  0.16    0.00    6.32 ^ wire474/A (sky130_fd_sc_hd__buf_4)
                  0.22    0.21    6.53 ^ wire474/X (sky130_fd_sc_hd__buf_4)
     8    0.10                           net474 (net)
                  0.22    0.03    6.56 ^ _101077_/A (sky130_fd_sc_hd__buf_2)
                  0.11    0.16    6.72 ^ _101077_/X (sky130_fd_sc_hd__buf_2)
     6    0.03                           _045885_ (net)
                  0.11    0.00    6.72 ^ _101082_/C1 (sky130_fd_sc_hd__a311o_2)
                  0.19    0.19    6.92 ^ _101082_/X (sky130_fd_sc_hd__a311o_2)
     2    0.05                           _001183_ (net)
                  0.19    0.00    6.92 ^ _101796_/D (sky130_fd_sc_hd__dfxtp_1)
                                  6.92   data arrival time

                         10.00   10.00   clock clk (rise edge)
                          0.00   10.00   clock source latency
                  0.00    0.00   10.00 ^ clk (in)
     5    0.26                           clk (net)
                  0.31    0.15   10.15 ^ clkbuf_0_clk/A (sky130_fd_sc_hd__clkbuf_16)
                  0.11    0.19   10.34 ^ clkbuf_0_clk/X (sky130_fd_sc_hd__clkbuf_16)
     4    0.12                           clknet_0_clk (net)
                  0.11    0.01   10.35 ^ clkbuf_1_1_0_clk/A (sky130_fd_sc_hd__clkbuf_8)
                  0.18    0.21   10.55 ^ clkbuf_1_1_0_clk/X (sky130_fd_sc_hd__clkbuf_8)
     4    0.13                           clknet_1_1_0_clk (net)
                  0.18    0.01   10.56 ^ clkbuf_2_2_0_clk/A (sky130_fd_sc_hd__clkbuf_8)
                  0.08    0.15   10.71 ^ clkbuf_2_2_0_clk/X (sky130_fd_sc_hd__clkbuf_8)
     4    0.05                           clknet_2_2_0_clk (net)
                  0.08    0.00   10.71 ^ clkbuf_3_4_0_clk/A (sky130_fd_sc_hd__clkbuf_8)
                  0.14    0.17   10.89 ^ clkbuf_3_4_0_clk/X (sky130_fd_sc_hd__clkbuf_8)
     4    0.10                           clknet_3_4_0_clk (net)
                  0.14    0.00   10.89 ^ clkbuf_4_9_0_clk/A (sky130_fd_sc_hd__clkbuf_8)
                  0.10    0.16   11.05 ^ clkbuf_4_9_0_clk/X (sky130_fd_sc_hd__clkbuf_8)
     8    0.07                           clknet_4_9_0_clk (net)
                  0.10    0.00   11.06 ^ clkbuf_6_38__f_clk/A (sky130_fd_sc_hd__clkbuf_16)
                  0.06    0.13   11.18 ^ clkbuf_6_38__f_clk/X (sky130_fd_sc_hd__clkbuf_16)
     8    0.06                           clknet_6_38__leaf_clk (net)
                  0.06    0.00   11.18 ^ clkbuf_leaf_121_clk/A (sky130_fd_sc_hd__clkbuf_16)
                  0.05    0.11   11.29 ^ clkbuf_leaf_121_clk/X (sky130_fd_sc_hd__clkbuf_16)
    13    0.04                           clknet_leaf_121_clk (net)
                  0.05    0.00   11.29 ^ _101796_/CLK (sky130_fd_sc_hd__dfxtp_1)
                         -0.25   11.04   clock uncertainty
                          0.00   11.04   clock reconvergence pessimism
                         -0.04   11.00   library setup time
                                 11.00   data required time
-----------------------------------------------------------------------------
                                 11.00   data required time
                                 -6.92   data arrival time
-----------------------------------------------------------------------------
                                  4.08   slack (MET)



======================= Slowest Corner ===================================

Startpoint: _104569_ (rising edge-triggered flip-flop clocked by clk)
Endpoint: _104687_ (rising edge-triggered flip-flop clocked by clk)
Path Group: clk
Path Type: max
Corner: Slowest

Fanout     Cap    Slew   Delay    Time   Description
-----------------------------------------------------------------------------
                          0.00    0.00   clock clk (rise edge)
                          0.00    0.00   clock source latency
                  0.00    0.00    0.00 ^ clk (in)
     5    0.26                           clk (net)
                  0.31    0.15    0.15 ^ clkbuf_0_clk/A (sky130_fd_sc_hd__clkbuf_16)
                  0.20    0.44    0.59 ^ clkbuf_0_clk/X (sky130_fd_sc_hd__clkbuf_16)
     4    0.12                           clknet_0_clk (net)
                  0.20    0.01    0.60 ^ clkbuf_1_0_0_clk/A (sky130_fd_sc_hd__clkbuf_8)
                  0.40    0.54    1.14 ^ clkbuf_1_0_0_clk/X (sky130_fd_sc_hd__clkbuf_8)
     5    0.15                           clknet_1_0_0_clk (net)
                  0.40    0.01    1.15 ^ clkbuf_2_1_0_clk/A (sky130_fd_sc_hd__clkbuf_8)
                  0.31    0.56    1.71 ^ clkbuf_2_1_0_clk/X (sky130_fd_sc_hd__clkbuf_8)
     4    0.11                           clknet_2_1_0_clk (net)
                  0.31    0.01    1.72 ^ clkbuf_3_3_0_clk/A (sky130_fd_sc_hd__clkbuf_8)
                  0.27    0.49    2.21 ^ clkbuf_3_3_0_clk/X (sky130_fd_sc_hd__clkbuf_8)
     4    0.10                           clknet_3_3_0_clk (net)
                  0.27    0.00    2.21 ^ clkbuf_4_6_0_clk/A (sky130_fd_sc_hd__clkbuf_8)
                  0.37    0.55    2.76 ^ clkbuf_4_6_0_clk/X (sky130_fd_sc_hd__clkbuf_8)
     8    0.14                           clknet_4_6_0_clk (net)
                  0.37    0.01    2.76 ^ clkbuf_6_24__f_clk/A (sky130_fd_sc_hd__clkbuf_16)
                  0.29    0.53    3.29 ^ clkbuf_6_24__f_clk/X (sky130_fd_sc_hd__clkbuf_16)
    24    0.18                           clknet_6_24__leaf_clk (net)
                  0.29    0.01    3.30 ^ clkbuf_leaf_451_clk/A (sky130_fd_sc_hd__clkbuf_16)
                  0.06    0.31    3.62 ^ clkbuf_leaf_451_clk/X (sky130_fd_sc_hd__clkbuf_16)
     4    0.02                           clknet_leaf_451_clk (net)
                  0.06    0.00    3.62 ^ _104569_/CLK (sky130_fd_sc_hd__dfxtp_1)
                  0.55    0.97    4.59 ^ _104569_/Q (sky130_fd_sc_hd__dfxtp_1)
     4    0.04                           u_bf_l2d.u_mm.a_r[8] (net)
                  0.55    0.00    4.59 ^ _090678_/A (sky130_fd_sc_hd__clkbuf_2)
                  0.25    0.51    5.11 ^ _090678_/X (sky130_fd_sc_hd__clkbuf_2)
     6    0.03                           _034813_ (net)
                  0.25    0.00    5.11 ^ _090785_/A (sky130_fd_sc_hd__clkbuf_4)
                  0.22    0.44    5.55 ^ _090785_/X (sky130_fd_sc_hd__clkbuf_4)
     6    0.04                           _034930_ (net)
                  0.22    0.00    5.55 ^ _091046_/A (sky130_fd_sc_hd__clkbuf_4)
                  0.28    0.47    6.02 ^ _091046_/X (sky130_fd_sc_hd__clkbuf_4)
    12    0.06                           _035215_ (net)
                  0.28    0.01    6.03 ^ _091786_/A (sky130_fd_sc_hd__buf_2)
                  0.49    0.59    6.62 ^ _091786_/X (sky130_fd_sc_hd__buf_2)
    12    0.06                           _036024_ (net)
                  0.49    0.00    6.62 ^ _091787_/A (sky130_fd_sc_hd__buf_4)
                  0.50    0.70    7.32 ^ _091787_/X (sky130_fd_sc_hd__buf_4)
    12    0.11                           _036025_ (net)
                  0.50    0.00    7.32 ^ _091790_/A3 (sky130_fd_sc_hd__a41o_1)
                  0.54    0.86    8.19 ^ _091790_/X (sky130_fd_sc_hd__a41o_1)
     6    0.04                           _036028_ (net)
                  0.54    0.00    8.19 ^ _091865_/A1 (sky130_fd_sc_hd__a21boi_1)
                  0.24    0.39    8.58 v _091865_/Y (sky130_fd_sc_hd__a21boi_1)
     3    0.01                           _036110_ (net)
                  0.24    0.00    8.58 v _091890_/A_N (sky130_fd_sc_hd__nand3b_2)
                  0.29    0.65    9.23 v _091890_/Y (sky130_fd_sc_hd__nand3b_2)
     4    0.02                           _036137_ (net)
                  0.29    0.00    9.24 v _091894_/A (sky130_fd_sc_hd__nand2_1)
                  0.13    0.21    9.45 ^ _091894_/Y (sky130_fd_sc_hd__nand2_1)
     2    0.01                           _036142_ (net)
                  0.13    0.00    9.45 ^ _091897_/A2_N (sky130_fd_sc_hd__o2bb2a_1)
                  0.22    0.58   10.03 v _091897_/X (sky130_fd_sc_hd__o2bb2a_1)
     4    0.02                           _036145_ (net)
                  0.22    0.00   10.03 v _092120_/A1 (sky130_fd_sc_hd__a21oi_1)
                  0.28    0.35   10.38 ^ _092120_/Y (sky130_fd_sc_hd__a21oi_1)
     1    0.01                           _036389_ (net)
                  0.28    0.00   10.38 ^ _092124_/B (sky130_fd_sc_hd__nand3_2)
                  0.32    0.39   10.77 v _092124_/Y (sky130_fd_sc_hd__nand3_2)
     6    0.02                           _036394_ (net)
                  0.32    0.00   10.77 v _092152_/A2 (sky130_fd_sc_hd__a21o_1)
                  0.13    0.49   11.26 v _092152_/X (sky130_fd_sc_hd__a21o_1)
     3    0.01                           _036425_ (net)
                  0.13    0.00   11.26 v _092163_/A2 (sky130_fd_sc_hd__a21oi_1)
                  0.35    0.39   11.66 ^ _092163_/Y (sky130_fd_sc_hd__a21oi_1)
     3    0.01                           _036437_ (net)
                  0.35    0.00   11.66 ^ _092332_/A2 (sky130_fd_sc_hd__o21ai_1)
                  0.14    0.24   11.89 v _092332_/Y (sky130_fd_sc_hd__o21ai_1)
     2    0.01                           _036622_ (net)
                  0.14    0.00   11.89 v _092334_/A (sky130_fd_sc_hd__nand3_1)
                  0.17    0.17   12.07 ^ _092334_/Y (sky130_fd_sc_hd__nand3_1)
     2    0.01                           _036624_ (net)
                  0.17    0.00   12.07 ^ _092335_/B_N (sky130_fd_sc_hd__or2b_2)
                  0.19    0.82   12.89 v _092335_/X (sky130_fd_sc_hd__or2b_2)
     2    0.02                           _036625_ (net)
                  0.19    0.00   12.89 v _092478_/D (sky130_fd_sc_hd__or4_2)
                  0.27    1.43   14.33 v _092478_/X (sky130_fd_sc_hd__or4_2)
     1    0.01                           _036781_ (net)
                  0.27    0.00   14.33 v _092481_/A1 (sky130_fd_sc_hd__o21ai_4)
                  0.63    0.67   15.00 ^ _092481_/Y (sky130_fd_sc_hd__o21ai_4)
     8    0.05                           _036785_ (net)
                  0.63    0.01   15.00 ^ _093114_/A1 (sky130_fd_sc_hd__a31oi_4)
                  0.32    0.49   15.50 v _093114_/Y (sky130_fd_sc_hd__a31oi_4)
     4    0.03                           _037476_ (net)
                  0.32    0.00   15.50 v _093479_/A2 (sky130_fd_sc_hd__o21bai_4)
                  0.33    0.42   15.92 ^ _093479_/Y (sky130_fd_sc_hd__o21bai_4)
     2    0.02                           _037874_ (net)
                  0.33    0.00   15.92 ^ _094036_/A1 (sky130_fd_sc_hd__a21oi_4)
                  0.24    0.31   16.23 v _094036_/Y (sky130_fd_sc_hd__a21oi_4)
     4    0.04                           _038482_ (net)
                  0.24    0.01   16.23 v _094588_/A2 (sky130_fd_sc_hd__o21bai_4)
                  0.67    0.64   16.87 ^ _094588_/Y (sky130_fd_sc_hd__o21bai_4)
     8    0.06                           _039082_ (net)
                  0.67    0.01   16.88 ^ _094817_/A1 (sky130_fd_sc_hd__a21oi_4)
                  0.25    0.41   17.29 v _094817_/Y (sky130_fd_sc_hd__a21oi_4)
     8    0.04                           _039330_ (net)
                  0.25    0.00   17.29 v _094934_/A2 (sky130_fd_sc_hd__o21ai_1)
                  0.26    0.34   17.63 ^ _094934_/Y (sky130_fd_sc_hd__o21ai_1)
     2    0.01                           _039457_ (net)
                  0.26    0.00   17.63 ^ _094936_/A (sky130_fd_sc_hd__nand2_1)
                  0.24    0.31   17.94 v _094936_/Y (sky130_fd_sc_hd__nand2_1)
     4    0.01                           _039459_ (net)
                  0.24    0.00   17.94 v _094937_/B (sky130_fd_sc_hd__and2b_1)
                  0.07    0.41   18.35 v _094937_/X (sky130_fd_sc_hd__and2b_1)
     1    0.00                           _039460_ (net)
                  0.07    0.00   18.35 v _094938_/A (sky130_fd_sc_hd__buf_2)
                  0.26    0.42   18.77 v _094938_/X (sky130_fd_sc_hd__buf_2)
     2    0.06                           _001127_ (net)
                  0.26    0.01   18.78 v _104687_/D (sky130_fd_sc_hd__dfxtp_1)
                                 18.78   data arrival time

                         10.00   10.00   clock clk (rise edge)
                          0.00   10.00   clock source latency
                  0.00    0.00   10.00 ^ clk (in)
     5    0.26                           clk (net)
                  0.31    0.15   10.15 ^ clkbuf_0_clk/A (sky130_fd_sc_hd__clkbuf_16)
                  0.20    0.44   10.59 ^ clkbuf_0_clk/X (sky130_fd_sc_hd__clkbuf_16)
     4    0.12                           clknet_0_clk (net)
                  0.20    0.01   10.60 ^ clkbuf_1_0_0_clk/A (sky130_fd_sc_hd__clkbuf_8)
                  0.40    0.54   11.14 ^ clkbuf_1_0_0_clk/X (sky130_fd_sc_hd__clkbuf_8)
     5    0.15                           clknet_1_0_0_clk (net)
                  0.40    0.01   11.15 ^ clkbuf_2_1_0_clk/A (sky130_fd_sc_hd__clkbuf_8)
                  0.31    0.56   11.71 ^ clkbuf_2_1_0_clk/X (sky130_fd_sc_hd__clkbuf_8)
     4    0.11                           clknet_2_1_0_clk (net)
                  0.31    0.01   11.72 ^ clkbuf_3_2_0_clk/A (sky130_fd_sc_hd__clkbuf_8)
                  0.24    0.47   12.18 ^ clkbuf_3_2_0_clk/X (sky130_fd_sc_hd__clkbuf_8)
     4    0.08                           clknet_3_2_0_clk (net)
                  0.24    0.00   12.19 ^ clkbuf_4_5_0_clk/A (sky130_fd_sc_hd__clkbuf_8)
                  0.30    0.48   12.67 ^ clkbuf_4_5_0_clk/X (sky130_fd_sc_hd__clkbuf_8)
     8    0.11                           clknet_4_5_0_clk (net)
                  0.30    0.00   12.68 ^ clkbuf_6_21__f_clk/A (sky130_fd_sc_hd__clkbuf_16)
                  0.21    0.45   13.12 ^ clkbuf_6_21__f_clk/X (sky130_fd_sc_hd__clkbuf_16)
    18    0.13                           clknet_6_21__leaf_clk (net)
                  0.21    0.00   13.13 ^ clkbuf_leaf_400_clk/A (sky130_fd_sc_hd__clkbuf_16)
                  0.05    0.27   13.39 ^ clkbuf_leaf_400_clk/X (sky130_fd_sc_hd__clkbuf_16)
     2    0.01                           clknet_leaf_400_clk (net)
                  0.05    0.00   13.39 ^ _104687_/CLK (sky130_fd_sc_hd__dfxtp_1)
                         -0.25   13.14   clock uncertainty
                          0.00   13.14   clock reconvergence pessimism
                         -0.35   12.79   library setup time
                                 12.79   data required time
-----------------------------------------------------------------------------
                                 12.79   data required time
                                -18.78   data arrival time
-----------------------------------------------------------------------------
                                 -5.99   slack (VIOLATED)



======================= Typical Corner ===================================

Startpoint: _101214_ (rising edge-triggered flip-flop clocked by clk)
Endpoint: _101796_ (rising edge-triggered flip-flop clocked by clk)
Path Group: clk
Path Type: max
Corner: Typical

Fanout     Cap    Slew   Delay    Time   Description
-----------------------------------------------------------------------------
                          0.00    0.00   clock clk (rise edge)
                          0.00    0.00   clock source latency
                  0.00    0.00    0.00 ^ clk (in)
     5    0.26                           clk (net)
                  0.31    0.15    0.15 ^ clkbuf_0_clk/A (sky130_fd_sc_hd__clkbuf_16)
                  0.13    0.28    0.43 ^ clkbuf_0_clk/X (sky130_fd_sc_hd__clkbuf_16)
     4    0.12                           clknet_0_clk (net)
                  0.13    0.01    0.44 ^ clkbuf_1_0_0_clk/A (sky130_fd_sc_hd__clkbuf_8)
                  0.26    0.32    0.76 ^ clkbuf_1_0_0_clk/X (sky130_fd_sc_hd__clkbuf_8)
     5    0.15                           clknet_1_0_0_clk (net)
                  0.26    0.01    0.76 ^ clkbuf_2_0_0_clk/A (sky130_fd_sc_hd__clkbuf_8)
                  0.13    0.27    1.03 ^ clkbuf_2_0_0_clk/X (sky130_fd_sc_hd__clkbuf_8)
     4    0.07                           clknet_2_0_0_clk (net)
                  0.13    0.00    1.04 ^ clkbuf_3_1_0_clk/A (sky130_fd_sc_hd__clkbuf_8)
                  0.20    0.27    1.31 ^ clkbuf_3_1_0_clk/X (sky130_fd_sc_hd__clkbuf_8)
     4    0.11                           clknet_3_1_0_clk (net)
                  0.20    0.01    1.31 ^ clkbuf_4_2_0_clk/A (sky130_fd_sc_hd__clkbuf_8)
                  0.20    0.29    1.61 ^ clkbuf_4_2_0_clk/X (sky130_fd_sc_hd__clkbuf_8)
     8    0.11                           clknet_4_2_0_clk (net)
                  0.20    0.01    1.61 ^ clkbuf_6_11__f_clk/A (sky130_fd_sc_hd__clkbuf_16)
                  0.13    0.24    1.86 ^ clkbuf_6_11__f_clk/X (sky130_fd_sc_hd__clkbuf_16)
    14    0.11                           clknet_6_11__leaf_clk (net)
                  0.13    0.01    1.86 ^ clkbuf_leaf_37_clk/A (sky130_fd_sc_hd__clkbuf_16)
                  0.04    0.16    2.02 ^ clkbuf_leaf_37_clk/X (sky130_fd_sc_hd__clkbuf_16)
     7    0.02                           clknet_leaf_37_clk (net)
                  0.05    0.00    2.02 ^ _101214_/CLK (sky130_fd_sc_hd__dfxtp_1)
                  0.23    0.43    2.45 ^ _101214_/Q (sky130_fd_sc_hd__dfxtp_1)
     4    0.02                           sc_pipe[1] (net)
                  0.23    0.00    2.46 ^ wire2151/A (sky130_fd_sc_hd__buf_4)
                  0.34    0.37    2.83 ^ wire2151/X (sky130_fd_sc_hd__buf_4)
     6    0.13                           net2151 (net)
                  0.34    0.01    2.84 ^ _054483_/A (sky130_fd_sc_hd__clkbuf_4)
                  0.19    0.33    3.18 ^ _054483_/X (sky130_fd_sc_hd__clkbuf_4)
    12    0.06                           _048996_ (net)
                  0.19    0.01    3.18 ^ _054484_/A (sky130_fd_sc_hd__clkbuf_4)
                  0.21    0.30    3.48 ^ _054484_/X (sky130_fd_sc_hd__clkbuf_4)
    12    0.07                           _048997_ (net)
                  0.21    0.01    3.49 ^ _054485_/A (sky130_fd_sc_hd__clkbuf_4)
                  0.18    0.29    3.78 ^ _054485_/X (sky130_fd_sc_hd__clkbuf_4)
    12    0.06                           _048998_ (net)
                  0.18    0.00    3.78 ^ _054511_/A (sky130_fd_sc_hd__buf_2)
                  0.23    0.28    4.06 ^ _054511_/X (sky130_fd_sc_hd__buf_2)
    12    0.05                           _049022_ (net)
                  0.23    0.00    4.07 ^ _054512_/A (sky130_fd_sc_hd__buf_4)
                  0.29    0.33    4.40 ^ _054512_/X (sky130_fd_sc_hd__buf_4)
    12    0.11                           _049023_ (net)
                  0.30    0.02    4.42 ^ _054513_/A (sky130_fd_sc_hd__clkbuf_4)
                  0.18    0.32    4.74 ^ _054513_/X (sky130_fd_sc_hd__clkbuf_4)
    12    0.06                           _049024_ (net)
                  0.18    0.00    4.74 ^ _054514_/A (sky130_fd_sc_hd__clkbuf_4)
                  0.20    0.29    5.03 ^ _054514_/X (sky130_fd_sc_hd__clkbuf_4)
    12    0.07                           _049025_ (net)
                  0.20    0.00    5.03 ^ _054515_/A (sky130_fd_sc_hd__clkbuf_4)
                  0.25    0.34    5.37 ^ _054515_/X (sky130_fd_sc_hd__clkbuf_4)
    12    0.08                           _049026_ (net)
                  0.25    0.00    5.37 ^ _054516_/A (sky130_fd_sc_hd__clkbuf_4)
                  0.27    0.36    5.74 ^ _054516_/X (sky130_fd_sc_hd__clkbuf_4)
    12    0.09                           _049027_ (net)
                  0.27    0.00    5.74 ^ _054517_/A (sky130_fd_sc_hd__buf_2)
                  0.25    0.32    6.06 ^ _054517_/X (sky130_fd_sc_hd__buf_2)
    12    0.05                           _049028_ (net)
                  0.25    0.00    6.06 ^ _054518_/A (sky130_fd_sc_hd__clkbuf_4)
                  0.23    0.33    6.39 ^ _054518_/X (sky130_fd_sc_hd__clkbuf_4)
    12    0.08                           _049029_ (net)
                  0.23    0.01    6.41 ^ _054519_/A (sky130_fd_sc_hd__buf_4)
                  0.30    0.35    6.75 ^ _054519_/X (sky130_fd_sc_hd__buf_4)
    12    0.11                           _049030_ (net)
                  0.30    0.02    6.77 ^ _054520_/A (sky130_fd_sc_hd__buf_4)
                  0.32    0.37    7.14 ^ _054520_/X (sky130_fd_sc_hd__buf_4)
    12    0.11                           _049031_ (net)
                  0.32    0.01    7.15 ^ _054521_/A (sky130_fd_sc_hd__clkbuf_4)
                  0.27    0.38    7.52 ^ _054521_/X (sky130_fd_sc_hd__clkbuf_4)
    12    0.09                           _049032_ (net)
                  0.27    0.01    7.54 ^ _054522_/A (sky130_fd_sc_hd__buf_4)
                  0.26    0.33    7.86 ^ _054522_/X (sky130_fd_sc_hd__buf_4)
    12    0.09                           _049033_ (net)
                  0.26    0.01    7.87 ^ _054523_/A (sky130_fd_sc_hd__clkbuf_2)
                  0.13    0.23    8.10 ^ _054523_/X (sky130_fd_sc_hd__clkbuf_2)
     6    0.02                           _049034_ (net)
                  0.13    0.00    8.10 ^ _054524_/A (sky130_fd_sc_hd__clkbuf_4)
                  0.23    0.30    8.40 ^ _054524_/X (sky130_fd_sc_hd__clkbuf_4)
    12    0.08                           _049035_ (net)
                  0.23    0.00    8.41 ^ _054525_/A (sky130_fd_sc_hd__clkbuf_4)
                  0.28    0.36    8.77 ^ _054525_/X (sky130_fd_sc_hd__clkbuf_4)
    12    0.09                           _049036_ (net)
                  0.28    0.00    8.77 ^ _054832_/A (sky130_fd_sc_hd__clkbuf_8)
                  0.26    0.36    9.13 ^ _054832_/X (sky130_fd_sc_hd__clkbuf_8)
    12    0.15                           _049318_ (net)
                  0.26    0.01    9.14 ^ _054833_/A (sky130_fd_sc_hd__buf_6)
                  0.21    0.27    9.41 ^ _054833_/X (sky130_fd_sc_hd__buf_6)
     6    0.10                           _049319_ (net)
                  0.21    0.00    9.41 ^ wire474/A (sky130_fd_sc_hd__buf_4)
                  0.29    0.32    9.73 ^ wire474/X (sky130_fd_sc_hd__buf_4)
     8    0.10                           net474 (net)
                  0.30    0.03    9.76 ^ _101077_/A (sky130_fd_sc_hd__buf_2)
                  0.15    0.26   10.02 ^ _101077_/X (sky130_fd_sc_hd__buf_2)
     6    0.03                           _045885_ (net)
                  0.15    0.00   10.02 ^ _101082_/C1 (sky130_fd_sc_hd__a311o_2)
                  0.26    0.30   10.32 ^ _101082_/X (sky130_fd_sc_hd__a311o_2)
     2    0.05                           _001183_ (net)
                  0.26    0.00   10.32 ^ _101796_/D (sky130_fd_sc_hd__dfxtp_1)
                                 10.32   data arrival time

                         10.00   10.00   clock clk (rise edge)
                          0.00   10.00   clock source latency
                  0.00    0.00   10.00 ^ clk (in)
     5    0.26                           clk (net)
                  0.31    0.15   10.15 ^ clkbuf_0_clk/A (sky130_fd_sc_hd__clkbuf_16)
                  0.13    0.28   10.43 ^ clkbuf_0_clk/X (sky130_fd_sc_hd__clkbuf_16)
     4    0.12                           clknet_0_clk (net)
                  0.13    0.01   10.44 ^ clkbuf_1_1_0_clk/A (sky130_fd_sc_hd__clkbuf_8)
                  0.23    0.29   10.73 ^ clkbuf_1_1_0_clk/X (sky130_fd_sc_hd__clkbuf_8)
     4    0.13                           clknet_1_1_0_clk (net)
                  0.23    0.01   10.74 ^ clkbuf_2_2_0_clk/A (sky130_fd_sc_hd__clkbuf_8)
                  0.10    0.24   10.98 ^ clkbuf_2_2_0_clk/X (sky130_fd_sc_hd__clkbuf_8)
     4    0.05                           clknet_2_2_0_clk (net)
                  0.10    0.00   10.98 ^ clkbuf_3_4_0_clk/A (sky130_fd_sc_hd__clkbuf_8)
                  0.18    0.25   11.23 ^ clkbuf_3_4_0_clk/X (sky130_fd_sc_hd__clkbuf_8)
     4    0.10                           clknet_3_4_0_clk (net)
                  0.18    0.00   11.24 ^ clkbuf_4_9_0_clk/A (sky130_fd_sc_hd__clkbuf_8)
                  0.14    0.24   11.48 ^ clkbuf_4_9_0_clk/X (sky130_fd_sc_hd__clkbuf_8)
     8    0.07                           clknet_4_9_0_clk (net)
                  0.14    0.00   11.48 ^ clkbuf_6_38__f_clk/A (sky130_fd_sc_hd__clkbuf_16)
                  0.08    0.19   11.67 ^ clkbuf_6_38__f_clk/X (sky130_fd_sc_hd__clkbuf_16)
     8    0.06                           clknet_6_38__leaf_clk (net)
                  0.08    0.00   11.67 ^ clkbuf_leaf_121_clk/A (sky130_fd_sc_hd__clkbuf_16)
                  0.06    0.15   11.83 ^ clkbuf_leaf_121_clk/X (sky130_fd_sc_hd__clkbuf_16)
    13    0.04                           clknet_leaf_121_clk (net)
                  0.06    0.00   11.83 ^ _101796_/CLK (sky130_fd_sc_hd__dfxtp_1)
                         -0.25   11.58   clock uncertainty
                          0.00   11.58   clock reconvergence pessimism
                         -0.10   11.48   library setup time
                                 11.48   data required time
-----------------------------------------------------------------------------
                                 11.48   data required time
                                -10.32   data arrival time
-----------------------------------------------------------------------------
                                  1.15   slack (MET)




===========================================================================
report_checks --slack_max -0.01
============================================================================
======================= Fastest Corner ===================================

No paths found.

======================= Slowest Corner ===================================

Startpoint: _104569_ (rising edge-triggered flip-flop clocked by clk)
Endpoint: _104687_ (rising edge-triggered flip-flop clocked by clk)
Path Group: clk
Path Type: max
Corner: Slowest

Fanout     Cap    Slew   Delay    Time   Description
-----------------------------------------------------------------------------
                          0.00    0.00   clock clk (rise edge)
                          0.00    0.00   clock source latency
                  0.00    0.00    0.00 ^ clk (in)
     5    0.26                           clk (net)
                  0.31    0.15    0.15 ^ clkbuf_0_clk/A (sky130_fd_sc_hd__clkbuf_16)
                  0.20    0.44    0.59 ^ clkbuf_0_clk/X (sky130_fd_sc_hd__clkbuf_16)
     4    0.12                           clknet_0_clk (net)
                  0.20    0.01    0.60 ^ clkbuf_1_0_0_clk/A (sky130_fd_sc_hd__clkbuf_8)
                  0.40    0.54    1.14 ^ clkbuf_1_0_0_clk/X (sky130_fd_sc_hd__clkbuf_8)
     5    0.15                           clknet_1_0_0_clk (net)
                  0.40    0.01    1.15 ^ clkbuf_2_1_0_clk/A (sky130_fd_sc_hd__clkbuf_8)
                  0.31    0.56    1.71 ^ clkbuf_2_1_0_clk/X (sky130_fd_sc_hd__clkbuf_8)
     4    0.11                           clknet_2_1_0_clk (net)
                  0.31    0.01    1.72 ^ clkbuf_3_3_0_clk/A (sky130_fd_sc_hd__clkbuf_8)
                  0.27    0.49    2.21 ^ clkbuf_3_3_0_clk/X (sky130_fd_sc_hd__clkbuf_8)
     4    0.10                           clknet_3_3_0_clk (net)
                  0.27    0.00    2.21 ^ clkbuf_4_6_0_clk/A (sky130_fd_sc_hd__clkbuf_8)
                  0.37    0.55    2.76 ^ clkbuf_4_6_0_clk/X (sky130_fd_sc_hd__clkbuf_8)
     8    0.14                           clknet_4_6_0_clk (net)
                  0.37    0.01    2.76 ^ clkbuf_6_24__f_clk/A (sky130_fd_sc_hd__clkbuf_16)
                  0.29    0.53    3.29 ^ clkbuf_6_24__f_clk/X (sky130_fd_sc_hd__clkbuf_16)
    24    0.18                           clknet_6_24__leaf_clk (net)
                  0.29    0.01    3.30 ^ clkbuf_leaf_451_clk/A (sky130_fd_sc_hd__clkbuf_16)
                  0.06    0.31    3.62 ^ clkbuf_leaf_451_clk/X (sky130_fd_sc_hd__clkbuf_16)
     4    0.02                           clknet_leaf_451_clk (net)
                  0.06    0.00    3.62 ^ _104569_/CLK (sky130_fd_sc_hd__dfxtp_1)
                  0.55    0.97    4.59 ^ _104569_/Q (sky130_fd_sc_hd__dfxtp_1)
     4    0.04                           u_bf_l2d.u_mm.a_r[8] (net)
                  0.55    0.00    4.59 ^ _090678_/A (sky130_fd_sc_hd__clkbuf_2)
                  0.25    0.51    5.11 ^ _090678_/X (sky130_fd_sc_hd__clkbuf_2)
     6    0.03                           _034813_ (net)
                  0.25    0.00    5.11 ^ _090785_/A (sky130_fd_sc_hd__clkbuf_4)
                  0.22    0.44    5.55 ^ _090785_/X (sky130_fd_sc_hd__clkbuf_4)
     6    0.04                           _034930_ (net)
                  0.22    0.00    5.55 ^ _091046_/A (sky130_fd_sc_hd__clkbuf_4)
                  0.28    0.47    6.02 ^ _091046_/X (sky130_fd_sc_hd__clkbuf_4)
    12    0.06                           _035215_ (net)
                  0.28    0.01    6.03 ^ _091786_/A (sky130_fd_sc_hd__buf_2)
                  0.49    0.59    6.62 ^ _091786_/X (sky130_fd_sc_hd__buf_2)
    12    0.06                           _036024_ (net)
                  0.49    0.00    6.62 ^ _091787_/A (sky130_fd_sc_hd__buf_4)
                  0.50    0.70    7.32 ^ _091787_/X (sky130_fd_sc_hd__buf_4)
    12    0.11                           _036025_ (net)
                  0.50    0.00    7.32 ^ _091790_/A3 (sky130_fd_sc_hd__a41o_1)
                  0.54    0.86    8.19 ^ _091790_/X (sky130_fd_sc_hd__a41o_1)
     6    0.04                           _036028_ (net)
                  0.54    0.00    8.19 ^ _091865_/A1 (sky130_fd_sc_hd__a21boi_1)
                  0.24    0.39    8.58 v _091865_/Y (sky130_fd_sc_hd__a21boi_1)
     3    0.01                           _036110_ (net)
                  0.24    0.00    8.58 v _091890_/A_N (sky130_fd_sc_hd__nand3b_2)
                  0.29    0.65    9.23 v _091890_/Y (sky130_fd_sc_hd__nand3b_2)
     4    0.02                           _036137_ (net)
                  0.29    0.00    9.24 v _091894_/A (sky130_fd_sc_hd__nand2_1)
                  0.13    0.21    9.45 ^ _091894_/Y (sky130_fd_sc_hd__nand2_1)
     2    0.01                           _036142_ (net)
                  0.13    0.00    9.45 ^ _091897_/A2_N (sky130_fd_sc_hd__o2bb2a_1)
                  0.22    0.58   10.03 v _091897_/X (sky130_fd_sc_hd__o2bb2a_1)
     4    0.02                           _036145_ (net)
                  0.22    0.00   10.03 v _092120_/A1 (sky130_fd_sc_hd__a21oi_1)
                  0.28    0.35   10.38 ^ _092120_/Y (sky130_fd_sc_hd__a21oi_1)
     1    0.01                           _036389_ (net)
                  0.28    0.00   10.38 ^ _092124_/B (sky130_fd_sc_hd__nand3_2)
                  0.32    0.39   10.77 v _092124_/Y (sky130_fd_sc_hd__nand3_2)
     6    0.02                           _036394_ (net)
                  0.32    0.00   10.77 v _092152_/A2 (sky130_fd_sc_hd__a21o_1)
                  0.13    0.49   11.26 v _092152_/X (sky130_fd_sc_hd__a21o_1)
     3    0.01                           _036425_ (net)
                  0.13    0.00   11.26 v _092163_/A2 (sky130_fd_sc_hd__a21oi_1)
                  0.35    0.39   11.66 ^ _092163_/Y (sky130_fd_sc_hd__a21oi_1)
     3    0.01                           _036437_ (net)
                  0.35    0.00   11.66 ^ _092332_/A2 (sky130_fd_sc_hd__o21ai_1)
                  0.14    0.24   11.89 v _092332_/Y (sky130_fd_sc_hd__o21ai_1)
     2    0.01                           _036622_ (net)
                  0.14    0.00   11.89 v _092334_/A (sky130_fd_sc_hd__nand3_1)
                  0.17    0.17   12.07 ^ _092334_/Y (sky130_fd_sc_hd__nand3_1)
     2    0.01                           _036624_ (net)
                  0.17    0.00   12.07 ^ _092335_/B_N (sky130_fd_sc_hd__or2b_2)
                  0.19    0.82   12.89 v _092335_/X (sky130_fd_sc_hd__or2b_2)
     2    0.02                           _036625_ (net)
                  0.19    0.00   12.89 v _092478_/D (sky130_fd_sc_hd__or4_2)
                  0.27    1.43   14.33 v _092478_/X (sky130_fd_sc_hd__or4_2)
     1    0.01                           _036781_ (net)
                  0.27    0.00   14.33 v _092481_/A1 (sky130_fd_sc_hd__o21ai_4)
                  0.63    0.67   15.00 ^ _092481_/Y (sky130_fd_sc_hd__o21ai_4)
     8    0.05                           _036785_ (net)
                  0.63    0.01   15.00 ^ _093114_/A1 (sky130_fd_sc_hd__a31oi_4)
                  0.32    0.49   15.50 v _093114_/Y (sky130_fd_sc_hd__a31oi_4)
     4    0.03                           _037476_ (net)
                  0.32    0.00   15.50 v _093479_/A2 (sky130_fd_sc_hd__o21bai_4)
                  0.33    0.42   15.92 ^ _093479_/Y (sky130_fd_sc_hd__o21bai_4)
     2    0.02                           _037874_ (net)
                  0.33    0.00   15.92 ^ _094036_/A1 (sky130_fd_sc_hd__a21oi_4)
                  0.24    0.31   16.23 v _094036_/Y (sky130_fd_sc_hd__a21oi_4)
     4    0.04                           _038482_ (net)
                  0.24    0.01   16.23 v _094588_/A2 (sky130_fd_sc_hd__o21bai_4)
                  0.67    0.64   16.87 ^ _094588_/Y (sky130_fd_sc_hd__o21bai_4)
     8    0.06                           _039082_ (net)
                  0.67    0.01   16.88 ^ _094817_/A1 (sky130_fd_sc_hd__a21oi_4)
                  0.25    0.41   17.29 v _094817_/Y (sky130_fd_sc_hd__a21oi_4)
     8    0.04                           _039330_ (net)
                  0.25    0.00   17.29 v _094934_/A2 (sky130_fd_sc_hd__o21ai_1)
                  0.26    0.34   17.63 ^ _094934_/Y (sky130_fd_sc_hd__o21ai_1)
     2    0.01                           _039457_ (net)
                  0.26    0.00   17.63 ^ _094936_/A (sky130_fd_sc_hd__nand2_1)
                  0.24    0.31   17.94 v _094936_/Y (sky130_fd_sc_hd__nand2_1)
     4    0.01                           _039459_ (net)
                  0.24    0.00   17.94 v _094937_/B (sky130_fd_sc_hd__and2b_1)
                  0.07    0.41   18.35 v _094937_/X (sky130_fd_sc_hd__and2b_1)
     1    0.00                           _039460_ (net)
                  0.07    0.00   18.35 v _094938_/A (sky130_fd_sc_hd__buf_2)
                  0.26    0.42   18.77 v _094938_/X (sky130_fd_sc_hd__buf_2)
     2    0.06                           _001127_ (net)
                  0.26    0.01   18.78 v _104687_/D (sky130_fd_sc_hd__dfxtp_1)
                                 18.78   data arrival time

                         10.00   10.00   clock clk (rise edge)
                          0.00   10.00   clock source latency
                  0.00    0.00   10.00 ^ clk (in)
     5    0.26                           clk (net)
                  0.31    0.15   10.15 ^ clkbuf_0_clk/A (sky130_fd_sc_hd__clkbuf_16)
                  0.20    0.44   10.59 ^ clkbuf_0_clk/X (sky130_fd_sc_hd__clkbuf_16)
     4    0.12                           clknet_0_clk (net)
                  0.20    0.01   10.60 ^ clkbuf_1_0_0_clk/A (sky130_fd_sc_hd__clkbuf_8)
                  0.40    0.54   11.14 ^ clkbuf_1_0_0_clk/X (sky130_fd_sc_hd__clkbuf_8)
     5    0.15                           clknet_1_0_0_clk (net)
                  0.40    0.01   11.15 ^ clkbuf_2_1_0_clk/A (sky130_fd_sc_hd__clkbuf_8)
                  0.31    0.56   11.71 ^ clkbuf_2_1_0_clk/X (sky130_fd_sc_hd__clkbuf_8)
     4    0.11                           clknet_2_1_0_clk (net)
                  0.31    0.01   11.72 ^ clkbuf_3_2_0_clk/A (sky130_fd_sc_hd__clkbuf_8)
                  0.24    0.47   12.18 ^ clkbuf_3_2_0_clk/X (sky130_fd_sc_hd__clkbuf_8)
     4    0.08                           clknet_3_2_0_clk (net)
                  0.24    0.00   12.19 ^ clkbuf_4_5_0_clk/A (sky130_fd_sc_hd__clkbuf_8)
                  0.30    0.48   12.67 ^ clkbuf_4_5_0_clk/X (sky130_fd_sc_hd__clkbuf_8)
     8    0.11                           clknet_4_5_0_clk (net)
                  0.30    0.00   12.68 ^ clkbuf_6_21__f_clk/A (sky130_fd_sc_hd__clkbuf_16)
                  0.21    0.45   13.12 ^ clkbuf_6_21__f_clk/X (sky130_fd_sc_hd__clkbuf_16)
    18    0.13                           clknet_6_21__leaf_clk (net)
                  0.21    0.00   13.13 ^ clkbuf_leaf_400_clk/A (sky130_fd_sc_hd__clkbuf_16)
                  0.05    0.27   13.39 ^ clkbuf_leaf_400_clk/X (sky130_fd_sc_hd__clkbuf_16)
     2    0.01                           clknet_leaf_400_clk (net)
                  0.05    0.00   13.39 ^ _104687_/CLK (sky130_fd_sc_hd__dfxtp_1)
                         -0.25   13.14   clock uncertainty
                          0.00   13.14   clock reconvergence pessimism
                         -0.35   12.79   library setup time
                                 12.79   data required time
-----------------------------------------------------------------------------
                                 12.79   data required time
                                -18.78   data arrival time
-----------------------------------------------------------------------------
                                 -5.99   slack (VIOLATED)



======================= Typical Corner ===================================

No paths found.


===========================================================================
 report_check_types -max_slew -max_cap -max_fanout -violators
============================================================================
======================= Fastest Corner ===================================


======================= Slowest Corner ===================================

max slew

Pin                                    Limit    Slew   Slack
------------------------------------------------------------
ANTENNA__054076__A1/DIODE               1.50    1.91   -0.41 (VIOLATED)
_054076_/A1                             1.50    1.91   -0.41 (VIOLATED)
ANTENNA__051769__C/DIODE                1.50    1.91   -0.41 (VIOLATED)
_051769_/C                              1.50    1.91   -0.41 (VIOLATED)
_052138_/A1                             1.50    1.91   -0.41 (VIOLATED)
ANTENNA__052138__A1/DIODE               1.50    1.91   -0.41 (VIOLATED)
_051778_/A1                             1.50    1.91   -0.41 (VIOLATED)
ANTENNA__051778__A1/DIODE               1.50    1.91   -0.41 (VIOLATED)
_051920_/A2                             1.50    1.91   -0.41 (VIOLATED)
ANTENNA__051920__A2/DIODE               1.50    1.91   -0.41 (VIOLATED)
_052018_/B                              1.50    1.91   -0.41 (VIOLATED)
ANTENNA__052018__B/DIODE                1.50    1.91   -0.41 (VIOLATED)
_051768_/Y                              1.79    1.91   -0.12 (VIOLATED)
_063242_/Y                              1.50    1.60   -0.11 (VIOLATED)
_063247_/A                              1.50    1.60   -0.10 (VIOLATED)
_063246_/B1                             1.50    1.60   -0.10 (VIOLATED)
ANTENNA__063247__A/DIODE                1.50    1.60   -0.10 (VIOLATED)
ANTENNA__063246__B1/DIODE               1.50    1.60   -0.10 (VIOLATED)
_063429_/C1                             1.50    1.60   -0.10 (VIOLATED)
ANTENNA__063429__C1/DIODE               1.50    1.60   -0.10 (VIOLATED)
ANTENNA__063430__A2/DIODE               1.50    1.60   -0.10 (VIOLATED)
_063430_/A2                             1.50    1.60   -0.10 (VIOLATED)

max capacitance

Pin                                    Limit     Cap   Slack
------------------------------------------------------------
_051768_/Y                              0.10    0.11   -0.01 (VIOLATED)
_063242_/Y                              0.06    0.07   -0.01 (VIOLATED)
_092707_/Y                              0.07    0.07   -0.00 (VIOLATED)


======================= Typical Corner ===================================



===========================================================================
report_parasitic_annotation -report_unannotated
============================================================================
Found 30 unannotated drivers.
 g_banks\[0\].u_ram.u_macro_2370/HI
 g_banks\[0\].u_ram.u_macro_2376/LO
 g_banks\[0\].u_ram.u_macro_2377/LO
 g_banks\[0\].u_ram.u_macro_2378/LO
 g_banks\[0\].u_ram.u_macro_2379/LO
 g_banks\[1\].u_ram.u_macro_2371/HI
 g_banks\[1\].u_ram.u_macro_2380/LO
 g_banks\[1\].u_ram.u_macro_2381/LO
 g_banks\[1\].u_ram.u_macro_2382/LO
 g_banks\[1\].u_ram.u_macro_2383/LO
 g_banks\[2\].u_ram.u_macro_2372/HI
 g_banks\[2\].u_ram.u_macro_2384/LO
 g_banks\[2\].u_ram.u_macro_2385/LO
 g_banks\[2\].u_ram.u_macro_2386/LO
 g_banks\[2\].u_ram.u_macro_2387/LO
 g_banks\[3\].u_ram.u_macro_2373/HI
 g_banks\[3\].u_ram.u_macro_2388/LO
 g_banks\[3\].u_ram.u_macro_2389/LO
 g_banks\[3\].u_ram.u_macro_2390/LO
 g_banks\[3\].u_ram.u_macro_2391/LO
 u_zstore.g_zrams\[0\].u_ram.u_macro_2374/HI
 u_zstore.g_zrams\[0\].u_ram.u_macro_2392/LO
 u_zstore.g_zrams\[0\].u_ram.u_macro_2393/LO
 u_zstore.g_zrams\[0\].u_ram.u_macro_2394/LO
 u_zstore.g_zrams\[0\].u_ram.u_macro_2395/LO
 u_zstore.g_zrams\[1\].u_ram.u_macro_2375/HI
 u_zstore.g_zrams\[1\].u_ram.u_macro_2396/LO
 u_zstore.g_zrams\[1\].u_ram.u_macro_2397/LO
 u_zstore.g_zrams\[1\].u_ram.u_macro_2398/LO
 u_zstore.g_zrams\[1\].u_ram.u_macro_2399/LO
Found 312 partially unannotated drivers.
 _054011_/X
  g_banks\[3\].u_ram.u_macro/din0[21]
 _054064_/X
  g_banks\[3\].u_ram.u_macro/din0[19]
 _099749_/X
  g_banks\[0\].u_ram.u_macro/din0[29]
 _099767_/X
  g_banks\[0\].u_ram.u_macro/din0[28]
 _099782_/X
  g_banks\[0\].u_ram.u_macro/din0[27]
 _099801_/X
  g_banks\[0\].u_ram.u_macro/din0[26]
 _099821_/X
  g_banks\[0\].u_ram.u_macro/din0[25]
 _099868_/X
  g_banks\[0\].u_ram.u_macro/din0[23]
 _099889_/X
  g_banks\[0\].u_ram.u_macro/din0[22]
 _099904_/X
  g_banks\[0\].u_ram.u_macro/din0[21]
 _099917_/X
  g_banks\[0\].u_ram.u_macro/din0[20]
 _099930_/X
  g_banks\[0\].u_ram.u_macro/din0[19]
 _099970_/X
  g_banks\[0\].u_ram.u_macro/din0[16]
 _099986_/X
  g_banks\[0\].u_ram.u_macro/din0[15]
 _100361_/X
  g_banks\[1\].u_ram.u_macro/din0[31]
 _100384_/X
  g_banks\[1\].u_ram.u_macro/din0[30]
 _100400_/X
  g_banks\[1\].u_ram.u_macro/din0[29]
 _100416_/X
  g_banks\[1\].u_ram.u_macro/din0[28]
 _100428_/X
  g_banks\[1\].u_ram.u_macro/din0[27]
 _100442_/X
  g_banks\[1\].u_ram.u_macro/din0[26]
 _100459_/X
  g_banks\[1\].u_ram.u_macro/din0[25]
 _100496_/X
  g_banks\[1\].u_ram.u_macro/din0[23]
 _100513_/X
  g_banks\[1\].u_ram.u_macro/din0[22]
 _100529_/X
  g_banks\[1\].u_ram.u_macro/din0[21]
 _100541_/X
  g_banks\[1\].u_ram.u_macro/din0[20]
 _100553_/X
  g_banks\[1\].u_ram.u_macro/din0[19]
 _100592_/X
  g_banks\[1\].u_ram.u_macro/din0[16]
 _100604_/X
  g_banks\[1\].u_ram.u_macro/din0[15]
 _100616_/X
  g_banks\[1\].u_ram.u_macro/din0[14]
 _100897_/X
  g_banks\[2\].u_ram.u_macro/din0[31]
 _100909_/X
  g_banks\[2\].u_ram.u_macro/din0[30]
 _100922_/X
  g_banks\[2\].u_ram.u_macro/din0[29]
 _100952_/X
  g_banks\[2\].u_ram.u_macro/din0[27]
 _100980_/X
  g_banks\[2\].u_ram.u_macro/din0[25]
 _101006_/X
  g_banks\[2\].u_ram.u_macro/din0[23]
 _101031_/X
  g_banks\[2\].u_ram.u_macro/din0[21]
 _101043_/X
  g_banks\[2\].u_ram.u_macro/din0[20]
 g_banks\[0\].u_ram.u_macro_2376/HI
  g_banks\[0\].u_ram.u_macro/wmask0[3]
 g_banks\[0\].u_ram.u_macro_2377/HI
  g_banks\[0\].u_ram.u_macro/wmask0[2]
 g_banks\[0\].u_ram.u_macro_2378/HI
  g_banks\[0\].u_ram.u_macro/wmask0[1]
 g_banks\[0\].u_ram.u_macro_2379/HI
  g_banks\[0\].u_ram.u_macro/wmask0[0]
 g_banks\[1\].u_ram.u_macro_2380/HI
  g_banks\[1\].u_ram.u_macro/wmask0[3]
 g_banks\[1\].u_ram.u_macro_2381/HI
  g_banks\[1\].u_ram.u_macro/wmask0[2]
 g_banks\[1\].u_ram.u_macro_2382/HI
  g_banks\[1\].u_ram.u_macro/wmask0[1]
 g_banks\[1\].u_ram.u_macro_2383/HI
  g_banks\[1\].u_ram.u_macro/wmask0[0]
 g_banks\[2\].u_ram.u_macro_2384/HI
  g_banks\[2\].u_ram.u_macro/wmask0[3]
 g_banks\[2\].u_ram.u_macro_2385/HI
  g_banks\[2\].u_ram.u_macro/wmask0[2]
 g_banks\[2\].u_ram.u_macro_2386/HI
  g_banks\[2\].u_ram.u_macro/wmask0[1]
 g_banks\[2\].u_ram.u_macro_2387/HI
  g_banks\[2\].u_ram.u_macro/wmask0[0]
 g_banks\[3\].u_ram.u_macro_2388/HI
  g_banks\[3\].u_ram.u_macro/wmask0[3]
 g_banks\[3\].u_ram.u_macro_2389/HI
  g_banks\[3\].u_ram.u_macro/wmask0[2]
 g_banks\[3\].u_ram.u_macro_2390/HI
  g_banks\[3\].u_ram.u_macro/wmask0[1]
 g_banks\[3\].u_ram.u_macro_2391/HI
  g_banks\[3\].u_ram.u_macro/wmask0[0]
 input45/X
  u_zstore.g_zrams\[0\].u_ram.u_macro/din0[23]
 max_length2267/X
  u_zstore.g_zrams\[1\].u_ram.u_macro/din0[6]
 max_length2340/X
  u_zstore.g_zrams\[0\].u_ram.u_macro/din0[21]
 u_zstore.g_zrams\[0\].u_ram.u_macro_2392/HI
  u_zstore.g_zrams\[0\].u_ram.u_macro/wmask0[3]
 u_zstore.g_zrams\[0\].u_ram.u_macro_2393/HI
  u_zstore.g_zrams\[0\].u_ram.u_macro/wmask0[2]
 u_zstore.g_zrams\[0\].u_ram.u_macro_2394/HI
  u_zstore.g_zrams\[0\].u_ram.u_macro/wmask0[1]
 u_zstore.g_zrams\[0\].u_ram.u_macro_2395/HI
  u_zstore.g_zrams\[0\].u_ram.u_macro/wmask0[0]
 u_zstore.g_zrams\[1\].u_ram.u_macro_2396/HI
  u_zstore.g_zrams\[1\].u_ram.u_macro/wmask0[3]
 u_zstore.g_zrams\[1\].u_ram.u_macro_2397/HI
  u_zstore.g_zrams\[1\].u_ram.u_macro/wmask0[2]
 u_zstore.g_zrams\[1\].u_ram.u_macro_2398/HI
  u_zstore.g_zrams\[1\].u_ram.u_macro/wmask0[1]
 u_zstore.g_zrams\[1\].u_ram.u_macro_2399/HI
  u_zstore.g_zrams\[1\].u_ram.u_macro/wmask0[0]
 wire1/X
  g_banks\[1\].u_ram.u_macro/addr1[2]
 wire10/X
  g_banks\[1\].u_ram.u_macro/addr1[6]
 wire100/X
  g_banks\[0\].u_ram.u_macro/din0[2]
 wire102/X
  g_banks\[0\].u_ram.u_macro/din0[4]
 wire104/X
  g_banks\[0\].u_ram.u_macro/din0[5]
 wire106/X
  g_banks\[0\].u_ram.u_macro/din0[14]
 wire108/X
  g_banks\[3\].u_ram.u_macro/din0[2]
 wire11/X
  g_banks\[1\].u_ram.u_macro/addr1[7]
 wire110/X
  g_banks\[3\].u_ram.u_macro/din0[5]
 wire114/X
  g_banks\[3\].u_ram.u_macro/din0[7]
 wire118/X
  g_banks\[2\].u_ram.u_macro/din0[2]
 wire119/X
  g_banks\[2\].u_ram.u_macro/din0[7]
 wire12/X
  g_banks\[0\].u_ram.u_macro/addr1[2]
 wire122/X
  g_banks\[2\].u_ram.u_macro/din0[14]
 wire124/X
  g_banks\[1\].u_ram.u_macro/din0[1]
 wire129/X
  g_banks\[1\].u_ram.u_macro/din0[3]
 wire13/X
  g_banks\[3\].u_ram.u_macro/addr1[7]
 wire132/X
  g_banks\[1\].u_ram.u_macro/din0[4]
 wire135/X
  g_banks\[1\].u_ram.u_macro/din0[6]
 wire138/X
  g_banks\[1\].u_ram.u_macro/din0[8]
 wire14/X
  g_banks\[2\].u_ram.u_macro/addr1[6]
 wire141/X
  g_banks\[0\].u_ram.u_macro/din0[3]
 wire143/X
  g_banks\[0\].u_ram.u_macro/din0[6]
 wire145/X
  g_banks\[0\].u_ram.u_macro/din0[8]
 wire147/X
  g_banks\[3\].u_ram.u_macro/din0[1]
 wire15/X
  g_banks\[2\].u_ram.u_macro/addr1[4]
 wire152/X
  g_banks\[3\].u_ram.u_macro/din0[3]
 wire156/X
  g_banks\[3\].u_ram.u_macro/din0[4]
 wire16/X
  g_banks\[0\].u_ram.u_macro/addr1[3]
 wire160/X
  g_banks\[3\].u_ram.u_macro/din0[6]
 wire164/X
  g_banks\[3\].u_ram.u_macro/din0[8]
 wire168/X
  g_banks\[3\].u_ram.u_macro/din0[9]
 wire17/X
  g_banks\[2\].u_ram.u_macro/addr1[5]
 wire172/X
  g_banks\[3\].u_ram.u_macro/din0[10]
 wire176/X
  g_banks\[3\].u_ram.u_macro/din0[12]
 wire178/X
  g_banks\[3\].u_ram.u_macro/din0[14]
 wire18/X
  g_banks\[2\].u_ram.u_macro/addr1[3]
 wire180/X
  g_banks\[2\].u_ram.u_macro/din0[1]
 wire184/X
  g_banks\[2\].u_ram.u_macro/din0[3]
 wire187/X
  g_banks\[2\].u_ram.u_macro/din0[4]
 wire19/X
  g_banks\[0\].u_ram.u_macro/addr1[4]
 wire190/X
  g_banks\[2\].u_ram.u_macro/din0[5]
 wire193/X
  g_banks\[2\].u_ram.u_macro/din0[6]
 wire196/X
  g_banks\[2\].u_ram.u_macro/din0[9]
 wire199/X
  g_banks\[2\].u_ram.u_macro/din0[10]
 wire2/X
  g_banks\[3\].u_ram.u_macro/addr1[6]
 wire20/X
  g_banks\[2\].u_ram.u_macro/addr1[7]
 wire202/X
  g_banks\[2\].u_ram.u_macro/din0[12]
 wire204/X
  g_banks\[1\].u_ram.u_macro/din0[7]
 wire207/X
  g_banks\[1\].u_ram.u_macro/din0[9]
 wire21/X
  g_banks\[0\].u_ram.u_macro/addr1[6]
 wire210/X
  g_banks\[1\].u_ram.u_macro/din0[10]
 wire213/X
  g_banks\[1\].u_ram.u_macro/din0[11]
 wire216/X
  g_banks\[1\].u_ram.u_macro/din0[12]
 wire219/X
  g_banks\[1\].u_ram.u_macro/din0[13]
 wire22/X
  g_banks\[0\].u_ram.u_macro/addr1[5]
 wire2204/X
  u_zstore.g_zrams\[1\].u_ram.u_macro/din0[22]
 wire2207/X
  u_zstore.g_zrams\[0\].u_ram.u_macro/din0[22]
 wire2208/X
  u_zstore.g_zrams\[1\].u_ram.u_macro/din0[23]
 wire2211/X
  u_zstore.g_zrams\[1\].u_ram.u_macro/din0[24]
 wire2213/X
  u_zstore.g_zrams\[0\].u_ram.u_macro/din0[24]
 wire2214/X
  u_zstore.g_zrams\[0\].u_ram.u_macro/din0[25]
 wire2216/X
  u_zstore.g_zrams\[1\].u_ram.u_macro/din0[25]
 wire2219/X
  u_zstore.g_zrams\[0\].u_ram.u_macro/din0[26]
 wire222/X
  g_banks\[0\].u_ram.u_macro/din0[7]
 wire2221/X
  u_zstore.g_zrams\[1\].u_ram.u_macro/din0[26]
 wire2225/X
  u_zstore.g_zrams\[0\].u_ram.u_macro/din0[27]
 wire2227/X
  u_zstore.g_zrams\[1\].u_ram.u_macro/din0[27]
 wire2229/X
  u_zstore.g_zrams\[0\].u_ram.u_macro/din0[28]
 wire2231/X
  u_zstore.g_zrams\[1\].u_ram.u_macro/din0[28]
 wire2238/X
  u_zstore.g_zrams\[0\].u_ram.u_macro/din0[0]
 wire224/X
  g_banks\[0\].u_ram.u_macro/din0[9]
 wire2240/X
  u_zstore.g_zrams\[1\].u_ram.u_macro/din0[0]
 wire2243/X
  u_zstore.g_zrams\[1\].u_ram.u_macro/din0[1]
 wire2245/X
  u_zstore.g_zrams\[0\].u_ram.u_macro/din0[1]
 wire2247/X
  u_zstore.g_zrams\[1\].u_ram.u_macro/din0[29]
 wire2250/X
  u_zstore.g_zrams\[0\].u_ram.u_macro/din0[29]
 wire2251/X
  u_zstore.g_zrams\[1\].u_ram.u_macro/din0[2]
 wire2254/X
  u_zstore.g_zrams\[0\].u_ram.u_macro/din0[2]
 wire2255/X
  u_zstore.g_zrams\[1\].u_ram.u_macro/din0[3]
 wire2257/X
  u_zstore.g_zrams\[0\].u_ram.u_macro/din0[3]
 wire2258/X
  u_zstore.g_zrams\[1\].u_ram.u_macro/din0[4]
 wire2259/X
  u_zstore.g_zrams\[0\].u_ram.u_macro/din0[4]
 wire226/X
  g_banks\[0\].u_ram.u_macro/din0[10]
 wire2262/X
  u_zstore.g_zrams\[1\].u_ram.u_macro/din0[5]
 wire2264/X
  u_zstore.g_zrams\[0\].u_ram.u_macro/din0[5]
 wire2266/X
  u_zstore.g_zrams\[0\].u_ram.u_macro/din0[6]
 wire2269/X
  u_zstore.g_zrams\[1\].u_ram.u_macro/din0[7]
 wire2271/X
  u_zstore.g_zrams\[0\].u_ram.u_macro/din0[7]
 wire2273/X
  u_zstore.g_zrams\[0\].u_ram.u_macro/din0[8]
 wire2274/X
  u_zstore.g_zrams\[1\].u_ram.u_macro/din0[8]
 wire2279/X
  u_zstore.g_zrams\[1\].u_ram.u_macro/din0[9]
 wire228/X
  g_banks\[0\].u_ram.u_macro/din0[11]
 wire2281/X
  u_zstore.g_zrams\[0\].u_ram.u_macro/din0[9]
 wire2284/X
  u_zstore.g_zrams\[1\].u_ram.u_macro/din0[10]
 wire2286/X
  u_zstore.g_zrams\[0\].u_ram.u_macro/din0[10]
 wire2288/X
  u_zstore.g_zrams\[0\].u_ram.u_macro/din0[11]
 wire2289/X
  u_zstore.g_zrams\[1\].u_ram.u_macro/din0[11]
 wire2291/X
  u_zstore.g_zrams\[0\].u_ram.u_macro/din0[30]
 wire2294/X
  u_zstore.g_zrams\[1\].u_ram.u_macro/din0[30]
 wire2296/X
  u_zstore.g_zrams\[1\].u_ram.u_macro/din0[12]
 wire23/X
  g_banks\[3\].u_ram.u_macro/addr0[2]
 wire230/X
  g_banks\[0\].u_ram.u_macro/din0[12]
 wire2300/X
  u_zstore.g_zrams\[0\].u_ram.u_macro/din0[12]
 wire2301/X
  u_zstore.g_zrams\[0\].u_ram.u_macro/din0[13]
 wire2302/X
  u_zstore.g_zrams\[1\].u_ram.u_macro/din0[13]
 wire2303/X
  u_zstore.g_zrams\[0\].u_ram.u_macro/din0[14]
 wire2304/X
  u_zstore.g_zrams\[1\].u_ram.u_macro/din0[14]
 wire2308/X
  u_zstore.g_zrams\[0\].u_ram.u_macro/din0[15]
 wire2310/X
  u_zstore.g_zrams\[1\].u_ram.u_macro/din0[15]
 wire2313/X
  u_zstore.g_zrams\[1\].u_ram.u_macro/din0[16]
 wire2316/X
  u_zstore.g_zrams\[0\].u_ram.u_macro/din0[16]
 wire2319/X
  u_zstore.g_zrams\[1\].u_ram.u_macro/din0[17]
 wire232/X
  g_banks\[0\].u_ram.u_macro/din0[17]
 wire2322/X
  u_zstore.g_zrams\[0\].u_ram.u_macro/din0[17]
 wire2328/X
  u_zstore.g_zrams\[0\].u_ram.u_macro/din0[18]
 wire2329/X
  u_zstore.g_zrams\[1\].u_ram.u_macro/din0[18]
 wire2331/X
  u_zstore.g_zrams\[0\].u_ram.u_macro/din0[19]
 wire2333/X
  u_zstore.g_zrams\[1\].u_ram.u_macro/din0[19]
 wire2334/X
  u_zstore.g_zrams\[0\].u_ram.u_macro/din0[20]
 wire2336/X
  u_zstore.g_zrams\[1\].u_ram.u_macro/din0[20]
 wire2338/X
  u_zstore.g_zrams\[1\].u_ram.u_macro/din0[21]
 wire2343/X
  u_zstore.g_zrams\[1\].u_ram.u_macro/din0[31]
 wire2346/X
  u_zstore.g_zrams\[0\].u_ram.u_macro/din0[31]
 wire238/X
  g_banks\[3\].u_ram.u_macro/din0[11]
 wire24/X
  g_banks\[0\].u_ram.u_macro/addr1[7]
 wire243/X
  g_banks\[3\].u_ram.u_macro/din0[13]
 wire248/X
  g_banks\[3\].u_ram.u_macro/din0[16]
 wire25/X
  g_banks\[3\].u_ram.u_macro/addr0[3]
 wire250/X
  g_banks\[2\].u_ram.u_macro/din0[8]
 wire253/X
  g_banks\[2\].u_ram.u_macro/din0[11]
 wire256/X
  g_banks\[2\].u_ram.u_macro/din0[13]
 wire259/X
  g_banks\[2\].u_ram.u_macro/din0[17]
 wire26/X
  g_banks\[0\].u_ram.u_macro/addr0[2]
 wire262/X
  g_banks\[1\].u_ram.u_macro/din0[0]
 wire27/X
  g_banks\[1\].u_ram.u_macro/addr0[7]
 wire271/X
  g_banks\[1\].u_ram.u_macro/din0[17]
 wire274/X
  g_banks\[0\].u_ram.u_macro/din0[0]
 wire276/X
  g_banks\[0\].u_ram.u_macro/din0[13]
 wire28/X
  g_banks\[3\].u_ram.u_macro/addr0[7]
 wire286/X
  g_banks\[3\].u_ram.u_macro/din0[0]
 wire29/X
  g_banks\[3\].u_ram.u_macro/addr0[6]
 wire291/X
  g_banks\[3\].u_ram.u_macro/din0[17]
 wire295/X
  g_banks\[2\].u_ram.u_macro/din0[0]
 wire298/X
  g_banks\[2\].u_ram.u_macro/din0[16]
 wire3/X
  g_banks\[3\].u_ram.u_macro/addr1[4]
 wire30/X
  g_banks\[3\].u_ram.u_macro/addr0[5]
 wire300/X
  g_banks\[2\].u_ram.u_macro/din0[19]
 wire305/X
  g_banks\[1\].u_ram.u_macro/din0[18]
 wire308/X
  g_banks\[0\].u_ram.u_macro/din0[18]
 wire31/X
  g_banks\[3\].u_ram.u_macro/addr0[4]
 wire32/X
  g_banks\[1\].u_ram.u_macro/addr0[2]
 wire323/X
  g_banks\[3\].u_ram.u_macro/din0[15]
 wire325/X
  g_banks\[3\].u_ram.u_macro/din0[18]
 wire33/X
  g_banks\[2\].u_ram.u_macro/addr0[7]
 wire331/X
  g_banks\[3\].u_ram.u_macro/din0[20]
 wire333/X
  g_banks\[2\].u_ram.u_macro/din0[15]
 wire335/X
  g_banks\[2\].u_ram.u_macro/din0[18]
 wire339/X
  g_banks\[2\].u_ram.u_macro/din0[22]
 wire34/X
  g_banks\[2\].u_ram.u_macro/addr0[6]
 wire35/X
  g_banks\[2\].u_ram.u_macro/addr0[2]
 wire36/X
  g_banks\[0\].u_ram.u_macro/addr0[3]
 wire364/X
  g_banks\[3\].u_ram.u_macro/din0[22]
 wire37/X
  g_banks\[1\].u_ram.u_macro/addr0[6]
 wire376/X
  g_banks\[3\].u_ram.u_macro/din0[23]
 wire378/X
  g_banks\[3\].u_ram.u_macro/din0[25]
 wire38/X
  g_banks\[1\].u_ram.u_macro/addr0[5]
 wire39/X
  g_banks\[3\].u_ram.u_macro/addr1[0]
 wire390/X
  g_banks\[2\].u_ram.u_macro/din0[26]
 wire395/X
  g_banks\[0\].u_ram.u_macro/din0[24]
 wire4/X
  g_banks\[1\].u_ram.u_macro/addr1[5]
 wire40/X
  g_banks\[1\].u_ram.u_macro/addr1[0]
 wire404/X
  g_banks\[3\].u_ram.u_macro/din0[26]
 wire406/X
  g_banks\[3\].u_ram.u_macro/din0[27]
 wire409/X
  g_banks\[2\].u_ram.u_macro/din0[24]
 wire41/X
  g_banks\[0\].u_ram.u_macro/addr0[7]
 wire417/X
  g_banks\[1\].u_ram.u_macro/din0[24]
 wire42/X
  g_banks\[0\].u_ram.u_macro/addr0[6]
 wire43/X
  g_banks\[0\].u_ram.u_macro/addr0[5]
 wire430/X
  g_banks\[3\].u_ram.u_macro/din0[24]
 wire434/X
  g_banks\[3\].u_ram.u_macro/din0[28]
 wire436/X
  g_banks\[2\].u_ram.u_macro/din0[28]
 wire44/X
  g_banks\[0\].u_ram.u_macro/addr0[4]
 wire449/X
  g_banks\[3\].u_ram.u_macro/din0[29]
 wire45/X
  g_banks\[1\].u_ram.u_macro/addr0[4]
 wire456/X
  g_banks\[0\].u_ram.u_macro/din0[30]
 wire459/X
  g_banks\[3\].u_ram.u_macro/din0[30]
 wire46/X
  g_banks\[1\].u_ram.u_macro/addr0[3]
 wire47/X
  g_banks\[2\].u_ram.u_macro/addr0[5]
 wire475/X
  g_banks\[3\].u_ram.u_macro/din0[31]
 wire48/X
  g_banks\[2\].u_ram.u_macro/addr0[4]
 wire49/X
  g_banks\[2\].u_ram.u_macro/addr0[3]
 wire5/X
  g_banks\[1\].u_ram.u_macro/addr1[4]
 wire50/X
  g_banks\[3\].u_ram.u_macro/addr1[1]
 wire51/X
  g_banks\[1\].u_ram.u_macro/addr1[1]
 wire52/X
  u_zstore.g_zrams\[1\].u_ram.u_macro/addr1[4]
 wire53/X
  g_banks\[3\].u_ram.u_macro/addr0[1]
 wire536/X
  g_banks\[0\].u_ram.u_macro/din0[31]
 wire54/X
  g_banks\[3\].u_ram.u_macro/addr0[0]
 wire55/X
  u_zstore.g_zrams\[1\].u_ram.u_macro/addr1[7]
 wire56/X
  u_zstore.g_zrams\[1\].u_ram.u_macro/addr1[6]
 wire562/X
  g_banks\[2\].u_ram.u_macro/addr1[2]
 wire57/X
  u_zstore.g_zrams\[1\].u_ram.u_macro/addr1[5]
 wire58/X
  u_zstore.g_zrams\[1\].u_ram.u_macro/addr1[3]
 wire59/X
  u_zstore.g_zrams\[1\].u_ram.u_macro/addr1[2]
 wire6/X
  g_banks\[1\].u_ram.u_macro/addr1[3]
 wire60/X
  g_banks\[1\].u_ram.u_macro/addr0[1]
 wire61/X
  g_banks\[1\].u_ram.u_macro/addr0[0]
 wire62/X
  g_banks\[0\].u_ram.u_macro/addr1[0]
 wire63/X
  u_zstore.g_zrams\[1\].u_ram.u_macro/addr1[1]
 wire64/X
  g_banks\[0\].u_ram.u_macro/addr0[1]
 wire65/X
  g_banks\[0\].u_ram.u_macro/addr0[0]
 wire66/X
  g_banks\[0\].u_ram.u_macro/addr1[1]
 wire67/X
  g_banks\[2\].u_ram.u_macro/addr0[1]
 wire68/X
  g_banks\[2\].u_ram.u_macro/addr0[0]
 wire69/X
  u_zstore.g_zrams\[0\].u_ram.u_macro/addr1[4]
 wire7/X
  g_banks\[3\].u_ram.u_macro/addr1[5]
 wire70/X
  u_zstore.g_zrams\[0\].u_ram.u_macro/addr1[7]
 wire71/X
  u_zstore.g_zrams\[0\].u_ram.u_macro/addr1[6]
 wire72/X
  u_zstore.g_zrams\[0\].u_ram.u_macro/addr1[5]
 wire73/X
  u_zstore.g_zrams\[0\].u_ram.u_macro/addr1[3]
 wire74/X
  u_zstore.g_zrams\[0\].u_ram.u_macro/addr1[2]
 wire75/X
  u_zstore.g_zrams\[1\].u_ram.u_macro/addr0[0]
 wire76/X
  u_zstore.g_zrams\[0\].u_ram.u_macro/addr1[1]
 wire761/X
  g_banks\[2\].u_ram.u_macro/addr1[0]
 wire764/X
  g_banks\[2\].u_ram.u_macro/addr1[1]
 wire77/X
  u_zstore.g_zrams\[1\].u_ram.u_macro/addr1[0]
 wire78/X
  u_zstore.g_zrams\[0\].u_ram.u_macro/addr0[0]
 wire79/X
  u_zstore.g_zrams\[0\].u_ram.u_macro/addr0[7]
 wire8/X
  g_banks\[3\].u_ram.u_macro/addr1[3]
 wire80/X
  u_zstore.g_zrams\[0\].u_ram.u_macro/addr0[6]
 wire81/X
  u_zstore.g_zrams\[0\].u_ram.u_macro/addr0[5]
 wire82/X
  u_zstore.g_zrams\[0\].u_ram.u_macro/addr0[4]
 wire83/X
  u_zstore.g_zrams\[0\].u_ram.u_macro/addr0[3]
 wire84/X
  u_zstore.g_zrams\[0\].u_ram.u_macro/addr0[2]
 wire85/X
  u_zstore.g_zrams\[0\].u_ram.u_macro/addr0[1]
 wire86/X
  u_zstore.g_zrams\[1\].u_ram.u_macro/addr0[7]
 wire87/X
  u_zstore.g_zrams\[1\].u_ram.u_macro/addr0[6]
 wire88/X
  u_zstore.g_zrams\[1\].u_ram.u_macro/addr0[5]
 wire89/X
  u_zstore.g_zrams\[1\].u_ram.u_macro/addr0[4]
 wire9/X
  g_banks\[3\].u_ram.u_macro/addr1[2]
 wire90/X
  u_zstore.g_zrams\[1\].u_ram.u_macro/addr0[3]
 wire91/X
  u_zstore.g_zrams\[1\].u_ram.u_macro/addr0[2]
 wire92/X
  u_zstore.g_zrams\[1\].u_ram.u_macro/addr0[1]
 wire93/X
  u_zstore.g_zrams\[0\].u_ram.u_macro/addr1[0]
 wire94/X
  g_banks\[1\].u_ram.u_macro/din0[2]
 wire95/X
  g_banks\[1\].u_ram.u_macro/din0[5]
 wire98/X
  g_banks\[0\].u_ram.u_macro/din0[1]

===========================================================================
max slew violation count 22
max fanout violation count 0
max cap violation count 3
============================================================================

===========================================================================
check_setup -verbose -unconstrained_endpoints -multiple_clock -no_clock -no_input_delay -loops -generated_clocks
===========================================================================
