
===========================================================================
 report_power
============================================================================
======================= Fastest Corner ===================================

Group                  Internal  Switching    Leakage      Total
                          Power      Power      Power      Power (Watts)
----------------------------------------------------------------
Sequential             3.54e-02   1.33e-02   2.87e-07   4.87e-02   4.9%
Combinational          3.08e-01   6.41e-01   8.61e-07   9.49e-01  95.1%
Macro                  0.00e+00   0.00e+00   0.00e+00   0.00e+00   0.0%
Pad                    0.00e+00   0.00e+00   0.00e+00   0.00e+00   0.0%
----------------------------------------------------------------
Total                  3.43e-01   6.54e-01   1.15e-06   9.98e-01 100.0%
                          34.4%      65.6%       0.0%

======================= Slowest Corner ===================================

Group                  Internal  Switching    Leakage      Total
                          Power      Power      Power      Power (Watts)
----------------------------------------------------------------
Sequential             2.37e-02   8.88e-03   6.31e-05   3.26e-02   4.7%
Combinational          2.27e-01   4.30e-01   2.60e-04   6.58e-01  95.3%
Macro                  0.00e+00   0.00e+00   0.00e+00   0.00e+00   0.0%
Pad                    0.00e+00   0.00e+00   0.00e+00   0.00e+00   0.0%
----------------------------------------------------------------
Total                  2.51e-01   4.39e-01   3.23e-04   6.90e-01 100.0%
                          36.3%      63.6%       0.0%

======================= Typical Corner ===================================

Group                  Internal  Switching    Leakage      Total
                          Power      Power      Power      Power (Watts)
----------------------------------------------------------------
Sequential             3.04e-02   1.13e-02   2.58e-07   4.16e-02   4.8%
Combinational          2.84e-01   5.45e-01   4.90e-07   8.29e-01  95.2%
Macro                  0.00e+00   0.00e+00   0.00e+00   0.00e+00   0.0%
Pad                    0.00e+00   0.00e+00   0.00e+00   0.00e+00   0.0%
----------------------------------------------------------------
Total                  3.14e-01   5.56e-01   7.47e-07   8.71e-01 100.0%
                          36.1%      63.9%       0.0%

