
===========================================================================
 report_power
============================================================================
======================= Fastest Corner ===================================

Group                  Internal  Switching    Leakage      Total
                          Power      Power      Power      Power (Watts)
----------------------------------------------------------------
Sequential             1.20e-01   3.57e-03   1.99e-06   1.24e-01   0.0%
Combinational          2.03e+02   3.34e+02   4.34e-07   5.37e+02 100.0%
Macro                  0.00e+00   0.00e+00   0.00e+00   0.00e+00   0.0%
Pad                    0.00e+00   0.00e+00   0.00e+00   0.00e+00   0.0%
----------------------------------------------------------------
Total                  2.03e+02   3.34e+02   2.42e-06   5.37e+02 100.0%
                          37.8%      62.2%       0.0%

======================= Slowest Corner ===================================

Group                  Internal  Switching    Leakage      Total
                          Power      Power      Power      Power (Watts)
----------------------------------------------------------------
Sequential             7.49e-02   2.38e-03   7.93e-06   7.73e-02   0.0%
Combinational          1.43e+02   2.23e+02   1.94e-04   3.65e+02 100.0%
Macro                  0.00e+00   0.00e+00   0.00e+00   0.00e+00   0.0%
Pad                    0.00e+00   0.00e+00   0.00e+00   0.00e+00   0.0%
----------------------------------------------------------------
Total                  1.43e+02   2.23e+02   2.02e-04   3.65e+02 100.0%
                          39.1%      60.9%       0.0%

======================= Typical Corner ===================================

Group                  Internal  Switching    Leakage      Total
                          Power      Power      Power      Power (Watts)
----------------------------------------------------------------
Sequential             1.02e-01   3.02e-03   1.99e-06   1.05e-01   0.0%
Combinational          1.83e+02   2.83e+02   2.59e-07   4.66e+02 100.0%
Macro                  0.00e+00   0.00e+00   0.00e+00   0.00e+00   0.0%
Pad                    0.00e+00   0.00e+00   0.00e+00   0.00e+00   0.0%
----------------------------------------------------------------
Total                  1.83e+02   2.83e+02   2.25e-06   4.66e+02 100.0%
                          39.2%      60.8%       0.0%

