Partial/Required:  4.12, Required:    400.0, Partial:  1649.56, Net: net61, Pin: _13672_/A1, Layer: met2
Partial/Required:  3.65, Required:    400.0, Partial:  1460.22, Net: net58, Pin: _13805_/A1, Layer: met1
Partial/Required:  3.55, Required:    400.0, Partial:  1419.56, Net: net52, Pin: _13725_/A1, Layer: met1
Partial/Required:  3.43, Required:    400.0, Partial:  1370.44, Net: net54, Pin: _13660_/A1, Layer: met1
Partial/Required:  3.38, Required:    400.0, Partial:  1352.44, Net: net55, Pin: _13799_/A1, Layer: met1
Partial/Required:  3.17, Required:    400.0, Partial:  1268.89, Net: stage8_inst.in1\[22\], Pin: _12882_/A0, Layer: met1
Partial/Required:  3.10, Required:    400.0, Partial:  1239.22, Net: net48, Pin: _13747_/A1, Layer: met1
Partial/Required:  3.01, Required:    400.0, Partial:  1203.89, Net: net45, Pin: _13574_/A1, Layer: met1
Partial/Required:  2.65, Required:    400.0, Partial:  1058.89, Net: net37, Pin: _13608_/A1, Layer: met1
Partial/Required:  2.51, Required:    400.0, Partial:  1005.89, Net: stage8_inst.in1\[24\], Pin: _12888_/A0, Layer: met1
Partial/Required:  2.34, Required:    400.0, Partial:   937.89, Net: net46, Pin: _13645_/A1, Layer: met1
Partial/Required:  2.31, Required:    400.0, Partial:   925.58, Net: net84, Pin: output84/A, Layer: met1
Partial/Required:  2.30, Required:    400.0, Partial:   921.89, Net: net42, Pin: _13774_/A1, Layer: met1
Partial/Required:  2.27, Required:    400.0, Partial:   909.89, Net: net49, Pin: _13650_/A1, Layer: met1
Partial/Required:  2.26, Required:    400.0, Partial:   904.89, Net: net57, Pin: _13666_/A1, Layer: met2
Partial/Required:  2.26, Required:    400.0, Partial:   904.89, Net: net57, Pin: _13597_/A1, Layer: met2
Partial/Required:  2.22, Required:    400.0, Partial:    888.0, Net: net15, Pin: _13507_/A0, Layer: met1
Partial/Required:  2.09, Required:    400.0, Partial:    835.5, Net: net6, Pin: _12749_/A0, Layer: met2
Partial/Required:  2.04, Required:    400.0, Partial:    815.0, Net: _02322_, Pin: _17553_/A0, Layer: met1
Partial/Required:  2.02, Required:    400.0, Partial:   808.78, Net: _06769_, Pin: _23543_/A, Layer: met1
Partial/Required:  1.94, Required:    400.0, Partial:    775.0, Net: stage8_inst.in2\[24\], Pin: _12993_/A0, Layer: met1
Partial/Required:  1.93, Required:    400.0, Partial:   773.67, Net: net20, Pin: _13210_/A0, Layer: met1
Partial/Required:  1.87, Required:    400.0, Partial:    748.0, Net: net45, Pin: _13780_/A1, Layer: met1
Partial/Required:  1.87, Required:    400.0, Partial:   747.33, Net: stage8_inst.stage4_upper.stage2_pair1.butterfly_inst.add_inst.b\[0\], Pin: _17334_/B_N, Layer: met1
Partial/Required:  1.85, Required:    400.0, Partial:   739.03, Net: _02697_, Pin: _17996_/A1, Layer: met1
Partial/Required:  1.83, Required:    400.0, Partial:   731.22, Net: _11990_, Pin: _17391_/C, Layer: met1
Partial/Required:  1.80, Required:    400.0, Partial:   719.81, Net: net45, Pin: _13643_/A1, Layer: met2
Partial/Required:  1.80, Required:    400.0, Partial:   719.81, Net: net45, Pin: _13780_/A1, Layer: met2
Partial/Required:  1.77, Required:    400.0, Partial:   709.44, Net: net59, Pin: _13612_/A1, Layer: met1
Partial/Required:  1.73, Required:    400.0, Partial:    693.0, Net: _06440_, Pin: _22550_/A0, Layer: met1
Partial/Required:  1.71, Required:    400.0, Partial:   682.78, Net: net31, Pin: _13254_/A0, Layer: met1
Partial/Required:  1.67, Required:    400.0, Partial:    666.0, Net: _05632_, Pin: _21678_/A0, Layer: met1
Partial/Required:  1.63, Required:    400.0, Partial:   653.08, Net: net8, Pin: _13279_/A0, Layer: met3
Partial/Required:  1.58, Required:    400.0, Partial:   633.72, Net: net6, Pin: _13169_/A0, Layer: met2
Partial/Required:  1.57, Required:    400.0, Partial:   629.89, Net: net10, Pin: _13390_/A0, Layer: met1
Partial/Required:  1.55, Required:    400.0, Partial:   619.11, Net: _10280_, Pin: _16363_/A0, Layer: met1
Partial/Required:  1.50, Required:    400.0, Partial:   601.44, Net: stage8_inst.in1\[26\], Pin: _12895_/A0, Layer: met1
Partial/Required:  1.50, Required:    400.0, Partial:   599.11, Net: net3, Pin: _13160_/A0, Layer: met1
Partial/Required:  1.50, Required:    400.0, Partial:   598.13, Net: stage8_inst.in5\[5\], Pin: _15624_/A1, Layer: met1
Partial/Required:  1.49, Required:    400.0, Partial:   595.11, Net: _02271_, Pin: _17496_/A0, Layer: met1
Partial/Required:  1.47, Required:    400.0, Partial:   588.91, Net: stage8_inst.in5\[1\], Pin: _15607_/A1, Layer: met1
Partial/Required:  1.43, Required:    400.0, Partial:   571.54, Net: net77, Pin: output77/A, Layer: met2
Partial/Required:  1.43, Required:    400.0, Partial:   571.11, Net: stage8_inst.in2\[23\], Pin: _12990_/A0, Layer: met1
Partial/Required:  1.43, Required:    400.0, Partial:   570.98, Net: net89, Pin: output89/A, Layer: met1
Partial/Required:  1.42, Required:    400.0, Partial:   567.56, Net: stage8_inst.in6\[19\], Pin: _13394_/A0, Layer: met1
Partial/Required:  1.42, Required:    400.0, Partial:   567.56, Net: stage8_inst.in6\[19\], Pin: _18951_/A1, Layer: met1
Partial/Required:  1.38, Required:    400.0, Partial:   551.83, Net: net26, Pin: _13342_/A0, Layer: met2
Partial/Required:  1.38, Required:    400.0, Partial:   551.83, Net: net26, Pin: _13238_/A0, Layer: met2
Partial/Required:  1.34, Required:    400.0, Partial:   536.36, Net: stage8_inst.in1\[9\], Pin: _20756_/A1, Layer: met1
Partial/Required:  1.33, Required:    400.0, Partial:   530.33, Net: net23, Pin: _12817_/A0, Layer: met1
Partial/Required:  1.30, Required:    400.0, Partial:   519.56, Net: net469, Pin: _24582_/D, Layer: met1
Partial/Required:  1.30, Required:    400.0, Partial:   518.37, Net: stage8_inst.in1\[3\], Pin: _20727_/A1, Layer: met1
Partial/Required:  1.29, Required:    400.0, Partial:   517.89, Net: net9, Pin: _13491_/A0, Layer: met1
Partial/Required:  1.28, Required:    400.0, Partial:   511.01, Net: stage8_inst.in1\[11\], Pin: _20765_/A1, Layer: met1
Partial/Required:  1.27, Required:    400.0, Partial:    509.0, Net: net1, Pin: _12912_/A0, Layer: met1
Partial/Required:  1.27, Required:    400.0, Partial:   508.47, Net: net462, Pin: fanout276/A, Layer: met1
Partial/Required:  1.26, Required:    400.0, Partial:   504.96, Net: stage8_inst.in1\[2\], Pin: _20723_/A1, Layer: met1
Partial/Required:  1.25, Required:    400.0, Partial:   499.78, Net: net5, Pin: _12852_/A0, Layer: met2
Partial/Required:  1.25, Required:    400.0, Partial:   499.78, Net: net5, Pin: _12746_/A0, Layer: met2
Partial/Required:  1.22, Required:    400.0, Partial:   487.22, Net: stage8_inst.in0\[10\], Pin: _21307_/A1, Layer: met1
Partial/Required:  1.21, Required:    400.0, Partial:   485.63, Net: net68, Pin: _13626_/A1, Layer: met2
Partial/Required:  1.21, Required:    400.0, Partial:   485.63, Net: net68, Pin: _13763_/A1, Layer: met2
Partial/Required:  1.21, Required:    400.0, Partial:   485.63, Net: net68, Pin: _13557_/A1, Layer: met2
Partial/Required:  1.18, Required:    400.0, Partial:   470.67, Net: _04158_, Pin: _19971_/A, Layer: met1
Partial/Required:  1.16, Required:    400.0, Partial:   465.22, Net: _06421_, Pin: _22529_/A0, Layer: met1
Partial/Required:  1.16, Required:    400.0, Partial:   462.46, Net: _06789_, Pin: _22990_/A, Layer: met1
Partial/Required:  1.15, Required:    400.0, Partial:   459.78, Net: net2, Pin: _13468_/A0, Layer: met1
Partial/Required:  1.14, Required:    400.0, Partial:    455.0, Net: stage8_inst.in6\[20\], Pin: _13398_/A0, Layer: met1
Partial/Required:  1.13, Required:    400.0, Partial:   452.81, Net: stage8_inst.in5\[18\], Pin: _15684_/A1, Layer: met1
Partial/Required:  1.13, Required:    400.0, Partial:   451.33, Net: net31, Pin: _13044_/A0, Layer: met1
Partial/Required:  1.12, Required:    400.0, Partial:   446.89, Net: stage8_inst.in6\[27\], Pin: _18967_/A1, Layer: met1
Partial/Required:  1.10, Required:    400.0, Partial:   441.46, Net: net5, Pin: _13374_/A0, Layer: met2
Partial/Required:  1.10, Required:    400.0, Partial:   441.46, Net: net5, Pin: _13061_/A0, Layer: met2
Partial/Required:  1.10, Required:    400.0, Partial:   441.46, Net: net5, Pin: _13479_/A0, Layer: met2
Partial/Required:  1.08, Required:    400.0, Partial:    431.0, Net: stage8_inst.in6\[18\], Pin: _18949_/A1, Layer: met1
Partial/Required:  1.08, Required:    400.0, Partial:   430.78, Net: _10216_, Pin: _15238_/A0, Layer: met1
Partial/Required:  1.07, Required:    400.0, Partial:   427.22, Net: stage8_inst.stage4_lower.stage2_pair0.butterfly_inst.mul_inst.acc_low\[24\], Pin: _21080_/B, Layer: met1
Partial/Required:  1.07, Required:    400.0, Partial:   426.33, Net: _03581_, Pin: _19656_/B2, Layer: met1
Partial/Required:  1.06, Required:    400.0, Partial:   425.78, Net: stage8_inst.in6\[21\], Pin: _18955_/A1, Layer: met1
Partial/Required:  1.06, Required:    400.0, Partial:   424.67, Net: stage8_inst.in2\[25\], Pin: _12996_/A0, Layer: met1
Partial/Required:  1.06, Required:    400.0, Partial:   423.62, Net: _06265_, Pin: _23769_/A1, Layer: met1
Partial/Required:  1.06, Required:    400.0, Partial:   422.44, Net: stage8_inst.in0\[12\], Pin: _21311_/A1, Layer: met1
Partial/Required:  1.04, Required:    400.0, Partial:   417.78, Net: stage8_inst.in4\[15\], Pin: _13173_/A0, Layer: met1
Partial/Required:  1.04, Required:    400.0, Partial:   414.67, Net: stage8_inst.in6\[16\], Pin: hold804/A, Layer: met1
Partial/Required:  1.04, Required:    400.0, Partial:   414.56, Net: stage8_inst.in1\[7\], Pin: _12834_/A0, Layer: met1
Partial/Required:  1.03, Required:    400.0, Partial:   412.67, Net: net17, Pin: _12887_/A0, Layer: met1
Partial/Required:  1.02, Required:    400.0, Partial:   406.11, Net: stage8_inst.in6\[14\], Pin: _18941_/A1, Layer: met1
Partial/Required:  1.01, Required:    400.0, Partial:    404.9, Net: net11, Pin: _12975_/A0, Layer: met2
Partial/Required:  1.01, Required:    400.0, Partial:    404.9, Net: net11, Pin: _12871_/A0, Layer: met2
Partial/Required:  1.01, Required:    400.0, Partial:    404.9, Net: net11, Pin: _13185_/A0, Layer: met2
Partial/Required:  1.01, Required:    400.0, Partial:    404.9, Net: net11, Pin: _12766_/A0, Layer: met2
Partial/Required:  1.01, Required:    400.0, Partial:    402.7, Net: stage8_inst.in3\[21\], Pin: _23396_/A1, Layer: met2
Partial/Required:  1.01, Required:    400.0, Partial:    402.7, Net: stage8_inst.in3\[21\], Pin: _13089_/A0, Layer: met2
