

================================================================
== Vitis HLS Report for 'basemul_all'
================================================================
* Date:           Thu Jun 11 23:16:51 2026

* Version:        2023.2 (Build 4023990 on Oct 11 2023)
* Project:        ntt_kyber
* Solution:       solution1 (Vivado IP Flow Target)
* Product family: zynquplus
* Target device:  xck26-sfvc784-2LV-c


================================================================
== Performance Estimates
================================================================
+ Timing: 
    * Summary: 
    +--------+----------+----------+------------+
    |  Clock |  Target  | Estimated| Uncertainty|
    +--------+----------+----------+------------+
    |ap_clk  |  10.00 ns|  6.361 ns|     2.70 ns|
    +--------+----------+----------+------------+

+ Latency: 
    * Summary: 
    +---------+---------+----------+-----------+-----+------+---------+
    |  Latency (cycles) |  Latency (absolute)  |  Interval  | Pipeline|
    |   min   |   max   |    min   |    max    | min |  max |   Type  |
    +---------+---------+----------+-----------+-----+------+---------+
    |       72|     1137|  0.720 us|  11.370 us|   72|  1137|       no|
    +---------+---------+----------+-----------+-----+------+---------+

    + Detail: 
        * Instance: 
        +---------------------------------------+----------------------------+---------+---------+----------+----------+-----+-----+---------+
        |                                       |                            |  Latency (cycles) |  Latency (absolute) |  Interval | Pipeline|
        |                Instance               |           Module           |   min   |   max   |    min   |    max   | min | max |   Type  |
        +---------------------------------------+----------------------------+---------+---------+----------+----------+-----+-----+---------+
        |grp_basemul_all_Pipeline_BM_RD_fu_286  |basemul_all_Pipeline_BM_RD  |       18|       18|  0.180 us|  0.180 us|   18|   18|       no|
        |grp_basemul_fu_326                     |basemul                     |       29|       29|  0.290 us|  0.290 us|   29|   29|       no|
        |grp_basemul_all_Pipeline_BM_WR_fu_394  |basemul_all_Pipeline_BM_WR  |       18|       18|  0.180 us|  0.180 us|   18|   18|       no|
        +---------------------------------------+----------------------------+---------+---------+----------+----------+-----+-----+---------+

        * Loop: 
        +----------+---------+---------+----------+-----------+-----------+--------+----------+
        |          |  Latency (cycles) | Iteration|  Initiation Interval  |  Trip  |          |
        | Loop Name|   min   |   max   |  Latency |  achieved |   target  |  Count | Pipelined|
        +----------+---------+---------+----------+-----------+-----------+--------+----------+
        |- BM_BLK  |       71|     1136|        71|          -|          -|  1 ~ 16|        no|
        +----------+---------+---------+----------+-----------+-----------+--------+----------+



================================================================
== Utilization Estimates
================================================================
* Summary: 
+-----------------+---------+------+--------+--------+-----+
|       Name      | BRAM_18K|  DSP |   FF   |   LUT  | URAM|
+-----------------+---------+------+--------+--------+-----+
|DSP              |        -|     -|       -|       -|    -|
|Expression       |        -|     -|       0|      79|    -|
|FIFO             |        -|     -|       -|       -|    -|
|Instance         |        0|   136|    4287|    8361|    -|
|Memory           |        0|     -|     576|     144|    0|
|Multiplexer      |        -|     -|       -|    1891|    -|
|Register         |        -|     -|      75|       -|    -|
+-----------------+---------+------+--------+--------+-----+
|Total            |        0|   136|    4938|   10475|    0|
+-----------------+---------+------+--------+--------+-----+
|Available        |      288|  1248|  234240|  117120|   64|
+-----------------+---------+------+--------+--------+-----+
|Utilization (%)  |        0|    10|       2|       8|    0|
+-----------------+---------+------+--------+--------+-----+

+ Detail: 
    * Instance: 
    +---------------------------------------+----------------------------+---------+-----+------+------+-----+
    |                Instance               |           Module           | BRAM_18K| DSP |  FF  |  LUT | URAM|
    +---------------------------------------+----------------------------+---------+-----+------+------+-----+
    |grp_basemul_fu_326                     |basemul                     |        0|  136|  4266|  8202|    0|
    |grp_basemul_all_Pipeline_BM_RD_fu_286  |basemul_all_Pipeline_BM_RD  |        0|    0|    13|    85|    0|
    |grp_basemul_all_Pipeline_BM_WR_fu_394  |basemul_all_Pipeline_BM_WR  |        0|    0|     8|    74|    0|
    +---------------------------------------+----------------------------+---------+-----+------+------+-----+
    |Total                                  |                            |        0|  136|  4287|  8361|    0|
    +---------------------------------------+----------------------------+---------+-----+------+------+-----+

    * DSP: 
    N/A

    * Memory: 
    +--------+-----------------------------+---------+----+----+-----+------+-----+------+-------------+
    | Memory |            Module           | BRAM_18K| FF | LUT| URAM| Words| Bits| Banks| W*Bits*Banks|
    +--------+-----------------------------+---------+----+----+-----+------+-----+------+-------------+
    |A_U     |basemul_all_A_RAM_AUTO_1R1W  |        0|  12|   3|    0|    16|   12|     1|          192|
    |A_1_U   |basemul_all_A_RAM_AUTO_1R1W  |        0|  12|   3|    0|    16|   12|     1|          192|
    |A_2_U   |basemul_all_A_RAM_AUTO_1R1W  |        0|  12|   3|    0|    16|   12|     1|          192|
    |A_3_U   |basemul_all_A_RAM_AUTO_1R1W  |        0|  12|   3|    0|    16|   12|     1|          192|
    |A_4_U   |basemul_all_A_RAM_AUTO_1R1W  |        0|  12|   3|    0|    16|   12|     1|          192|
    |A_5_U   |basemul_all_A_RAM_AUTO_1R1W  |        0|  12|   3|    0|    16|   12|     1|          192|
    |A_6_U   |basemul_all_A_RAM_AUTO_1R1W  |        0|  12|   3|    0|    16|   12|     1|          192|
    |A_7_U   |basemul_all_A_RAM_AUTO_1R1W  |        0|  12|   3|    0|    16|   12|     1|          192|
    |A_8_U   |basemul_all_A_RAM_AUTO_1R1W  |        0|  12|   3|    0|    16|   12|     1|          192|
    |A_9_U   |basemul_all_A_RAM_AUTO_1R1W  |        0|  12|   3|    0|    16|   12|     1|          192|
    |A_10_U  |basemul_all_A_RAM_AUTO_1R1W  |        0|  12|   3|    0|    16|   12|     1|          192|
    |A_11_U  |basemul_all_A_RAM_AUTO_1R1W  |        0|  12|   3|    0|    16|   12|     1|          192|
    |A_12_U  |basemul_all_A_RAM_AUTO_1R1W  |        0|  12|   3|    0|    16|   12|     1|          192|
    |A_13_U  |basemul_all_A_RAM_AUTO_1R1W  |        0|  12|   3|    0|    16|   12|     1|          192|
    |A_14_U  |basemul_all_A_RAM_AUTO_1R1W  |        0|  12|   3|    0|    16|   12|     1|          192|
    |A_15_U  |basemul_all_A_RAM_AUTO_1R1W  |        0|  12|   3|    0|    16|   12|     1|          192|
    |B_U     |basemul_all_A_RAM_AUTO_1R1W  |        0|  12|   3|    0|    16|   12|     1|          192|
    |B_1_U   |basemul_all_A_RAM_AUTO_1R1W  |        0|  12|   3|    0|    16|   12|     1|          192|
    |B_2_U   |basemul_all_A_RAM_AUTO_1R1W  |        0|  12|   3|    0|    16|   12|     1|          192|
    |B_3_U   |basemul_all_A_RAM_AUTO_1R1W  |        0|  12|   3|    0|    16|   12|     1|          192|
    |B_4_U   |basemul_all_A_RAM_AUTO_1R1W  |        0|  12|   3|    0|    16|   12|     1|          192|
    |B_5_U   |basemul_all_A_RAM_AUTO_1R1W  |        0|  12|   3|    0|    16|   12|     1|          192|
    |B_6_U   |basemul_all_A_RAM_AUTO_1R1W  |        0|  12|   3|    0|    16|   12|     1|          192|
    |B_7_U   |basemul_all_A_RAM_AUTO_1R1W  |        0|  12|   3|    0|    16|   12|     1|          192|
    |B_8_U   |basemul_all_A_RAM_AUTO_1R1W  |        0|  12|   3|    0|    16|   12|     1|          192|
    |B_9_U   |basemul_all_A_RAM_AUTO_1R1W  |        0|  12|   3|    0|    16|   12|     1|          192|
    |B_10_U  |basemul_all_A_RAM_AUTO_1R1W  |        0|  12|   3|    0|    16|   12|     1|          192|
    |B_11_U  |basemul_all_A_RAM_AUTO_1R1W  |        0|  12|   3|    0|    16|   12|     1|          192|
    |B_12_U  |basemul_all_A_RAM_AUTO_1R1W  |        0|  12|   3|    0|    16|   12|     1|          192|
    |B_13_U  |basemul_all_A_RAM_AUTO_1R1W  |        0|  12|   3|    0|    16|   12|     1|          192|
    |B_14_U  |basemul_all_A_RAM_AUTO_1R1W  |        0|  12|   3|    0|    16|   12|     1|          192|
    |B_15_U  |basemul_all_A_RAM_AUTO_1R1W  |        0|  12|   3|    0|    16|   12|     1|          192|
    |C_U     |basemul_all_A_RAM_AUTO_1R1W  |        0|  12|   3|    0|    16|   12|     1|          192|
    |C_1_U   |basemul_all_A_RAM_AUTO_1R1W  |        0|  12|   3|    0|    16|   12|     1|          192|
    |C_2_U   |basemul_all_A_RAM_AUTO_1R1W  |        0|  12|   3|    0|    16|   12|     1|          192|
    |C_3_U   |basemul_all_A_RAM_AUTO_1R1W  |        0|  12|   3|    0|    16|   12|     1|          192|
    |C_4_U   |basemul_all_A_RAM_AUTO_1R1W  |        0|  12|   3|    0|    16|   12|     1|          192|
    |C_5_U   |basemul_all_A_RAM_AUTO_1R1W  |        0|  12|   3|    0|    16|   12|     1|          192|
    |C_6_U   |basemul_all_A_RAM_AUTO_1R1W  |        0|  12|   3|    0|    16|   12|     1|          192|
    |C_7_U   |basemul_all_A_RAM_AUTO_1R1W  |        0|  12|   3|    0|    16|   12|     1|          192|
    |C_8_U   |basemul_all_A_RAM_AUTO_1R1W  |        0|  12|   3|    0|    16|   12|     1|          192|
    |C_9_U   |basemul_all_A_RAM_AUTO_1R1W  |        0|  12|   3|    0|    16|   12|     1|          192|
    |C_10_U  |basemul_all_A_RAM_AUTO_1R1W  |        0|  12|   3|    0|    16|   12|     1|          192|
    |C_11_U  |basemul_all_A_RAM_AUTO_1R1W  |        0|  12|   3|    0|    16|   12|     1|          192|
    |C_12_U  |basemul_all_A_RAM_AUTO_1R1W  |        0|  12|   3|    0|    16|   12|     1|          192|
    |C_13_U  |basemul_all_A_RAM_AUTO_1R1W  |        0|  12|   3|    0|    16|   12|     1|          192|
    |C_14_U  |basemul_all_A_RAM_AUTO_1R1W  |        0|  12|   3|    0|    16|   12|     1|          192|
    |C_15_U  |basemul_all_A_RAM_AUTO_1R1W  |        0|  12|   3|    0|    16|   12|     1|          192|
    +--------+-----------------------------+---------+----+----+-----+------+-----+------+-------------+
    |Total   |                             |        0| 576| 144|    0|   768|  576|    48|         9216|
    +--------+-----------------------------+---------+----+----+-----+------+-----+------+-------------+

    * FIFO: 
    N/A

    * Expression: 
    +----------------------+----------+----+---+----+------------+------------+
    |     Variable Name    | Operation| DSP| FF| LUT| Bitwidth P0| Bitwidth P1|
    +----------------------+----------+----+---+----+------------+------------+
    |add_ln214_fu_433_p2   |         +|   0|  0|  38|          31|           1|
    |icmp_ln214_fu_428_p2  |      icmp|   0|  0|  39|          32|          32|
    |ap_block_state1       |        or|   0|  0|   2|           1|           1|
    +----------------------+----------+----+---+----+------------+------------+
    |Total                 |          |   0|  0|  79|          64|          34|
    +----------------------+----------+----+---+----+------------+------------+

    * Multiplexer: 
    +----------------------+----+-----------+-----+-----------+
    |         Name         | LUT| Input Size| Bits| Total Bits|
    +----------------------+----+-----------+-----+-----------+
    |A_10_address0         |  14|          3|    4|         12|
    |A_10_ce0              |  14|          3|    1|          3|
    |A_10_we0              |   9|          2|    1|          2|
    |A_11_address0         |  14|          3|    4|         12|
    |A_11_ce0              |  14|          3|    1|          3|
    |A_11_we0              |   9|          2|    1|          2|
    |A_12_address0         |  14|          3|    4|         12|
    |A_12_ce0              |  14|          3|    1|          3|
    |A_12_we0              |   9|          2|    1|          2|
    |A_13_address0         |  14|          3|    4|         12|
    |A_13_ce0              |  14|          3|    1|          3|
    |A_13_we0              |   9|          2|    1|          2|
    |A_14_address0         |  14|          3|    4|         12|
    |A_14_ce0              |  14|          3|    1|          3|
    |A_14_we0              |   9|          2|    1|          2|
    |A_15_address0         |  14|          3|    4|         12|
    |A_15_ce0              |  14|          3|    1|          3|
    |A_15_we0              |   9|          2|    1|          2|
    |A_1_address0          |  14|          3|    4|         12|
    |A_1_ce0               |  14|          3|    1|          3|
    |A_1_we0               |   9|          2|    1|          2|
    |A_2_address0          |  14|          3|    4|         12|
    |A_2_ce0               |  14|          3|    1|          3|
    |A_2_we0               |   9|          2|    1|          2|
    |A_3_address0          |  14|          3|    4|         12|
    |A_3_ce0               |  14|          3|    1|          3|
    |A_3_we0               |   9|          2|    1|          2|
    |A_4_address0          |  14|          3|    4|         12|
    |A_4_ce0               |  14|          3|    1|          3|
    |A_4_we0               |   9|          2|    1|          2|
    |A_5_address0          |  14|          3|    4|         12|
    |A_5_ce0               |  14|          3|    1|          3|
    |A_5_we0               |   9|          2|    1|          2|
    |A_6_address0          |  14|          3|    4|         12|
    |A_6_ce0               |  14|          3|    1|          3|
    |A_6_we0               |   9|          2|    1|          2|
    |A_7_address0          |  14|          3|    4|         12|
    |A_7_ce0               |  14|          3|    1|          3|
    |A_7_we0               |   9|          2|    1|          2|
    |A_8_address0          |  14|          3|    4|         12|
    |A_8_ce0               |  14|          3|    1|          3|
    |A_8_we0               |   9|          2|    1|          2|
    |A_9_address0          |  14|          3|    4|         12|
    |A_9_ce0               |  14|          3|    1|          3|
    |A_9_we0               |   9|          2|    1|          2|
    |A_address0            |  14|          3|    4|         12|
    |A_ce0                 |  14|          3|    1|          3|
    |A_we0                 |   9|          2|    1|          2|
    |B_10_address0         |  14|          3|    4|         12|
    |B_10_ce0              |  14|          3|    1|          3|
    |B_10_we0              |   9|          2|    1|          2|
    |B_11_address0         |  14|          3|    4|         12|
    |B_11_ce0              |  14|          3|    1|          3|
    |B_11_we0              |   9|          2|    1|          2|
    |B_12_address0         |  14|          3|    4|         12|
    |B_12_ce0              |  14|          3|    1|          3|
    |B_12_we0              |   9|          2|    1|          2|
    |B_13_address0         |  14|          3|    4|         12|
    |B_13_ce0              |  14|          3|    1|          3|
    |B_13_we0              |   9|          2|    1|          2|
    |B_14_address0         |  14|          3|    4|         12|
    |B_14_ce0              |  14|          3|    1|          3|
    |B_14_we0              |   9|          2|    1|          2|
    |B_15_address0         |  14|          3|    4|         12|
    |B_15_ce0              |  14|          3|    1|          3|
    |B_15_we0              |   9|          2|    1|          2|
    |B_1_address0          |  14|          3|    4|         12|
    |B_1_ce0               |  14|          3|    1|          3|
    |B_1_we0               |   9|          2|    1|          2|
    |B_2_address0          |  14|          3|    4|         12|
    |B_2_ce0               |  14|          3|    1|          3|
    |B_2_we0               |   9|          2|    1|          2|
    |B_3_address0          |  14|          3|    4|         12|
    |B_3_ce0               |  14|          3|    1|          3|
    |B_3_we0               |   9|          2|    1|          2|
    |B_4_address0          |  14|          3|    4|         12|
    |B_4_ce0               |  14|          3|    1|          3|
    |B_4_we0               |   9|          2|    1|          2|
    |B_5_address0          |  14|          3|    4|         12|
    |B_5_ce0               |  14|          3|    1|          3|
    |B_5_we0               |   9|          2|    1|          2|
    |B_6_address0          |  14|          3|    4|         12|
    |B_6_ce0               |  14|          3|    1|          3|
    |B_6_we0               |   9|          2|    1|          2|
    |B_7_address0          |  14|          3|    4|         12|
    |B_7_ce0               |  14|          3|    1|          3|
    |B_7_we0               |   9|          2|    1|          2|
    |B_8_address0          |  14|          3|    4|         12|
    |B_8_ce0               |  14|          3|    1|          3|
    |B_8_we0               |   9|          2|    1|          2|
    |B_9_address0          |  14|          3|    4|         12|
    |B_9_ce0               |  14|          3|    1|          3|
    |B_9_we0               |   9|          2|    1|          2|
    |B_address0            |  14|          3|    4|         12|
    |B_ce0                 |  14|          3|    1|          3|
    |B_we0                 |   9|          2|    1|          2|
    |C_10_address0         |  14|          3|    4|         12|
    |C_10_ce0              |  14|          3|    1|          3|
    |C_10_we0              |   9|          2|    1|          2|
    |C_11_address0         |  14|          3|    4|         12|
    |C_11_ce0              |  14|          3|    1|          3|
    |C_11_we0              |   9|          2|    1|          2|
    |C_12_address0         |  14|          3|    4|         12|
    |C_12_ce0              |  14|          3|    1|          3|
    |C_12_we0              |   9|          2|    1|          2|
    |C_13_address0         |  14|          3|    4|         12|
    |C_13_ce0              |  14|          3|    1|          3|
    |C_13_we0              |   9|          2|    1|          2|
    |C_14_address0         |  14|          3|    4|         12|
    |C_14_ce0              |  14|          3|    1|          3|
    |C_14_we0              |   9|          2|    1|          2|
    |C_15_address0         |  14|          3|    4|         12|
    |C_15_ce0              |  14|          3|    1|          3|
    |C_15_we0              |   9|          2|    1|          2|
    |C_1_address0          |  14|          3|    4|         12|
    |C_1_ce0               |  14|          3|    1|          3|
    |C_1_we0               |   9|          2|    1|          2|
    |C_2_address0          |  14|          3|    4|         12|
    |C_2_ce0               |  14|          3|    1|          3|
    |C_2_we0               |   9|          2|    1|          2|
    |C_3_address0          |  14|          3|    4|         12|
    |C_3_ce0               |  14|          3|    1|          3|
    |C_3_we0               |   9|          2|    1|          2|
    |C_4_address0          |  14|          3|    4|         12|
    |C_4_ce0               |  14|          3|    1|          3|
    |C_4_we0               |   9|          2|    1|          2|
    |C_5_address0          |  14|          3|    4|         12|
    |C_5_ce0               |  14|          3|    1|          3|
    |C_5_we0               |   9|          2|    1|          2|
    |C_6_address0          |  14|          3|    4|         12|
    |C_6_ce0               |  14|          3|    1|          3|
    |C_6_we0               |   9|          2|    1|          2|
    |C_7_address0          |  14|          3|    4|         12|
    |C_7_ce0               |  14|          3|    1|          3|
    |C_7_we0               |   9|          2|    1|          2|
    |C_8_address0          |  14|          3|    4|         12|
    |C_8_ce0               |  14|          3|    1|          3|
    |C_8_we0               |   9|          2|    1|          2|
    |C_9_address0          |  14|          3|    4|         12|
    |C_9_ce0               |  14|          3|    1|          3|
    |C_9_we0               |   9|          2|    1|          2|
    |C_address0            |  14|          3|    4|         12|
    |C_ce0                 |  14|          3|    1|          3|
    |C_we0                 |   9|          2|    1|          2|
    |ap_NS_fsm             |  43|          8|    1|          8|
    |ap_done               |   9|          2|    1|          2|
    |batch_blk_n           |   9|          2|    1|          2|
    |batch_size_c13_blk_n  |   9|          2|    1|          2|
    |blk_fu_76             |   9|          2|   31|         62|
    |real_start            |   9|          2|    1|          2|
    |sA1_read              |   9|          2|    1|          2|
    |sB1_read              |   9|          2|    1|          2|
    |sC0_write             |   9|          2|    1|          2|
    +----------------------+----+-----------+-----+-----------+
    |Total                 |1891|        408|  327|        900|
    +----------------------+----+-----------+-----+-----------+

    * Register: 
    +----------------------------------------------------+----+----+-----+-----------+
    |                        Name                        | FF | LUT| Bits| Const Bits|
    +----------------------------------------------------+----+----+-----+-----------+
    |ap_CS_fsm                                           |   7|   0|    7|          0|
    |ap_done_reg                                         |   1|   0|    1|          0|
    |batch_4_reg_451                                     |  32|   0|   32|          0|
    |blk_fu_76                                           |  31|   0|   31|          0|
    |grp_basemul_all_Pipeline_BM_RD_fu_286_ap_start_reg  |   1|   0|    1|          0|
    |grp_basemul_all_Pipeline_BM_WR_fu_394_ap_start_reg  |   1|   0|    1|          0|
    |grp_basemul_fu_326_ap_start_reg                     |   1|   0|    1|          0|
    |start_once_reg                                      |   1|   0|    1|          0|
    +----------------------------------------------------+----+----+-----+-----------+
    |Total                                               |  75|   0|   75|          0|
    +----------------------------------------------------+----+----+-----+-----------+



================================================================
== Interface
================================================================
* Summary: 
+-------------------------------+-----+-----+------------+----------------+--------------+
|           RTL Ports           | Dir | Bits|  Protocol  |  Source Object |    C Type    |
+-------------------------------+-----+-----+------------+----------------+--------------+
|ap_clk                         |   in|    1|  ap_ctrl_hs|     basemul_all|  return value|
|ap_rst                         |   in|    1|  ap_ctrl_hs|     basemul_all|  return value|
|ap_start                       |   in|    1|  ap_ctrl_hs|     basemul_all|  return value|
|start_full_n                   |   in|    1|  ap_ctrl_hs|     basemul_all|  return value|
|ap_done                        |  out|    1|  ap_ctrl_hs|     basemul_all|  return value|
|ap_continue                    |   in|    1|  ap_ctrl_hs|     basemul_all|  return value|
|ap_idle                        |  out|    1|  ap_ctrl_hs|     basemul_all|  return value|
|ap_ready                       |  out|    1|  ap_ctrl_hs|     basemul_all|  return value|
|start_out                      |  out|    1|  ap_ctrl_hs|     basemul_all|  return value|
|start_write                    |  out|    1|  ap_ctrl_hs|     basemul_all|  return value|
|sA1_dout                       |   in|  192|     ap_fifo|             sA1|       pointer|
|sA1_num_data_valid             |   in|    6|     ap_fifo|             sA1|       pointer|
|sA1_fifo_cap                   |   in|    6|     ap_fifo|             sA1|       pointer|
|sA1_empty_n                    |   in|    1|     ap_fifo|             sA1|       pointer|
|sA1_read                       |  out|    1|     ap_fifo|             sA1|       pointer|
|sB1_dout                       |   in|  192|     ap_fifo|             sB1|       pointer|
|sB1_num_data_valid             |   in|    6|     ap_fifo|             sB1|       pointer|
|sB1_fifo_cap                   |   in|    6|     ap_fifo|             sB1|       pointer|
|sB1_empty_n                    |   in|    1|     ap_fifo|             sB1|       pointer|
|sB1_read                       |  out|    1|     ap_fifo|             sB1|       pointer|
|sC0_din                        |  out|  192|     ap_fifo|             sC0|       pointer|
|sC0_num_data_valid             |   in|    6|     ap_fifo|             sC0|       pointer|
|sC0_fifo_cap                   |   in|    6|     ap_fifo|             sC0|       pointer|
|sC0_full_n                     |   in|    1|     ap_fifo|             sC0|       pointer|
|sC0_write                      |  out|    1|     ap_fifo|             sC0|       pointer|
|batch_dout                     |   in|   32|     ap_fifo|           batch|       pointer|
|batch_num_data_valid           |   in|    3|     ap_fifo|           batch|       pointer|
|batch_fifo_cap                 |   in|    3|     ap_fifo|           batch|       pointer|
|batch_empty_n                  |   in|    1|     ap_fifo|           batch|       pointer|
|batch_read                     |  out|    1|     ap_fifo|           batch|       pointer|
|batch_size_c13_din             |  out|   32|     ap_fifo|  batch_size_c13|       pointer|
|batch_size_c13_num_data_valid  |   in|    3|     ap_fifo|  batch_size_c13|       pointer|
|batch_size_c13_fifo_cap        |   in|    3|     ap_fifo|  batch_size_c13|       pointer|
|batch_size_c13_full_n          |   in|    1|     ap_fifo|  batch_size_c13|       pointer|
|batch_size_c13_write           |  out|    1|     ap_fifo|  batch_size_c13|       pointer|
+-------------------------------+-----+-----+------------+----------------+--------------+

============================================================
+ Verbose Summary: Synthesis Manager
============================================================
InlineROM: 1
ExposeGlobal: 0
============================================================
+ Verbose Summary: CDFG Model
============================================================
IsTopModel: 0
ResetActiveHigh: 1
IsCombinational: 2
IsDatapathOnly: 0
HasWiredReturn: 1
HasMFsm: 0
HasVarLatency: 1
IsPipeline: 0
IsRtlPipelined: 0
IsInstanceOverlapped: 0
IsDontTouch: 0
HasImplIP: 0
IsGatedGlobalClock: 0


============================================================
+ Verbose Summary: Schedule
============================================================
* Number of FSM states : 7
* Pipeline : 0
* Dataflow Pipeline: 0

* FSM state transitions: 
1 --> 2 
2 --> 3 
3 --> 4 
4 --> 5 
5 --> 6 
6 --> 7 
7 --> 2 

* FSM state operations: 

State 1 <SV = 0> <Delay = 3.67>
ST_1 : Operation 8 [1/1] (0.00ns)   --->   "%blk = alloca i32 1"   --->   Operation 8 'alloca' 'blk' <Predicate = true> <Delay = 0.00>
ST_1 : Operation 9 [1/1] (0.00ns)   --->   "%specinterface_ln0 = specinterface void @_ssdm_op_SpecInterface, i32 %batch, void @ap_fifo_str, i32 0, i32 0, void @p_str, i32 0, i32 0, void @p_str, void @p_str, void @p_str, i32 2, i32 2, i32 16, i32 16, void @p_str, void @ScalarProp_str, i32 4294967295, i32 0"   --->   Operation 9 'specinterface' 'specinterface_ln0' <Predicate = true> <Delay = 0.00>
ST_1 : Operation 10 [1/1] (1.83ns)   --->   "%batch_4 = read i32 @_ssdm_op_Read.ap_fifo.i32P0A, i32 %batch"   --->   Operation 10 'read' 'batch_4' <Predicate = true> <Delay = 1.83> <CoreInst = "FIFO_SRL">   --->   Core 81 'FIFO_SRL' <Latency = 0> <II = 1> <Delay = 1.83> <Storage> <Opcode : 'read' 'write' 'nbread' 'nbwrite'> <Ports = 0> <Width = 32> <Depth = 2> <FIFO>
ST_1 : Operation 11 [1/1] (0.00ns)   --->   "%specinterface_ln0 = specinterface void @_ssdm_op_SpecInterface, i32 %batch_size_c13, void @ap_fifo_str, i32 0, i32 0, void @p_str, i32 0, i32 0, void @p_str, void @p_str, void @p_str, i32 2, i32 2, i32 16, i32 16, void @p_str, void @ScalarProp_str, i32 4294967295, i32 0"   --->   Operation 11 'specinterface' 'specinterface_ln0' <Predicate = true> <Delay = 0.00>
ST_1 : Operation 12 [1/1] (1.83ns)   --->   "%write_ln0 = write void @_ssdm_op_Write.ap_fifo.i32P0A, i32 %batch_size_c13, i32 %batch_4"   --->   Operation 12 'write' 'write_ln0' <Predicate = true> <Delay = 1.83> <CoreInst = "FIFO_SRL">   --->   Core 81 'FIFO_SRL' <Latency = 0> <II = 1> <Delay = 1.83> <Storage> <Opcode : 'read' 'write' 'nbread' 'nbwrite'> <Ports = 0> <Width = 32> <Depth = 2> <FIFO>
ST_1 : Operation 13 [1/1] (0.00ns)   --->   "%specinterface_ln0 = specinterface void @_ssdm_op_SpecInterface, i192 %sC0, void @empty_163, i32 0, i32 0, void @empty_246, i32 0, i32 0, void @empty_246, void @empty_246, void @empty_246, i32 0, i32 0, i32 0, i32 0, void @empty_246, void @empty_246, i32 4294967295, i32 0"   --->   Operation 13 'specinterface' 'specinterface_ln0' <Predicate = true> <Delay = 0.00>
ST_1 : Operation 14 [1/1] (0.00ns)   --->   "%specinterface_ln0 = specinterface void @_ssdm_op_SpecInterface, i192 %sB1, void @empty_163, i32 0, i32 0, void @empty_246, i32 0, i32 0, void @empty_246, void @empty_246, void @empty_246, i32 0, i32 0, i32 0, i32 0, void @empty_246, void @empty_246, i32 4294967295, i32 0"   --->   Operation 14 'specinterface' 'specinterface_ln0' <Predicate = true> <Delay = 0.00>
ST_1 : Operation 15 [1/1] (0.00ns)   --->   "%specinterface_ln0 = specinterface void @_ssdm_op_SpecInterface, i192 %sA1, void @empty_163, i32 0, i32 0, void @empty_246, i32 0, i32 0, void @empty_246, void @empty_246, void @empty_246, i32 0, i32 0, i32 0, i32 0, void @empty_246, void @empty_246, i32 4294967295, i32 0"   --->   Operation 15 'specinterface' 'specinterface_ln0' <Predicate = true> <Delay = 0.00>
ST_1 : Operation 16 [1/1] (0.67ns)   --->   "%A = alloca i64 1" [kyber-mult-kernel-dataflow.cpp:216]   --->   Operation 16 'alloca' 'A' <Predicate = true> <Delay = 0.67>
ST_1 : Operation 17 [1/1] (0.67ns)   --->   "%A_1 = alloca i64 1" [kyber-mult-kernel-dataflow.cpp:216]   --->   Operation 17 'alloca' 'A_1' <Predicate = true> <Delay = 0.67>
ST_1 : Operation 18 [1/1] (0.67ns)   --->   "%A_2 = alloca i64 1" [kyber-mult-kernel-dataflow.cpp:216]   --->   Operation 18 'alloca' 'A_2' <Predicate = true> <Delay = 0.67>
ST_1 : Operation 19 [1/1] (0.67ns)   --->   "%A_3 = alloca i64 1" [kyber-mult-kernel-dataflow.cpp:216]   --->   Operation 19 'alloca' 'A_3' <Predicate = true> <Delay = 0.67>
ST_1 : Operation 20 [1/1] (0.67ns)   --->   "%A_4 = alloca i64 1" [kyber-mult-kernel-dataflow.cpp:216]   --->   Operation 20 'alloca' 'A_4' <Predicate = true> <Delay = 0.67>
ST_1 : Operation 21 [1/1] (0.67ns)   --->   "%A_5 = alloca i64 1" [kyber-mult-kernel-dataflow.cpp:216]   --->   Operation 21 'alloca' 'A_5' <Predicate = true> <Delay = 0.67>
ST_1 : Operation 22 [1/1] (0.67ns)   --->   "%A_6 = alloca i64 1" [kyber-mult-kernel-dataflow.cpp:216]   --->   Operation 22 'alloca' 'A_6' <Predicate = true> <Delay = 0.67>
ST_1 : Operation 23 [1/1] (0.67ns)   --->   "%A_7 = alloca i64 1" [kyber-mult-kernel-dataflow.cpp:216]   --->   Operation 23 'alloca' 'A_7' <Predicate = true> <Delay = 0.67>
ST_1 : Operation 24 [1/1] (0.67ns)   --->   "%A_8 = alloca i64 1" [kyber-mult-kernel-dataflow.cpp:216]   --->   Operation 24 'alloca' 'A_8' <Predicate = true> <Delay = 0.67>
ST_1 : Operation 25 [1/1] (0.67ns)   --->   "%A_9 = alloca i64 1" [kyber-mult-kernel-dataflow.cpp:216]   --->   Operation 25 'alloca' 'A_9' <Predicate = true> <Delay = 0.67>
ST_1 : Operation 26 [1/1] (0.67ns)   --->   "%A_10 = alloca i64 1" [kyber-mult-kernel-dataflow.cpp:216]   --->   Operation 26 'alloca' 'A_10' <Predicate = true> <Delay = 0.67>
ST_1 : Operation 27 [1/1] (0.67ns)   --->   "%A_11 = alloca i64 1" [kyber-mult-kernel-dataflow.cpp:216]   --->   Operation 27 'alloca' 'A_11' <Predicate = true> <Delay = 0.67>
ST_1 : Operation 28 [1/1] (0.67ns)   --->   "%A_12 = alloca i64 1" [kyber-mult-kernel-dataflow.cpp:216]   --->   Operation 28 'alloca' 'A_12' <Predicate = true> <Delay = 0.67>
ST_1 : Operation 29 [1/1] (0.67ns)   --->   "%A_13 = alloca i64 1" [kyber-mult-kernel-dataflow.cpp:216]   --->   Operation 29 'alloca' 'A_13' <Predicate = true> <Delay = 0.67>
ST_1 : Operation 30 [1/1] (0.67ns)   --->   "%A_14 = alloca i64 1" [kyber-mult-kernel-dataflow.cpp:216]   --->   Operation 30 'alloca' 'A_14' <Predicate = true> <Delay = 0.67>
ST_1 : Operation 31 [1/1] (0.67ns)   --->   "%A_15 = alloca i64 1" [kyber-mult-kernel-dataflow.cpp:216]   --->   Operation 31 'alloca' 'A_15' <Predicate = true> <Delay = 0.67>
ST_1 : Operation 32 [1/1] (0.67ns)   --->   "%B = alloca i64 1" [kyber-mult-kernel-dataflow.cpp:216]   --->   Operation 32 'alloca' 'B' <Predicate = true> <Delay = 0.67>
ST_1 : Operation 33 [1/1] (0.67ns)   --->   "%B_1 = alloca i64 1" [kyber-mult-kernel-dataflow.cpp:216]   --->   Operation 33 'alloca' 'B_1' <Predicate = true> <Delay = 0.67>
ST_1 : Operation 34 [1/1] (0.67ns)   --->   "%B_2 = alloca i64 1" [kyber-mult-kernel-dataflow.cpp:216]   --->   Operation 34 'alloca' 'B_2' <Predicate = true> <Delay = 0.67>
ST_1 : Operation 35 [1/1] (0.67ns)   --->   "%B_3 = alloca i64 1" [kyber-mult-kernel-dataflow.cpp:216]   --->   Operation 35 'alloca' 'B_3' <Predicate = true> <Delay = 0.67>
ST_1 : Operation 36 [1/1] (0.67ns)   --->   "%B_4 = alloca i64 1" [kyber-mult-kernel-dataflow.cpp:216]   --->   Operation 36 'alloca' 'B_4' <Predicate = true> <Delay = 0.67>
ST_1 : Operation 37 [1/1] (0.67ns)   --->   "%B_5 = alloca i64 1" [kyber-mult-kernel-dataflow.cpp:216]   --->   Operation 37 'alloca' 'B_5' <Predicate = true> <Delay = 0.67>
ST_1 : Operation 38 [1/1] (0.67ns)   --->   "%B_6 = alloca i64 1" [kyber-mult-kernel-dataflow.cpp:216]   --->   Operation 38 'alloca' 'B_6' <Predicate = true> <Delay = 0.67>
ST_1 : Operation 39 [1/1] (0.67ns)   --->   "%B_7 = alloca i64 1" [kyber-mult-kernel-dataflow.cpp:216]   --->   Operation 39 'alloca' 'B_7' <Predicate = true> <Delay = 0.67>
ST_1 : Operation 40 [1/1] (0.67ns)   --->   "%B_8 = alloca i64 1" [kyber-mult-kernel-dataflow.cpp:216]   --->   Operation 40 'alloca' 'B_8' <Predicate = true> <Delay = 0.67>
ST_1 : Operation 41 [1/1] (0.67ns)   --->   "%B_9 = alloca i64 1" [kyber-mult-kernel-dataflow.cpp:216]   --->   Operation 41 'alloca' 'B_9' <Predicate = true> <Delay = 0.67>
ST_1 : Operation 42 [1/1] (0.67ns)   --->   "%B_10 = alloca i64 1" [kyber-mult-kernel-dataflow.cpp:216]   --->   Operation 42 'alloca' 'B_10' <Predicate = true> <Delay = 0.67>
ST_1 : Operation 43 [1/1] (0.67ns)   --->   "%B_11 = alloca i64 1" [kyber-mult-kernel-dataflow.cpp:216]   --->   Operation 43 'alloca' 'B_11' <Predicate = true> <Delay = 0.67>
ST_1 : Operation 44 [1/1] (0.67ns)   --->   "%B_12 = alloca i64 1" [kyber-mult-kernel-dataflow.cpp:216]   --->   Operation 44 'alloca' 'B_12' <Predicate = true> <Delay = 0.67>
ST_1 : Operation 45 [1/1] (0.67ns)   --->   "%B_13 = alloca i64 1" [kyber-mult-kernel-dataflow.cpp:216]   --->   Operation 45 'alloca' 'B_13' <Predicate = true> <Delay = 0.67>
ST_1 : Operation 46 [1/1] (0.67ns)   --->   "%B_14 = alloca i64 1" [kyber-mult-kernel-dataflow.cpp:216]   --->   Operation 46 'alloca' 'B_14' <Predicate = true> <Delay = 0.67>
ST_1 : Operation 47 [1/1] (0.67ns)   --->   "%B_15 = alloca i64 1" [kyber-mult-kernel-dataflow.cpp:216]   --->   Operation 47 'alloca' 'B_15' <Predicate = true> <Delay = 0.67>
ST_1 : Operation 48 [1/1] (0.67ns)   --->   "%C = alloca i64 1" [kyber-mult-kernel-dataflow.cpp:216]   --->   Operation 48 'alloca' 'C' <Predicate = true> <Delay = 0.67>
ST_1 : Operation 49 [1/1] (0.67ns)   --->   "%C_1 = alloca i64 1" [kyber-mult-kernel-dataflow.cpp:216]   --->   Operation 49 'alloca' 'C_1' <Predicate = true> <Delay = 0.67>
ST_1 : Operation 50 [1/1] (0.67ns)   --->   "%C_2 = alloca i64 1" [kyber-mult-kernel-dataflow.cpp:216]   --->   Operation 50 'alloca' 'C_2' <Predicate = true> <Delay = 0.67>
ST_1 : Operation 51 [1/1] (0.67ns)   --->   "%C_3 = alloca i64 1" [kyber-mult-kernel-dataflow.cpp:216]   --->   Operation 51 'alloca' 'C_3' <Predicate = true> <Delay = 0.67>
ST_1 : Operation 52 [1/1] (0.67ns)   --->   "%C_4 = alloca i64 1" [kyber-mult-kernel-dataflow.cpp:216]   --->   Operation 52 'alloca' 'C_4' <Predicate = true> <Delay = 0.67>
ST_1 : Operation 53 [1/1] (0.67ns)   --->   "%C_5 = alloca i64 1" [kyber-mult-kernel-dataflow.cpp:216]   --->   Operation 53 'alloca' 'C_5' <Predicate = true> <Delay = 0.67>
ST_1 : Operation 54 [1/1] (0.67ns)   --->   "%C_6 = alloca i64 1" [kyber-mult-kernel-dataflow.cpp:216]   --->   Operation 54 'alloca' 'C_6' <Predicate = true> <Delay = 0.67>
ST_1 : Operation 55 [1/1] (0.67ns)   --->   "%C_7 = alloca i64 1" [kyber-mult-kernel-dataflow.cpp:216]   --->   Operation 55 'alloca' 'C_7' <Predicate = true> <Delay = 0.67>
ST_1 : Operation 56 [1/1] (0.67ns)   --->   "%C_8 = alloca i64 1" [kyber-mult-kernel-dataflow.cpp:216]   --->   Operation 56 'alloca' 'C_8' <Predicate = true> <Delay = 0.67>
ST_1 : Operation 57 [1/1] (0.67ns)   --->   "%C_9 = alloca i64 1" [kyber-mult-kernel-dataflow.cpp:216]   --->   Operation 57 'alloca' 'C_9' <Predicate = true> <Delay = 0.67>
ST_1 : Operation 58 [1/1] (0.67ns)   --->   "%C_10 = alloca i64 1" [kyber-mult-kernel-dataflow.cpp:216]   --->   Operation 58 'alloca' 'C_10' <Predicate = true> <Delay = 0.67>
ST_1 : Operation 59 [1/1] (0.67ns)   --->   "%C_11 = alloca i64 1" [kyber-mult-kernel-dataflow.cpp:216]   --->   Operation 59 'alloca' 'C_11' <Predicate = true> <Delay = 0.67>
ST_1 : Operation 60 [1/1] (0.67ns)   --->   "%C_12 = alloca i64 1" [kyber-mult-kernel-dataflow.cpp:216]   --->   Operation 60 'alloca' 'C_12' <Predicate = true> <Delay = 0.67>
ST_1 : Operation 61 [1/1] (0.67ns)   --->   "%C_13 = alloca i64 1" [kyber-mult-kernel-dataflow.cpp:216]   --->   Operation 61 'alloca' 'C_13' <Predicate = true> <Delay = 0.67>
ST_1 : Operation 62 [1/1] (0.67ns)   --->   "%C_14 = alloca i64 1" [kyber-mult-kernel-dataflow.cpp:216]   --->   Operation 62 'alloca' 'C_14' <Predicate = true> <Delay = 0.67>
ST_1 : Operation 63 [1/1] (0.67ns)   --->   "%C_15 = alloca i64 1" [kyber-mult-kernel-dataflow.cpp:216]   --->   Operation 63 'alloca' 'C_15' <Predicate = true> <Delay = 0.67>
ST_1 : Operation 64 [1/1] (0.42ns)   --->   "%store_ln0 = store i31 0, i31 %blk"   --->   Operation 64 'store' 'store_ln0' <Predicate = true> <Delay = 0.42>
ST_1 : Operation 65 [1/1] (0.00ns)   --->   "%br_ln214 = br void %BM_RD" [kyber-mult-kernel-dataflow.cpp:214]   --->   Operation 65 'br' 'br_ln214' <Predicate = true> <Delay = 0.00>

State 2 <SV = 1> <Delay = 1.44>
ST_2 : Operation 66 [1/1] (0.00ns)   --->   "%blk_load = load i31 %blk" [kyber-mult-kernel-dataflow.cpp:214]   --->   Operation 66 'load' 'blk_load' <Predicate = true> <Delay = 0.00>
ST_2 : Operation 67 [1/1] (0.00ns)   --->   "%zext_ln214 = zext i31 %blk_load" [kyber-mult-kernel-dataflow.cpp:214]   --->   Operation 67 'zext' 'zext_ln214' <Predicate = true> <Delay = 0.00>
ST_2 : Operation 68 [1/1] (1.01ns)   --->   "%icmp_ln214 = icmp_slt  i32 %zext_ln214, i32 %batch_4" [kyber-mult-kernel-dataflow.cpp:214]   --->   Operation 68 'icmp' 'icmp_ln214' <Predicate = true> <Delay = 1.01> <CoreInst = "Cmp">   --->   Core 9 'Cmp' <Latency = 0> <II = 1> <Delay = 1.01> <FuncUnit> <Opcode : 'icmp'> <InPorts = 2> <OutPorts = 1>
ST_2 : Operation 69 [1/1] (1.00ns)   --->   "%add_ln214 = add i31 %blk_load, i31 1" [kyber-mult-kernel-dataflow.cpp:214]   --->   Operation 69 'add' 'add_ln214' <Predicate = true> <Delay = 1.00> <CoreInst = "Adder">   --->   Core 1 'Adder' <Latency = 0> <II = 1> <Delay = 1.00> <FuncUnit> <Opcode : 'add' 'sub'> <InPorts = 2> <OutPorts = 1>
ST_2 : Operation 70 [1/1] (0.00ns)   --->   "%br_ln214 = br i1 %icmp_ln214, void %for.end48.loopexit, void %BM_RD.split" [kyber-mult-kernel-dataflow.cpp:214]   --->   Operation 70 'br' 'br_ln214' <Predicate = true> <Delay = 0.00>
ST_2 : Operation 71 [1/1] (0.00ns)   --->   "%empty = wait i32 @_ssdm_op_Wait"   --->   Operation 71 'wait' 'empty' <Predicate = (icmp_ln214)> <Delay = 0.00>
ST_2 : Operation 72 [2/2] (0.00ns)   --->   "%call_ln0 = call void @basemul_all_Pipeline_BM_RD, i12 %B_15, i12 %B_14, i12 %B_13, i12 %B_12, i12 %B_11, i12 %B_10, i12 %B_9, i12 %B_8, i12 %B_7, i12 %B_6, i12 %B_5, i12 %B_4, i12 %B_3, i12 %B_2, i12 %B_1, i12 %B, i12 %A_15, i12 %A_14, i12 %A_13, i12 %A_12, i12 %A_11, i12 %A_10, i12 %A_9, i12 %A_8, i12 %A_7, i12 %A_6, i12 %A_5, i12 %A_4, i12 %A_3, i12 %A_2, i12 %A_1, i12 %A, i192 %sA1, i192 %sB1"   --->   Operation 72 'call' 'call_ln0' <Predicate = (icmp_ln214)> <Delay = 0.00> <CoreType = "Generic">   --->   Core 0 '' <Latency = 0> <II = 1> <Delay = 1.00> <Generic> <Opcode : >
ST_2 : Operation 73 [1/1] (0.42ns)   --->   "%store_ln214 = store i31 %add_ln214, i31 %blk" [kyber-mult-kernel-dataflow.cpp:214]   --->   Operation 73 'store' 'store_ln214' <Predicate = (icmp_ln214)> <Delay = 0.42>
ST_2 : Operation 74 [1/1] (0.00ns)   --->   "%ret_ln240 = ret" [kyber-mult-kernel-dataflow.cpp:240]   --->   Operation 74 'ret' 'ret_ln240' <Predicate = (!icmp_ln214)> <Delay = 0.00>

State 3 <SV = 2> <Delay = 0.00>
ST_3 : Operation 75 [1/2] (0.00ns)   --->   "%call_ln0 = call void @basemul_all_Pipeline_BM_RD, i12 %B_15, i12 %B_14, i12 %B_13, i12 %B_12, i12 %B_11, i12 %B_10, i12 %B_9, i12 %B_8, i12 %B_7, i12 %B_6, i12 %B_5, i12 %B_4, i12 %B_3, i12 %B_2, i12 %B_1, i12 %B, i12 %A_15, i12 %A_14, i12 %A_13, i12 %A_12, i12 %A_11, i12 %A_10, i12 %A_9, i12 %A_8, i12 %A_7, i12 %A_6, i12 %A_5, i12 %A_4, i12 %A_3, i12 %A_2, i12 %A_1, i12 %A, i192 %sA1, i192 %sB1"   --->   Operation 75 'call' 'call_ln0' <Predicate = true> <Delay = 0.00> <CoreType = "Generic">   --->   Core 0 '' <Latency = 0> <II = 1> <Delay = 1.00> <Generic> <Opcode : >

State 4 <SV = 3> <Delay = 0.00>
ST_4 : Operation 76 [1/1] (0.00ns)   --->   "%empty_297 = wait i32 @_ssdm_op_Wait"   --->   Operation 76 'wait' 'empty_297' <Predicate = true> <Delay = 0.00>
ST_4 : Operation 77 [2/2] (0.00ns)   --->   "%call_ln229 = call void @basemul, i12 %A, i12 %A_1, i12 %A_2, i12 %A_3, i12 %A_4, i12 %A_5, i12 %A_6, i12 %A_7, i12 %A_8, i12 %A_9, i12 %A_10, i12 %A_11, i12 %A_12, i12 %A_13, i12 %A_14, i12 %A_15, i12 %B, i12 %B_1, i12 %B_2, i12 %B_3, i12 %B_4, i12 %B_5, i12 %B_6, i12 %B_7, i12 %B_8, i12 %B_9, i12 %B_10, i12 %B_11, i12 %B_12, i12 %B_13, i12 %B_14, i12 %B_15, i12 %C, i12 %C_1, i12 %C_2, i12 %C_3, i12 %C_4, i12 %C_5, i12 %C_6, i12 %C_7, i12 %C_8, i12 %C_9, i12 %C_10, i12 %C_11, i12 %C_12, i12 %C_13, i12 %C_14, i12 %C_15, i12 %p_ZL4BM_W_0, i16 %p_ZL5BM_MW_0, i12 %p_ZL4BM_W_1, i16 %p_ZL5BM_MW_1, i12 %p_ZL4BM_W_2, i16 %p_ZL5BM_MW_2, i12 %p_ZL4BM_W_3, i16 %p_ZL5BM_MW_3" [kyber-mult-kernel-dataflow.cpp:229]   --->   Operation 77 'call' 'call_ln229' <Predicate = true> <Delay = 0.00> <CoreType = "Generic">   --->   Core 0 '' <Latency = 0> <II = 1> <Delay = 1.00> <Generic> <Opcode : >

State 5 <SV = 4> <Delay = 0.00>
ST_5 : Operation 78 [1/2] (0.00ns)   --->   "%call_ln229 = call void @basemul, i12 %A, i12 %A_1, i12 %A_2, i12 %A_3, i12 %A_4, i12 %A_5, i12 %A_6, i12 %A_7, i12 %A_8, i12 %A_9, i12 %A_10, i12 %A_11, i12 %A_12, i12 %A_13, i12 %A_14, i12 %A_15, i12 %B, i12 %B_1, i12 %B_2, i12 %B_3, i12 %B_4, i12 %B_5, i12 %B_6, i12 %B_7, i12 %B_8, i12 %B_9, i12 %B_10, i12 %B_11, i12 %B_12, i12 %B_13, i12 %B_14, i12 %B_15, i12 %C, i12 %C_1, i12 %C_2, i12 %C_3, i12 %C_4, i12 %C_5, i12 %C_6, i12 %C_7, i12 %C_8, i12 %C_9, i12 %C_10, i12 %C_11, i12 %C_12, i12 %C_13, i12 %C_14, i12 %C_15, i12 %p_ZL4BM_W_0, i16 %p_ZL5BM_MW_0, i12 %p_ZL4BM_W_1, i16 %p_ZL5BM_MW_1, i12 %p_ZL4BM_W_2, i16 %p_ZL5BM_MW_2, i12 %p_ZL4BM_W_3, i16 %p_ZL5BM_MW_3" [kyber-mult-kernel-dataflow.cpp:229]   --->   Operation 78 'call' 'call_ln229' <Predicate = true> <Delay = 0.00> <CoreType = "Generic">   --->   Core 0 '' <Latency = 0> <II = 1> <Delay = 1.00> <Generic> <Opcode : >

State 6 <SV = 5> <Delay = 0.00>
ST_6 : Operation 79 [1/1] (0.00ns)   --->   "%empty_298 = wait i32 @_ssdm_op_Wait"   --->   Operation 79 'wait' 'empty_298' <Predicate = true> <Delay = 0.00>
ST_6 : Operation 80 [2/2] (0.00ns)   --->   "%call_ln0 = call void @basemul_all_Pipeline_BM_WR, i12 %C, i12 %C_1, i12 %C_2, i12 %C_3, i12 %C_4, i12 %C_5, i12 %C_6, i12 %C_7, i12 %C_8, i12 %C_9, i12 %C_10, i12 %C_11, i12 %C_12, i12 %C_13, i12 %C_14, i12 %C_15, i192 %sC0"   --->   Operation 80 'call' 'call_ln0' <Predicate = true> <Delay = 0.00> <CoreType = "Generic">   --->   Core 0 '' <Latency = 0> <II = 1> <Delay = 1.00> <Generic> <Opcode : >

State 7 <SV = 6> <Delay = 0.00>
ST_7 : Operation 81 [1/1] (0.00ns)   --->   "%speclooptripcount_ln215 = speclooptripcount void @_ssdm_op_SpecLoopTripCount, i64 1, i64 16, i64 8" [kyber-mult-kernel-dataflow.cpp:215]   --->   Operation 81 'speclooptripcount' 'speclooptripcount_ln215' <Predicate = true> <Delay = 0.00>
ST_7 : Operation 82 [1/1] (0.00ns)   --->   "%specloopname_ln214 = specloopname void @_ssdm_op_SpecLoopName, void @empty_173" [kyber-mult-kernel-dataflow.cpp:214]   --->   Operation 82 'specloopname' 'specloopname_ln214' <Predicate = true> <Delay = 0.00>
ST_7 : Operation 83 [1/2] (0.00ns)   --->   "%call_ln0 = call void @basemul_all_Pipeline_BM_WR, i12 %C, i12 %C_1, i12 %C_2, i12 %C_3, i12 %C_4, i12 %C_5, i12 %C_6, i12 %C_7, i12 %C_8, i12 %C_9, i12 %C_10, i12 %C_11, i12 %C_12, i12 %C_13, i12 %C_14, i12 %C_15, i192 %sC0"   --->   Operation 83 'call' 'call_ln0' <Predicate = true> <Delay = 0.00> <CoreType = "Generic">   --->   Core 0 '' <Latency = 0> <II = 1> <Delay = 1.00> <Generic> <Opcode : >
ST_7 : Operation 84 [1/1] (0.00ns)   --->   "%br_ln214 = br void %BM_RD" [kyber-mult-kernel-dataflow.cpp:214]   --->   Operation 84 'br' 'br_ln214' <Predicate = true> <Delay = 0.00>


============================================================
+ Verbose Summary: Binding
============================================================
STG Binding: 
---------------- STG Properties BEGIN ----------------
- Is combinational: 0
- Is one-state seq: 0
- Is datapath-only: 0
- Is pipelined: 0
- Is top level: 0
Port [ Return ] is wired: 1; IO mode=ap_ctrl_hs:ce=0
Port [ sA1]:  wired=1; compound=1; hidden=0; nouse=0; global=0; static=0; extern=0; dir=0; type=3; pingpong=0; private_global=0; IO mode=ap_fifo:ce=0
Port [ sB1]:  wired=1; compound=1; hidden=0; nouse=0; global=0; static=0; extern=0; dir=0; type=3; pingpong=0; private_global=0; IO mode=ap_fifo:ce=0
Port [ sC0]:  wired=1; compound=1; hidden=0; nouse=0; global=0; static=0; extern=0; dir=1; type=3; pingpong=0; private_global=0; IO mode=ap_fifo:ce=0
Port [ batch]:  wired=1; compound=1; hidden=0; nouse=0; global=0; static=0; extern=0; dir=0; type=3; pingpong=0; private_global=0; IO mode=ap_fifo:ce=0
Port [ batch_size_c13]:  wired=1; compound=1; hidden=0; nouse=0; global=0; static=0; extern=0; dir=1; type=3; pingpong=0; private_global=0; IO mode=ap_fifo:ce=0
Port [ p_ZL4BM_W_0]:  wired=0; compound=1; hidden=1; nouse=1; global=1; static=1; extern=0; dir=0; type=1; pingpong=0; private_global=0; MemPort=[11]; IO mode=ap_memory:ce=0
Port [ p_ZL5BM_MW_0]:  wired=0; compound=1; hidden=1; nouse=1; global=1; static=1; extern=0; dir=0; type=1; pingpong=0; private_global=0; MemPort=[11]; IO mode=ap_memory:ce=0
Port [ p_ZL4BM_W_1]:  wired=0; compound=1; hidden=1; nouse=1; global=1; static=1; extern=0; dir=0; type=1; pingpong=0; private_global=0; MemPort=[11]; IO mode=ap_memory:ce=0
Port [ p_ZL5BM_MW_1]:  wired=0; compound=1; hidden=1; nouse=1; global=1; static=1; extern=0; dir=0; type=1; pingpong=0; private_global=0; MemPort=[11]; IO mode=ap_memory:ce=0
Port [ p_ZL4BM_W_2]:  wired=0; compound=1; hidden=1; nouse=1; global=1; static=1; extern=0; dir=0; type=1; pingpong=0; private_global=0; MemPort=[11]; IO mode=ap_memory:ce=0
Port [ p_ZL5BM_MW_2]:  wired=0; compound=1; hidden=1; nouse=1; global=1; static=1; extern=0; dir=0; type=1; pingpong=0; private_global=0; MemPort=[11]; IO mode=ap_memory:ce=0
Port [ p_ZL4BM_W_3]:  wired=0; compound=1; hidden=1; nouse=1; global=1; static=1; extern=0; dir=0; type=1; pingpong=0; private_global=0; MemPort=[11]; IO mode=ap_memory:ce=0
Port [ p_ZL5BM_MW_3]:  wired=0; compound=1; hidden=1; nouse=1; global=1; static=1; extern=0; dir=0; type=1; pingpong=0; private_global=0; MemPort=[11]; IO mode=ap_memory:ce=0
---------------- STG Properties END ------------------

---------------- Datapath Model BEGIN ----------------

<LifeTime>
<method=bitvector/>
blk                     (alloca           ) [ 01111111]
specinterface_ln0       (specinterface    ) [ 00000000]
batch_4                 (read             ) [ 00111111]
specinterface_ln0       (specinterface    ) [ 00000000]
write_ln0               (write            ) [ 00000000]
specinterface_ln0       (specinterface    ) [ 00000000]
specinterface_ln0       (specinterface    ) [ 00000000]
specinterface_ln0       (specinterface    ) [ 00000000]
A                       (alloca           ) [ 00111111]
A_1                     (alloca           ) [ 00111111]
A_2                     (alloca           ) [ 00111111]
A_3                     (alloca           ) [ 00111111]
A_4                     (alloca           ) [ 00111111]
A_5                     (alloca           ) [ 00111111]
A_6                     (alloca           ) [ 00111111]
A_7                     (alloca           ) [ 00111111]
A_8                     (alloca           ) [ 00111111]
A_9                     (alloca           ) [ 00111111]
A_10                    (alloca           ) [ 00111111]
A_11                    (alloca           ) [ 00111111]
A_12                    (alloca           ) [ 00111111]
A_13                    (alloca           ) [ 00111111]
A_14                    (alloca           ) [ 00111111]
A_15                    (alloca           ) [ 00111111]
B                       (alloca           ) [ 00111111]
B_1                     (alloca           ) [ 00111111]
B_2                     (alloca           ) [ 00111111]
B_3                     (alloca           ) [ 00111111]
B_4                     (alloca           ) [ 00111111]
B_5                     (alloca           ) [ 00111111]
B_6                     (alloca           ) [ 00111111]
B_7                     (alloca           ) [ 00111111]
B_8                     (alloca           ) [ 00111111]
B_9                     (alloca           ) [ 00111111]
B_10                    (alloca           ) [ 00111111]
B_11                    (alloca           ) [ 00111111]
B_12                    (alloca           ) [ 00111111]
B_13                    (alloca           ) [ 00111111]
B_14                    (alloca           ) [ 00111111]
B_15                    (alloca           ) [ 00111111]
C                       (alloca           ) [ 00111111]
C_1                     (alloca           ) [ 00111111]
C_2                     (alloca           ) [ 00111111]
C_3                     (alloca           ) [ 00111111]
C_4                     (alloca           ) [ 00111111]
C_5                     (alloca           ) [ 00111111]
C_6                     (alloca           ) [ 00111111]
C_7                     (alloca           ) [ 00111111]
C_8                     (alloca           ) [ 00111111]
C_9                     (alloca           ) [ 00111111]
C_10                    (alloca           ) [ 00111111]
C_11                    (alloca           ) [ 00111111]
C_12                    (alloca           ) [ 00111111]
C_13                    (alloca           ) [ 00111111]
C_14                    (alloca           ) [ 00111111]
C_15                    (alloca           ) [ 00111111]
store_ln0               (store            ) [ 00000000]
br_ln214                (br               ) [ 00000000]
blk_load                (load             ) [ 00000000]
zext_ln214              (zext             ) [ 00000000]
icmp_ln214              (icmp             ) [ 00111111]
add_ln214               (add              ) [ 00000000]
br_ln214                (br               ) [ 00000000]
empty                   (wait             ) [ 00000000]
store_ln214             (store            ) [ 00000000]
ret_ln240               (ret              ) [ 00000000]
call_ln0                (call             ) [ 00000000]
empty_297               (wait             ) [ 00000000]
call_ln229              (call             ) [ 00000000]
empty_298               (wait             ) [ 00000000]
speclooptripcount_ln215 (speclooptripcount) [ 00000000]
specloopname_ln214      (specloopname     ) [ 00000000]
call_ln0                (call             ) [ 00000000]
br_ln214                (br               ) [ 00000000]
</LifeTime>

<model>

<comp_list>
<comp id="0" class="1000" name="sA1">
<pin_list>
<pin id="1" dir="1" index="0" bw="1" slack="0"/>
</pin_list>
<bind>
<StgValue><ssdm name="sA1"/></StgValue>
</bind>
</comp>

<comp id="2" class="1000" name="sB1">
<pin_list>
<pin id="3" dir="1" index="0" bw="1" slack="0"/>
</pin_list>
<bind>
<StgValue><ssdm name="sB1"/></StgValue>
</bind>
</comp>

<comp id="4" class="1000" name="sC0">
<pin_list>
<pin id="5" dir="1" index="0" bw="1" slack="0"/>
</pin_list>
<bind>
<StgValue><ssdm name="sC0"/></StgValue>
</bind>
</comp>

<comp id="6" class="1000" name="batch">
<pin_list>
<pin id="7" dir="1" index="0" bw="1" slack="0"/>
</pin_list>
<bind>
<StgValue><ssdm name="batch"/></StgValue>
</bind>
</comp>

<comp id="8" class="1000" name="batch_size_c13">
<pin_list>
<pin id="9" dir="1" index="0" bw="1" slack="0"/>
</pin_list>
<bind>
<StgValue><ssdm name="batch_size_c13"/></StgValue>
</bind>
</comp>

<comp id="10" class="1000" name="p_ZL4BM_W_0">
<pin_list>
<pin id="11" dir="1" index="0" bw="1" slack="0"/>
</pin_list>
<bind>
<StgValue><ssdm name="p_ZL4BM_W_0"/><MemPortTyVec>1 1 </MemPortTyVec>
</StgValue>
</bind>
</comp>

<comp id="12" class="1000" name="p_ZL5BM_MW_0">
<pin_list>
<pin id="13" dir="1" index="0" bw="1" slack="0"/>
</pin_list>
<bind>
<StgValue><ssdm name="p_ZL5BM_MW_0"/><MemPortTyVec>1 1 </MemPortTyVec>
</StgValue>
</bind>
</comp>

<comp id="14" class="1000" name="p_ZL4BM_W_1">
<pin_list>
<pin id="15" dir="1" index="0" bw="1" slack="0"/>
</pin_list>
<bind>
<StgValue><ssdm name="p_ZL4BM_W_1"/><MemPortTyVec>1 1 </MemPortTyVec>
</StgValue>
</bind>
</comp>

<comp id="16" class="1000" name="p_ZL5BM_MW_1">
<pin_list>
<pin id="17" dir="1" index="0" bw="1" slack="0"/>
</pin_list>
<bind>
<StgValue><ssdm name="p_ZL5BM_MW_1"/><MemPortTyVec>1 1 </MemPortTyVec>
</StgValue>
</bind>
</comp>

<comp id="18" class="1000" name="p_ZL4BM_W_2">
<pin_list>
<pin id="19" dir="1" index="0" bw="1" slack="0"/>
</pin_list>
<bind>
<StgValue><ssdm name="p_ZL4BM_W_2"/><MemPortTyVec>1 1 </MemPortTyVec>
</StgValue>
</bind>
</comp>

<comp id="20" class="1000" name="p_ZL5BM_MW_2">
<pin_list>
<pin id="21" dir="1" index="0" bw="1" slack="0"/>
</pin_list>
<bind>
<StgValue><ssdm name="p_ZL5BM_MW_2"/><MemPortTyVec>1 1 </MemPortTyVec>
</StgValue>
</bind>
</comp>

<comp id="22" class="1000" name="p_ZL4BM_W_3">
<pin_list>
<pin id="23" dir="1" index="0" bw="1" slack="0"/>
</pin_list>
<bind>
<StgValue><ssdm name="p_ZL4BM_W_3"/><MemPortTyVec>1 1 </MemPortTyVec>
</StgValue>
</bind>
</comp>

<comp id="24" class="1000" name="p_ZL5BM_MW_3">
<pin_list>
<pin id="25" dir="1" index="0" bw="1" slack="0"/>
</pin_list>
<bind>
<StgValue><ssdm name="p_ZL5BM_MW_3"/><MemPortTyVec>1 1 </MemPortTyVec>
</StgValue>
</bind>
</comp>

<comp id="26" class="1001" name="const_26">
<pin_list>
<pin id="27" dir="1" index="0" bw="1" slack="0"/>
</pin_list>
<bind>
<StgValue><ssdm name=""/></StgValue>
</bind>
</comp>

<comp id="28" class="1001" name="const_28">
<pin_list>
<pin id="29" dir="1" index="0" bw="1" slack="2147483647"/>
</pin_list>
<bind>
<StgValue><ssdm name="_ssdm_op_SpecInterface"/></StgValue>
</bind>
</comp>

<comp id="30" class="1001" name="const_30">
<pin_list>
<pin id="31" dir="1" index="0" bw="1" slack="2147483647"/>
</pin_list>
<bind>
<StgValue><ssdm name="ap_fifo_str"/></StgValue>
</bind>
</comp>

<comp id="32" class="1001" name="const_32">
<pin_list>
<pin id="33" dir="1" index="0" bw="1" slack="2147483647"/>
</pin_list>
<bind>
<StgValue><ssdm name=""/></StgValue>
</bind>
</comp>

<comp id="34" class="1001" name="const_34">
<pin_list>
<pin id="35" dir="1" index="0" bw="1" slack="2147483647"/>
</pin_list>
<bind>
<StgValue><ssdm name="p_str"/></StgValue>
</bind>
</comp>

<comp id="36" class="1001" name="const_36">
<pin_list>
<pin id="37" dir="1" index="0" bw="1" slack="2147483647"/>
</pin_list>
<bind>
<StgValue><ssdm name=""/></StgValue>
</bind>
</comp>

<comp id="38" class="1001" name="const_38">
<pin_list>
<pin id="39" dir="1" index="0" bw="1" slack="2147483647"/>
</pin_list>
<bind>
<StgValue><ssdm name=""/></StgValue>
</bind>
</comp>

<comp id="40" class="1001" name="const_40">
<pin_list>
<pin id="41" dir="1" index="0" bw="1" slack="2147483647"/>
</pin_list>
<bind>
<StgValue><ssdm name="ScalarProp_str"/></StgValue>
</bind>
</comp>

<comp id="42" class="1001" name="const_42">
<pin_list>
<pin id="43" dir="1" index="0" bw="1" slack="2147483647"/>
</pin_list>
<bind>
<StgValue><ssdm name=""/></StgValue>
</bind>
</comp>

<comp id="44" class="1001" name="const_44">
<pin_list>
<pin id="45" dir="1" index="0" bw="1" slack="0"/>
</pin_list>
<bind>
<StgValue><ssdm name="_ssdm_op_Read.ap_fifo.i32P0A"/></StgValue>
</bind>
</comp>

<comp id="46" class="1001" name="const_46">
<pin_list>
<pin id="47" dir="1" index="0" bw="1" slack="0"/>
</pin_list>
<bind>
<StgValue><ssdm name="_ssdm_op_Write.ap_fifo.i32P0A"/></StgValue>
</bind>
</comp>

<comp id="48" class="1001" name="const_48">
<pin_list>
<pin id="49" dir="1" index="0" bw="1" slack="2147483647"/>
</pin_list>
<bind>
<StgValue><ssdm name="empty_163"/></StgValue>
</bind>
</comp>

<comp id="50" class="1001" name="const_50">
<pin_list>
<pin id="51" dir="1" index="0" bw="1" slack="2147483647"/>
</pin_list>
<bind>
<StgValue><ssdm name="empty_246"/></StgValue>
</bind>
</comp>

<comp id="52" class="1001" name="const_52">
<pin_list>
<pin id="53" dir="1" index="0" bw="1" slack="0"/>
</pin_list>
<bind>
<StgValue><ssdm name=""/></StgValue>
</bind>
</comp>

<comp id="54" class="1001" name="const_54">
<pin_list>
<pin id="55" dir="1" index="0" bw="1" slack="0"/>
</pin_list>
<bind>
<StgValue><ssdm name=""/></StgValue>
</bind>
</comp>

<comp id="56" class="1001" name="const_56">
<pin_list>
<pin id="57" dir="1" index="0" bw="1" slack="0"/>
</pin_list>
<bind>
<StgValue><ssdm name=""/></StgValue>
</bind>
</comp>

<comp id="58" class="1001" name="const_58">
<pin_list>
<pin id="59" dir="1" index="0" bw="1" slack="2147483647"/>
</pin_list>
<bind>
<StgValue><ssdm name="_ssdm_op_Wait"/></StgValue>
</bind>
</comp>

<comp id="60" class="1001" name="const_60">
<pin_list>
<pin id="61" dir="1" index="0" bw="1" slack="0"/>
</pin_list>
<bind>
<StgValue><ssdm name="basemul_all_Pipeline_BM_RD"/></StgValue>
</bind>
</comp>

<comp id="62" class="1001" name="const_62">
<pin_list>
<pin id="63" dir="1" index="0" bw="1" slack="0"/>
</pin_list>
<bind>
<StgValue><ssdm name="basemul"/></StgValue>
</bind>
</comp>

<comp id="64" class="1001" name="const_64">
<pin_list>
<pin id="65" dir="1" index="0" bw="1" slack="0"/>
</pin_list>
<bind>
<StgValue><ssdm name="basemul_all_Pipeline_BM_WR"/></StgValue>
</bind>
</comp>

<comp id="66" class="1001" name="const_66">
<pin_list>
<pin id="67" dir="1" index="0" bw="1" slack="2147483647"/>
</pin_list>
<bind>
<StgValue><ssdm name="_ssdm_op_SpecLoopTripCount"/></StgValue>
</bind>
</comp>

<comp id="68" class="1001" name="const_68">
<pin_list>
<pin id="69" dir="1" index="0" bw="1" slack="2147483647"/>
</pin_list>
<bind>
<StgValue><ssdm name=""/></StgValue>
</bind>
</comp>

<comp id="70" class="1001" name="const_70">
<pin_list>
<pin id="71" dir="1" index="0" bw="1" slack="2147483647"/>
</pin_list>
<bind>
<StgValue><ssdm name=""/></StgValue>
</bind>
</comp>

<comp id="72" class="1001" name="const_72">
<pin_list>
<pin id="73" dir="1" index="0" bw="1" slack="2147483647"/>
</pin_list>
<bind>
<StgValue><ssdm name="_ssdm_op_SpecLoopName"/></StgValue>
</bind>
</comp>

<comp id="74" class="1001" name="const_74">
<pin_list>
<pin id="75" dir="1" index="0" bw="1" slack="2147483647"/>
</pin_list>
<bind>
<StgValue><ssdm name="empty_173"/></StgValue>
</bind>
</comp>

<comp id="76" class="1004" name="blk_fu_76">
<pin_list>
<pin id="77" dir="0" index="0" bw="1" slack="0"/>
<pin id="78" dir="1" index="1" bw="31" slack="0"/>
</pin_list>
<bind>
<opcode="alloca(26) " fcode="alloca"/>
<opset="blk/1 "/>
</bind>
</comp>

<comp id="80" class="1004" name="A_alloca_fu_80">
<pin_list>
<pin id="81" dir="0" index="0" bw="1" slack="0"/>
<pin id="82" dir="1" index="1" bw="12" slack="2147483647"/>
</pin_list>
<bind>
<opcode="alloca(26) " fcode="alloca"/>
<opset="A/1 "/>
</bind>
</comp>

<comp id="84" class="1004" name="A_1_alloca_fu_84">
<pin_list>
<pin id="85" dir="0" index="0" bw="1" slack="0"/>
<pin id="86" dir="1" index="1" bw="12" slack="2147483647"/>
</pin_list>
<bind>
<opcode="alloca(26) " fcode="alloca"/>
<opset="A_1/1 "/>
</bind>
</comp>

<comp id="88" class="1004" name="A_2_alloca_fu_88">
<pin_list>
<pin id="89" dir="0" index="0" bw="1" slack="0"/>
<pin id="90" dir="1" index="1" bw="12" slack="2147483647"/>
</pin_list>
<bind>
<opcode="alloca(26) " fcode="alloca"/>
<opset="A_2/1 "/>
</bind>
</comp>

<comp id="92" class="1004" name="A_3_alloca_fu_92">
<pin_list>
<pin id="93" dir="0" index="0" bw="1" slack="0"/>
<pin id="94" dir="1" index="1" bw="12" slack="2147483647"/>
</pin_list>
<bind>
<opcode="alloca(26) " fcode="alloca"/>
<opset="A_3/1 "/>
</bind>
</comp>

<comp id="96" class="1004" name="A_4_alloca_fu_96">
<pin_list>
<pin id="97" dir="0" index="0" bw="1" slack="0"/>
<pin id="98" dir="1" index="1" bw="12" slack="2147483647"/>
</pin_list>
<bind>
<opcode="alloca(26) " fcode="alloca"/>
<opset="A_4/1 "/>
</bind>
</comp>

<comp id="100" class="1004" name="A_5_alloca_fu_100">
<pin_list>
<pin id="101" dir="0" index="0" bw="1" slack="0"/>
<pin id="102" dir="1" index="1" bw="12" slack="2147483647"/>
</pin_list>
<bind>
<opcode="alloca(26) " fcode="alloca"/>
<opset="A_5/1 "/>
</bind>
</comp>

<comp id="104" class="1004" name="A_6_alloca_fu_104">
<pin_list>
<pin id="105" dir="0" index="0" bw="1" slack="0"/>
<pin id="106" dir="1" index="1" bw="12" slack="2147483647"/>
</pin_list>
<bind>
<opcode="alloca(26) " fcode="alloca"/>
<opset="A_6/1 "/>
</bind>
</comp>

<comp id="108" class="1004" name="A_7_alloca_fu_108">
<pin_list>
<pin id="109" dir="0" index="0" bw="1" slack="0"/>
<pin id="110" dir="1" index="1" bw="12" slack="2147483647"/>
</pin_list>
<bind>
<opcode="alloca(26) " fcode="alloca"/>
<opset="A_7/1 "/>
</bind>
</comp>

<comp id="112" class="1004" name="A_8_alloca_fu_112">
<pin_list>
<pin id="113" dir="0" index="0" bw="1" slack="0"/>
<pin id="114" dir="1" index="1" bw="12" slack="2147483647"/>
</pin_list>
<bind>
<opcode="alloca(26) " fcode="alloca"/>
<opset="A_8/1 "/>
</bind>
</comp>

<comp id="116" class="1004" name="A_9_alloca_fu_116">
<pin_list>
<pin id="117" dir="0" index="0" bw="1" slack="0"/>
<pin id="118" dir="1" index="1" bw="12" slack="2147483647"/>
</pin_list>
<bind>
<opcode="alloca(26) " fcode="alloca"/>
<opset="A_9/1 "/>
</bind>
</comp>

<comp id="120" class="1004" name="A_10_alloca_fu_120">
<pin_list>
<pin id="121" dir="0" index="0" bw="1" slack="0"/>
<pin id="122" dir="1" index="1" bw="12" slack="2147483647"/>
</pin_list>
<bind>
<opcode="alloca(26) " fcode="alloca"/>
<opset="A_10/1 "/>
</bind>
</comp>

<comp id="124" class="1004" name="A_11_alloca_fu_124">
<pin_list>
<pin id="125" dir="0" index="0" bw="1" slack="0"/>
<pin id="126" dir="1" index="1" bw="12" slack="2147483647"/>
</pin_list>
<bind>
<opcode="alloca(26) " fcode="alloca"/>
<opset="A_11/1 "/>
</bind>
</comp>

<comp id="128" class="1004" name="A_12_alloca_fu_128">
<pin_list>
<pin id="129" dir="0" index="0" bw="1" slack="0"/>
<pin id="130" dir="1" index="1" bw="12" slack="2147483647"/>
</pin_list>
<bind>
<opcode="alloca(26) " fcode="alloca"/>
<opset="A_12/1 "/>
</bind>
</comp>

<comp id="132" class="1004" name="A_13_alloca_fu_132">
<pin_list>
<pin id="133" dir="0" index="0" bw="1" slack="0"/>
<pin id="134" dir="1" index="1" bw="12" slack="2147483647"/>
</pin_list>
<bind>
<opcode="alloca(26) " fcode="alloca"/>
<opset="A_13/1 "/>
</bind>
</comp>

<comp id="136" class="1004" name="A_14_alloca_fu_136">
<pin_list>
<pin id="137" dir="0" index="0" bw="1" slack="0"/>
<pin id="138" dir="1" index="1" bw="12" slack="2147483647"/>
</pin_list>
<bind>
<opcode="alloca(26) " fcode="alloca"/>
<opset="A_14/1 "/>
</bind>
</comp>

<comp id="140" class="1004" name="A_15_alloca_fu_140">
<pin_list>
<pin id="141" dir="0" index="0" bw="1" slack="0"/>
<pin id="142" dir="1" index="1" bw="12" slack="2147483647"/>
</pin_list>
<bind>
<opcode="alloca(26) " fcode="alloca"/>
<opset="A_15/1 "/>
</bind>
</comp>

<comp id="144" class="1004" name="B_alloca_fu_144">
<pin_list>
<pin id="145" dir="0" index="0" bw="1" slack="0"/>
<pin id="146" dir="1" index="1" bw="12" slack="2147483647"/>
</pin_list>
<bind>
<opcode="alloca(26) " fcode="alloca"/>
<opset="B/1 "/>
</bind>
</comp>

<comp id="148" class="1004" name="B_1_alloca_fu_148">
<pin_list>
<pin id="149" dir="0" index="0" bw="1" slack="0"/>
<pin id="150" dir="1" index="1" bw="12" slack="2147483647"/>
</pin_list>
<bind>
<opcode="alloca(26) " fcode="alloca"/>
<opset="B_1/1 "/>
</bind>
</comp>

<comp id="152" class="1004" name="B_2_alloca_fu_152">
<pin_list>
<pin id="153" dir="0" index="0" bw="1" slack="0"/>
<pin id="154" dir="1" index="1" bw="12" slack="2147483647"/>
</pin_list>
<bind>
<opcode="alloca(26) " fcode="alloca"/>
<opset="B_2/1 "/>
</bind>
</comp>

<comp id="156" class="1004" name="B_3_alloca_fu_156">
<pin_list>
<pin id="157" dir="0" index="0" bw="1" slack="0"/>
<pin id="158" dir="1" index="1" bw="12" slack="2147483647"/>
</pin_list>
<bind>
<opcode="alloca(26) " fcode="alloca"/>
<opset="B_3/1 "/>
</bind>
</comp>

<comp id="160" class="1004" name="B_4_alloca_fu_160">
<pin_list>
<pin id="161" dir="0" index="0" bw="1" slack="0"/>
<pin id="162" dir="1" index="1" bw="12" slack="2147483647"/>
</pin_list>
<bind>
<opcode="alloca(26) " fcode="alloca"/>
<opset="B_4/1 "/>
</bind>
</comp>

<comp id="164" class="1004" name="B_5_alloca_fu_164">
<pin_list>
<pin id="165" dir="0" index="0" bw="1" slack="0"/>
<pin id="166" dir="1" index="1" bw="12" slack="2147483647"/>
</pin_list>
<bind>
<opcode="alloca(26) " fcode="alloca"/>
<opset="B_5/1 "/>
</bind>
</comp>

<comp id="168" class="1004" name="B_6_alloca_fu_168">
<pin_list>
<pin id="169" dir="0" index="0" bw="1" slack="0"/>
<pin id="170" dir="1" index="1" bw="12" slack="2147483647"/>
</pin_list>
<bind>
<opcode="alloca(26) " fcode="alloca"/>
<opset="B_6/1 "/>
</bind>
</comp>

<comp id="172" class="1004" name="B_7_alloca_fu_172">
<pin_list>
<pin id="173" dir="0" index="0" bw="1" slack="0"/>
<pin id="174" dir="1" index="1" bw="12" slack="2147483647"/>
</pin_list>
<bind>
<opcode="alloca(26) " fcode="alloca"/>
<opset="B_7/1 "/>
</bind>
</comp>

<comp id="176" class="1004" name="B_8_alloca_fu_176">
<pin_list>
<pin id="177" dir="0" index="0" bw="1" slack="0"/>
<pin id="178" dir="1" index="1" bw="12" slack="2147483647"/>
</pin_list>
<bind>
<opcode="alloca(26) " fcode="alloca"/>
<opset="B_8/1 "/>
</bind>
</comp>

<comp id="180" class="1004" name="B_9_alloca_fu_180">
<pin_list>
<pin id="181" dir="0" index="0" bw="1" slack="0"/>
<pin id="182" dir="1" index="1" bw="12" slack="2147483647"/>
</pin_list>
<bind>
<opcode="alloca(26) " fcode="alloca"/>
<opset="B_9/1 "/>
</bind>
</comp>

<comp id="184" class="1004" name="B_10_alloca_fu_184">
<pin_list>
<pin id="185" dir="0" index="0" bw="1" slack="0"/>
<pin id="186" dir="1" index="1" bw="12" slack="2147483647"/>
</pin_list>
<bind>
<opcode="alloca(26) " fcode="alloca"/>
<opset="B_10/1 "/>
</bind>
</comp>

<comp id="188" class="1004" name="B_11_alloca_fu_188">
<pin_list>
<pin id="189" dir="0" index="0" bw="1" slack="0"/>
<pin id="190" dir="1" index="1" bw="12" slack="2147483647"/>
</pin_list>
<bind>
<opcode="alloca(26) " fcode="alloca"/>
<opset="B_11/1 "/>
</bind>
</comp>

<comp id="192" class="1004" name="B_12_alloca_fu_192">
<pin_list>
<pin id="193" dir="0" index="0" bw="1" slack="0"/>
<pin id="194" dir="1" index="1" bw="12" slack="2147483647"/>
</pin_list>
<bind>
<opcode="alloca(26) " fcode="alloca"/>
<opset="B_12/1 "/>
</bind>
</comp>

<comp id="196" class="1004" name="B_13_alloca_fu_196">
<pin_list>
<pin id="197" dir="0" index="0" bw="1" slack="0"/>
<pin id="198" dir="1" index="1" bw="12" slack="2147483647"/>
</pin_list>
<bind>
<opcode="alloca(26) " fcode="alloca"/>
<opset="B_13/1 "/>
</bind>
</comp>

<comp id="200" class="1004" name="B_14_alloca_fu_200">
<pin_list>
<pin id="201" dir="0" index="0" bw="1" slack="0"/>
<pin id="202" dir="1" index="1" bw="12" slack="2147483647"/>
</pin_list>
<bind>
<opcode="alloca(26) " fcode="alloca"/>
<opset="B_14/1 "/>
</bind>
</comp>

<comp id="204" class="1004" name="B_15_alloca_fu_204">
<pin_list>
<pin id="205" dir="0" index="0" bw="1" slack="0"/>
<pin id="206" dir="1" index="1" bw="12" slack="2147483647"/>
</pin_list>
<bind>
<opcode="alloca(26) " fcode="alloca"/>
<opset="B_15/1 "/>
</bind>
</comp>

<comp id="208" class="1004" name="C_alloca_fu_208">
<pin_list>
<pin id="209" dir="0" index="0" bw="1" slack="0"/>
<pin id="210" dir="1" index="1" bw="12" slack="2147483647"/>
</pin_list>
<bind>
<opcode="alloca(26) " fcode="alloca"/>
<opset="C/1 "/>
</bind>
</comp>

<comp id="212" class="1004" name="C_1_alloca_fu_212">
<pin_list>
<pin id="213" dir="0" index="0" bw="1" slack="0"/>
<pin id="214" dir="1" index="1" bw="12" slack="2147483647"/>
</pin_list>
<bind>
<opcode="alloca(26) " fcode="alloca"/>
<opset="C_1/1 "/>
</bind>
</comp>

<comp id="216" class="1004" name="C_2_alloca_fu_216">
<pin_list>
<pin id="217" dir="0" index="0" bw="1" slack="0"/>
<pin id="218" dir="1" index="1" bw="12" slack="2147483647"/>
</pin_list>
<bind>
<opcode="alloca(26) " fcode="alloca"/>
<opset="C_2/1 "/>
</bind>
</comp>

<comp id="220" class="1004" name="C_3_alloca_fu_220">
<pin_list>
<pin id="221" dir="0" index="0" bw="1" slack="0"/>
<pin id="222" dir="1" index="1" bw="12" slack="2147483647"/>
</pin_list>
<bind>
<opcode="alloca(26) " fcode="alloca"/>
<opset="C_3/1 "/>
</bind>
</comp>

<comp id="224" class="1004" name="C_4_alloca_fu_224">
<pin_list>
<pin id="225" dir="0" index="0" bw="1" slack="0"/>
<pin id="226" dir="1" index="1" bw="12" slack="2147483647"/>
</pin_list>
<bind>
<opcode="alloca(26) " fcode="alloca"/>
<opset="C_4/1 "/>
</bind>
</comp>

<comp id="228" class="1004" name="C_5_alloca_fu_228">
<pin_list>
<pin id="229" dir="0" index="0" bw="1" slack="0"/>
<pin id="230" dir="1" index="1" bw="12" slack="2147483647"/>
</pin_list>
<bind>
<opcode="alloca(26) " fcode="alloca"/>
<opset="C_5/1 "/>
</bind>
</comp>

<comp id="232" class="1004" name="C_6_alloca_fu_232">
<pin_list>
<pin id="233" dir="0" index="0" bw="1" slack="0"/>
<pin id="234" dir="1" index="1" bw="12" slack="2147483647"/>
</pin_list>
<bind>
<opcode="alloca(26) " fcode="alloca"/>
<opset="C_6/1 "/>
</bind>
</comp>

<comp id="236" class="1004" name="C_7_alloca_fu_236">
<pin_list>
<pin id="237" dir="0" index="0" bw="1" slack="0"/>
<pin id="238" dir="1" index="1" bw="12" slack="2147483647"/>
</pin_list>
<bind>
<opcode="alloca(26) " fcode="alloca"/>
<opset="C_7/1 "/>
</bind>
</comp>

<comp id="240" class="1004" name="C_8_alloca_fu_240">
<pin_list>
<pin id="241" dir="0" index="0" bw="1" slack="0"/>
<pin id="242" dir="1" index="1" bw="12" slack="2147483647"/>
</pin_list>
<bind>
<opcode="alloca(26) " fcode="alloca"/>
<opset="C_8/1 "/>
</bind>
</comp>

<comp id="244" class="1004" name="C_9_alloca_fu_244">
<pin_list>
<pin id="245" dir="0" index="0" bw="1" slack="0"/>
<pin id="246" dir="1" index="1" bw="12" slack="2147483647"/>
</pin_list>
<bind>
<opcode="alloca(26) " fcode="alloca"/>
<opset="C_9/1 "/>
</bind>
</comp>

<comp id="248" class="1004" name="C_10_alloca_fu_248">
<pin_list>
<pin id="249" dir="0" index="0" bw="1" slack="0"/>
<pin id="250" dir="1" index="1" bw="12" slack="2147483647"/>
</pin_list>
<bind>
<opcode="alloca(26) " fcode="alloca"/>
<opset="C_10/1 "/>
</bind>
</comp>

<comp id="252" class="1004" name="C_11_alloca_fu_252">
<pin_list>
<pin id="253" dir="0" index="0" bw="1" slack="0"/>
<pin id="254" dir="1" index="1" bw="12" slack="2147483647"/>
</pin_list>
<bind>
<opcode="alloca(26) " fcode="alloca"/>
<opset="C_11/1 "/>
</bind>
</comp>

<comp id="256" class="1004" name="C_12_alloca_fu_256">
<pin_list>
<pin id="257" dir="0" index="0" bw="1" slack="0"/>
<pin id="258" dir="1" index="1" bw="12" slack="2147483647"/>
</pin_list>
<bind>
<opcode="alloca(26) " fcode="alloca"/>
<opset="C_12/1 "/>
</bind>
</comp>

<comp id="260" class="1004" name="C_13_alloca_fu_260">
<pin_list>
<pin id="261" dir="0" index="0" bw="1" slack="0"/>
<pin id="262" dir="1" index="1" bw="12" slack="2147483647"/>
</pin_list>
<bind>
<opcode="alloca(26) " fcode="alloca"/>
<opset="C_13/1 "/>
</bind>
</comp>

<comp id="264" class="1004" name="C_14_alloca_fu_264">
<pin_list>
<pin id="265" dir="0" index="0" bw="1" slack="0"/>
<pin id="266" dir="1" index="1" bw="12" slack="2147483647"/>
</pin_list>
<bind>
<opcode="alloca(26) " fcode="alloca"/>
<opset="C_14/1 "/>
</bind>
</comp>

<comp id="268" class="1004" name="C_15_alloca_fu_268">
<pin_list>
<pin id="269" dir="0" index="0" bw="1" slack="0"/>
<pin id="270" dir="1" index="1" bw="12" slack="2147483647"/>
</pin_list>
<bind>
<opcode="alloca(26) " fcode="alloca"/>
<opset="C_15/1 "/>
</bind>
</comp>

<comp id="272" class="1004" name="batch_4_read_fu_272">
<pin_list>
<pin id="273" dir="0" index="0" bw="32" slack="0"/>
<pin id="274" dir="0" index="1" bw="32" slack="0"/>
<pin id="275" dir="1" index="2" bw="32" slack="0"/>
</pin_list>
<bind>
<opcode="read(1150) " fcode="read"/>
<opset="batch_4/1 "/>
</bind>
</comp>

<comp id="278" class="1004" name="write_ln0_write_fu_278">
<pin_list>
<pin id="279" dir="0" index="0" bw="0" slack="0"/>
<pin id="280" dir="0" index="1" bw="32" slack="0"/>
<pin id="281" dir="0" index="2" bw="32" slack="0"/>
<pin id="282" dir="1" index="3" bw="0" slack="2147483647"/>
</pin_list>
<bind>
<opcode="write(1151) " fcode="write"/>
<opset="write_ln0/1 "/>
</bind>
</comp>

<comp id="286" class="1004" name="grp_basemul_all_Pipeline_BM_RD_fu_286">
<pin_list>
<pin id="287" dir="0" index="0" bw="0" slack="0"/>
<pin id="288" dir="0" index="1" bw="12" slack="2147483647"/>
<pin id="289" dir="0" index="2" bw="12" slack="2147483647"/>
<pin id="290" dir="0" index="3" bw="12" slack="2147483647"/>
<pin id="291" dir="0" index="4" bw="12" slack="2147483647"/>
<pin id="292" dir="0" index="5" bw="12" slack="2147483647"/>
<pin id="293" dir="0" index="6" bw="12" slack="2147483647"/>
<pin id="294" dir="0" index="7" bw="12" slack="2147483647"/>
<pin id="295" dir="0" index="8" bw="12" slack="2147483647"/>
<pin id="296" dir="0" index="9" bw="12" slack="2147483647"/>
<pin id="297" dir="0" index="10" bw="12" slack="2147483647"/>
<pin id="298" dir="0" index="11" bw="12" slack="2147483647"/>
<pin id="299" dir="0" index="12" bw="12" slack="2147483647"/>
<pin id="300" dir="0" index="13" bw="12" slack="2147483647"/>
<pin id="301" dir="0" index="14" bw="12" slack="2147483647"/>
<pin id="302" dir="0" index="15" bw="12" slack="2147483647"/>
<pin id="303" dir="0" index="16" bw="12" slack="2147483647"/>
<pin id="304" dir="0" index="17" bw="12" slack="2147483647"/>
<pin id="305" dir="0" index="18" bw="12" slack="2147483647"/>
<pin id="306" dir="0" index="19" bw="12" slack="2147483647"/>
<pin id="307" dir="0" index="20" bw="12" slack="2147483647"/>
<pin id="308" dir="0" index="21" bw="12" slack="2147483647"/>
<pin id="309" dir="0" index="22" bw="12" slack="2147483647"/>
<pin id="310" dir="0" index="23" bw="12" slack="2147483647"/>
<pin id="311" dir="0" index="24" bw="12" slack="2147483647"/>
<pin id="312" dir="0" index="25" bw="12" slack="2147483647"/>
<pin id="313" dir="0" index="26" bw="12" slack="2147483647"/>
<pin id="314" dir="0" index="27" bw="12" slack="2147483647"/>
<pin id="315" dir="0" index="28" bw="12" slack="2147483647"/>
<pin id="316" dir="0" index="29" bw="12" slack="2147483647"/>
<pin id="317" dir="0" index="30" bw="12" slack="2147483647"/>
<pin id="318" dir="0" index="31" bw="12" slack="2147483647"/>
<pin id="319" dir="0" index="32" bw="12" slack="2147483647"/>
<pin id="320" dir="0" index="33" bw="192" slack="0"/>
<pin id="321" dir="0" index="34" bw="192" slack="0"/>
<pin id="322" dir="1" index="35" bw="0" slack="2147483647"/>
</pin_list>
<bind>
<opcode="call(48) " fcode="call"/>
<opset="call_ln0/2 "/>
</bind>
</comp>

<comp id="326" class="1004" name="grp_basemul_fu_326">
<pin_list>
<pin id="327" dir="0" index="0" bw="0" slack="0"/>
<pin id="328" dir="0" index="1" bw="12" slack="2147483647"/>
<pin id="329" dir="0" index="2" bw="12" slack="2147483647"/>
<pin id="330" dir="0" index="3" bw="12" slack="2147483647"/>
<pin id="331" dir="0" index="4" bw="12" slack="2147483647"/>
<pin id="332" dir="0" index="5" bw="12" slack="2147483647"/>
<pin id="333" dir="0" index="6" bw="12" slack="2147483647"/>
<pin id="334" dir="0" index="7" bw="12" slack="2147483647"/>
<pin id="335" dir="0" index="8" bw="12" slack="2147483647"/>
<pin id="336" dir="0" index="9" bw="12" slack="2147483647"/>
<pin id="337" dir="0" index="10" bw="12" slack="2147483647"/>
<pin id="338" dir="0" index="11" bw="12" slack="2147483647"/>
<pin id="339" dir="0" index="12" bw="12" slack="2147483647"/>
<pin id="340" dir="0" index="13" bw="12" slack="2147483647"/>
<pin id="341" dir="0" index="14" bw="12" slack="2147483647"/>
<pin id="342" dir="0" index="15" bw="12" slack="2147483647"/>
<pin id="343" dir="0" index="16" bw="12" slack="2147483647"/>
<pin id="344" dir="0" index="17" bw="12" slack="2147483647"/>
<pin id="345" dir="0" index="18" bw="12" slack="2147483647"/>
<pin id="346" dir="0" index="19" bw="12" slack="2147483647"/>
<pin id="347" dir="0" index="20" bw="12" slack="2147483647"/>
<pin id="348" dir="0" index="21" bw="12" slack="2147483647"/>
<pin id="349" dir="0" index="22" bw="12" slack="2147483647"/>
<pin id="350" dir="0" index="23" bw="12" slack="2147483647"/>
<pin id="351" dir="0" index="24" bw="12" slack="2147483647"/>
<pin id="352" dir="0" index="25" bw="12" slack="2147483647"/>
<pin id="353" dir="0" index="26" bw="12" slack="2147483647"/>
<pin id="354" dir="0" index="27" bw="12" slack="2147483647"/>
<pin id="355" dir="0" index="28" bw="12" slack="2147483647"/>
<pin id="356" dir="0" index="29" bw="12" slack="2147483647"/>
<pin id="357" dir="0" index="30" bw="12" slack="2147483647"/>
<pin id="358" dir="0" index="31" bw="12" slack="2147483647"/>
<pin id="359" dir="0" index="32" bw="12" slack="2147483647"/>
<pin id="360" dir="0" index="33" bw="12" slack="2147483647"/>
<pin id="361" dir="0" index="34" bw="12" slack="2147483647"/>
<pin id="362" dir="0" index="35" bw="12" slack="2147483647"/>
<pin id="363" dir="0" index="36" bw="12" slack="2147483647"/>
<pin id="364" dir="0" index="37" bw="12" slack="2147483647"/>
<pin id="365" dir="0" index="38" bw="12" slack="2147483647"/>
<pin id="366" dir="0" index="39" bw="12" slack="2147483647"/>
<pin id="367" dir="0" index="40" bw="12" slack="2147483647"/>
<pin id="368" dir="0" index="41" bw="12" slack="2147483647"/>
<pin id="369" dir="0" index="42" bw="12" slack="2147483647"/>
<pin id="370" dir="0" index="43" bw="12" slack="2147483647"/>
<pin id="371" dir="0" index="44" bw="12" slack="2147483647"/>
<pin id="372" dir="0" index="45" bw="12" slack="2147483647"/>
<pin id="373" dir="0" index="46" bw="12" slack="2147483647"/>
<pin id="374" dir="0" index="47" bw="12" slack="2147483647"/>
<pin id="375" dir="0" index="48" bw="12" slack="2147483647"/>
<pin id="376" dir="0" index="49" bw="12" slack="0"/>
<pin id="377" dir="0" index="50" bw="16" slack="0"/>
<pin id="378" dir="0" index="51" bw="12" slack="0"/>
<pin id="379" dir="0" index="52" bw="16" slack="0"/>
<pin id="380" dir="0" index="53" bw="12" slack="0"/>
<pin id="381" dir="0" index="54" bw="16" slack="0"/>
<pin id="382" dir="0" index="55" bw="12" slack="0"/>
<pin id="383" dir="0" index="56" bw="16" slack="0"/>
<pin id="384" dir="1" index="57" bw="0" slack="2147483647"/>
</pin_list>
<bind>
<opcode="call(48) " fcode="call"/>
<opset="call_ln229/4 "/>
</bind>
</comp>

<comp id="394" class="1004" name="grp_basemul_all_Pipeline_BM_WR_fu_394">
<pin_list>
<pin id="395" dir="0" index="0" bw="0" slack="0"/>
<pin id="396" dir="0" index="1" bw="12" slack="2147483647"/>
<pin id="397" dir="0" index="2" bw="12" slack="2147483647"/>
<pin id="398" dir="0" index="3" bw="12" slack="2147483647"/>
<pin id="399" dir="0" index="4" bw="12" slack="2147483647"/>
<pin id="400" dir="0" index="5" bw="12" slack="2147483647"/>
<pin id="401" dir="0" index="6" bw="12" slack="2147483647"/>
<pin id="402" dir="0" index="7" bw="12" slack="2147483647"/>
<pin id="403" dir="0" index="8" bw="12" slack="2147483647"/>
<pin id="404" dir="0" index="9" bw="12" slack="2147483647"/>
<pin id="405" dir="0" index="10" bw="12" slack="2147483647"/>
<pin id="406" dir="0" index="11" bw="12" slack="2147483647"/>
<pin id="407" dir="0" index="12" bw="12" slack="2147483647"/>
<pin id="408" dir="0" index="13" bw="12" slack="2147483647"/>
<pin id="409" dir="0" index="14" bw="12" slack="2147483647"/>
<pin id="410" dir="0" index="15" bw="12" slack="2147483647"/>
<pin id="411" dir="0" index="16" bw="12" slack="2147483647"/>
<pin id="412" dir="0" index="17" bw="192" slack="0"/>
<pin id="413" dir="1" index="18" bw="0" slack="2147483647"/>
</pin_list>
<bind>
<opcode="call(48) " fcode="call"/>
<opset="call_ln0/6 "/>
</bind>
</comp>

<comp id="416" class="1004" name="store_ln0_store_fu_416">
<pin_list>
<pin id="417" dir="0" index="0" bw="1" slack="0"/>
<pin id="418" dir="0" index="1" bw="31" slack="0"/>
<pin id="419" dir="1" index="2" bw="0" slack="2147483647"/>
</pin_list>
<bind>
<opcode="store(28) " fcode="store"/>
<opset="store_ln0/1 "/>
</bind>
</comp>

<comp id="421" class="1004" name="blk_load_load_fu_421">
<pin_list>
<pin id="422" dir="0" index="0" bw="31" slack="1"/>
<pin id="423" dir="1" index="1" bw="31" slack="0"/>
</pin_list>
<bind>
<opcode="load(27) " fcode="load"/>
<opset="blk_load/2 "/>
</bind>
</comp>

<comp id="424" class="1004" name="zext_ln214_fu_424">
<pin_list>
<pin id="425" dir="0" index="0" bw="31" slack="0"/>
<pin id="426" dir="1" index="1" bw="32" slack="0"/>
</pin_list>
<bind>
<opcode="zext(34) " fcode="zext"/>
<opset="zext_ln214/2 "/>
</bind>
</comp>

<comp id="428" class="1004" name="icmp_ln214_fu_428">
<pin_list>
<pin id="429" dir="0" index="0" bw="32" slack="0"/>
<pin id="430" dir="0" index="1" bw="32" slack="1"/>
<pin id="431" dir="1" index="2" bw="1" slack="2147483647"/>
</pin_list>
<bind>
<opcode="icmp(45) " fcode="icmp"/>
<opset="icmp_ln214/2 "/>
</bind>
</comp>

<comp id="433" class="1004" name="add_ln214_fu_433">
<pin_list>
<pin id="434" dir="0" index="0" bw="31" slack="0"/>
<pin id="435" dir="0" index="1" bw="1" slack="0"/>
<pin id="436" dir="1" index="2" bw="31" slack="0"/>
</pin_list>
<bind>
<opcode="add(8) " fcode="add"/>
<opset="add_ln214/2 "/>
</bind>
</comp>

<comp id="439" class="1004" name="store_ln214_store_fu_439">
<pin_list>
<pin id="440" dir="0" index="0" bw="31" slack="0"/>
<pin id="441" dir="0" index="1" bw="31" slack="1"/>
<pin id="442" dir="1" index="2" bw="0" slack="2147483647"/>
</pin_list>
<bind>
<opcode="store(28) " fcode="store"/>
<opset="store_ln214/2 "/>
</bind>
</comp>

<comp id="444" class="1005" name="blk_reg_444">
<pin_list>
<pin id="445" dir="0" index="0" bw="31" slack="0"/>
<pin id="446" dir="1" index="1" bw="31" slack="0"/>
</pin_list>
<bind>
<opset="blk "/>
</bind>
</comp>

<comp id="451" class="1005" name="batch_4_reg_451">
<pin_list>
<pin id="452" dir="0" index="0" bw="32" slack="1"/>
<pin id="453" dir="1" index="1" bw="32" slack="1"/>
</pin_list>
<bind>
<opset="batch_4 "/>
</bind>
</comp>

</comp_list>

<net_list>
<net id="79"><net_src comp="26" pin="0"/><net_sink comp="76" pin=0"/></net>

<net id="83"><net_src comp="52" pin="0"/><net_sink comp="80" pin=0"/></net>

<net id="87"><net_src comp="52" pin="0"/><net_sink comp="84" pin=0"/></net>

<net id="91"><net_src comp="52" pin="0"/><net_sink comp="88" pin=0"/></net>

<net id="95"><net_src comp="52" pin="0"/><net_sink comp="92" pin=0"/></net>

<net id="99"><net_src comp="52" pin="0"/><net_sink comp="96" pin=0"/></net>

<net id="103"><net_src comp="52" pin="0"/><net_sink comp="100" pin=0"/></net>

<net id="107"><net_src comp="52" pin="0"/><net_sink comp="104" pin=0"/></net>

<net id="111"><net_src comp="52" pin="0"/><net_sink comp="108" pin=0"/></net>

<net id="115"><net_src comp="52" pin="0"/><net_sink comp="112" pin=0"/></net>

<net id="119"><net_src comp="52" pin="0"/><net_sink comp="116" pin=0"/></net>

<net id="123"><net_src comp="52" pin="0"/><net_sink comp="120" pin=0"/></net>

<net id="127"><net_src comp="52" pin="0"/><net_sink comp="124" pin=0"/></net>

<net id="131"><net_src comp="52" pin="0"/><net_sink comp="128" pin=0"/></net>

<net id="135"><net_src comp="52" pin="0"/><net_sink comp="132" pin=0"/></net>

<net id="139"><net_src comp="52" pin="0"/><net_sink comp="136" pin=0"/></net>

<net id="143"><net_src comp="52" pin="0"/><net_sink comp="140" pin=0"/></net>

<net id="147"><net_src comp="52" pin="0"/><net_sink comp="144" pin=0"/></net>

<net id="151"><net_src comp="52" pin="0"/><net_sink comp="148" pin=0"/></net>

<net id="155"><net_src comp="52" pin="0"/><net_sink comp="152" pin=0"/></net>

<net id="159"><net_src comp="52" pin="0"/><net_sink comp="156" pin=0"/></net>

<net id="163"><net_src comp="52" pin="0"/><net_sink comp="160" pin=0"/></net>

<net id="167"><net_src comp="52" pin="0"/><net_sink comp="164" pin=0"/></net>

<net id="171"><net_src comp="52" pin="0"/><net_sink comp="168" pin=0"/></net>

<net id="175"><net_src comp="52" pin="0"/><net_sink comp="172" pin=0"/></net>

<net id="179"><net_src comp="52" pin="0"/><net_sink comp="176" pin=0"/></net>

<net id="183"><net_src comp="52" pin="0"/><net_sink comp="180" pin=0"/></net>

<net id="187"><net_src comp="52" pin="0"/><net_sink comp="184" pin=0"/></net>

<net id="191"><net_src comp="52" pin="0"/><net_sink comp="188" pin=0"/></net>

<net id="195"><net_src comp="52" pin="0"/><net_sink comp="192" pin=0"/></net>

<net id="199"><net_src comp="52" pin="0"/><net_sink comp="196" pin=0"/></net>

<net id="203"><net_src comp="52" pin="0"/><net_sink comp="200" pin=0"/></net>

<net id="207"><net_src comp="52" pin="0"/><net_sink comp="204" pin=0"/></net>

<net id="211"><net_src comp="52" pin="0"/><net_sink comp="208" pin=0"/></net>

<net id="215"><net_src comp="52" pin="0"/><net_sink comp="212" pin=0"/></net>

<net id="219"><net_src comp="52" pin="0"/><net_sink comp="216" pin=0"/></net>

<net id="223"><net_src comp="52" pin="0"/><net_sink comp="220" pin=0"/></net>

<net id="227"><net_src comp="52" pin="0"/><net_sink comp="224" pin=0"/></net>

<net id="231"><net_src comp="52" pin="0"/><net_sink comp="228" pin=0"/></net>

<net id="235"><net_src comp="52" pin="0"/><net_sink comp="232" pin=0"/></net>

<net id="239"><net_src comp="52" pin="0"/><net_sink comp="236" pin=0"/></net>

<net id="243"><net_src comp="52" pin="0"/><net_sink comp="240" pin=0"/></net>

<net id="247"><net_src comp="52" pin="0"/><net_sink comp="244" pin=0"/></net>

<net id="251"><net_src comp="52" pin="0"/><net_sink comp="248" pin=0"/></net>

<net id="255"><net_src comp="52" pin="0"/><net_sink comp="252" pin=0"/></net>

<net id="259"><net_src comp="52" pin="0"/><net_sink comp="256" pin=0"/></net>

<net id="263"><net_src comp="52" pin="0"/><net_sink comp="260" pin=0"/></net>

<net id="267"><net_src comp="52" pin="0"/><net_sink comp="264" pin=0"/></net>

<net id="271"><net_src comp="52" pin="0"/><net_sink comp="268" pin=0"/></net>

<net id="276"><net_src comp="44" pin="0"/><net_sink comp="272" pin=0"/></net>

<net id="277"><net_src comp="6" pin="0"/><net_sink comp="272" pin=1"/></net>

<net id="283"><net_src comp="46" pin="0"/><net_sink comp="278" pin=0"/></net>

<net id="284"><net_src comp="8" pin="0"/><net_sink comp="278" pin=1"/></net>

<net id="285"><net_src comp="272" pin="2"/><net_sink comp="278" pin=2"/></net>

<net id="323"><net_src comp="60" pin="0"/><net_sink comp="286" pin=0"/></net>

<net id="324"><net_src comp="0" pin="0"/><net_sink comp="286" pin=33"/></net>

<net id="325"><net_src comp="2" pin="0"/><net_sink comp="286" pin=34"/></net>

<net id="385"><net_src comp="62" pin="0"/><net_sink comp="326" pin=0"/></net>

<net id="386"><net_src comp="10" pin="0"/><net_sink comp="326" pin=49"/></net>

<net id="387"><net_src comp="12" pin="0"/><net_sink comp="326" pin=50"/></net>

<net id="388"><net_src comp="14" pin="0"/><net_sink comp="326" pin=51"/></net>

<net id="389"><net_src comp="16" pin="0"/><net_sink comp="326" pin=52"/></net>

<net id="390"><net_src comp="18" pin="0"/><net_sink comp="326" pin=53"/></net>

<net id="391"><net_src comp="20" pin="0"/><net_sink comp="326" pin=54"/></net>

<net id="392"><net_src comp="22" pin="0"/><net_sink comp="326" pin=55"/></net>

<net id="393"><net_src comp="24" pin="0"/><net_sink comp="326" pin=56"/></net>

<net id="414"><net_src comp="64" pin="0"/><net_sink comp="394" pin=0"/></net>

<net id="415"><net_src comp="4" pin="0"/><net_sink comp="394" pin=17"/></net>

<net id="420"><net_src comp="54" pin="0"/><net_sink comp="416" pin=0"/></net>

<net id="427"><net_src comp="421" pin="1"/><net_sink comp="424" pin=0"/></net>

<net id="432"><net_src comp="424" pin="1"/><net_sink comp="428" pin=0"/></net>

<net id="437"><net_src comp="421" pin="1"/><net_sink comp="433" pin=0"/></net>

<net id="438"><net_src comp="56" pin="0"/><net_sink comp="433" pin=1"/></net>

<net id="443"><net_src comp="433" pin="2"/><net_sink comp="439" pin=0"/></net>

<net id="447"><net_src comp="76" pin="1"/><net_sink comp="444" pin=0"/></net>

<net id="448"><net_src comp="444" pin="1"/><net_sink comp="416" pin=1"/></net>

<net id="449"><net_src comp="444" pin="1"/><net_sink comp="421" pin=0"/></net>

<net id="450"><net_src comp="444" pin="1"/><net_sink comp="439" pin=1"/></net>

<net id="454"><net_src comp="272" pin="2"/><net_sink comp="451" pin=0"/></net>

<net id="455"><net_src comp="451" pin="1"/><net_sink comp="428" pin=1"/></net>

</net_list>

</model> 
---------------- Datapath Model END ------------------

* FSMD analyzer results:
  - Output states:
	Port: sC0 | {6 7 }
	Port: batch_size_c13 | {1 }
	Port: p_ZL4BM_W_0 | {}
	Port: p_ZL5BM_MW_0 | {}
	Port: p_ZL4BM_W_1 | {}
	Port: p_ZL5BM_MW_1 | {}
	Port: p_ZL4BM_W_2 | {}
	Port: p_ZL5BM_MW_2 | {}
	Port: p_ZL4BM_W_3 | {}
	Port: p_ZL5BM_MW_3 | {}
 - Input state : 
	Port: basemul_all : sA1 | {2 3 }
	Port: basemul_all : sB1 | {2 3 }
	Port: basemul_all : batch | {1 }
	Port: basemul_all : p_ZL4BM_W_0 | {4 5 }
	Port: basemul_all : p_ZL5BM_MW_0 | {4 5 }
	Port: basemul_all : p_ZL4BM_W_1 | {4 5 }
	Port: basemul_all : p_ZL5BM_MW_1 | {4 5 }
	Port: basemul_all : p_ZL4BM_W_2 | {4 5 }
	Port: basemul_all : p_ZL5BM_MW_2 | {4 5 }
	Port: basemul_all : p_ZL4BM_W_3 | {4 5 }
	Port: basemul_all : p_ZL5BM_MW_3 | {4 5 }
  - Chain level:
	State 1
		store_ln0 : 1
	State 2
		zext_ln214 : 1
		icmp_ln214 : 2
		add_ln214 : 1
		br_ln214 : 3
		store_ln214 : 2
	State 3
	State 4
	State 5
	State 6
	State 7


============================================================
+ Verbose Summary: Datapath Resource usage 
============================================================

* Functional unit list:
|----------|---------------------------------------|---------|---------|---------|---------|
| Operation|            Functional Unit            |   DSP   |  Delay  |    FF   |   LUT   |
|----------|---------------------------------------|---------|---------|---------|---------|
|          | grp_basemul_all_Pipeline_BM_RD_fu_286 |    0    |    0    |    10   |    24   |
|   call   |           grp_basemul_fu_326          |   136   |  88.816 |   5790  |   8879  |
|          | grp_basemul_all_Pipeline_BM_WR_fu_394 |    0    |  6.832  |    69   |   168   |
|----------|---------------------------------------|---------|---------|---------|---------|
|   icmp   |           icmp_ln214_fu_428           |    0    |    0    |    0    |    39   |
|----------|---------------------------------------|---------|---------|---------|---------|
|    add   |            add_ln214_fu_433           |    0    |    0    |    0    |    38   |
|----------|---------------------------------------|---------|---------|---------|---------|
|   read   |          batch_4_read_fu_272          |    0    |    0    |    0    |    0    |
|----------|---------------------------------------|---------|---------|---------|---------|
|   write  |         write_ln0_write_fu_278        |    0    |    0    |    0    |    0    |
|----------|---------------------------------------|---------|---------|---------|---------|
|   zext   |           zext_ln214_fu_424           |    0    |    0    |    0    |    0    |
|----------|---------------------------------------|---------|---------|---------|---------|
|   Total  |                                       |   136   |  95.648 |   5869  |   9148  |
|----------|---------------------------------------|---------|---------|---------|---------|

Memories:
+----+--------+--------+--------+--------+
|    |  BRAM  |   FF   |   LUT  |  URAM  |
+----+--------+--------+--------+--------+
|  A |    0   |   12   |    3   |    0   |
| A_1|    0   |   12   |    3   |    0   |
|A_10|    0   |   12   |    3   |    0   |
|A_11|    0   |   12   |    3   |    0   |
|A_12|    0   |   12   |    3   |    0   |
|A_13|    0   |   12   |    3   |    0   |
|A_14|    0   |   12   |    3   |    0   |
|A_15|    0   |   12   |    3   |    0   |
| A_2|    0   |   12   |    3   |    0   |
| A_3|    0   |   12   |    3   |    0   |
| A_4|    0   |   12   |    3   |    0   |
| A_5|    0   |   12   |    3   |    0   |
| A_6|    0   |   12   |    3   |    0   |
| A_7|    0   |   12   |    3   |    0   |
| A_8|    0   |   12   |    3   |    0   |
| A_9|    0   |   12   |    3   |    0   |
|  B |    0   |   12   |    3   |    0   |
| B_1|    0   |   12   |    3   |    0   |
|B_10|    0   |   12   |    3   |    0   |
|B_11|    0   |   12   |    3   |    0   |
|B_12|    0   |   12   |    3   |    0   |
|B_13|    0   |   12   |    3   |    0   |
|B_14|    0   |   12   |    3   |    0   |
|B_15|    0   |   12   |    3   |    0   |
| B_2|    0   |   12   |    3   |    0   |
| B_3|    0   |   12   |    3   |    0   |
| B_4|    0   |   12   |    3   |    0   |
| B_5|    0   |   12   |    3   |    0   |
| B_6|    0   |   12   |    3   |    0   |
| B_7|    0   |   12   |    3   |    0   |
| B_8|    0   |   12   |    3   |    0   |
| B_9|    0   |   12   |    3   |    0   |
|  C |    0   |   12   |    3   |    0   |
| C_1|    0   |   12   |    3   |    0   |
|C_10|    0   |   12   |    3   |    0   |
|C_11|    0   |   12   |    3   |    0   |
|C_12|    0   |   12   |    3   |    0   |
|C_13|    0   |   12   |    3   |    0   |
|C_14|    0   |   12   |    3   |    0   |
|C_15|    0   |   12   |    3   |    0   |
| C_2|    0   |   12   |    3   |    0   |
| C_3|    0   |   12   |    3   |    0   |
| C_4|    0   |   12   |    3   |    0   |
| C_5|    0   |   12   |    3   |    0   |
| C_6|    0   |   12   |    3   |    0   |
| C_7|    0   |   12   |    3   |    0   |
| C_8|    0   |   12   |    3   |    0   |
| C_9|    0   |   12   |    3   |    0   |
+----+--------+--------+--------+--------+
|Total|    0   |   576  |   144  |    0   |
+----+--------+--------+--------+--------+

* Register list:
+---------------+--------+
|               |   FF   |
+---------------+--------+
|batch_4_reg_451|   32   |
|  blk_reg_444  |   31   |
+---------------+--------+
|     Total     |   63   |
+---------------+--------+

* Multiplexer (MUX) list: 
|--------|------|------|------|--------|
|  Comp  |  Pin | Size |  BW  | S x BW |
|--------|------|------|------|--------|
|  Total |      |      |      |    0   |
|--------|------|------|------|--------|



* Summary:
+-----------+--------+--------+--------+--------+--------+--------+
|           |  BRAM  |   DSP  |  Delay |   FF   |   LUT  |  URAM  |
+-----------+--------+--------+--------+--------+--------+--------+
|  Function |    -   |   136  |   95   |  5869  |  9148  |    -   |
|   Memory  |    0   |    -   |    -   |   576  |   144  |    0   |
|Multiplexer|    -   |    -   |    -   |    -   |    -   |    -   |
|  Register |    -   |    -   |    -   |   63   |    -   |    -   |
+-----------+--------+--------+--------+--------+--------+--------+
|   Total   |    0   |   136  |   95   |  6508  |  9292  |    0   |
+-----------+--------+--------+--------+--------+--------+--------+
