

================================================================
== Vitis HLS Report for 'basemul_all_Pipeline_BM_WR'
================================================================
* Date:           Thu Jun 11 23:16:41 2026

* Version:        2023.2 (Build 4023990 on Oct 11 2023)
* Project:        ntt_kyber
* Solution:       solution1 (Vivado IP Flow Target)
* Product family: zynquplus
* Target device:  xck26-sfvc784-2LV-c


================================================================
== Performance Estimates
================================================================
+ Timing: 
    * Summary: 
    +--------+----------+----------+------------+
    |  Clock |  Target  | Estimated| Uncertainty|
    +--------+----------+----------+------------+
    |ap_clk  |  10.00 ns|  2.575 ns|     2.70 ns|
    +--------+----------+----------+------------+

+ Latency: 
    * Summary: 
    +---------+---------+----------+----------+-----+-----+---------+
    |  Latency (cycles) |  Latency (absolute) |  Interval | Pipeline|
    |   min   |   max   |    min   |    max   | min | max |   Type  |
    +---------+---------+----------+----------+-----+-----+---------+
    |       18|       18|  0.180 us|  0.180 us|   18|   18|       no|
    +---------+---------+----------+----------+-----+-----+---------+

    + Detail: 
        * Instance: 
        N/A

        * Loop: 
        +----------+---------+---------+----------+-----------+-----------+------+----------+
        |          |  Latency (cycles) | Iteration|  Initiation Interval  | Trip |          |
        | Loop Name|   min   |   max   |  Latency |  achieved |   target  | Count| Pipelined|
        +----------+---------+---------+----------+-----------+-----------+------+----------+
        |- BM_WR   |       16|       16|         2|          1|          1|    16|       yes|
        +----------+---------+---------+----------+-----------+-----------+------+----------+

============================================================
+ Verbose Summary: Synthesis Manager
============================================================
InlineROM: 1
ExposeGlobal: 0
============================================================
+ Verbose Summary: CDFG Model
============================================================
IsTopModel: 0
ResetActiveHigh: 1
IsCombinational: 0
IsDatapathOnly: 0
HasWiredReturn: 1
HasMFsm: 2
HasVarLatency: 1
IsPipeline: 0
IsRtlPipelined: 0
IsInstanceOverlapped: 0
IsDontTouch: 0
HasImplIP: 0
IsGatedGlobalClock: 0

+ Individual pipeline summary: 
  * Pipeline-0: initiation interval (II) = 1, depth = 2


============================================================
+ Verbose Summary: Schedule
============================================================
* Number of FSM states : 2
* Pipeline : 1
  Pipeline-0 : II = 1, D = 2, States = { 1 2 }
* Dataflow Pipeline: 0

* FSM state transitions: 
1 --> 2 
2 --> 

* FSM state operations: 

State 1 <SV = 0> <Delay = 1.64>
ST_1 : Operation 5 [1/1] (0.00ns)   --->   "%w_52 = alloca i32 1" [kyber-mult-kernel-dataflow.cpp:230]   --->   Operation 5 'alloca' 'w_52' <Predicate = true> <Delay = 0.00>
ST_1 : Operation 6 [1/1] (0.00ns)   --->   "%specinterface_ln0 = specinterface void @_ssdm_op_SpecInterface, i192 %sC0, void @empty_163, i32 0, i32 0, void @empty_246, i32 0, i32 0, void @empty_246, void @empty_246, void @empty_246, i32 0, i32 0, i32 0, i32 0, void @empty_246, void @empty_246, i32 4294967295, i32 0"   --->   Operation 6 'specinterface' 'specinterface_ln0' <Predicate = true> <Delay = 0.00>
ST_1 : Operation 7 [1/1] (0.42ns)   --->   "%store_ln230 = store i5 0, i5 %w_52" [kyber-mult-kernel-dataflow.cpp:230]   --->   Operation 7 'store' 'store_ln230' <Predicate = true> <Delay = 0.42>
ST_1 : Operation 8 [1/1] (0.00ns)   --->   "%br_ln0 = br void %VITIS_LOOP_233_2"   --->   Operation 8 'br' 'br_ln0' <Predicate = true> <Delay = 0.00>
ST_1 : Operation 9 [1/1] (0.00ns)   --->   "%w = load i5 %w_52" [kyber-mult-kernel-dataflow.cpp:230]   --->   Operation 9 'load' 'w' <Predicate = true> <Delay = 0.00>
ST_1 : Operation 10 [1/1] (0.78ns)   --->   "%icmp_ln230 = icmp_eq  i5 %w, i5 16" [kyber-mult-kernel-dataflow.cpp:230]   --->   Operation 10 'icmp' 'icmp_ln230' <Predicate = true> <Delay = 0.78> <CoreInst = "Cmp">   --->   Core 9 'Cmp' <Latency = 0> <II = 1> <Delay = 0.78> <FuncUnit> <Opcode : 'icmp'> <InPorts = 2> <OutPorts = 1>
ST_1 : Operation 11 [1/1] (0.78ns)   --->   "%add_ln230 = add i5 %w, i5 1" [kyber-mult-kernel-dataflow.cpp:230]   --->   Operation 11 'add' 'add_ln230' <Predicate = true> <Delay = 0.78> <CoreInst = "Adder">   --->   Core 1 'Adder' <Latency = 0> <II = 1> <Delay = 0.78> <FuncUnit> <Opcode : 'add' 'sub'> <InPorts = 2> <OutPorts = 1>
ST_1 : Operation 12 [1/1] (0.00ns)   --->   "%br_ln230 = br i1 %icmp_ln230, void %VITIS_LOOP_233_2.split, void %for.inc46.exitStub" [kyber-mult-kernel-dataflow.cpp:230]   --->   Operation 12 'br' 'br_ln230' <Predicate = true> <Delay = 0.00>
ST_1 : Operation 13 [1/1] (0.00ns)   --->   "%zext_ln230 = zext i5 %w" [kyber-mult-kernel-dataflow.cpp:230]   --->   Operation 13 'zext' 'zext_ln230' <Predicate = (!icmp_ln230)> <Delay = 0.00>
ST_1 : Operation 14 [1/1] (0.00ns)   --->   "%C_addr = getelementptr i12 %C, i64 0, i64 %zext_ln230" [kyber-mult-kernel-dataflow.cpp:235]   --->   Operation 14 'getelementptr' 'C_addr' <Predicate = (!icmp_ln230)> <Delay = 0.00>
ST_1 : Operation 15 [2/2] (0.67ns)   --->   "%bc = load i4 %C_addr" [kyber-mult-kernel-dataflow.cpp:235]   --->   Operation 15 'load' 'bc' <Predicate = (!icmp_ln230)> <Delay = 0.67> <CoreInst = "RAM">   --->   Core 83 'RAM' <Latency = 1> <II = 1> <Delay = 0.67> <Storage> <Opcode : 'load' 'store'> <Ports = 2> <Width = 12> <Depth = 16> <RAM>
ST_1 : Operation 16 [1/1] (0.00ns)   --->   "%C_1_addr = getelementptr i12 %C_1, i64 0, i64 %zext_ln230" [kyber-mult-kernel-dataflow.cpp:235]   --->   Operation 16 'getelementptr' 'C_1_addr' <Predicate = (!icmp_ln230)> <Delay = 0.00>
ST_1 : Operation 17 [2/2] (0.67ns)   --->   "%bc_17 = load i4 %C_1_addr" [kyber-mult-kernel-dataflow.cpp:235]   --->   Operation 17 'load' 'bc_17' <Predicate = (!icmp_ln230)> <Delay = 0.67> <CoreInst = "RAM">   --->   Core 83 'RAM' <Latency = 1> <II = 1> <Delay = 0.67> <Storage> <Opcode : 'load' 'store'> <Ports = 2> <Width = 12> <Depth = 16> <RAM>
ST_1 : Operation 18 [1/1] (0.00ns)   --->   "%C_2_addr = getelementptr i12 %C_2, i64 0, i64 %zext_ln230" [kyber-mult-kernel-dataflow.cpp:235]   --->   Operation 18 'getelementptr' 'C_2_addr' <Predicate = (!icmp_ln230)> <Delay = 0.00>
ST_1 : Operation 19 [2/2] (0.67ns)   --->   "%bc_18 = load i4 %C_2_addr" [kyber-mult-kernel-dataflow.cpp:235]   --->   Operation 19 'load' 'bc_18' <Predicate = (!icmp_ln230)> <Delay = 0.67> <CoreInst = "RAM">   --->   Core 83 'RAM' <Latency = 1> <II = 1> <Delay = 0.67> <Storage> <Opcode : 'load' 'store'> <Ports = 2> <Width = 12> <Depth = 16> <RAM>
ST_1 : Operation 20 [1/1] (0.00ns)   --->   "%C_3_addr = getelementptr i12 %C_3, i64 0, i64 %zext_ln230" [kyber-mult-kernel-dataflow.cpp:235]   --->   Operation 20 'getelementptr' 'C_3_addr' <Predicate = (!icmp_ln230)> <Delay = 0.00>
ST_1 : Operation 21 [2/2] (0.67ns)   --->   "%bc_19 = load i4 %C_3_addr" [kyber-mult-kernel-dataflow.cpp:235]   --->   Operation 21 'load' 'bc_19' <Predicate = (!icmp_ln230)> <Delay = 0.67> <CoreInst = "RAM">   --->   Core 83 'RAM' <Latency = 1> <II = 1> <Delay = 0.67> <Storage> <Opcode : 'load' 'store'> <Ports = 2> <Width = 12> <Depth = 16> <RAM>
ST_1 : Operation 22 [1/1] (0.00ns)   --->   "%C_4_addr = getelementptr i12 %C_4, i64 0, i64 %zext_ln230" [kyber-mult-kernel-dataflow.cpp:235]   --->   Operation 22 'getelementptr' 'C_4_addr' <Predicate = (!icmp_ln230)> <Delay = 0.00>
ST_1 : Operation 23 [2/2] (0.67ns)   --->   "%bc_20 = load i4 %C_4_addr" [kyber-mult-kernel-dataflow.cpp:235]   --->   Operation 23 'load' 'bc_20' <Predicate = (!icmp_ln230)> <Delay = 0.67> <CoreInst = "RAM">   --->   Core 83 'RAM' <Latency = 1> <II = 1> <Delay = 0.67> <Storage> <Opcode : 'load' 'store'> <Ports = 2> <Width = 12> <Depth = 16> <RAM>
ST_1 : Operation 24 [1/1] (0.00ns)   --->   "%C_5_addr = getelementptr i12 %C_5, i64 0, i64 %zext_ln230" [kyber-mult-kernel-dataflow.cpp:235]   --->   Operation 24 'getelementptr' 'C_5_addr' <Predicate = (!icmp_ln230)> <Delay = 0.00>
ST_1 : Operation 25 [2/2] (0.67ns)   --->   "%bc_21 = load i4 %C_5_addr" [kyber-mult-kernel-dataflow.cpp:235]   --->   Operation 25 'load' 'bc_21' <Predicate = (!icmp_ln230)> <Delay = 0.67> <CoreInst = "RAM">   --->   Core 83 'RAM' <Latency = 1> <II = 1> <Delay = 0.67> <Storage> <Opcode : 'load' 'store'> <Ports = 2> <Width = 12> <Depth = 16> <RAM>
ST_1 : Operation 26 [1/1] (0.00ns)   --->   "%C_6_addr = getelementptr i12 %C_6, i64 0, i64 %zext_ln230" [kyber-mult-kernel-dataflow.cpp:235]   --->   Operation 26 'getelementptr' 'C_6_addr' <Predicate = (!icmp_ln230)> <Delay = 0.00>
ST_1 : Operation 27 [2/2] (0.67ns)   --->   "%bc_22 = load i4 %C_6_addr" [kyber-mult-kernel-dataflow.cpp:235]   --->   Operation 27 'load' 'bc_22' <Predicate = (!icmp_ln230)> <Delay = 0.67> <CoreInst = "RAM">   --->   Core 83 'RAM' <Latency = 1> <II = 1> <Delay = 0.67> <Storage> <Opcode : 'load' 'store'> <Ports = 2> <Width = 12> <Depth = 16> <RAM>
ST_1 : Operation 28 [1/1] (0.00ns)   --->   "%C_7_addr = getelementptr i12 %C_7, i64 0, i64 %zext_ln230" [kyber-mult-kernel-dataflow.cpp:235]   --->   Operation 28 'getelementptr' 'C_7_addr' <Predicate = (!icmp_ln230)> <Delay = 0.00>
ST_1 : Operation 29 [2/2] (0.67ns)   --->   "%bc_23 = load i4 %C_7_addr" [kyber-mult-kernel-dataflow.cpp:235]   --->   Operation 29 'load' 'bc_23' <Predicate = (!icmp_ln230)> <Delay = 0.67> <CoreInst = "RAM">   --->   Core 83 'RAM' <Latency = 1> <II = 1> <Delay = 0.67> <Storage> <Opcode : 'load' 'store'> <Ports = 2> <Width = 12> <Depth = 16> <RAM>
ST_1 : Operation 30 [1/1] (0.00ns)   --->   "%C_8_addr = getelementptr i12 %C_8, i64 0, i64 %zext_ln230" [kyber-mult-kernel-dataflow.cpp:235]   --->   Operation 30 'getelementptr' 'C_8_addr' <Predicate = (!icmp_ln230)> <Delay = 0.00>
ST_1 : Operation 31 [2/2] (0.67ns)   --->   "%bc_24 = load i4 %C_8_addr" [kyber-mult-kernel-dataflow.cpp:235]   --->   Operation 31 'load' 'bc_24' <Predicate = (!icmp_ln230)> <Delay = 0.67> <CoreInst = "RAM">   --->   Core 83 'RAM' <Latency = 1> <II = 1> <Delay = 0.67> <Storage> <Opcode : 'load' 'store'> <Ports = 2> <Width = 12> <Depth = 16> <RAM>
ST_1 : Operation 32 [1/1] (0.00ns)   --->   "%C_9_addr = getelementptr i12 %C_9, i64 0, i64 %zext_ln230" [kyber-mult-kernel-dataflow.cpp:235]   --->   Operation 32 'getelementptr' 'C_9_addr' <Predicate = (!icmp_ln230)> <Delay = 0.00>
ST_1 : Operation 33 [2/2] (0.67ns)   --->   "%bc_25 = load i4 %C_9_addr" [kyber-mult-kernel-dataflow.cpp:235]   --->   Operation 33 'load' 'bc_25' <Predicate = (!icmp_ln230)> <Delay = 0.67> <CoreInst = "RAM">   --->   Core 83 'RAM' <Latency = 1> <II = 1> <Delay = 0.67> <Storage> <Opcode : 'load' 'store'> <Ports = 2> <Width = 12> <Depth = 16> <RAM>
ST_1 : Operation 34 [1/1] (0.00ns)   --->   "%C_10_addr = getelementptr i12 %C_10, i64 0, i64 %zext_ln230" [kyber-mult-kernel-dataflow.cpp:235]   --->   Operation 34 'getelementptr' 'C_10_addr' <Predicate = (!icmp_ln230)> <Delay = 0.00>
ST_1 : Operation 35 [2/2] (0.67ns)   --->   "%bc_26 = load i4 %C_10_addr" [kyber-mult-kernel-dataflow.cpp:235]   --->   Operation 35 'load' 'bc_26' <Predicate = (!icmp_ln230)> <Delay = 0.67> <CoreInst = "RAM">   --->   Core 83 'RAM' <Latency = 1> <II = 1> <Delay = 0.67> <Storage> <Opcode : 'load' 'store'> <Ports = 2> <Width = 12> <Depth = 16> <RAM>
ST_1 : Operation 36 [1/1] (0.00ns)   --->   "%C_11_addr = getelementptr i12 %C_11, i64 0, i64 %zext_ln230" [kyber-mult-kernel-dataflow.cpp:235]   --->   Operation 36 'getelementptr' 'C_11_addr' <Predicate = (!icmp_ln230)> <Delay = 0.00>
ST_1 : Operation 37 [2/2] (0.67ns)   --->   "%bc_27 = load i4 %C_11_addr" [kyber-mult-kernel-dataflow.cpp:235]   --->   Operation 37 'load' 'bc_27' <Predicate = (!icmp_ln230)> <Delay = 0.67> <CoreInst = "RAM">   --->   Core 83 'RAM' <Latency = 1> <II = 1> <Delay = 0.67> <Storage> <Opcode : 'load' 'store'> <Ports = 2> <Width = 12> <Depth = 16> <RAM>
ST_1 : Operation 38 [1/1] (0.00ns)   --->   "%C_12_addr = getelementptr i12 %C_12, i64 0, i64 %zext_ln230" [kyber-mult-kernel-dataflow.cpp:235]   --->   Operation 38 'getelementptr' 'C_12_addr' <Predicate = (!icmp_ln230)> <Delay = 0.00>
ST_1 : Operation 39 [2/2] (0.67ns)   --->   "%bc_28 = load i4 %C_12_addr" [kyber-mult-kernel-dataflow.cpp:235]   --->   Operation 39 'load' 'bc_28' <Predicate = (!icmp_ln230)> <Delay = 0.67> <CoreInst = "RAM">   --->   Core 83 'RAM' <Latency = 1> <II = 1> <Delay = 0.67> <Storage> <Opcode : 'load' 'store'> <Ports = 2> <Width = 12> <Depth = 16> <RAM>
ST_1 : Operation 40 [1/1] (0.00ns)   --->   "%C_13_addr = getelementptr i12 %C_13, i64 0, i64 %zext_ln230" [kyber-mult-kernel-dataflow.cpp:235]   --->   Operation 40 'getelementptr' 'C_13_addr' <Predicate = (!icmp_ln230)> <Delay = 0.00>
ST_1 : Operation 41 [2/2] (0.67ns)   --->   "%bc_29 = load i4 %C_13_addr" [kyber-mult-kernel-dataflow.cpp:235]   --->   Operation 41 'load' 'bc_29' <Predicate = (!icmp_ln230)> <Delay = 0.67> <CoreInst = "RAM">   --->   Core 83 'RAM' <Latency = 1> <II = 1> <Delay = 0.67> <Storage> <Opcode : 'load' 'store'> <Ports = 2> <Width = 12> <Depth = 16> <RAM>
ST_1 : Operation 42 [1/1] (0.00ns)   --->   "%C_14_addr = getelementptr i12 %C_14, i64 0, i64 %zext_ln230" [kyber-mult-kernel-dataflow.cpp:235]   --->   Operation 42 'getelementptr' 'C_14_addr' <Predicate = (!icmp_ln230)> <Delay = 0.00>
ST_1 : Operation 43 [2/2] (0.67ns)   --->   "%bc_30 = load i4 %C_14_addr" [kyber-mult-kernel-dataflow.cpp:235]   --->   Operation 43 'load' 'bc_30' <Predicate = (!icmp_ln230)> <Delay = 0.67> <CoreInst = "RAM">   --->   Core 83 'RAM' <Latency = 1> <II = 1> <Delay = 0.67> <Storage> <Opcode : 'load' 'store'> <Ports = 2> <Width = 12> <Depth = 16> <RAM>
ST_1 : Operation 44 [1/1] (0.00ns)   --->   "%C_15_addr = getelementptr i12 %C_15, i64 0, i64 %zext_ln230" [kyber-mult-kernel-dataflow.cpp:235]   --->   Operation 44 'getelementptr' 'C_15_addr' <Predicate = (!icmp_ln230)> <Delay = 0.00>
ST_1 : Operation 45 [2/2] (0.67ns)   --->   "%bc_31 = load i4 %C_15_addr" [kyber-mult-kernel-dataflow.cpp:235]   --->   Operation 45 'load' 'bc_31' <Predicate = (!icmp_ln230)> <Delay = 0.67> <CoreInst = "RAM">   --->   Core 83 'RAM' <Latency = 1> <II = 1> <Delay = 0.67> <Storage> <Opcode : 'load' 'store'> <Ports = 2> <Width = 12> <Depth = 16> <RAM>
ST_1 : Operation 46 [1/1] (0.42ns)   --->   "%store_ln230 = store i5 %add_ln230, i5 %w_52" [kyber-mult-kernel-dataflow.cpp:230]   --->   Operation 46 'store' 'store_ln230' <Predicate = (!icmp_ln230)> <Delay = 0.42>
ST_1 : Operation 69 [1/1] (0.00ns)   --->   "%ret_ln0 = ret"   --->   Operation 69 'ret' 'ret_ln0' <Predicate = (icmp_ln230)> <Delay = 0.00>

State 2 <SV = 1> <Delay = 2.57>
ST_2 : Operation 47 [1/1] (0.00ns)   --->   "%specpipeline_ln231 = specpipeline void @_ssdm_op_SpecPipeline, i32 1, i32 0, i32 0, i32 0, void @empty_246" [kyber-mult-kernel-dataflow.cpp:231]   --->   Operation 47 'specpipeline' 'specpipeline_ln231' <Predicate = true> <Delay = 0.00>
ST_2 : Operation 48 [1/1] (0.00ns)   --->   "%speclooptripcount_ln230 = speclooptripcount void @_ssdm_op_SpecLoopTripCount, i64 16, i64 16, i64 16" [kyber-mult-kernel-dataflow.cpp:230]   --->   Operation 48 'speclooptripcount' 'speclooptripcount_ln230' <Predicate = true> <Delay = 0.00>
ST_2 : Operation 49 [1/1] (0.00ns)   --->   "%specloopname_ln230 = specloopname void @_ssdm_op_SpecLoopName, void @empty_214" [kyber-mult-kernel-dataflow.cpp:230]   --->   Operation 49 'specloopname' 'specloopname_ln230' <Predicate = true> <Delay = 0.00>
ST_2 : Operation 50 [1/2] (0.67ns)   --->   "%bc = load i4 %C_addr" [kyber-mult-kernel-dataflow.cpp:235]   --->   Operation 50 'load' 'bc' <Predicate = true> <Delay = 0.67> <CoreInst = "RAM">   --->   Core 83 'RAM' <Latency = 1> <II = 1> <Delay = 0.67> <Storage> <Opcode : 'load' 'store'> <Ports = 2> <Width = 12> <Depth = 16> <RAM>
ST_2 : Operation 51 [1/2] (0.67ns)   --->   "%bc_17 = load i4 %C_1_addr" [kyber-mult-kernel-dataflow.cpp:235]   --->   Operation 51 'load' 'bc_17' <Predicate = true> <Delay = 0.67> <CoreInst = "RAM">   --->   Core 83 'RAM' <Latency = 1> <II = 1> <Delay = 0.67> <Storage> <Opcode : 'load' 'store'> <Ports = 2> <Width = 12> <Depth = 16> <RAM>
ST_2 : Operation 52 [1/2] (0.67ns)   --->   "%bc_18 = load i4 %C_2_addr" [kyber-mult-kernel-dataflow.cpp:235]   --->   Operation 52 'load' 'bc_18' <Predicate = true> <Delay = 0.67> <CoreInst = "RAM">   --->   Core 83 'RAM' <Latency = 1> <II = 1> <Delay = 0.67> <Storage> <Opcode : 'load' 'store'> <Ports = 2> <Width = 12> <Depth = 16> <RAM>
ST_2 : Operation 53 [1/2] (0.67ns)   --->   "%bc_19 = load i4 %C_3_addr" [kyber-mult-kernel-dataflow.cpp:235]   --->   Operation 53 'load' 'bc_19' <Predicate = true> <Delay = 0.67> <CoreInst = "RAM">   --->   Core 83 'RAM' <Latency = 1> <II = 1> <Delay = 0.67> <Storage> <Opcode : 'load' 'store'> <Ports = 2> <Width = 12> <Depth = 16> <RAM>
ST_2 : Operation 54 [1/2] (0.67ns)   --->   "%bc_20 = load i4 %C_4_addr" [kyber-mult-kernel-dataflow.cpp:235]   --->   Operation 54 'load' 'bc_20' <Predicate = true> <Delay = 0.67> <CoreInst = "RAM">   --->   Core 83 'RAM' <Latency = 1> <II = 1> <Delay = 0.67> <Storage> <Opcode : 'load' 'store'> <Ports = 2> <Width = 12> <Depth = 16> <RAM>
ST_2 : Operation 55 [1/2] (0.67ns)   --->   "%bc_21 = load i4 %C_5_addr" [kyber-mult-kernel-dataflow.cpp:235]   --->   Operation 55 'load' 'bc_21' <Predicate = true> <Delay = 0.67> <CoreInst = "RAM">   --->   Core 83 'RAM' <Latency = 1> <II = 1> <Delay = 0.67> <Storage> <Opcode : 'load' 'store'> <Ports = 2> <Width = 12> <Depth = 16> <RAM>
ST_2 : Operation 56 [1/2] (0.67ns)   --->   "%bc_22 = load i4 %C_6_addr" [kyber-mult-kernel-dataflow.cpp:235]   --->   Operation 56 'load' 'bc_22' <Predicate = true> <Delay = 0.67> <CoreInst = "RAM">   --->   Core 83 'RAM' <Latency = 1> <II = 1> <Delay = 0.67> <Storage> <Opcode : 'load' 'store'> <Ports = 2> <Width = 12> <Depth = 16> <RAM>
ST_2 : Operation 57 [1/2] (0.67ns)   --->   "%bc_23 = load i4 %C_7_addr" [kyber-mult-kernel-dataflow.cpp:235]   --->   Operation 57 'load' 'bc_23' <Predicate = true> <Delay = 0.67> <CoreInst = "RAM">   --->   Core 83 'RAM' <Latency = 1> <II = 1> <Delay = 0.67> <Storage> <Opcode : 'load' 'store'> <Ports = 2> <Width = 12> <Depth = 16> <RAM>
ST_2 : Operation 58 [1/2] (0.67ns)   --->   "%bc_24 = load i4 %C_8_addr" [kyber-mult-kernel-dataflow.cpp:235]   --->   Operation 58 'load' 'bc_24' <Predicate = true> <Delay = 0.67> <CoreInst = "RAM">   --->   Core 83 'RAM' <Latency = 1> <II = 1> <Delay = 0.67> <Storage> <Opcode : 'load' 'store'> <Ports = 2> <Width = 12> <Depth = 16> <RAM>
ST_2 : Operation 59 [1/2] (0.67ns)   --->   "%bc_25 = load i4 %C_9_addr" [kyber-mult-kernel-dataflow.cpp:235]   --->   Operation 59 'load' 'bc_25' <Predicate = true> <Delay = 0.67> <CoreInst = "RAM">   --->   Core 83 'RAM' <Latency = 1> <II = 1> <Delay = 0.67> <Storage> <Opcode : 'load' 'store'> <Ports = 2> <Width = 12> <Depth = 16> <RAM>
ST_2 : Operation 60 [1/2] (0.67ns)   --->   "%bc_26 = load i4 %C_10_addr" [kyber-mult-kernel-dataflow.cpp:235]   --->   Operation 60 'load' 'bc_26' <Predicate = true> <Delay = 0.67> <CoreInst = "RAM">   --->   Core 83 'RAM' <Latency = 1> <II = 1> <Delay = 0.67> <Storage> <Opcode : 'load' 'store'> <Ports = 2> <Width = 12> <Depth = 16> <RAM>
ST_2 : Operation 61 [1/2] (0.67ns)   --->   "%bc_27 = load i4 %C_11_addr" [kyber-mult-kernel-dataflow.cpp:235]   --->   Operation 61 'load' 'bc_27' <Predicate = true> <Delay = 0.67> <CoreInst = "RAM">   --->   Core 83 'RAM' <Latency = 1> <II = 1> <Delay = 0.67> <Storage> <Opcode : 'load' 'store'> <Ports = 2> <Width = 12> <Depth = 16> <RAM>
ST_2 : Operation 62 [1/2] (0.67ns)   --->   "%bc_28 = load i4 %C_12_addr" [kyber-mult-kernel-dataflow.cpp:235]   --->   Operation 62 'load' 'bc_28' <Predicate = true> <Delay = 0.67> <CoreInst = "RAM">   --->   Core 83 'RAM' <Latency = 1> <II = 1> <Delay = 0.67> <Storage> <Opcode : 'load' 'store'> <Ports = 2> <Width = 12> <Depth = 16> <RAM>
ST_2 : Operation 63 [1/2] (0.67ns)   --->   "%bc_29 = load i4 %C_13_addr" [kyber-mult-kernel-dataflow.cpp:235]   --->   Operation 63 'load' 'bc_29' <Predicate = true> <Delay = 0.67> <CoreInst = "RAM">   --->   Core 83 'RAM' <Latency = 1> <II = 1> <Delay = 0.67> <Storage> <Opcode : 'load' 'store'> <Ports = 2> <Width = 12> <Depth = 16> <RAM>
ST_2 : Operation 64 [1/2] (0.67ns)   --->   "%bc_30 = load i4 %C_14_addr" [kyber-mult-kernel-dataflow.cpp:235]   --->   Operation 64 'load' 'bc_30' <Predicate = true> <Delay = 0.67> <CoreInst = "RAM">   --->   Core 83 'RAM' <Latency = 1> <II = 1> <Delay = 0.67> <Storage> <Opcode : 'load' 'store'> <Ports = 2> <Width = 12> <Depth = 16> <RAM>
ST_2 : Operation 65 [1/2] (0.67ns)   --->   "%bc_31 = load i4 %C_15_addr" [kyber-mult-kernel-dataflow.cpp:235]   --->   Operation 65 'load' 'bc_31' <Predicate = true> <Delay = 0.67> <CoreInst = "RAM">   --->   Core 83 'RAM' <Latency = 1> <II = 1> <Delay = 0.67> <Storage> <Opcode : 'load' 'store'> <Ports = 2> <Width = 12> <Depth = 16> <RAM>
ST_2 : Operation 66 [1/1] (0.00ns)   --->   "%p_0 = bitconcatenate i192 @_ssdm_op_BitConcatenate.i192.i12.i12.i12.i12.i12.i12.i12.i12.i12.i12.i12.i12.i12.i12.i12.i12, i12 %bc_31, i12 %bc_30, i12 %bc_29, i12 %bc_28, i12 %bc_27, i12 %bc_26, i12 %bc_25, i12 %bc_24, i12 %bc_23, i12 %bc_22, i12 %bc_21, i12 %bc_20, i12 %bc_19, i12 %bc_18, i12 %bc_17, i12 %bc" [kyber-mult-kernel-dataflow.cpp:237]   --->   Operation 66 'bitconcatenate' 'p_0' <Predicate = true> <Delay = 0.00>
ST_2 : Operation 67 [1/1] (1.89ns)   --->   "%write_ln237 = write void @_ssdm_op_Write.ap_fifo.volatile.i192P0A, i192 %sC0, i192 %p_0" [kyber-mult-kernel-dataflow.cpp:237]   --->   Operation 67 'write' 'write_ln237' <Predicate = true> <Delay = 1.89> <CoreInst = "FIFO">   --->   Core 78 'FIFO' <Latency = 0> <II = 1> <Delay = 1.89> <Storage> <Opcode : 'read' 'write' 'nbread' 'nbwrite'> <Ports = 0> <Width = 192> <Depth = 32> <FIFO>
ST_2 : Operation 68 [1/1] (0.00ns)   --->   "%br_ln230 = br void %VITIS_LOOP_233_2" [kyber-mult-kernel-dataflow.cpp:230]   --->   Operation 68 'br' 'br_ln230' <Predicate = true> <Delay = 0.00>


============================================================
+ Verbose Summary: Timing violations
============================================================
Target clock period: 10.000ns, clock uncertainty: 2.700ns.

 <State 1>: 1.643ns
The critical path consists of the following:
	'store' operation 0 bit ('store_ln230', kyber-mult-kernel-dataflow.cpp:230) of constant 0 on local variable 'w', kyber-mult-kernel-dataflow.cpp:230 [20]  (0.427 ns)
	'load' operation 5 bit ('w', kyber-mult-kernel-dataflow.cpp:230) on local variable 'w', kyber-mult-kernel-dataflow.cpp:230 [23]  (0.000 ns)
	'add' operation 5 bit ('add_ln230', kyber-mult-kernel-dataflow.cpp:230) [25]  (0.789 ns)
	'store' operation 0 bit ('store_ln230', kyber-mult-kernel-dataflow.cpp:230) of variable 'add_ln230', kyber-mult-kernel-dataflow.cpp:230 on local variable 'w', kyber-mult-kernel-dataflow.cpp:230 [66]  (0.427 ns)

 <State 2>: 2.575ns
The critical path consists of the following:
	'load' operation 12 bit ('bc', kyber-mult-kernel-dataflow.cpp:235) on array 'C' [33]  (0.677 ns)
	fifo write operation ('write_ln237', kyber-mult-kernel-dataflow.cpp:237) on port 'sC0' (kyber-mult-kernel-dataflow.cpp:237) [65]  (1.898 ns)


============================================================
+ Verbose Summary: Binding
============================================================
N/A
* FSMD analyzer results:
  - Output states:
 - Input state : 
  - Chain level:
	State 1
	State 2


============================================================
+ Verbose Summary: Datapath Resource usage 
============================================================
N/A
