

================================================================
== Vitis HLS Report for 'fwd_ntt2'
================================================================
* Date:           Thu Jun 11 23:16:39 2026

* Version:        2023.2 (Build 4023990 on Oct 11 2023)
* Project:        ntt_kyber
* Solution:       solution1 (Vivado IP Flow Target)
* Product family: zynquplus
* Target device:  xck26-sfvc784-2LV-c


================================================================
== Performance Estimates
================================================================
+ Timing: 
    * Summary: 
    +--------+----------+----------+------------+
    |  Clock |  Target  | Estimated| Uncertainty|
    +--------+----------+----------+------------+
    |ap_clk  |  10.00 ns|  6.247 ns|     2.70 ns|
    +--------+----------+----------+------------+

+ Latency: 
    * Summary: 
    +---------+---------+----------+----------+-----+-----+---------+
    |  Latency (cycles) |  Latency (absolute) |  Interval | Pipeline|
    |   min   |   max   |    min   |    max   | min | max |   Type  |
    +---------+---------+----------+----------+-----+-----+---------+
    |      443|      443|  4.430 us|  4.430 us|  443|  443|       no|
    +---------+---------+----------+----------+-----+-----+---------+

    + Detail: 
        * Instance: 
        N/A

        * Loop: 
        +----------+---------+---------+----------+-----------+-----------+------+----------+
        |          |  Latency (cycles) | Iteration|  Initiation Interval  | Trip |          |
        | Loop Name|   min   |   max   |  Latency |  achieved |   target  | Count| Pipelined|
        +----------+---------+---------+----------+-----------+-----------+------+----------+
        |- FCP2    |      256|      256|         2|          1|          1|   256|       yes|
        +----------+---------+---------+----------+-----------+-----------+------+----------+

============================================================
+ Verbose Summary: Synthesis Manager
============================================================
InlineROM: 1
ExposeGlobal: 0
============================================================
+ Verbose Summary: CDFG Model
============================================================
IsTopModel: 0
ResetActiveHigh: 1
IsCombinational: 0
IsDatapathOnly: 0
HasWiredReturn: 1
HasMFsm: 2
HasVarLatency: 1
IsPipeline: 0
IsRtlPipelined: 0
IsInstanceOverlapped: 0
IsDontTouch: 0
HasImplIP: 0
IsGatedGlobalClock: 0

+ Individual pipeline summary: 
  * Pipeline-0: initiation interval (II) = 1, depth = 2


============================================================
+ Verbose Summary: Schedule
============================================================
* Number of FSM states : 17
* Pipeline : 1
  Pipeline-0 : II = 1, D = 2, States = { 15 16 }
* Dataflow Pipeline: 0

* FSM state transitions: 
1 --> 2 
2 --> 3 
3 --> 4 
4 --> 5 
5 --> 6 
6 --> 7 
7 --> 8 
8 --> 9 
9 --> 10 
10 --> 11 
11 --> 12 
12 --> 13 
13 --> 14 
14 --> 15 
15 --> 17 16 
16 --> 15 
17 --> 

* FSM state operations: 

State 1 <SV = 0> <Delay = 0.42>
ST_1 : Operation 18 [1/1] (0.00ns)   --->   "%i = alloca i32 1" [kyber-mult-kernel-dataflow.cpp:99]   --->   Operation 18 'alloca' 'i' <Predicate = true> <Delay = 0.00>
ST_1 : Operation 19 [1/1] (0.00ns)   --->   "%tA = alloca i64 1" [kyber-mult-kernel-dataflow.cpp:92]   --->   Operation 19 'alloca' 'tA' <Predicate = true> <Delay = 0.00> <CoreInst = "RAM">   --->   Core 83 'RAM' <Latency = 1> <II = 1> <Delay = 0.67> <Storage> <Opcode : 'load' 'store'> <Ports = 2> <Width = 12> <Depth = 16> <RAM>
ST_1 : Operation 20 [1/1] (0.00ns)   --->   "%tA_1 = alloca i64 1" [kyber-mult-kernel-dataflow.cpp:92]   --->   Operation 20 'alloca' 'tA_1' <Predicate = true> <Delay = 0.00> <CoreInst = "RAM">   --->   Core 83 'RAM' <Latency = 1> <II = 1> <Delay = 0.67> <Storage> <Opcode : 'load' 'store'> <Ports = 2> <Width = 12> <Depth = 16> <RAM>
ST_1 : Operation 21 [1/1] (0.00ns)   --->   "%tA_2 = alloca i64 1" [kyber-mult-kernel-dataflow.cpp:92]   --->   Operation 21 'alloca' 'tA_2' <Predicate = true> <Delay = 0.00> <CoreInst = "RAM">   --->   Core 83 'RAM' <Latency = 1> <II = 1> <Delay = 0.67> <Storage> <Opcode : 'load' 'store'> <Ports = 2> <Width = 12> <Depth = 16> <RAM>
ST_1 : Operation 22 [1/1] (0.00ns)   --->   "%tA_3 = alloca i64 1" [kyber-mult-kernel-dataflow.cpp:92]   --->   Operation 22 'alloca' 'tA_3' <Predicate = true> <Delay = 0.00> <CoreInst = "RAM">   --->   Core 83 'RAM' <Latency = 1> <II = 1> <Delay = 0.67> <Storage> <Opcode : 'load' 'store'> <Ports = 2> <Width = 12> <Depth = 16> <RAM>
ST_1 : Operation 23 [1/1] (0.00ns)   --->   "%tA_4 = alloca i64 1" [kyber-mult-kernel-dataflow.cpp:92]   --->   Operation 23 'alloca' 'tA_4' <Predicate = true> <Delay = 0.00> <CoreInst = "RAM">   --->   Core 83 'RAM' <Latency = 1> <II = 1> <Delay = 0.67> <Storage> <Opcode : 'load' 'store'> <Ports = 2> <Width = 12> <Depth = 16> <RAM>
ST_1 : Operation 24 [1/1] (0.00ns)   --->   "%tA_5 = alloca i64 1" [kyber-mult-kernel-dataflow.cpp:92]   --->   Operation 24 'alloca' 'tA_5' <Predicate = true> <Delay = 0.00> <CoreInst = "RAM">   --->   Core 83 'RAM' <Latency = 1> <II = 1> <Delay = 0.67> <Storage> <Opcode : 'load' 'store'> <Ports = 2> <Width = 12> <Depth = 16> <RAM>
ST_1 : Operation 25 [1/1] (0.00ns)   --->   "%tA_6 = alloca i64 1" [kyber-mult-kernel-dataflow.cpp:92]   --->   Operation 25 'alloca' 'tA_6' <Predicate = true> <Delay = 0.00> <CoreInst = "RAM">   --->   Core 83 'RAM' <Latency = 1> <II = 1> <Delay = 0.67> <Storage> <Opcode : 'load' 'store'> <Ports = 2> <Width = 12> <Depth = 16> <RAM>
ST_1 : Operation 26 [1/1] (0.00ns)   --->   "%tA_7 = alloca i64 1" [kyber-mult-kernel-dataflow.cpp:92]   --->   Operation 26 'alloca' 'tA_7' <Predicate = true> <Delay = 0.00> <CoreInst = "RAM">   --->   Core 83 'RAM' <Latency = 1> <II = 1> <Delay = 0.67> <Storage> <Opcode : 'load' 'store'> <Ports = 2> <Width = 12> <Depth = 16> <RAM>
ST_1 : Operation 27 [1/1] (0.00ns)   --->   "%tA_8 = alloca i64 1" [kyber-mult-kernel-dataflow.cpp:92]   --->   Operation 27 'alloca' 'tA_8' <Predicate = true> <Delay = 0.00> <CoreInst = "RAM">   --->   Core 83 'RAM' <Latency = 1> <II = 1> <Delay = 0.67> <Storage> <Opcode : 'load' 'store'> <Ports = 2> <Width = 12> <Depth = 16> <RAM>
ST_1 : Operation 28 [1/1] (0.00ns)   --->   "%tA_9 = alloca i64 1" [kyber-mult-kernel-dataflow.cpp:92]   --->   Operation 28 'alloca' 'tA_9' <Predicate = true> <Delay = 0.00> <CoreInst = "RAM">   --->   Core 83 'RAM' <Latency = 1> <II = 1> <Delay = 0.67> <Storage> <Opcode : 'load' 'store'> <Ports = 2> <Width = 12> <Depth = 16> <RAM>
ST_1 : Operation 29 [1/1] (0.00ns)   --->   "%tA_10 = alloca i64 1" [kyber-mult-kernel-dataflow.cpp:92]   --->   Operation 29 'alloca' 'tA_10' <Predicate = true> <Delay = 0.00> <CoreInst = "RAM">   --->   Core 83 'RAM' <Latency = 1> <II = 1> <Delay = 0.67> <Storage> <Opcode : 'load' 'store'> <Ports = 2> <Width = 12> <Depth = 16> <RAM>
ST_1 : Operation 30 [1/1] (0.00ns)   --->   "%tA_11 = alloca i64 1" [kyber-mult-kernel-dataflow.cpp:92]   --->   Operation 30 'alloca' 'tA_11' <Predicate = true> <Delay = 0.00> <CoreInst = "RAM">   --->   Core 83 'RAM' <Latency = 1> <II = 1> <Delay = 0.67> <Storage> <Opcode : 'load' 'store'> <Ports = 2> <Width = 12> <Depth = 16> <RAM>
ST_1 : Operation 31 [1/1] (0.00ns)   --->   "%tA_12 = alloca i64 1" [kyber-mult-kernel-dataflow.cpp:92]   --->   Operation 31 'alloca' 'tA_12' <Predicate = true> <Delay = 0.00> <CoreInst = "RAM">   --->   Core 83 'RAM' <Latency = 1> <II = 1> <Delay = 0.67> <Storage> <Opcode : 'load' 'store'> <Ports = 2> <Width = 12> <Depth = 16> <RAM>
ST_1 : Operation 32 [1/1] (0.00ns)   --->   "%tA_13 = alloca i64 1" [kyber-mult-kernel-dataflow.cpp:92]   --->   Operation 32 'alloca' 'tA_13' <Predicate = true> <Delay = 0.00> <CoreInst = "RAM">   --->   Core 83 'RAM' <Latency = 1> <II = 1> <Delay = 0.67> <Storage> <Opcode : 'load' 'store'> <Ports = 2> <Width = 12> <Depth = 16> <RAM>
ST_1 : Operation 33 [1/1] (0.00ns)   --->   "%tA_14 = alloca i64 1" [kyber-mult-kernel-dataflow.cpp:92]   --->   Operation 33 'alloca' 'tA_14' <Predicate = true> <Delay = 0.00> <CoreInst = "RAM">   --->   Core 83 'RAM' <Latency = 1> <II = 1> <Delay = 0.67> <Storage> <Opcode : 'load' 'store'> <Ports = 2> <Width = 12> <Depth = 16> <RAM>
ST_1 : Operation 34 [1/1] (0.00ns)   --->   "%tA_15 = alloca i64 1" [kyber-mult-kernel-dataflow.cpp:92]   --->   Operation 34 'alloca' 'tA_15' <Predicate = true> <Delay = 0.00> <CoreInst = "RAM">   --->   Core 83 'RAM' <Latency = 1> <II = 1> <Delay = 0.67> <Storage> <Opcode : 'load' 'store'> <Ports = 2> <Width = 12> <Depth = 16> <RAM>
ST_1 : Operation 35 [1/1] (0.00ns)   --->   "%tB = alloca i64 1" [kyber-mult-kernel-dataflow.cpp:92]   --->   Operation 35 'alloca' 'tB' <Predicate = true> <Delay = 0.00> <CoreInst = "RAM">   --->   Core 83 'RAM' <Latency = 1> <II = 1> <Delay = 0.67> <Storage> <Opcode : 'load' 'store'> <Ports = 2> <Width = 12> <Depth = 16> <RAM>
ST_1 : Operation 36 [1/1] (0.00ns)   --->   "%tB_1 = alloca i64 1" [kyber-mult-kernel-dataflow.cpp:92]   --->   Operation 36 'alloca' 'tB_1' <Predicate = true> <Delay = 0.00> <CoreInst = "RAM">   --->   Core 83 'RAM' <Latency = 1> <II = 1> <Delay = 0.67> <Storage> <Opcode : 'load' 'store'> <Ports = 2> <Width = 12> <Depth = 16> <RAM>
ST_1 : Operation 37 [1/1] (0.00ns)   --->   "%tB_2 = alloca i64 1" [kyber-mult-kernel-dataflow.cpp:92]   --->   Operation 37 'alloca' 'tB_2' <Predicate = true> <Delay = 0.00> <CoreInst = "RAM">   --->   Core 83 'RAM' <Latency = 1> <II = 1> <Delay = 0.67> <Storage> <Opcode : 'load' 'store'> <Ports = 2> <Width = 12> <Depth = 16> <RAM>
ST_1 : Operation 38 [1/1] (0.00ns)   --->   "%tB_3 = alloca i64 1" [kyber-mult-kernel-dataflow.cpp:92]   --->   Operation 38 'alloca' 'tB_3' <Predicate = true> <Delay = 0.00> <CoreInst = "RAM">   --->   Core 83 'RAM' <Latency = 1> <II = 1> <Delay = 0.67> <Storage> <Opcode : 'load' 'store'> <Ports = 2> <Width = 12> <Depth = 16> <RAM>
ST_1 : Operation 39 [1/1] (0.00ns)   --->   "%tB_4 = alloca i64 1" [kyber-mult-kernel-dataflow.cpp:92]   --->   Operation 39 'alloca' 'tB_4' <Predicate = true> <Delay = 0.00> <CoreInst = "RAM">   --->   Core 83 'RAM' <Latency = 1> <II = 1> <Delay = 0.67> <Storage> <Opcode : 'load' 'store'> <Ports = 2> <Width = 12> <Depth = 16> <RAM>
ST_1 : Operation 40 [1/1] (0.00ns)   --->   "%tB_5 = alloca i64 1" [kyber-mult-kernel-dataflow.cpp:92]   --->   Operation 40 'alloca' 'tB_5' <Predicate = true> <Delay = 0.00> <CoreInst = "RAM">   --->   Core 83 'RAM' <Latency = 1> <II = 1> <Delay = 0.67> <Storage> <Opcode : 'load' 'store'> <Ports = 2> <Width = 12> <Depth = 16> <RAM>
ST_1 : Operation 41 [1/1] (0.00ns)   --->   "%tB_6 = alloca i64 1" [kyber-mult-kernel-dataflow.cpp:92]   --->   Operation 41 'alloca' 'tB_6' <Predicate = true> <Delay = 0.00> <CoreInst = "RAM">   --->   Core 83 'RAM' <Latency = 1> <II = 1> <Delay = 0.67> <Storage> <Opcode : 'load' 'store'> <Ports = 2> <Width = 12> <Depth = 16> <RAM>
ST_1 : Operation 42 [1/1] (0.00ns)   --->   "%tB_7 = alloca i64 1" [kyber-mult-kernel-dataflow.cpp:92]   --->   Operation 42 'alloca' 'tB_7' <Predicate = true> <Delay = 0.00> <CoreInst = "RAM">   --->   Core 83 'RAM' <Latency = 1> <II = 1> <Delay = 0.67> <Storage> <Opcode : 'load' 'store'> <Ports = 2> <Width = 12> <Depth = 16> <RAM>
ST_1 : Operation 43 [1/1] (0.00ns)   --->   "%tB_8 = alloca i64 1" [kyber-mult-kernel-dataflow.cpp:92]   --->   Operation 43 'alloca' 'tB_8' <Predicate = true> <Delay = 0.00> <CoreInst = "RAM">   --->   Core 83 'RAM' <Latency = 1> <II = 1> <Delay = 0.67> <Storage> <Opcode : 'load' 'store'> <Ports = 2> <Width = 12> <Depth = 16> <RAM>
ST_1 : Operation 44 [1/1] (0.00ns)   --->   "%tB_9 = alloca i64 1" [kyber-mult-kernel-dataflow.cpp:92]   --->   Operation 44 'alloca' 'tB_9' <Predicate = true> <Delay = 0.00> <CoreInst = "RAM">   --->   Core 83 'RAM' <Latency = 1> <II = 1> <Delay = 0.67> <Storage> <Opcode : 'load' 'store'> <Ports = 2> <Width = 12> <Depth = 16> <RAM>
ST_1 : Operation 45 [1/1] (0.00ns)   --->   "%tB_10 = alloca i64 1" [kyber-mult-kernel-dataflow.cpp:92]   --->   Operation 45 'alloca' 'tB_10' <Predicate = true> <Delay = 0.00> <CoreInst = "RAM">   --->   Core 83 'RAM' <Latency = 1> <II = 1> <Delay = 0.67> <Storage> <Opcode : 'load' 'store'> <Ports = 2> <Width = 12> <Depth = 16> <RAM>
ST_1 : Operation 46 [1/1] (0.00ns)   --->   "%tB_11 = alloca i64 1" [kyber-mult-kernel-dataflow.cpp:92]   --->   Operation 46 'alloca' 'tB_11' <Predicate = true> <Delay = 0.00> <CoreInst = "RAM">   --->   Core 83 'RAM' <Latency = 1> <II = 1> <Delay = 0.67> <Storage> <Opcode : 'load' 'store'> <Ports = 2> <Width = 12> <Depth = 16> <RAM>
ST_1 : Operation 47 [1/1] (0.00ns)   --->   "%tB_12 = alloca i64 1" [kyber-mult-kernel-dataflow.cpp:92]   --->   Operation 47 'alloca' 'tB_12' <Predicate = true> <Delay = 0.00> <CoreInst = "RAM">   --->   Core 83 'RAM' <Latency = 1> <II = 1> <Delay = 0.67> <Storage> <Opcode : 'load' 'store'> <Ports = 2> <Width = 12> <Depth = 16> <RAM>
ST_1 : Operation 48 [1/1] (0.00ns)   --->   "%tB_13 = alloca i64 1" [kyber-mult-kernel-dataflow.cpp:92]   --->   Operation 48 'alloca' 'tB_13' <Predicate = true> <Delay = 0.00> <CoreInst = "RAM">   --->   Core 83 'RAM' <Latency = 1> <II = 1> <Delay = 0.67> <Storage> <Opcode : 'load' 'store'> <Ports = 2> <Width = 12> <Depth = 16> <RAM>
ST_1 : Operation 49 [1/1] (0.00ns)   --->   "%tB_14 = alloca i64 1" [kyber-mult-kernel-dataflow.cpp:92]   --->   Operation 49 'alloca' 'tB_14' <Predicate = true> <Delay = 0.00> <CoreInst = "RAM">   --->   Core 83 'RAM' <Latency = 1> <II = 1> <Delay = 0.67> <Storage> <Opcode : 'load' 'store'> <Ports = 2> <Width = 12> <Depth = 16> <RAM>
ST_1 : Operation 50 [1/1] (0.00ns)   --->   "%tB_15 = alloca i64 1" [kyber-mult-kernel-dataflow.cpp:92]   --->   Operation 50 'alloca' 'tB_15' <Predicate = true> <Delay = 0.00> <CoreInst = "RAM">   --->   Core 83 'RAM' <Latency = 1> <II = 1> <Delay = 0.67> <Storage> <Opcode : 'load' 'store'> <Ports = 2> <Width = 12> <Depth = 16> <RAM>
ST_1 : Operation 51 [2/2] (0.00ns)   --->   "%call_ln95 = call void @fwd_stage2_t<128>, i12 %A_0, i12 %A_1, i12 %A_2, i12 %A_3, i12 %A_4, i12 %A_5, i12 %A_6, i12 %A_7, i12 %A_8, i12 %A_9, i12 %A_10, i12 %A_11, i12 %A_12, i12 %A_13, i12 %A_14, i12 %A_15, i12 %tA, i12 %tA_1, i12 %tA_2, i12 %tA_3, i12 %tA_4, i12 %tA_5, i12 %tA_6, i12 %tA_7, i12 %tA_8, i12 %tA_9, i12 %tA_10, i12 %tA_11, i12 %tA_12, i12 %tA_13, i12 %tA_14, i12 %tA_15, i12 %B_0, i12 %B_1, i12 %B_2, i12 %B_3, i12 %B_4, i12 %B_5, i12 %B_6, i12 %B_7, i12 %B_8, i12 %B_9, i12 %B_10, i12 %B_11, i12 %B_12, i12 %B_13, i12 %B_14, i12 %B_15, i12 %tB, i12 %tB_1, i12 %tB_2, i12 %tB_3, i12 %tB_4, i12 %tB_5, i12 %tB_6, i12 %tB_7, i12 %tB_8, i12 %tB_9, i12 %tB_10, i12 %tB_11, i12 %tB_12, i12 %tB_13, i12 %tB_14, i12 %tB_15, i10 %p_ZL5FWD_W_0_0, i16 %p_ZL6FWD_MW_0_0, i10 %p_ZL5FWD_W_1_0, i16 %p_ZL6FWD_MW_1_0, i10 %p_ZL5FWD_W_2_0, i16 %p_ZL6FWD_MW_2_0, i10 %p_ZL5FWD_W_3_0, i16 %p_ZL6FWD_MW_3_0" [kyber-mult-kernel-dataflow.cpp:95]   --->   Operation 51 'call' 'call_ln95' <Predicate = true> <Delay = 0.00> <CoreType = "Generic">   --->   Core 0 '' <Latency = 0> <II = 1> <Delay = 1.00> <Generic> <Opcode : >
ST_1 : Operation 52 [1/1] (0.42ns)   --->   "%store_ln99 = store i9 0, i9 %i" [kyber-mult-kernel-dataflow.cpp:99]   --->   Operation 52 'store' 'store_ln99' <Predicate = true> <Delay = 0.42>

State 2 <SV = 1> <Delay = 0.00>
ST_2 : Operation 53 [1/2] (0.00ns)   --->   "%call_ln95 = call void @fwd_stage2_t<128>, i12 %A_0, i12 %A_1, i12 %A_2, i12 %A_3, i12 %A_4, i12 %A_5, i12 %A_6, i12 %A_7, i12 %A_8, i12 %A_9, i12 %A_10, i12 %A_11, i12 %A_12, i12 %A_13, i12 %A_14, i12 %A_15, i12 %tA, i12 %tA_1, i12 %tA_2, i12 %tA_3, i12 %tA_4, i12 %tA_5, i12 %tA_6, i12 %tA_7, i12 %tA_8, i12 %tA_9, i12 %tA_10, i12 %tA_11, i12 %tA_12, i12 %tA_13, i12 %tA_14, i12 %tA_15, i12 %B_0, i12 %B_1, i12 %B_2, i12 %B_3, i12 %B_4, i12 %B_5, i12 %B_6, i12 %B_7, i12 %B_8, i12 %B_9, i12 %B_10, i12 %B_11, i12 %B_12, i12 %B_13, i12 %B_14, i12 %B_15, i12 %tB, i12 %tB_1, i12 %tB_2, i12 %tB_3, i12 %tB_4, i12 %tB_5, i12 %tB_6, i12 %tB_7, i12 %tB_8, i12 %tB_9, i12 %tB_10, i12 %tB_11, i12 %tB_12, i12 %tB_13, i12 %tB_14, i12 %tB_15, i10 %p_ZL5FWD_W_0_0, i16 %p_ZL6FWD_MW_0_0, i10 %p_ZL5FWD_W_1_0, i16 %p_ZL6FWD_MW_1_0, i10 %p_ZL5FWD_W_2_0, i16 %p_ZL6FWD_MW_2_0, i10 %p_ZL5FWD_W_3_0, i16 %p_ZL6FWD_MW_3_0" [kyber-mult-kernel-dataflow.cpp:95]   --->   Operation 53 'call' 'call_ln95' <Predicate = true> <Delay = 0.00> <CoreType = "Generic">   --->   Core 0 '' <Latency = 0> <II = 1> <Delay = 1.00> <Generic> <Opcode : >

State 3 <SV = 2> <Delay = 0.00>
ST_3 : Operation 54 [2/2] (0.00ns)   --->   "%call_ln95 = call void @fwd_stage2_t<64>, i12 %tA, i12 %tA_1, i12 %tA_2, i12 %tA_3, i12 %tA_4, i12 %tA_5, i12 %tA_6, i12 %tA_7, i12 %tA_8, i12 %tA_9, i12 %tA_10, i12 %tA_11, i12 %tA_12, i12 %tA_13, i12 %tA_14, i12 %tA_15, i12 %A_0, i12 %A_1, i12 %A_2, i12 %A_3, i12 %A_4, i12 %A_5, i12 %A_6, i12 %A_7, i12 %A_8, i12 %A_9, i12 %A_10, i12 %A_11, i12 %A_12, i12 %A_13, i12 %A_14, i12 %A_15, i12 %tB, i12 %tB_1, i12 %tB_2, i12 %tB_3, i12 %tB_4, i12 %tB_5, i12 %tB_6, i12 %tB_7, i12 %tB_8, i12 %tB_9, i12 %tB_10, i12 %tB_11, i12 %tB_12, i12 %tB_13, i12 %tB_14, i12 %tB_15, i12 %B_0, i12 %B_1, i12 %B_2, i12 %B_3, i12 %B_4, i12 %B_5, i12 %B_6, i12 %B_7, i12 %B_8, i12 %B_9, i12 %B_10, i12 %B_11, i12 %B_12, i12 %B_13, i12 %B_14, i12 %B_15, i12 %p_ZL5FWD_W_0_1, i15 %p_ZL6FWD_MW_0_1, i12 %p_ZL5FWD_W_1_1, i15 %p_ZL6FWD_MW_1_1, i12 %p_ZL5FWD_W_2_1, i15 %p_ZL6FWD_MW_2_1, i12 %p_ZL5FWD_W_3_1, i15 %p_ZL6FWD_MW_3_1" [kyber-mult-kernel-dataflow.cpp:95]   --->   Operation 54 'call' 'call_ln95' <Predicate = true> <Delay = 0.00> <CoreType = "Generic">   --->   Core 0 '' <Latency = 0> <II = 1> <Delay = 1.00> <Generic> <Opcode : >

State 4 <SV = 3> <Delay = 0.00>
ST_4 : Operation 55 [1/2] (0.00ns)   --->   "%call_ln95 = call void @fwd_stage2_t<64>, i12 %tA, i12 %tA_1, i12 %tA_2, i12 %tA_3, i12 %tA_4, i12 %tA_5, i12 %tA_6, i12 %tA_7, i12 %tA_8, i12 %tA_9, i12 %tA_10, i12 %tA_11, i12 %tA_12, i12 %tA_13, i12 %tA_14, i12 %tA_15, i12 %A_0, i12 %A_1, i12 %A_2, i12 %A_3, i12 %A_4, i12 %A_5, i12 %A_6, i12 %A_7, i12 %A_8, i12 %A_9, i12 %A_10, i12 %A_11, i12 %A_12, i12 %A_13, i12 %A_14, i12 %A_15, i12 %tB, i12 %tB_1, i12 %tB_2, i12 %tB_3, i12 %tB_4, i12 %tB_5, i12 %tB_6, i12 %tB_7, i12 %tB_8, i12 %tB_9, i12 %tB_10, i12 %tB_11, i12 %tB_12, i12 %tB_13, i12 %tB_14, i12 %tB_15, i12 %B_0, i12 %B_1, i12 %B_2, i12 %B_3, i12 %B_4, i12 %B_5, i12 %B_6, i12 %B_7, i12 %B_8, i12 %B_9, i12 %B_10, i12 %B_11, i12 %B_12, i12 %B_13, i12 %B_14, i12 %B_15, i12 %p_ZL5FWD_W_0_1, i15 %p_ZL6FWD_MW_0_1, i12 %p_ZL5FWD_W_1_1, i15 %p_ZL6FWD_MW_1_1, i12 %p_ZL5FWD_W_2_1, i15 %p_ZL6FWD_MW_2_1, i12 %p_ZL5FWD_W_3_1, i15 %p_ZL6FWD_MW_3_1" [kyber-mult-kernel-dataflow.cpp:95]   --->   Operation 55 'call' 'call_ln95' <Predicate = true> <Delay = 0.00> <CoreType = "Generic">   --->   Core 0 '' <Latency = 0> <II = 1> <Delay = 1.00> <Generic> <Opcode : >

State 5 <SV = 4> <Delay = 0.00>
ST_5 : Operation 56 [2/2] (0.00ns)   --->   "%call_ln96 = call void @fwd_stage2_t<32>, i12 %A_0, i12 %A_1, i12 %A_2, i12 %A_3, i12 %A_4, i12 %A_5, i12 %A_6, i12 %A_7, i12 %A_8, i12 %A_9, i12 %A_10, i12 %A_11, i12 %A_12, i12 %A_13, i12 %A_14, i12 %A_15, i12 %tA, i12 %tA_1, i12 %tA_2, i12 %tA_3, i12 %tA_4, i12 %tA_5, i12 %tA_6, i12 %tA_7, i12 %tA_8, i12 %tA_9, i12 %tA_10, i12 %tA_11, i12 %tA_12, i12 %tA_13, i12 %tA_14, i12 %tA_15, i12 %B_0, i12 %B_1, i12 %B_2, i12 %B_3, i12 %B_4, i12 %B_5, i12 %B_6, i12 %B_7, i12 %B_8, i12 %B_9, i12 %B_10, i12 %B_11, i12 %B_12, i12 %B_13, i12 %B_14, i12 %B_15, i12 %tB, i12 %tB_1, i12 %tB_2, i12 %tB_3, i12 %tB_4, i12 %tB_5, i12 %tB_6, i12 %tB_7, i12 %tB_8, i12 %tB_9, i12 %tB_10, i12 %tB_11, i12 %tB_12, i12 %tB_13, i12 %tB_14, i12 %tB_15, i12 %p_ZL5FWD_W_0_2, i16 %p_ZL6FWD_MW_0_2, i12 %p_ZL5FWD_W_1_2, i16 %p_ZL6FWD_MW_1_2, i12 %p_ZL5FWD_W_2_2, i16 %p_ZL6FWD_MW_2_2, i12 %p_ZL5FWD_W_3_2, i16 %p_ZL6FWD_MW_3_2" [kyber-mult-kernel-dataflow.cpp:96]   --->   Operation 56 'call' 'call_ln96' <Predicate = true> <Delay = 0.00> <CoreType = "Generic">   --->   Core 0 '' <Latency = 0> <II = 1> <Delay = 1.00> <Generic> <Opcode : >

State 6 <SV = 5> <Delay = 0.00>
ST_6 : Operation 57 [1/2] (0.00ns)   --->   "%call_ln96 = call void @fwd_stage2_t<32>, i12 %A_0, i12 %A_1, i12 %A_2, i12 %A_3, i12 %A_4, i12 %A_5, i12 %A_6, i12 %A_7, i12 %A_8, i12 %A_9, i12 %A_10, i12 %A_11, i12 %A_12, i12 %A_13, i12 %A_14, i12 %A_15, i12 %tA, i12 %tA_1, i12 %tA_2, i12 %tA_3, i12 %tA_4, i12 %tA_5, i12 %tA_6, i12 %tA_7, i12 %tA_8, i12 %tA_9, i12 %tA_10, i12 %tA_11, i12 %tA_12, i12 %tA_13, i12 %tA_14, i12 %tA_15, i12 %B_0, i12 %B_1, i12 %B_2, i12 %B_3, i12 %B_4, i12 %B_5, i12 %B_6, i12 %B_7, i12 %B_8, i12 %B_9, i12 %B_10, i12 %B_11, i12 %B_12, i12 %B_13, i12 %B_14, i12 %B_15, i12 %tB, i12 %tB_1, i12 %tB_2, i12 %tB_3, i12 %tB_4, i12 %tB_5, i12 %tB_6, i12 %tB_7, i12 %tB_8, i12 %tB_9, i12 %tB_10, i12 %tB_11, i12 %tB_12, i12 %tB_13, i12 %tB_14, i12 %tB_15, i12 %p_ZL5FWD_W_0_2, i16 %p_ZL6FWD_MW_0_2, i12 %p_ZL5FWD_W_1_2, i16 %p_ZL6FWD_MW_1_2, i12 %p_ZL5FWD_W_2_2, i16 %p_ZL6FWD_MW_2_2, i12 %p_ZL5FWD_W_3_2, i16 %p_ZL6FWD_MW_3_2" [kyber-mult-kernel-dataflow.cpp:96]   --->   Operation 57 'call' 'call_ln96' <Predicate = true> <Delay = 0.00> <CoreType = "Generic">   --->   Core 0 '' <Latency = 0> <II = 1> <Delay = 1.00> <Generic> <Opcode : >

State 7 <SV = 6> <Delay = 0.00>
ST_7 : Operation 58 [2/2] (0.00ns)   --->   "%call_ln96 = call void @fwd_stage2_t<16>, i12 %tA, i12 %tA_1, i12 %tA_2, i12 %tA_3, i12 %tA_4, i12 %tA_5, i12 %tA_6, i12 %tA_7, i12 %tA_8, i12 %tA_9, i12 %tA_10, i12 %tA_11, i12 %tA_12, i12 %tA_13, i12 %tA_14, i12 %tA_15, i12 %A_0, i12 %A_1, i12 %A_2, i12 %A_3, i12 %A_4, i12 %A_5, i12 %A_6, i12 %A_7, i12 %A_8, i12 %A_9, i12 %A_10, i12 %A_11, i12 %A_12, i12 %A_13, i12 %A_14, i12 %A_15, i12 %tB, i12 %tB_1, i12 %tB_2, i12 %tB_3, i12 %tB_4, i12 %tB_5, i12 %tB_6, i12 %tB_7, i12 %tB_8, i12 %tB_9, i12 %tB_10, i12 %tB_11, i12 %tB_12, i12 %tB_13, i12 %tB_14, i12 %tB_15, i12 %B_0, i12 %B_1, i12 %B_2, i12 %B_3, i12 %B_4, i12 %B_5, i12 %B_6, i12 %B_7, i12 %B_8, i12 %B_9, i12 %B_10, i12 %B_11, i12 %B_12, i12 %B_13, i12 %B_14, i12 %B_15, i12 %p_ZL5FWD_W_0_3, i16 %p_ZL6FWD_MW_0_3, i12 %p_ZL5FWD_W_1_3, i16 %p_ZL6FWD_MW_1_3, i12 %p_ZL5FWD_W_2_3, i16 %p_ZL6FWD_MW_2_3, i12 %p_ZL5FWD_W_3_3, i16 %p_ZL6FWD_MW_3_3" [kyber-mult-kernel-dataflow.cpp:96]   --->   Operation 58 'call' 'call_ln96' <Predicate = true> <Delay = 0.00> <CoreType = "Generic">   --->   Core 0 '' <Latency = 0> <II = 1> <Delay = 1.00> <Generic> <Opcode : >

State 8 <SV = 7> <Delay = 0.00>
ST_8 : Operation 59 [1/2] (0.00ns)   --->   "%call_ln96 = call void @fwd_stage2_t<16>, i12 %tA, i12 %tA_1, i12 %tA_2, i12 %tA_3, i12 %tA_4, i12 %tA_5, i12 %tA_6, i12 %tA_7, i12 %tA_8, i12 %tA_9, i12 %tA_10, i12 %tA_11, i12 %tA_12, i12 %tA_13, i12 %tA_14, i12 %tA_15, i12 %A_0, i12 %A_1, i12 %A_2, i12 %A_3, i12 %A_4, i12 %A_5, i12 %A_6, i12 %A_7, i12 %A_8, i12 %A_9, i12 %A_10, i12 %A_11, i12 %A_12, i12 %A_13, i12 %A_14, i12 %A_15, i12 %tB, i12 %tB_1, i12 %tB_2, i12 %tB_3, i12 %tB_4, i12 %tB_5, i12 %tB_6, i12 %tB_7, i12 %tB_8, i12 %tB_9, i12 %tB_10, i12 %tB_11, i12 %tB_12, i12 %tB_13, i12 %tB_14, i12 %tB_15, i12 %B_0, i12 %B_1, i12 %B_2, i12 %B_3, i12 %B_4, i12 %B_5, i12 %B_6, i12 %B_7, i12 %B_8, i12 %B_9, i12 %B_10, i12 %B_11, i12 %B_12, i12 %B_13, i12 %B_14, i12 %B_15, i12 %p_ZL5FWD_W_0_3, i16 %p_ZL6FWD_MW_0_3, i12 %p_ZL5FWD_W_1_3, i16 %p_ZL6FWD_MW_1_3, i12 %p_ZL5FWD_W_2_3, i16 %p_ZL6FWD_MW_2_3, i12 %p_ZL5FWD_W_3_3, i16 %p_ZL6FWD_MW_3_3" [kyber-mult-kernel-dataflow.cpp:96]   --->   Operation 59 'call' 'call_ln96' <Predicate = true> <Delay = 0.00> <CoreType = "Generic">   --->   Core 0 '' <Latency = 0> <II = 1> <Delay = 1.00> <Generic> <Opcode : >

State 9 <SV = 8> <Delay = 0.00>
ST_9 : Operation 60 [2/2] (0.00ns)   --->   "%call_ln97 = call void @fwd_stage2_t<8>, i12 %A_0, i12 %A_1, i12 %A_2, i12 %A_3, i12 %A_4, i12 %A_5, i12 %A_6, i12 %A_7, i12 %A_8, i12 %A_9, i12 %A_10, i12 %A_11, i12 %A_12, i12 %A_13, i12 %A_14, i12 %A_15, i12 %tA, i12 %tA_1, i12 %tA_2, i12 %tA_3, i12 %tA_4, i12 %tA_5, i12 %tA_6, i12 %tA_7, i12 %tA_8, i12 %tA_9, i12 %tA_10, i12 %tA_11, i12 %tA_12, i12 %tA_13, i12 %tA_14, i12 %tA_15, i12 %B_0, i12 %B_1, i12 %B_2, i12 %B_3, i12 %B_4, i12 %B_5, i12 %B_6, i12 %B_7, i12 %B_8, i12 %B_9, i12 %B_10, i12 %B_11, i12 %B_12, i12 %B_13, i12 %B_14, i12 %B_15, i12 %tB, i12 %tB_1, i12 %tB_2, i12 %tB_3, i12 %tB_4, i12 %tB_5, i12 %tB_6, i12 %tB_7, i12 %tB_8, i12 %tB_9, i12 %tB_10, i12 %tB_11, i12 %tB_12, i12 %tB_13, i12 %tB_14, i12 %tB_15, i12 %p_ZL5FWD_W_0_4, i16 %p_ZL6FWD_MW_0_4, i12 %p_ZL5FWD_W_1_4, i16 %p_ZL6FWD_MW_1_4, i12 %p_ZL5FWD_W_2_4, i16 %p_ZL6FWD_MW_2_4, i12 %p_ZL5FWD_W_3_4, i16 %p_ZL6FWD_MW_3_4" [kyber-mult-kernel-dataflow.cpp:97]   --->   Operation 60 'call' 'call_ln97' <Predicate = true> <Delay = 0.00> <CoreType = "Generic">   --->   Core 0 '' <Latency = 0> <II = 1> <Delay = 1.00> <Generic> <Opcode : >

State 10 <SV = 9> <Delay = 0.00>
ST_10 : Operation 61 [1/2] (0.00ns)   --->   "%call_ln97 = call void @fwd_stage2_t<8>, i12 %A_0, i12 %A_1, i12 %A_2, i12 %A_3, i12 %A_4, i12 %A_5, i12 %A_6, i12 %A_7, i12 %A_8, i12 %A_9, i12 %A_10, i12 %A_11, i12 %A_12, i12 %A_13, i12 %A_14, i12 %A_15, i12 %tA, i12 %tA_1, i12 %tA_2, i12 %tA_3, i12 %tA_4, i12 %tA_5, i12 %tA_6, i12 %tA_7, i12 %tA_8, i12 %tA_9, i12 %tA_10, i12 %tA_11, i12 %tA_12, i12 %tA_13, i12 %tA_14, i12 %tA_15, i12 %B_0, i12 %B_1, i12 %B_2, i12 %B_3, i12 %B_4, i12 %B_5, i12 %B_6, i12 %B_7, i12 %B_8, i12 %B_9, i12 %B_10, i12 %B_11, i12 %B_12, i12 %B_13, i12 %B_14, i12 %B_15, i12 %tB, i12 %tB_1, i12 %tB_2, i12 %tB_3, i12 %tB_4, i12 %tB_5, i12 %tB_6, i12 %tB_7, i12 %tB_8, i12 %tB_9, i12 %tB_10, i12 %tB_11, i12 %tB_12, i12 %tB_13, i12 %tB_14, i12 %tB_15, i12 %p_ZL5FWD_W_0_4, i16 %p_ZL6FWD_MW_0_4, i12 %p_ZL5FWD_W_1_4, i16 %p_ZL6FWD_MW_1_4, i12 %p_ZL5FWD_W_2_4, i16 %p_ZL6FWD_MW_2_4, i12 %p_ZL5FWD_W_3_4, i16 %p_ZL6FWD_MW_3_4" [kyber-mult-kernel-dataflow.cpp:97]   --->   Operation 61 'call' 'call_ln97' <Predicate = true> <Delay = 0.00> <CoreType = "Generic">   --->   Core 0 '' <Latency = 0> <II = 1> <Delay = 1.00> <Generic> <Opcode : >

State 11 <SV = 10> <Delay = 0.00>
ST_11 : Operation 62 [2/2] (0.00ns)   --->   "%call_ln97 = call void @fwd_stage2_t<4>, i12 %tA, i12 %tA_1, i12 %tA_2, i12 %tA_3, i12 %tA_4, i12 %tA_5, i12 %tA_6, i12 %tA_7, i12 %tA_8, i12 %tA_9, i12 %tA_10, i12 %tA_11, i12 %tA_12, i12 %tA_13, i12 %tA_14, i12 %tA_15, i12 %A_0, i12 %A_1, i12 %A_2, i12 %A_3, i12 %A_4, i12 %A_5, i12 %A_6, i12 %A_7, i12 %A_8, i12 %A_9, i12 %A_10, i12 %A_11, i12 %A_12, i12 %A_13, i12 %A_14, i12 %A_15, i12 %tB, i12 %tB_1, i12 %tB_2, i12 %tB_3, i12 %tB_4, i12 %tB_5, i12 %tB_6, i12 %tB_7, i12 %tB_8, i12 %tB_9, i12 %tB_10, i12 %tB_11, i12 %tB_12, i12 %tB_13, i12 %tB_14, i12 %tB_15, i12 %B_0, i12 %B_1, i12 %B_2, i12 %B_3, i12 %B_4, i12 %B_5, i12 %B_6, i12 %B_7, i12 %B_8, i12 %B_9, i12 %B_10, i12 %B_11, i12 %B_12, i12 %B_13, i12 %B_14, i12 %B_15, i12 %p_ZL5FWD_W_0_5, i16 %p_ZL6FWD_MW_0_5, i12 %p_ZL5FWD_W_1_5, i16 %p_ZL6FWD_MW_1_5, i12 %p_ZL5FWD_W_2_5, i16 %p_ZL6FWD_MW_2_5, i12 %p_ZL5FWD_W_3_5, i16 %p_ZL6FWD_MW_3_5" [kyber-mult-kernel-dataflow.cpp:97]   --->   Operation 62 'call' 'call_ln97' <Predicate = true> <Delay = 0.00> <CoreType = "Generic">   --->   Core 0 '' <Latency = 0> <II = 1> <Delay = 1.00> <Generic> <Opcode : >

State 12 <SV = 11> <Delay = 0.00>
ST_12 : Operation 63 [1/2] (0.00ns)   --->   "%call_ln97 = call void @fwd_stage2_t<4>, i12 %tA, i12 %tA_1, i12 %tA_2, i12 %tA_3, i12 %tA_4, i12 %tA_5, i12 %tA_6, i12 %tA_7, i12 %tA_8, i12 %tA_9, i12 %tA_10, i12 %tA_11, i12 %tA_12, i12 %tA_13, i12 %tA_14, i12 %tA_15, i12 %A_0, i12 %A_1, i12 %A_2, i12 %A_3, i12 %A_4, i12 %A_5, i12 %A_6, i12 %A_7, i12 %A_8, i12 %A_9, i12 %A_10, i12 %A_11, i12 %A_12, i12 %A_13, i12 %A_14, i12 %A_15, i12 %tB, i12 %tB_1, i12 %tB_2, i12 %tB_3, i12 %tB_4, i12 %tB_5, i12 %tB_6, i12 %tB_7, i12 %tB_8, i12 %tB_9, i12 %tB_10, i12 %tB_11, i12 %tB_12, i12 %tB_13, i12 %tB_14, i12 %tB_15, i12 %B_0, i12 %B_1, i12 %B_2, i12 %B_3, i12 %B_4, i12 %B_5, i12 %B_6, i12 %B_7, i12 %B_8, i12 %B_9, i12 %B_10, i12 %B_11, i12 %B_12, i12 %B_13, i12 %B_14, i12 %B_15, i12 %p_ZL5FWD_W_0_5, i16 %p_ZL6FWD_MW_0_5, i12 %p_ZL5FWD_W_1_5, i16 %p_ZL6FWD_MW_1_5, i12 %p_ZL5FWD_W_2_5, i16 %p_ZL6FWD_MW_2_5, i12 %p_ZL5FWD_W_3_5, i16 %p_ZL6FWD_MW_3_5" [kyber-mult-kernel-dataflow.cpp:97]   --->   Operation 63 'call' 'call_ln97' <Predicate = true> <Delay = 0.00> <CoreType = "Generic">   --->   Core 0 '' <Latency = 0> <II = 1> <Delay = 1.00> <Generic> <Opcode : >

State 13 <SV = 12> <Delay = 0.00>
ST_13 : Operation 64 [2/2] (0.00ns)   --->   "%call_ln98 = call void @fwd_stage2_t<2>, i12 %A_0, i12 %A_1, i12 %A_2, i12 %A_3, i12 %A_4, i12 %A_5, i12 %A_6, i12 %A_7, i12 %A_8, i12 %A_9, i12 %A_10, i12 %A_11, i12 %A_12, i12 %A_13, i12 %A_14, i12 %A_15, i12 %tA, i12 %tA_1, i12 %tA_2, i12 %tA_3, i12 %tA_4, i12 %tA_5, i12 %tA_6, i12 %tA_7, i12 %tA_8, i12 %tA_9, i12 %tA_10, i12 %tA_11, i12 %tA_12, i12 %tA_13, i12 %tA_14, i12 %tA_15, i12 %B_0, i12 %B_1, i12 %B_2, i12 %B_3, i12 %B_4, i12 %B_5, i12 %B_6, i12 %B_7, i12 %B_8, i12 %B_9, i12 %B_10, i12 %B_11, i12 %B_12, i12 %B_13, i12 %B_14, i12 %B_15, i12 %tB, i12 %tB_1, i12 %tB_2, i12 %tB_3, i12 %tB_4, i12 %tB_5, i12 %tB_6, i12 %tB_7, i12 %tB_8, i12 %tB_9, i12 %tB_10, i12 %tB_11, i12 %tB_12, i12 %tB_13, i12 %tB_14, i12 %tB_15, i12 %p_ZL5FWD_W_0_6, i16 %p_ZL6FWD_MW_0_6, i12 %p_ZL5FWD_W_1_6, i16 %p_ZL6FWD_MW_1_6, i12 %p_ZL5FWD_W_2_6, i16 %p_ZL6FWD_MW_2_6, i12 %p_ZL5FWD_W_3_6, i16 %p_ZL6FWD_MW_3_6" [kyber-mult-kernel-dataflow.cpp:98]   --->   Operation 64 'call' 'call_ln98' <Predicate = true> <Delay = 0.00> <CoreType = "Generic">   --->   Core 0 '' <Latency = 0> <II = 1> <Delay = 1.00> <Generic> <Opcode : >

State 14 <SV = 13> <Delay = 0.00>
ST_14 : Operation 65 [1/2] (0.00ns)   --->   "%call_ln98 = call void @fwd_stage2_t<2>, i12 %A_0, i12 %A_1, i12 %A_2, i12 %A_3, i12 %A_4, i12 %A_5, i12 %A_6, i12 %A_7, i12 %A_8, i12 %A_9, i12 %A_10, i12 %A_11, i12 %A_12, i12 %A_13, i12 %A_14, i12 %A_15, i12 %tA, i12 %tA_1, i12 %tA_2, i12 %tA_3, i12 %tA_4, i12 %tA_5, i12 %tA_6, i12 %tA_7, i12 %tA_8, i12 %tA_9, i12 %tA_10, i12 %tA_11, i12 %tA_12, i12 %tA_13, i12 %tA_14, i12 %tA_15, i12 %B_0, i12 %B_1, i12 %B_2, i12 %B_3, i12 %B_4, i12 %B_5, i12 %B_6, i12 %B_7, i12 %B_8, i12 %B_9, i12 %B_10, i12 %B_11, i12 %B_12, i12 %B_13, i12 %B_14, i12 %B_15, i12 %tB, i12 %tB_1, i12 %tB_2, i12 %tB_3, i12 %tB_4, i12 %tB_5, i12 %tB_6, i12 %tB_7, i12 %tB_8, i12 %tB_9, i12 %tB_10, i12 %tB_11, i12 %tB_12, i12 %tB_13, i12 %tB_14, i12 %tB_15, i12 %p_ZL5FWD_W_0_6, i16 %p_ZL6FWD_MW_0_6, i12 %p_ZL5FWD_W_1_6, i16 %p_ZL6FWD_MW_1_6, i12 %p_ZL5FWD_W_2_6, i16 %p_ZL6FWD_MW_2_6, i12 %p_ZL5FWD_W_3_6, i16 %p_ZL6FWD_MW_3_6" [kyber-mult-kernel-dataflow.cpp:98]   --->   Operation 65 'call' 'call_ln98' <Predicate = true> <Delay = 0.00> <CoreType = "Generic">   --->   Core 0 '' <Latency = 0> <II = 1> <Delay = 1.00> <Generic> <Opcode : >
ST_14 : Operation 66 [1/1] (0.00ns)   --->   "%br_ln99 = br void %for.inc" [kyber-mult-kernel-dataflow.cpp:99]   --->   Operation 66 'br' 'br_ln99' <Predicate = true> <Delay = 0.00>

State 15 <SV = 14> <Delay = 1.20>
ST_15 : Operation 67 [1/1] (0.00ns)   --->   "%i_2 = load i9 %i" [kyber-mult-kernel-dataflow.cpp:99]   --->   Operation 67 'load' 'i_2' <Predicate = true> <Delay = 0.00>
ST_15 : Operation 68 [1/1] (0.77ns)   --->   "%icmp_ln99 = icmp_eq  i9 %i_2, i9 256" [kyber-mult-kernel-dataflow.cpp:99]   --->   Operation 68 'icmp' 'icmp_ln99' <Predicate = true> <Delay = 0.77> <CoreInst = "Cmp">   --->   Core 9 'Cmp' <Latency = 0> <II = 1> <Delay = 0.77> <FuncUnit> <Opcode : 'icmp'> <InPorts = 2> <OutPorts = 1>
ST_15 : Operation 69 [1/1] (0.77ns)   --->   "%add_ln99 = add i9 %i_2, i9 1" [kyber-mult-kernel-dataflow.cpp:99]   --->   Operation 69 'add' 'add_ln99' <Predicate = true> <Delay = 0.77> <CoreInst = "Adder">   --->   Core 1 'Adder' <Latency = 0> <II = 1> <Delay = 0.77> <FuncUnit> <Opcode : 'add' 'sub'> <InPorts = 2> <OutPorts = 1>
ST_15 : Operation 70 [1/1] (0.00ns)   --->   "%br_ln99 = br i1 %icmp_ln99, void %for.inc.split, void %for.end" [kyber-mult-kernel-dataflow.cpp:99]   --->   Operation 70 'br' 'br_ln99' <Predicate = true> <Delay = 0.00>
ST_15 : Operation 71 [1/1] (0.00ns)   --->   "%trunc_ln99 = trunc i9 %i_2" [kyber-mult-kernel-dataflow.cpp:99]   --->   Operation 71 'trunc' 'trunc_ln99' <Predicate = (!icmp_ln99)> <Delay = 0.00>
ST_15 : Operation 72 [1/1] (0.00ns)   --->   "%lshr_ln = partselect i4 @_ssdm_op_PartSelect.i4.i9.i32.i32, i9 %i_2, i32 4, i32 7" [kyber-mult-kernel-dataflow.cpp:99]   --->   Operation 72 'partselect' 'lshr_ln' <Predicate = (!icmp_ln99)> <Delay = 0.00>
ST_15 : Operation 73 [1/1] (0.00ns)   --->   "%zext_ln99 = zext i4 %lshr_ln" [kyber-mult-kernel-dataflow.cpp:99]   --->   Operation 73 'zext' 'zext_ln99' <Predicate = (!icmp_ln99)> <Delay = 0.00>
ST_15 : Operation 74 [1/1] (0.00ns)   --->   "%tA_addr = getelementptr i12 %tA, i64 0, i64 %zext_ln99" [kyber-mult-kernel-dataflow.cpp:101]   --->   Operation 74 'getelementptr' 'tA_addr' <Predicate = (!icmp_ln99)> <Delay = 0.00>
ST_15 : Operation 75 [1/1] (0.00ns)   --->   "%tA_1_addr = getelementptr i12 %tA_1, i64 0, i64 %zext_ln99" [kyber-mult-kernel-dataflow.cpp:101]   --->   Operation 75 'getelementptr' 'tA_1_addr' <Predicate = (!icmp_ln99)> <Delay = 0.00>
ST_15 : Operation 76 [1/1] (0.00ns)   --->   "%tA_2_addr = getelementptr i12 %tA_2, i64 0, i64 %zext_ln99" [kyber-mult-kernel-dataflow.cpp:101]   --->   Operation 76 'getelementptr' 'tA_2_addr' <Predicate = (!icmp_ln99)> <Delay = 0.00>
ST_15 : Operation 77 [1/1] (0.00ns)   --->   "%tA_3_addr = getelementptr i12 %tA_3, i64 0, i64 %zext_ln99" [kyber-mult-kernel-dataflow.cpp:101]   --->   Operation 77 'getelementptr' 'tA_3_addr' <Predicate = (!icmp_ln99)> <Delay = 0.00>
ST_15 : Operation 78 [1/1] (0.00ns)   --->   "%tA_4_addr = getelementptr i12 %tA_4, i64 0, i64 %zext_ln99" [kyber-mult-kernel-dataflow.cpp:101]   --->   Operation 78 'getelementptr' 'tA_4_addr' <Predicate = (!icmp_ln99)> <Delay = 0.00>
ST_15 : Operation 79 [1/1] (0.00ns)   --->   "%tA_5_addr = getelementptr i12 %tA_5, i64 0, i64 %zext_ln99" [kyber-mult-kernel-dataflow.cpp:101]   --->   Operation 79 'getelementptr' 'tA_5_addr' <Predicate = (!icmp_ln99)> <Delay = 0.00>
ST_15 : Operation 80 [1/1] (0.00ns)   --->   "%tA_6_addr = getelementptr i12 %tA_6, i64 0, i64 %zext_ln99" [kyber-mult-kernel-dataflow.cpp:101]   --->   Operation 80 'getelementptr' 'tA_6_addr' <Predicate = (!icmp_ln99)> <Delay = 0.00>
ST_15 : Operation 81 [1/1] (0.00ns)   --->   "%tA_7_addr = getelementptr i12 %tA_7, i64 0, i64 %zext_ln99" [kyber-mult-kernel-dataflow.cpp:101]   --->   Operation 81 'getelementptr' 'tA_7_addr' <Predicate = (!icmp_ln99)> <Delay = 0.00>
ST_15 : Operation 82 [1/1] (0.00ns)   --->   "%tA_8_addr = getelementptr i12 %tA_8, i64 0, i64 %zext_ln99" [kyber-mult-kernel-dataflow.cpp:101]   --->   Operation 82 'getelementptr' 'tA_8_addr' <Predicate = (!icmp_ln99)> <Delay = 0.00>
ST_15 : Operation 83 [1/1] (0.00ns)   --->   "%tA_9_addr = getelementptr i12 %tA_9, i64 0, i64 %zext_ln99" [kyber-mult-kernel-dataflow.cpp:101]   --->   Operation 83 'getelementptr' 'tA_9_addr' <Predicate = (!icmp_ln99)> <Delay = 0.00>
ST_15 : Operation 84 [1/1] (0.00ns)   --->   "%tA_10_addr = getelementptr i12 %tA_10, i64 0, i64 %zext_ln99" [kyber-mult-kernel-dataflow.cpp:101]   --->   Operation 84 'getelementptr' 'tA_10_addr' <Predicate = (!icmp_ln99)> <Delay = 0.00>
ST_15 : Operation 85 [1/1] (0.00ns)   --->   "%tA_11_addr = getelementptr i12 %tA_11, i64 0, i64 %zext_ln99" [kyber-mult-kernel-dataflow.cpp:101]   --->   Operation 85 'getelementptr' 'tA_11_addr' <Predicate = (!icmp_ln99)> <Delay = 0.00>
ST_15 : Operation 86 [1/1] (0.00ns)   --->   "%tA_12_addr = getelementptr i12 %tA_12, i64 0, i64 %zext_ln99" [kyber-mult-kernel-dataflow.cpp:101]   --->   Operation 86 'getelementptr' 'tA_12_addr' <Predicate = (!icmp_ln99)> <Delay = 0.00>
ST_15 : Operation 87 [1/1] (0.00ns)   --->   "%tA_13_addr = getelementptr i12 %tA_13, i64 0, i64 %zext_ln99" [kyber-mult-kernel-dataflow.cpp:101]   --->   Operation 87 'getelementptr' 'tA_13_addr' <Predicate = (!icmp_ln99)> <Delay = 0.00>
ST_15 : Operation 88 [1/1] (0.00ns)   --->   "%tA_14_addr = getelementptr i12 %tA_14, i64 0, i64 %zext_ln99" [kyber-mult-kernel-dataflow.cpp:101]   --->   Operation 88 'getelementptr' 'tA_14_addr' <Predicate = (!icmp_ln99)> <Delay = 0.00>
ST_15 : Operation 89 [1/1] (0.00ns)   --->   "%tA_15_addr = getelementptr i12 %tA_15, i64 0, i64 %zext_ln99" [kyber-mult-kernel-dataflow.cpp:101]   --->   Operation 89 'getelementptr' 'tA_15_addr' <Predicate = (!icmp_ln99)> <Delay = 0.00>
ST_15 : Operation 90 [2/2] (0.67ns)   --->   "%tA_load = load i4 %tA_addr" [kyber-mult-kernel-dataflow.cpp:101]   --->   Operation 90 'load' 'tA_load' <Predicate = (!icmp_ln99)> <Delay = 0.67> <CoreInst = "RAM">   --->   Core 83 'RAM' <Latency = 1> <II = 1> <Delay = 0.67> <Storage> <Opcode : 'load' 'store'> <Ports = 2> <Width = 12> <Depth = 16> <RAM>
ST_15 : Operation 91 [2/2] (0.67ns)   --->   "%tA_1_load = load i4 %tA_1_addr" [kyber-mult-kernel-dataflow.cpp:101]   --->   Operation 91 'load' 'tA_1_load' <Predicate = (!icmp_ln99)> <Delay = 0.67> <CoreInst = "RAM">   --->   Core 83 'RAM' <Latency = 1> <II = 1> <Delay = 0.67> <Storage> <Opcode : 'load' 'store'> <Ports = 2> <Width = 12> <Depth = 16> <RAM>
ST_15 : Operation 92 [2/2] (0.67ns)   --->   "%tA_2_load = load i4 %tA_2_addr" [kyber-mult-kernel-dataflow.cpp:101]   --->   Operation 92 'load' 'tA_2_load' <Predicate = (!icmp_ln99)> <Delay = 0.67> <CoreInst = "RAM">   --->   Core 83 'RAM' <Latency = 1> <II = 1> <Delay = 0.67> <Storage> <Opcode : 'load' 'store'> <Ports = 2> <Width = 12> <Depth = 16> <RAM>
ST_15 : Operation 93 [2/2] (0.67ns)   --->   "%tA_3_load = load i4 %tA_3_addr" [kyber-mult-kernel-dataflow.cpp:101]   --->   Operation 93 'load' 'tA_3_load' <Predicate = (!icmp_ln99)> <Delay = 0.67> <CoreInst = "RAM">   --->   Core 83 'RAM' <Latency = 1> <II = 1> <Delay = 0.67> <Storage> <Opcode : 'load' 'store'> <Ports = 2> <Width = 12> <Depth = 16> <RAM>
ST_15 : Operation 94 [2/2] (0.67ns)   --->   "%tA_4_load = load i4 %tA_4_addr" [kyber-mult-kernel-dataflow.cpp:101]   --->   Operation 94 'load' 'tA_4_load' <Predicate = (!icmp_ln99)> <Delay = 0.67> <CoreInst = "RAM">   --->   Core 83 'RAM' <Latency = 1> <II = 1> <Delay = 0.67> <Storage> <Opcode : 'load' 'store'> <Ports = 2> <Width = 12> <Depth = 16> <RAM>
ST_15 : Operation 95 [2/2] (0.67ns)   --->   "%tA_5_load = load i4 %tA_5_addr" [kyber-mult-kernel-dataflow.cpp:101]   --->   Operation 95 'load' 'tA_5_load' <Predicate = (!icmp_ln99)> <Delay = 0.67> <CoreInst = "RAM">   --->   Core 83 'RAM' <Latency = 1> <II = 1> <Delay = 0.67> <Storage> <Opcode : 'load' 'store'> <Ports = 2> <Width = 12> <Depth = 16> <RAM>
ST_15 : Operation 96 [2/2] (0.67ns)   --->   "%tA_6_load = load i4 %tA_6_addr" [kyber-mult-kernel-dataflow.cpp:101]   --->   Operation 96 'load' 'tA_6_load' <Predicate = (!icmp_ln99)> <Delay = 0.67> <CoreInst = "RAM">   --->   Core 83 'RAM' <Latency = 1> <II = 1> <Delay = 0.67> <Storage> <Opcode : 'load' 'store'> <Ports = 2> <Width = 12> <Depth = 16> <RAM>
ST_15 : Operation 97 [2/2] (0.67ns)   --->   "%tA_7_load = load i4 %tA_7_addr" [kyber-mult-kernel-dataflow.cpp:101]   --->   Operation 97 'load' 'tA_7_load' <Predicate = (!icmp_ln99)> <Delay = 0.67> <CoreInst = "RAM">   --->   Core 83 'RAM' <Latency = 1> <II = 1> <Delay = 0.67> <Storage> <Opcode : 'load' 'store'> <Ports = 2> <Width = 12> <Depth = 16> <RAM>
ST_15 : Operation 98 [2/2] (0.67ns)   --->   "%tA_8_load = load i4 %tA_8_addr" [kyber-mult-kernel-dataflow.cpp:101]   --->   Operation 98 'load' 'tA_8_load' <Predicate = (!icmp_ln99)> <Delay = 0.67> <CoreInst = "RAM">   --->   Core 83 'RAM' <Latency = 1> <II = 1> <Delay = 0.67> <Storage> <Opcode : 'load' 'store'> <Ports = 2> <Width = 12> <Depth = 16> <RAM>
ST_15 : Operation 99 [2/2] (0.67ns)   --->   "%tA_9_load = load i4 %tA_9_addr" [kyber-mult-kernel-dataflow.cpp:101]   --->   Operation 99 'load' 'tA_9_load' <Predicate = (!icmp_ln99)> <Delay = 0.67> <CoreInst = "RAM">   --->   Core 83 'RAM' <Latency = 1> <II = 1> <Delay = 0.67> <Storage> <Opcode : 'load' 'store'> <Ports = 2> <Width = 12> <Depth = 16> <RAM>
ST_15 : Operation 100 [2/2] (0.67ns)   --->   "%tA_10_load = load i4 %tA_10_addr" [kyber-mult-kernel-dataflow.cpp:101]   --->   Operation 100 'load' 'tA_10_load' <Predicate = (!icmp_ln99)> <Delay = 0.67> <CoreInst = "RAM">   --->   Core 83 'RAM' <Latency = 1> <II = 1> <Delay = 0.67> <Storage> <Opcode : 'load' 'store'> <Ports = 2> <Width = 12> <Depth = 16> <RAM>
ST_15 : Operation 101 [2/2] (0.67ns)   --->   "%tA_11_load = load i4 %tA_11_addr" [kyber-mult-kernel-dataflow.cpp:101]   --->   Operation 101 'load' 'tA_11_load' <Predicate = (!icmp_ln99)> <Delay = 0.67> <CoreInst = "RAM">   --->   Core 83 'RAM' <Latency = 1> <II = 1> <Delay = 0.67> <Storage> <Opcode : 'load' 'store'> <Ports = 2> <Width = 12> <Depth = 16> <RAM>
ST_15 : Operation 102 [2/2] (0.67ns)   --->   "%tA_12_load = load i4 %tA_12_addr" [kyber-mult-kernel-dataflow.cpp:101]   --->   Operation 102 'load' 'tA_12_load' <Predicate = (!icmp_ln99)> <Delay = 0.67> <CoreInst = "RAM">   --->   Core 83 'RAM' <Latency = 1> <II = 1> <Delay = 0.67> <Storage> <Opcode : 'load' 'store'> <Ports = 2> <Width = 12> <Depth = 16> <RAM>
ST_15 : Operation 103 [2/2] (0.67ns)   --->   "%tA_13_load = load i4 %tA_13_addr" [kyber-mult-kernel-dataflow.cpp:101]   --->   Operation 103 'load' 'tA_13_load' <Predicate = (!icmp_ln99)> <Delay = 0.67> <CoreInst = "RAM">   --->   Core 83 'RAM' <Latency = 1> <II = 1> <Delay = 0.67> <Storage> <Opcode : 'load' 'store'> <Ports = 2> <Width = 12> <Depth = 16> <RAM>
ST_15 : Operation 104 [2/2] (0.67ns)   --->   "%tA_14_load = load i4 %tA_14_addr" [kyber-mult-kernel-dataflow.cpp:101]   --->   Operation 104 'load' 'tA_14_load' <Predicate = (!icmp_ln99)> <Delay = 0.67> <CoreInst = "RAM">   --->   Core 83 'RAM' <Latency = 1> <II = 1> <Delay = 0.67> <Storage> <Opcode : 'load' 'store'> <Ports = 2> <Width = 12> <Depth = 16> <RAM>
ST_15 : Operation 105 [2/2] (0.67ns)   --->   "%tA_15_load = load i4 %tA_15_addr" [kyber-mult-kernel-dataflow.cpp:101]   --->   Operation 105 'load' 'tA_15_load' <Predicate = (!icmp_ln99)> <Delay = 0.67> <CoreInst = "RAM">   --->   Core 83 'RAM' <Latency = 1> <II = 1> <Delay = 0.67> <Storage> <Opcode : 'load' 'store'> <Ports = 2> <Width = 12> <Depth = 16> <RAM>
ST_15 : Operation 106 [1/1] (0.00ns)   --->   "%tB_addr = getelementptr i12 %tB, i64 0, i64 %zext_ln99" [kyber-mult-kernel-dataflow.cpp:101]   --->   Operation 106 'getelementptr' 'tB_addr' <Predicate = (!icmp_ln99)> <Delay = 0.00>
ST_15 : Operation 107 [1/1] (0.00ns)   --->   "%tB_1_addr = getelementptr i12 %tB_1, i64 0, i64 %zext_ln99" [kyber-mult-kernel-dataflow.cpp:101]   --->   Operation 107 'getelementptr' 'tB_1_addr' <Predicate = (!icmp_ln99)> <Delay = 0.00>
ST_15 : Operation 108 [1/1] (0.00ns)   --->   "%tB_2_addr = getelementptr i12 %tB_2, i64 0, i64 %zext_ln99" [kyber-mult-kernel-dataflow.cpp:101]   --->   Operation 108 'getelementptr' 'tB_2_addr' <Predicate = (!icmp_ln99)> <Delay = 0.00>
ST_15 : Operation 109 [1/1] (0.00ns)   --->   "%tB_3_addr = getelementptr i12 %tB_3, i64 0, i64 %zext_ln99" [kyber-mult-kernel-dataflow.cpp:101]   --->   Operation 109 'getelementptr' 'tB_3_addr' <Predicate = (!icmp_ln99)> <Delay = 0.00>
ST_15 : Operation 110 [1/1] (0.00ns)   --->   "%tB_4_addr = getelementptr i12 %tB_4, i64 0, i64 %zext_ln99" [kyber-mult-kernel-dataflow.cpp:101]   --->   Operation 110 'getelementptr' 'tB_4_addr' <Predicate = (!icmp_ln99)> <Delay = 0.00>
ST_15 : Operation 111 [1/1] (0.00ns)   --->   "%tB_5_addr = getelementptr i12 %tB_5, i64 0, i64 %zext_ln99" [kyber-mult-kernel-dataflow.cpp:101]   --->   Operation 111 'getelementptr' 'tB_5_addr' <Predicate = (!icmp_ln99)> <Delay = 0.00>
ST_15 : Operation 112 [1/1] (0.00ns)   --->   "%tB_6_addr = getelementptr i12 %tB_6, i64 0, i64 %zext_ln99" [kyber-mult-kernel-dataflow.cpp:101]   --->   Operation 112 'getelementptr' 'tB_6_addr' <Predicate = (!icmp_ln99)> <Delay = 0.00>
ST_15 : Operation 113 [1/1] (0.00ns)   --->   "%tB_7_addr = getelementptr i12 %tB_7, i64 0, i64 %zext_ln99" [kyber-mult-kernel-dataflow.cpp:101]   --->   Operation 113 'getelementptr' 'tB_7_addr' <Predicate = (!icmp_ln99)> <Delay = 0.00>
ST_15 : Operation 114 [1/1] (0.00ns)   --->   "%tB_8_addr = getelementptr i12 %tB_8, i64 0, i64 %zext_ln99" [kyber-mult-kernel-dataflow.cpp:101]   --->   Operation 114 'getelementptr' 'tB_8_addr' <Predicate = (!icmp_ln99)> <Delay = 0.00>
ST_15 : Operation 115 [1/1] (0.00ns)   --->   "%tB_9_addr = getelementptr i12 %tB_9, i64 0, i64 %zext_ln99" [kyber-mult-kernel-dataflow.cpp:101]   --->   Operation 115 'getelementptr' 'tB_9_addr' <Predicate = (!icmp_ln99)> <Delay = 0.00>
ST_15 : Operation 116 [1/1] (0.00ns)   --->   "%tB_10_addr = getelementptr i12 %tB_10, i64 0, i64 %zext_ln99" [kyber-mult-kernel-dataflow.cpp:101]   --->   Operation 116 'getelementptr' 'tB_10_addr' <Predicate = (!icmp_ln99)> <Delay = 0.00>
ST_15 : Operation 117 [1/1] (0.00ns)   --->   "%tB_11_addr = getelementptr i12 %tB_11, i64 0, i64 %zext_ln99" [kyber-mult-kernel-dataflow.cpp:101]   --->   Operation 117 'getelementptr' 'tB_11_addr' <Predicate = (!icmp_ln99)> <Delay = 0.00>
ST_15 : Operation 118 [1/1] (0.00ns)   --->   "%tB_12_addr = getelementptr i12 %tB_12, i64 0, i64 %zext_ln99" [kyber-mult-kernel-dataflow.cpp:101]   --->   Operation 118 'getelementptr' 'tB_12_addr' <Predicate = (!icmp_ln99)> <Delay = 0.00>
ST_15 : Operation 119 [1/1] (0.00ns)   --->   "%tB_13_addr = getelementptr i12 %tB_13, i64 0, i64 %zext_ln99" [kyber-mult-kernel-dataflow.cpp:101]   --->   Operation 119 'getelementptr' 'tB_13_addr' <Predicate = (!icmp_ln99)> <Delay = 0.00>
ST_15 : Operation 120 [1/1] (0.00ns)   --->   "%tB_14_addr = getelementptr i12 %tB_14, i64 0, i64 %zext_ln99" [kyber-mult-kernel-dataflow.cpp:101]   --->   Operation 120 'getelementptr' 'tB_14_addr' <Predicate = (!icmp_ln99)> <Delay = 0.00>
ST_15 : Operation 121 [1/1] (0.00ns)   --->   "%tB_15_addr = getelementptr i12 %tB_15, i64 0, i64 %zext_ln99" [kyber-mult-kernel-dataflow.cpp:101]   --->   Operation 121 'getelementptr' 'tB_15_addr' <Predicate = (!icmp_ln99)> <Delay = 0.00>
ST_15 : Operation 122 [2/2] (0.67ns)   --->   "%tB_load = load i4 %tB_addr" [kyber-mult-kernel-dataflow.cpp:101]   --->   Operation 122 'load' 'tB_load' <Predicate = (!icmp_ln99)> <Delay = 0.67> <CoreInst = "RAM">   --->   Core 83 'RAM' <Latency = 1> <II = 1> <Delay = 0.67> <Storage> <Opcode : 'load' 'store'> <Ports = 2> <Width = 12> <Depth = 16> <RAM>
ST_15 : Operation 123 [2/2] (0.67ns)   --->   "%tB_1_load = load i4 %tB_1_addr" [kyber-mult-kernel-dataflow.cpp:101]   --->   Operation 123 'load' 'tB_1_load' <Predicate = (!icmp_ln99)> <Delay = 0.67> <CoreInst = "RAM">   --->   Core 83 'RAM' <Latency = 1> <II = 1> <Delay = 0.67> <Storage> <Opcode : 'load' 'store'> <Ports = 2> <Width = 12> <Depth = 16> <RAM>
ST_15 : Operation 124 [2/2] (0.67ns)   --->   "%tB_2_load = load i4 %tB_2_addr" [kyber-mult-kernel-dataflow.cpp:101]   --->   Operation 124 'load' 'tB_2_load' <Predicate = (!icmp_ln99)> <Delay = 0.67> <CoreInst = "RAM">   --->   Core 83 'RAM' <Latency = 1> <II = 1> <Delay = 0.67> <Storage> <Opcode : 'load' 'store'> <Ports = 2> <Width = 12> <Depth = 16> <RAM>
ST_15 : Operation 125 [2/2] (0.67ns)   --->   "%tB_3_load = load i4 %tB_3_addr" [kyber-mult-kernel-dataflow.cpp:101]   --->   Operation 125 'load' 'tB_3_load' <Predicate = (!icmp_ln99)> <Delay = 0.67> <CoreInst = "RAM">   --->   Core 83 'RAM' <Latency = 1> <II = 1> <Delay = 0.67> <Storage> <Opcode : 'load' 'store'> <Ports = 2> <Width = 12> <Depth = 16> <RAM>
ST_15 : Operation 126 [2/2] (0.67ns)   --->   "%tB_4_load = load i4 %tB_4_addr" [kyber-mult-kernel-dataflow.cpp:101]   --->   Operation 126 'load' 'tB_4_load' <Predicate = (!icmp_ln99)> <Delay = 0.67> <CoreInst = "RAM">   --->   Core 83 'RAM' <Latency = 1> <II = 1> <Delay = 0.67> <Storage> <Opcode : 'load' 'store'> <Ports = 2> <Width = 12> <Depth = 16> <RAM>
ST_15 : Operation 127 [2/2] (0.67ns)   --->   "%tB_5_load = load i4 %tB_5_addr" [kyber-mult-kernel-dataflow.cpp:101]   --->   Operation 127 'load' 'tB_5_load' <Predicate = (!icmp_ln99)> <Delay = 0.67> <CoreInst = "RAM">   --->   Core 83 'RAM' <Latency = 1> <II = 1> <Delay = 0.67> <Storage> <Opcode : 'load' 'store'> <Ports = 2> <Width = 12> <Depth = 16> <RAM>
ST_15 : Operation 128 [2/2] (0.67ns)   --->   "%tB_6_load = load i4 %tB_6_addr" [kyber-mult-kernel-dataflow.cpp:101]   --->   Operation 128 'load' 'tB_6_load' <Predicate = (!icmp_ln99)> <Delay = 0.67> <CoreInst = "RAM">   --->   Core 83 'RAM' <Latency = 1> <II = 1> <Delay = 0.67> <Storage> <Opcode : 'load' 'store'> <Ports = 2> <Width = 12> <Depth = 16> <RAM>
ST_15 : Operation 129 [2/2] (0.67ns)   --->   "%tB_7_load = load i4 %tB_7_addr" [kyber-mult-kernel-dataflow.cpp:101]   --->   Operation 129 'load' 'tB_7_load' <Predicate = (!icmp_ln99)> <Delay = 0.67> <CoreInst = "RAM">   --->   Core 83 'RAM' <Latency = 1> <II = 1> <Delay = 0.67> <Storage> <Opcode : 'load' 'store'> <Ports = 2> <Width = 12> <Depth = 16> <RAM>
ST_15 : Operation 130 [2/2] (0.67ns)   --->   "%tB_8_load = load i4 %tB_8_addr" [kyber-mult-kernel-dataflow.cpp:101]   --->   Operation 130 'load' 'tB_8_load' <Predicate = (!icmp_ln99)> <Delay = 0.67> <CoreInst = "RAM">   --->   Core 83 'RAM' <Latency = 1> <II = 1> <Delay = 0.67> <Storage> <Opcode : 'load' 'store'> <Ports = 2> <Width = 12> <Depth = 16> <RAM>
ST_15 : Operation 131 [2/2] (0.67ns)   --->   "%tB_9_load = load i4 %tB_9_addr" [kyber-mult-kernel-dataflow.cpp:101]   --->   Operation 131 'load' 'tB_9_load' <Predicate = (!icmp_ln99)> <Delay = 0.67> <CoreInst = "RAM">   --->   Core 83 'RAM' <Latency = 1> <II = 1> <Delay = 0.67> <Storage> <Opcode : 'load' 'store'> <Ports = 2> <Width = 12> <Depth = 16> <RAM>
ST_15 : Operation 132 [2/2] (0.67ns)   --->   "%tB_10_load = load i4 %tB_10_addr" [kyber-mult-kernel-dataflow.cpp:101]   --->   Operation 132 'load' 'tB_10_load' <Predicate = (!icmp_ln99)> <Delay = 0.67> <CoreInst = "RAM">   --->   Core 83 'RAM' <Latency = 1> <II = 1> <Delay = 0.67> <Storage> <Opcode : 'load' 'store'> <Ports = 2> <Width = 12> <Depth = 16> <RAM>
ST_15 : Operation 133 [2/2] (0.67ns)   --->   "%tB_11_load = load i4 %tB_11_addr" [kyber-mult-kernel-dataflow.cpp:101]   --->   Operation 133 'load' 'tB_11_load' <Predicate = (!icmp_ln99)> <Delay = 0.67> <CoreInst = "RAM">   --->   Core 83 'RAM' <Latency = 1> <II = 1> <Delay = 0.67> <Storage> <Opcode : 'load' 'store'> <Ports = 2> <Width = 12> <Depth = 16> <RAM>
ST_15 : Operation 134 [2/2] (0.67ns)   --->   "%tB_12_load = load i4 %tB_12_addr" [kyber-mult-kernel-dataflow.cpp:101]   --->   Operation 134 'load' 'tB_12_load' <Predicate = (!icmp_ln99)> <Delay = 0.67> <CoreInst = "RAM">   --->   Core 83 'RAM' <Latency = 1> <II = 1> <Delay = 0.67> <Storage> <Opcode : 'load' 'store'> <Ports = 2> <Width = 12> <Depth = 16> <RAM>
ST_15 : Operation 135 [2/2] (0.67ns)   --->   "%tB_13_load = load i4 %tB_13_addr" [kyber-mult-kernel-dataflow.cpp:101]   --->   Operation 135 'load' 'tB_13_load' <Predicate = (!icmp_ln99)> <Delay = 0.67> <CoreInst = "RAM">   --->   Core 83 'RAM' <Latency = 1> <II = 1> <Delay = 0.67> <Storage> <Opcode : 'load' 'store'> <Ports = 2> <Width = 12> <Depth = 16> <RAM>
ST_15 : Operation 136 [2/2] (0.67ns)   --->   "%tB_14_load = load i4 %tB_14_addr" [kyber-mult-kernel-dataflow.cpp:101]   --->   Operation 136 'load' 'tB_14_load' <Predicate = (!icmp_ln99)> <Delay = 0.67> <CoreInst = "RAM">   --->   Core 83 'RAM' <Latency = 1> <II = 1> <Delay = 0.67> <Storage> <Opcode : 'load' 'store'> <Ports = 2> <Width = 12> <Depth = 16> <RAM>
ST_15 : Operation 137 [2/2] (0.67ns)   --->   "%tB_15_load = load i4 %tB_15_addr" [kyber-mult-kernel-dataflow.cpp:101]   --->   Operation 137 'load' 'tB_15_load' <Predicate = (!icmp_ln99)> <Delay = 0.67> <CoreInst = "RAM">   --->   Core 83 'RAM' <Latency = 1> <II = 1> <Delay = 0.67> <Storage> <Opcode : 'load' 'store'> <Ports = 2> <Width = 12> <Depth = 16> <RAM>
ST_15 : Operation 138 [1/1] (0.74ns)   --->   "%switch_ln101 = switch i4 %trunc_ln99, void %arrayidx192.case.15, i4 0, void %arrayidx192.case.0, i4 1, void %arrayidx192.case.1, i4 2, void %arrayidx192.case.2, i4 3, void %arrayidx192.case.3, i4 4, void %arrayidx192.case.4, i4 5, void %arrayidx192.case.5, i4 6, void %arrayidx192.case.6, i4 7, void %arrayidx192.case.7, i4 8, void %arrayidx192.case.8, i4 9, void %arrayidx192.case.9, i4 10, void %arrayidx192.case.10, i4 11, void %arrayidx192.case.11, i4 12, void %arrayidx192.case.12, i4 13, void %arrayidx192.case.13, i4 14, void %arrayidx192.case.14" [kyber-mult-kernel-dataflow.cpp:101]   --->   Operation 138 'switch' 'switch_ln101' <Predicate = (!icmp_ln99)> <Delay = 0.74>
ST_15 : Operation 139 [1/1] (0.42ns)   --->   "%store_ln99 = store i9 %add_ln99, i9 %i" [kyber-mult-kernel-dataflow.cpp:99]   --->   Operation 139 'store' 'store_ln99' <Predicate = (!icmp_ln99)> <Delay = 0.42>
ST_15 : Operation 140 [1/1] (0.00ns)   --->   "%br_ln99 = br void %for.inc" [kyber-mult-kernel-dataflow.cpp:99]   --->   Operation 140 'br' 'br_ln99' <Predicate = (!icmp_ln99)> <Delay = 0.00>

State 16 <SV = 15> <Delay = 1.84>
ST_16 : Operation 141 [1/1] (0.00ns)   --->   "%specpipeline_ln100 = specpipeline void @_ssdm_op_SpecPipeline, i32 1, i32 0, i32 0, i32 0, void @empty_246" [kyber-mult-kernel-dataflow.cpp:100]   --->   Operation 141 'specpipeline' 'specpipeline_ln100' <Predicate = true> <Delay = 0.00>
ST_16 : Operation 142 [1/1] (0.00ns)   --->   "%speclooptripcount_ln99 = speclooptripcount void @_ssdm_op_SpecLoopTripCount, i64 256, i64 256, i64 256" [kyber-mult-kernel-dataflow.cpp:99]   --->   Operation 142 'speclooptripcount' 'speclooptripcount_ln99' <Predicate = true> <Delay = 0.00>
ST_16 : Operation 143 [1/1] (0.00ns)   --->   "%specloopname_ln99 = specloopname void @_ssdm_op_SpecLoopName, void @empty_107" [kyber-mult-kernel-dataflow.cpp:99]   --->   Operation 143 'specloopname' 'specloopname_ln99' <Predicate = true> <Delay = 0.00>
ST_16 : Operation 144 [1/1] (0.00ns)   --->   "%A_0_addr = getelementptr i12 %A_0, i64 0, i64 %zext_ln99" [kyber-mult-kernel-dataflow.cpp:101]   --->   Operation 144 'getelementptr' 'A_0_addr' <Predicate = true> <Delay = 0.00>
ST_16 : Operation 145 [1/1] (0.00ns)   --->   "%A_1_addr = getelementptr i12 %A_1, i64 0, i64 %zext_ln99" [kyber-mult-kernel-dataflow.cpp:101]   --->   Operation 145 'getelementptr' 'A_1_addr' <Predicate = true> <Delay = 0.00>
ST_16 : Operation 146 [1/1] (0.00ns)   --->   "%A_2_addr = getelementptr i12 %A_2, i64 0, i64 %zext_ln99" [kyber-mult-kernel-dataflow.cpp:101]   --->   Operation 146 'getelementptr' 'A_2_addr' <Predicate = true> <Delay = 0.00>
ST_16 : Operation 147 [1/1] (0.00ns)   --->   "%A_3_addr = getelementptr i12 %A_3, i64 0, i64 %zext_ln99" [kyber-mult-kernel-dataflow.cpp:101]   --->   Operation 147 'getelementptr' 'A_3_addr' <Predicate = true> <Delay = 0.00>
ST_16 : Operation 148 [1/1] (0.00ns)   --->   "%A_4_addr = getelementptr i12 %A_4, i64 0, i64 %zext_ln99" [kyber-mult-kernel-dataflow.cpp:101]   --->   Operation 148 'getelementptr' 'A_4_addr' <Predicate = true> <Delay = 0.00>
ST_16 : Operation 149 [1/1] (0.00ns)   --->   "%A_5_addr = getelementptr i12 %A_5, i64 0, i64 %zext_ln99" [kyber-mult-kernel-dataflow.cpp:101]   --->   Operation 149 'getelementptr' 'A_5_addr' <Predicate = true> <Delay = 0.00>
ST_16 : Operation 150 [1/1] (0.00ns)   --->   "%A_6_addr = getelementptr i12 %A_6, i64 0, i64 %zext_ln99" [kyber-mult-kernel-dataflow.cpp:101]   --->   Operation 150 'getelementptr' 'A_6_addr' <Predicate = true> <Delay = 0.00>
ST_16 : Operation 151 [1/1] (0.00ns)   --->   "%A_7_addr = getelementptr i12 %A_7, i64 0, i64 %zext_ln99" [kyber-mult-kernel-dataflow.cpp:101]   --->   Operation 151 'getelementptr' 'A_7_addr' <Predicate = true> <Delay = 0.00>
ST_16 : Operation 152 [1/1] (0.00ns)   --->   "%A_8_addr = getelementptr i12 %A_8, i64 0, i64 %zext_ln99" [kyber-mult-kernel-dataflow.cpp:101]   --->   Operation 152 'getelementptr' 'A_8_addr' <Predicate = true> <Delay = 0.00>
ST_16 : Operation 153 [1/1] (0.00ns)   --->   "%A_9_addr = getelementptr i12 %A_9, i64 0, i64 %zext_ln99" [kyber-mult-kernel-dataflow.cpp:101]   --->   Operation 153 'getelementptr' 'A_9_addr' <Predicate = true> <Delay = 0.00>
ST_16 : Operation 154 [1/1] (0.00ns)   --->   "%A_10_addr = getelementptr i12 %A_10, i64 0, i64 %zext_ln99" [kyber-mult-kernel-dataflow.cpp:101]   --->   Operation 154 'getelementptr' 'A_10_addr' <Predicate = true> <Delay = 0.00>
ST_16 : Operation 155 [1/1] (0.00ns)   --->   "%A_11_addr = getelementptr i12 %A_11, i64 0, i64 %zext_ln99" [kyber-mult-kernel-dataflow.cpp:101]   --->   Operation 155 'getelementptr' 'A_11_addr' <Predicate = true> <Delay = 0.00>
ST_16 : Operation 156 [1/1] (0.00ns)   --->   "%A_12_addr = getelementptr i12 %A_12, i64 0, i64 %zext_ln99" [kyber-mult-kernel-dataflow.cpp:101]   --->   Operation 156 'getelementptr' 'A_12_addr' <Predicate = true> <Delay = 0.00>
ST_16 : Operation 157 [1/1] (0.00ns)   --->   "%A_13_addr = getelementptr i12 %A_13, i64 0, i64 %zext_ln99" [kyber-mult-kernel-dataflow.cpp:101]   --->   Operation 157 'getelementptr' 'A_13_addr' <Predicate = true> <Delay = 0.00>
ST_16 : Operation 158 [1/1] (0.00ns)   --->   "%A_14_addr = getelementptr i12 %A_14, i64 0, i64 %zext_ln99" [kyber-mult-kernel-dataflow.cpp:101]   --->   Operation 158 'getelementptr' 'A_14_addr' <Predicate = true> <Delay = 0.00>
ST_16 : Operation 159 [1/1] (0.00ns)   --->   "%A_15_addr = getelementptr i12 %A_15, i64 0, i64 %zext_ln99" [kyber-mult-kernel-dataflow.cpp:101]   --->   Operation 159 'getelementptr' 'A_15_addr' <Predicate = true> <Delay = 0.00>
ST_16 : Operation 160 [1/2] (0.67ns)   --->   "%tA_load = load i4 %tA_addr" [kyber-mult-kernel-dataflow.cpp:101]   --->   Operation 160 'load' 'tA_load' <Predicate = true> <Delay = 0.67> <CoreInst = "RAM">   --->   Core 83 'RAM' <Latency = 1> <II = 1> <Delay = 0.67> <Storage> <Opcode : 'load' 'store'> <Ports = 2> <Width = 12> <Depth = 16> <RAM>
ST_16 : Operation 161 [1/2] (0.67ns)   --->   "%tA_1_load = load i4 %tA_1_addr" [kyber-mult-kernel-dataflow.cpp:101]   --->   Operation 161 'load' 'tA_1_load' <Predicate = true> <Delay = 0.67> <CoreInst = "RAM">   --->   Core 83 'RAM' <Latency = 1> <II = 1> <Delay = 0.67> <Storage> <Opcode : 'load' 'store'> <Ports = 2> <Width = 12> <Depth = 16> <RAM>
ST_16 : Operation 162 [1/2] (0.67ns)   --->   "%tA_2_load = load i4 %tA_2_addr" [kyber-mult-kernel-dataflow.cpp:101]   --->   Operation 162 'load' 'tA_2_load' <Predicate = true> <Delay = 0.67> <CoreInst = "RAM">   --->   Core 83 'RAM' <Latency = 1> <II = 1> <Delay = 0.67> <Storage> <Opcode : 'load' 'store'> <Ports = 2> <Width = 12> <Depth = 16> <RAM>
ST_16 : Operation 163 [1/2] (0.67ns)   --->   "%tA_3_load = load i4 %tA_3_addr" [kyber-mult-kernel-dataflow.cpp:101]   --->   Operation 163 'load' 'tA_3_load' <Predicate = true> <Delay = 0.67> <CoreInst = "RAM">   --->   Core 83 'RAM' <Latency = 1> <II = 1> <Delay = 0.67> <Storage> <Opcode : 'load' 'store'> <Ports = 2> <Width = 12> <Depth = 16> <RAM>
ST_16 : Operation 164 [1/2] (0.67ns)   --->   "%tA_4_load = load i4 %tA_4_addr" [kyber-mult-kernel-dataflow.cpp:101]   --->   Operation 164 'load' 'tA_4_load' <Predicate = true> <Delay = 0.67> <CoreInst = "RAM">   --->   Core 83 'RAM' <Latency = 1> <II = 1> <Delay = 0.67> <Storage> <Opcode : 'load' 'store'> <Ports = 2> <Width = 12> <Depth = 16> <RAM>
ST_16 : Operation 165 [1/2] (0.67ns)   --->   "%tA_5_load = load i4 %tA_5_addr" [kyber-mult-kernel-dataflow.cpp:101]   --->   Operation 165 'load' 'tA_5_load' <Predicate = true> <Delay = 0.67> <CoreInst = "RAM">   --->   Core 83 'RAM' <Latency = 1> <II = 1> <Delay = 0.67> <Storage> <Opcode : 'load' 'store'> <Ports = 2> <Width = 12> <Depth = 16> <RAM>
ST_16 : Operation 166 [1/2] (0.67ns)   --->   "%tA_6_load = load i4 %tA_6_addr" [kyber-mult-kernel-dataflow.cpp:101]   --->   Operation 166 'load' 'tA_6_load' <Predicate = true> <Delay = 0.67> <CoreInst = "RAM">   --->   Core 83 'RAM' <Latency = 1> <II = 1> <Delay = 0.67> <Storage> <Opcode : 'load' 'store'> <Ports = 2> <Width = 12> <Depth = 16> <RAM>
ST_16 : Operation 167 [1/2] (0.67ns)   --->   "%tA_7_load = load i4 %tA_7_addr" [kyber-mult-kernel-dataflow.cpp:101]   --->   Operation 167 'load' 'tA_7_load' <Predicate = true> <Delay = 0.67> <CoreInst = "RAM">   --->   Core 83 'RAM' <Latency = 1> <II = 1> <Delay = 0.67> <Storage> <Opcode : 'load' 'store'> <Ports = 2> <Width = 12> <Depth = 16> <RAM>
ST_16 : Operation 168 [1/2] (0.67ns)   --->   "%tA_8_load = load i4 %tA_8_addr" [kyber-mult-kernel-dataflow.cpp:101]   --->   Operation 168 'load' 'tA_8_load' <Predicate = true> <Delay = 0.67> <CoreInst = "RAM">   --->   Core 83 'RAM' <Latency = 1> <II = 1> <Delay = 0.67> <Storage> <Opcode : 'load' 'store'> <Ports = 2> <Width = 12> <Depth = 16> <RAM>
ST_16 : Operation 169 [1/2] (0.67ns)   --->   "%tA_9_load = load i4 %tA_9_addr" [kyber-mult-kernel-dataflow.cpp:101]   --->   Operation 169 'load' 'tA_9_load' <Predicate = true> <Delay = 0.67> <CoreInst = "RAM">   --->   Core 83 'RAM' <Latency = 1> <II = 1> <Delay = 0.67> <Storage> <Opcode : 'load' 'store'> <Ports = 2> <Width = 12> <Depth = 16> <RAM>
ST_16 : Operation 170 [1/2] (0.67ns)   --->   "%tA_10_load = load i4 %tA_10_addr" [kyber-mult-kernel-dataflow.cpp:101]   --->   Operation 170 'load' 'tA_10_load' <Predicate = true> <Delay = 0.67> <CoreInst = "RAM">   --->   Core 83 'RAM' <Latency = 1> <II = 1> <Delay = 0.67> <Storage> <Opcode : 'load' 'store'> <Ports = 2> <Width = 12> <Depth = 16> <RAM>
ST_16 : Operation 171 [1/2] (0.67ns)   --->   "%tA_11_load = load i4 %tA_11_addr" [kyber-mult-kernel-dataflow.cpp:101]   --->   Operation 171 'load' 'tA_11_load' <Predicate = true> <Delay = 0.67> <CoreInst = "RAM">   --->   Core 83 'RAM' <Latency = 1> <II = 1> <Delay = 0.67> <Storage> <Opcode : 'load' 'store'> <Ports = 2> <Width = 12> <Depth = 16> <RAM>
ST_16 : Operation 172 [1/2] (0.67ns)   --->   "%tA_12_load = load i4 %tA_12_addr" [kyber-mult-kernel-dataflow.cpp:101]   --->   Operation 172 'load' 'tA_12_load' <Predicate = true> <Delay = 0.67> <CoreInst = "RAM">   --->   Core 83 'RAM' <Latency = 1> <II = 1> <Delay = 0.67> <Storage> <Opcode : 'load' 'store'> <Ports = 2> <Width = 12> <Depth = 16> <RAM>
ST_16 : Operation 173 [1/2] (0.67ns)   --->   "%tA_13_load = load i4 %tA_13_addr" [kyber-mult-kernel-dataflow.cpp:101]   --->   Operation 173 'load' 'tA_13_load' <Predicate = true> <Delay = 0.67> <CoreInst = "RAM">   --->   Core 83 'RAM' <Latency = 1> <II = 1> <Delay = 0.67> <Storage> <Opcode : 'load' 'store'> <Ports = 2> <Width = 12> <Depth = 16> <RAM>
ST_16 : Operation 174 [1/2] (0.67ns)   --->   "%tA_14_load = load i4 %tA_14_addr" [kyber-mult-kernel-dataflow.cpp:101]   --->   Operation 174 'load' 'tA_14_load' <Predicate = true> <Delay = 0.67> <CoreInst = "RAM">   --->   Core 83 'RAM' <Latency = 1> <II = 1> <Delay = 0.67> <Storage> <Opcode : 'load' 'store'> <Ports = 2> <Width = 12> <Depth = 16> <RAM>
ST_16 : Operation 175 [1/2] (0.67ns)   --->   "%tA_15_load = load i4 %tA_15_addr" [kyber-mult-kernel-dataflow.cpp:101]   --->   Operation 175 'load' 'tA_15_load' <Predicate = true> <Delay = 0.67> <CoreInst = "RAM">   --->   Core 83 'RAM' <Latency = 1> <II = 1> <Delay = 0.67> <Storage> <Opcode : 'load' 'store'> <Ports = 2> <Width = 12> <Depth = 16> <RAM>
ST_16 : Operation 176 [1/1] (0.48ns)   --->   "%tmp = sparsemux i12 @_ssdm_op_SparseMux.ap_auto.16i12.i12.i4, i4 0, i12 %tA_load, i4 1, i12 %tA_1_load, i4 2, i12 %tA_2_load, i4 3, i12 %tA_3_load, i4 4, i12 %tA_4_load, i4 5, i12 %tA_5_load, i4 6, i12 %tA_6_load, i4 7, i12 %tA_7_load, i4 8, i12 %tA_8_load, i4 9, i12 %tA_9_load, i4 10, i12 %tA_10_load, i4 11, i12 %tA_11_load, i4 12, i12 %tA_12_load, i4 13, i12 %tA_13_load, i4 14, i12 %tA_14_load, i4 15, i12 %tA_15_load, i12 0, i4 %trunc_ln99" [kyber-mult-kernel-dataflow.cpp:101]   --->   Operation 176 'sparsemux' 'tmp' <Predicate = true> <Delay = 0.48> <CoreInst = "SparseMux">   --->   Core 147 'SparseMux' <Latency = 0> <II = 1> <Delay = 0.48> <FuncUnit> <Opcode : 'sparsemux'> <InPorts = 2> <OutPorts = 1>
ST_16 : Operation 177 [1/1] (0.00ns)   --->   "%B_0_addr = getelementptr i12 %B_0, i64 0, i64 %zext_ln99" [kyber-mult-kernel-dataflow.cpp:101]   --->   Operation 177 'getelementptr' 'B_0_addr' <Predicate = true> <Delay = 0.00>
ST_16 : Operation 178 [1/1] (0.00ns)   --->   "%B_1_addr = getelementptr i12 %B_1, i64 0, i64 %zext_ln99" [kyber-mult-kernel-dataflow.cpp:101]   --->   Operation 178 'getelementptr' 'B_1_addr' <Predicate = true> <Delay = 0.00>
ST_16 : Operation 179 [1/1] (0.00ns)   --->   "%B_2_addr = getelementptr i12 %B_2, i64 0, i64 %zext_ln99" [kyber-mult-kernel-dataflow.cpp:101]   --->   Operation 179 'getelementptr' 'B_2_addr' <Predicate = true> <Delay = 0.00>
ST_16 : Operation 180 [1/1] (0.00ns)   --->   "%B_3_addr = getelementptr i12 %B_3, i64 0, i64 %zext_ln99" [kyber-mult-kernel-dataflow.cpp:101]   --->   Operation 180 'getelementptr' 'B_3_addr' <Predicate = true> <Delay = 0.00>
ST_16 : Operation 181 [1/1] (0.00ns)   --->   "%B_4_addr = getelementptr i12 %B_4, i64 0, i64 %zext_ln99" [kyber-mult-kernel-dataflow.cpp:101]   --->   Operation 181 'getelementptr' 'B_4_addr' <Predicate = true> <Delay = 0.00>
ST_16 : Operation 182 [1/1] (0.00ns)   --->   "%B_5_addr = getelementptr i12 %B_5, i64 0, i64 %zext_ln99" [kyber-mult-kernel-dataflow.cpp:101]   --->   Operation 182 'getelementptr' 'B_5_addr' <Predicate = true> <Delay = 0.00>
ST_16 : Operation 183 [1/1] (0.00ns)   --->   "%B_6_addr = getelementptr i12 %B_6, i64 0, i64 %zext_ln99" [kyber-mult-kernel-dataflow.cpp:101]   --->   Operation 183 'getelementptr' 'B_6_addr' <Predicate = true> <Delay = 0.00>
ST_16 : Operation 184 [1/1] (0.00ns)   --->   "%B_7_addr = getelementptr i12 %B_7, i64 0, i64 %zext_ln99" [kyber-mult-kernel-dataflow.cpp:101]   --->   Operation 184 'getelementptr' 'B_7_addr' <Predicate = true> <Delay = 0.00>
ST_16 : Operation 185 [1/1] (0.00ns)   --->   "%B_8_addr = getelementptr i12 %B_8, i64 0, i64 %zext_ln99" [kyber-mult-kernel-dataflow.cpp:101]   --->   Operation 185 'getelementptr' 'B_8_addr' <Predicate = true> <Delay = 0.00>
ST_16 : Operation 186 [1/1] (0.00ns)   --->   "%B_9_addr = getelementptr i12 %B_9, i64 0, i64 %zext_ln99" [kyber-mult-kernel-dataflow.cpp:101]   --->   Operation 186 'getelementptr' 'B_9_addr' <Predicate = true> <Delay = 0.00>
ST_16 : Operation 187 [1/1] (0.00ns)   --->   "%B_10_addr = getelementptr i12 %B_10, i64 0, i64 %zext_ln99" [kyber-mult-kernel-dataflow.cpp:101]   --->   Operation 187 'getelementptr' 'B_10_addr' <Predicate = true> <Delay = 0.00>
ST_16 : Operation 188 [1/1] (0.00ns)   --->   "%B_11_addr = getelementptr i12 %B_11, i64 0, i64 %zext_ln99" [kyber-mult-kernel-dataflow.cpp:101]   --->   Operation 188 'getelementptr' 'B_11_addr' <Predicate = true> <Delay = 0.00>
ST_16 : Operation 189 [1/1] (0.00ns)   --->   "%B_12_addr = getelementptr i12 %B_12, i64 0, i64 %zext_ln99" [kyber-mult-kernel-dataflow.cpp:101]   --->   Operation 189 'getelementptr' 'B_12_addr' <Predicate = true> <Delay = 0.00>
ST_16 : Operation 190 [1/1] (0.00ns)   --->   "%B_13_addr = getelementptr i12 %B_13, i64 0, i64 %zext_ln99" [kyber-mult-kernel-dataflow.cpp:101]   --->   Operation 190 'getelementptr' 'B_13_addr' <Predicate = true> <Delay = 0.00>
ST_16 : Operation 191 [1/1] (0.00ns)   --->   "%B_14_addr = getelementptr i12 %B_14, i64 0, i64 %zext_ln99" [kyber-mult-kernel-dataflow.cpp:101]   --->   Operation 191 'getelementptr' 'B_14_addr' <Predicate = true> <Delay = 0.00>
ST_16 : Operation 192 [1/1] (0.00ns)   --->   "%B_15_addr = getelementptr i12 %B_15, i64 0, i64 %zext_ln99" [kyber-mult-kernel-dataflow.cpp:101]   --->   Operation 192 'getelementptr' 'B_15_addr' <Predicate = true> <Delay = 0.00>
ST_16 : Operation 193 [1/2] (0.67ns)   --->   "%tB_load = load i4 %tB_addr" [kyber-mult-kernel-dataflow.cpp:101]   --->   Operation 193 'load' 'tB_load' <Predicate = true> <Delay = 0.67> <CoreInst = "RAM">   --->   Core 83 'RAM' <Latency = 1> <II = 1> <Delay = 0.67> <Storage> <Opcode : 'load' 'store'> <Ports = 2> <Width = 12> <Depth = 16> <RAM>
ST_16 : Operation 194 [1/2] (0.67ns)   --->   "%tB_1_load = load i4 %tB_1_addr" [kyber-mult-kernel-dataflow.cpp:101]   --->   Operation 194 'load' 'tB_1_load' <Predicate = true> <Delay = 0.67> <CoreInst = "RAM">   --->   Core 83 'RAM' <Latency = 1> <II = 1> <Delay = 0.67> <Storage> <Opcode : 'load' 'store'> <Ports = 2> <Width = 12> <Depth = 16> <RAM>
ST_16 : Operation 195 [1/2] (0.67ns)   --->   "%tB_2_load = load i4 %tB_2_addr" [kyber-mult-kernel-dataflow.cpp:101]   --->   Operation 195 'load' 'tB_2_load' <Predicate = true> <Delay = 0.67> <CoreInst = "RAM">   --->   Core 83 'RAM' <Latency = 1> <II = 1> <Delay = 0.67> <Storage> <Opcode : 'load' 'store'> <Ports = 2> <Width = 12> <Depth = 16> <RAM>
ST_16 : Operation 196 [1/2] (0.67ns)   --->   "%tB_3_load = load i4 %tB_3_addr" [kyber-mult-kernel-dataflow.cpp:101]   --->   Operation 196 'load' 'tB_3_load' <Predicate = true> <Delay = 0.67> <CoreInst = "RAM">   --->   Core 83 'RAM' <Latency = 1> <II = 1> <Delay = 0.67> <Storage> <Opcode : 'load' 'store'> <Ports = 2> <Width = 12> <Depth = 16> <RAM>
ST_16 : Operation 197 [1/2] (0.67ns)   --->   "%tB_4_load = load i4 %tB_4_addr" [kyber-mult-kernel-dataflow.cpp:101]   --->   Operation 197 'load' 'tB_4_load' <Predicate = true> <Delay = 0.67> <CoreInst = "RAM">   --->   Core 83 'RAM' <Latency = 1> <II = 1> <Delay = 0.67> <Storage> <Opcode : 'load' 'store'> <Ports = 2> <Width = 12> <Depth = 16> <RAM>
ST_16 : Operation 198 [1/2] (0.67ns)   --->   "%tB_5_load = load i4 %tB_5_addr" [kyber-mult-kernel-dataflow.cpp:101]   --->   Operation 198 'load' 'tB_5_load' <Predicate = true> <Delay = 0.67> <CoreInst = "RAM">   --->   Core 83 'RAM' <Latency = 1> <II = 1> <Delay = 0.67> <Storage> <Opcode : 'load' 'store'> <Ports = 2> <Width = 12> <Depth = 16> <RAM>
ST_16 : Operation 199 [1/2] (0.67ns)   --->   "%tB_6_load = load i4 %tB_6_addr" [kyber-mult-kernel-dataflow.cpp:101]   --->   Operation 199 'load' 'tB_6_load' <Predicate = true> <Delay = 0.67> <CoreInst = "RAM">   --->   Core 83 'RAM' <Latency = 1> <II = 1> <Delay = 0.67> <Storage> <Opcode : 'load' 'store'> <Ports = 2> <Width = 12> <Depth = 16> <RAM>
ST_16 : Operation 200 [1/2] (0.67ns)   --->   "%tB_7_load = load i4 %tB_7_addr" [kyber-mult-kernel-dataflow.cpp:101]   --->   Operation 200 'load' 'tB_7_load' <Predicate = true> <Delay = 0.67> <CoreInst = "RAM">   --->   Core 83 'RAM' <Latency = 1> <II = 1> <Delay = 0.67> <Storage> <Opcode : 'load' 'store'> <Ports = 2> <Width = 12> <Depth = 16> <RAM>
ST_16 : Operation 201 [1/2] (0.67ns)   --->   "%tB_8_load = load i4 %tB_8_addr" [kyber-mult-kernel-dataflow.cpp:101]   --->   Operation 201 'load' 'tB_8_load' <Predicate = true> <Delay = 0.67> <CoreInst = "RAM">   --->   Core 83 'RAM' <Latency = 1> <II = 1> <Delay = 0.67> <Storage> <Opcode : 'load' 'store'> <Ports = 2> <Width = 12> <Depth = 16> <RAM>
ST_16 : Operation 202 [1/2] (0.67ns)   --->   "%tB_9_load = load i4 %tB_9_addr" [kyber-mult-kernel-dataflow.cpp:101]   --->   Operation 202 'load' 'tB_9_load' <Predicate = true> <Delay = 0.67> <CoreInst = "RAM">   --->   Core 83 'RAM' <Latency = 1> <II = 1> <Delay = 0.67> <Storage> <Opcode : 'load' 'store'> <Ports = 2> <Width = 12> <Depth = 16> <RAM>
ST_16 : Operation 203 [1/2] (0.67ns)   --->   "%tB_10_load = load i4 %tB_10_addr" [kyber-mult-kernel-dataflow.cpp:101]   --->   Operation 203 'load' 'tB_10_load' <Predicate = true> <Delay = 0.67> <CoreInst = "RAM">   --->   Core 83 'RAM' <Latency = 1> <II = 1> <Delay = 0.67> <Storage> <Opcode : 'load' 'store'> <Ports = 2> <Width = 12> <Depth = 16> <RAM>
ST_16 : Operation 204 [1/2] (0.67ns)   --->   "%tB_11_load = load i4 %tB_11_addr" [kyber-mult-kernel-dataflow.cpp:101]   --->   Operation 204 'load' 'tB_11_load' <Predicate = true> <Delay = 0.67> <CoreInst = "RAM">   --->   Core 83 'RAM' <Latency = 1> <II = 1> <Delay = 0.67> <Storage> <Opcode : 'load' 'store'> <Ports = 2> <Width = 12> <Depth = 16> <RAM>
ST_16 : Operation 205 [1/2] (0.67ns)   --->   "%tB_12_load = load i4 %tB_12_addr" [kyber-mult-kernel-dataflow.cpp:101]   --->   Operation 205 'load' 'tB_12_load' <Predicate = true> <Delay = 0.67> <CoreInst = "RAM">   --->   Core 83 'RAM' <Latency = 1> <II = 1> <Delay = 0.67> <Storage> <Opcode : 'load' 'store'> <Ports = 2> <Width = 12> <Depth = 16> <RAM>
ST_16 : Operation 206 [1/2] (0.67ns)   --->   "%tB_13_load = load i4 %tB_13_addr" [kyber-mult-kernel-dataflow.cpp:101]   --->   Operation 206 'load' 'tB_13_load' <Predicate = true> <Delay = 0.67> <CoreInst = "RAM">   --->   Core 83 'RAM' <Latency = 1> <II = 1> <Delay = 0.67> <Storage> <Opcode : 'load' 'store'> <Ports = 2> <Width = 12> <Depth = 16> <RAM>
ST_16 : Operation 207 [1/2] (0.67ns)   --->   "%tB_14_load = load i4 %tB_14_addr" [kyber-mult-kernel-dataflow.cpp:101]   --->   Operation 207 'load' 'tB_14_load' <Predicate = true> <Delay = 0.67> <CoreInst = "RAM">   --->   Core 83 'RAM' <Latency = 1> <II = 1> <Delay = 0.67> <Storage> <Opcode : 'load' 'store'> <Ports = 2> <Width = 12> <Depth = 16> <RAM>
ST_16 : Operation 208 [1/2] (0.67ns)   --->   "%tB_15_load = load i4 %tB_15_addr" [kyber-mult-kernel-dataflow.cpp:101]   --->   Operation 208 'load' 'tB_15_load' <Predicate = true> <Delay = 0.67> <CoreInst = "RAM">   --->   Core 83 'RAM' <Latency = 1> <II = 1> <Delay = 0.67> <Storage> <Opcode : 'load' 'store'> <Ports = 2> <Width = 12> <Depth = 16> <RAM>
ST_16 : Operation 209 [1/1] (0.48ns)   --->   "%tmp_s = sparsemux i12 @_ssdm_op_SparseMux.ap_auto.16i12.i12.i4, i4 0, i12 %tB_load, i4 1, i12 %tB_1_load, i4 2, i12 %tB_2_load, i4 3, i12 %tB_3_load, i4 4, i12 %tB_4_load, i4 5, i12 %tB_5_load, i4 6, i12 %tB_6_load, i4 7, i12 %tB_7_load, i4 8, i12 %tB_8_load, i4 9, i12 %tB_9_load, i4 10, i12 %tB_10_load, i4 11, i12 %tB_11_load, i4 12, i12 %tB_12_load, i4 13, i12 %tB_13_load, i4 14, i12 %tB_14_load, i4 15, i12 %tB_15_load, i12 0, i4 %trunc_ln99" [kyber-mult-kernel-dataflow.cpp:101]   --->   Operation 209 'sparsemux' 'tmp_s' <Predicate = true> <Delay = 0.48> <CoreInst = "SparseMux">   --->   Core 147 'SparseMux' <Latency = 0> <II = 1> <Delay = 0.48> <FuncUnit> <Opcode : 'sparsemux'> <InPorts = 2> <OutPorts = 1>
ST_16 : Operation 210 [1/1] (0.67ns)   --->   "%store_ln101 = store i12 %tmp, i4 %A_14_addr" [kyber-mult-kernel-dataflow.cpp:101]   --->   Operation 210 'store' 'store_ln101' <Predicate = (trunc_ln99 == 14)> <Delay = 0.67> <CoreInst = "RAM">   --->   Core 83 'RAM' <Latency = 1> <II = 1> <Delay = 0.67> <Storage> <Opcode : 'load' 'store'> <Ports = 2> <Width = 12> <Depth = 16> <RAM>
ST_16 : Operation 211 [1/1] (0.67ns)   --->   "%store_ln101 = store i12 %tmp_s, i4 %B_14_addr" [kyber-mult-kernel-dataflow.cpp:101]   --->   Operation 211 'store' 'store_ln101' <Predicate = (trunc_ln99 == 14)> <Delay = 0.67> <CoreInst = "RAM">   --->   Core 83 'RAM' <Latency = 1> <II = 1> <Delay = 0.67> <Storage> <Opcode : 'load' 'store'> <Ports = 2> <Width = 12> <Depth = 16> <RAM>
ST_16 : Operation 212 [1/1] (0.00ns)   --->   "%br_ln101 = br void %arrayidx192.exit" [kyber-mult-kernel-dataflow.cpp:101]   --->   Operation 212 'br' 'br_ln101' <Predicate = (trunc_ln99 == 14)> <Delay = 0.00>
ST_16 : Operation 213 [1/1] (0.67ns)   --->   "%store_ln101 = store i12 %tmp, i4 %A_13_addr" [kyber-mult-kernel-dataflow.cpp:101]   --->   Operation 213 'store' 'store_ln101' <Predicate = (trunc_ln99 == 13)> <Delay = 0.67> <CoreInst = "RAM">   --->   Core 83 'RAM' <Latency = 1> <II = 1> <Delay = 0.67> <Storage> <Opcode : 'load' 'store'> <Ports = 2> <Width = 12> <Depth = 16> <RAM>
ST_16 : Operation 214 [1/1] (0.67ns)   --->   "%store_ln101 = store i12 %tmp_s, i4 %B_13_addr" [kyber-mult-kernel-dataflow.cpp:101]   --->   Operation 214 'store' 'store_ln101' <Predicate = (trunc_ln99 == 13)> <Delay = 0.67> <CoreInst = "RAM">   --->   Core 83 'RAM' <Latency = 1> <II = 1> <Delay = 0.67> <Storage> <Opcode : 'load' 'store'> <Ports = 2> <Width = 12> <Depth = 16> <RAM>
ST_16 : Operation 215 [1/1] (0.00ns)   --->   "%br_ln101 = br void %arrayidx192.exit" [kyber-mult-kernel-dataflow.cpp:101]   --->   Operation 215 'br' 'br_ln101' <Predicate = (trunc_ln99 == 13)> <Delay = 0.00>
ST_16 : Operation 216 [1/1] (0.67ns)   --->   "%store_ln101 = store i12 %tmp, i4 %A_12_addr" [kyber-mult-kernel-dataflow.cpp:101]   --->   Operation 216 'store' 'store_ln101' <Predicate = (trunc_ln99 == 12)> <Delay = 0.67> <CoreInst = "RAM">   --->   Core 83 'RAM' <Latency = 1> <II = 1> <Delay = 0.67> <Storage> <Opcode : 'load' 'store'> <Ports = 2> <Width = 12> <Depth = 16> <RAM>
ST_16 : Operation 217 [1/1] (0.67ns)   --->   "%store_ln101 = store i12 %tmp_s, i4 %B_12_addr" [kyber-mult-kernel-dataflow.cpp:101]   --->   Operation 217 'store' 'store_ln101' <Predicate = (trunc_ln99 == 12)> <Delay = 0.67> <CoreInst = "RAM">   --->   Core 83 'RAM' <Latency = 1> <II = 1> <Delay = 0.67> <Storage> <Opcode : 'load' 'store'> <Ports = 2> <Width = 12> <Depth = 16> <RAM>
ST_16 : Operation 218 [1/1] (0.00ns)   --->   "%br_ln101 = br void %arrayidx192.exit" [kyber-mult-kernel-dataflow.cpp:101]   --->   Operation 218 'br' 'br_ln101' <Predicate = (trunc_ln99 == 12)> <Delay = 0.00>
ST_16 : Operation 219 [1/1] (0.67ns)   --->   "%store_ln101 = store i12 %tmp, i4 %A_11_addr" [kyber-mult-kernel-dataflow.cpp:101]   --->   Operation 219 'store' 'store_ln101' <Predicate = (trunc_ln99 == 11)> <Delay = 0.67> <CoreInst = "RAM">   --->   Core 83 'RAM' <Latency = 1> <II = 1> <Delay = 0.67> <Storage> <Opcode : 'load' 'store'> <Ports = 2> <Width = 12> <Depth = 16> <RAM>
ST_16 : Operation 220 [1/1] (0.67ns)   --->   "%store_ln101 = store i12 %tmp_s, i4 %B_11_addr" [kyber-mult-kernel-dataflow.cpp:101]   --->   Operation 220 'store' 'store_ln101' <Predicate = (trunc_ln99 == 11)> <Delay = 0.67> <CoreInst = "RAM">   --->   Core 83 'RAM' <Latency = 1> <II = 1> <Delay = 0.67> <Storage> <Opcode : 'load' 'store'> <Ports = 2> <Width = 12> <Depth = 16> <RAM>
ST_16 : Operation 221 [1/1] (0.00ns)   --->   "%br_ln101 = br void %arrayidx192.exit" [kyber-mult-kernel-dataflow.cpp:101]   --->   Operation 221 'br' 'br_ln101' <Predicate = (trunc_ln99 == 11)> <Delay = 0.00>
ST_16 : Operation 222 [1/1] (0.67ns)   --->   "%store_ln101 = store i12 %tmp, i4 %A_10_addr" [kyber-mult-kernel-dataflow.cpp:101]   --->   Operation 222 'store' 'store_ln101' <Predicate = (trunc_ln99 == 10)> <Delay = 0.67> <CoreInst = "RAM">   --->   Core 83 'RAM' <Latency = 1> <II = 1> <Delay = 0.67> <Storage> <Opcode : 'load' 'store'> <Ports = 2> <Width = 12> <Depth = 16> <RAM>
ST_16 : Operation 223 [1/1] (0.67ns)   --->   "%store_ln101 = store i12 %tmp_s, i4 %B_10_addr" [kyber-mult-kernel-dataflow.cpp:101]   --->   Operation 223 'store' 'store_ln101' <Predicate = (trunc_ln99 == 10)> <Delay = 0.67> <CoreInst = "RAM">   --->   Core 83 'RAM' <Latency = 1> <II = 1> <Delay = 0.67> <Storage> <Opcode : 'load' 'store'> <Ports = 2> <Width = 12> <Depth = 16> <RAM>
ST_16 : Operation 224 [1/1] (0.00ns)   --->   "%br_ln101 = br void %arrayidx192.exit" [kyber-mult-kernel-dataflow.cpp:101]   --->   Operation 224 'br' 'br_ln101' <Predicate = (trunc_ln99 == 10)> <Delay = 0.00>
ST_16 : Operation 225 [1/1] (0.67ns)   --->   "%store_ln101 = store i12 %tmp, i4 %A_9_addr" [kyber-mult-kernel-dataflow.cpp:101]   --->   Operation 225 'store' 'store_ln101' <Predicate = (trunc_ln99 == 9)> <Delay = 0.67> <CoreInst = "RAM">   --->   Core 83 'RAM' <Latency = 1> <II = 1> <Delay = 0.67> <Storage> <Opcode : 'load' 'store'> <Ports = 2> <Width = 12> <Depth = 16> <RAM>
ST_16 : Operation 226 [1/1] (0.67ns)   --->   "%store_ln101 = store i12 %tmp_s, i4 %B_9_addr" [kyber-mult-kernel-dataflow.cpp:101]   --->   Operation 226 'store' 'store_ln101' <Predicate = (trunc_ln99 == 9)> <Delay = 0.67> <CoreInst = "RAM">   --->   Core 83 'RAM' <Latency = 1> <II = 1> <Delay = 0.67> <Storage> <Opcode : 'load' 'store'> <Ports = 2> <Width = 12> <Depth = 16> <RAM>
ST_16 : Operation 227 [1/1] (0.00ns)   --->   "%br_ln101 = br void %arrayidx192.exit" [kyber-mult-kernel-dataflow.cpp:101]   --->   Operation 227 'br' 'br_ln101' <Predicate = (trunc_ln99 == 9)> <Delay = 0.00>
ST_16 : Operation 228 [1/1] (0.67ns)   --->   "%store_ln101 = store i12 %tmp, i4 %A_8_addr" [kyber-mult-kernel-dataflow.cpp:101]   --->   Operation 228 'store' 'store_ln101' <Predicate = (trunc_ln99 == 8)> <Delay = 0.67> <CoreInst = "RAM">   --->   Core 83 'RAM' <Latency = 1> <II = 1> <Delay = 0.67> <Storage> <Opcode : 'load' 'store'> <Ports = 2> <Width = 12> <Depth = 16> <RAM>
ST_16 : Operation 229 [1/1] (0.67ns)   --->   "%store_ln101 = store i12 %tmp_s, i4 %B_8_addr" [kyber-mult-kernel-dataflow.cpp:101]   --->   Operation 229 'store' 'store_ln101' <Predicate = (trunc_ln99 == 8)> <Delay = 0.67> <CoreInst = "RAM">   --->   Core 83 'RAM' <Latency = 1> <II = 1> <Delay = 0.67> <Storage> <Opcode : 'load' 'store'> <Ports = 2> <Width = 12> <Depth = 16> <RAM>
ST_16 : Operation 230 [1/1] (0.00ns)   --->   "%br_ln101 = br void %arrayidx192.exit" [kyber-mult-kernel-dataflow.cpp:101]   --->   Operation 230 'br' 'br_ln101' <Predicate = (trunc_ln99 == 8)> <Delay = 0.00>
ST_16 : Operation 231 [1/1] (0.67ns)   --->   "%store_ln101 = store i12 %tmp, i4 %A_7_addr" [kyber-mult-kernel-dataflow.cpp:101]   --->   Operation 231 'store' 'store_ln101' <Predicate = (trunc_ln99 == 7)> <Delay = 0.67> <CoreInst = "RAM">   --->   Core 83 'RAM' <Latency = 1> <II = 1> <Delay = 0.67> <Storage> <Opcode : 'load' 'store'> <Ports = 2> <Width = 12> <Depth = 16> <RAM>
ST_16 : Operation 232 [1/1] (0.67ns)   --->   "%store_ln101 = store i12 %tmp_s, i4 %B_7_addr" [kyber-mult-kernel-dataflow.cpp:101]   --->   Operation 232 'store' 'store_ln101' <Predicate = (trunc_ln99 == 7)> <Delay = 0.67> <CoreInst = "RAM">   --->   Core 83 'RAM' <Latency = 1> <II = 1> <Delay = 0.67> <Storage> <Opcode : 'load' 'store'> <Ports = 2> <Width = 12> <Depth = 16> <RAM>
ST_16 : Operation 233 [1/1] (0.00ns)   --->   "%br_ln101 = br void %arrayidx192.exit" [kyber-mult-kernel-dataflow.cpp:101]   --->   Operation 233 'br' 'br_ln101' <Predicate = (trunc_ln99 == 7)> <Delay = 0.00>
ST_16 : Operation 234 [1/1] (0.67ns)   --->   "%store_ln101 = store i12 %tmp, i4 %A_6_addr" [kyber-mult-kernel-dataflow.cpp:101]   --->   Operation 234 'store' 'store_ln101' <Predicate = (trunc_ln99 == 6)> <Delay = 0.67> <CoreInst = "RAM">   --->   Core 83 'RAM' <Latency = 1> <II = 1> <Delay = 0.67> <Storage> <Opcode : 'load' 'store'> <Ports = 2> <Width = 12> <Depth = 16> <RAM>
ST_16 : Operation 235 [1/1] (0.67ns)   --->   "%store_ln101 = store i12 %tmp_s, i4 %B_6_addr" [kyber-mult-kernel-dataflow.cpp:101]   --->   Operation 235 'store' 'store_ln101' <Predicate = (trunc_ln99 == 6)> <Delay = 0.67> <CoreInst = "RAM">   --->   Core 83 'RAM' <Latency = 1> <II = 1> <Delay = 0.67> <Storage> <Opcode : 'load' 'store'> <Ports = 2> <Width = 12> <Depth = 16> <RAM>
ST_16 : Operation 236 [1/1] (0.00ns)   --->   "%br_ln101 = br void %arrayidx192.exit" [kyber-mult-kernel-dataflow.cpp:101]   --->   Operation 236 'br' 'br_ln101' <Predicate = (trunc_ln99 == 6)> <Delay = 0.00>
ST_16 : Operation 237 [1/1] (0.67ns)   --->   "%store_ln101 = store i12 %tmp, i4 %A_5_addr" [kyber-mult-kernel-dataflow.cpp:101]   --->   Operation 237 'store' 'store_ln101' <Predicate = (trunc_ln99 == 5)> <Delay = 0.67> <CoreInst = "RAM">   --->   Core 83 'RAM' <Latency = 1> <II = 1> <Delay = 0.67> <Storage> <Opcode : 'load' 'store'> <Ports = 2> <Width = 12> <Depth = 16> <RAM>
ST_16 : Operation 238 [1/1] (0.67ns)   --->   "%store_ln101 = store i12 %tmp_s, i4 %B_5_addr" [kyber-mult-kernel-dataflow.cpp:101]   --->   Operation 238 'store' 'store_ln101' <Predicate = (trunc_ln99 == 5)> <Delay = 0.67> <CoreInst = "RAM">   --->   Core 83 'RAM' <Latency = 1> <II = 1> <Delay = 0.67> <Storage> <Opcode : 'load' 'store'> <Ports = 2> <Width = 12> <Depth = 16> <RAM>
ST_16 : Operation 239 [1/1] (0.00ns)   --->   "%br_ln101 = br void %arrayidx192.exit" [kyber-mult-kernel-dataflow.cpp:101]   --->   Operation 239 'br' 'br_ln101' <Predicate = (trunc_ln99 == 5)> <Delay = 0.00>
ST_16 : Operation 240 [1/1] (0.67ns)   --->   "%store_ln101 = store i12 %tmp, i4 %A_4_addr" [kyber-mult-kernel-dataflow.cpp:101]   --->   Operation 240 'store' 'store_ln101' <Predicate = (trunc_ln99 == 4)> <Delay = 0.67> <CoreInst = "RAM">   --->   Core 83 'RAM' <Latency = 1> <II = 1> <Delay = 0.67> <Storage> <Opcode : 'load' 'store'> <Ports = 2> <Width = 12> <Depth = 16> <RAM>
ST_16 : Operation 241 [1/1] (0.67ns)   --->   "%store_ln101 = store i12 %tmp_s, i4 %B_4_addr" [kyber-mult-kernel-dataflow.cpp:101]   --->   Operation 241 'store' 'store_ln101' <Predicate = (trunc_ln99 == 4)> <Delay = 0.67> <CoreInst = "RAM">   --->   Core 83 'RAM' <Latency = 1> <II = 1> <Delay = 0.67> <Storage> <Opcode : 'load' 'store'> <Ports = 2> <Width = 12> <Depth = 16> <RAM>
ST_16 : Operation 242 [1/1] (0.00ns)   --->   "%br_ln101 = br void %arrayidx192.exit" [kyber-mult-kernel-dataflow.cpp:101]   --->   Operation 242 'br' 'br_ln101' <Predicate = (trunc_ln99 == 4)> <Delay = 0.00>
ST_16 : Operation 243 [1/1] (0.67ns)   --->   "%store_ln101 = store i12 %tmp, i4 %A_3_addr" [kyber-mult-kernel-dataflow.cpp:101]   --->   Operation 243 'store' 'store_ln101' <Predicate = (trunc_ln99 == 3)> <Delay = 0.67> <CoreInst = "RAM">   --->   Core 83 'RAM' <Latency = 1> <II = 1> <Delay = 0.67> <Storage> <Opcode : 'load' 'store'> <Ports = 2> <Width = 12> <Depth = 16> <RAM>
ST_16 : Operation 244 [1/1] (0.67ns)   --->   "%store_ln101 = store i12 %tmp_s, i4 %B_3_addr" [kyber-mult-kernel-dataflow.cpp:101]   --->   Operation 244 'store' 'store_ln101' <Predicate = (trunc_ln99 == 3)> <Delay = 0.67> <CoreInst = "RAM">   --->   Core 83 'RAM' <Latency = 1> <II = 1> <Delay = 0.67> <Storage> <Opcode : 'load' 'store'> <Ports = 2> <Width = 12> <Depth = 16> <RAM>
ST_16 : Operation 245 [1/1] (0.00ns)   --->   "%br_ln101 = br void %arrayidx192.exit" [kyber-mult-kernel-dataflow.cpp:101]   --->   Operation 245 'br' 'br_ln101' <Predicate = (trunc_ln99 == 3)> <Delay = 0.00>
ST_16 : Operation 246 [1/1] (0.67ns)   --->   "%store_ln101 = store i12 %tmp, i4 %A_2_addr" [kyber-mult-kernel-dataflow.cpp:101]   --->   Operation 246 'store' 'store_ln101' <Predicate = (trunc_ln99 == 2)> <Delay = 0.67> <CoreInst = "RAM">   --->   Core 83 'RAM' <Latency = 1> <II = 1> <Delay = 0.67> <Storage> <Opcode : 'load' 'store'> <Ports = 2> <Width = 12> <Depth = 16> <RAM>
ST_16 : Operation 247 [1/1] (0.67ns)   --->   "%store_ln101 = store i12 %tmp_s, i4 %B_2_addr" [kyber-mult-kernel-dataflow.cpp:101]   --->   Operation 247 'store' 'store_ln101' <Predicate = (trunc_ln99 == 2)> <Delay = 0.67> <CoreInst = "RAM">   --->   Core 83 'RAM' <Latency = 1> <II = 1> <Delay = 0.67> <Storage> <Opcode : 'load' 'store'> <Ports = 2> <Width = 12> <Depth = 16> <RAM>
ST_16 : Operation 248 [1/1] (0.00ns)   --->   "%br_ln101 = br void %arrayidx192.exit" [kyber-mult-kernel-dataflow.cpp:101]   --->   Operation 248 'br' 'br_ln101' <Predicate = (trunc_ln99 == 2)> <Delay = 0.00>
ST_16 : Operation 249 [1/1] (0.67ns)   --->   "%store_ln101 = store i12 %tmp, i4 %A_1_addr" [kyber-mult-kernel-dataflow.cpp:101]   --->   Operation 249 'store' 'store_ln101' <Predicate = (trunc_ln99 == 1)> <Delay = 0.67> <CoreInst = "RAM">   --->   Core 83 'RAM' <Latency = 1> <II = 1> <Delay = 0.67> <Storage> <Opcode : 'load' 'store'> <Ports = 2> <Width = 12> <Depth = 16> <RAM>
ST_16 : Operation 250 [1/1] (0.67ns)   --->   "%store_ln101 = store i12 %tmp_s, i4 %B_1_addr" [kyber-mult-kernel-dataflow.cpp:101]   --->   Operation 250 'store' 'store_ln101' <Predicate = (trunc_ln99 == 1)> <Delay = 0.67> <CoreInst = "RAM">   --->   Core 83 'RAM' <Latency = 1> <II = 1> <Delay = 0.67> <Storage> <Opcode : 'load' 'store'> <Ports = 2> <Width = 12> <Depth = 16> <RAM>
ST_16 : Operation 251 [1/1] (0.00ns)   --->   "%br_ln101 = br void %arrayidx192.exit" [kyber-mult-kernel-dataflow.cpp:101]   --->   Operation 251 'br' 'br_ln101' <Predicate = (trunc_ln99 == 1)> <Delay = 0.00>
ST_16 : Operation 252 [1/1] (0.67ns)   --->   "%store_ln101 = store i12 %tmp, i4 %A_0_addr" [kyber-mult-kernel-dataflow.cpp:101]   --->   Operation 252 'store' 'store_ln101' <Predicate = (trunc_ln99 == 0)> <Delay = 0.67> <CoreInst = "RAM">   --->   Core 83 'RAM' <Latency = 1> <II = 1> <Delay = 0.67> <Storage> <Opcode : 'load' 'store'> <Ports = 2> <Width = 12> <Depth = 16> <RAM>
ST_16 : Operation 253 [1/1] (0.67ns)   --->   "%store_ln101 = store i12 %tmp_s, i4 %B_0_addr" [kyber-mult-kernel-dataflow.cpp:101]   --->   Operation 253 'store' 'store_ln101' <Predicate = (trunc_ln99 == 0)> <Delay = 0.67> <CoreInst = "RAM">   --->   Core 83 'RAM' <Latency = 1> <II = 1> <Delay = 0.67> <Storage> <Opcode : 'load' 'store'> <Ports = 2> <Width = 12> <Depth = 16> <RAM>
ST_16 : Operation 254 [1/1] (0.00ns)   --->   "%br_ln101 = br void %arrayidx192.exit" [kyber-mult-kernel-dataflow.cpp:101]   --->   Operation 254 'br' 'br_ln101' <Predicate = (trunc_ln99 == 0)> <Delay = 0.00>
ST_16 : Operation 255 [1/1] (0.67ns)   --->   "%store_ln101 = store i12 %tmp, i4 %A_15_addr" [kyber-mult-kernel-dataflow.cpp:101]   --->   Operation 255 'store' 'store_ln101' <Predicate = (trunc_ln99 == 15)> <Delay = 0.67> <CoreInst = "RAM">   --->   Core 83 'RAM' <Latency = 1> <II = 1> <Delay = 0.67> <Storage> <Opcode : 'load' 'store'> <Ports = 2> <Width = 12> <Depth = 16> <RAM>
ST_16 : Operation 256 [1/1] (0.67ns)   --->   "%store_ln101 = store i12 %tmp_s, i4 %B_15_addr" [kyber-mult-kernel-dataflow.cpp:101]   --->   Operation 256 'store' 'store_ln101' <Predicate = (trunc_ln99 == 15)> <Delay = 0.67> <CoreInst = "RAM">   --->   Core 83 'RAM' <Latency = 1> <II = 1> <Delay = 0.67> <Storage> <Opcode : 'load' 'store'> <Ports = 2> <Width = 12> <Depth = 16> <RAM>
ST_16 : Operation 257 [1/1] (0.00ns)   --->   "%br_ln101 = br void %arrayidx192.exit" [kyber-mult-kernel-dataflow.cpp:101]   --->   Operation 257 'br' 'br_ln101' <Predicate = (trunc_ln99 == 15)> <Delay = 0.00>

State 17 <SV = 15> <Delay = 0.00>
ST_17 : Operation 258 [1/1] (0.00ns)   --->   "%ret_ln103 = ret" [kyber-mult-kernel-dataflow.cpp:103]   --->   Operation 258 'ret' 'ret_ln103' <Predicate = true> <Delay = 0.00>


============================================================
+ Verbose Summary: Timing violations
============================================================
Target clock period: 10.000ns, clock uncertainty: 2.700ns.

 <State 1>: 0.427ns
The critical path consists of the following:
	'alloca' operation 9 bit ('i', kyber-mult-kernel-dataflow.cpp:99) [89]  (0.000 ns)
	'store' operation 0 bit ('store_ln99', kyber-mult-kernel-dataflow.cpp:99) of constant 0 on local variable 'i', kyber-mult-kernel-dataflow.cpp:99 [129]  (0.427 ns)

 <State 2>: 0.000ns
The critical path consists of the following:

 <State 3>: 0.000ns
The critical path consists of the following:

 <State 4>: 0.000ns
The critical path consists of the following:

 <State 5>: 0.000ns
The critical path consists of the following:

 <State 6>: 0.000ns
The critical path consists of the following:

 <State 7>: 0.000ns
The critical path consists of the following:

 <State 8>: 0.000ns
The critical path consists of the following:

 <State 9>: 0.000ns
The critical path consists of the following:

 <State 10>: 0.000ns
The critical path consists of the following:

 <State 11>: 0.000ns
The critical path consists of the following:

 <State 12>: 0.000ns
The critical path consists of the following:

 <State 13>: 0.000ns
The critical path consists of the following:

 <State 14>: 0.000ns
The critical path consists of the following:

 <State 15>: 1.203ns
The critical path consists of the following:
	'load' operation 9 bit ('i', kyber-mult-kernel-dataflow.cpp:99) on local variable 'i', kyber-mult-kernel-dataflow.cpp:99 [132]  (0.000 ns)
	'icmp' operation 1 bit ('icmp_ln99', kyber-mult-kernel-dataflow.cpp:99) [133]  (0.776 ns)
	'store' operation 0 bit ('store_ln99', kyber-mult-kernel-dataflow.cpp:99) of variable 'add_ln99', kyber-mult-kernel-dataflow.cpp:99 on local variable 'i', kyber-mult-kernel-dataflow.cpp:99 [307]  (0.427 ns)

 <State 16>: 1.843ns
The critical path consists of the following:
	'load' operation 12 bit ('tA_load', kyber-mult-kernel-dataflow.cpp:101) on array 'tA', kyber-mult-kernel-dataflow.cpp:92 [175]  (0.677 ns)
	'sparsemux' operation 12 bit ('tmp', kyber-mult-kernel-dataflow.cpp:101) [191]  (0.489 ns)
	'store' operation 0 bit ('store_ln101', kyber-mult-kernel-dataflow.cpp:101) of variable 'tmp', kyber-mult-kernel-dataflow.cpp:101 on array 'A_3' [287]  (0.677 ns)

 <State 17>: 0.000ns
The critical path consists of the following:


============================================================
+ Verbose Summary: Binding
============================================================
N/A
* FSMD analyzer results:
  - Output states:
 - Input state : 
  - Chain level:
	State 1
	State 2
	State 3
	State 4
	State 5
	State 6
	State 7
	State 8
	State 9
	State 10
	State 11
	State 12
	State 13
	State 14
	State 15
	State 16
	State 17


============================================================
+ Verbose Summary: Datapath Resource usage 
============================================================
N/A
