

================================================================
== Vitis HLS Report for 'fwd_all'
================================================================
* Date:           Thu Jun 11 23:16:39 2026

* Version:        2023.2 (Build 4023990 on Oct 11 2023)
* Project:        ntt_kyber
* Solution:       solution1 (Vivado IP Flow Target)
* Product family: zynquplus
* Target device:  xck26-sfvc784-2LV-c


================================================================
== Performance Estimates
================================================================
+ Timing: 
    * Summary: 
    +--------+----------+----------+------------+
    |  Clock |  Target  | Estimated| Uncertainty|
    +--------+----------+----------+------------+
    |ap_clk  |  10.00 ns|  6.247 ns|     2.70 ns|
    +--------+----------+----------+------------+

+ Latency: 
    * Summary: 
    +---------+---------+----------+-----------+-----+------+---------+
    |  Latency (cycles) |  Latency (absolute)  |  Interval  | Pipeline|
    |   min   |   max   |    min   |    max    | min |  max |   Type  |
    +---------+---------+----------+-----------+-----+------+---------+
    |      486|     7761|  4.860 us|  77.610 us|  486|  7761|       no|
    +---------+---------+----------+-----------+-----+------+---------+

    + Detail: 
        * Instance: 
        N/A

        * Loop: 
        +----------+---------+---------+----------+-----------+-----------+--------+----------+
        |          |  Latency (cycles) | Iteration|  Initiation Interval  |  Trip  |          |
        | Loop Name|   min   |   max   |  Latency |  achieved |   target  |  Count | Pipelined|
        +----------+---------+---------+----------+-----------+-----------+--------+----------+
        |- FW_BLK  |      485|     7760|       485|          -|          -|  1 ~ 16|        no|
        +----------+---------+---------+----------+-----------+-----------+--------+----------+

============================================================
+ Verbose Summary: Synthesis Manager
============================================================
InlineROM: 1
ExposeGlobal: 0
============================================================
+ Verbose Summary: CDFG Model
============================================================
IsTopModel: 0
ResetActiveHigh: 1
IsCombinational: 2
IsDatapathOnly: 0
HasWiredReturn: 1
HasMFsm: 0
HasVarLatency: 1
IsPipeline: 0
IsRtlPipelined: 0
IsInstanceOverlapped: 0
IsDontTouch: 0
HasImplIP: 0
IsGatedGlobalClock: 0


============================================================
+ Verbose Summary: Schedule
============================================================
* Number of FSM states : 7
* Pipeline : 0
* Dataflow Pipeline: 0

* FSM state transitions: 
1 --> 2 
2 --> 3 
3 --> 4 
4 --> 5 
5 --> 6 
6 --> 7 
7 --> 2 

* FSM state operations: 

State 1 <SV = 0> <Delay = 3.67>
ST_1 : Operation 8 [1/1] (0.00ns)   --->   "%blk = alloca i32 1"   --->   Operation 8 'alloca' 'blk' <Predicate = true> <Delay = 0.00>
ST_1 : Operation 9 [1/1] (0.00ns)   --->   "%specinterface_ln0 = specinterface void @_ssdm_op_SpecInterface, i32 %batch, void @ap_fifo_str, i32 0, i32 0, void @p_str, i32 0, i32 0, void @p_str, void @p_str, void @p_str, i32 2, i32 2, i32 16, i32 16, void @p_str, void @ScalarProp_str, i32 4294967295, i32 0"   --->   Operation 9 'specinterface' 'specinterface_ln0' <Predicate = true> <Delay = 0.00>
ST_1 : Operation 10 [1/1] (1.83ns)   --->   "%batch_3 = read i32 @_ssdm_op_Read.ap_fifo.i32P0A, i32 %batch"   --->   Operation 10 'read' 'batch_3' <Predicate = true> <Delay = 1.83> <CoreInst = "FIFO_SRL">   --->   Core 81 'FIFO_SRL' <Latency = 0> <II = 1> <Delay = 1.83> <Storage> <Opcode : 'read' 'write' 'nbread' 'nbwrite'> <Ports = 0> <Width = 32> <Depth = 2> <FIFO>
ST_1 : Operation 11 [1/1] (0.00ns)   --->   "%specinterface_ln0 = specinterface void @_ssdm_op_SpecInterface, i32 %batch_size_c14, void @ap_fifo_str, i32 0, i32 0, void @p_str, i32 0, i32 0, void @p_str, void @p_str, void @p_str, i32 2, i32 2, i32 16, i32 16, void @p_str, void @ScalarProp_str, i32 4294967295, i32 0"   --->   Operation 11 'specinterface' 'specinterface_ln0' <Predicate = true> <Delay = 0.00>
ST_1 : Operation 12 [1/1] (1.83ns)   --->   "%write_ln0 = write void @_ssdm_op_Write.ap_fifo.i32P0A, i32 %batch_size_c14, i32 %batch_3"   --->   Operation 12 'write' 'write_ln0' <Predicate = true> <Delay = 1.83> <CoreInst = "FIFO_SRL">   --->   Core 81 'FIFO_SRL' <Latency = 0> <II = 1> <Delay = 1.83> <Storage> <Opcode : 'read' 'write' 'nbread' 'nbwrite'> <Ports = 0> <Width = 32> <Depth = 2> <FIFO>
ST_1 : Operation 13 [1/1] (0.00ns)   --->   "%specinterface_ln0 = specinterface void @_ssdm_op_SpecInterface, i192 %sB1, void @empty_163, i32 0, i32 0, void @empty_246, i32 0, i32 0, void @empty_246, void @empty_246, void @empty_246, i32 0, i32 0, i32 0, i32 0, void @empty_246, void @empty_246, i32 4294967295, i32 0"   --->   Operation 13 'specinterface' 'specinterface_ln0' <Predicate = true> <Delay = 0.00>
ST_1 : Operation 14 [1/1] (0.00ns)   --->   "%specinterface_ln0 = specinterface void @_ssdm_op_SpecInterface, i192 %sA1, void @empty_163, i32 0, i32 0, void @empty_246, i32 0, i32 0, void @empty_246, void @empty_246, void @empty_246, i32 0, i32 0, i32 0, i32 0, void @empty_246, void @empty_246, i32 4294967295, i32 0"   --->   Operation 14 'specinterface' 'specinterface_ln0' <Predicate = true> <Delay = 0.00>
ST_1 : Operation 15 [1/1] (0.00ns)   --->   "%specinterface_ln0 = specinterface void @_ssdm_op_SpecInterface, i192 %sB0, void @empty_163, i32 0, i32 0, void @empty_246, i32 0, i32 0, void @empty_246, void @empty_246, void @empty_246, i32 0, i32 0, i32 0, i32 0, void @empty_246, void @empty_246, i32 4294967295, i32 0"   --->   Operation 15 'specinterface' 'specinterface_ln0' <Predicate = true> <Delay = 0.00>
ST_1 : Operation 16 [1/1] (0.00ns)   --->   "%specinterface_ln0 = specinterface void @_ssdm_op_SpecInterface, i192 %sA0, void @empty_163, i32 0, i32 0, void @empty_246, i32 0, i32 0, void @empty_246, void @empty_246, void @empty_246, i32 0, i32 0, i32 0, i32 0, void @empty_246, void @empty_246, i32 4294967295, i32 0"   --->   Operation 16 'specinterface' 'specinterface_ln0' <Predicate = true> <Delay = 0.00>
ST_1 : Operation 17 [1/1] (0.00ns)   --->   "%A = alloca i64 1" [kyber-mult-kernel-dataflow.cpp:184]   --->   Operation 17 'alloca' 'A' <Predicate = true> <Delay = 0.00>
ST_1 : Operation 18 [1/1] (0.00ns)   --->   "%A_1 = alloca i64 1" [kyber-mult-kernel-dataflow.cpp:184]   --->   Operation 18 'alloca' 'A_1' <Predicate = true> <Delay = 0.00>
ST_1 : Operation 19 [1/1] (0.00ns)   --->   "%A_2 = alloca i64 1" [kyber-mult-kernel-dataflow.cpp:184]   --->   Operation 19 'alloca' 'A_2' <Predicate = true> <Delay = 0.00>
ST_1 : Operation 20 [1/1] (0.00ns)   --->   "%A_3 = alloca i64 1" [kyber-mult-kernel-dataflow.cpp:184]   --->   Operation 20 'alloca' 'A_3' <Predicate = true> <Delay = 0.00>
ST_1 : Operation 21 [1/1] (0.00ns)   --->   "%A_4 = alloca i64 1" [kyber-mult-kernel-dataflow.cpp:184]   --->   Operation 21 'alloca' 'A_4' <Predicate = true> <Delay = 0.00>
ST_1 : Operation 22 [1/1] (0.00ns)   --->   "%A_5 = alloca i64 1" [kyber-mult-kernel-dataflow.cpp:184]   --->   Operation 22 'alloca' 'A_5' <Predicate = true> <Delay = 0.00>
ST_1 : Operation 23 [1/1] (0.00ns)   --->   "%A_6 = alloca i64 1" [kyber-mult-kernel-dataflow.cpp:184]   --->   Operation 23 'alloca' 'A_6' <Predicate = true> <Delay = 0.00>
ST_1 : Operation 24 [1/1] (0.00ns)   --->   "%A_7 = alloca i64 1" [kyber-mult-kernel-dataflow.cpp:184]   --->   Operation 24 'alloca' 'A_7' <Predicate = true> <Delay = 0.00>
ST_1 : Operation 25 [1/1] (0.00ns)   --->   "%A_8 = alloca i64 1" [kyber-mult-kernel-dataflow.cpp:184]   --->   Operation 25 'alloca' 'A_8' <Predicate = true> <Delay = 0.00>
ST_1 : Operation 26 [1/1] (0.00ns)   --->   "%A_9 = alloca i64 1" [kyber-mult-kernel-dataflow.cpp:184]   --->   Operation 26 'alloca' 'A_9' <Predicate = true> <Delay = 0.00>
ST_1 : Operation 27 [1/1] (0.00ns)   --->   "%A_10 = alloca i64 1" [kyber-mult-kernel-dataflow.cpp:184]   --->   Operation 27 'alloca' 'A_10' <Predicate = true> <Delay = 0.00>
ST_1 : Operation 28 [1/1] (0.00ns)   --->   "%A_11 = alloca i64 1" [kyber-mult-kernel-dataflow.cpp:184]   --->   Operation 28 'alloca' 'A_11' <Predicate = true> <Delay = 0.00>
ST_1 : Operation 29 [1/1] (0.00ns)   --->   "%A_12 = alloca i64 1" [kyber-mult-kernel-dataflow.cpp:184]   --->   Operation 29 'alloca' 'A_12' <Predicate = true> <Delay = 0.00>
ST_1 : Operation 30 [1/1] (0.00ns)   --->   "%A_13 = alloca i64 1" [kyber-mult-kernel-dataflow.cpp:184]   --->   Operation 30 'alloca' 'A_13' <Predicate = true> <Delay = 0.00>
ST_1 : Operation 31 [1/1] (0.00ns)   --->   "%A_14 = alloca i64 1" [kyber-mult-kernel-dataflow.cpp:184]   --->   Operation 31 'alloca' 'A_14' <Predicate = true> <Delay = 0.00>
ST_1 : Operation 32 [1/1] (0.00ns)   --->   "%A_15 = alloca i64 1" [kyber-mult-kernel-dataflow.cpp:184]   --->   Operation 32 'alloca' 'A_15' <Predicate = true> <Delay = 0.00>
ST_1 : Operation 33 [1/1] (0.00ns)   --->   "%B = alloca i64 1" [kyber-mult-kernel-dataflow.cpp:184]   --->   Operation 33 'alloca' 'B' <Predicate = true> <Delay = 0.00>
ST_1 : Operation 34 [1/1] (0.00ns)   --->   "%B_1 = alloca i64 1" [kyber-mult-kernel-dataflow.cpp:184]   --->   Operation 34 'alloca' 'B_1' <Predicate = true> <Delay = 0.00>
ST_1 : Operation 35 [1/1] (0.00ns)   --->   "%B_2 = alloca i64 1" [kyber-mult-kernel-dataflow.cpp:184]   --->   Operation 35 'alloca' 'B_2' <Predicate = true> <Delay = 0.00>
ST_1 : Operation 36 [1/1] (0.00ns)   --->   "%B_3 = alloca i64 1" [kyber-mult-kernel-dataflow.cpp:184]   --->   Operation 36 'alloca' 'B_3' <Predicate = true> <Delay = 0.00>
ST_1 : Operation 37 [1/1] (0.00ns)   --->   "%B_4 = alloca i64 1" [kyber-mult-kernel-dataflow.cpp:184]   --->   Operation 37 'alloca' 'B_4' <Predicate = true> <Delay = 0.00>
ST_1 : Operation 38 [1/1] (0.00ns)   --->   "%B_5 = alloca i64 1" [kyber-mult-kernel-dataflow.cpp:184]   --->   Operation 38 'alloca' 'B_5' <Predicate = true> <Delay = 0.00>
ST_1 : Operation 39 [1/1] (0.00ns)   --->   "%B_6 = alloca i64 1" [kyber-mult-kernel-dataflow.cpp:184]   --->   Operation 39 'alloca' 'B_6' <Predicate = true> <Delay = 0.00>
ST_1 : Operation 40 [1/1] (0.00ns)   --->   "%B_7 = alloca i64 1" [kyber-mult-kernel-dataflow.cpp:184]   --->   Operation 40 'alloca' 'B_7' <Predicate = true> <Delay = 0.00>
ST_1 : Operation 41 [1/1] (0.00ns)   --->   "%B_8 = alloca i64 1" [kyber-mult-kernel-dataflow.cpp:184]   --->   Operation 41 'alloca' 'B_8' <Predicate = true> <Delay = 0.00>
ST_1 : Operation 42 [1/1] (0.00ns)   --->   "%B_9 = alloca i64 1" [kyber-mult-kernel-dataflow.cpp:184]   --->   Operation 42 'alloca' 'B_9' <Predicate = true> <Delay = 0.00>
ST_1 : Operation 43 [1/1] (0.00ns)   --->   "%B_10 = alloca i64 1" [kyber-mult-kernel-dataflow.cpp:184]   --->   Operation 43 'alloca' 'B_10' <Predicate = true> <Delay = 0.00>
ST_1 : Operation 44 [1/1] (0.00ns)   --->   "%B_11 = alloca i64 1" [kyber-mult-kernel-dataflow.cpp:184]   --->   Operation 44 'alloca' 'B_11' <Predicate = true> <Delay = 0.00>
ST_1 : Operation 45 [1/1] (0.00ns)   --->   "%B_12 = alloca i64 1" [kyber-mult-kernel-dataflow.cpp:184]   --->   Operation 45 'alloca' 'B_12' <Predicate = true> <Delay = 0.00>
ST_1 : Operation 46 [1/1] (0.00ns)   --->   "%B_13 = alloca i64 1" [kyber-mult-kernel-dataflow.cpp:184]   --->   Operation 46 'alloca' 'B_13' <Predicate = true> <Delay = 0.00>
ST_1 : Operation 47 [1/1] (0.00ns)   --->   "%B_14 = alloca i64 1" [kyber-mult-kernel-dataflow.cpp:184]   --->   Operation 47 'alloca' 'B_14' <Predicate = true> <Delay = 0.00>
ST_1 : Operation 48 [1/1] (0.00ns)   --->   "%B_15 = alloca i64 1" [kyber-mult-kernel-dataflow.cpp:184]   --->   Operation 48 'alloca' 'B_15' <Predicate = true> <Delay = 0.00>
ST_1 : Operation 49 [1/1] (0.42ns)   --->   "%store_ln0 = store i31 0, i31 %blk"   --->   Operation 49 'store' 'store_ln0' <Predicate = true> <Delay = 0.42>
ST_1 : Operation 50 [1/1] (0.00ns)   --->   "%br_ln182 = br void %FW_RD" [kyber-mult-kernel-dataflow.cpp:182]   --->   Operation 50 'br' 'br_ln182' <Predicate = true> <Delay = 0.00>

State 2 <SV = 1> <Delay = 1.44>
ST_2 : Operation 51 [1/1] (0.00ns)   --->   "%blk_load = load i31 %blk" [kyber-mult-kernel-dataflow.cpp:182]   --->   Operation 51 'load' 'blk_load' <Predicate = true> <Delay = 0.00>
ST_2 : Operation 52 [1/1] (0.00ns)   --->   "%zext_ln182 = zext i31 %blk_load" [kyber-mult-kernel-dataflow.cpp:182]   --->   Operation 52 'zext' 'zext_ln182' <Predicate = true> <Delay = 0.00>
ST_2 : Operation 53 [1/1] (1.01ns)   --->   "%icmp_ln182 = icmp_slt  i32 %zext_ln182, i32 %batch_3" [kyber-mult-kernel-dataflow.cpp:182]   --->   Operation 53 'icmp' 'icmp_ln182' <Predicate = true> <Delay = 1.01> <CoreInst = "Cmp">   --->   Core 9 'Cmp' <Latency = 0> <II = 1> <Delay = 1.01> <FuncUnit> <Opcode : 'icmp'> <InPorts = 2> <OutPorts = 1>
ST_2 : Operation 54 [1/1] (1.00ns)   --->   "%add_ln182 = add i31 %blk_load, i31 1" [kyber-mult-kernel-dataflow.cpp:182]   --->   Operation 54 'add' 'add_ln182' <Predicate = true> <Delay = 1.00> <CoreInst = "Adder">   --->   Core 1 'Adder' <Latency = 0> <II = 1> <Delay = 1.00> <FuncUnit> <Opcode : 'add' 'sub'> <InPorts = 2> <OutPorts = 1>
ST_2 : Operation 55 [1/1] (0.00ns)   --->   "%br_ln182 = br i1 %icmp_ln182, void %for.end56.loopexit, void %FW_RD.split" [kyber-mult-kernel-dataflow.cpp:182]   --->   Operation 55 'br' 'br_ln182' <Predicate = true> <Delay = 0.00>
ST_2 : Operation 56 [1/1] (0.00ns)   --->   "%empty = wait i32 @_ssdm_op_Wait"   --->   Operation 56 'wait' 'empty' <Predicate = (icmp_ln182)> <Delay = 0.00>
ST_2 : Operation 57 [2/2] (0.00ns)   --->   "%call_ln0 = call void @fwd_all_Pipeline_FW_RD, i12 %B_15, i12 %B_14, i12 %B_13, i12 %B_12, i12 %B_11, i12 %B_10, i12 %B_9, i12 %B_8, i12 %B_7, i12 %B_6, i12 %B_5, i12 %B_4, i12 %B_3, i12 %B_2, i12 %B_1, i12 %B, i12 %A_15, i12 %A_14, i12 %A_13, i12 %A_12, i12 %A_11, i12 %A_10, i12 %A_9, i12 %A_8, i12 %A_7, i12 %A_6, i12 %A_5, i12 %A_4, i12 %A_3, i12 %A_2, i12 %A_1, i12 %A, i192 %sA0, i192 %sB0"   --->   Operation 57 'call' 'call_ln0' <Predicate = (icmp_ln182)> <Delay = 0.00> <CoreType = "Generic">   --->   Core 0 '' <Latency = 0> <II = 1> <Delay = 1.00> <Generic> <Opcode : >
ST_2 : Operation 58 [1/1] (0.42ns)   --->   "%store_ln182 = store i31 %add_ln182, i31 %blk" [kyber-mult-kernel-dataflow.cpp:182]   --->   Operation 58 'store' 'store_ln182' <Predicate = (icmp_ln182)> <Delay = 0.42>
ST_2 : Operation 59 [1/1] (0.00ns)   --->   "%ret_ln208 = ret" [kyber-mult-kernel-dataflow.cpp:208]   --->   Operation 59 'ret' 'ret_ln208' <Predicate = (!icmp_ln182)> <Delay = 0.00>

State 3 <SV = 2> <Delay = 0.00>
ST_3 : Operation 60 [1/2] (0.00ns)   --->   "%call_ln0 = call void @fwd_all_Pipeline_FW_RD, i12 %B_15, i12 %B_14, i12 %B_13, i12 %B_12, i12 %B_11, i12 %B_10, i12 %B_9, i12 %B_8, i12 %B_7, i12 %B_6, i12 %B_5, i12 %B_4, i12 %B_3, i12 %B_2, i12 %B_1, i12 %B, i12 %A_15, i12 %A_14, i12 %A_13, i12 %A_12, i12 %A_11, i12 %A_10, i12 %A_9, i12 %A_8, i12 %A_7, i12 %A_6, i12 %A_5, i12 %A_4, i12 %A_3, i12 %A_2, i12 %A_1, i12 %A, i192 %sA0, i192 %sB0"   --->   Operation 60 'call' 'call_ln0' <Predicate = true> <Delay = 0.00> <CoreType = "Generic">   --->   Core 0 '' <Latency = 0> <II = 1> <Delay = 1.00> <Generic> <Opcode : >

State 4 <SV = 3> <Delay = 0.00>
ST_4 : Operation 61 [1/1] (0.00ns)   --->   "%empty_295 = wait i32 @_ssdm_op_Wait"   --->   Operation 61 'wait' 'empty_295' <Predicate = true> <Delay = 0.00>
ST_4 : Operation 62 [2/2] (0.00ns)   --->   "%call_ln196 = call void @fwd_ntt2, i12 %A, i12 %A_1, i12 %A_2, i12 %A_3, i12 %A_4, i12 %A_5, i12 %A_6, i12 %A_7, i12 %A_8, i12 %A_9, i12 %A_10, i12 %A_11, i12 %A_12, i12 %A_13, i12 %A_14, i12 %A_15, i12 %B, i12 %B_1, i12 %B_2, i12 %B_3, i12 %B_4, i12 %B_5, i12 %B_6, i12 %B_7, i12 %B_8, i12 %B_9, i12 %B_10, i12 %B_11, i12 %B_12, i12 %B_13, i12 %B_14, i12 %B_15, i10 %p_ZL5FWD_W_0_0, i16 %p_ZL6FWD_MW_0_0, i10 %p_ZL5FWD_W_1_0, i16 %p_ZL6FWD_MW_1_0, i10 %p_ZL5FWD_W_2_0, i16 %p_ZL6FWD_MW_2_0, i10 %p_ZL5FWD_W_3_0, i16 %p_ZL6FWD_MW_3_0, i12 %p_ZL5FWD_W_0_1, i15 %p_ZL6FWD_MW_0_1, i12 %p_ZL5FWD_W_1_1, i15 %p_ZL6FWD_MW_1_1, i12 %p_ZL5FWD_W_2_1, i15 %p_ZL6FWD_MW_2_1, i12 %p_ZL5FWD_W_3_1, i15 %p_ZL6FWD_MW_3_1, i12 %p_ZL5FWD_W_0_2, i16 %p_ZL6FWD_MW_0_2, i12 %p_ZL5FWD_W_1_2, i16 %p_ZL6FWD_MW_1_2, i12 %p_ZL5FWD_W_2_2, i16 %p_ZL6FWD_MW_2_2, i12 %p_ZL5FWD_W_3_2, i16 %p_ZL6FWD_MW_3_2, i12 %p_ZL5FWD_W_0_3, i16 %p_ZL6FWD_MW_0_3, i12 %p_ZL5FWD_W_1_3, i16 %p_ZL6FWD_MW_1_3, i12 %p_ZL5FWD_W_2_3, i16 %p_ZL6FWD_MW_2_3, i12 %p_ZL5FWD_W_3_3, i16 %p_ZL6FWD_MW_3_3, i12 %p_ZL5FWD_W_0_4, i16 %p_ZL6FWD_MW_0_4, i12 %p_ZL5FWD_W_1_4, i16 %p_ZL6FWD_MW_1_4, i12 %p_ZL5FWD_W_2_4, i16 %p_ZL6FWD_MW_2_4, i12 %p_ZL5FWD_W_3_4, i16 %p_ZL6FWD_MW_3_4, i12 %p_ZL5FWD_W_0_5, i16 %p_ZL6FWD_MW_0_5, i12 %p_ZL5FWD_W_1_5, i16 %p_ZL6FWD_MW_1_5, i12 %p_ZL5FWD_W_2_5, i16 %p_ZL6FWD_MW_2_5, i12 %p_ZL5FWD_W_3_5, i16 %p_ZL6FWD_MW_3_5, i12 %p_ZL5FWD_W_0_6, i16 %p_ZL6FWD_MW_0_6, i12 %p_ZL5FWD_W_1_6, i16 %p_ZL6FWD_MW_1_6, i12 %p_ZL5FWD_W_2_6, i16 %p_ZL6FWD_MW_2_6, i12 %p_ZL5FWD_W_3_6, i16 %p_ZL6FWD_MW_3_6" [kyber-mult-kernel-dataflow.cpp:196]   --->   Operation 62 'call' 'call_ln196' <Predicate = true> <Delay = 0.00> <CoreType = "Generic">   --->   Core 0 '' <Latency = 0> <II = 1> <Delay = 1.00> <Generic> <Opcode : >

State 5 <SV = 4> <Delay = 0.00>
ST_5 : Operation 63 [1/2] (0.00ns)   --->   "%call_ln196 = call void @fwd_ntt2, i12 %A, i12 %A_1, i12 %A_2, i12 %A_3, i12 %A_4, i12 %A_5, i12 %A_6, i12 %A_7, i12 %A_8, i12 %A_9, i12 %A_10, i12 %A_11, i12 %A_12, i12 %A_13, i12 %A_14, i12 %A_15, i12 %B, i12 %B_1, i12 %B_2, i12 %B_3, i12 %B_4, i12 %B_5, i12 %B_6, i12 %B_7, i12 %B_8, i12 %B_9, i12 %B_10, i12 %B_11, i12 %B_12, i12 %B_13, i12 %B_14, i12 %B_15, i10 %p_ZL5FWD_W_0_0, i16 %p_ZL6FWD_MW_0_0, i10 %p_ZL5FWD_W_1_0, i16 %p_ZL6FWD_MW_1_0, i10 %p_ZL5FWD_W_2_0, i16 %p_ZL6FWD_MW_2_0, i10 %p_ZL5FWD_W_3_0, i16 %p_ZL6FWD_MW_3_0, i12 %p_ZL5FWD_W_0_1, i15 %p_ZL6FWD_MW_0_1, i12 %p_ZL5FWD_W_1_1, i15 %p_ZL6FWD_MW_1_1, i12 %p_ZL5FWD_W_2_1, i15 %p_ZL6FWD_MW_2_1, i12 %p_ZL5FWD_W_3_1, i15 %p_ZL6FWD_MW_3_1, i12 %p_ZL5FWD_W_0_2, i16 %p_ZL6FWD_MW_0_2, i12 %p_ZL5FWD_W_1_2, i16 %p_ZL6FWD_MW_1_2, i12 %p_ZL5FWD_W_2_2, i16 %p_ZL6FWD_MW_2_2, i12 %p_ZL5FWD_W_3_2, i16 %p_ZL6FWD_MW_3_2, i12 %p_ZL5FWD_W_0_3, i16 %p_ZL6FWD_MW_0_3, i12 %p_ZL5FWD_W_1_3, i16 %p_ZL6FWD_MW_1_3, i12 %p_ZL5FWD_W_2_3, i16 %p_ZL6FWD_MW_2_3, i12 %p_ZL5FWD_W_3_3, i16 %p_ZL6FWD_MW_3_3, i12 %p_ZL5FWD_W_0_4, i16 %p_ZL6FWD_MW_0_4, i12 %p_ZL5FWD_W_1_4, i16 %p_ZL6FWD_MW_1_4, i12 %p_ZL5FWD_W_2_4, i16 %p_ZL6FWD_MW_2_4, i12 %p_ZL5FWD_W_3_4, i16 %p_ZL6FWD_MW_3_4, i12 %p_ZL5FWD_W_0_5, i16 %p_ZL6FWD_MW_0_5, i12 %p_ZL5FWD_W_1_5, i16 %p_ZL6FWD_MW_1_5, i12 %p_ZL5FWD_W_2_5, i16 %p_ZL6FWD_MW_2_5, i12 %p_ZL5FWD_W_3_5, i16 %p_ZL6FWD_MW_3_5, i12 %p_ZL5FWD_W_0_6, i16 %p_ZL6FWD_MW_0_6, i12 %p_ZL5FWD_W_1_6, i16 %p_ZL6FWD_MW_1_6, i12 %p_ZL5FWD_W_2_6, i16 %p_ZL6FWD_MW_2_6, i12 %p_ZL5FWD_W_3_6, i16 %p_ZL6FWD_MW_3_6" [kyber-mult-kernel-dataflow.cpp:196]   --->   Operation 63 'call' 'call_ln196' <Predicate = true> <Delay = 0.00> <CoreType = "Generic">   --->   Core 0 '' <Latency = 0> <II = 1> <Delay = 1.00> <Generic> <Opcode : >

State 6 <SV = 5> <Delay = 0.00>
ST_6 : Operation 64 [1/1] (0.00ns)   --->   "%empty_296 = wait i32 @_ssdm_op_Wait"   --->   Operation 64 'wait' 'empty_296' <Predicate = true> <Delay = 0.00>
ST_6 : Operation 65 [2/2] (0.00ns)   --->   "%call_ln0 = call void @fwd_all_Pipeline_FW_WR, i12 %A, i12 %B, i12 %A_1, i12 %B_1, i12 %A_2, i12 %B_2, i12 %A_3, i12 %B_3, i12 %A_4, i12 %B_4, i12 %A_5, i12 %B_5, i12 %A_6, i12 %B_6, i12 %A_7, i12 %B_7, i12 %A_8, i12 %B_8, i12 %A_9, i12 %B_9, i12 %A_10, i12 %B_10, i12 %A_11, i12 %B_11, i12 %A_12, i12 %B_12, i12 %A_13, i12 %B_13, i12 %A_14, i12 %B_14, i12 %A_15, i12 %B_15, i192 %sA1, i192 %sB1"   --->   Operation 65 'call' 'call_ln0' <Predicate = true> <Delay = 0.00> <CoreType = "Generic">   --->   Core 0 '' <Latency = 0> <II = 1> <Delay = 1.00> <Generic> <Opcode : >

State 7 <SV = 6> <Delay = 0.00>
ST_7 : Operation 66 [1/1] (0.00ns)   --->   "%speclooptripcount_ln183 = speclooptripcount void @_ssdm_op_SpecLoopTripCount, i64 1, i64 16, i64 8" [kyber-mult-kernel-dataflow.cpp:183]   --->   Operation 66 'speclooptripcount' 'speclooptripcount_ln183' <Predicate = true> <Delay = 0.00>
ST_7 : Operation 67 [1/1] (0.00ns)   --->   "%specloopname_ln182 = specloopname void @_ssdm_op_SpecLoopName, void @empty_166" [kyber-mult-kernel-dataflow.cpp:182]   --->   Operation 67 'specloopname' 'specloopname_ln182' <Predicate = true> <Delay = 0.00>
ST_7 : Operation 68 [1/2] (0.00ns)   --->   "%call_ln0 = call void @fwd_all_Pipeline_FW_WR, i12 %A, i12 %B, i12 %A_1, i12 %B_1, i12 %A_2, i12 %B_2, i12 %A_3, i12 %B_3, i12 %A_4, i12 %B_4, i12 %A_5, i12 %B_5, i12 %A_6, i12 %B_6, i12 %A_7, i12 %B_7, i12 %A_8, i12 %B_8, i12 %A_9, i12 %B_9, i12 %A_10, i12 %B_10, i12 %A_11, i12 %B_11, i12 %A_12, i12 %B_12, i12 %A_13, i12 %B_13, i12 %A_14, i12 %B_14, i12 %A_15, i12 %B_15, i192 %sA1, i192 %sB1"   --->   Operation 68 'call' 'call_ln0' <Predicate = true> <Delay = 0.00> <CoreType = "Generic">   --->   Core 0 '' <Latency = 0> <II = 1> <Delay = 1.00> <Generic> <Opcode : >
ST_7 : Operation 69 [1/1] (0.00ns)   --->   "%br_ln182 = br void %FW_RD" [kyber-mult-kernel-dataflow.cpp:182]   --->   Operation 69 'br' 'br_ln182' <Predicate = true> <Delay = 0.00>


============================================================
+ Verbose Summary: Timing violations
============================================================
Target clock period: 10.000ns, clock uncertainty: 2.700ns.

 <State 1>: 3.676ns
The critical path consists of the following:
	fifo read operation ('batch') on port 'batch' [65]  (1.838 ns)
	fifo write operation ('write_ln0') on port 'batch_size_c14' [67]  (1.838 ns)

 <State 2>: 1.443ns
The critical path consists of the following:
	'load' operation 31 bit ('blk_load', kyber-mult-kernel-dataflow.cpp:182) on local variable 'blk' [107]  (0.000 ns)
	'icmp' operation 1 bit ('icmp_ln182', kyber-mult-kernel-dataflow.cpp:182) [109]  (1.016 ns)
	'store' operation 0 bit ('store_ln182', kyber-mult-kernel-dataflow.cpp:182) of variable 'add_ln182', kyber-mult-kernel-dataflow.cpp:182 on local variable 'blk' [121]  (0.427 ns)

 <State 3>: 0.000ns
The critical path consists of the following:

 <State 4>: 0.000ns
The critical path consists of the following:

 <State 5>: 0.000ns
The critical path consists of the following:

 <State 6>: 0.000ns
The critical path consists of the following:

 <State 7>: 0.000ns
The critical path consists of the following:


============================================================
+ Verbose Summary: Binding
============================================================
N/A
* FSMD analyzer results:
  - Output states:
 - Input state : 
  - Chain level:
	State 1
	State 2
	State 3
	State 4
	State 5
	State 6
	State 7


============================================================
+ Verbose Summary: Datapath Resource usage 
============================================================
N/A
