

================================================================
== Vitis HLS Report for 'fwd_all_Pipeline_FW_WR'
================================================================
* Date:           Thu Jun 11 23:16:39 2026

* Version:        2023.2 (Build 4023990 on Oct 11 2023)
* Project:        ntt_kyber
* Solution:       solution1 (Vivado IP Flow Target)
* Product family: zynquplus
* Target device:  xck26-sfvc784-2LV-c


================================================================
== Performance Estimates
================================================================
+ Timing: 
    * Summary: 
    +--------+----------+----------+------------+
    |  Clock |  Target  | Estimated| Uncertainty|
    +--------+----------+----------+------------+
    |ap_clk  |  10.00 ns|  2.575 ns|     2.70 ns|
    +--------+----------+----------+------------+

+ Latency: 
    * Summary: 
    +---------+---------+----------+----------+-----+-----+---------+
    |  Latency (cycles) |  Latency (absolute) |  Interval | Pipeline|
    |   min   |   max   |    min   |    max   | min | max |   Type  |
    +---------+---------+----------+----------+-----+-----+---------+
    |       18|       18|  0.180 us|  0.180 us|   18|   18|       no|
    +---------+---------+----------+----------+-----+-----+---------+

    + Detail: 
        * Instance: 
        N/A

        * Loop: 
        +----------+---------+---------+----------+-----------+-----------+------+----------+
        |          |  Latency (cycles) | Iteration|  Initiation Interval  | Trip |          |
        | Loop Name|   min   |   max   |  Latency |  achieved |   target  | Count| Pipelined|
        +----------+---------+---------+----------+-----------+-----------+------+----------+
        |- FW_WR   |       16|       16|         2|          1|          1|    16|       yes|
        +----------+---------+---------+----------+-----------+-----------+------+----------+

============================================================
+ Verbose Summary: Synthesis Manager
============================================================
InlineROM: 1
ExposeGlobal: 0
============================================================
+ Verbose Summary: CDFG Model
============================================================
IsTopModel: 0
ResetActiveHigh: 1
IsCombinational: 0
IsDatapathOnly: 0
HasWiredReturn: 1
HasMFsm: 2
HasVarLatency: 1
IsPipeline: 0
IsRtlPipelined: 0
IsInstanceOverlapped: 0
IsDontTouch: 0
HasImplIP: 0
IsGatedGlobalClock: 0

+ Individual pipeline summary: 
  * Pipeline-0: initiation interval (II) = 1, depth = 2


============================================================
+ Verbose Summary: Schedule
============================================================
* Number of FSM states : 2
* Pipeline : 1
  Pipeline-0 : II = 1, D = 2, States = { 1 2 }
* Dataflow Pipeline: 0

* FSM state transitions: 
1 --> 2 
2 --> 

* FSM state operations: 

State 1 <SV = 0> <Delay = 1.64>
ST_1 : Operation 5 [1/1] (0.00ns)   --->   "%w_51 = alloca i32 1" [kyber-mult-kernel-dataflow.cpp:197]   --->   Operation 5 'alloca' 'w_51' <Predicate = true> <Delay = 0.00>
ST_1 : Operation 6 [1/1] (0.00ns)   --->   "%specinterface_ln0 = specinterface void @_ssdm_op_SpecInterface, i192 %sA1, void @empty_163, i32 0, i32 0, void @empty_246, i32 0, i32 0, void @empty_246, void @empty_246, void @empty_246, i32 0, i32 0, i32 0, i32 0, void @empty_246, void @empty_246, i32 4294967295, i32 0"   --->   Operation 6 'specinterface' 'specinterface_ln0' <Predicate = true> <Delay = 0.00>
ST_1 : Operation 7 [1/1] (0.00ns)   --->   "%specinterface_ln0 = specinterface void @_ssdm_op_SpecInterface, i192 %sB1, void @empty_163, i32 0, i32 0, void @empty_246, i32 0, i32 0, void @empty_246, void @empty_246, void @empty_246, i32 0, i32 0, i32 0, i32 0, void @empty_246, void @empty_246, i32 4294967295, i32 0"   --->   Operation 7 'specinterface' 'specinterface_ln0' <Predicate = true> <Delay = 0.00>
ST_1 : Operation 8 [1/1] (0.42ns)   --->   "%store_ln197 = store i5 0, i5 %w_51" [kyber-mult-kernel-dataflow.cpp:197]   --->   Operation 8 'store' 'store_ln197' <Predicate = true> <Delay = 0.42>
ST_1 : Operation 9 [1/1] (0.00ns)   --->   "%br_ln0 = br void %VITIS_LOOP_200_2"   --->   Operation 9 'br' 'br_ln0' <Predicate = true> <Delay = 0.00>
ST_1 : Operation 10 [1/1] (0.00ns)   --->   "%w = load i5 %w_51" [kyber-mult-kernel-dataflow.cpp:197]   --->   Operation 10 'load' 'w' <Predicate = true> <Delay = 0.00>
ST_1 : Operation 11 [1/1] (0.78ns)   --->   "%icmp_ln197 = icmp_eq  i5 %w, i5 16" [kyber-mult-kernel-dataflow.cpp:197]   --->   Operation 11 'icmp' 'icmp_ln197' <Predicate = true> <Delay = 0.78> <CoreInst = "Cmp">   --->   Core 9 'Cmp' <Latency = 0> <II = 1> <Delay = 0.78> <FuncUnit> <Opcode : 'icmp'> <InPorts = 2> <OutPorts = 1>
ST_1 : Operation 12 [1/1] (0.78ns)   --->   "%add_ln197 = add i5 %w, i5 1" [kyber-mult-kernel-dataflow.cpp:197]   --->   Operation 12 'add' 'add_ln197' <Predicate = true> <Delay = 0.78> <CoreInst = "Adder">   --->   Core 1 'Adder' <Latency = 0> <II = 1> <Delay = 0.78> <FuncUnit> <Opcode : 'add' 'sub'> <InPorts = 2> <OutPorts = 1>
ST_1 : Operation 13 [1/1] (0.00ns)   --->   "%br_ln197 = br i1 %icmp_ln197, void %VITIS_LOOP_200_2.split, void %for.inc54.exitStub" [kyber-mult-kernel-dataflow.cpp:197]   --->   Operation 13 'br' 'br_ln197' <Predicate = true> <Delay = 0.00>
ST_1 : Operation 14 [1/1] (0.00ns)   --->   "%zext_ln197 = zext i5 %w" [kyber-mult-kernel-dataflow.cpp:197]   --->   Operation 14 'zext' 'zext_ln197' <Predicate = (!icmp_ln197)> <Delay = 0.00>
ST_1 : Operation 15 [1/1] (0.00ns)   --->   "%A_addr = getelementptr i12 %A, i64 0, i64 %zext_ln197" [kyber-mult-kernel-dataflow.cpp:202]   --->   Operation 15 'getelementptr' 'A_addr' <Predicate = (!icmp_ln197)> <Delay = 0.00>
ST_1 : Operation 16 [2/2] (0.67ns)   --->   "%ba = load i4 %A_addr" [kyber-mult-kernel-dataflow.cpp:202]   --->   Operation 16 'load' 'ba' <Predicate = (!icmp_ln197)> <Delay = 0.67> <CoreInst = "RAM">   --->   Core 83 'RAM' <Latency = 1> <II = 1> <Delay = 0.67> <Storage> <Opcode : 'load' 'store'> <Ports = 2> <Width = 12> <Depth = 16> <RAM>
ST_1 : Operation 17 [1/1] (0.00ns)   --->   "%B_addr = getelementptr i12 %B, i64 0, i64 %zext_ln197" [kyber-mult-kernel-dataflow.cpp:203]   --->   Operation 17 'getelementptr' 'B_addr' <Predicate = (!icmp_ln197)> <Delay = 0.00>
ST_1 : Operation 18 [2/2] (0.67ns)   --->   "%bb = load i4 %B_addr" [kyber-mult-kernel-dataflow.cpp:203]   --->   Operation 18 'load' 'bb' <Predicate = (!icmp_ln197)> <Delay = 0.67> <CoreInst = "RAM">   --->   Core 83 'RAM' <Latency = 1> <II = 1> <Delay = 0.67> <Storage> <Opcode : 'load' 'store'> <Ports = 2> <Width = 12> <Depth = 16> <RAM>
ST_1 : Operation 19 [1/1] (0.00ns)   --->   "%A_1_addr = getelementptr i12 %A_1, i64 0, i64 %zext_ln197" [kyber-mult-kernel-dataflow.cpp:202]   --->   Operation 19 'getelementptr' 'A_1_addr' <Predicate = (!icmp_ln197)> <Delay = 0.00>
ST_1 : Operation 20 [2/2] (0.67ns)   --->   "%ba_16 = load i4 %A_1_addr" [kyber-mult-kernel-dataflow.cpp:202]   --->   Operation 20 'load' 'ba_16' <Predicate = (!icmp_ln197)> <Delay = 0.67> <CoreInst = "RAM">   --->   Core 83 'RAM' <Latency = 1> <II = 1> <Delay = 0.67> <Storage> <Opcode : 'load' 'store'> <Ports = 2> <Width = 12> <Depth = 16> <RAM>
ST_1 : Operation 21 [1/1] (0.00ns)   --->   "%B_1_addr = getelementptr i12 %B_1, i64 0, i64 %zext_ln197" [kyber-mult-kernel-dataflow.cpp:203]   --->   Operation 21 'getelementptr' 'B_1_addr' <Predicate = (!icmp_ln197)> <Delay = 0.00>
ST_1 : Operation 22 [2/2] (0.67ns)   --->   "%bb_16 = load i4 %B_1_addr" [kyber-mult-kernel-dataflow.cpp:203]   --->   Operation 22 'load' 'bb_16' <Predicate = (!icmp_ln197)> <Delay = 0.67> <CoreInst = "RAM">   --->   Core 83 'RAM' <Latency = 1> <II = 1> <Delay = 0.67> <Storage> <Opcode : 'load' 'store'> <Ports = 2> <Width = 12> <Depth = 16> <RAM>
ST_1 : Operation 23 [1/1] (0.00ns)   --->   "%A_2_addr = getelementptr i12 %A_2, i64 0, i64 %zext_ln197" [kyber-mult-kernel-dataflow.cpp:202]   --->   Operation 23 'getelementptr' 'A_2_addr' <Predicate = (!icmp_ln197)> <Delay = 0.00>
ST_1 : Operation 24 [2/2] (0.67ns)   --->   "%ba_17 = load i4 %A_2_addr" [kyber-mult-kernel-dataflow.cpp:202]   --->   Operation 24 'load' 'ba_17' <Predicate = (!icmp_ln197)> <Delay = 0.67> <CoreInst = "RAM">   --->   Core 83 'RAM' <Latency = 1> <II = 1> <Delay = 0.67> <Storage> <Opcode : 'load' 'store'> <Ports = 2> <Width = 12> <Depth = 16> <RAM>
ST_1 : Operation 25 [1/1] (0.00ns)   --->   "%B_2_addr = getelementptr i12 %B_2, i64 0, i64 %zext_ln197" [kyber-mult-kernel-dataflow.cpp:203]   --->   Operation 25 'getelementptr' 'B_2_addr' <Predicate = (!icmp_ln197)> <Delay = 0.00>
ST_1 : Operation 26 [2/2] (0.67ns)   --->   "%bb_17 = load i4 %B_2_addr" [kyber-mult-kernel-dataflow.cpp:203]   --->   Operation 26 'load' 'bb_17' <Predicate = (!icmp_ln197)> <Delay = 0.67> <CoreInst = "RAM">   --->   Core 83 'RAM' <Latency = 1> <II = 1> <Delay = 0.67> <Storage> <Opcode : 'load' 'store'> <Ports = 2> <Width = 12> <Depth = 16> <RAM>
ST_1 : Operation 27 [1/1] (0.00ns)   --->   "%A_3_addr = getelementptr i12 %A_3, i64 0, i64 %zext_ln197" [kyber-mult-kernel-dataflow.cpp:202]   --->   Operation 27 'getelementptr' 'A_3_addr' <Predicate = (!icmp_ln197)> <Delay = 0.00>
ST_1 : Operation 28 [2/2] (0.67ns)   --->   "%ba_18 = load i4 %A_3_addr" [kyber-mult-kernel-dataflow.cpp:202]   --->   Operation 28 'load' 'ba_18' <Predicate = (!icmp_ln197)> <Delay = 0.67> <CoreInst = "RAM">   --->   Core 83 'RAM' <Latency = 1> <II = 1> <Delay = 0.67> <Storage> <Opcode : 'load' 'store'> <Ports = 2> <Width = 12> <Depth = 16> <RAM>
ST_1 : Operation 29 [1/1] (0.00ns)   --->   "%B_3_addr = getelementptr i12 %B_3, i64 0, i64 %zext_ln197" [kyber-mult-kernel-dataflow.cpp:203]   --->   Operation 29 'getelementptr' 'B_3_addr' <Predicate = (!icmp_ln197)> <Delay = 0.00>
ST_1 : Operation 30 [2/2] (0.67ns)   --->   "%bb_18 = load i4 %B_3_addr" [kyber-mult-kernel-dataflow.cpp:203]   --->   Operation 30 'load' 'bb_18' <Predicate = (!icmp_ln197)> <Delay = 0.67> <CoreInst = "RAM">   --->   Core 83 'RAM' <Latency = 1> <II = 1> <Delay = 0.67> <Storage> <Opcode : 'load' 'store'> <Ports = 2> <Width = 12> <Depth = 16> <RAM>
ST_1 : Operation 31 [1/1] (0.00ns)   --->   "%A_4_addr = getelementptr i12 %A_4, i64 0, i64 %zext_ln197" [kyber-mult-kernel-dataflow.cpp:202]   --->   Operation 31 'getelementptr' 'A_4_addr' <Predicate = (!icmp_ln197)> <Delay = 0.00>
ST_1 : Operation 32 [2/2] (0.67ns)   --->   "%ba_19 = load i4 %A_4_addr" [kyber-mult-kernel-dataflow.cpp:202]   --->   Operation 32 'load' 'ba_19' <Predicate = (!icmp_ln197)> <Delay = 0.67> <CoreInst = "RAM">   --->   Core 83 'RAM' <Latency = 1> <II = 1> <Delay = 0.67> <Storage> <Opcode : 'load' 'store'> <Ports = 2> <Width = 12> <Depth = 16> <RAM>
ST_1 : Operation 33 [1/1] (0.00ns)   --->   "%B_4_addr = getelementptr i12 %B_4, i64 0, i64 %zext_ln197" [kyber-mult-kernel-dataflow.cpp:203]   --->   Operation 33 'getelementptr' 'B_4_addr' <Predicate = (!icmp_ln197)> <Delay = 0.00>
ST_1 : Operation 34 [2/2] (0.67ns)   --->   "%bb_19 = load i4 %B_4_addr" [kyber-mult-kernel-dataflow.cpp:203]   --->   Operation 34 'load' 'bb_19' <Predicate = (!icmp_ln197)> <Delay = 0.67> <CoreInst = "RAM">   --->   Core 83 'RAM' <Latency = 1> <II = 1> <Delay = 0.67> <Storage> <Opcode : 'load' 'store'> <Ports = 2> <Width = 12> <Depth = 16> <RAM>
ST_1 : Operation 35 [1/1] (0.00ns)   --->   "%A_5_addr = getelementptr i12 %A_5, i64 0, i64 %zext_ln197" [kyber-mult-kernel-dataflow.cpp:202]   --->   Operation 35 'getelementptr' 'A_5_addr' <Predicate = (!icmp_ln197)> <Delay = 0.00>
ST_1 : Operation 36 [2/2] (0.67ns)   --->   "%ba_20 = load i4 %A_5_addr" [kyber-mult-kernel-dataflow.cpp:202]   --->   Operation 36 'load' 'ba_20' <Predicate = (!icmp_ln197)> <Delay = 0.67> <CoreInst = "RAM">   --->   Core 83 'RAM' <Latency = 1> <II = 1> <Delay = 0.67> <Storage> <Opcode : 'load' 'store'> <Ports = 2> <Width = 12> <Depth = 16> <RAM>
ST_1 : Operation 37 [1/1] (0.00ns)   --->   "%B_5_addr = getelementptr i12 %B_5, i64 0, i64 %zext_ln197" [kyber-mult-kernel-dataflow.cpp:203]   --->   Operation 37 'getelementptr' 'B_5_addr' <Predicate = (!icmp_ln197)> <Delay = 0.00>
ST_1 : Operation 38 [2/2] (0.67ns)   --->   "%bb_20 = load i4 %B_5_addr" [kyber-mult-kernel-dataflow.cpp:203]   --->   Operation 38 'load' 'bb_20' <Predicate = (!icmp_ln197)> <Delay = 0.67> <CoreInst = "RAM">   --->   Core 83 'RAM' <Latency = 1> <II = 1> <Delay = 0.67> <Storage> <Opcode : 'load' 'store'> <Ports = 2> <Width = 12> <Depth = 16> <RAM>
ST_1 : Operation 39 [1/1] (0.00ns)   --->   "%A_6_addr = getelementptr i12 %A_6, i64 0, i64 %zext_ln197" [kyber-mult-kernel-dataflow.cpp:202]   --->   Operation 39 'getelementptr' 'A_6_addr' <Predicate = (!icmp_ln197)> <Delay = 0.00>
ST_1 : Operation 40 [2/2] (0.67ns)   --->   "%ba_21 = load i4 %A_6_addr" [kyber-mult-kernel-dataflow.cpp:202]   --->   Operation 40 'load' 'ba_21' <Predicate = (!icmp_ln197)> <Delay = 0.67> <CoreInst = "RAM">   --->   Core 83 'RAM' <Latency = 1> <II = 1> <Delay = 0.67> <Storage> <Opcode : 'load' 'store'> <Ports = 2> <Width = 12> <Depth = 16> <RAM>
ST_1 : Operation 41 [1/1] (0.00ns)   --->   "%B_6_addr = getelementptr i12 %B_6, i64 0, i64 %zext_ln197" [kyber-mult-kernel-dataflow.cpp:203]   --->   Operation 41 'getelementptr' 'B_6_addr' <Predicate = (!icmp_ln197)> <Delay = 0.00>
ST_1 : Operation 42 [2/2] (0.67ns)   --->   "%bb_21 = load i4 %B_6_addr" [kyber-mult-kernel-dataflow.cpp:203]   --->   Operation 42 'load' 'bb_21' <Predicate = (!icmp_ln197)> <Delay = 0.67> <CoreInst = "RAM">   --->   Core 83 'RAM' <Latency = 1> <II = 1> <Delay = 0.67> <Storage> <Opcode : 'load' 'store'> <Ports = 2> <Width = 12> <Depth = 16> <RAM>
ST_1 : Operation 43 [1/1] (0.00ns)   --->   "%A_7_addr = getelementptr i12 %A_7, i64 0, i64 %zext_ln197" [kyber-mult-kernel-dataflow.cpp:202]   --->   Operation 43 'getelementptr' 'A_7_addr' <Predicate = (!icmp_ln197)> <Delay = 0.00>
ST_1 : Operation 44 [2/2] (0.67ns)   --->   "%ba_22 = load i4 %A_7_addr" [kyber-mult-kernel-dataflow.cpp:202]   --->   Operation 44 'load' 'ba_22' <Predicate = (!icmp_ln197)> <Delay = 0.67> <CoreInst = "RAM">   --->   Core 83 'RAM' <Latency = 1> <II = 1> <Delay = 0.67> <Storage> <Opcode : 'load' 'store'> <Ports = 2> <Width = 12> <Depth = 16> <RAM>
ST_1 : Operation 45 [1/1] (0.00ns)   --->   "%B_7_addr = getelementptr i12 %B_7, i64 0, i64 %zext_ln197" [kyber-mult-kernel-dataflow.cpp:203]   --->   Operation 45 'getelementptr' 'B_7_addr' <Predicate = (!icmp_ln197)> <Delay = 0.00>
ST_1 : Operation 46 [2/2] (0.67ns)   --->   "%bb_22 = load i4 %B_7_addr" [kyber-mult-kernel-dataflow.cpp:203]   --->   Operation 46 'load' 'bb_22' <Predicate = (!icmp_ln197)> <Delay = 0.67> <CoreInst = "RAM">   --->   Core 83 'RAM' <Latency = 1> <II = 1> <Delay = 0.67> <Storage> <Opcode : 'load' 'store'> <Ports = 2> <Width = 12> <Depth = 16> <RAM>
ST_1 : Operation 47 [1/1] (0.00ns)   --->   "%A_8_addr = getelementptr i12 %A_8, i64 0, i64 %zext_ln197" [kyber-mult-kernel-dataflow.cpp:202]   --->   Operation 47 'getelementptr' 'A_8_addr' <Predicate = (!icmp_ln197)> <Delay = 0.00>
ST_1 : Operation 48 [2/2] (0.67ns)   --->   "%ba_23 = load i4 %A_8_addr" [kyber-mult-kernel-dataflow.cpp:202]   --->   Operation 48 'load' 'ba_23' <Predicate = (!icmp_ln197)> <Delay = 0.67> <CoreInst = "RAM">   --->   Core 83 'RAM' <Latency = 1> <II = 1> <Delay = 0.67> <Storage> <Opcode : 'load' 'store'> <Ports = 2> <Width = 12> <Depth = 16> <RAM>
ST_1 : Operation 49 [1/1] (0.00ns)   --->   "%B_8_addr = getelementptr i12 %B_8, i64 0, i64 %zext_ln197" [kyber-mult-kernel-dataflow.cpp:203]   --->   Operation 49 'getelementptr' 'B_8_addr' <Predicate = (!icmp_ln197)> <Delay = 0.00>
ST_1 : Operation 50 [2/2] (0.67ns)   --->   "%bb_23 = load i4 %B_8_addr" [kyber-mult-kernel-dataflow.cpp:203]   --->   Operation 50 'load' 'bb_23' <Predicate = (!icmp_ln197)> <Delay = 0.67> <CoreInst = "RAM">   --->   Core 83 'RAM' <Latency = 1> <II = 1> <Delay = 0.67> <Storage> <Opcode : 'load' 'store'> <Ports = 2> <Width = 12> <Depth = 16> <RAM>
ST_1 : Operation 51 [1/1] (0.00ns)   --->   "%A_9_addr = getelementptr i12 %A_9, i64 0, i64 %zext_ln197" [kyber-mult-kernel-dataflow.cpp:202]   --->   Operation 51 'getelementptr' 'A_9_addr' <Predicate = (!icmp_ln197)> <Delay = 0.00>
ST_1 : Operation 52 [2/2] (0.67ns)   --->   "%ba_24 = load i4 %A_9_addr" [kyber-mult-kernel-dataflow.cpp:202]   --->   Operation 52 'load' 'ba_24' <Predicate = (!icmp_ln197)> <Delay = 0.67> <CoreInst = "RAM">   --->   Core 83 'RAM' <Latency = 1> <II = 1> <Delay = 0.67> <Storage> <Opcode : 'load' 'store'> <Ports = 2> <Width = 12> <Depth = 16> <RAM>
ST_1 : Operation 53 [1/1] (0.00ns)   --->   "%B_9_addr = getelementptr i12 %B_9, i64 0, i64 %zext_ln197" [kyber-mult-kernel-dataflow.cpp:203]   --->   Operation 53 'getelementptr' 'B_9_addr' <Predicate = (!icmp_ln197)> <Delay = 0.00>
ST_1 : Operation 54 [2/2] (0.67ns)   --->   "%bb_24 = load i4 %B_9_addr" [kyber-mult-kernel-dataflow.cpp:203]   --->   Operation 54 'load' 'bb_24' <Predicate = (!icmp_ln197)> <Delay = 0.67> <CoreInst = "RAM">   --->   Core 83 'RAM' <Latency = 1> <II = 1> <Delay = 0.67> <Storage> <Opcode : 'load' 'store'> <Ports = 2> <Width = 12> <Depth = 16> <RAM>
ST_1 : Operation 55 [1/1] (0.00ns)   --->   "%A_10_addr = getelementptr i12 %A_10, i64 0, i64 %zext_ln197" [kyber-mult-kernel-dataflow.cpp:202]   --->   Operation 55 'getelementptr' 'A_10_addr' <Predicate = (!icmp_ln197)> <Delay = 0.00>
ST_1 : Operation 56 [2/2] (0.67ns)   --->   "%ba_25 = load i4 %A_10_addr" [kyber-mult-kernel-dataflow.cpp:202]   --->   Operation 56 'load' 'ba_25' <Predicate = (!icmp_ln197)> <Delay = 0.67> <CoreInst = "RAM">   --->   Core 83 'RAM' <Latency = 1> <II = 1> <Delay = 0.67> <Storage> <Opcode : 'load' 'store'> <Ports = 2> <Width = 12> <Depth = 16> <RAM>
ST_1 : Operation 57 [1/1] (0.00ns)   --->   "%B_10_addr = getelementptr i12 %B_10, i64 0, i64 %zext_ln197" [kyber-mult-kernel-dataflow.cpp:203]   --->   Operation 57 'getelementptr' 'B_10_addr' <Predicate = (!icmp_ln197)> <Delay = 0.00>
ST_1 : Operation 58 [2/2] (0.67ns)   --->   "%bb_25 = load i4 %B_10_addr" [kyber-mult-kernel-dataflow.cpp:203]   --->   Operation 58 'load' 'bb_25' <Predicate = (!icmp_ln197)> <Delay = 0.67> <CoreInst = "RAM">   --->   Core 83 'RAM' <Latency = 1> <II = 1> <Delay = 0.67> <Storage> <Opcode : 'load' 'store'> <Ports = 2> <Width = 12> <Depth = 16> <RAM>
ST_1 : Operation 59 [1/1] (0.00ns)   --->   "%A_11_addr = getelementptr i12 %A_11, i64 0, i64 %zext_ln197" [kyber-mult-kernel-dataflow.cpp:202]   --->   Operation 59 'getelementptr' 'A_11_addr' <Predicate = (!icmp_ln197)> <Delay = 0.00>
ST_1 : Operation 60 [2/2] (0.67ns)   --->   "%ba_26 = load i4 %A_11_addr" [kyber-mult-kernel-dataflow.cpp:202]   --->   Operation 60 'load' 'ba_26' <Predicate = (!icmp_ln197)> <Delay = 0.67> <CoreInst = "RAM">   --->   Core 83 'RAM' <Latency = 1> <II = 1> <Delay = 0.67> <Storage> <Opcode : 'load' 'store'> <Ports = 2> <Width = 12> <Depth = 16> <RAM>
ST_1 : Operation 61 [1/1] (0.00ns)   --->   "%B_11_addr = getelementptr i12 %B_11, i64 0, i64 %zext_ln197" [kyber-mult-kernel-dataflow.cpp:203]   --->   Operation 61 'getelementptr' 'B_11_addr' <Predicate = (!icmp_ln197)> <Delay = 0.00>
ST_1 : Operation 62 [2/2] (0.67ns)   --->   "%bb_26 = load i4 %B_11_addr" [kyber-mult-kernel-dataflow.cpp:203]   --->   Operation 62 'load' 'bb_26' <Predicate = (!icmp_ln197)> <Delay = 0.67> <CoreInst = "RAM">   --->   Core 83 'RAM' <Latency = 1> <II = 1> <Delay = 0.67> <Storage> <Opcode : 'load' 'store'> <Ports = 2> <Width = 12> <Depth = 16> <RAM>
ST_1 : Operation 63 [1/1] (0.00ns)   --->   "%A_12_addr = getelementptr i12 %A_12, i64 0, i64 %zext_ln197" [kyber-mult-kernel-dataflow.cpp:202]   --->   Operation 63 'getelementptr' 'A_12_addr' <Predicate = (!icmp_ln197)> <Delay = 0.00>
ST_1 : Operation 64 [2/2] (0.67ns)   --->   "%ba_27 = load i4 %A_12_addr" [kyber-mult-kernel-dataflow.cpp:202]   --->   Operation 64 'load' 'ba_27' <Predicate = (!icmp_ln197)> <Delay = 0.67> <CoreInst = "RAM">   --->   Core 83 'RAM' <Latency = 1> <II = 1> <Delay = 0.67> <Storage> <Opcode : 'load' 'store'> <Ports = 2> <Width = 12> <Depth = 16> <RAM>
ST_1 : Operation 65 [1/1] (0.00ns)   --->   "%B_12_addr = getelementptr i12 %B_12, i64 0, i64 %zext_ln197" [kyber-mult-kernel-dataflow.cpp:203]   --->   Operation 65 'getelementptr' 'B_12_addr' <Predicate = (!icmp_ln197)> <Delay = 0.00>
ST_1 : Operation 66 [2/2] (0.67ns)   --->   "%bb_27 = load i4 %B_12_addr" [kyber-mult-kernel-dataflow.cpp:203]   --->   Operation 66 'load' 'bb_27' <Predicate = (!icmp_ln197)> <Delay = 0.67> <CoreInst = "RAM">   --->   Core 83 'RAM' <Latency = 1> <II = 1> <Delay = 0.67> <Storage> <Opcode : 'load' 'store'> <Ports = 2> <Width = 12> <Depth = 16> <RAM>
ST_1 : Operation 67 [1/1] (0.00ns)   --->   "%A_13_addr = getelementptr i12 %A_13, i64 0, i64 %zext_ln197" [kyber-mult-kernel-dataflow.cpp:202]   --->   Operation 67 'getelementptr' 'A_13_addr' <Predicate = (!icmp_ln197)> <Delay = 0.00>
ST_1 : Operation 68 [2/2] (0.67ns)   --->   "%ba_28 = load i4 %A_13_addr" [kyber-mult-kernel-dataflow.cpp:202]   --->   Operation 68 'load' 'ba_28' <Predicate = (!icmp_ln197)> <Delay = 0.67> <CoreInst = "RAM">   --->   Core 83 'RAM' <Latency = 1> <II = 1> <Delay = 0.67> <Storage> <Opcode : 'load' 'store'> <Ports = 2> <Width = 12> <Depth = 16> <RAM>
ST_1 : Operation 69 [1/1] (0.00ns)   --->   "%B_13_addr = getelementptr i12 %B_13, i64 0, i64 %zext_ln197" [kyber-mult-kernel-dataflow.cpp:203]   --->   Operation 69 'getelementptr' 'B_13_addr' <Predicate = (!icmp_ln197)> <Delay = 0.00>
ST_1 : Operation 70 [2/2] (0.67ns)   --->   "%bb_28 = load i4 %B_13_addr" [kyber-mult-kernel-dataflow.cpp:203]   --->   Operation 70 'load' 'bb_28' <Predicate = (!icmp_ln197)> <Delay = 0.67> <CoreInst = "RAM">   --->   Core 83 'RAM' <Latency = 1> <II = 1> <Delay = 0.67> <Storage> <Opcode : 'load' 'store'> <Ports = 2> <Width = 12> <Depth = 16> <RAM>
ST_1 : Operation 71 [1/1] (0.00ns)   --->   "%A_14_addr = getelementptr i12 %A_14, i64 0, i64 %zext_ln197" [kyber-mult-kernel-dataflow.cpp:202]   --->   Operation 71 'getelementptr' 'A_14_addr' <Predicate = (!icmp_ln197)> <Delay = 0.00>
ST_1 : Operation 72 [2/2] (0.67ns)   --->   "%ba_29 = load i4 %A_14_addr" [kyber-mult-kernel-dataflow.cpp:202]   --->   Operation 72 'load' 'ba_29' <Predicate = (!icmp_ln197)> <Delay = 0.67> <CoreInst = "RAM">   --->   Core 83 'RAM' <Latency = 1> <II = 1> <Delay = 0.67> <Storage> <Opcode : 'load' 'store'> <Ports = 2> <Width = 12> <Depth = 16> <RAM>
ST_1 : Operation 73 [1/1] (0.00ns)   --->   "%B_14_addr = getelementptr i12 %B_14, i64 0, i64 %zext_ln197" [kyber-mult-kernel-dataflow.cpp:203]   --->   Operation 73 'getelementptr' 'B_14_addr' <Predicate = (!icmp_ln197)> <Delay = 0.00>
ST_1 : Operation 74 [2/2] (0.67ns)   --->   "%bb_29 = load i4 %B_14_addr" [kyber-mult-kernel-dataflow.cpp:203]   --->   Operation 74 'load' 'bb_29' <Predicate = (!icmp_ln197)> <Delay = 0.67> <CoreInst = "RAM">   --->   Core 83 'RAM' <Latency = 1> <II = 1> <Delay = 0.67> <Storage> <Opcode : 'load' 'store'> <Ports = 2> <Width = 12> <Depth = 16> <RAM>
ST_1 : Operation 75 [1/1] (0.00ns)   --->   "%A_15_addr = getelementptr i12 %A_15, i64 0, i64 %zext_ln197" [kyber-mult-kernel-dataflow.cpp:202]   --->   Operation 75 'getelementptr' 'A_15_addr' <Predicate = (!icmp_ln197)> <Delay = 0.00>
ST_1 : Operation 76 [2/2] (0.67ns)   --->   "%ba_30 = load i4 %A_15_addr" [kyber-mult-kernel-dataflow.cpp:202]   --->   Operation 76 'load' 'ba_30' <Predicate = (!icmp_ln197)> <Delay = 0.67> <CoreInst = "RAM">   --->   Core 83 'RAM' <Latency = 1> <II = 1> <Delay = 0.67> <Storage> <Opcode : 'load' 'store'> <Ports = 2> <Width = 12> <Depth = 16> <RAM>
ST_1 : Operation 77 [1/1] (0.00ns)   --->   "%B_15_addr = getelementptr i12 %B_15, i64 0, i64 %zext_ln197" [kyber-mult-kernel-dataflow.cpp:203]   --->   Operation 77 'getelementptr' 'B_15_addr' <Predicate = (!icmp_ln197)> <Delay = 0.00>
ST_1 : Operation 78 [2/2] (0.67ns)   --->   "%bb_30 = load i4 %B_15_addr" [kyber-mult-kernel-dataflow.cpp:203]   --->   Operation 78 'load' 'bb_30' <Predicate = (!icmp_ln197)> <Delay = 0.67> <CoreInst = "RAM">   --->   Core 83 'RAM' <Latency = 1> <II = 1> <Delay = 0.67> <Storage> <Opcode : 'load' 'store'> <Ports = 2> <Width = 12> <Depth = 16> <RAM>
ST_1 : Operation 79 [1/1] (0.42ns)   --->   "%store_ln197 = store i5 %add_ln197, i5 %w_51" [kyber-mult-kernel-dataflow.cpp:197]   --->   Operation 79 'store' 'store_ln197' <Predicate = (!icmp_ln197)> <Delay = 0.42>
ST_1 : Operation 120 [1/1] (0.00ns)   --->   "%ret_ln0 = ret"   --->   Operation 120 'ret' 'ret_ln0' <Predicate = (icmp_ln197)> <Delay = 0.00>

State 2 <SV = 1> <Delay = 2.57>
ST_2 : Operation 80 [1/1] (0.00ns)   --->   "%specpipeline_ln198 = specpipeline void @_ssdm_op_SpecPipeline, i32 1, i32 0, i32 0, i32 0, void @empty_246" [kyber-mult-kernel-dataflow.cpp:198]   --->   Operation 80 'specpipeline' 'specpipeline_ln198' <Predicate = true> <Delay = 0.00>
ST_2 : Operation 81 [1/1] (0.00ns)   --->   "%speclooptripcount_ln197 = speclooptripcount void @_ssdm_op_SpecLoopTripCount, i64 16, i64 16, i64 16" [kyber-mult-kernel-dataflow.cpp:197]   --->   Operation 81 'speclooptripcount' 'speclooptripcount_ln197' <Predicate = true> <Delay = 0.00>
ST_2 : Operation 82 [1/1] (0.00ns)   --->   "%specloopname_ln197 = specloopname void @_ssdm_op_SpecLoopName, void @empty_174" [kyber-mult-kernel-dataflow.cpp:197]   --->   Operation 82 'specloopname' 'specloopname_ln197' <Predicate = true> <Delay = 0.00>
ST_2 : Operation 83 [1/2] (0.67ns)   --->   "%ba = load i4 %A_addr" [kyber-mult-kernel-dataflow.cpp:202]   --->   Operation 83 'load' 'ba' <Predicate = true> <Delay = 0.67> <CoreInst = "RAM">   --->   Core 83 'RAM' <Latency = 1> <II = 1> <Delay = 0.67> <Storage> <Opcode : 'load' 'store'> <Ports = 2> <Width = 12> <Depth = 16> <RAM>
ST_2 : Operation 84 [1/2] (0.67ns)   --->   "%bb = load i4 %B_addr" [kyber-mult-kernel-dataflow.cpp:203]   --->   Operation 84 'load' 'bb' <Predicate = true> <Delay = 0.67> <CoreInst = "RAM">   --->   Core 83 'RAM' <Latency = 1> <II = 1> <Delay = 0.67> <Storage> <Opcode : 'load' 'store'> <Ports = 2> <Width = 12> <Depth = 16> <RAM>
ST_2 : Operation 85 [1/2] (0.67ns)   --->   "%ba_16 = load i4 %A_1_addr" [kyber-mult-kernel-dataflow.cpp:202]   --->   Operation 85 'load' 'ba_16' <Predicate = true> <Delay = 0.67> <CoreInst = "RAM">   --->   Core 83 'RAM' <Latency = 1> <II = 1> <Delay = 0.67> <Storage> <Opcode : 'load' 'store'> <Ports = 2> <Width = 12> <Depth = 16> <RAM>
ST_2 : Operation 86 [1/2] (0.67ns)   --->   "%bb_16 = load i4 %B_1_addr" [kyber-mult-kernel-dataflow.cpp:203]   --->   Operation 86 'load' 'bb_16' <Predicate = true> <Delay = 0.67> <CoreInst = "RAM">   --->   Core 83 'RAM' <Latency = 1> <II = 1> <Delay = 0.67> <Storage> <Opcode : 'load' 'store'> <Ports = 2> <Width = 12> <Depth = 16> <RAM>
ST_2 : Operation 87 [1/2] (0.67ns)   --->   "%ba_17 = load i4 %A_2_addr" [kyber-mult-kernel-dataflow.cpp:202]   --->   Operation 87 'load' 'ba_17' <Predicate = true> <Delay = 0.67> <CoreInst = "RAM">   --->   Core 83 'RAM' <Latency = 1> <II = 1> <Delay = 0.67> <Storage> <Opcode : 'load' 'store'> <Ports = 2> <Width = 12> <Depth = 16> <RAM>
ST_2 : Operation 88 [1/2] (0.67ns)   --->   "%bb_17 = load i4 %B_2_addr" [kyber-mult-kernel-dataflow.cpp:203]   --->   Operation 88 'load' 'bb_17' <Predicate = true> <Delay = 0.67> <CoreInst = "RAM">   --->   Core 83 'RAM' <Latency = 1> <II = 1> <Delay = 0.67> <Storage> <Opcode : 'load' 'store'> <Ports = 2> <Width = 12> <Depth = 16> <RAM>
ST_2 : Operation 89 [1/2] (0.67ns)   --->   "%ba_18 = load i4 %A_3_addr" [kyber-mult-kernel-dataflow.cpp:202]   --->   Operation 89 'load' 'ba_18' <Predicate = true> <Delay = 0.67> <CoreInst = "RAM">   --->   Core 83 'RAM' <Latency = 1> <II = 1> <Delay = 0.67> <Storage> <Opcode : 'load' 'store'> <Ports = 2> <Width = 12> <Depth = 16> <RAM>
ST_2 : Operation 90 [1/2] (0.67ns)   --->   "%bb_18 = load i4 %B_3_addr" [kyber-mult-kernel-dataflow.cpp:203]   --->   Operation 90 'load' 'bb_18' <Predicate = true> <Delay = 0.67> <CoreInst = "RAM">   --->   Core 83 'RAM' <Latency = 1> <II = 1> <Delay = 0.67> <Storage> <Opcode : 'load' 'store'> <Ports = 2> <Width = 12> <Depth = 16> <RAM>
ST_2 : Operation 91 [1/2] (0.67ns)   --->   "%ba_19 = load i4 %A_4_addr" [kyber-mult-kernel-dataflow.cpp:202]   --->   Operation 91 'load' 'ba_19' <Predicate = true> <Delay = 0.67> <CoreInst = "RAM">   --->   Core 83 'RAM' <Latency = 1> <II = 1> <Delay = 0.67> <Storage> <Opcode : 'load' 'store'> <Ports = 2> <Width = 12> <Depth = 16> <RAM>
ST_2 : Operation 92 [1/2] (0.67ns)   --->   "%bb_19 = load i4 %B_4_addr" [kyber-mult-kernel-dataflow.cpp:203]   --->   Operation 92 'load' 'bb_19' <Predicate = true> <Delay = 0.67> <CoreInst = "RAM">   --->   Core 83 'RAM' <Latency = 1> <II = 1> <Delay = 0.67> <Storage> <Opcode : 'load' 'store'> <Ports = 2> <Width = 12> <Depth = 16> <RAM>
ST_2 : Operation 93 [1/2] (0.67ns)   --->   "%ba_20 = load i4 %A_5_addr" [kyber-mult-kernel-dataflow.cpp:202]   --->   Operation 93 'load' 'ba_20' <Predicate = true> <Delay = 0.67> <CoreInst = "RAM">   --->   Core 83 'RAM' <Latency = 1> <II = 1> <Delay = 0.67> <Storage> <Opcode : 'load' 'store'> <Ports = 2> <Width = 12> <Depth = 16> <RAM>
ST_2 : Operation 94 [1/2] (0.67ns)   --->   "%bb_20 = load i4 %B_5_addr" [kyber-mult-kernel-dataflow.cpp:203]   --->   Operation 94 'load' 'bb_20' <Predicate = true> <Delay = 0.67> <CoreInst = "RAM">   --->   Core 83 'RAM' <Latency = 1> <II = 1> <Delay = 0.67> <Storage> <Opcode : 'load' 'store'> <Ports = 2> <Width = 12> <Depth = 16> <RAM>
ST_2 : Operation 95 [1/2] (0.67ns)   --->   "%ba_21 = load i4 %A_6_addr" [kyber-mult-kernel-dataflow.cpp:202]   --->   Operation 95 'load' 'ba_21' <Predicate = true> <Delay = 0.67> <CoreInst = "RAM">   --->   Core 83 'RAM' <Latency = 1> <II = 1> <Delay = 0.67> <Storage> <Opcode : 'load' 'store'> <Ports = 2> <Width = 12> <Depth = 16> <RAM>
ST_2 : Operation 96 [1/2] (0.67ns)   --->   "%bb_21 = load i4 %B_6_addr" [kyber-mult-kernel-dataflow.cpp:203]   --->   Operation 96 'load' 'bb_21' <Predicate = true> <Delay = 0.67> <CoreInst = "RAM">   --->   Core 83 'RAM' <Latency = 1> <II = 1> <Delay = 0.67> <Storage> <Opcode : 'load' 'store'> <Ports = 2> <Width = 12> <Depth = 16> <RAM>
ST_2 : Operation 97 [1/2] (0.67ns)   --->   "%ba_22 = load i4 %A_7_addr" [kyber-mult-kernel-dataflow.cpp:202]   --->   Operation 97 'load' 'ba_22' <Predicate = true> <Delay = 0.67> <CoreInst = "RAM">   --->   Core 83 'RAM' <Latency = 1> <II = 1> <Delay = 0.67> <Storage> <Opcode : 'load' 'store'> <Ports = 2> <Width = 12> <Depth = 16> <RAM>
ST_2 : Operation 98 [1/2] (0.67ns)   --->   "%bb_22 = load i4 %B_7_addr" [kyber-mult-kernel-dataflow.cpp:203]   --->   Operation 98 'load' 'bb_22' <Predicate = true> <Delay = 0.67> <CoreInst = "RAM">   --->   Core 83 'RAM' <Latency = 1> <II = 1> <Delay = 0.67> <Storage> <Opcode : 'load' 'store'> <Ports = 2> <Width = 12> <Depth = 16> <RAM>
ST_2 : Operation 99 [1/2] (0.67ns)   --->   "%ba_23 = load i4 %A_8_addr" [kyber-mult-kernel-dataflow.cpp:202]   --->   Operation 99 'load' 'ba_23' <Predicate = true> <Delay = 0.67> <CoreInst = "RAM">   --->   Core 83 'RAM' <Latency = 1> <II = 1> <Delay = 0.67> <Storage> <Opcode : 'load' 'store'> <Ports = 2> <Width = 12> <Depth = 16> <RAM>
ST_2 : Operation 100 [1/2] (0.67ns)   --->   "%bb_23 = load i4 %B_8_addr" [kyber-mult-kernel-dataflow.cpp:203]   --->   Operation 100 'load' 'bb_23' <Predicate = true> <Delay = 0.67> <CoreInst = "RAM">   --->   Core 83 'RAM' <Latency = 1> <II = 1> <Delay = 0.67> <Storage> <Opcode : 'load' 'store'> <Ports = 2> <Width = 12> <Depth = 16> <RAM>
ST_2 : Operation 101 [1/2] (0.67ns)   --->   "%ba_24 = load i4 %A_9_addr" [kyber-mult-kernel-dataflow.cpp:202]   --->   Operation 101 'load' 'ba_24' <Predicate = true> <Delay = 0.67> <CoreInst = "RAM">   --->   Core 83 'RAM' <Latency = 1> <II = 1> <Delay = 0.67> <Storage> <Opcode : 'load' 'store'> <Ports = 2> <Width = 12> <Depth = 16> <RAM>
ST_2 : Operation 102 [1/2] (0.67ns)   --->   "%bb_24 = load i4 %B_9_addr" [kyber-mult-kernel-dataflow.cpp:203]   --->   Operation 102 'load' 'bb_24' <Predicate = true> <Delay = 0.67> <CoreInst = "RAM">   --->   Core 83 'RAM' <Latency = 1> <II = 1> <Delay = 0.67> <Storage> <Opcode : 'load' 'store'> <Ports = 2> <Width = 12> <Depth = 16> <RAM>
ST_2 : Operation 103 [1/2] (0.67ns)   --->   "%ba_25 = load i4 %A_10_addr" [kyber-mult-kernel-dataflow.cpp:202]   --->   Operation 103 'load' 'ba_25' <Predicate = true> <Delay = 0.67> <CoreInst = "RAM">   --->   Core 83 'RAM' <Latency = 1> <II = 1> <Delay = 0.67> <Storage> <Opcode : 'load' 'store'> <Ports = 2> <Width = 12> <Depth = 16> <RAM>
ST_2 : Operation 104 [1/2] (0.67ns)   --->   "%bb_25 = load i4 %B_10_addr" [kyber-mult-kernel-dataflow.cpp:203]   --->   Operation 104 'load' 'bb_25' <Predicate = true> <Delay = 0.67> <CoreInst = "RAM">   --->   Core 83 'RAM' <Latency = 1> <II = 1> <Delay = 0.67> <Storage> <Opcode : 'load' 'store'> <Ports = 2> <Width = 12> <Depth = 16> <RAM>
ST_2 : Operation 105 [1/2] (0.67ns)   --->   "%ba_26 = load i4 %A_11_addr" [kyber-mult-kernel-dataflow.cpp:202]   --->   Operation 105 'load' 'ba_26' <Predicate = true> <Delay = 0.67> <CoreInst = "RAM">   --->   Core 83 'RAM' <Latency = 1> <II = 1> <Delay = 0.67> <Storage> <Opcode : 'load' 'store'> <Ports = 2> <Width = 12> <Depth = 16> <RAM>
ST_2 : Operation 106 [1/2] (0.67ns)   --->   "%bb_26 = load i4 %B_11_addr" [kyber-mult-kernel-dataflow.cpp:203]   --->   Operation 106 'load' 'bb_26' <Predicate = true> <Delay = 0.67> <CoreInst = "RAM">   --->   Core 83 'RAM' <Latency = 1> <II = 1> <Delay = 0.67> <Storage> <Opcode : 'load' 'store'> <Ports = 2> <Width = 12> <Depth = 16> <RAM>
ST_2 : Operation 107 [1/2] (0.67ns)   --->   "%ba_27 = load i4 %A_12_addr" [kyber-mult-kernel-dataflow.cpp:202]   --->   Operation 107 'load' 'ba_27' <Predicate = true> <Delay = 0.67> <CoreInst = "RAM">   --->   Core 83 'RAM' <Latency = 1> <II = 1> <Delay = 0.67> <Storage> <Opcode : 'load' 'store'> <Ports = 2> <Width = 12> <Depth = 16> <RAM>
ST_2 : Operation 108 [1/2] (0.67ns)   --->   "%bb_27 = load i4 %B_12_addr" [kyber-mult-kernel-dataflow.cpp:203]   --->   Operation 108 'load' 'bb_27' <Predicate = true> <Delay = 0.67> <CoreInst = "RAM">   --->   Core 83 'RAM' <Latency = 1> <II = 1> <Delay = 0.67> <Storage> <Opcode : 'load' 'store'> <Ports = 2> <Width = 12> <Depth = 16> <RAM>
ST_2 : Operation 109 [1/2] (0.67ns)   --->   "%ba_28 = load i4 %A_13_addr" [kyber-mult-kernel-dataflow.cpp:202]   --->   Operation 109 'load' 'ba_28' <Predicate = true> <Delay = 0.67> <CoreInst = "RAM">   --->   Core 83 'RAM' <Latency = 1> <II = 1> <Delay = 0.67> <Storage> <Opcode : 'load' 'store'> <Ports = 2> <Width = 12> <Depth = 16> <RAM>
ST_2 : Operation 110 [1/2] (0.67ns)   --->   "%bb_28 = load i4 %B_13_addr" [kyber-mult-kernel-dataflow.cpp:203]   --->   Operation 110 'load' 'bb_28' <Predicate = true> <Delay = 0.67> <CoreInst = "RAM">   --->   Core 83 'RAM' <Latency = 1> <II = 1> <Delay = 0.67> <Storage> <Opcode : 'load' 'store'> <Ports = 2> <Width = 12> <Depth = 16> <RAM>
ST_2 : Operation 111 [1/2] (0.67ns)   --->   "%ba_29 = load i4 %A_14_addr" [kyber-mult-kernel-dataflow.cpp:202]   --->   Operation 111 'load' 'ba_29' <Predicate = true> <Delay = 0.67> <CoreInst = "RAM">   --->   Core 83 'RAM' <Latency = 1> <II = 1> <Delay = 0.67> <Storage> <Opcode : 'load' 'store'> <Ports = 2> <Width = 12> <Depth = 16> <RAM>
ST_2 : Operation 112 [1/2] (0.67ns)   --->   "%bb_29 = load i4 %B_14_addr" [kyber-mult-kernel-dataflow.cpp:203]   --->   Operation 112 'load' 'bb_29' <Predicate = true> <Delay = 0.67> <CoreInst = "RAM">   --->   Core 83 'RAM' <Latency = 1> <II = 1> <Delay = 0.67> <Storage> <Opcode : 'load' 'store'> <Ports = 2> <Width = 12> <Depth = 16> <RAM>
ST_2 : Operation 113 [1/2] (0.67ns)   --->   "%ba_30 = load i4 %A_15_addr" [kyber-mult-kernel-dataflow.cpp:202]   --->   Operation 113 'load' 'ba_30' <Predicate = true> <Delay = 0.67> <CoreInst = "RAM">   --->   Core 83 'RAM' <Latency = 1> <II = 1> <Delay = 0.67> <Storage> <Opcode : 'load' 'store'> <Ports = 2> <Width = 12> <Depth = 16> <RAM>
ST_2 : Operation 114 [1/2] (0.67ns)   --->   "%bb_30 = load i4 %B_15_addr" [kyber-mult-kernel-dataflow.cpp:203]   --->   Operation 114 'load' 'bb_30' <Predicate = true> <Delay = 0.67> <CoreInst = "RAM">   --->   Core 83 'RAM' <Latency = 1> <II = 1> <Delay = 0.67> <Storage> <Opcode : 'load' 'store'> <Ports = 2> <Width = 12> <Depth = 16> <RAM>
ST_2 : Operation 115 [1/1] (0.00ns)   --->   "%p_s = bitconcatenate i192 @_ssdm_op_BitConcatenate.i192.i12.i12.i12.i12.i12.i12.i12.i12.i12.i12.i12.i12.i12.i12.i12.i12, i12 %ba_30, i12 %ba_29, i12 %ba_28, i12 %ba_27, i12 %ba_26, i12 %ba_25, i12 %ba_24, i12 %ba_23, i12 %ba_22, i12 %ba_21, i12 %ba_20, i12 %ba_19, i12 %ba_18, i12 %ba_17, i12 %ba_16, i12 %ba" [kyber-mult-kernel-dataflow.cpp:205]   --->   Operation 115 'bitconcatenate' 'p_s' <Predicate = true> <Delay = 0.00>
ST_2 : Operation 116 [1/1] (1.89ns)   --->   "%write_ln205 = write void @_ssdm_op_Write.ap_fifo.volatile.i192P0A, i192 %sA1, i192 %p_s" [kyber-mult-kernel-dataflow.cpp:205]   --->   Operation 116 'write' 'write_ln205' <Predicate = true> <Delay = 1.89> <CoreInst = "FIFO">   --->   Core 78 'FIFO' <Latency = 0> <II = 1> <Delay = 1.89> <Storage> <Opcode : 'read' 'write' 'nbread' 'nbwrite'> <Ports = 0> <Width = 192> <Depth = 32> <FIFO>
ST_2 : Operation 117 [1/1] (0.00ns)   --->   "%p_0 = bitconcatenate i192 @_ssdm_op_BitConcatenate.i192.i12.i12.i12.i12.i12.i12.i12.i12.i12.i12.i12.i12.i12.i12.i12.i12, i12 %bb_30, i12 %bb_29, i12 %bb_28, i12 %bb_27, i12 %bb_26, i12 %bb_25, i12 %bb_24, i12 %bb_23, i12 %bb_22, i12 %bb_21, i12 %bb_20, i12 %bb_19, i12 %bb_18, i12 %bb_17, i12 %bb_16, i12 %bb" [kyber-mult-kernel-dataflow.cpp:205]   --->   Operation 117 'bitconcatenate' 'p_0' <Predicate = true> <Delay = 0.00>
ST_2 : Operation 118 [1/1] (1.89ns)   --->   "%write_ln205 = write void @_ssdm_op_Write.ap_fifo.volatile.i192P0A, i192 %sB1, i192 %p_0" [kyber-mult-kernel-dataflow.cpp:205]   --->   Operation 118 'write' 'write_ln205' <Predicate = true> <Delay = 1.89> <CoreInst = "FIFO">   --->   Core 78 'FIFO' <Latency = 0> <II = 1> <Delay = 1.89> <Storage> <Opcode : 'read' 'write' 'nbread' 'nbwrite'> <Ports = 0> <Width = 192> <Depth = 32> <FIFO>
ST_2 : Operation 119 [1/1] (0.00ns)   --->   "%br_ln197 = br void %VITIS_LOOP_200_2" [kyber-mult-kernel-dataflow.cpp:197]   --->   Operation 119 'br' 'br_ln197' <Predicate = true> <Delay = 0.00>


============================================================
+ Verbose Summary: Timing violations
============================================================
Target clock period: 10.000ns, clock uncertainty: 2.700ns.

 <State 1>: 1.643ns
The critical path consists of the following:
	'store' operation 0 bit ('store_ln197', kyber-mult-kernel-dataflow.cpp:197) of constant 0 on local variable 'w', kyber-mult-kernel-dataflow.cpp:197 [38]  (0.427 ns)
	'load' operation 5 bit ('w', kyber-mult-kernel-dataflow.cpp:197) on local variable 'w', kyber-mult-kernel-dataflow.cpp:197 [41]  (0.000 ns)
	'add' operation 5 bit ('add_ln197', kyber-mult-kernel-dataflow.cpp:197) [43]  (0.789 ns)
	'store' operation 0 bit ('store_ln197', kyber-mult-kernel-dataflow.cpp:197) of variable 'add_ln197', kyber-mult-kernel-dataflow.cpp:197 on local variable 'w', kyber-mult-kernel-dataflow.cpp:197 [118]  (0.427 ns)

 <State 2>: 2.575ns
The critical path consists of the following:
	'load' operation 12 bit ('ba', kyber-mult-kernel-dataflow.cpp:202) on array 'A' [51]  (0.677 ns)
	fifo write operation ('write_ln205', kyber-mult-kernel-dataflow.cpp:205) on port 'sA1' (kyber-mult-kernel-dataflow.cpp:205) [115]  (1.898 ns)


============================================================
+ Verbose Summary: Binding
============================================================
N/A
* FSMD analyzer results:
  - Output states:
 - Input state : 
  - Chain level:
	State 1
	State 2


============================================================
+ Verbose Summary: Datapath Resource usage 
============================================================
N/A
