

================================================================
== Vitis HLS Report for 'inv_all'
================================================================
* Date:           Thu Jun 11 23:16:44 2026

* Version:        2023.2 (Build 4023990 on Oct 11 2023)
* Project:        ntt_kyber
* Solution:       solution1 (Vivado IP Flow Target)
* Product family: zynquplus
* Target device:  xck26-sfvc784-2LV-c


================================================================
== Performance Estimates
================================================================
+ Timing: 
    * Summary: 
    +--------+----------+----------+------------+
    |  Clock |  Target  | Estimated| Uncertainty|
    +--------+----------+----------+------------+
    |ap_clk  |  10.00 ns|  6.397 ns|     2.70 ns|
    +--------+----------+----------+------------+

+ Latency: 
    * Summary: 
    +---------+---------+----------+-----------+-----+------+---------+
    |  Latency (cycles) |  Latency (absolute)  |  Interval  | Pipeline|
    |   min   |   max   |    min   |    max    | min |  max |   Type  |
    +---------+---------+----------+-----------+-----+------+---------+
    |      490|     7825|  4.900 us|  78.250 us|  490|  7825|       no|
    +---------+---------+----------+-----------+-----+------+---------+

    + Detail: 
        * Instance: 
        N/A

        * Loop: 
        +----------+---------+---------+----------+-----------+-----------+--------+----------+
        |          |  Latency (cycles) | Iteration|  Initiation Interval  |  Trip  |          |
        | Loop Name|   min   |   max   |  Latency |  achieved |   target  |  Count | Pipelined|
        +----------+---------+---------+----------+-----------+-----------+--------+----------+
        |- IN_BLK  |      489|     7824|       489|          -|          -|  1 ~ 16|        no|
        +----------+---------+---------+----------+-----------+-----------+--------+----------+

============================================================
+ Verbose Summary: Synthesis Manager
============================================================
InlineROM: 1
ExposeGlobal: 0
============================================================
+ Verbose Summary: CDFG Model
============================================================
IsTopModel: 0
ResetActiveHigh: 1
IsCombinational: 2
IsDatapathOnly: 0
HasWiredReturn: 1
HasMFsm: 0
HasVarLatency: 1
IsPipeline: 0
IsRtlPipelined: 0
IsInstanceOverlapped: 0
IsDontTouch: 0
HasImplIP: 0
IsGatedGlobalClock: 0


============================================================
+ Verbose Summary: Schedule
============================================================
* Number of FSM states : 7
* Pipeline : 0
* Dataflow Pipeline: 0

* FSM state transitions: 
1 --> 2 
2 --> 3 
3 --> 4 
4 --> 5 
5 --> 6 
6 --> 7 
7 --> 2 

* FSM state operations: 

State 1 <SV = 0> <Delay = 3.67>
ST_1 : Operation 8 [1/1] (0.00ns)   --->   "%blk = alloca i32 1"   --->   Operation 8 'alloca' 'blk' <Predicate = true> <Delay = 0.00>
ST_1 : Operation 9 [1/1] (0.00ns)   --->   "%specinterface_ln0 = specinterface void @_ssdm_op_SpecInterface, i32 %batch, void @ap_fifo_str, i32 0, i32 0, void @p_str, i32 0, i32 0, void @p_str, void @p_str, void @p_str, i32 2, i32 2, i32 16, i32 16, void @p_str, void @ScalarProp_str, i32 4294967295, i32 0"   --->   Operation 9 'specinterface' 'specinterface_ln0' <Predicate = true> <Delay = 0.00>
ST_1 : Operation 10 [1/1] (1.83ns)   --->   "%batch_2 = read i32 @_ssdm_op_Read.ap_fifo.i32P0A, i32 %batch"   --->   Operation 10 'read' 'batch_2' <Predicate = true> <Delay = 1.83> <CoreInst = "FIFO_SRL">   --->   Core 81 'FIFO_SRL' <Latency = 0> <II = 1> <Delay = 1.83> <Storage> <Opcode : 'read' 'write' 'nbread' 'nbwrite'> <Ports = 0> <Width = 32> <Depth = 2> <FIFO>
ST_1 : Operation 11 [1/1] (0.00ns)   --->   "%specinterface_ln0 = specinterface void @_ssdm_op_SpecInterface, i32 %batch_size_c, void @ap_fifo_str, i32 0, i32 0, void @p_str, i32 0, i32 0, void @p_str, void @p_str, void @p_str, i32 2, i32 2, i32 16, i32 16, void @p_str, void @ScalarProp_str, i32 4294967295, i32 0"   --->   Operation 11 'specinterface' 'specinterface_ln0' <Predicate = true> <Delay = 0.00>
ST_1 : Operation 12 [1/1] (1.83ns)   --->   "%write_ln0 = write void @_ssdm_op_Write.ap_fifo.i32P0A, i32 %batch_size_c, i32 %batch_2"   --->   Operation 12 'write' 'write_ln0' <Predicate = true> <Delay = 1.83> <CoreInst = "FIFO_SRL">   --->   Core 81 'FIFO_SRL' <Latency = 0> <II = 1> <Delay = 1.83> <Storage> <Opcode : 'read' 'write' 'nbread' 'nbwrite'> <Ports = 0> <Width = 32> <Depth = 2> <FIFO>
ST_1 : Operation 13 [1/1] (0.00ns)   --->   "%specinterface_ln0 = specinterface void @_ssdm_op_SpecInterface, i192 %sC1, void @empty_163, i32 0, i32 0, void @empty_246, i32 0, i32 0, void @empty_246, void @empty_246, void @empty_246, i32 0, i32 0, i32 0, i32 0, void @empty_246, void @empty_246, i32 4294967295, i32 0"   --->   Operation 13 'specinterface' 'specinterface_ln0' <Predicate = true> <Delay = 0.00>
ST_1 : Operation 14 [1/1] (0.00ns)   --->   "%specinterface_ln0 = specinterface void @_ssdm_op_SpecInterface, i192 %sC0, void @empty_163, i32 0, i32 0, void @empty_246, i32 0, i32 0, void @empty_246, void @empty_246, void @empty_246, i32 0, i32 0, i32 0, i32 0, void @empty_246, void @empty_246, i32 4294967295, i32 0"   --->   Operation 14 'specinterface' 'specinterface_ln0' <Predicate = true> <Delay = 0.00>
ST_1 : Operation 15 [1/1] (0.00ns)   --->   "%C = alloca i64 1" [kyber-mult-kernel-dataflow.cpp:248]   --->   Operation 15 'alloca' 'C' <Predicate = true> <Delay = 0.00>
ST_1 : Operation 16 [1/1] (0.00ns)   --->   "%C_1 = alloca i64 1" [kyber-mult-kernel-dataflow.cpp:248]   --->   Operation 16 'alloca' 'C_1' <Predicate = true> <Delay = 0.00>
ST_1 : Operation 17 [1/1] (0.00ns)   --->   "%C_2 = alloca i64 1" [kyber-mult-kernel-dataflow.cpp:248]   --->   Operation 17 'alloca' 'C_2' <Predicate = true> <Delay = 0.00>
ST_1 : Operation 18 [1/1] (0.00ns)   --->   "%C_3 = alloca i64 1" [kyber-mult-kernel-dataflow.cpp:248]   --->   Operation 18 'alloca' 'C_3' <Predicate = true> <Delay = 0.00>
ST_1 : Operation 19 [1/1] (0.00ns)   --->   "%C_4 = alloca i64 1" [kyber-mult-kernel-dataflow.cpp:248]   --->   Operation 19 'alloca' 'C_4' <Predicate = true> <Delay = 0.00>
ST_1 : Operation 20 [1/1] (0.00ns)   --->   "%C_5 = alloca i64 1" [kyber-mult-kernel-dataflow.cpp:248]   --->   Operation 20 'alloca' 'C_5' <Predicate = true> <Delay = 0.00>
ST_1 : Operation 21 [1/1] (0.00ns)   --->   "%C_6 = alloca i64 1" [kyber-mult-kernel-dataflow.cpp:248]   --->   Operation 21 'alloca' 'C_6' <Predicate = true> <Delay = 0.00>
ST_1 : Operation 22 [1/1] (0.00ns)   --->   "%C_7 = alloca i64 1" [kyber-mult-kernel-dataflow.cpp:248]   --->   Operation 22 'alloca' 'C_7' <Predicate = true> <Delay = 0.00>
ST_1 : Operation 23 [1/1] (0.00ns)   --->   "%C_8 = alloca i64 1" [kyber-mult-kernel-dataflow.cpp:248]   --->   Operation 23 'alloca' 'C_8' <Predicate = true> <Delay = 0.00>
ST_1 : Operation 24 [1/1] (0.00ns)   --->   "%C_9 = alloca i64 1" [kyber-mult-kernel-dataflow.cpp:248]   --->   Operation 24 'alloca' 'C_9' <Predicate = true> <Delay = 0.00>
ST_1 : Operation 25 [1/1] (0.00ns)   --->   "%C_10 = alloca i64 1" [kyber-mult-kernel-dataflow.cpp:248]   --->   Operation 25 'alloca' 'C_10' <Predicate = true> <Delay = 0.00>
ST_1 : Operation 26 [1/1] (0.00ns)   --->   "%C_11 = alloca i64 1" [kyber-mult-kernel-dataflow.cpp:248]   --->   Operation 26 'alloca' 'C_11' <Predicate = true> <Delay = 0.00>
ST_1 : Operation 27 [1/1] (0.00ns)   --->   "%C_12 = alloca i64 1" [kyber-mult-kernel-dataflow.cpp:248]   --->   Operation 27 'alloca' 'C_12' <Predicate = true> <Delay = 0.00>
ST_1 : Operation 28 [1/1] (0.00ns)   --->   "%C_13 = alloca i64 1" [kyber-mult-kernel-dataflow.cpp:248]   --->   Operation 28 'alloca' 'C_13' <Predicate = true> <Delay = 0.00>
ST_1 : Operation 29 [1/1] (0.00ns)   --->   "%C_14 = alloca i64 1" [kyber-mult-kernel-dataflow.cpp:248]   --->   Operation 29 'alloca' 'C_14' <Predicate = true> <Delay = 0.00>
ST_1 : Operation 30 [1/1] (0.00ns)   --->   "%C_15 = alloca i64 1" [kyber-mult-kernel-dataflow.cpp:248]   --->   Operation 30 'alloca' 'C_15' <Predicate = true> <Delay = 0.00>
ST_1 : Operation 31 [1/1] (0.42ns)   --->   "%store_ln0 = store i31 0, i31 %blk"   --->   Operation 31 'store' 'store_ln0' <Predicate = true> <Delay = 0.42>
ST_1 : Operation 32 [1/1] (0.00ns)   --->   "%br_ln246 = br void %IN_RD" [kyber-mult-kernel-dataflow.cpp:246]   --->   Operation 32 'br' 'br_ln246' <Predicate = true> <Delay = 0.00>

State 2 <SV = 1> <Delay = 1.44>
ST_2 : Operation 33 [1/1] (0.00ns)   --->   "%blk_load = load i31 %blk" [kyber-mult-kernel-dataflow.cpp:246]   --->   Operation 33 'load' 'blk_load' <Predicate = true> <Delay = 0.00>
ST_2 : Operation 34 [1/1] (0.00ns)   --->   "%zext_ln246 = zext i31 %blk_load" [kyber-mult-kernel-dataflow.cpp:246]   --->   Operation 34 'zext' 'zext_ln246' <Predicate = true> <Delay = 0.00>
ST_2 : Operation 35 [1/1] (1.01ns)   --->   "%icmp_ln246 = icmp_slt  i32 %zext_ln246, i32 %batch_2" [kyber-mult-kernel-dataflow.cpp:246]   --->   Operation 35 'icmp' 'icmp_ln246' <Predicate = true> <Delay = 1.01> <CoreInst = "Cmp">   --->   Core 9 'Cmp' <Latency = 0> <II = 1> <Delay = 1.01> <FuncUnit> <Opcode : 'icmp'> <InPorts = 2> <OutPorts = 1>
ST_2 : Operation 36 [1/1] (1.00ns)   --->   "%add_ln246 = add i31 %blk_load, i31 1" [kyber-mult-kernel-dataflow.cpp:246]   --->   Operation 36 'add' 'add_ln246' <Predicate = true> <Delay = 1.00> <CoreInst = "Adder">   --->   Core 1 'Adder' <Latency = 0> <II = 1> <Delay = 1.00> <FuncUnit> <Opcode : 'add' 'sub'> <InPorts = 2> <OutPorts = 1>
ST_2 : Operation 37 [1/1] (0.00ns)   --->   "%br_ln246 = br i1 %icmp_ln246, void %for.end40.loopexit, void %IN_RD.split" [kyber-mult-kernel-dataflow.cpp:246]   --->   Operation 37 'br' 'br_ln246' <Predicate = true> <Delay = 0.00>
ST_2 : Operation 38 [1/1] (0.00ns)   --->   "%empty = wait i32 @_ssdm_op_Wait"   --->   Operation 38 'wait' 'empty' <Predicate = (icmp_ln246)> <Delay = 0.00>
ST_2 : Operation 39 [2/2] (0.00ns)   --->   "%call_ln0 = call void @inv_all_Pipeline_IN_RD, i12 %C_15, i12 %C_14, i12 %C_13, i12 %C_12, i12 %C_11, i12 %C_10, i12 %C_9, i12 %C_8, i12 %C_7, i12 %C_6, i12 %C_5, i12 %C_4, i12 %C_3, i12 %C_2, i12 %C_1, i12 %C, i192 %sC0"   --->   Operation 39 'call' 'call_ln0' <Predicate = (icmp_ln246)> <Delay = 0.00> <CoreType = "Generic">   --->   Core 0 '' <Latency = 0> <II = 1> <Delay = 1.00> <Generic> <Opcode : >
ST_2 : Operation 40 [1/1] (0.42ns)   --->   "%store_ln246 = store i31 %add_ln246, i31 %blk" [kyber-mult-kernel-dataflow.cpp:246]   --->   Operation 40 'store' 'store_ln246' <Predicate = (icmp_ln246)> <Delay = 0.42>
ST_2 : Operation 41 [1/1] (0.00ns)   --->   "%ret_ln269 = ret" [kyber-mult-kernel-dataflow.cpp:269]   --->   Operation 41 'ret' 'ret_ln269' <Predicate = (!icmp_ln246)> <Delay = 0.00>

State 3 <SV = 2> <Delay = 0.00>
ST_3 : Operation 42 [1/2] (0.00ns)   --->   "%call_ln0 = call void @inv_all_Pipeline_IN_RD, i12 %C_15, i12 %C_14, i12 %C_13, i12 %C_12, i12 %C_11, i12 %C_10, i12 %C_9, i12 %C_8, i12 %C_7, i12 %C_6, i12 %C_5, i12 %C_4, i12 %C_3, i12 %C_2, i12 %C_1, i12 %C, i192 %sC0"   --->   Operation 42 'call' 'call_ln0' <Predicate = true> <Delay = 0.00> <CoreType = "Generic">   --->   Core 0 '' <Latency = 0> <II = 1> <Delay = 1.00> <Generic> <Opcode : >

State 4 <SV = 3> <Delay = 0.00>
ST_4 : Operation 43 [1/1] (0.00ns)   --->   "%empty_293 = wait i32 @_ssdm_op_Wait"   --->   Operation 43 'wait' 'empty_293' <Predicate = true> <Delay = 0.00>
ST_4 : Operation 44 [2/2] (0.00ns)   --->   "%call_ln258 = call void @inv_ntt, i12 %C, i12 %C_1, i12 %C_2, i12 %C_3, i12 %C_4, i12 %C_5, i12 %C_6, i12 %C_7, i12 %C_8, i12 %C_9, i12 %C_10, i12 %C_11, i12 %C_12, i12 %C_13, i12 %C_14, i12 %C_15, i12 %p_ZL5INV_W_0_0, i16 %p_ZL6INV_MW_0_0, i12 %p_ZL5INV_W_1_0, i16 %p_ZL6INV_MW_1_0, i12 %p_ZL5INV_W_2_0, i16 %p_ZL6INV_MW_2_0, i12 %p_ZL5INV_W_3_0, i16 %p_ZL6INV_MW_3_0, i12 %p_ZL5INV_W_0_1, i16 %p_ZL6INV_MW_0_1, i12 %p_ZL5INV_W_1_1, i16 %p_ZL6INV_MW_1_1, i12 %p_ZL5INV_W_2_1, i16 %p_ZL6INV_MW_2_1, i12 %p_ZL5INV_W_3_1, i16 %p_ZL6INV_MW_3_1, i12 %p_ZL5INV_W_0_2, i16 %p_ZL6INV_MW_0_2, i12 %p_ZL5INV_W_1_2, i16 %p_ZL6INV_MW_1_2, i12 %p_ZL5INV_W_2_2, i16 %p_ZL6INV_MW_2_2, i12 %p_ZL5INV_W_3_2, i16 %p_ZL6INV_MW_3_2, i12 %p_ZL5INV_W_0_3, i16 %p_ZL6INV_MW_0_3, i12 %p_ZL5INV_W_1_3, i16 %p_ZL6INV_MW_1_3, i12 %p_ZL5INV_W_2_3, i16 %p_ZL6INV_MW_2_3, i12 %p_ZL5INV_W_3_3, i16 %p_ZL6INV_MW_3_3, i12 %p_ZL5INV_W_0_4, i16 %p_ZL6INV_MW_0_4, i12 %p_ZL5INV_W_1_4, i16 %p_ZL6INV_MW_1_4, i12 %p_ZL5INV_W_2_4, i16 %p_ZL6INV_MW_2_4, i12 %p_ZL5INV_W_3_4, i16 %p_ZL6INV_MW_3_4, i12 %p_ZL5INV_W_0_5, i15 %p_ZL6INV_MW_0_5, i12 %p_ZL5INV_W_1_5, i15 %p_ZL6INV_MW_1_5, i12 %p_ZL5INV_W_2_5, i15 %p_ZL6INV_MW_2_5, i12 %p_ZL5INV_W_3_5, i15 %p_ZL6INV_MW_3_5, i10 %p_ZL5INV_W_0_6, i16 %p_ZL6INV_MW_0_6, i10 %p_ZL5INV_W_1_6, i16 %p_ZL6INV_MW_1_6, i10 %p_ZL5INV_W_2_6, i16 %p_ZL6INV_MW_2_6, i10 %p_ZL5INV_W_3_6, i16 %p_ZL6INV_MW_3_6" [kyber-mult-kernel-dataflow.cpp:258]   --->   Operation 44 'call' 'call_ln258' <Predicate = true> <Delay = 0.00> <CoreType = "Generic">   --->   Core 0 '' <Latency = 0> <II = 1> <Delay = 1.00> <Generic> <Opcode : >

State 5 <SV = 4> <Delay = 0.00>
ST_5 : Operation 45 [1/2] (0.00ns)   --->   "%call_ln258 = call void @inv_ntt, i12 %C, i12 %C_1, i12 %C_2, i12 %C_3, i12 %C_4, i12 %C_5, i12 %C_6, i12 %C_7, i12 %C_8, i12 %C_9, i12 %C_10, i12 %C_11, i12 %C_12, i12 %C_13, i12 %C_14, i12 %C_15, i12 %p_ZL5INV_W_0_0, i16 %p_ZL6INV_MW_0_0, i12 %p_ZL5INV_W_1_0, i16 %p_ZL6INV_MW_1_0, i12 %p_ZL5INV_W_2_0, i16 %p_ZL6INV_MW_2_0, i12 %p_ZL5INV_W_3_0, i16 %p_ZL6INV_MW_3_0, i12 %p_ZL5INV_W_0_1, i16 %p_ZL6INV_MW_0_1, i12 %p_ZL5INV_W_1_1, i16 %p_ZL6INV_MW_1_1, i12 %p_ZL5INV_W_2_1, i16 %p_ZL6INV_MW_2_1, i12 %p_ZL5INV_W_3_1, i16 %p_ZL6INV_MW_3_1, i12 %p_ZL5INV_W_0_2, i16 %p_ZL6INV_MW_0_2, i12 %p_ZL5INV_W_1_2, i16 %p_ZL6INV_MW_1_2, i12 %p_ZL5INV_W_2_2, i16 %p_ZL6INV_MW_2_2, i12 %p_ZL5INV_W_3_2, i16 %p_ZL6INV_MW_3_2, i12 %p_ZL5INV_W_0_3, i16 %p_ZL6INV_MW_0_3, i12 %p_ZL5INV_W_1_3, i16 %p_ZL6INV_MW_1_3, i12 %p_ZL5INV_W_2_3, i16 %p_ZL6INV_MW_2_3, i12 %p_ZL5INV_W_3_3, i16 %p_ZL6INV_MW_3_3, i12 %p_ZL5INV_W_0_4, i16 %p_ZL6INV_MW_0_4, i12 %p_ZL5INV_W_1_4, i16 %p_ZL6INV_MW_1_4, i12 %p_ZL5INV_W_2_4, i16 %p_ZL6INV_MW_2_4, i12 %p_ZL5INV_W_3_4, i16 %p_ZL6INV_MW_3_4, i12 %p_ZL5INV_W_0_5, i15 %p_ZL6INV_MW_0_5, i12 %p_ZL5INV_W_1_5, i15 %p_ZL6INV_MW_1_5, i12 %p_ZL5INV_W_2_5, i15 %p_ZL6INV_MW_2_5, i12 %p_ZL5INV_W_3_5, i15 %p_ZL6INV_MW_3_5, i10 %p_ZL5INV_W_0_6, i16 %p_ZL6INV_MW_0_6, i10 %p_ZL5INV_W_1_6, i16 %p_ZL6INV_MW_1_6, i10 %p_ZL5INV_W_2_6, i16 %p_ZL6INV_MW_2_6, i10 %p_ZL5INV_W_3_6, i16 %p_ZL6INV_MW_3_6" [kyber-mult-kernel-dataflow.cpp:258]   --->   Operation 45 'call' 'call_ln258' <Predicate = true> <Delay = 0.00> <CoreType = "Generic">   --->   Core 0 '' <Latency = 0> <II = 1> <Delay = 1.00> <Generic> <Opcode : >

State 6 <SV = 5> <Delay = 0.00>
ST_6 : Operation 46 [1/1] (0.00ns)   --->   "%empty_294 = wait i32 @_ssdm_op_Wait"   --->   Operation 46 'wait' 'empty_294' <Predicate = true> <Delay = 0.00>
ST_6 : Operation 47 [2/2] (0.00ns)   --->   "%call_ln0 = call void @inv_all_Pipeline_IN_WR, i12 %C, i12 %C_1, i12 %C_2, i12 %C_3, i12 %C_4, i12 %C_5, i12 %C_6, i12 %C_7, i12 %C_8, i12 %C_9, i12 %C_10, i12 %C_11, i12 %C_12, i12 %C_13, i12 %C_14, i12 %C_15, i192 %sC1"   --->   Operation 47 'call' 'call_ln0' <Predicate = true> <Delay = 0.00> <CoreType = "Generic">   --->   Core 0 '' <Latency = 0> <II = 1> <Delay = 1.00> <Generic> <Opcode : >

State 7 <SV = 6> <Delay = 0.00>
ST_7 : Operation 48 [1/1] (0.00ns)   --->   "%speclooptripcount_ln247 = speclooptripcount void @_ssdm_op_SpecLoopTripCount, i64 1, i64 16, i64 8" [kyber-mult-kernel-dataflow.cpp:247]   --->   Operation 48 'speclooptripcount' 'speclooptripcount_ln247' <Predicate = true> <Delay = 0.00>
ST_7 : Operation 49 [1/1] (0.00ns)   --->   "%specloopname_ln246 = specloopname void @_ssdm_op_SpecLoopName, void @empty_31" [kyber-mult-kernel-dataflow.cpp:246]   --->   Operation 49 'specloopname' 'specloopname_ln246' <Predicate = true> <Delay = 0.00>
ST_7 : Operation 50 [1/2] (0.00ns)   --->   "%call_ln0 = call void @inv_all_Pipeline_IN_WR, i12 %C, i12 %C_1, i12 %C_2, i12 %C_3, i12 %C_4, i12 %C_5, i12 %C_6, i12 %C_7, i12 %C_8, i12 %C_9, i12 %C_10, i12 %C_11, i12 %C_12, i12 %C_13, i12 %C_14, i12 %C_15, i192 %sC1"   --->   Operation 50 'call' 'call_ln0' <Predicate = true> <Delay = 0.00> <CoreType = "Generic">   --->   Core 0 '' <Latency = 0> <II = 1> <Delay = 1.00> <Generic> <Opcode : >
ST_7 : Operation 51 [1/1] (0.00ns)   --->   "%br_ln246 = br void %IN_RD" [kyber-mult-kernel-dataflow.cpp:246]   --->   Operation 51 'br' 'br_ln246' <Predicate = true> <Delay = 0.00>


============================================================
+ Verbose Summary: Timing violations
============================================================
Target clock period: 10.000ns, clock uncertainty: 2.700ns.

 <State 1>: 3.676ns
The critical path consists of the following:
	fifo read operation ('batch') on port 'batch' [63]  (1.838 ns)
	fifo write operation ('write_ln0') on port 'batch_size_c' [65]  (1.838 ns)

 <State 2>: 1.443ns
The critical path consists of the following:
	'load' operation 31 bit ('blk_load', kyber-mult-kernel-dataflow.cpp:246) on local variable 'blk' [87]  (0.000 ns)
	'icmp' operation 1 bit ('icmp_ln246', kyber-mult-kernel-dataflow.cpp:246) [89]  (1.016 ns)
	'store' operation 0 bit ('store_ln246', kyber-mult-kernel-dataflow.cpp:246) of variable 'add_ln246', kyber-mult-kernel-dataflow.cpp:246 on local variable 'blk' [101]  (0.427 ns)

 <State 3>: 0.000ns
The critical path consists of the following:

 <State 4>: 0.000ns
The critical path consists of the following:

 <State 5>: 0.000ns
The critical path consists of the following:

 <State 6>: 0.000ns
The critical path consists of the following:

 <State 7>: 0.000ns
The critical path consists of the following:


============================================================
+ Verbose Summary: Binding
============================================================
N/A
* FSMD analyzer results:
  - Output states:
 - Input state : 
  - Chain level:
	State 1
	State 2
	State 3
	State 4
	State 5
	State 6
	State 7


============================================================
+ Verbose Summary: Datapath Resource usage 
============================================================
N/A
