

================================================================
== Vitis HLS Report for 'inv_ntt'
================================================================
* Date:           Thu Jun 11 23:16:44 2026

* Version:        2023.2 (Build 4023990 on Oct 11 2023)
* Project:        ntt_kyber
* Solution:       solution1 (Vivado IP Flow Target)
* Product family: zynquplus
* Target device:  xck26-sfvc784-2LV-c


================================================================
== Performance Estimates
================================================================
+ Timing: 
    * Summary: 
    +--------+----------+----------+------------+
    |  Clock |  Target  | Estimated| Uncertainty|
    +--------+----------+----------+------------+
    |ap_clk  |  10.00 ns|  6.397 ns|     2.70 ns|
    +--------+----------+----------+------------+

+ Latency: 
    * Summary: 
    +---------+---------+----------+----------+-----+-----+---------+
    |  Latency (cycles) |  Latency (absolute) |  Interval | Pipeline|
    |   min   |   max   |    min   |    max   | min | max |   Type  |
    +---------+---------+----------+----------+-----+-----+---------+
    |      447|      447|  4.470 us|  4.470 us|  447|  447|       no|
    +---------+---------+----------+----------+-----+-----+---------+

    + Detail: 
        * Instance: 
        N/A

        * Loop: 
        +----------+---------+---------+----------+-----------+-----------+------+----------+
        |          |  Latency (cycles) | Iteration|  Initiation Interval  | Trip |          |
        | Loop Name|   min   |   max   |  Latency |  achieved |   target  | Count| Pipelined|
        +----------+---------+---------+----------+-----------+-----------+------+----------+
        |- SCALE   |      262|      262|         8|          1|          1|   256|       yes|
        +----------+---------+---------+----------+-----------+-----------+------+----------+

============================================================
+ Verbose Summary: Synthesis Manager
============================================================
InlineROM: 1
ExposeGlobal: 0
============================================================
+ Verbose Summary: CDFG Model
============================================================
IsTopModel: 0
ResetActiveHigh: 1
IsCombinational: 0
IsDatapathOnly: 0
HasWiredReturn: 1
HasMFsm: 2
HasVarLatency: 1
IsPipeline: 0
IsRtlPipelined: 0
IsInstanceOverlapped: 0
IsDontTouch: 0
HasImplIP: 0
IsGatedGlobalClock: 0

+ Individual pipeline summary: 
  * Pipeline-0: initiation interval (II) = 1, depth = 8


============================================================
+ Verbose Summary: Schedule
============================================================
* Number of FSM states : 23
* Pipeline : 1
  Pipeline-0 : II = 1, D = 8, States = { 15 16 17 18 19 20 21 22 }
* Dataflow Pipeline: 0

* FSM state transitions: 
1 --> 2 
2 --> 3 
3 --> 4 
4 --> 5 
5 --> 6 
6 --> 7 
7 --> 8 
8 --> 9 
9 --> 10 
10 --> 11 
11 --> 12 
12 --> 13 
13 --> 14 
14 --> 15 
15 --> 23 16 
16 --> 17 
17 --> 18 
18 --> 19 
19 --> 20 
20 --> 21 
21 --> 22 
22 --> 15 
23 --> 

* FSM state operations: 

State 1 <SV = 0> <Delay = 0.42>
ST_1 : Operation 24 [1/1] (0.00ns)   --->   "%i = alloca i32 1" [kyber-mult-kernel-dataflow.cpp:130]   --->   Operation 24 'alloca' 'i' <Predicate = true> <Delay = 0.00>
ST_1 : Operation 25 [1/1] (0.00ns)   --->   "%tmp = alloca i64 1" [kyber-mult-kernel-dataflow.cpp:125]   --->   Operation 25 'alloca' 'tmp' <Predicate = true> <Delay = 0.00> <CoreInst = "RAM">   --->   Core 83 'RAM' <Latency = 1> <II = 1> <Delay = 0.67> <Storage> <Opcode : 'load' 'store'> <Ports = 2> <Width = 12> <Depth = 16> <RAM>
ST_1 : Operation 26 [1/1] (0.00ns)   --->   "%tmp_1 = alloca i64 1" [kyber-mult-kernel-dataflow.cpp:125]   --->   Operation 26 'alloca' 'tmp_1' <Predicate = true> <Delay = 0.00> <CoreInst = "RAM">   --->   Core 83 'RAM' <Latency = 1> <II = 1> <Delay = 0.67> <Storage> <Opcode : 'load' 'store'> <Ports = 2> <Width = 12> <Depth = 16> <RAM>
ST_1 : Operation 27 [1/1] (0.00ns)   --->   "%tmp_2 = alloca i64 1" [kyber-mult-kernel-dataflow.cpp:125]   --->   Operation 27 'alloca' 'tmp_2' <Predicate = true> <Delay = 0.00> <CoreInst = "RAM">   --->   Core 83 'RAM' <Latency = 1> <II = 1> <Delay = 0.67> <Storage> <Opcode : 'load' 'store'> <Ports = 2> <Width = 12> <Depth = 16> <RAM>
ST_1 : Operation 28 [1/1] (0.00ns)   --->   "%tmp_3 = alloca i64 1" [kyber-mult-kernel-dataflow.cpp:125]   --->   Operation 28 'alloca' 'tmp_3' <Predicate = true> <Delay = 0.00> <CoreInst = "RAM">   --->   Core 83 'RAM' <Latency = 1> <II = 1> <Delay = 0.67> <Storage> <Opcode : 'load' 'store'> <Ports = 2> <Width = 12> <Depth = 16> <RAM>
ST_1 : Operation 29 [1/1] (0.00ns)   --->   "%tmp_4 = alloca i64 1" [kyber-mult-kernel-dataflow.cpp:125]   --->   Operation 29 'alloca' 'tmp_4' <Predicate = true> <Delay = 0.00> <CoreInst = "RAM">   --->   Core 83 'RAM' <Latency = 1> <II = 1> <Delay = 0.67> <Storage> <Opcode : 'load' 'store'> <Ports = 2> <Width = 12> <Depth = 16> <RAM>
ST_1 : Operation 30 [1/1] (0.00ns)   --->   "%tmp_5 = alloca i64 1" [kyber-mult-kernel-dataflow.cpp:125]   --->   Operation 30 'alloca' 'tmp_5' <Predicate = true> <Delay = 0.00> <CoreInst = "RAM">   --->   Core 83 'RAM' <Latency = 1> <II = 1> <Delay = 0.67> <Storage> <Opcode : 'load' 'store'> <Ports = 2> <Width = 12> <Depth = 16> <RAM>
ST_1 : Operation 31 [1/1] (0.00ns)   --->   "%tmp_6 = alloca i64 1" [kyber-mult-kernel-dataflow.cpp:125]   --->   Operation 31 'alloca' 'tmp_6' <Predicate = true> <Delay = 0.00> <CoreInst = "RAM">   --->   Core 83 'RAM' <Latency = 1> <II = 1> <Delay = 0.67> <Storage> <Opcode : 'load' 'store'> <Ports = 2> <Width = 12> <Depth = 16> <RAM>
ST_1 : Operation 32 [1/1] (0.00ns)   --->   "%tmp_7 = alloca i64 1" [kyber-mult-kernel-dataflow.cpp:125]   --->   Operation 32 'alloca' 'tmp_7' <Predicate = true> <Delay = 0.00> <CoreInst = "RAM">   --->   Core 83 'RAM' <Latency = 1> <II = 1> <Delay = 0.67> <Storage> <Opcode : 'load' 'store'> <Ports = 2> <Width = 12> <Depth = 16> <RAM>
ST_1 : Operation 33 [1/1] (0.00ns)   --->   "%tmp_8 = alloca i64 1" [kyber-mult-kernel-dataflow.cpp:125]   --->   Operation 33 'alloca' 'tmp_8' <Predicate = true> <Delay = 0.00> <CoreInst = "RAM">   --->   Core 83 'RAM' <Latency = 1> <II = 1> <Delay = 0.67> <Storage> <Opcode : 'load' 'store'> <Ports = 2> <Width = 12> <Depth = 16> <RAM>
ST_1 : Operation 34 [1/1] (0.00ns)   --->   "%tmp_9 = alloca i64 1" [kyber-mult-kernel-dataflow.cpp:125]   --->   Operation 34 'alloca' 'tmp_9' <Predicate = true> <Delay = 0.00> <CoreInst = "RAM">   --->   Core 83 'RAM' <Latency = 1> <II = 1> <Delay = 0.67> <Storage> <Opcode : 'load' 'store'> <Ports = 2> <Width = 12> <Depth = 16> <RAM>
ST_1 : Operation 35 [1/1] (0.00ns)   --->   "%tmp_10 = alloca i64 1" [kyber-mult-kernel-dataflow.cpp:125]   --->   Operation 35 'alloca' 'tmp_10' <Predicate = true> <Delay = 0.00> <CoreInst = "RAM">   --->   Core 83 'RAM' <Latency = 1> <II = 1> <Delay = 0.67> <Storage> <Opcode : 'load' 'store'> <Ports = 2> <Width = 12> <Depth = 16> <RAM>
ST_1 : Operation 36 [1/1] (0.00ns)   --->   "%tmp_11 = alloca i64 1" [kyber-mult-kernel-dataflow.cpp:125]   --->   Operation 36 'alloca' 'tmp_11' <Predicate = true> <Delay = 0.00> <CoreInst = "RAM">   --->   Core 83 'RAM' <Latency = 1> <II = 1> <Delay = 0.67> <Storage> <Opcode : 'load' 'store'> <Ports = 2> <Width = 12> <Depth = 16> <RAM>
ST_1 : Operation 37 [1/1] (0.00ns)   --->   "%tmp_12 = alloca i64 1" [kyber-mult-kernel-dataflow.cpp:125]   --->   Operation 37 'alloca' 'tmp_12' <Predicate = true> <Delay = 0.00> <CoreInst = "RAM">   --->   Core 83 'RAM' <Latency = 1> <II = 1> <Delay = 0.67> <Storage> <Opcode : 'load' 'store'> <Ports = 2> <Width = 12> <Depth = 16> <RAM>
ST_1 : Operation 38 [1/1] (0.00ns)   --->   "%tmp_13 = alloca i64 1" [kyber-mult-kernel-dataflow.cpp:125]   --->   Operation 38 'alloca' 'tmp_13' <Predicate = true> <Delay = 0.00> <CoreInst = "RAM">   --->   Core 83 'RAM' <Latency = 1> <II = 1> <Delay = 0.67> <Storage> <Opcode : 'load' 'store'> <Ports = 2> <Width = 12> <Depth = 16> <RAM>
ST_1 : Operation 39 [1/1] (0.00ns)   --->   "%tmp_14 = alloca i64 1" [kyber-mult-kernel-dataflow.cpp:125]   --->   Operation 39 'alloca' 'tmp_14' <Predicate = true> <Delay = 0.00> <CoreInst = "RAM">   --->   Core 83 'RAM' <Latency = 1> <II = 1> <Delay = 0.67> <Storage> <Opcode : 'load' 'store'> <Ports = 2> <Width = 12> <Depth = 16> <RAM>
ST_1 : Operation 40 [1/1] (0.00ns)   --->   "%tmp_15 = alloca i64 1" [kyber-mult-kernel-dataflow.cpp:125]   --->   Operation 40 'alloca' 'tmp_15' <Predicate = true> <Delay = 0.00> <CoreInst = "RAM">   --->   Core 83 'RAM' <Latency = 1> <II = 1> <Delay = 0.67> <Storage> <Opcode : 'load' 'store'> <Ports = 2> <Width = 12> <Depth = 16> <RAM>
ST_1 : Operation 41 [2/2] (0.00ns)   --->   "%call_ln127 = call void @inv_stage_t<2>, i12 %buf_0, i12 %buf_1, i12 %buf_2, i12 %buf_3, i12 %buf_4, i12 %buf_5, i12 %buf_6, i12 %buf_7, i12 %buf_8, i12 %buf_9, i12 %buf_10, i12 %buf_11, i12 %buf_12, i12 %buf_13, i12 %buf_14, i12 %buf_15, i12 %tmp, i12 %tmp_1, i12 %tmp_2, i12 %tmp_3, i12 %tmp_4, i12 %tmp_5, i12 %tmp_6, i12 %tmp_7, i12 %tmp_8, i12 %tmp_9, i12 %tmp_10, i12 %tmp_11, i12 %tmp_12, i12 %tmp_13, i12 %tmp_14, i12 %tmp_15, i12 %p_ZL5INV_W_0_0, i16 %p_ZL6INV_MW_0_0, i12 %p_ZL5INV_W_1_0, i16 %p_ZL6INV_MW_1_0, i12 %p_ZL5INV_W_2_0, i16 %p_ZL6INV_MW_2_0, i12 %p_ZL5INV_W_3_0, i16 %p_ZL6INV_MW_3_0" [kyber-mult-kernel-dataflow.cpp:127]   --->   Operation 41 'call' 'call_ln127' <Predicate = true> <Delay = 0.00> <CoreType = "Generic">   --->   Core 0 '' <Latency = 0> <II = 1> <Delay = 1.00> <Generic> <Opcode : >
ST_1 : Operation 42 [1/1] (0.42ns)   --->   "%store_ln130 = store i9 0, i9 %i" [kyber-mult-kernel-dataflow.cpp:130]   --->   Operation 42 'store' 'store_ln130' <Predicate = true> <Delay = 0.42>

State 2 <SV = 1> <Delay = 0.00>
ST_2 : Operation 43 [1/2] (0.00ns)   --->   "%call_ln127 = call void @inv_stage_t<2>, i12 %buf_0, i12 %buf_1, i12 %buf_2, i12 %buf_3, i12 %buf_4, i12 %buf_5, i12 %buf_6, i12 %buf_7, i12 %buf_8, i12 %buf_9, i12 %buf_10, i12 %buf_11, i12 %buf_12, i12 %buf_13, i12 %buf_14, i12 %buf_15, i12 %tmp, i12 %tmp_1, i12 %tmp_2, i12 %tmp_3, i12 %tmp_4, i12 %tmp_5, i12 %tmp_6, i12 %tmp_7, i12 %tmp_8, i12 %tmp_9, i12 %tmp_10, i12 %tmp_11, i12 %tmp_12, i12 %tmp_13, i12 %tmp_14, i12 %tmp_15, i12 %p_ZL5INV_W_0_0, i16 %p_ZL6INV_MW_0_0, i12 %p_ZL5INV_W_1_0, i16 %p_ZL6INV_MW_1_0, i12 %p_ZL5INV_W_2_0, i16 %p_ZL6INV_MW_2_0, i12 %p_ZL5INV_W_3_0, i16 %p_ZL6INV_MW_3_0" [kyber-mult-kernel-dataflow.cpp:127]   --->   Operation 43 'call' 'call_ln127' <Predicate = true> <Delay = 0.00> <CoreType = "Generic">   --->   Core 0 '' <Latency = 0> <II = 1> <Delay = 1.00> <Generic> <Opcode : >

State 3 <SV = 2> <Delay = 0.00>
ST_3 : Operation 44 [2/2] (0.00ns)   --->   "%call_ln127 = call void @inv_stage_t<4>, i12 %tmp, i12 %tmp_1, i12 %tmp_2, i12 %tmp_3, i12 %tmp_4, i12 %tmp_5, i12 %tmp_6, i12 %tmp_7, i12 %tmp_8, i12 %tmp_9, i12 %tmp_10, i12 %tmp_11, i12 %tmp_12, i12 %tmp_13, i12 %tmp_14, i12 %tmp_15, i12 %buf_0, i12 %buf_1, i12 %buf_2, i12 %buf_3, i12 %buf_4, i12 %buf_5, i12 %buf_6, i12 %buf_7, i12 %buf_8, i12 %buf_9, i12 %buf_10, i12 %buf_11, i12 %buf_12, i12 %buf_13, i12 %buf_14, i12 %buf_15, i12 %p_ZL5INV_W_0_1, i16 %p_ZL6INV_MW_0_1, i12 %p_ZL5INV_W_1_1, i16 %p_ZL6INV_MW_1_1, i12 %p_ZL5INV_W_2_1, i16 %p_ZL6INV_MW_2_1, i12 %p_ZL5INV_W_3_1, i16 %p_ZL6INV_MW_3_1" [kyber-mult-kernel-dataflow.cpp:127]   --->   Operation 44 'call' 'call_ln127' <Predicate = true> <Delay = 0.00> <CoreType = "Generic">   --->   Core 0 '' <Latency = 0> <II = 1> <Delay = 1.00> <Generic> <Opcode : >

State 4 <SV = 3> <Delay = 0.00>
ST_4 : Operation 45 [1/2] (0.00ns)   --->   "%call_ln127 = call void @inv_stage_t<4>, i12 %tmp, i12 %tmp_1, i12 %tmp_2, i12 %tmp_3, i12 %tmp_4, i12 %tmp_5, i12 %tmp_6, i12 %tmp_7, i12 %tmp_8, i12 %tmp_9, i12 %tmp_10, i12 %tmp_11, i12 %tmp_12, i12 %tmp_13, i12 %tmp_14, i12 %tmp_15, i12 %buf_0, i12 %buf_1, i12 %buf_2, i12 %buf_3, i12 %buf_4, i12 %buf_5, i12 %buf_6, i12 %buf_7, i12 %buf_8, i12 %buf_9, i12 %buf_10, i12 %buf_11, i12 %buf_12, i12 %buf_13, i12 %buf_14, i12 %buf_15, i12 %p_ZL5INV_W_0_1, i16 %p_ZL6INV_MW_0_1, i12 %p_ZL5INV_W_1_1, i16 %p_ZL6INV_MW_1_1, i12 %p_ZL5INV_W_2_1, i16 %p_ZL6INV_MW_2_1, i12 %p_ZL5INV_W_3_1, i16 %p_ZL6INV_MW_3_1" [kyber-mult-kernel-dataflow.cpp:127]   --->   Operation 45 'call' 'call_ln127' <Predicate = true> <Delay = 0.00> <CoreType = "Generic">   --->   Core 0 '' <Latency = 0> <II = 1> <Delay = 1.00> <Generic> <Opcode : >

State 5 <SV = 4> <Delay = 0.00>
ST_5 : Operation 46 [2/2] (0.00ns)   --->   "%call_ln127 = call void @inv_stage_t<8>, i12 %buf_0, i12 %buf_1, i12 %buf_2, i12 %buf_3, i12 %buf_4, i12 %buf_5, i12 %buf_6, i12 %buf_7, i12 %buf_8, i12 %buf_9, i12 %buf_10, i12 %buf_11, i12 %buf_12, i12 %buf_13, i12 %buf_14, i12 %buf_15, i12 %tmp, i12 %tmp_1, i12 %tmp_2, i12 %tmp_3, i12 %tmp_4, i12 %tmp_5, i12 %tmp_6, i12 %tmp_7, i12 %tmp_8, i12 %tmp_9, i12 %tmp_10, i12 %tmp_11, i12 %tmp_12, i12 %tmp_13, i12 %tmp_14, i12 %tmp_15, i12 %p_ZL5INV_W_0_2, i16 %p_ZL6INV_MW_0_2, i12 %p_ZL5INV_W_1_2, i16 %p_ZL6INV_MW_1_2, i12 %p_ZL5INV_W_2_2, i16 %p_ZL6INV_MW_2_2, i12 %p_ZL5INV_W_3_2, i16 %p_ZL6INV_MW_3_2" [kyber-mult-kernel-dataflow.cpp:127]   --->   Operation 46 'call' 'call_ln127' <Predicate = true> <Delay = 0.00> <CoreType = "Generic">   --->   Core 0 '' <Latency = 0> <II = 1> <Delay = 1.00> <Generic> <Opcode : >

State 6 <SV = 5> <Delay = 0.00>
ST_6 : Operation 47 [1/2] (0.00ns)   --->   "%call_ln127 = call void @inv_stage_t<8>, i12 %buf_0, i12 %buf_1, i12 %buf_2, i12 %buf_3, i12 %buf_4, i12 %buf_5, i12 %buf_6, i12 %buf_7, i12 %buf_8, i12 %buf_9, i12 %buf_10, i12 %buf_11, i12 %buf_12, i12 %buf_13, i12 %buf_14, i12 %buf_15, i12 %tmp, i12 %tmp_1, i12 %tmp_2, i12 %tmp_3, i12 %tmp_4, i12 %tmp_5, i12 %tmp_6, i12 %tmp_7, i12 %tmp_8, i12 %tmp_9, i12 %tmp_10, i12 %tmp_11, i12 %tmp_12, i12 %tmp_13, i12 %tmp_14, i12 %tmp_15, i12 %p_ZL5INV_W_0_2, i16 %p_ZL6INV_MW_0_2, i12 %p_ZL5INV_W_1_2, i16 %p_ZL6INV_MW_1_2, i12 %p_ZL5INV_W_2_2, i16 %p_ZL6INV_MW_2_2, i12 %p_ZL5INV_W_3_2, i16 %p_ZL6INV_MW_3_2" [kyber-mult-kernel-dataflow.cpp:127]   --->   Operation 47 'call' 'call_ln127' <Predicate = true> <Delay = 0.00> <CoreType = "Generic">   --->   Core 0 '' <Latency = 0> <II = 1> <Delay = 1.00> <Generic> <Opcode : >

State 7 <SV = 6> <Delay = 0.00>
ST_7 : Operation 48 [2/2] (0.00ns)   --->   "%call_ln128 = call void @inv_stage_t<16>, i12 %tmp, i12 %tmp_1, i12 %tmp_2, i12 %tmp_3, i12 %tmp_4, i12 %tmp_5, i12 %tmp_6, i12 %tmp_7, i12 %tmp_8, i12 %tmp_9, i12 %tmp_10, i12 %tmp_11, i12 %tmp_12, i12 %tmp_13, i12 %tmp_14, i12 %tmp_15, i12 %buf_0, i12 %buf_1, i12 %buf_2, i12 %buf_3, i12 %buf_4, i12 %buf_5, i12 %buf_6, i12 %buf_7, i12 %buf_8, i12 %buf_9, i12 %buf_10, i12 %buf_11, i12 %buf_12, i12 %buf_13, i12 %buf_14, i12 %buf_15, i12 %p_ZL5INV_W_0_3, i16 %p_ZL6INV_MW_0_3, i12 %p_ZL5INV_W_1_3, i16 %p_ZL6INV_MW_1_3, i12 %p_ZL5INV_W_2_3, i16 %p_ZL6INV_MW_2_3, i12 %p_ZL5INV_W_3_3, i16 %p_ZL6INV_MW_3_3" [kyber-mult-kernel-dataflow.cpp:128]   --->   Operation 48 'call' 'call_ln128' <Predicate = true> <Delay = 0.00> <CoreType = "Generic">   --->   Core 0 '' <Latency = 0> <II = 1> <Delay = 1.00> <Generic> <Opcode : >

State 8 <SV = 7> <Delay = 0.00>
ST_8 : Operation 49 [1/2] (0.00ns)   --->   "%call_ln128 = call void @inv_stage_t<16>, i12 %tmp, i12 %tmp_1, i12 %tmp_2, i12 %tmp_3, i12 %tmp_4, i12 %tmp_5, i12 %tmp_6, i12 %tmp_7, i12 %tmp_8, i12 %tmp_9, i12 %tmp_10, i12 %tmp_11, i12 %tmp_12, i12 %tmp_13, i12 %tmp_14, i12 %tmp_15, i12 %buf_0, i12 %buf_1, i12 %buf_2, i12 %buf_3, i12 %buf_4, i12 %buf_5, i12 %buf_6, i12 %buf_7, i12 %buf_8, i12 %buf_9, i12 %buf_10, i12 %buf_11, i12 %buf_12, i12 %buf_13, i12 %buf_14, i12 %buf_15, i12 %p_ZL5INV_W_0_3, i16 %p_ZL6INV_MW_0_3, i12 %p_ZL5INV_W_1_3, i16 %p_ZL6INV_MW_1_3, i12 %p_ZL5INV_W_2_3, i16 %p_ZL6INV_MW_2_3, i12 %p_ZL5INV_W_3_3, i16 %p_ZL6INV_MW_3_3" [kyber-mult-kernel-dataflow.cpp:128]   --->   Operation 49 'call' 'call_ln128' <Predicate = true> <Delay = 0.00> <CoreType = "Generic">   --->   Core 0 '' <Latency = 0> <II = 1> <Delay = 1.00> <Generic> <Opcode : >

State 9 <SV = 8> <Delay = 0.00>
ST_9 : Operation 50 [2/2] (0.00ns)   --->   "%call_ln128 = call void @inv_stage_t<32>, i12 %buf_0, i12 %buf_1, i12 %buf_2, i12 %buf_3, i12 %buf_4, i12 %buf_5, i12 %buf_6, i12 %buf_7, i12 %buf_8, i12 %buf_9, i12 %buf_10, i12 %buf_11, i12 %buf_12, i12 %buf_13, i12 %buf_14, i12 %buf_15, i12 %tmp, i12 %tmp_1, i12 %tmp_2, i12 %tmp_3, i12 %tmp_4, i12 %tmp_5, i12 %tmp_6, i12 %tmp_7, i12 %tmp_8, i12 %tmp_9, i12 %tmp_10, i12 %tmp_11, i12 %tmp_12, i12 %tmp_13, i12 %tmp_14, i12 %tmp_15, i12 %p_ZL5INV_W_0_4, i16 %p_ZL6INV_MW_0_4, i12 %p_ZL5INV_W_1_4, i16 %p_ZL6INV_MW_1_4, i12 %p_ZL5INV_W_2_4, i16 %p_ZL6INV_MW_2_4, i12 %p_ZL5INV_W_3_4, i16 %p_ZL6INV_MW_3_4" [kyber-mult-kernel-dataflow.cpp:128]   --->   Operation 50 'call' 'call_ln128' <Predicate = true> <Delay = 0.00> <CoreType = "Generic">   --->   Core 0 '' <Latency = 0> <II = 1> <Delay = 1.00> <Generic> <Opcode : >

State 10 <SV = 9> <Delay = 0.00>
ST_10 : Operation 51 [1/2] (0.00ns)   --->   "%call_ln128 = call void @inv_stage_t<32>, i12 %buf_0, i12 %buf_1, i12 %buf_2, i12 %buf_3, i12 %buf_4, i12 %buf_5, i12 %buf_6, i12 %buf_7, i12 %buf_8, i12 %buf_9, i12 %buf_10, i12 %buf_11, i12 %buf_12, i12 %buf_13, i12 %buf_14, i12 %buf_15, i12 %tmp, i12 %tmp_1, i12 %tmp_2, i12 %tmp_3, i12 %tmp_4, i12 %tmp_5, i12 %tmp_6, i12 %tmp_7, i12 %tmp_8, i12 %tmp_9, i12 %tmp_10, i12 %tmp_11, i12 %tmp_12, i12 %tmp_13, i12 %tmp_14, i12 %tmp_15, i12 %p_ZL5INV_W_0_4, i16 %p_ZL6INV_MW_0_4, i12 %p_ZL5INV_W_1_4, i16 %p_ZL6INV_MW_1_4, i12 %p_ZL5INV_W_2_4, i16 %p_ZL6INV_MW_2_4, i12 %p_ZL5INV_W_3_4, i16 %p_ZL6INV_MW_3_4" [kyber-mult-kernel-dataflow.cpp:128]   --->   Operation 51 'call' 'call_ln128' <Predicate = true> <Delay = 0.00> <CoreType = "Generic">   --->   Core 0 '' <Latency = 0> <II = 1> <Delay = 1.00> <Generic> <Opcode : >

State 11 <SV = 10> <Delay = 0.00>
ST_11 : Operation 52 [2/2] (0.00ns)   --->   "%call_ln128 = call void @inv_stage_t<64>, i12 %tmp, i12 %tmp_1, i12 %tmp_2, i12 %tmp_3, i12 %tmp_4, i12 %tmp_5, i12 %tmp_6, i12 %tmp_7, i12 %tmp_8, i12 %tmp_9, i12 %tmp_10, i12 %tmp_11, i12 %tmp_12, i12 %tmp_13, i12 %tmp_14, i12 %tmp_15, i12 %buf_0, i12 %buf_1, i12 %buf_2, i12 %buf_3, i12 %buf_4, i12 %buf_5, i12 %buf_6, i12 %buf_7, i12 %buf_8, i12 %buf_9, i12 %buf_10, i12 %buf_11, i12 %buf_12, i12 %buf_13, i12 %buf_14, i12 %buf_15, i12 %p_ZL5INV_W_0_5, i15 %p_ZL6INV_MW_0_5, i12 %p_ZL5INV_W_1_5, i15 %p_ZL6INV_MW_1_5, i12 %p_ZL5INV_W_2_5, i15 %p_ZL6INV_MW_2_5, i12 %p_ZL5INV_W_3_5, i15 %p_ZL6INV_MW_3_5" [kyber-mult-kernel-dataflow.cpp:128]   --->   Operation 52 'call' 'call_ln128' <Predicate = true> <Delay = 0.00> <CoreType = "Generic">   --->   Core 0 '' <Latency = 0> <II = 1> <Delay = 1.00> <Generic> <Opcode : >

State 12 <SV = 11> <Delay = 0.00>
ST_12 : Operation 53 [1/2] (0.00ns)   --->   "%call_ln128 = call void @inv_stage_t<64>, i12 %tmp, i12 %tmp_1, i12 %tmp_2, i12 %tmp_3, i12 %tmp_4, i12 %tmp_5, i12 %tmp_6, i12 %tmp_7, i12 %tmp_8, i12 %tmp_9, i12 %tmp_10, i12 %tmp_11, i12 %tmp_12, i12 %tmp_13, i12 %tmp_14, i12 %tmp_15, i12 %buf_0, i12 %buf_1, i12 %buf_2, i12 %buf_3, i12 %buf_4, i12 %buf_5, i12 %buf_6, i12 %buf_7, i12 %buf_8, i12 %buf_9, i12 %buf_10, i12 %buf_11, i12 %buf_12, i12 %buf_13, i12 %buf_14, i12 %buf_15, i12 %p_ZL5INV_W_0_5, i15 %p_ZL6INV_MW_0_5, i12 %p_ZL5INV_W_1_5, i15 %p_ZL6INV_MW_1_5, i12 %p_ZL5INV_W_2_5, i15 %p_ZL6INV_MW_2_5, i12 %p_ZL5INV_W_3_5, i15 %p_ZL6INV_MW_3_5" [kyber-mult-kernel-dataflow.cpp:128]   --->   Operation 53 'call' 'call_ln128' <Predicate = true> <Delay = 0.00> <CoreType = "Generic">   --->   Core 0 '' <Latency = 0> <II = 1> <Delay = 1.00> <Generic> <Opcode : >

State 13 <SV = 12> <Delay = 0.00>
ST_13 : Operation 54 [2/2] (0.00ns)   --->   "%call_ln129 = call void @inv_stage_t<128>, i12 %buf_0, i12 %buf_1, i12 %buf_2, i12 %buf_3, i12 %buf_4, i12 %buf_5, i12 %buf_6, i12 %buf_7, i12 %buf_8, i12 %buf_9, i12 %buf_10, i12 %buf_11, i12 %buf_12, i12 %buf_13, i12 %buf_14, i12 %buf_15, i12 %tmp, i12 %tmp_1, i12 %tmp_2, i12 %tmp_3, i12 %tmp_4, i12 %tmp_5, i12 %tmp_6, i12 %tmp_7, i12 %tmp_8, i12 %tmp_9, i12 %tmp_10, i12 %tmp_11, i12 %tmp_12, i12 %tmp_13, i12 %tmp_14, i12 %tmp_15, i10 %p_ZL5INV_W_0_6, i16 %p_ZL6INV_MW_0_6, i10 %p_ZL5INV_W_1_6, i16 %p_ZL6INV_MW_1_6, i10 %p_ZL5INV_W_2_6, i16 %p_ZL6INV_MW_2_6, i10 %p_ZL5INV_W_3_6, i16 %p_ZL6INV_MW_3_6" [kyber-mult-kernel-dataflow.cpp:129]   --->   Operation 54 'call' 'call_ln129' <Predicate = true> <Delay = 0.00> <CoreType = "Generic">   --->   Core 0 '' <Latency = 0> <II = 1> <Delay = 1.00> <Generic> <Opcode : >

State 14 <SV = 13> <Delay = 0.00>
ST_14 : Operation 55 [1/2] (0.00ns)   --->   "%call_ln129 = call void @inv_stage_t<128>, i12 %buf_0, i12 %buf_1, i12 %buf_2, i12 %buf_3, i12 %buf_4, i12 %buf_5, i12 %buf_6, i12 %buf_7, i12 %buf_8, i12 %buf_9, i12 %buf_10, i12 %buf_11, i12 %buf_12, i12 %buf_13, i12 %buf_14, i12 %buf_15, i12 %tmp, i12 %tmp_1, i12 %tmp_2, i12 %tmp_3, i12 %tmp_4, i12 %tmp_5, i12 %tmp_6, i12 %tmp_7, i12 %tmp_8, i12 %tmp_9, i12 %tmp_10, i12 %tmp_11, i12 %tmp_12, i12 %tmp_13, i12 %tmp_14, i12 %tmp_15, i10 %p_ZL5INV_W_0_6, i16 %p_ZL6INV_MW_0_6, i10 %p_ZL5INV_W_1_6, i16 %p_ZL6INV_MW_1_6, i10 %p_ZL5INV_W_2_6, i16 %p_ZL6INV_MW_2_6, i10 %p_ZL5INV_W_3_6, i16 %p_ZL6INV_MW_3_6" [kyber-mult-kernel-dataflow.cpp:129]   --->   Operation 55 'call' 'call_ln129' <Predicate = true> <Delay = 0.00> <CoreType = "Generic">   --->   Core 0 '' <Latency = 0> <II = 1> <Delay = 1.00> <Generic> <Opcode : >
ST_14 : Operation 56 [1/1] (0.00ns)   --->   "%br_ln130 = br void %for.body" [kyber-mult-kernel-dataflow.cpp:130]   --->   Operation 56 'br' 'br_ln130' <Predicate = true> <Delay = 0.00>

State 15 <SV = 14> <Delay = 1.20>
ST_15 : Operation 57 [1/1] (0.00ns)   --->   "%i_1 = load i9 %i" [kyber-mult-kernel-dataflow.cpp:130]   --->   Operation 57 'load' 'i_1' <Predicate = true> <Delay = 0.00>
ST_15 : Operation 58 [1/1] (0.77ns)   --->   "%icmp_ln130 = icmp_eq  i9 %i_1, i9 256" [kyber-mult-kernel-dataflow.cpp:130]   --->   Operation 58 'icmp' 'icmp_ln130' <Predicate = true> <Delay = 0.77> <CoreInst = "Cmp">   --->   Core 9 'Cmp' <Latency = 0> <II = 1> <Delay = 0.77> <FuncUnit> <Opcode : 'icmp'> <InPorts = 2> <OutPorts = 1>
ST_15 : Operation 59 [1/1] (0.77ns)   --->   "%add_ln130 = add i9 %i_1, i9 1" [kyber-mult-kernel-dataflow.cpp:130]   --->   Operation 59 'add' 'add_ln130' <Predicate = true> <Delay = 0.77> <CoreInst = "Adder">   --->   Core 1 'Adder' <Latency = 0> <II = 1> <Delay = 0.77> <FuncUnit> <Opcode : 'add' 'sub'> <InPorts = 2> <OutPorts = 1>
ST_15 : Operation 60 [1/1] (0.00ns)   --->   "%br_ln130 = br i1 %icmp_ln130, void %fpga_resource_hint.for.body.626, void %for.end" [kyber-mult-kernel-dataflow.cpp:130]   --->   Operation 60 'br' 'br_ln130' <Predicate = true> <Delay = 0.00>
ST_15 : Operation 61 [1/1] (0.00ns)   --->   "%trunc_ln130 = trunc i9 %i_1" [kyber-mult-kernel-dataflow.cpp:130]   --->   Operation 61 'trunc' 'trunc_ln130' <Predicate = (!icmp_ln130)> <Delay = 0.00>
ST_15 : Operation 62 [1/1] (0.00ns)   --->   "%lshr_ln = partselect i4 @_ssdm_op_PartSelect.i4.i9.i32.i32, i9 %i_1, i32 4, i32 7" [kyber-mult-kernel-dataflow.cpp:130]   --->   Operation 62 'partselect' 'lshr_ln' <Predicate = (!icmp_ln130)> <Delay = 0.00>
ST_15 : Operation 63 [1/1] (0.00ns)   --->   "%zext_ln130 = zext i4 %lshr_ln" [kyber-mult-kernel-dataflow.cpp:130]   --->   Operation 63 'zext' 'zext_ln130' <Predicate = (!icmp_ln130)> <Delay = 0.00>
ST_15 : Operation 64 [1/1] (0.00ns)   --->   "%tmp_addr = getelementptr i12 %tmp, i64 0, i64 %zext_ln130" [kyber-mult-kernel-dataflow.cpp:132]   --->   Operation 64 'getelementptr' 'tmp_addr' <Predicate = (!icmp_ln130)> <Delay = 0.00>
ST_15 : Operation 65 [1/1] (0.00ns)   --->   "%tmp_1_addr = getelementptr i12 %tmp_1, i64 0, i64 %zext_ln130" [kyber-mult-kernel-dataflow.cpp:132]   --->   Operation 65 'getelementptr' 'tmp_1_addr' <Predicate = (!icmp_ln130)> <Delay = 0.00>
ST_15 : Operation 66 [1/1] (0.00ns)   --->   "%tmp_2_addr = getelementptr i12 %tmp_2, i64 0, i64 %zext_ln130" [kyber-mult-kernel-dataflow.cpp:132]   --->   Operation 66 'getelementptr' 'tmp_2_addr' <Predicate = (!icmp_ln130)> <Delay = 0.00>
ST_15 : Operation 67 [1/1] (0.00ns)   --->   "%tmp_3_addr = getelementptr i12 %tmp_3, i64 0, i64 %zext_ln130" [kyber-mult-kernel-dataflow.cpp:132]   --->   Operation 67 'getelementptr' 'tmp_3_addr' <Predicate = (!icmp_ln130)> <Delay = 0.00>
ST_15 : Operation 68 [1/1] (0.00ns)   --->   "%tmp_4_addr = getelementptr i12 %tmp_4, i64 0, i64 %zext_ln130" [kyber-mult-kernel-dataflow.cpp:132]   --->   Operation 68 'getelementptr' 'tmp_4_addr' <Predicate = (!icmp_ln130)> <Delay = 0.00>
ST_15 : Operation 69 [1/1] (0.00ns)   --->   "%tmp_5_addr = getelementptr i12 %tmp_5, i64 0, i64 %zext_ln130" [kyber-mult-kernel-dataflow.cpp:132]   --->   Operation 69 'getelementptr' 'tmp_5_addr' <Predicate = (!icmp_ln130)> <Delay = 0.00>
ST_15 : Operation 70 [1/1] (0.00ns)   --->   "%tmp_6_addr = getelementptr i12 %tmp_6, i64 0, i64 %zext_ln130" [kyber-mult-kernel-dataflow.cpp:132]   --->   Operation 70 'getelementptr' 'tmp_6_addr' <Predicate = (!icmp_ln130)> <Delay = 0.00>
ST_15 : Operation 71 [1/1] (0.00ns)   --->   "%tmp_7_addr = getelementptr i12 %tmp_7, i64 0, i64 %zext_ln130" [kyber-mult-kernel-dataflow.cpp:132]   --->   Operation 71 'getelementptr' 'tmp_7_addr' <Predicate = (!icmp_ln130)> <Delay = 0.00>
ST_15 : Operation 72 [1/1] (0.00ns)   --->   "%tmp_8_addr = getelementptr i12 %tmp_8, i64 0, i64 %zext_ln130" [kyber-mult-kernel-dataflow.cpp:132]   --->   Operation 72 'getelementptr' 'tmp_8_addr' <Predicate = (!icmp_ln130)> <Delay = 0.00>
ST_15 : Operation 73 [1/1] (0.00ns)   --->   "%tmp_9_addr = getelementptr i12 %tmp_9, i64 0, i64 %zext_ln130" [kyber-mult-kernel-dataflow.cpp:132]   --->   Operation 73 'getelementptr' 'tmp_9_addr' <Predicate = (!icmp_ln130)> <Delay = 0.00>
ST_15 : Operation 74 [1/1] (0.00ns)   --->   "%tmp_10_addr = getelementptr i12 %tmp_10, i64 0, i64 %zext_ln130" [kyber-mult-kernel-dataflow.cpp:132]   --->   Operation 74 'getelementptr' 'tmp_10_addr' <Predicate = (!icmp_ln130)> <Delay = 0.00>
ST_15 : Operation 75 [1/1] (0.00ns)   --->   "%tmp_11_addr = getelementptr i12 %tmp_11, i64 0, i64 %zext_ln130" [kyber-mult-kernel-dataflow.cpp:132]   --->   Operation 75 'getelementptr' 'tmp_11_addr' <Predicate = (!icmp_ln130)> <Delay = 0.00>
ST_15 : Operation 76 [1/1] (0.00ns)   --->   "%tmp_12_addr = getelementptr i12 %tmp_12, i64 0, i64 %zext_ln130" [kyber-mult-kernel-dataflow.cpp:132]   --->   Operation 76 'getelementptr' 'tmp_12_addr' <Predicate = (!icmp_ln130)> <Delay = 0.00>
ST_15 : Operation 77 [1/1] (0.00ns)   --->   "%tmp_13_addr = getelementptr i12 %tmp_13, i64 0, i64 %zext_ln130" [kyber-mult-kernel-dataflow.cpp:132]   --->   Operation 77 'getelementptr' 'tmp_13_addr' <Predicate = (!icmp_ln130)> <Delay = 0.00>
ST_15 : Operation 78 [1/1] (0.00ns)   --->   "%tmp_14_addr = getelementptr i12 %tmp_14, i64 0, i64 %zext_ln130" [kyber-mult-kernel-dataflow.cpp:132]   --->   Operation 78 'getelementptr' 'tmp_14_addr' <Predicate = (!icmp_ln130)> <Delay = 0.00>
ST_15 : Operation 79 [1/1] (0.00ns)   --->   "%tmp_15_addr = getelementptr i12 %tmp_15, i64 0, i64 %zext_ln130" [kyber-mult-kernel-dataflow.cpp:132]   --->   Operation 79 'getelementptr' 'tmp_15_addr' <Predicate = (!icmp_ln130)> <Delay = 0.00>
ST_15 : Operation 80 [2/2] (0.67ns)   --->   "%mux_case_0 = load i4 %tmp_addr" [kyber-mult-kernel-dataflow.cpp:132]   --->   Operation 80 'load' 'mux_case_0' <Predicate = (!icmp_ln130)> <Delay = 0.67> <CoreInst = "RAM">   --->   Core 83 'RAM' <Latency = 1> <II = 1> <Delay = 0.67> <Storage> <Opcode : 'load' 'store'> <Ports = 2> <Width = 12> <Depth = 16> <RAM>
ST_15 : Operation 81 [2/2] (0.67ns)   --->   "%tmp_1_load = load i4 %tmp_1_addr" [kyber-mult-kernel-dataflow.cpp:132]   --->   Operation 81 'load' 'tmp_1_load' <Predicate = (!icmp_ln130)> <Delay = 0.67> <CoreInst = "RAM">   --->   Core 83 'RAM' <Latency = 1> <II = 1> <Delay = 0.67> <Storage> <Opcode : 'load' 'store'> <Ports = 2> <Width = 12> <Depth = 16> <RAM>
ST_15 : Operation 82 [2/2] (0.67ns)   --->   "%tmp_2_load = load i4 %tmp_2_addr" [kyber-mult-kernel-dataflow.cpp:132]   --->   Operation 82 'load' 'tmp_2_load' <Predicate = (!icmp_ln130)> <Delay = 0.67> <CoreInst = "RAM">   --->   Core 83 'RAM' <Latency = 1> <II = 1> <Delay = 0.67> <Storage> <Opcode : 'load' 'store'> <Ports = 2> <Width = 12> <Depth = 16> <RAM>
ST_15 : Operation 83 [2/2] (0.67ns)   --->   "%tmp_3_load = load i4 %tmp_3_addr" [kyber-mult-kernel-dataflow.cpp:132]   --->   Operation 83 'load' 'tmp_3_load' <Predicate = (!icmp_ln130)> <Delay = 0.67> <CoreInst = "RAM">   --->   Core 83 'RAM' <Latency = 1> <II = 1> <Delay = 0.67> <Storage> <Opcode : 'load' 'store'> <Ports = 2> <Width = 12> <Depth = 16> <RAM>
ST_15 : Operation 84 [2/2] (0.67ns)   --->   "%tmp_4_load = load i4 %tmp_4_addr" [kyber-mult-kernel-dataflow.cpp:132]   --->   Operation 84 'load' 'tmp_4_load' <Predicate = (!icmp_ln130)> <Delay = 0.67> <CoreInst = "RAM">   --->   Core 83 'RAM' <Latency = 1> <II = 1> <Delay = 0.67> <Storage> <Opcode : 'load' 'store'> <Ports = 2> <Width = 12> <Depth = 16> <RAM>
ST_15 : Operation 85 [2/2] (0.67ns)   --->   "%tmp_5_load = load i4 %tmp_5_addr" [kyber-mult-kernel-dataflow.cpp:132]   --->   Operation 85 'load' 'tmp_5_load' <Predicate = (!icmp_ln130)> <Delay = 0.67> <CoreInst = "RAM">   --->   Core 83 'RAM' <Latency = 1> <II = 1> <Delay = 0.67> <Storage> <Opcode : 'load' 'store'> <Ports = 2> <Width = 12> <Depth = 16> <RAM>
ST_15 : Operation 86 [2/2] (0.67ns)   --->   "%tmp_6_load = load i4 %tmp_6_addr" [kyber-mult-kernel-dataflow.cpp:132]   --->   Operation 86 'load' 'tmp_6_load' <Predicate = (!icmp_ln130)> <Delay = 0.67> <CoreInst = "RAM">   --->   Core 83 'RAM' <Latency = 1> <II = 1> <Delay = 0.67> <Storage> <Opcode : 'load' 'store'> <Ports = 2> <Width = 12> <Depth = 16> <RAM>
ST_15 : Operation 87 [2/2] (0.67ns)   --->   "%tmp_7_load = load i4 %tmp_7_addr" [kyber-mult-kernel-dataflow.cpp:132]   --->   Operation 87 'load' 'tmp_7_load' <Predicate = (!icmp_ln130)> <Delay = 0.67> <CoreInst = "RAM">   --->   Core 83 'RAM' <Latency = 1> <II = 1> <Delay = 0.67> <Storage> <Opcode : 'load' 'store'> <Ports = 2> <Width = 12> <Depth = 16> <RAM>
ST_15 : Operation 88 [2/2] (0.67ns)   --->   "%tmp_8_load = load i4 %tmp_8_addr" [kyber-mult-kernel-dataflow.cpp:132]   --->   Operation 88 'load' 'tmp_8_load' <Predicate = (!icmp_ln130)> <Delay = 0.67> <CoreInst = "RAM">   --->   Core 83 'RAM' <Latency = 1> <II = 1> <Delay = 0.67> <Storage> <Opcode : 'load' 'store'> <Ports = 2> <Width = 12> <Depth = 16> <RAM>
ST_15 : Operation 89 [2/2] (0.67ns)   --->   "%tmp_9_load = load i4 %tmp_9_addr" [kyber-mult-kernel-dataflow.cpp:132]   --->   Operation 89 'load' 'tmp_9_load' <Predicate = (!icmp_ln130)> <Delay = 0.67> <CoreInst = "RAM">   --->   Core 83 'RAM' <Latency = 1> <II = 1> <Delay = 0.67> <Storage> <Opcode : 'load' 'store'> <Ports = 2> <Width = 12> <Depth = 16> <RAM>
ST_15 : Operation 90 [2/2] (0.67ns)   --->   "%tmp_10_load = load i4 %tmp_10_addr" [kyber-mult-kernel-dataflow.cpp:132]   --->   Operation 90 'load' 'tmp_10_load' <Predicate = (!icmp_ln130)> <Delay = 0.67> <CoreInst = "RAM">   --->   Core 83 'RAM' <Latency = 1> <II = 1> <Delay = 0.67> <Storage> <Opcode : 'load' 'store'> <Ports = 2> <Width = 12> <Depth = 16> <RAM>
ST_15 : Operation 91 [2/2] (0.67ns)   --->   "%tmp_11_load = load i4 %tmp_11_addr" [kyber-mult-kernel-dataflow.cpp:132]   --->   Operation 91 'load' 'tmp_11_load' <Predicate = (!icmp_ln130)> <Delay = 0.67> <CoreInst = "RAM">   --->   Core 83 'RAM' <Latency = 1> <II = 1> <Delay = 0.67> <Storage> <Opcode : 'load' 'store'> <Ports = 2> <Width = 12> <Depth = 16> <RAM>
ST_15 : Operation 92 [2/2] (0.67ns)   --->   "%tmp_12_load = load i4 %tmp_12_addr" [kyber-mult-kernel-dataflow.cpp:132]   --->   Operation 92 'load' 'tmp_12_load' <Predicate = (!icmp_ln130)> <Delay = 0.67> <CoreInst = "RAM">   --->   Core 83 'RAM' <Latency = 1> <II = 1> <Delay = 0.67> <Storage> <Opcode : 'load' 'store'> <Ports = 2> <Width = 12> <Depth = 16> <RAM>
ST_15 : Operation 93 [2/2] (0.67ns)   --->   "%tmp_13_load = load i4 %tmp_13_addr" [kyber-mult-kernel-dataflow.cpp:132]   --->   Operation 93 'load' 'tmp_13_load' <Predicate = (!icmp_ln130)> <Delay = 0.67> <CoreInst = "RAM">   --->   Core 83 'RAM' <Latency = 1> <II = 1> <Delay = 0.67> <Storage> <Opcode : 'load' 'store'> <Ports = 2> <Width = 12> <Depth = 16> <RAM>
ST_15 : Operation 94 [2/2] (0.67ns)   --->   "%tmp_14_load = load i4 %tmp_14_addr" [kyber-mult-kernel-dataflow.cpp:132]   --->   Operation 94 'load' 'tmp_14_load' <Predicate = (!icmp_ln130)> <Delay = 0.67> <CoreInst = "RAM">   --->   Core 83 'RAM' <Latency = 1> <II = 1> <Delay = 0.67> <Storage> <Opcode : 'load' 'store'> <Ports = 2> <Width = 12> <Depth = 16> <RAM>
ST_15 : Operation 95 [2/2] (0.67ns)   --->   "%tmp_15_load = load i4 %tmp_15_addr" [kyber-mult-kernel-dataflow.cpp:132]   --->   Operation 95 'load' 'tmp_15_load' <Predicate = (!icmp_ln130)> <Delay = 0.67> <CoreInst = "RAM">   --->   Core 83 'RAM' <Latency = 1> <II = 1> <Delay = 0.67> <Storage> <Opcode : 'load' 'store'> <Ports = 2> <Width = 12> <Depth = 16> <RAM>
ST_15 : Operation 96 [1/1] (0.74ns)   --->   "%switch_ln132 = switch i4 %trunc_ln130, void %arrayidx91.case.15, i4 0, void %arrayidx91.case.0, i4 1, void %arrayidx91.case.1, i4 2, void %arrayidx91.case.2, i4 3, void %arrayidx91.case.3, i4 4, void %arrayidx91.case.4, i4 5, void %arrayidx91.case.5, i4 6, void %arrayidx91.case.6, i4 7, void %arrayidx91.case.7, i4 8, void %arrayidx91.case.8, i4 9, void %arrayidx91.case.9, i4 10, void %arrayidx91.case.10, i4 11, void %arrayidx91.case.11, i4 12, void %arrayidx91.case.12, i4 13, void %arrayidx91.case.13, i4 14, void %arrayidx91.case.14" [kyber-mult-kernel-dataflow.cpp:132]   --->   Operation 96 'switch' 'switch_ln132' <Predicate = (!icmp_ln130)> <Delay = 0.74>
ST_15 : Operation 97 [1/1] (0.42ns)   --->   "%store_ln130 = store i9 %add_ln130, i9 %i" [kyber-mult-kernel-dataflow.cpp:130]   --->   Operation 97 'store' 'store_ln130' <Predicate = (!icmp_ln130)> <Delay = 0.42>
ST_15 : Operation 98 [1/1] (0.00ns)   --->   "%br_ln130 = br void %for.body" [kyber-mult-kernel-dataflow.cpp:130]   --->   Operation 98 'br' 'br_ln130' <Predicate = (!icmp_ln130)> <Delay = 0.00>

State 16 <SV = 15> <Delay = 2.51>
ST_16 : Operation 99 [1/2] (0.67ns)   --->   "%mux_case_0 = load i4 %tmp_addr" [kyber-mult-kernel-dataflow.cpp:132]   --->   Operation 99 'load' 'mux_case_0' <Predicate = true> <Delay = 0.67> <CoreInst = "RAM">   --->   Core 83 'RAM' <Latency = 1> <II = 1> <Delay = 0.67> <Storage> <Opcode : 'load' 'store'> <Ports = 2> <Width = 12> <Depth = 16> <RAM>
ST_16 : Operation 100 [1/2] (0.67ns)   --->   "%tmp_1_load = load i4 %tmp_1_addr" [kyber-mult-kernel-dataflow.cpp:132]   --->   Operation 100 'load' 'tmp_1_load' <Predicate = true> <Delay = 0.67> <CoreInst = "RAM">   --->   Core 83 'RAM' <Latency = 1> <II = 1> <Delay = 0.67> <Storage> <Opcode : 'load' 'store'> <Ports = 2> <Width = 12> <Depth = 16> <RAM>
ST_16 : Operation 101 [1/2] (0.67ns)   --->   "%tmp_2_load = load i4 %tmp_2_addr" [kyber-mult-kernel-dataflow.cpp:132]   --->   Operation 101 'load' 'tmp_2_load' <Predicate = true> <Delay = 0.67> <CoreInst = "RAM">   --->   Core 83 'RAM' <Latency = 1> <II = 1> <Delay = 0.67> <Storage> <Opcode : 'load' 'store'> <Ports = 2> <Width = 12> <Depth = 16> <RAM>
ST_16 : Operation 102 [1/2] (0.67ns)   --->   "%tmp_3_load = load i4 %tmp_3_addr" [kyber-mult-kernel-dataflow.cpp:132]   --->   Operation 102 'load' 'tmp_3_load' <Predicate = true> <Delay = 0.67> <CoreInst = "RAM">   --->   Core 83 'RAM' <Latency = 1> <II = 1> <Delay = 0.67> <Storage> <Opcode : 'load' 'store'> <Ports = 2> <Width = 12> <Depth = 16> <RAM>
ST_16 : Operation 103 [1/2] (0.67ns)   --->   "%tmp_4_load = load i4 %tmp_4_addr" [kyber-mult-kernel-dataflow.cpp:132]   --->   Operation 103 'load' 'tmp_4_load' <Predicate = true> <Delay = 0.67> <CoreInst = "RAM">   --->   Core 83 'RAM' <Latency = 1> <II = 1> <Delay = 0.67> <Storage> <Opcode : 'load' 'store'> <Ports = 2> <Width = 12> <Depth = 16> <RAM>
ST_16 : Operation 104 [1/2] (0.67ns)   --->   "%tmp_5_load = load i4 %tmp_5_addr" [kyber-mult-kernel-dataflow.cpp:132]   --->   Operation 104 'load' 'tmp_5_load' <Predicate = true> <Delay = 0.67> <CoreInst = "RAM">   --->   Core 83 'RAM' <Latency = 1> <II = 1> <Delay = 0.67> <Storage> <Opcode : 'load' 'store'> <Ports = 2> <Width = 12> <Depth = 16> <RAM>
ST_16 : Operation 105 [1/2] (0.67ns)   --->   "%tmp_6_load = load i4 %tmp_6_addr" [kyber-mult-kernel-dataflow.cpp:132]   --->   Operation 105 'load' 'tmp_6_load' <Predicate = true> <Delay = 0.67> <CoreInst = "RAM">   --->   Core 83 'RAM' <Latency = 1> <II = 1> <Delay = 0.67> <Storage> <Opcode : 'load' 'store'> <Ports = 2> <Width = 12> <Depth = 16> <RAM>
ST_16 : Operation 106 [1/2] (0.67ns)   --->   "%tmp_7_load = load i4 %tmp_7_addr" [kyber-mult-kernel-dataflow.cpp:132]   --->   Operation 106 'load' 'tmp_7_load' <Predicate = true> <Delay = 0.67> <CoreInst = "RAM">   --->   Core 83 'RAM' <Latency = 1> <II = 1> <Delay = 0.67> <Storage> <Opcode : 'load' 'store'> <Ports = 2> <Width = 12> <Depth = 16> <RAM>
ST_16 : Operation 107 [1/2] (0.67ns)   --->   "%tmp_8_load = load i4 %tmp_8_addr" [kyber-mult-kernel-dataflow.cpp:132]   --->   Operation 107 'load' 'tmp_8_load' <Predicate = true> <Delay = 0.67> <CoreInst = "RAM">   --->   Core 83 'RAM' <Latency = 1> <II = 1> <Delay = 0.67> <Storage> <Opcode : 'load' 'store'> <Ports = 2> <Width = 12> <Depth = 16> <RAM>
ST_16 : Operation 108 [1/2] (0.67ns)   --->   "%tmp_9_load = load i4 %tmp_9_addr" [kyber-mult-kernel-dataflow.cpp:132]   --->   Operation 108 'load' 'tmp_9_load' <Predicate = true> <Delay = 0.67> <CoreInst = "RAM">   --->   Core 83 'RAM' <Latency = 1> <II = 1> <Delay = 0.67> <Storage> <Opcode : 'load' 'store'> <Ports = 2> <Width = 12> <Depth = 16> <RAM>
ST_16 : Operation 109 [1/2] (0.67ns)   --->   "%tmp_10_load = load i4 %tmp_10_addr" [kyber-mult-kernel-dataflow.cpp:132]   --->   Operation 109 'load' 'tmp_10_load' <Predicate = true> <Delay = 0.67> <CoreInst = "RAM">   --->   Core 83 'RAM' <Latency = 1> <II = 1> <Delay = 0.67> <Storage> <Opcode : 'load' 'store'> <Ports = 2> <Width = 12> <Depth = 16> <RAM>
ST_16 : Operation 110 [1/2] (0.67ns)   --->   "%tmp_11_load = load i4 %tmp_11_addr" [kyber-mult-kernel-dataflow.cpp:132]   --->   Operation 110 'load' 'tmp_11_load' <Predicate = true> <Delay = 0.67> <CoreInst = "RAM">   --->   Core 83 'RAM' <Latency = 1> <II = 1> <Delay = 0.67> <Storage> <Opcode : 'load' 'store'> <Ports = 2> <Width = 12> <Depth = 16> <RAM>
ST_16 : Operation 111 [1/2] (0.67ns)   --->   "%tmp_12_load = load i4 %tmp_12_addr" [kyber-mult-kernel-dataflow.cpp:132]   --->   Operation 111 'load' 'tmp_12_load' <Predicate = true> <Delay = 0.67> <CoreInst = "RAM">   --->   Core 83 'RAM' <Latency = 1> <II = 1> <Delay = 0.67> <Storage> <Opcode : 'load' 'store'> <Ports = 2> <Width = 12> <Depth = 16> <RAM>
ST_16 : Operation 112 [1/2] (0.67ns)   --->   "%tmp_13_load = load i4 %tmp_13_addr" [kyber-mult-kernel-dataflow.cpp:132]   --->   Operation 112 'load' 'tmp_13_load' <Predicate = true> <Delay = 0.67> <CoreInst = "RAM">   --->   Core 83 'RAM' <Latency = 1> <II = 1> <Delay = 0.67> <Storage> <Opcode : 'load' 'store'> <Ports = 2> <Width = 12> <Depth = 16> <RAM>
ST_16 : Operation 113 [1/2] (0.67ns)   --->   "%tmp_14_load = load i4 %tmp_14_addr" [kyber-mult-kernel-dataflow.cpp:132]   --->   Operation 113 'load' 'tmp_14_load' <Predicate = true> <Delay = 0.67> <CoreInst = "RAM">   --->   Core 83 'RAM' <Latency = 1> <II = 1> <Delay = 0.67> <Storage> <Opcode : 'load' 'store'> <Ports = 2> <Width = 12> <Depth = 16> <RAM>
ST_16 : Operation 114 [1/2] (0.67ns)   --->   "%tmp_15_load = load i4 %tmp_15_addr" [kyber-mult-kernel-dataflow.cpp:132]   --->   Operation 114 'load' 'tmp_15_load' <Predicate = true> <Delay = 0.67> <CoreInst = "RAM">   --->   Core 83 'RAM' <Latency = 1> <II = 1> <Delay = 0.67> <Storage> <Opcode : 'load' 'store'> <Ports = 2> <Width = 12> <Depth = 16> <RAM>
ST_16 : Operation 115 [1/1] (0.48ns)   --->   "%a_assign = sparsemux i12 @_ssdm_op_SparseMux.ap_auto.16i12.i12.i4, i4 0, i12 %mux_case_0, i4 1, i12 %tmp_1_load, i4 2, i12 %tmp_2_load, i4 3, i12 %tmp_3_load, i4 4, i12 %tmp_4_load, i4 5, i12 %tmp_5_load, i4 6, i12 %tmp_6_load, i4 7, i12 %tmp_7_load, i4 8, i12 %tmp_8_load, i4 9, i12 %tmp_9_load, i4 10, i12 %tmp_10_load, i4 11, i12 %tmp_11_load, i4 12, i12 %tmp_12_load, i4 13, i12 %tmp_13_load, i4 14, i12 %tmp_14_load, i4 15, i12 %tmp_15_load, i12 0, i4 %trunc_ln130" [kyber-mult-kernel-dataflow.cpp:132]   --->   Operation 115 'sparsemux' 'a_assign' <Predicate = true> <Delay = 0.48> <CoreInst = "SparseMux">   --->   Core 147 'SparseMux' <Latency = 0> <II = 1> <Delay = 0.48> <FuncUnit> <Opcode : 'sparsemux'> <InPorts = 2> <OutPorts = 1>
ST_16 : Operation 116 [1/1] (0.00ns)   --->   "%zext_ln54 = zext i12 %a_assign" [kyber-mult-kernel-dataflow.cpp:54->kyber-mult-kernel-dataflow.cpp:132]   --->   Operation 116 'zext' 'zext_ln54' <Predicate = true> <Delay = 0.00>
ST_16 : Operation 117 [3/3] (1.34ns)   --->   "%x = mul i24 %zext_ln54, i24 3303" [kyber-mult-kernel-dataflow.cpp:56->kyber-mult-kernel-dataflow.cpp:132]   --->   Operation 117 'mul' 'x' <Predicate = true> <Delay = 1.34> <CoreInst = "Mul_DSP">   --->   Core 5 'Mul_DSP' <Latency = 2> <II = 1> <Delay = 1.80> <FuncUnit> <Opcode : 'mul'> <InPorts = 2> <OutPorts = 1>

State 17 <SV = 16> <Delay = 1.34>
ST_17 : Operation 118 [2/3] (1.34ns)   --->   "%x = mul i24 %zext_ln54, i24 3303" [kyber-mult-kernel-dataflow.cpp:56->kyber-mult-kernel-dataflow.cpp:132]   --->   Operation 118 'mul' 'x' <Predicate = true> <Delay = 1.34> <CoreInst = "Mul_DSP">   --->   Core 5 'Mul_DSP' <Latency = 2> <II = 1> <Delay = 1.80> <FuncUnit> <Opcode : 'mul'> <InPorts = 2> <OutPorts = 1>

State 18 <SV = 17> <Delay = 3.17>
ST_18 : Operation 119 [1/3] (1.34ns)   --->   "%x = mul i24 %zext_ln54, i24 3303" [kyber-mult-kernel-dataflow.cpp:56->kyber-mult-kernel-dataflow.cpp:132]   --->   Operation 119 'mul' 'x' <Predicate = true> <Delay = 1.34> <CoreInst = "Mul_DSP">   --->   Core 5 'Mul_DSP' <Latency = 2> <II = 1> <Delay = 1.80> <FuncUnit> <Opcode : 'mul'> <InPorts = 2> <OutPorts = 1>
ST_18 : Operation 120 [1/1] (0.00ns)   --->   "%specfucore_ln57 = specfucore void @_ssdm_op_SpecFUCore, i24 %x, i64 12, i64 3, i64 2" [kyber-mult-kernel-dataflow.cpp:57->kyber-mult-kernel-dataflow.cpp:132]   --->   Operation 120 'specfucore' 'specfucore_ln57' <Predicate = true> <Delay = 0.00>
ST_18 : Operation 121 [1/1] (0.00ns)   --->   "%zext_ln58 = zext i24 %x" [kyber-mult-kernel-dataflow.cpp:58->kyber-mult-kernel-dataflow.cpp:132]   --->   Operation 121 'zext' 'zext_ln58' <Predicate = true> <Delay = 0.00>
ST_18 : Operation 122 [3/3] (1.82ns)   --->   "%xmu = mul i37 %zext_ln58, i37 5039" [kyber-mult-kernel-dataflow.cpp:58->kyber-mult-kernel-dataflow.cpp:132]   --->   Operation 122 'mul' 'xmu' <Predicate = true> <Delay = 1.82> <CoreInst = "Mul_DSP">   --->   Core 5 'Mul_DSP' <Latency = 2> <II = 1> <Delay = 2.54> <FuncUnit> <Opcode : 'mul'> <InPorts = 2> <OutPorts = 1>

State 19 <SV = 18> <Delay = 1.82>
ST_19 : Operation 123 [2/3] (1.82ns)   --->   "%xmu = mul i37 %zext_ln58, i37 5039" [kyber-mult-kernel-dataflow.cpp:58->kyber-mult-kernel-dataflow.cpp:132]   --->   Operation 123 'mul' 'xmu' <Predicate = true> <Delay = 1.82> <CoreInst = "Mul_DSP">   --->   Core 5 'Mul_DSP' <Latency = 2> <II = 1> <Delay = 2.54> <FuncUnit> <Opcode : 'mul'> <InPorts = 2> <OutPorts = 1>

State 20 <SV = 19> <Delay = 2.82>
ST_20 : Operation 124 [1/3] (1.82ns)   --->   "%xmu = mul i37 %zext_ln58, i37 5039" [kyber-mult-kernel-dataflow.cpp:58->kyber-mult-kernel-dataflow.cpp:132]   --->   Operation 124 'mul' 'xmu' <Predicate = true> <Delay = 1.82> <CoreInst = "Mul_DSP">   --->   Core 5 'Mul_DSP' <Latency = 2> <II = 1> <Delay = 2.54> <FuncUnit> <Opcode : 'mul'> <InPorts = 2> <OutPorts = 1>
ST_20 : Operation 125 [1/1] (0.00ns)   --->   "%specfucore_ln59 = specfucore void @_ssdm_op_SpecFUCore, i37 %xmu, i64 12, i64 3, i64 2" [kyber-mult-kernel-dataflow.cpp:59->kyber-mult-kernel-dataflow.cpp:132]   --->   Operation 125 'specfucore' 'specfucore_ln59' <Predicate = true> <Delay = 0.00>
ST_20 : Operation 126 [1/1] (0.00ns)   --->   "%tmp_s = partselect i12 @_ssdm_op_PartSelect.i12.i37.i32.i32, i37 %xmu, i32 24, i32 35" [kyber-mult-kernel-dataflow.cpp:60->kyber-mult-kernel-dataflow.cpp:132]   --->   Operation 126 'partselect' 'tmp_s' <Predicate = true> <Delay = 0.00>
ST_20 : Operation 127 [1/1] (0.00ns)   --->   "%zext_ln60 = zext i12 %tmp_s" [kyber-mult-kernel-dataflow.cpp:60->kyber-mult-kernel-dataflow.cpp:132]   --->   Operation 127 'zext' 'zext_ln60' <Predicate = true> <Delay = 0.00>
ST_20 : Operation 128 [3/3] (0.99ns) (grouped into DSP with root node r)   --->   "%qq = mul i24 %zext_ln60, i24 3329" [kyber-mult-kernel-dataflow.cpp:61->kyber-mult-kernel-dataflow.cpp:132]   --->   Operation 128 'mul' 'qq' <Predicate = true> <Delay = 0.99> <CoreInst = "DSP48">   --->   Core 127 'DSP48' <Latency = 2> <II = 1> <Delay = 1.33> <IPBlock> <Opcode : '' 'add' 'sub' 'mul' 'select'> <InPorts = 0> <OutPorts = 1> <Sync> <CReg>

State 21 <SV = 20> <Delay = 0.99>
ST_21 : Operation 129 [2/3] (0.99ns) (grouped into DSP with root node r)   --->   "%qq = mul i24 %zext_ln60, i24 3329" [kyber-mult-kernel-dataflow.cpp:61->kyber-mult-kernel-dataflow.cpp:132]   --->   Operation 129 'mul' 'qq' <Predicate = true> <Delay = 0.99> <CoreInst = "DSP48">   --->   Core 127 'DSP48' <Latency = 2> <II = 1> <Delay = 1.33> <IPBlock> <Opcode : '' 'add' 'sub' 'mul' 'select'> <InPorts = 0> <OutPorts = 1> <Sync> <CReg>

State 22 <SV = 21> <Delay = 4.03>
ST_22 : Operation 130 [1/1] (0.00ns)   --->   "%specpipeline_ln131 = specpipeline void @_ssdm_op_SpecPipeline, i32 1, i32 0, i32 0, i32 0, void @empty_246" [kyber-mult-kernel-dataflow.cpp:131]   --->   Operation 130 'specpipeline' 'specpipeline_ln131' <Predicate = true> <Delay = 0.00>
ST_22 : Operation 131 [1/1] (0.00ns)   --->   "%speclooptripcount_ln130 = speclooptripcount void @_ssdm_op_SpecLoopTripCount, i64 256, i64 256, i64 256" [kyber-mult-kernel-dataflow.cpp:130]   --->   Operation 131 'speclooptripcount' 'speclooptripcount_ln130' <Predicate = true> <Delay = 0.00>
ST_22 : Operation 132 [1/1] (0.00ns)   --->   "%specloopname_ln130 = specloopname void @_ssdm_op_SpecLoopName, void @empty_34" [kyber-mult-kernel-dataflow.cpp:130]   --->   Operation 132 'specloopname' 'specloopname_ln130' <Predicate = true> <Delay = 0.00>
ST_22 : Operation 133 [1/1] (0.00ns)   --->   "%rbegin3 = specregionbegin i32 @_ssdm_op_SpecRegionBegin, void @empty_235" [kyber-mult-kernel-dataflow.cpp:56->kyber-mult-kernel-dataflow.cpp:132]   --->   Operation 133 'specregionbegin' 'rbegin3' <Predicate = true> <Delay = 0.00>
ST_22 : Operation 134 [1/1] (0.00ns)   --->   "%zext_ln57 = zext i24 %x" [kyber-mult-kernel-dataflow.cpp:57->kyber-mult-kernel-dataflow.cpp:132]   --->   Operation 134 'zext' 'zext_ln57' <Predicate = true> <Delay = 0.00>
ST_22 : Operation 135 [1/1] (0.00ns)   --->   "%rend4 = specregionend i32 @_ssdm_op_SpecRegionEnd, void @empty_235, i32 %rbegin3" [kyber-mult-kernel-dataflow.cpp:56->kyber-mult-kernel-dataflow.cpp:132]   --->   Operation 135 'specregionend' 'rend4' <Predicate = true> <Delay = 0.00>
ST_22 : Operation 136 [1/1] (0.00ns)   --->   "%rbegin1 = specregionbegin i32 @_ssdm_op_SpecRegionBegin, void @empty_43" [kyber-mult-kernel-dataflow.cpp:58->kyber-mult-kernel-dataflow.cpp:132]   --->   Operation 136 'specregionbegin' 'rbegin1' <Predicate = true> <Delay = 0.00>
ST_22 : Operation 137 [1/1] (0.00ns)   --->   "%rend2 = specregionend i32 @_ssdm_op_SpecRegionEnd, void @empty_43, i32 %rbegin1" [kyber-mult-kernel-dataflow.cpp:58->kyber-mult-kernel-dataflow.cpp:132]   --->   Operation 137 'specregionend' 'rend2' <Predicate = true> <Delay = 0.00>
ST_22 : Operation 138 [1/1] (0.00ns)   --->   "%rbegin = specregionbegin i32 @_ssdm_op_SpecRegionBegin, void @empty_187" [kyber-mult-kernel-dataflow.cpp:61->kyber-mult-kernel-dataflow.cpp:132]   --->   Operation 138 'specregionbegin' 'rbegin' <Predicate = true> <Delay = 0.00>
ST_22 : Operation 139 [1/3] (0.00ns) (grouped into DSP with root node r)   --->   "%qq = mul i24 %zext_ln60, i24 3329" [kyber-mult-kernel-dataflow.cpp:61->kyber-mult-kernel-dataflow.cpp:132]   --->   Operation 139 'mul' 'qq' <Predicate = true> <Delay = 0.00> <CoreInst = "DSP48">   --->   Core 127 'DSP48' <Latency = 2> <II = 1> <Delay = 1.33> <IPBlock> <Opcode : '' 'add' 'sub' 'mul' 'select'> <InPorts = 0> <OutPorts = 1> <Sync> <CReg>
ST_22 : Operation 140 [1/1] (0.00ns) (grouped into DSP with root node r)   --->   "%zext_ln62 = zext i24 %qq" [kyber-mult-kernel-dataflow.cpp:62->kyber-mult-kernel-dataflow.cpp:132]   --->   Operation 140 'zext' 'zext_ln62' <Predicate = true> <Delay = 0.00>
ST_22 : Operation 141 [1/1] (0.00ns)   --->   "%specfucore_ln62 = specfucore void @_ssdm_op_SpecFUCore, i24 %qq, i64 12, i64 3, i64 2" [kyber-mult-kernel-dataflow.cpp:62->kyber-mult-kernel-dataflow.cpp:132]   --->   Operation 141 'specfucore' 'specfucore_ln62' <Predicate = true> <Delay = 0.00>
ST_22 : Operation 142 [1/1] (0.00ns)   --->   "%rend = specregionend i32 @_ssdm_op_SpecRegionEnd, void @empty_187, i32 %rbegin" [kyber-mult-kernel-dataflow.cpp:61->kyber-mult-kernel-dataflow.cpp:132]   --->   Operation 142 'specregionend' 'rend' <Predicate = true> <Delay = 0.00>
ST_22 : Operation 143 [1/1] (2.03ns) (root node of the DSP)   --->   "%r = sub i25 %zext_ln57, i25 %zext_ln62" [kyber-mult-kernel-dataflow.cpp:63->kyber-mult-kernel-dataflow.cpp:132]   --->   Operation 143 'sub' 'r' <Predicate = true> <Delay = 2.03> <CoreInst = "DSP48">   --->   Core 127 'DSP48' <Latency = 2> <II = 1> <Delay = 1.33> <IPBlock> <Opcode : '' 'add' 'sub' 'mul' 'select'> <InPorts = 0> <OutPorts = 1> <Sync> <CReg>
ST_22 : Operation 144 [1/1] (0.94ns)   --->   "%icmp_ln64 = icmp_ugt  i25 %r, i25 3328" [kyber-mult-kernel-dataflow.cpp:64->kyber-mult-kernel-dataflow.cpp:132]   --->   Operation 144 'icmp' 'icmp_ln64' <Predicate = true> <Delay = 0.94> <CoreInst = "Cmp">   --->   Core 9 'Cmp' <Latency = 0> <II = 1> <Delay = 0.94> <FuncUnit> <Opcode : 'icmp'> <InPorts = 2> <OutPorts = 1>
ST_22 : Operation 145 [1/1] (0.00ns)   --->   "%trunc_ln64 = trunc i25 %r" [kyber-mult-kernel-dataflow.cpp:64->kyber-mult-kernel-dataflow.cpp:132]   --->   Operation 145 'trunc' 'trunc_ln64' <Predicate = true> <Delay = 0.00>
ST_22 : Operation 146 [1/1] (0.80ns)   --->   "%add_ln64 = add i12 %trunc_ln64, i12 767" [kyber-mult-kernel-dataflow.cpp:64->kyber-mult-kernel-dataflow.cpp:132]   --->   Operation 146 'add' 'add_ln64' <Predicate = true> <Delay = 0.80> <CoreInst = "Adder">   --->   Core 1 'Adder' <Latency = 0> <II = 1> <Delay = 0.80> <FuncUnit> <Opcode : 'add' 'sub'> <InPorts = 2> <OutPorts = 1>
ST_22 : Operation 147 [1/1] (0.37ns)   --->   "%select_ln64 = select i1 %icmp_ln64, i12 %add_ln64, i12 %trunc_ln64" [kyber-mult-kernel-dataflow.cpp:64->kyber-mult-kernel-dataflow.cpp:132]   --->   Operation 147 'select' 'select_ln64' <Predicate = true> <Delay = 0.37> <CoreInst = "Sel">   --->   Core 73 'Sel' <Latency = 0> <II = 1> <Delay = 0.37> <FuncUnit> <Opcode : 'select'> <InPorts = 3> <OutPorts = 1>
ST_22 : Operation 148 [1/1] (0.00ns)   --->   "%buf_0_addr = getelementptr i12 %buf_0, i64 0, i64 %zext_ln130" [kyber-mult-kernel-dataflow.cpp:132]   --->   Operation 148 'getelementptr' 'buf_0_addr' <Predicate = true> <Delay = 0.00>
ST_22 : Operation 149 [1/1] (0.00ns)   --->   "%buf_1_addr = getelementptr i12 %buf_1, i64 0, i64 %zext_ln130" [kyber-mult-kernel-dataflow.cpp:132]   --->   Operation 149 'getelementptr' 'buf_1_addr' <Predicate = true> <Delay = 0.00>
ST_22 : Operation 150 [1/1] (0.00ns)   --->   "%buf_2_addr = getelementptr i12 %buf_2, i64 0, i64 %zext_ln130" [kyber-mult-kernel-dataflow.cpp:132]   --->   Operation 150 'getelementptr' 'buf_2_addr' <Predicate = true> <Delay = 0.00>
ST_22 : Operation 151 [1/1] (0.00ns)   --->   "%buf_3_addr = getelementptr i12 %buf_3, i64 0, i64 %zext_ln130" [kyber-mult-kernel-dataflow.cpp:132]   --->   Operation 151 'getelementptr' 'buf_3_addr' <Predicate = true> <Delay = 0.00>
ST_22 : Operation 152 [1/1] (0.00ns)   --->   "%buf_4_addr = getelementptr i12 %buf_4, i64 0, i64 %zext_ln130" [kyber-mult-kernel-dataflow.cpp:132]   --->   Operation 152 'getelementptr' 'buf_4_addr' <Predicate = true> <Delay = 0.00>
ST_22 : Operation 153 [1/1] (0.00ns)   --->   "%buf_5_addr = getelementptr i12 %buf_5, i64 0, i64 %zext_ln130" [kyber-mult-kernel-dataflow.cpp:132]   --->   Operation 153 'getelementptr' 'buf_5_addr' <Predicate = true> <Delay = 0.00>
ST_22 : Operation 154 [1/1] (0.00ns)   --->   "%buf_6_addr = getelementptr i12 %buf_6, i64 0, i64 %zext_ln130" [kyber-mult-kernel-dataflow.cpp:132]   --->   Operation 154 'getelementptr' 'buf_6_addr' <Predicate = true> <Delay = 0.00>
ST_22 : Operation 155 [1/1] (0.00ns)   --->   "%buf_7_addr = getelementptr i12 %buf_7, i64 0, i64 %zext_ln130" [kyber-mult-kernel-dataflow.cpp:132]   --->   Operation 155 'getelementptr' 'buf_7_addr' <Predicate = true> <Delay = 0.00>
ST_22 : Operation 156 [1/1] (0.00ns)   --->   "%buf_8_addr = getelementptr i12 %buf_8, i64 0, i64 %zext_ln130" [kyber-mult-kernel-dataflow.cpp:132]   --->   Operation 156 'getelementptr' 'buf_8_addr' <Predicate = true> <Delay = 0.00>
ST_22 : Operation 157 [1/1] (0.00ns)   --->   "%buf_9_addr = getelementptr i12 %buf_9, i64 0, i64 %zext_ln130" [kyber-mult-kernel-dataflow.cpp:132]   --->   Operation 157 'getelementptr' 'buf_9_addr' <Predicate = true> <Delay = 0.00>
ST_22 : Operation 158 [1/1] (0.00ns)   --->   "%buf_10_addr = getelementptr i12 %buf_10, i64 0, i64 %zext_ln130" [kyber-mult-kernel-dataflow.cpp:132]   --->   Operation 158 'getelementptr' 'buf_10_addr' <Predicate = true> <Delay = 0.00>
ST_22 : Operation 159 [1/1] (0.00ns)   --->   "%buf_11_addr = getelementptr i12 %buf_11, i64 0, i64 %zext_ln130" [kyber-mult-kernel-dataflow.cpp:132]   --->   Operation 159 'getelementptr' 'buf_11_addr' <Predicate = true> <Delay = 0.00>
ST_22 : Operation 160 [1/1] (0.00ns)   --->   "%buf_12_addr = getelementptr i12 %buf_12, i64 0, i64 %zext_ln130" [kyber-mult-kernel-dataflow.cpp:132]   --->   Operation 160 'getelementptr' 'buf_12_addr' <Predicate = true> <Delay = 0.00>
ST_22 : Operation 161 [1/1] (0.00ns)   --->   "%buf_13_addr = getelementptr i12 %buf_13, i64 0, i64 %zext_ln130" [kyber-mult-kernel-dataflow.cpp:132]   --->   Operation 161 'getelementptr' 'buf_13_addr' <Predicate = true> <Delay = 0.00>
ST_22 : Operation 162 [1/1] (0.00ns)   --->   "%buf_14_addr = getelementptr i12 %buf_14, i64 0, i64 %zext_ln130" [kyber-mult-kernel-dataflow.cpp:132]   --->   Operation 162 'getelementptr' 'buf_14_addr' <Predicate = true> <Delay = 0.00>
ST_22 : Operation 163 [1/1] (0.00ns)   --->   "%buf_15_addr = getelementptr i12 %buf_15, i64 0, i64 %zext_ln130" [kyber-mult-kernel-dataflow.cpp:132]   --->   Operation 163 'getelementptr' 'buf_15_addr' <Predicate = true> <Delay = 0.00>
ST_22 : Operation 164 [1/1] (0.67ns)   --->   "%store_ln132 = store i12 %select_ln64, i4 %buf_14_addr" [kyber-mult-kernel-dataflow.cpp:132]   --->   Operation 164 'store' 'store_ln132' <Predicate = (trunc_ln130 == 14)> <Delay = 0.67> <CoreInst = "RAM">   --->   Core 83 'RAM' <Latency = 1> <II = 1> <Delay = 0.67> <Storage> <Opcode : 'load' 'store'> <Ports = 2> <Width = 12> <Depth = 16> <RAM>
ST_22 : Operation 165 [1/1] (0.00ns)   --->   "%br_ln132 = br void %arrayidx91.exit" [kyber-mult-kernel-dataflow.cpp:132]   --->   Operation 165 'br' 'br_ln132' <Predicate = (trunc_ln130 == 14)> <Delay = 0.00>
ST_22 : Operation 166 [1/1] (0.67ns)   --->   "%store_ln132 = store i12 %select_ln64, i4 %buf_13_addr" [kyber-mult-kernel-dataflow.cpp:132]   --->   Operation 166 'store' 'store_ln132' <Predicate = (trunc_ln130 == 13)> <Delay = 0.67> <CoreInst = "RAM">   --->   Core 83 'RAM' <Latency = 1> <II = 1> <Delay = 0.67> <Storage> <Opcode : 'load' 'store'> <Ports = 2> <Width = 12> <Depth = 16> <RAM>
ST_22 : Operation 167 [1/1] (0.00ns)   --->   "%br_ln132 = br void %arrayidx91.exit" [kyber-mult-kernel-dataflow.cpp:132]   --->   Operation 167 'br' 'br_ln132' <Predicate = (trunc_ln130 == 13)> <Delay = 0.00>
ST_22 : Operation 168 [1/1] (0.67ns)   --->   "%store_ln132 = store i12 %select_ln64, i4 %buf_12_addr" [kyber-mult-kernel-dataflow.cpp:132]   --->   Operation 168 'store' 'store_ln132' <Predicate = (trunc_ln130 == 12)> <Delay = 0.67> <CoreInst = "RAM">   --->   Core 83 'RAM' <Latency = 1> <II = 1> <Delay = 0.67> <Storage> <Opcode : 'load' 'store'> <Ports = 2> <Width = 12> <Depth = 16> <RAM>
ST_22 : Operation 169 [1/1] (0.00ns)   --->   "%br_ln132 = br void %arrayidx91.exit" [kyber-mult-kernel-dataflow.cpp:132]   --->   Operation 169 'br' 'br_ln132' <Predicate = (trunc_ln130 == 12)> <Delay = 0.00>
ST_22 : Operation 170 [1/1] (0.67ns)   --->   "%store_ln132 = store i12 %select_ln64, i4 %buf_11_addr" [kyber-mult-kernel-dataflow.cpp:132]   --->   Operation 170 'store' 'store_ln132' <Predicate = (trunc_ln130 == 11)> <Delay = 0.67> <CoreInst = "RAM">   --->   Core 83 'RAM' <Latency = 1> <II = 1> <Delay = 0.67> <Storage> <Opcode : 'load' 'store'> <Ports = 2> <Width = 12> <Depth = 16> <RAM>
ST_22 : Operation 171 [1/1] (0.00ns)   --->   "%br_ln132 = br void %arrayidx91.exit" [kyber-mult-kernel-dataflow.cpp:132]   --->   Operation 171 'br' 'br_ln132' <Predicate = (trunc_ln130 == 11)> <Delay = 0.00>
ST_22 : Operation 172 [1/1] (0.67ns)   --->   "%store_ln132 = store i12 %select_ln64, i4 %buf_10_addr" [kyber-mult-kernel-dataflow.cpp:132]   --->   Operation 172 'store' 'store_ln132' <Predicate = (trunc_ln130 == 10)> <Delay = 0.67> <CoreInst = "RAM">   --->   Core 83 'RAM' <Latency = 1> <II = 1> <Delay = 0.67> <Storage> <Opcode : 'load' 'store'> <Ports = 2> <Width = 12> <Depth = 16> <RAM>
ST_22 : Operation 173 [1/1] (0.00ns)   --->   "%br_ln132 = br void %arrayidx91.exit" [kyber-mult-kernel-dataflow.cpp:132]   --->   Operation 173 'br' 'br_ln132' <Predicate = (trunc_ln130 == 10)> <Delay = 0.00>
ST_22 : Operation 174 [1/1] (0.67ns)   --->   "%store_ln132 = store i12 %select_ln64, i4 %buf_9_addr" [kyber-mult-kernel-dataflow.cpp:132]   --->   Operation 174 'store' 'store_ln132' <Predicate = (trunc_ln130 == 9)> <Delay = 0.67> <CoreInst = "RAM">   --->   Core 83 'RAM' <Latency = 1> <II = 1> <Delay = 0.67> <Storage> <Opcode : 'load' 'store'> <Ports = 2> <Width = 12> <Depth = 16> <RAM>
ST_22 : Operation 175 [1/1] (0.00ns)   --->   "%br_ln132 = br void %arrayidx91.exit" [kyber-mult-kernel-dataflow.cpp:132]   --->   Operation 175 'br' 'br_ln132' <Predicate = (trunc_ln130 == 9)> <Delay = 0.00>
ST_22 : Operation 176 [1/1] (0.67ns)   --->   "%store_ln132 = store i12 %select_ln64, i4 %buf_8_addr" [kyber-mult-kernel-dataflow.cpp:132]   --->   Operation 176 'store' 'store_ln132' <Predicate = (trunc_ln130 == 8)> <Delay = 0.67> <CoreInst = "RAM">   --->   Core 83 'RAM' <Latency = 1> <II = 1> <Delay = 0.67> <Storage> <Opcode : 'load' 'store'> <Ports = 2> <Width = 12> <Depth = 16> <RAM>
ST_22 : Operation 177 [1/1] (0.00ns)   --->   "%br_ln132 = br void %arrayidx91.exit" [kyber-mult-kernel-dataflow.cpp:132]   --->   Operation 177 'br' 'br_ln132' <Predicate = (trunc_ln130 == 8)> <Delay = 0.00>
ST_22 : Operation 178 [1/1] (0.67ns)   --->   "%store_ln132 = store i12 %select_ln64, i4 %buf_7_addr" [kyber-mult-kernel-dataflow.cpp:132]   --->   Operation 178 'store' 'store_ln132' <Predicate = (trunc_ln130 == 7)> <Delay = 0.67> <CoreInst = "RAM">   --->   Core 83 'RAM' <Latency = 1> <II = 1> <Delay = 0.67> <Storage> <Opcode : 'load' 'store'> <Ports = 2> <Width = 12> <Depth = 16> <RAM>
ST_22 : Operation 179 [1/1] (0.00ns)   --->   "%br_ln132 = br void %arrayidx91.exit" [kyber-mult-kernel-dataflow.cpp:132]   --->   Operation 179 'br' 'br_ln132' <Predicate = (trunc_ln130 == 7)> <Delay = 0.00>
ST_22 : Operation 180 [1/1] (0.67ns)   --->   "%store_ln132 = store i12 %select_ln64, i4 %buf_6_addr" [kyber-mult-kernel-dataflow.cpp:132]   --->   Operation 180 'store' 'store_ln132' <Predicate = (trunc_ln130 == 6)> <Delay = 0.67> <CoreInst = "RAM">   --->   Core 83 'RAM' <Latency = 1> <II = 1> <Delay = 0.67> <Storage> <Opcode : 'load' 'store'> <Ports = 2> <Width = 12> <Depth = 16> <RAM>
ST_22 : Operation 181 [1/1] (0.00ns)   --->   "%br_ln132 = br void %arrayidx91.exit" [kyber-mult-kernel-dataflow.cpp:132]   --->   Operation 181 'br' 'br_ln132' <Predicate = (trunc_ln130 == 6)> <Delay = 0.00>
ST_22 : Operation 182 [1/1] (0.67ns)   --->   "%store_ln132 = store i12 %select_ln64, i4 %buf_5_addr" [kyber-mult-kernel-dataflow.cpp:132]   --->   Operation 182 'store' 'store_ln132' <Predicate = (trunc_ln130 == 5)> <Delay = 0.67> <CoreInst = "RAM">   --->   Core 83 'RAM' <Latency = 1> <II = 1> <Delay = 0.67> <Storage> <Opcode : 'load' 'store'> <Ports = 2> <Width = 12> <Depth = 16> <RAM>
ST_22 : Operation 183 [1/1] (0.00ns)   --->   "%br_ln132 = br void %arrayidx91.exit" [kyber-mult-kernel-dataflow.cpp:132]   --->   Operation 183 'br' 'br_ln132' <Predicate = (trunc_ln130 == 5)> <Delay = 0.00>
ST_22 : Operation 184 [1/1] (0.67ns)   --->   "%store_ln132 = store i12 %select_ln64, i4 %buf_4_addr" [kyber-mult-kernel-dataflow.cpp:132]   --->   Operation 184 'store' 'store_ln132' <Predicate = (trunc_ln130 == 4)> <Delay = 0.67> <CoreInst = "RAM">   --->   Core 83 'RAM' <Latency = 1> <II = 1> <Delay = 0.67> <Storage> <Opcode : 'load' 'store'> <Ports = 2> <Width = 12> <Depth = 16> <RAM>
ST_22 : Operation 185 [1/1] (0.00ns)   --->   "%br_ln132 = br void %arrayidx91.exit" [kyber-mult-kernel-dataflow.cpp:132]   --->   Operation 185 'br' 'br_ln132' <Predicate = (trunc_ln130 == 4)> <Delay = 0.00>
ST_22 : Operation 186 [1/1] (0.67ns)   --->   "%store_ln132 = store i12 %select_ln64, i4 %buf_3_addr" [kyber-mult-kernel-dataflow.cpp:132]   --->   Operation 186 'store' 'store_ln132' <Predicate = (trunc_ln130 == 3)> <Delay = 0.67> <CoreInst = "RAM">   --->   Core 83 'RAM' <Latency = 1> <II = 1> <Delay = 0.67> <Storage> <Opcode : 'load' 'store'> <Ports = 2> <Width = 12> <Depth = 16> <RAM>
ST_22 : Operation 187 [1/1] (0.00ns)   --->   "%br_ln132 = br void %arrayidx91.exit" [kyber-mult-kernel-dataflow.cpp:132]   --->   Operation 187 'br' 'br_ln132' <Predicate = (trunc_ln130 == 3)> <Delay = 0.00>
ST_22 : Operation 188 [1/1] (0.67ns)   --->   "%store_ln132 = store i12 %select_ln64, i4 %buf_2_addr" [kyber-mult-kernel-dataflow.cpp:132]   --->   Operation 188 'store' 'store_ln132' <Predicate = (trunc_ln130 == 2)> <Delay = 0.67> <CoreInst = "RAM">   --->   Core 83 'RAM' <Latency = 1> <II = 1> <Delay = 0.67> <Storage> <Opcode : 'load' 'store'> <Ports = 2> <Width = 12> <Depth = 16> <RAM>
ST_22 : Operation 189 [1/1] (0.00ns)   --->   "%br_ln132 = br void %arrayidx91.exit" [kyber-mult-kernel-dataflow.cpp:132]   --->   Operation 189 'br' 'br_ln132' <Predicate = (trunc_ln130 == 2)> <Delay = 0.00>
ST_22 : Operation 190 [1/1] (0.67ns)   --->   "%store_ln132 = store i12 %select_ln64, i4 %buf_1_addr" [kyber-mult-kernel-dataflow.cpp:132]   --->   Operation 190 'store' 'store_ln132' <Predicate = (trunc_ln130 == 1)> <Delay = 0.67> <CoreInst = "RAM">   --->   Core 83 'RAM' <Latency = 1> <II = 1> <Delay = 0.67> <Storage> <Opcode : 'load' 'store'> <Ports = 2> <Width = 12> <Depth = 16> <RAM>
ST_22 : Operation 191 [1/1] (0.00ns)   --->   "%br_ln132 = br void %arrayidx91.exit" [kyber-mult-kernel-dataflow.cpp:132]   --->   Operation 191 'br' 'br_ln132' <Predicate = (trunc_ln130 == 1)> <Delay = 0.00>
ST_22 : Operation 192 [1/1] (0.67ns)   --->   "%store_ln132 = store i12 %select_ln64, i4 %buf_0_addr" [kyber-mult-kernel-dataflow.cpp:132]   --->   Operation 192 'store' 'store_ln132' <Predicate = (trunc_ln130 == 0)> <Delay = 0.67> <CoreInst = "RAM">   --->   Core 83 'RAM' <Latency = 1> <II = 1> <Delay = 0.67> <Storage> <Opcode : 'load' 'store'> <Ports = 2> <Width = 12> <Depth = 16> <RAM>
ST_22 : Operation 193 [1/1] (0.00ns)   --->   "%br_ln132 = br void %arrayidx91.exit" [kyber-mult-kernel-dataflow.cpp:132]   --->   Operation 193 'br' 'br_ln132' <Predicate = (trunc_ln130 == 0)> <Delay = 0.00>
ST_22 : Operation 194 [1/1] (0.67ns)   --->   "%store_ln132 = store i12 %select_ln64, i4 %buf_15_addr" [kyber-mult-kernel-dataflow.cpp:132]   --->   Operation 194 'store' 'store_ln132' <Predicate = (trunc_ln130 == 15)> <Delay = 0.67> <CoreInst = "RAM">   --->   Core 83 'RAM' <Latency = 1> <II = 1> <Delay = 0.67> <Storage> <Opcode : 'load' 'store'> <Ports = 2> <Width = 12> <Depth = 16> <RAM>
ST_22 : Operation 195 [1/1] (0.00ns)   --->   "%br_ln132 = br void %arrayidx91.exit" [kyber-mult-kernel-dataflow.cpp:132]   --->   Operation 195 'br' 'br_ln132' <Predicate = (trunc_ln130 == 15)> <Delay = 0.00>

State 23 <SV = 15> <Delay = 0.00>
ST_23 : Operation 196 [1/1] (0.00ns)   --->   "%ret_ln134 = ret" [kyber-mult-kernel-dataflow.cpp:134]   --->   Operation 196 'ret' 'ret_ln134' <Predicate = true> <Delay = 0.00>


============================================================
+ Verbose Summary: Timing violations
============================================================
Target clock period: 10.000ns, clock uncertainty: 2.700ns.

 <State 1>: 0.427ns
The critical path consists of the following:
	'alloca' operation 9 bit ('i', kyber-mult-kernel-dataflow.cpp:130) [73]  (0.000 ns)
	'store' operation 0 bit ('store_ln130', kyber-mult-kernel-dataflow.cpp:130) of constant 0 on local variable 'i', kyber-mult-kernel-dataflow.cpp:130 [97]  (0.427 ns)

 <State 2>: 0.000ns
The critical path consists of the following:

 <State 3>: 0.000ns
The critical path consists of the following:

 <State 4>: 0.000ns
The critical path consists of the following:

 <State 5>: 0.000ns
The critical path consists of the following:

 <State 6>: 0.000ns
The critical path consists of the following:

 <State 7>: 0.000ns
The critical path consists of the following:

 <State 8>: 0.000ns
The critical path consists of the following:

 <State 9>: 0.000ns
The critical path consists of the following:

 <State 10>: 0.000ns
The critical path consists of the following:

 <State 11>: 0.000ns
The critical path consists of the following:

 <State 12>: 0.000ns
The critical path consists of the following:

 <State 13>: 0.000ns
The critical path consists of the following:

 <State 14>: 0.000ns
The critical path consists of the following:

 <State 15>: 1.203ns
The critical path consists of the following:
	'load' operation 9 bit ('i', kyber-mult-kernel-dataflow.cpp:130) on local variable 'i', kyber-mult-kernel-dataflow.cpp:130 [100]  (0.000 ns)
	'icmp' operation 1 bit ('icmp_ln130', kyber-mult-kernel-dataflow.cpp:130) [101]  (0.776 ns)
	'store' operation 0 bit ('store_ln130', kyber-mult-kernel-dataflow.cpp:130) of variable 'add_ln130', kyber-mult-kernel-dataflow.cpp:130 on local variable 'i', kyber-mult-kernel-dataflow.cpp:130 [233]  (0.427 ns)

 <State 16>: 2.516ns
The critical path consists of the following:
	'load' operation 12 bit ('mux_case_0', kyber-mult-kernel-dataflow.cpp:132) on array 'tmp', kyber-mult-kernel-dataflow.cpp:125 [127]  (0.677 ns)
	'sparsemux' operation 12 bit ('a', kyber-mult-kernel-dataflow.cpp:132) [143]  (0.489 ns)
	'mul' operation 24 bit ('x', kyber-mult-kernel-dataflow.cpp:56->kyber-mult-kernel-dataflow.cpp:132) [146]  (1.350 ns)

 <State 17>: 1.350ns
The critical path consists of the following:
	'mul' operation 24 bit ('x', kyber-mult-kernel-dataflow.cpp:56->kyber-mult-kernel-dataflow.cpp:132) [146]  (1.350 ns)

 <State 18>: 3.174ns
The critical path consists of the following:
	'mul' operation 24 bit ('x', kyber-mult-kernel-dataflow.cpp:56->kyber-mult-kernel-dataflow.cpp:132) [146]  (1.350 ns)
	'mul' operation 37 bit ('xmu', kyber-mult-kernel-dataflow.cpp:58->kyber-mult-kernel-dataflow.cpp:132) [152]  (1.825 ns)

 <State 19>: 1.825ns
The critical path consists of the following:
	'mul' operation 37 bit ('xmu', kyber-mult-kernel-dataflow.cpp:58->kyber-mult-kernel-dataflow.cpp:132) [152]  (1.825 ns)

 <State 20>: 2.821ns
The critical path consists of the following:
	'mul' operation 37 bit ('xmu', kyber-mult-kernel-dataflow.cpp:58->kyber-mult-kernel-dataflow.cpp:132) [152]  (1.825 ns)
	'mul' operation 24 bit of DSP[162] ('qq', kyber-mult-kernel-dataflow.cpp:61->kyber-mult-kernel-dataflow.cpp:132) [158]  (0.996 ns)

 <State 21>: 0.996ns
The critical path consists of the following:
	'mul' operation 24 bit of DSP[162] ('qq', kyber-mult-kernel-dataflow.cpp:61->kyber-mult-kernel-dataflow.cpp:132) [158]  (0.996 ns)

 <State 22>: 4.036ns
The critical path consists of the following:
	'sub' operation 25 bit of DSP[162] ('r', kyber-mult-kernel-dataflow.cpp:63->kyber-mult-kernel-dataflow.cpp:132) [162]  (2.039 ns)
	'icmp' operation 1 bit ('icmp_ln64', kyber-mult-kernel-dataflow.cpp:64->kyber-mult-kernel-dataflow.cpp:132) [163]  (0.945 ns)
	'select' operation 12 bit ('select_ln64', kyber-mult-kernel-dataflow.cpp:64->kyber-mult-kernel-dataflow.cpp:132) [166]  (0.375 ns)
	'store' operation 0 bit ('store_ln132', kyber-mult-kernel-dataflow.cpp:132) of variable 'select_ln64', kyber-mult-kernel-dataflow.cpp:64->kyber-mult-kernel-dataflow.cpp:132 on array 'buf_0' [227]  (0.677 ns)

 <State 23>: 0.000ns
The critical path consists of the following:


============================================================
+ Verbose Summary: Binding
============================================================
N/A
* FSMD analyzer results:
  - Output states:
 - Input state : 
  - Chain level:
	State 1
	State 2
	State 3
	State 4
	State 5
	State 6
	State 7
	State 8
	State 9
	State 10
	State 11
	State 12
	State 13
	State 14
	State 15
	State 16
	State 17
	State 18
	State 19
	State 20
	State 21
	State 22
	State 23


============================================================
+ Verbose Summary: Datapath Resource usage 
============================================================
N/A
