

================================================================
== Vitis HLS Report for 'inv_all'
================================================================
* Date:           Thu Jun 11 23:16:44 2026

* Version:        2023.2 (Build 4023990 on Oct 11 2023)
* Project:        ntt_kyber
* Solution:       solution1 (Vivado IP Flow Target)
* Product family: zynquplus
* Target device:  xck26-sfvc784-2LV-c


================================================================
== Performance Estimates
================================================================
+ Timing: 
    * Summary: 
    +--------+----------+----------+------------+
    |  Clock |  Target  | Estimated| Uncertainty|
    +--------+----------+----------+------------+
    |ap_clk  |  10.00 ns|  6.397 ns|     2.70 ns|
    +--------+----------+----------+------------+

+ Latency: 
    * Summary: 
    +---------+---------+----------+-----------+-----+------+---------+
    |  Latency (cycles) |  Latency (absolute)  |  Interval  | Pipeline|
    |   min   |   max   |    min   |    max    | min |  max |   Type  |
    +---------+---------+----------+-----------+-----+------+---------+
    |      490|     7825|  4.900 us|  78.250 us|  490|  7825|       no|
    +---------+---------+----------+-----------+-----+------+---------+

    + Detail: 
        * Instance: 
        +-----------------------------------+------------------------+---------+---------+----------+----------+-----+-----+---------+
        |                                   |                        |  Latency (cycles) |  Latency (absolute) |  Interval | Pipeline|
        |              Instance             |         Module         |   min   |   max   |    min   |    max   | min | max |   Type  |
        +-----------------------------------+------------------------+---------+---------+----------+----------+-----+-----+---------+
        |grp_inv_all_Pipeline_IN_RD_fu_252  |inv_all_Pipeline_IN_RD  |       18|       18|  0.180 us|  0.180 us|   18|   18|       no|
        |grp_inv_ntt_fu_274                 |inv_ntt                 |      447|      447|  4.470 us|  4.470 us|  447|  447|       no|
        |grp_inv_all_Pipeline_IN_WR_fu_406  |inv_all_Pipeline_IN_WR  |       18|       18|  0.180 us|  0.180 us|   18|   18|       no|
        +-----------------------------------+------------------------+---------+---------+----------+----------+-----+-----+---------+

        * Loop: 
        +----------+---------+---------+----------+-----------+-----------+--------+----------+
        |          |  Latency (cycles) | Iteration|  Initiation Interval  |  Trip  |          |
        | Loop Name|   min   |   max   |  Latency |  achieved |   target  |  Count | Pipelined|
        +----------+---------+---------+----------+-----------+-----------+--------+----------+
        |- IN_BLK  |      489|     7824|       489|          -|          -|  1 ~ 16|        no|
        +----------+---------+---------+----------+-----------+-----------+--------+----------+

============================================================
+ Verbose Summary: Synthesis Manager
============================================================
InlineROM: 1
ExposeGlobal: 0
============================================================
+ Verbose Summary: CDFG Model
============================================================
IsTopModel: 0
ResetActiveHigh: 1
IsCombinational: 2
IsDatapathOnly: 0
HasWiredReturn: 1
HasMFsm: 0
HasVarLatency: 1
IsPipeline: 0
IsRtlPipelined: 0
IsInstanceOverlapped: 0
IsDontTouch: 0
HasImplIP: 0
IsGatedGlobalClock: 0


============================================================
+ Verbose Summary: Schedule
============================================================
* Number of FSM states : 7
* Pipeline : 0
* Dataflow Pipeline: 0

* FSM state transitions: 
1 --> 2 
2 --> 3 
3 --> 4 
4 --> 5 
5 --> 6 
6 --> 7 
7 --> 2 

* FSM state operations: 

State 1 <SV = 0> <Delay = 3.67>
ST_1 : Operation 8 [1/1] (0.00ns)   --->   "%blk = alloca i32 1"   --->   Operation 8 'alloca' 'blk' <Predicate = true> <Delay = 0.00>
ST_1 : Operation 9 [1/1] (0.00ns)   --->   "%specinterface_ln0 = specinterface void @_ssdm_op_SpecInterface, i32 %batch, void @ap_fifo_str, i32 0, i32 0, void @p_str, i32 0, i32 0, void @p_str, void @p_str, void @p_str, i32 2, i32 2, i32 16, i32 16, void @p_str, void @ScalarProp_str, i32 4294967295, i32 0"   --->   Operation 9 'specinterface' 'specinterface_ln0' <Predicate = true> <Delay = 0.00>
ST_1 : Operation 10 [1/1] (1.83ns)   --->   "%batch_2 = read i32 @_ssdm_op_Read.ap_fifo.i32P0A, i32 %batch"   --->   Operation 10 'read' 'batch_2' <Predicate = true> <Delay = 1.83> <CoreInst = "FIFO_SRL">   --->   Core 81 'FIFO_SRL' <Latency = 0> <II = 1> <Delay = 1.83> <Storage> <Opcode : 'read' 'write' 'nbread' 'nbwrite'> <Ports = 0> <Width = 32> <Depth = 2> <FIFO>
ST_1 : Operation 11 [1/1] (0.00ns)   --->   "%specinterface_ln0 = specinterface void @_ssdm_op_SpecInterface, i32 %batch_size_c, void @ap_fifo_str, i32 0, i32 0, void @p_str, i32 0, i32 0, void @p_str, void @p_str, void @p_str, i32 2, i32 2, i32 16, i32 16, void @p_str, void @ScalarProp_str, i32 4294967295, i32 0"   --->   Operation 11 'specinterface' 'specinterface_ln0' <Predicate = true> <Delay = 0.00>
ST_1 : Operation 12 [1/1] (1.83ns)   --->   "%write_ln0 = write void @_ssdm_op_Write.ap_fifo.i32P0A, i32 %batch_size_c, i32 %batch_2"   --->   Operation 12 'write' 'write_ln0' <Predicate = true> <Delay = 1.83> <CoreInst = "FIFO_SRL">   --->   Core 81 'FIFO_SRL' <Latency = 0> <II = 1> <Delay = 1.83> <Storage> <Opcode : 'read' 'write' 'nbread' 'nbwrite'> <Ports = 0> <Width = 32> <Depth = 2> <FIFO>
ST_1 : Operation 13 [1/1] (0.00ns)   --->   "%specinterface_ln0 = specinterface void @_ssdm_op_SpecInterface, i192 %sC1, void @empty_163, i32 0, i32 0, void @empty_246, i32 0, i32 0, void @empty_246, void @empty_246, void @empty_246, i32 0, i32 0, i32 0, i32 0, void @empty_246, void @empty_246, i32 4294967295, i32 0"   --->   Operation 13 'specinterface' 'specinterface_ln0' <Predicate = true> <Delay = 0.00>
ST_1 : Operation 14 [1/1] (0.00ns)   --->   "%specinterface_ln0 = specinterface void @_ssdm_op_SpecInterface, i192 %sC0, void @empty_163, i32 0, i32 0, void @empty_246, i32 0, i32 0, void @empty_246, void @empty_246, void @empty_246, i32 0, i32 0, i32 0, i32 0, void @empty_246, void @empty_246, i32 4294967295, i32 0"   --->   Operation 14 'specinterface' 'specinterface_ln0' <Predicate = true> <Delay = 0.00>
ST_1 : Operation 15 [1/1] (0.67ns)   --->   "%C = alloca i64 1" [kyber-mult-kernel-dataflow.cpp:248]   --->   Operation 15 'alloca' 'C' <Predicate = true> <Delay = 0.67>
ST_1 : Operation 16 [1/1] (0.67ns)   --->   "%C_1 = alloca i64 1" [kyber-mult-kernel-dataflow.cpp:248]   --->   Operation 16 'alloca' 'C_1' <Predicate = true> <Delay = 0.67>
ST_1 : Operation 17 [1/1] (0.67ns)   --->   "%C_2 = alloca i64 1" [kyber-mult-kernel-dataflow.cpp:248]   --->   Operation 17 'alloca' 'C_2' <Predicate = true> <Delay = 0.67>
ST_1 : Operation 18 [1/1] (0.67ns)   --->   "%C_3 = alloca i64 1" [kyber-mult-kernel-dataflow.cpp:248]   --->   Operation 18 'alloca' 'C_3' <Predicate = true> <Delay = 0.67>
ST_1 : Operation 19 [1/1] (0.67ns)   --->   "%C_4 = alloca i64 1" [kyber-mult-kernel-dataflow.cpp:248]   --->   Operation 19 'alloca' 'C_4' <Predicate = true> <Delay = 0.67>
ST_1 : Operation 20 [1/1] (0.67ns)   --->   "%C_5 = alloca i64 1" [kyber-mult-kernel-dataflow.cpp:248]   --->   Operation 20 'alloca' 'C_5' <Predicate = true> <Delay = 0.67>
ST_1 : Operation 21 [1/1] (0.67ns)   --->   "%C_6 = alloca i64 1" [kyber-mult-kernel-dataflow.cpp:248]   --->   Operation 21 'alloca' 'C_6' <Predicate = true> <Delay = 0.67>
ST_1 : Operation 22 [1/1] (0.67ns)   --->   "%C_7 = alloca i64 1" [kyber-mult-kernel-dataflow.cpp:248]   --->   Operation 22 'alloca' 'C_7' <Predicate = true> <Delay = 0.67>
ST_1 : Operation 23 [1/1] (0.67ns)   --->   "%C_8 = alloca i64 1" [kyber-mult-kernel-dataflow.cpp:248]   --->   Operation 23 'alloca' 'C_8' <Predicate = true> <Delay = 0.67>
ST_1 : Operation 24 [1/1] (0.67ns)   --->   "%C_9 = alloca i64 1" [kyber-mult-kernel-dataflow.cpp:248]   --->   Operation 24 'alloca' 'C_9' <Predicate = true> <Delay = 0.67>
ST_1 : Operation 25 [1/1] (0.67ns)   --->   "%C_10 = alloca i64 1" [kyber-mult-kernel-dataflow.cpp:248]   --->   Operation 25 'alloca' 'C_10' <Predicate = true> <Delay = 0.67>
ST_1 : Operation 26 [1/1] (0.67ns)   --->   "%C_11 = alloca i64 1" [kyber-mult-kernel-dataflow.cpp:248]   --->   Operation 26 'alloca' 'C_11' <Predicate = true> <Delay = 0.67>
ST_1 : Operation 27 [1/1] (0.67ns)   --->   "%C_12 = alloca i64 1" [kyber-mult-kernel-dataflow.cpp:248]   --->   Operation 27 'alloca' 'C_12' <Predicate = true> <Delay = 0.67>
ST_1 : Operation 28 [1/1] (0.67ns)   --->   "%C_13 = alloca i64 1" [kyber-mult-kernel-dataflow.cpp:248]   --->   Operation 28 'alloca' 'C_13' <Predicate = true> <Delay = 0.67>
ST_1 : Operation 29 [1/1] (0.67ns)   --->   "%C_14 = alloca i64 1" [kyber-mult-kernel-dataflow.cpp:248]   --->   Operation 29 'alloca' 'C_14' <Predicate = true> <Delay = 0.67>
ST_1 : Operation 30 [1/1] (0.67ns)   --->   "%C_15 = alloca i64 1" [kyber-mult-kernel-dataflow.cpp:248]   --->   Operation 30 'alloca' 'C_15' <Predicate = true> <Delay = 0.67>
ST_1 : Operation 31 [1/1] (0.42ns)   --->   "%store_ln0 = store i31 0, i31 %blk"   --->   Operation 31 'store' 'store_ln0' <Predicate = true> <Delay = 0.42>
ST_1 : Operation 32 [1/1] (0.00ns)   --->   "%br_ln246 = br void %IN_RD" [kyber-mult-kernel-dataflow.cpp:246]   --->   Operation 32 'br' 'br_ln246' <Predicate = true> <Delay = 0.00>

State 2 <SV = 1> <Delay = 1.44>
ST_2 : Operation 33 [1/1] (0.00ns)   --->   "%blk_load = load i31 %blk" [kyber-mult-kernel-dataflow.cpp:246]   --->   Operation 33 'load' 'blk_load' <Predicate = true> <Delay = 0.00>
ST_2 : Operation 34 [1/1] (0.00ns)   --->   "%zext_ln246 = zext i31 %blk_load" [kyber-mult-kernel-dataflow.cpp:246]   --->   Operation 34 'zext' 'zext_ln246' <Predicate = true> <Delay = 0.00>
ST_2 : Operation 35 [1/1] (1.01ns)   --->   "%icmp_ln246 = icmp_slt  i32 %zext_ln246, i32 %batch_2" [kyber-mult-kernel-dataflow.cpp:246]   --->   Operation 35 'icmp' 'icmp_ln246' <Predicate = true> <Delay = 1.01> <CoreInst = "Cmp">   --->   Core 9 'Cmp' <Latency = 0> <II = 1> <Delay = 1.01> <FuncUnit> <Opcode : 'icmp'> <InPorts = 2> <OutPorts = 1>
ST_2 : Operation 36 [1/1] (1.00ns)   --->   "%add_ln246 = add i31 %blk_load, i31 1" [kyber-mult-kernel-dataflow.cpp:246]   --->   Operation 36 'add' 'add_ln246' <Predicate = true> <Delay = 1.00> <CoreInst = "Adder">   --->   Core 1 'Adder' <Latency = 0> <II = 1> <Delay = 1.00> <FuncUnit> <Opcode : 'add' 'sub'> <InPorts = 2> <OutPorts = 1>
ST_2 : Operation 37 [1/1] (0.00ns)   --->   "%br_ln246 = br i1 %icmp_ln246, void %for.end40.loopexit, void %IN_RD.split" [kyber-mult-kernel-dataflow.cpp:246]   --->   Operation 37 'br' 'br_ln246' <Predicate = true> <Delay = 0.00>
ST_2 : Operation 38 [1/1] (0.00ns)   --->   "%empty = wait i32 @_ssdm_op_Wait"   --->   Operation 38 'wait' 'empty' <Predicate = (icmp_ln246)> <Delay = 0.00>
ST_2 : Operation 39 [2/2] (0.00ns)   --->   "%call_ln0 = call void @inv_all_Pipeline_IN_RD, i12 %C_15, i12 %C_14, i12 %C_13, i12 %C_12, i12 %C_11, i12 %C_10, i12 %C_9, i12 %C_8, i12 %C_7, i12 %C_6, i12 %C_5, i12 %C_4, i12 %C_3, i12 %C_2, i12 %C_1, i12 %C, i192 %sC0"   --->   Operation 39 'call' 'call_ln0' <Predicate = (icmp_ln246)> <Delay = 0.00> <CoreType = "Generic">   --->   Core 0 '' <Latency = 0> <II = 1> <Delay = 1.00> <Generic> <Opcode : >
ST_2 : Operation 40 [1/1] (0.42ns)   --->   "%store_ln246 = store i31 %add_ln246, i31 %blk" [kyber-mult-kernel-dataflow.cpp:246]   --->   Operation 40 'store' 'store_ln246' <Predicate = (icmp_ln246)> <Delay = 0.42>
ST_2 : Operation 41 [1/1] (0.00ns)   --->   "%ret_ln269 = ret" [kyber-mult-kernel-dataflow.cpp:269]   --->   Operation 41 'ret' 'ret_ln269' <Predicate = (!icmp_ln246)> <Delay = 0.00>

State 3 <SV = 2> <Delay = 0.00>
ST_3 : Operation 42 [1/2] (0.00ns)   --->   "%call_ln0 = call void @inv_all_Pipeline_IN_RD, i12 %C_15, i12 %C_14, i12 %C_13, i12 %C_12, i12 %C_11, i12 %C_10, i12 %C_9, i12 %C_8, i12 %C_7, i12 %C_6, i12 %C_5, i12 %C_4, i12 %C_3, i12 %C_2, i12 %C_1, i12 %C, i192 %sC0"   --->   Operation 42 'call' 'call_ln0' <Predicate = true> <Delay = 0.00> <CoreType = "Generic">   --->   Core 0 '' <Latency = 0> <II = 1> <Delay = 1.00> <Generic> <Opcode : >

State 4 <SV = 3> <Delay = 0.00>
ST_4 : Operation 43 [1/1] (0.00ns)   --->   "%empty_293 = wait i32 @_ssdm_op_Wait"   --->   Operation 43 'wait' 'empty_293' <Predicate = true> <Delay = 0.00>
ST_4 : Operation 44 [2/2] (0.00ns)   --->   "%call_ln258 = call void @inv_ntt, i12 %C, i12 %C_1, i12 %C_2, i12 %C_3, i12 %C_4, i12 %C_5, i12 %C_6, i12 %C_7, i12 %C_8, i12 %C_9, i12 %C_10, i12 %C_11, i12 %C_12, i12 %C_13, i12 %C_14, i12 %C_15, i12 %p_ZL5INV_W_0_0, i16 %p_ZL6INV_MW_0_0, i12 %p_ZL5INV_W_1_0, i16 %p_ZL6INV_MW_1_0, i12 %p_ZL5INV_W_2_0, i16 %p_ZL6INV_MW_2_0, i12 %p_ZL5INV_W_3_0, i16 %p_ZL6INV_MW_3_0, i12 %p_ZL5INV_W_0_1, i16 %p_ZL6INV_MW_0_1, i12 %p_ZL5INV_W_1_1, i16 %p_ZL6INV_MW_1_1, i12 %p_ZL5INV_W_2_1, i16 %p_ZL6INV_MW_2_1, i12 %p_ZL5INV_W_3_1, i16 %p_ZL6INV_MW_3_1, i12 %p_ZL5INV_W_0_2, i16 %p_ZL6INV_MW_0_2, i12 %p_ZL5INV_W_1_2, i16 %p_ZL6INV_MW_1_2, i12 %p_ZL5INV_W_2_2, i16 %p_ZL6INV_MW_2_2, i12 %p_ZL5INV_W_3_2, i16 %p_ZL6INV_MW_3_2, i12 %p_ZL5INV_W_0_3, i16 %p_ZL6INV_MW_0_3, i12 %p_ZL5INV_W_1_3, i16 %p_ZL6INV_MW_1_3, i12 %p_ZL5INV_W_2_3, i16 %p_ZL6INV_MW_2_3, i12 %p_ZL5INV_W_3_3, i16 %p_ZL6INV_MW_3_3, i12 %p_ZL5INV_W_0_4, i16 %p_ZL6INV_MW_0_4, i12 %p_ZL5INV_W_1_4, i16 %p_ZL6INV_MW_1_4, i12 %p_ZL5INV_W_2_4, i16 %p_ZL6INV_MW_2_4, i12 %p_ZL5INV_W_3_4, i16 %p_ZL6INV_MW_3_4, i12 %p_ZL5INV_W_0_5, i15 %p_ZL6INV_MW_0_5, i12 %p_ZL5INV_W_1_5, i15 %p_ZL6INV_MW_1_5, i12 %p_ZL5INV_W_2_5, i15 %p_ZL6INV_MW_2_5, i12 %p_ZL5INV_W_3_5, i15 %p_ZL6INV_MW_3_5, i10 %p_ZL5INV_W_0_6, i16 %p_ZL6INV_MW_0_6, i10 %p_ZL5INV_W_1_6, i16 %p_ZL6INV_MW_1_6, i10 %p_ZL5INV_W_2_6, i16 %p_ZL6INV_MW_2_6, i10 %p_ZL5INV_W_3_6, i16 %p_ZL6INV_MW_3_6" [kyber-mult-kernel-dataflow.cpp:258]   --->   Operation 44 'call' 'call_ln258' <Predicate = true> <Delay = 0.00> <CoreType = "Generic">   --->   Core 0 '' <Latency = 0> <II = 1> <Delay = 1.00> <Generic> <Opcode : >

State 5 <SV = 4> <Delay = 0.00>
ST_5 : Operation 45 [1/2] (0.00ns)   --->   "%call_ln258 = call void @inv_ntt, i12 %C, i12 %C_1, i12 %C_2, i12 %C_3, i12 %C_4, i12 %C_5, i12 %C_6, i12 %C_7, i12 %C_8, i12 %C_9, i12 %C_10, i12 %C_11, i12 %C_12, i12 %C_13, i12 %C_14, i12 %C_15, i12 %p_ZL5INV_W_0_0, i16 %p_ZL6INV_MW_0_0, i12 %p_ZL5INV_W_1_0, i16 %p_ZL6INV_MW_1_0, i12 %p_ZL5INV_W_2_0, i16 %p_ZL6INV_MW_2_0, i12 %p_ZL5INV_W_3_0, i16 %p_ZL6INV_MW_3_0, i12 %p_ZL5INV_W_0_1, i16 %p_ZL6INV_MW_0_1, i12 %p_ZL5INV_W_1_1, i16 %p_ZL6INV_MW_1_1, i12 %p_ZL5INV_W_2_1, i16 %p_ZL6INV_MW_2_1, i12 %p_ZL5INV_W_3_1, i16 %p_ZL6INV_MW_3_1, i12 %p_ZL5INV_W_0_2, i16 %p_ZL6INV_MW_0_2, i12 %p_ZL5INV_W_1_2, i16 %p_ZL6INV_MW_1_2, i12 %p_ZL5INV_W_2_2, i16 %p_ZL6INV_MW_2_2, i12 %p_ZL5INV_W_3_2, i16 %p_ZL6INV_MW_3_2, i12 %p_ZL5INV_W_0_3, i16 %p_ZL6INV_MW_0_3, i12 %p_ZL5INV_W_1_3, i16 %p_ZL6INV_MW_1_3, i12 %p_ZL5INV_W_2_3, i16 %p_ZL6INV_MW_2_3, i12 %p_ZL5INV_W_3_3, i16 %p_ZL6INV_MW_3_3, i12 %p_ZL5INV_W_0_4, i16 %p_ZL6INV_MW_0_4, i12 %p_ZL5INV_W_1_4, i16 %p_ZL6INV_MW_1_4, i12 %p_ZL5INV_W_2_4, i16 %p_ZL6INV_MW_2_4, i12 %p_ZL5INV_W_3_4, i16 %p_ZL6INV_MW_3_4, i12 %p_ZL5INV_W_0_5, i15 %p_ZL6INV_MW_0_5, i12 %p_ZL5INV_W_1_5, i15 %p_ZL6INV_MW_1_5, i12 %p_ZL5INV_W_2_5, i15 %p_ZL6INV_MW_2_5, i12 %p_ZL5INV_W_3_5, i15 %p_ZL6INV_MW_3_5, i10 %p_ZL5INV_W_0_6, i16 %p_ZL6INV_MW_0_6, i10 %p_ZL5INV_W_1_6, i16 %p_ZL6INV_MW_1_6, i10 %p_ZL5INV_W_2_6, i16 %p_ZL6INV_MW_2_6, i10 %p_ZL5INV_W_3_6, i16 %p_ZL6INV_MW_3_6" [kyber-mult-kernel-dataflow.cpp:258]   --->   Operation 45 'call' 'call_ln258' <Predicate = true> <Delay = 0.00> <CoreType = "Generic">   --->   Core 0 '' <Latency = 0> <II = 1> <Delay = 1.00> <Generic> <Opcode : >

State 6 <SV = 5> <Delay = 0.00>
ST_6 : Operation 46 [1/1] (0.00ns)   --->   "%empty_294 = wait i32 @_ssdm_op_Wait"   --->   Operation 46 'wait' 'empty_294' <Predicate = true> <Delay = 0.00>
ST_6 : Operation 47 [2/2] (0.00ns)   --->   "%call_ln0 = call void @inv_all_Pipeline_IN_WR, i12 %C, i12 %C_1, i12 %C_2, i12 %C_3, i12 %C_4, i12 %C_5, i12 %C_6, i12 %C_7, i12 %C_8, i12 %C_9, i12 %C_10, i12 %C_11, i12 %C_12, i12 %C_13, i12 %C_14, i12 %C_15, i192 %sC1"   --->   Operation 47 'call' 'call_ln0' <Predicate = true> <Delay = 0.00> <CoreType = "Generic">   --->   Core 0 '' <Latency = 0> <II = 1> <Delay = 1.00> <Generic> <Opcode : >

State 7 <SV = 6> <Delay = 0.00>
ST_7 : Operation 48 [1/1] (0.00ns)   --->   "%speclooptripcount_ln247 = speclooptripcount void @_ssdm_op_SpecLoopTripCount, i64 1, i64 16, i64 8" [kyber-mult-kernel-dataflow.cpp:247]   --->   Operation 48 'speclooptripcount' 'speclooptripcount_ln247' <Predicate = true> <Delay = 0.00>
ST_7 : Operation 49 [1/1] (0.00ns)   --->   "%specloopname_ln246 = specloopname void @_ssdm_op_SpecLoopName, void @empty_31" [kyber-mult-kernel-dataflow.cpp:246]   --->   Operation 49 'specloopname' 'specloopname_ln246' <Predicate = true> <Delay = 0.00>
ST_7 : Operation 50 [1/2] (0.00ns)   --->   "%call_ln0 = call void @inv_all_Pipeline_IN_WR, i12 %C, i12 %C_1, i12 %C_2, i12 %C_3, i12 %C_4, i12 %C_5, i12 %C_6, i12 %C_7, i12 %C_8, i12 %C_9, i12 %C_10, i12 %C_11, i12 %C_12, i12 %C_13, i12 %C_14, i12 %C_15, i192 %sC1"   --->   Operation 50 'call' 'call_ln0' <Predicate = true> <Delay = 0.00> <CoreType = "Generic">   --->   Core 0 '' <Latency = 0> <II = 1> <Delay = 1.00> <Generic> <Opcode : >
ST_7 : Operation 51 [1/1] (0.00ns)   --->   "%br_ln246 = br void %IN_RD" [kyber-mult-kernel-dataflow.cpp:246]   --->   Operation 51 'br' 'br_ln246' <Predicate = true> <Delay = 0.00>


============================================================
+ Verbose Summary: Binding
============================================================
STG Binding: 
---------------- STG Properties BEGIN ----------------
- Is combinational: 0
- Is one-state seq: 0
- Is datapath-only: 0
- Is pipelined: 0
- Is top level: 0
Port [ Return ] is wired: 1; IO mode=ap_ctrl_hs:ce=0
Port [ sC0]:  wired=1; compound=1; hidden=0; nouse=0; global=0; static=0; extern=0; dir=0; type=3; pingpong=0; private_global=0; IO mode=ap_fifo:ce=0
Port [ sC1]:  wired=1; compound=1; hidden=0; nouse=0; global=0; static=0; extern=0; dir=1; type=3; pingpong=0; private_global=0; IO mode=ap_fifo:ce=0
Port [ batch]:  wired=1; compound=1; hidden=0; nouse=0; global=0; static=0; extern=0; dir=0; type=3; pingpong=0; private_global=0; IO mode=ap_fifo:ce=0
Port [ batch_size_c]:  wired=1; compound=1; hidden=0; nouse=0; global=0; static=0; extern=0; dir=1; type=3; pingpong=0; private_global=0; IO mode=ap_fifo:ce=0
Port [ p_ZL5INV_W_0_0]:  wired=0; compound=1; hidden=1; nouse=1; global=1; static=1; extern=0; dir=0; type=1; pingpong=0; private_global=0; MemPort=[11]; IO mode=ap_memory:ce=0
Port [ p_ZL6INV_MW_0_0]:  wired=0; compound=1; hidden=1; nouse=1; global=1; static=1; extern=0; dir=0; type=1; pingpong=0; private_global=0; MemPort=[11]; IO mode=ap_memory:ce=0
Port [ p_ZL5INV_W_1_0]:  wired=0; compound=1; hidden=1; nouse=1; global=1; static=1; extern=0; dir=0; type=1; pingpong=0; private_global=0; MemPort=[11]; IO mode=ap_memory:ce=0
Port [ p_ZL6INV_MW_1_0]:  wired=0; compound=1; hidden=1; nouse=1; global=1; static=1; extern=0; dir=0; type=1; pingpong=0; private_global=0; MemPort=[11]; IO mode=ap_memory:ce=0
Port [ p_ZL5INV_W_2_0]:  wired=0; compound=1; hidden=1; nouse=1; global=1; static=1; extern=0; dir=0; type=1; pingpong=0; private_global=0; MemPort=[11]; IO mode=ap_memory:ce=0
Port [ p_ZL6INV_MW_2_0]:  wired=0; compound=1; hidden=1; nouse=1; global=1; static=1; extern=0; dir=0; type=1; pingpong=0; private_global=0; MemPort=[11]; IO mode=ap_memory:ce=0
Port [ p_ZL5INV_W_3_0]:  wired=0; compound=1; hidden=1; nouse=1; global=1; static=1; extern=0; dir=0; type=1; pingpong=0; private_global=0; MemPort=[11]; IO mode=ap_memory:ce=0
Port [ p_ZL6INV_MW_3_0]:  wired=0; compound=1; hidden=1; nouse=1; global=1; static=1; extern=0; dir=0; type=1; pingpong=0; private_global=0; MemPort=[11]; IO mode=ap_memory:ce=0
Port [ p_ZL5INV_W_0_1]:  wired=0; compound=1; hidden=1; nouse=1; global=1; static=1; extern=0; dir=0; type=1; pingpong=0; private_global=0; MemPort=[11]; IO mode=ap_memory:ce=0
Port [ p_ZL6INV_MW_0_1]:  wired=0; compound=1; hidden=1; nouse=1; global=1; static=1; extern=0; dir=0; type=1; pingpong=0; private_global=0; MemPort=[11]; IO mode=ap_memory:ce=0
Port [ p_ZL5INV_W_1_1]:  wired=0; compound=1; hidden=1; nouse=1; global=1; static=1; extern=0; dir=0; type=1; pingpong=0; private_global=0; MemPort=[11]; IO mode=ap_memory:ce=0
Port [ p_ZL6INV_MW_1_1]:  wired=0; compound=1; hidden=1; nouse=1; global=1; static=1; extern=0; dir=0; type=1; pingpong=0; private_global=0; MemPort=[11]; IO mode=ap_memory:ce=0
Port [ p_ZL5INV_W_2_1]:  wired=0; compound=1; hidden=1; nouse=1; global=1; static=1; extern=0; dir=0; type=1; pingpong=0; private_global=0; MemPort=[11]; IO mode=ap_memory:ce=0
Port [ p_ZL6INV_MW_2_1]:  wired=0; compound=1; hidden=1; nouse=1; global=1; static=1; extern=0; dir=0; type=1; pingpong=0; private_global=0; MemPort=[11]; IO mode=ap_memory:ce=0
Port [ p_ZL5INV_W_3_1]:  wired=0; compound=1; hidden=1; nouse=1; global=1; static=1; extern=0; dir=0; type=1; pingpong=0; private_global=0; MemPort=[11]; IO mode=ap_memory:ce=0
Port [ p_ZL6INV_MW_3_1]:  wired=0; compound=1; hidden=1; nouse=1; global=1; static=1; extern=0; dir=0; type=1; pingpong=0; private_global=0; MemPort=[11]; IO mode=ap_memory:ce=0
Port [ p_ZL5INV_W_0_2]:  wired=0; compound=1; hidden=1; nouse=1; global=1; static=1; extern=0; dir=0; type=1; pingpong=0; private_global=0; MemPort=[11]; IO mode=ap_memory:ce=0
Port [ p_ZL6INV_MW_0_2]:  wired=0; compound=1; hidden=1; nouse=1; global=1; static=1; extern=0; dir=0; type=1; pingpong=0; private_global=0; MemPort=[11]; IO mode=ap_memory:ce=0
Port [ p_ZL5INV_W_1_2]:  wired=0; compound=1; hidden=1; nouse=1; global=1; static=1; extern=0; dir=0; type=1; pingpong=0; private_global=0; MemPort=[11]; IO mode=ap_memory:ce=0
Port [ p_ZL6INV_MW_1_2]:  wired=0; compound=1; hidden=1; nouse=1; global=1; static=1; extern=0; dir=0; type=1; pingpong=0; private_global=0; MemPort=[11]; IO mode=ap_memory:ce=0
Port [ p_ZL5INV_W_2_2]:  wired=0; compound=1; hidden=1; nouse=1; global=1; static=1; extern=0; dir=0; type=1; pingpong=0; private_global=0; MemPort=[11]; IO mode=ap_memory:ce=0
Port [ p_ZL6INV_MW_2_2]:  wired=0; compound=1; hidden=1; nouse=1; global=1; static=1; extern=0; dir=0; type=1; pingpong=0; private_global=0; MemPort=[11]; IO mode=ap_memory:ce=0
Port [ p_ZL5INV_W_3_2]:  wired=0; compound=1; hidden=1; nouse=1; global=1; static=1; extern=0; dir=0; type=1; pingpong=0; private_global=0; MemPort=[11]; IO mode=ap_memory:ce=0
Port [ p_ZL6INV_MW_3_2]:  wired=0; compound=1; hidden=1; nouse=1; global=1; static=1; extern=0; dir=0; type=1; pingpong=0; private_global=0; MemPort=[11]; IO mode=ap_memory:ce=0
Port [ p_ZL5INV_W_0_3]:  wired=0; compound=1; hidden=1; nouse=1; global=1; static=1; extern=0; dir=0; type=1; pingpong=0; private_global=0; MemPort=[1]; IO mode=ap_memory:ce=0
Port [ p_ZL6INV_MW_0_3]:  wired=0; compound=1; hidden=1; nouse=1; global=1; static=1; extern=0; dir=0; type=1; pingpong=0; private_global=0; MemPort=[1]; IO mode=ap_memory:ce=0
Port [ p_ZL5INV_W_1_3]:  wired=0; compound=1; hidden=1; nouse=1; global=1; static=1; extern=0; dir=0; type=1; pingpong=0; private_global=0; MemPort=[1]; IO mode=ap_memory:ce=0
Port [ p_ZL6INV_MW_1_3]:  wired=0; compound=1; hidden=1; nouse=1; global=1; static=1; extern=0; dir=0; type=1; pingpong=0; private_global=0; MemPort=[1]; IO mode=ap_memory:ce=0
Port [ p_ZL5INV_W_2_3]:  wired=0; compound=1; hidden=1; nouse=1; global=1; static=1; extern=0; dir=0; type=1; pingpong=0; private_global=0; MemPort=[1]; IO mode=ap_memory:ce=0
Port [ p_ZL6INV_MW_2_3]:  wired=0; compound=1; hidden=1; nouse=1; global=1; static=1; extern=0; dir=0; type=1; pingpong=0; private_global=0; MemPort=[1]; IO mode=ap_memory:ce=0
Port [ p_ZL5INV_W_3_3]:  wired=0; compound=1; hidden=1; nouse=1; global=1; static=1; extern=0; dir=0; type=1; pingpong=0; private_global=0; MemPort=[1]; IO mode=ap_memory:ce=0
Port [ p_ZL6INV_MW_3_3]:  wired=0; compound=1; hidden=1; nouse=1; global=1; static=1; extern=0; dir=0; type=1; pingpong=0; private_global=0; MemPort=[1]; IO mode=ap_memory:ce=0
Port [ p_ZL5INV_W_0_4]:  wired=0; compound=1; hidden=1; nouse=1; global=1; static=1; extern=0; dir=0; type=1; pingpong=0; private_global=0; MemPort=[11]; IO mode=ap_memory:ce=0
Port [ p_ZL6INV_MW_0_4]:  wired=0; compound=1; hidden=1; nouse=1; global=1; static=1; extern=0; dir=0; type=1; pingpong=0; private_global=0; MemPort=[11]; IO mode=ap_memory:ce=0
Port [ p_ZL5INV_W_1_4]:  wired=0; compound=1; hidden=1; nouse=1; global=1; static=1; extern=0; dir=0; type=1; pingpong=0; private_global=0; MemPort=[11]; IO mode=ap_memory:ce=0
Port [ p_ZL6INV_MW_1_4]:  wired=0; compound=1; hidden=1; nouse=1; global=1; static=1; extern=0; dir=0; type=1; pingpong=0; private_global=0; MemPort=[11]; IO mode=ap_memory:ce=0
Port [ p_ZL5INV_W_2_4]:  wired=0; compound=1; hidden=1; nouse=1; global=1; static=1; extern=0; dir=0; type=1; pingpong=0; private_global=0; MemPort=[11]; IO mode=ap_memory:ce=0
Port [ p_ZL6INV_MW_2_4]:  wired=0; compound=1; hidden=1; nouse=1; global=1; static=1; extern=0; dir=0; type=1; pingpong=0; private_global=0; MemPort=[11]; IO mode=ap_memory:ce=0
Port [ p_ZL5INV_W_3_4]:  wired=0; compound=1; hidden=1; nouse=1; global=1; static=1; extern=0; dir=0; type=1; pingpong=0; private_global=0; MemPort=[11]; IO mode=ap_memory:ce=0
Port [ p_ZL6INV_MW_3_4]:  wired=0; compound=1; hidden=1; nouse=1; global=1; static=1; extern=0; dir=0; type=1; pingpong=0; private_global=0; MemPort=[11]; IO mode=ap_memory:ce=0
Port [ p_ZL5INV_W_0_5]:  wired=0; compound=1; hidden=1; nouse=1; global=1; static=1; extern=0; dir=0; type=1; pingpong=0; private_global=0; MemPort=[11]; IO mode=ap_memory:ce=0
Port [ p_ZL6INV_MW_0_5]:  wired=0; compound=1; hidden=1; nouse=1; global=1; static=1; extern=0; dir=0; type=1; pingpong=0; private_global=0; MemPort=[11]; IO mode=ap_memory:ce=0
Port [ p_ZL5INV_W_1_5]:  wired=0; compound=1; hidden=1; nouse=1; global=1; static=1; extern=0; dir=0; type=1; pingpong=0; private_global=0; MemPort=[11]; IO mode=ap_memory:ce=0
Port [ p_ZL6INV_MW_1_5]:  wired=0; compound=1; hidden=1; nouse=1; global=1; static=1; extern=0; dir=0; type=1; pingpong=0; private_global=0; MemPort=[11]; IO mode=ap_memory:ce=0
Port [ p_ZL5INV_W_2_5]:  wired=0; compound=1; hidden=1; nouse=1; global=1; static=1; extern=0; dir=0; type=1; pingpong=0; private_global=0; MemPort=[11]; IO mode=ap_memory:ce=0
Port [ p_ZL6INV_MW_2_5]:  wired=0; compound=1; hidden=1; nouse=1; global=1; static=1; extern=0; dir=0; type=1; pingpong=0; private_global=0; MemPort=[11]; IO mode=ap_memory:ce=0
Port [ p_ZL5INV_W_3_5]:  wired=0; compound=1; hidden=1; nouse=1; global=1; static=1; extern=0; dir=0; type=1; pingpong=0; private_global=0; MemPort=[11]; IO mode=ap_memory:ce=0
Port [ p_ZL6INV_MW_3_5]:  wired=0; compound=1; hidden=1; nouse=1; global=1; static=1; extern=0; dir=0; type=1; pingpong=0; private_global=0; MemPort=[11]; IO mode=ap_memory:ce=0
Port [ p_ZL5INV_W_0_6]:  wired=0; compound=1; hidden=1; nouse=1; global=1; static=1; extern=0; dir=0; type=1; pingpong=0; private_global=0; MemPort=[11]; IO mode=ap_memory:ce=0
Port [ p_ZL6INV_MW_0_6]:  wired=0; compound=1; hidden=1; nouse=1; global=1; static=1; extern=0; dir=0; type=1; pingpong=0; private_global=0; MemPort=[11]; IO mode=ap_memory:ce=0
Port [ p_ZL5INV_W_1_6]:  wired=0; compound=1; hidden=1; nouse=1; global=1; static=1; extern=0; dir=0; type=1; pingpong=0; private_global=0; MemPort=[11]; IO mode=ap_memory:ce=0
Port [ p_ZL6INV_MW_1_6]:  wired=0; compound=1; hidden=1; nouse=1; global=1; static=1; extern=0; dir=0; type=1; pingpong=0; private_global=0; MemPort=[11]; IO mode=ap_memory:ce=0
Port [ p_ZL5INV_W_2_6]:  wired=0; compound=1; hidden=1; nouse=1; global=1; static=1; extern=0; dir=0; type=1; pingpong=0; private_global=0; MemPort=[11]; IO mode=ap_memory:ce=0
Port [ p_ZL6INV_MW_2_6]:  wired=0; compound=1; hidden=1; nouse=1; global=1; static=1; extern=0; dir=0; type=1; pingpong=0; private_global=0; MemPort=[11]; IO mode=ap_memory:ce=0
Port [ p_ZL5INV_W_3_6]:  wired=0; compound=1; hidden=1; nouse=1; global=1; static=1; extern=0; dir=0; type=1; pingpong=0; private_global=0; MemPort=[11]; IO mode=ap_memory:ce=0
Port [ p_ZL6INV_MW_3_6]:  wired=0; compound=1; hidden=1; nouse=1; global=1; static=1; extern=0; dir=0; type=1; pingpong=0; private_global=0; MemPort=[11]; IO mode=ap_memory:ce=0
---------------- STG Properties END ------------------

---------------- Datapath Model BEGIN ----------------

<LifeTime>
<method=bitvector/>
blk                     (alloca           ) [ 01111111]
specinterface_ln0       (specinterface    ) [ 00000000]
batch_2                 (read             ) [ 00111111]
specinterface_ln0       (specinterface    ) [ 00000000]
write_ln0               (write            ) [ 00000000]
specinterface_ln0       (specinterface    ) [ 00000000]
specinterface_ln0       (specinterface    ) [ 00000000]
C                       (alloca           ) [ 00111111]
C_1                     (alloca           ) [ 00111111]
C_2                     (alloca           ) [ 00111111]
C_3                     (alloca           ) [ 00111111]
C_4                     (alloca           ) [ 00111111]
C_5                     (alloca           ) [ 00111111]
C_6                     (alloca           ) [ 00111111]
C_7                     (alloca           ) [ 00111111]
C_8                     (alloca           ) [ 00111111]
C_9                     (alloca           ) [ 00111111]
C_10                    (alloca           ) [ 00111111]
C_11                    (alloca           ) [ 00111111]
C_12                    (alloca           ) [ 00111111]
C_13                    (alloca           ) [ 00111111]
C_14                    (alloca           ) [ 00111111]
C_15                    (alloca           ) [ 00111111]
store_ln0               (store            ) [ 00000000]
br_ln246                (br               ) [ 00000000]
blk_load                (load             ) [ 00000000]
zext_ln246              (zext             ) [ 00000000]
icmp_ln246              (icmp             ) [ 00111111]
add_ln246               (add              ) [ 00000000]
br_ln246                (br               ) [ 00000000]
empty                   (wait             ) [ 00000000]
store_ln246             (store            ) [ 00000000]
ret_ln269               (ret              ) [ 00000000]
call_ln0                (call             ) [ 00000000]
empty_293               (wait             ) [ 00000000]
call_ln258              (call             ) [ 00000000]
empty_294               (wait             ) [ 00000000]
speclooptripcount_ln247 (speclooptripcount) [ 00000000]
specloopname_ln246      (specloopname     ) [ 00000000]
call_ln0                (call             ) [ 00000000]
br_ln246                (br               ) [ 00000000]
</LifeTime>

<model>

<comp_list>
<comp id="0" class="1000" name="sC0">
<pin_list>
<pin id="1" dir="1" index="0" bw="1" slack="0"/>
</pin_list>
<bind>
<StgValue><ssdm name="sC0"/></StgValue>
</bind>
</comp>

<comp id="2" class="1000" name="sC1">
<pin_list>
<pin id="3" dir="1" index="0" bw="1" slack="0"/>
</pin_list>
<bind>
<StgValue><ssdm name="sC1"/></StgValue>
</bind>
</comp>

<comp id="4" class="1000" name="batch">
<pin_list>
<pin id="5" dir="1" index="0" bw="1" slack="0"/>
</pin_list>
<bind>
<StgValue><ssdm name="batch"/></StgValue>
</bind>
</comp>

<comp id="6" class="1000" name="batch_size_c">
<pin_list>
<pin id="7" dir="1" index="0" bw="1" slack="0"/>
</pin_list>
<bind>
<StgValue><ssdm name="batch_size_c"/></StgValue>
</bind>
</comp>

<comp id="8" class="1000" name="p_ZL5INV_W_0_0">
<pin_list>
<pin id="9" dir="1" index="0" bw="1" slack="0"/>
</pin_list>
<bind>
<StgValue><ssdm name="p_ZL5INV_W_0_0"/><MemPortTyVec>1 1 </MemPortTyVec>
</StgValue>
</bind>
</comp>

<comp id="10" class="1000" name="p_ZL6INV_MW_0_0">
<pin_list>
<pin id="11" dir="1" index="0" bw="1" slack="0"/>
</pin_list>
<bind>
<StgValue><ssdm name="p_ZL6INV_MW_0_0"/><MemPortTyVec>1 1 </MemPortTyVec>
</StgValue>
</bind>
</comp>

<comp id="12" class="1000" name="p_ZL5INV_W_1_0">
<pin_list>
<pin id="13" dir="1" index="0" bw="1" slack="0"/>
</pin_list>
<bind>
<StgValue><ssdm name="p_ZL5INV_W_1_0"/><MemPortTyVec>1 1 </MemPortTyVec>
</StgValue>
</bind>
</comp>

<comp id="14" class="1000" name="p_ZL6INV_MW_1_0">
<pin_list>
<pin id="15" dir="1" index="0" bw="1" slack="0"/>
</pin_list>
<bind>
<StgValue><ssdm name="p_ZL6INV_MW_1_0"/><MemPortTyVec>1 1 </MemPortTyVec>
</StgValue>
</bind>
</comp>

<comp id="16" class="1000" name="p_ZL5INV_W_2_0">
<pin_list>
<pin id="17" dir="1" index="0" bw="1" slack="0"/>
</pin_list>
<bind>
<StgValue><ssdm name="p_ZL5INV_W_2_0"/><MemPortTyVec>1 1 </MemPortTyVec>
</StgValue>
</bind>
</comp>

<comp id="18" class="1000" name="p_ZL6INV_MW_2_0">
<pin_list>
<pin id="19" dir="1" index="0" bw="1" slack="0"/>
</pin_list>
<bind>
<StgValue><ssdm name="p_ZL6INV_MW_2_0"/><MemPortTyVec>1 1 </MemPortTyVec>
</StgValue>
</bind>
</comp>

<comp id="20" class="1000" name="p_ZL5INV_W_3_0">
<pin_list>
<pin id="21" dir="1" index="0" bw="1" slack="0"/>
</pin_list>
<bind>
<StgValue><ssdm name="p_ZL5INV_W_3_0"/><MemPortTyVec>1 1 </MemPortTyVec>
</StgValue>
</bind>
</comp>

<comp id="22" class="1000" name="p_ZL6INV_MW_3_0">
<pin_list>
<pin id="23" dir="1" index="0" bw="1" slack="0"/>
</pin_list>
<bind>
<StgValue><ssdm name="p_ZL6INV_MW_3_0"/><MemPortTyVec>1 1 </MemPortTyVec>
</StgValue>
</bind>
</comp>

<comp id="24" class="1000" name="p_ZL5INV_W_0_1">
<pin_list>
<pin id="25" dir="1" index="0" bw="1" slack="0"/>
</pin_list>
<bind>
<StgValue><ssdm name="p_ZL5INV_W_0_1"/><MemPortTyVec>1 1 </MemPortTyVec>
</StgValue>
</bind>
</comp>

<comp id="26" class="1000" name="p_ZL6INV_MW_0_1">
<pin_list>
<pin id="27" dir="1" index="0" bw="1" slack="0"/>
</pin_list>
<bind>
<StgValue><ssdm name="p_ZL6INV_MW_0_1"/><MemPortTyVec>1 1 </MemPortTyVec>
</StgValue>
</bind>
</comp>

<comp id="28" class="1000" name="p_ZL5INV_W_1_1">
<pin_list>
<pin id="29" dir="1" index="0" bw="1" slack="0"/>
</pin_list>
<bind>
<StgValue><ssdm name="p_ZL5INV_W_1_1"/><MemPortTyVec>1 1 </MemPortTyVec>
</StgValue>
</bind>
</comp>

<comp id="30" class="1000" name="p_ZL6INV_MW_1_1">
<pin_list>
<pin id="31" dir="1" index="0" bw="1" slack="0"/>
</pin_list>
<bind>
<StgValue><ssdm name="p_ZL6INV_MW_1_1"/><MemPortTyVec>1 1 </MemPortTyVec>
</StgValue>
</bind>
</comp>

<comp id="32" class="1000" name="p_ZL5INV_W_2_1">
<pin_list>
<pin id="33" dir="1" index="0" bw="1" slack="0"/>
</pin_list>
<bind>
<StgValue><ssdm name="p_ZL5INV_W_2_1"/><MemPortTyVec>1 1 </MemPortTyVec>
</StgValue>
</bind>
</comp>

<comp id="34" class="1000" name="p_ZL6INV_MW_2_1">
<pin_list>
<pin id="35" dir="1" index="0" bw="1" slack="0"/>
</pin_list>
<bind>
<StgValue><ssdm name="p_ZL6INV_MW_2_1"/><MemPortTyVec>1 1 </MemPortTyVec>
</StgValue>
</bind>
</comp>

<comp id="36" class="1000" name="p_ZL5INV_W_3_1">
<pin_list>
<pin id="37" dir="1" index="0" bw="1" slack="0"/>
</pin_list>
<bind>
<StgValue><ssdm name="p_ZL5INV_W_3_1"/><MemPortTyVec>1 1 </MemPortTyVec>
</StgValue>
</bind>
</comp>

<comp id="38" class="1000" name="p_ZL6INV_MW_3_1">
<pin_list>
<pin id="39" dir="1" index="0" bw="1" slack="0"/>
</pin_list>
<bind>
<StgValue><ssdm name="p_ZL6INV_MW_3_1"/><MemPortTyVec>1 1 </MemPortTyVec>
</StgValue>
</bind>
</comp>

<comp id="40" class="1000" name="p_ZL5INV_W_0_2">
<pin_list>
<pin id="41" dir="1" index="0" bw="1" slack="0"/>
</pin_list>
<bind>
<StgValue><ssdm name="p_ZL5INV_W_0_2"/><MemPortTyVec>1 1 </MemPortTyVec>
</StgValue>
</bind>
</comp>

<comp id="42" class="1000" name="p_ZL6INV_MW_0_2">
<pin_list>
<pin id="43" dir="1" index="0" bw="1" slack="0"/>
</pin_list>
<bind>
<StgValue><ssdm name="p_ZL6INV_MW_0_2"/><MemPortTyVec>1 1 </MemPortTyVec>
</StgValue>
</bind>
</comp>

<comp id="44" class="1000" name="p_ZL5INV_W_1_2">
<pin_list>
<pin id="45" dir="1" index="0" bw="1" slack="0"/>
</pin_list>
<bind>
<StgValue><ssdm name="p_ZL5INV_W_1_2"/><MemPortTyVec>1 1 </MemPortTyVec>
</StgValue>
</bind>
</comp>

<comp id="46" class="1000" name="p_ZL6INV_MW_1_2">
<pin_list>
<pin id="47" dir="1" index="0" bw="1" slack="0"/>
</pin_list>
<bind>
<StgValue><ssdm name="p_ZL6INV_MW_1_2"/><MemPortTyVec>1 1 </MemPortTyVec>
</StgValue>
</bind>
</comp>

<comp id="48" class="1000" name="p_ZL5INV_W_2_2">
<pin_list>
<pin id="49" dir="1" index="0" bw="1" slack="0"/>
</pin_list>
<bind>
<StgValue><ssdm name="p_ZL5INV_W_2_2"/><MemPortTyVec>1 1 </MemPortTyVec>
</StgValue>
</bind>
</comp>

<comp id="50" class="1000" name="p_ZL6INV_MW_2_2">
<pin_list>
<pin id="51" dir="1" index="0" bw="1" slack="0"/>
</pin_list>
<bind>
<StgValue><ssdm name="p_ZL6INV_MW_2_2"/><MemPortTyVec>1 1 </MemPortTyVec>
</StgValue>
</bind>
</comp>

<comp id="52" class="1000" name="p_ZL5INV_W_3_2">
<pin_list>
<pin id="53" dir="1" index="0" bw="1" slack="0"/>
</pin_list>
<bind>
<StgValue><ssdm name="p_ZL5INV_W_3_2"/><MemPortTyVec>1 1 </MemPortTyVec>
</StgValue>
</bind>
</comp>

<comp id="54" class="1000" name="p_ZL6INV_MW_3_2">
<pin_list>
<pin id="55" dir="1" index="0" bw="1" slack="0"/>
</pin_list>
<bind>
<StgValue><ssdm name="p_ZL6INV_MW_3_2"/><MemPortTyVec>1 1 </MemPortTyVec>
</StgValue>
</bind>
</comp>

<comp id="56" class="1000" name="p_ZL5INV_W_0_3">
<pin_list>
<pin id="57" dir="1" index="0" bw="1" slack="0"/>
</pin_list>
<bind>
<StgValue><ssdm name="p_ZL5INV_W_0_3"/><MemPortTyVec>1 </MemPortTyVec>
</StgValue>
</bind>
</comp>

<comp id="58" class="1000" name="p_ZL6INV_MW_0_3">
<pin_list>
<pin id="59" dir="1" index="0" bw="1" slack="0"/>
</pin_list>
<bind>
<StgValue><ssdm name="p_ZL6INV_MW_0_3"/><MemPortTyVec>1 </MemPortTyVec>
</StgValue>
</bind>
</comp>

<comp id="60" class="1000" name="p_ZL5INV_W_1_3">
<pin_list>
<pin id="61" dir="1" index="0" bw="1" slack="0"/>
</pin_list>
<bind>
<StgValue><ssdm name="p_ZL5INV_W_1_3"/><MemPortTyVec>1 </MemPortTyVec>
</StgValue>
</bind>
</comp>

<comp id="62" class="1000" name="p_ZL6INV_MW_1_3">
<pin_list>
<pin id="63" dir="1" index="0" bw="1" slack="0"/>
</pin_list>
<bind>
<StgValue><ssdm name="p_ZL6INV_MW_1_3"/><MemPortTyVec>1 </MemPortTyVec>
</StgValue>
</bind>
</comp>

<comp id="64" class="1000" name="p_ZL5INV_W_2_3">
<pin_list>
<pin id="65" dir="1" index="0" bw="1" slack="0"/>
</pin_list>
<bind>
<StgValue><ssdm name="p_ZL5INV_W_2_3"/><MemPortTyVec>1 </MemPortTyVec>
</StgValue>
</bind>
</comp>

<comp id="66" class="1000" name="p_ZL6INV_MW_2_3">
<pin_list>
<pin id="67" dir="1" index="0" bw="1" slack="0"/>
</pin_list>
<bind>
<StgValue><ssdm name="p_ZL6INV_MW_2_3"/><MemPortTyVec>1 </MemPortTyVec>
</StgValue>
</bind>
</comp>

<comp id="68" class="1000" name="p_ZL5INV_W_3_3">
<pin_list>
<pin id="69" dir="1" index="0" bw="1" slack="0"/>
</pin_list>
<bind>
<StgValue><ssdm name="p_ZL5INV_W_3_3"/><MemPortTyVec>1 </MemPortTyVec>
</StgValue>
</bind>
</comp>

<comp id="70" class="1000" name="p_ZL6INV_MW_3_3">
<pin_list>
<pin id="71" dir="1" index="0" bw="1" slack="0"/>
</pin_list>
<bind>
<StgValue><ssdm name="p_ZL6INV_MW_3_3"/><MemPortTyVec>1 </MemPortTyVec>
</StgValue>
</bind>
</comp>

<comp id="72" class="1000" name="p_ZL5INV_W_0_4">
<pin_list>
<pin id="73" dir="1" index="0" bw="1" slack="0"/>
</pin_list>
<bind>
<StgValue><ssdm name="p_ZL5INV_W_0_4"/><MemPortTyVec>1 1 </MemPortTyVec>
</StgValue>
</bind>
</comp>

<comp id="74" class="1000" name="p_ZL6INV_MW_0_4">
<pin_list>
<pin id="75" dir="1" index="0" bw="1" slack="0"/>
</pin_list>
<bind>
<StgValue><ssdm name="p_ZL6INV_MW_0_4"/><MemPortTyVec>1 1 </MemPortTyVec>
</StgValue>
</bind>
</comp>

<comp id="76" class="1000" name="p_ZL5INV_W_1_4">
<pin_list>
<pin id="77" dir="1" index="0" bw="1" slack="0"/>
</pin_list>
<bind>
<StgValue><ssdm name="p_ZL5INV_W_1_4"/><MemPortTyVec>1 1 </MemPortTyVec>
</StgValue>
</bind>
</comp>

<comp id="78" class="1000" name="p_ZL6INV_MW_1_4">
<pin_list>
<pin id="79" dir="1" index="0" bw="1" slack="0"/>
</pin_list>
<bind>
<StgValue><ssdm name="p_ZL6INV_MW_1_4"/><MemPortTyVec>1 1 </MemPortTyVec>
</StgValue>
</bind>
</comp>

<comp id="80" class="1000" name="p_ZL5INV_W_2_4">
<pin_list>
<pin id="81" dir="1" index="0" bw="1" slack="0"/>
</pin_list>
<bind>
<StgValue><ssdm name="p_ZL5INV_W_2_4"/><MemPortTyVec>1 1 </MemPortTyVec>
</StgValue>
</bind>
</comp>

<comp id="82" class="1000" name="p_ZL6INV_MW_2_4">
<pin_list>
<pin id="83" dir="1" index="0" bw="1" slack="0"/>
</pin_list>
<bind>
<StgValue><ssdm name="p_ZL6INV_MW_2_4"/><MemPortTyVec>1 1 </MemPortTyVec>
</StgValue>
</bind>
</comp>

<comp id="84" class="1000" name="p_ZL5INV_W_3_4">
<pin_list>
<pin id="85" dir="1" index="0" bw="1" slack="0"/>
</pin_list>
<bind>
<StgValue><ssdm name="p_ZL5INV_W_3_4"/><MemPortTyVec>1 1 </MemPortTyVec>
</StgValue>
</bind>
</comp>

<comp id="86" class="1000" name="p_ZL6INV_MW_3_4">
<pin_list>
<pin id="87" dir="1" index="0" bw="1" slack="0"/>
</pin_list>
<bind>
<StgValue><ssdm name="p_ZL6INV_MW_3_4"/><MemPortTyVec>1 1 </MemPortTyVec>
</StgValue>
</bind>
</comp>

<comp id="88" class="1000" name="p_ZL5INV_W_0_5">
<pin_list>
<pin id="89" dir="1" index="0" bw="1" slack="0"/>
</pin_list>
<bind>
<StgValue><ssdm name="p_ZL5INV_W_0_5"/><MemPortTyVec>1 1 </MemPortTyVec>
</StgValue>
</bind>
</comp>

<comp id="90" class="1000" name="p_ZL6INV_MW_0_5">
<pin_list>
<pin id="91" dir="1" index="0" bw="1" slack="0"/>
</pin_list>
<bind>
<StgValue><ssdm name="p_ZL6INV_MW_0_5"/><MemPortTyVec>1 1 </MemPortTyVec>
</StgValue>
</bind>
</comp>

<comp id="92" class="1000" name="p_ZL5INV_W_1_5">
<pin_list>
<pin id="93" dir="1" index="0" bw="1" slack="0"/>
</pin_list>
<bind>
<StgValue><ssdm name="p_ZL5INV_W_1_5"/><MemPortTyVec>1 1 </MemPortTyVec>
</StgValue>
</bind>
</comp>

<comp id="94" class="1000" name="p_ZL6INV_MW_1_5">
<pin_list>
<pin id="95" dir="1" index="0" bw="1" slack="0"/>
</pin_list>
<bind>
<StgValue><ssdm name="p_ZL6INV_MW_1_5"/><MemPortTyVec>1 1 </MemPortTyVec>
</StgValue>
</bind>
</comp>

<comp id="96" class="1000" name="p_ZL5INV_W_2_5">
<pin_list>
<pin id="97" dir="1" index="0" bw="1" slack="0"/>
</pin_list>
<bind>
<StgValue><ssdm name="p_ZL5INV_W_2_5"/><MemPortTyVec>1 1 </MemPortTyVec>
</StgValue>
</bind>
</comp>

<comp id="98" class="1000" name="p_ZL6INV_MW_2_5">
<pin_list>
<pin id="99" dir="1" index="0" bw="1" slack="0"/>
</pin_list>
<bind>
<StgValue><ssdm name="p_ZL6INV_MW_2_5"/><MemPortTyVec>1 1 </MemPortTyVec>
</StgValue>
</bind>
</comp>

<comp id="100" class="1000" name="p_ZL5INV_W_3_5">
<pin_list>
<pin id="101" dir="1" index="0" bw="1" slack="0"/>
</pin_list>
<bind>
<StgValue><ssdm name="p_ZL5INV_W_3_5"/><MemPortTyVec>1 1 </MemPortTyVec>
</StgValue>
</bind>
</comp>

<comp id="102" class="1000" name="p_ZL6INV_MW_3_5">
<pin_list>
<pin id="103" dir="1" index="0" bw="1" slack="0"/>
</pin_list>
<bind>
<StgValue><ssdm name="p_ZL6INV_MW_3_5"/><MemPortTyVec>1 1 </MemPortTyVec>
</StgValue>
</bind>
</comp>

<comp id="104" class="1000" name="p_ZL5INV_W_0_6">
<pin_list>
<pin id="105" dir="1" index="0" bw="1" slack="0"/>
</pin_list>
<bind>
<StgValue><ssdm name="p_ZL5INV_W_0_6"/><MemPortTyVec>1 1 </MemPortTyVec>
</StgValue>
</bind>
</comp>

<comp id="106" class="1000" name="p_ZL6INV_MW_0_6">
<pin_list>
<pin id="107" dir="1" index="0" bw="1" slack="0"/>
</pin_list>
<bind>
<StgValue><ssdm name="p_ZL6INV_MW_0_6"/><MemPortTyVec>1 1 </MemPortTyVec>
</StgValue>
</bind>
</comp>

<comp id="108" class="1000" name="p_ZL5INV_W_1_6">
<pin_list>
<pin id="109" dir="1" index="0" bw="1" slack="0"/>
</pin_list>
<bind>
<StgValue><ssdm name="p_ZL5INV_W_1_6"/><MemPortTyVec>1 1 </MemPortTyVec>
</StgValue>
</bind>
</comp>

<comp id="110" class="1000" name="p_ZL6INV_MW_1_6">
<pin_list>
<pin id="111" dir="1" index="0" bw="1" slack="0"/>
</pin_list>
<bind>
<StgValue><ssdm name="p_ZL6INV_MW_1_6"/><MemPortTyVec>1 1 </MemPortTyVec>
</StgValue>
</bind>
</comp>

<comp id="112" class="1000" name="p_ZL5INV_W_2_6">
<pin_list>
<pin id="113" dir="1" index="0" bw="1" slack="0"/>
</pin_list>
<bind>
<StgValue><ssdm name="p_ZL5INV_W_2_6"/><MemPortTyVec>1 1 </MemPortTyVec>
</StgValue>
</bind>
</comp>

<comp id="114" class="1000" name="p_ZL6INV_MW_2_6">
<pin_list>
<pin id="115" dir="1" index="0" bw="1" slack="0"/>
</pin_list>
<bind>
<StgValue><ssdm name="p_ZL6INV_MW_2_6"/><MemPortTyVec>1 1 </MemPortTyVec>
</StgValue>
</bind>
</comp>

<comp id="116" class="1000" name="p_ZL5INV_W_3_6">
<pin_list>
<pin id="117" dir="1" index="0" bw="1" slack="0"/>
</pin_list>
<bind>
<StgValue><ssdm name="p_ZL5INV_W_3_6"/><MemPortTyVec>1 1 </MemPortTyVec>
</StgValue>
</bind>
</comp>

<comp id="118" class="1000" name="p_ZL6INV_MW_3_6">
<pin_list>
<pin id="119" dir="1" index="0" bw="1" slack="0"/>
</pin_list>
<bind>
<StgValue><ssdm name="p_ZL6INV_MW_3_6"/><MemPortTyVec>1 1 </MemPortTyVec>
</StgValue>
</bind>
</comp>

<comp id="120" class="1001" name="const_120">
<pin_list>
<pin id="121" dir="1" index="0" bw="1" slack="0"/>
</pin_list>
<bind>
<StgValue><ssdm name=""/></StgValue>
</bind>
</comp>

<comp id="122" class="1001" name="const_122">
<pin_list>
<pin id="123" dir="1" index="0" bw="1" slack="2147483647"/>
</pin_list>
<bind>
<StgValue><ssdm name="_ssdm_op_SpecInterface"/></StgValue>
</bind>
</comp>

<comp id="124" class="1001" name="const_124">
<pin_list>
<pin id="125" dir="1" index="0" bw="1" slack="2147483647"/>
</pin_list>
<bind>
<StgValue><ssdm name="ap_fifo_str"/></StgValue>
</bind>
</comp>

<comp id="126" class="1001" name="const_126">
<pin_list>
<pin id="127" dir="1" index="0" bw="1" slack="2147483647"/>
</pin_list>
<bind>
<StgValue><ssdm name=""/></StgValue>
</bind>
</comp>

<comp id="128" class="1001" name="const_128">
<pin_list>
<pin id="129" dir="1" index="0" bw="1" slack="2147483647"/>
</pin_list>
<bind>
<StgValue><ssdm name="p_str"/></StgValue>
</bind>
</comp>

<comp id="130" class="1001" name="const_130">
<pin_list>
<pin id="131" dir="1" index="0" bw="1" slack="2147483647"/>
</pin_list>
<bind>
<StgValue><ssdm name=""/></StgValue>
</bind>
</comp>

<comp id="132" class="1001" name="const_132">
<pin_list>
<pin id="133" dir="1" index="0" bw="1" slack="2147483647"/>
</pin_list>
<bind>
<StgValue><ssdm name=""/></StgValue>
</bind>
</comp>

<comp id="134" class="1001" name="const_134">
<pin_list>
<pin id="135" dir="1" index="0" bw="1" slack="2147483647"/>
</pin_list>
<bind>
<StgValue><ssdm name="ScalarProp_str"/></StgValue>
</bind>
</comp>

<comp id="136" class="1001" name="const_136">
<pin_list>
<pin id="137" dir="1" index="0" bw="1" slack="2147483647"/>
</pin_list>
<bind>
<StgValue><ssdm name=""/></StgValue>
</bind>
</comp>

<comp id="138" class="1001" name="const_138">
<pin_list>
<pin id="139" dir="1" index="0" bw="1" slack="0"/>
</pin_list>
<bind>
<StgValue><ssdm name="_ssdm_op_Read.ap_fifo.i32P0A"/></StgValue>
</bind>
</comp>

<comp id="140" class="1001" name="const_140">
<pin_list>
<pin id="141" dir="1" index="0" bw="1" slack="0"/>
</pin_list>
<bind>
<StgValue><ssdm name="_ssdm_op_Write.ap_fifo.i32P0A"/></StgValue>
</bind>
</comp>

<comp id="142" class="1001" name="const_142">
<pin_list>
<pin id="143" dir="1" index="0" bw="1" slack="2147483647"/>
</pin_list>
<bind>
<StgValue><ssdm name="empty_163"/></StgValue>
</bind>
</comp>

<comp id="144" class="1001" name="const_144">
<pin_list>
<pin id="145" dir="1" index="0" bw="1" slack="2147483647"/>
</pin_list>
<bind>
<StgValue><ssdm name="empty_246"/></StgValue>
</bind>
</comp>

<comp id="146" class="1001" name="const_146">
<pin_list>
<pin id="147" dir="1" index="0" bw="1" slack="0"/>
</pin_list>
<bind>
<StgValue><ssdm name=""/></StgValue>
</bind>
</comp>

<comp id="148" class="1001" name="const_148">
<pin_list>
<pin id="149" dir="1" index="0" bw="1" slack="0"/>
</pin_list>
<bind>
<StgValue><ssdm name=""/></StgValue>
</bind>
</comp>

<comp id="150" class="1001" name="const_150">
<pin_list>
<pin id="151" dir="1" index="0" bw="1" slack="0"/>
</pin_list>
<bind>
<StgValue><ssdm name=""/></StgValue>
</bind>
</comp>

<comp id="152" class="1001" name="const_152">
<pin_list>
<pin id="153" dir="1" index="0" bw="1" slack="2147483647"/>
</pin_list>
<bind>
<StgValue><ssdm name="_ssdm_op_Wait"/></StgValue>
</bind>
</comp>

<comp id="154" class="1001" name="const_154">
<pin_list>
<pin id="155" dir="1" index="0" bw="1" slack="0"/>
</pin_list>
<bind>
<StgValue><ssdm name="inv_all_Pipeline_IN_RD"/></StgValue>
</bind>
</comp>

<comp id="156" class="1001" name="const_156">
<pin_list>
<pin id="157" dir="1" index="0" bw="1" slack="0"/>
</pin_list>
<bind>
<StgValue><ssdm name="inv_ntt"/></StgValue>
</bind>
</comp>

<comp id="158" class="1001" name="const_158">
<pin_list>
<pin id="159" dir="1" index="0" bw="1" slack="0"/>
</pin_list>
<bind>
<StgValue><ssdm name="inv_all_Pipeline_IN_WR"/></StgValue>
</bind>
</comp>

<comp id="160" class="1001" name="const_160">
<pin_list>
<pin id="161" dir="1" index="0" bw="1" slack="2147483647"/>
</pin_list>
<bind>
<StgValue><ssdm name="_ssdm_op_SpecLoopTripCount"/></StgValue>
</bind>
</comp>

<comp id="162" class="1001" name="const_162">
<pin_list>
<pin id="163" dir="1" index="0" bw="1" slack="2147483647"/>
</pin_list>
<bind>
<StgValue><ssdm name=""/></StgValue>
</bind>
</comp>

<comp id="164" class="1001" name="const_164">
<pin_list>
<pin id="165" dir="1" index="0" bw="1" slack="2147483647"/>
</pin_list>
<bind>
<StgValue><ssdm name=""/></StgValue>
</bind>
</comp>

<comp id="166" class="1001" name="const_166">
<pin_list>
<pin id="167" dir="1" index="0" bw="1" slack="2147483647"/>
</pin_list>
<bind>
<StgValue><ssdm name="_ssdm_op_SpecLoopName"/></StgValue>
</bind>
</comp>

<comp id="168" class="1001" name="const_168">
<pin_list>
<pin id="169" dir="1" index="0" bw="1" slack="2147483647"/>
</pin_list>
<bind>
<StgValue><ssdm name="empty_31"/></StgValue>
</bind>
</comp>

<comp id="170" class="1004" name="blk_fu_170">
<pin_list>
<pin id="171" dir="0" index="0" bw="1" slack="0"/>
<pin id="172" dir="1" index="1" bw="31" slack="0"/>
</pin_list>
<bind>
<opcode="alloca(26) " fcode="alloca"/>
<opset="blk/1 "/>
</bind>
</comp>

<comp id="174" class="1004" name="C_alloca_fu_174">
<pin_list>
<pin id="175" dir="0" index="0" bw="1" slack="0"/>
<pin id="176" dir="1" index="1" bw="12" slack="2147483647"/>
</pin_list>
<bind>
<opcode="alloca(26) " fcode="alloca"/>
<opset="C/1 "/>
</bind>
</comp>

<comp id="178" class="1004" name="C_1_alloca_fu_178">
<pin_list>
<pin id="179" dir="0" index="0" bw="1" slack="0"/>
<pin id="180" dir="1" index="1" bw="12" slack="2147483647"/>
</pin_list>
<bind>
<opcode="alloca(26) " fcode="alloca"/>
<opset="C_1/1 "/>
</bind>
</comp>

<comp id="182" class="1004" name="C_2_alloca_fu_182">
<pin_list>
<pin id="183" dir="0" index="0" bw="1" slack="0"/>
<pin id="184" dir="1" index="1" bw="12" slack="2147483647"/>
</pin_list>
<bind>
<opcode="alloca(26) " fcode="alloca"/>
<opset="C_2/1 "/>
</bind>
</comp>

<comp id="186" class="1004" name="C_3_alloca_fu_186">
<pin_list>
<pin id="187" dir="0" index="0" bw="1" slack="0"/>
<pin id="188" dir="1" index="1" bw="12" slack="2147483647"/>
</pin_list>
<bind>
<opcode="alloca(26) " fcode="alloca"/>
<opset="C_3/1 "/>
</bind>
</comp>

<comp id="190" class="1004" name="C_4_alloca_fu_190">
<pin_list>
<pin id="191" dir="0" index="0" bw="1" slack="0"/>
<pin id="192" dir="1" index="1" bw="12" slack="2147483647"/>
</pin_list>
<bind>
<opcode="alloca(26) " fcode="alloca"/>
<opset="C_4/1 "/>
</bind>
</comp>

<comp id="194" class="1004" name="C_5_alloca_fu_194">
<pin_list>
<pin id="195" dir="0" index="0" bw="1" slack="0"/>
<pin id="196" dir="1" index="1" bw="12" slack="2147483647"/>
</pin_list>
<bind>
<opcode="alloca(26) " fcode="alloca"/>
<opset="C_5/1 "/>
</bind>
</comp>

<comp id="198" class="1004" name="C_6_alloca_fu_198">
<pin_list>
<pin id="199" dir="0" index="0" bw="1" slack="0"/>
<pin id="200" dir="1" index="1" bw="12" slack="2147483647"/>
</pin_list>
<bind>
<opcode="alloca(26) " fcode="alloca"/>
<opset="C_6/1 "/>
</bind>
</comp>

<comp id="202" class="1004" name="C_7_alloca_fu_202">
<pin_list>
<pin id="203" dir="0" index="0" bw="1" slack="0"/>
<pin id="204" dir="1" index="1" bw="12" slack="2147483647"/>
</pin_list>
<bind>
<opcode="alloca(26) " fcode="alloca"/>
<opset="C_7/1 "/>
</bind>
</comp>

<comp id="206" class="1004" name="C_8_alloca_fu_206">
<pin_list>
<pin id="207" dir="0" index="0" bw="1" slack="0"/>
<pin id="208" dir="1" index="1" bw="12" slack="2147483647"/>
</pin_list>
<bind>
<opcode="alloca(26) " fcode="alloca"/>
<opset="C_8/1 "/>
</bind>
</comp>

<comp id="210" class="1004" name="C_9_alloca_fu_210">
<pin_list>
<pin id="211" dir="0" index="0" bw="1" slack="0"/>
<pin id="212" dir="1" index="1" bw="12" slack="2147483647"/>
</pin_list>
<bind>
<opcode="alloca(26) " fcode="alloca"/>
<opset="C_9/1 "/>
</bind>
</comp>

<comp id="214" class="1004" name="C_10_alloca_fu_214">
<pin_list>
<pin id="215" dir="0" index="0" bw="1" slack="0"/>
<pin id="216" dir="1" index="1" bw="12" slack="2147483647"/>
</pin_list>
<bind>
<opcode="alloca(26) " fcode="alloca"/>
<opset="C_10/1 "/>
</bind>
</comp>

<comp id="218" class="1004" name="C_11_alloca_fu_218">
<pin_list>
<pin id="219" dir="0" index="0" bw="1" slack="0"/>
<pin id="220" dir="1" index="1" bw="12" slack="2147483647"/>
</pin_list>
<bind>
<opcode="alloca(26) " fcode="alloca"/>
<opset="C_11/1 "/>
</bind>
</comp>

<comp id="222" class="1004" name="C_12_alloca_fu_222">
<pin_list>
<pin id="223" dir="0" index="0" bw="1" slack="0"/>
<pin id="224" dir="1" index="1" bw="12" slack="2147483647"/>
</pin_list>
<bind>
<opcode="alloca(26) " fcode="alloca"/>
<opset="C_12/1 "/>
</bind>
</comp>

<comp id="226" class="1004" name="C_13_alloca_fu_226">
<pin_list>
<pin id="227" dir="0" index="0" bw="1" slack="0"/>
<pin id="228" dir="1" index="1" bw="12" slack="2147483647"/>
</pin_list>
<bind>
<opcode="alloca(26) " fcode="alloca"/>
<opset="C_13/1 "/>
</bind>
</comp>

<comp id="230" class="1004" name="C_14_alloca_fu_230">
<pin_list>
<pin id="231" dir="0" index="0" bw="1" slack="0"/>
<pin id="232" dir="1" index="1" bw="12" slack="2147483647"/>
</pin_list>
<bind>
<opcode="alloca(26) " fcode="alloca"/>
<opset="C_14/1 "/>
</bind>
</comp>

<comp id="234" class="1004" name="C_15_alloca_fu_234">
<pin_list>
<pin id="235" dir="0" index="0" bw="1" slack="0"/>
<pin id="236" dir="1" index="1" bw="12" slack="2147483647"/>
</pin_list>
<bind>
<opcode="alloca(26) " fcode="alloca"/>
<opset="C_15/1 "/>
</bind>
</comp>

<comp id="238" class="1004" name="batch_2_read_fu_238">
<pin_list>
<pin id="239" dir="0" index="0" bw="32" slack="0"/>
<pin id="240" dir="0" index="1" bw="32" slack="0"/>
<pin id="241" dir="1" index="2" bw="32" slack="0"/>
</pin_list>
<bind>
<opcode="read(1150) " fcode="read"/>
<opset="batch_2/1 "/>
</bind>
</comp>

<comp id="244" class="1004" name="write_ln0_write_fu_244">
<pin_list>
<pin id="245" dir="0" index="0" bw="0" slack="0"/>
<pin id="246" dir="0" index="1" bw="32" slack="0"/>
<pin id="247" dir="0" index="2" bw="32" slack="0"/>
<pin id="248" dir="1" index="3" bw="0" slack="2147483647"/>
</pin_list>
<bind>
<opcode="write(1151) " fcode="write"/>
<opset="write_ln0/1 "/>
</bind>
</comp>

<comp id="252" class="1004" name="grp_inv_all_Pipeline_IN_RD_fu_252">
<pin_list>
<pin id="253" dir="0" index="0" bw="0" slack="0"/>
<pin id="254" dir="0" index="1" bw="12" slack="2147483647"/>
<pin id="255" dir="0" index="2" bw="12" slack="2147483647"/>
<pin id="256" dir="0" index="3" bw="12" slack="2147483647"/>
<pin id="257" dir="0" index="4" bw="12" slack="2147483647"/>
<pin id="258" dir="0" index="5" bw="12" slack="2147483647"/>
<pin id="259" dir="0" index="6" bw="12" slack="2147483647"/>
<pin id="260" dir="0" index="7" bw="12" slack="2147483647"/>
<pin id="261" dir="0" index="8" bw="12" slack="2147483647"/>
<pin id="262" dir="0" index="9" bw="12" slack="2147483647"/>
<pin id="263" dir="0" index="10" bw="12" slack="2147483647"/>
<pin id="264" dir="0" index="11" bw="12" slack="2147483647"/>
<pin id="265" dir="0" index="12" bw="12" slack="2147483647"/>
<pin id="266" dir="0" index="13" bw="12" slack="2147483647"/>
<pin id="267" dir="0" index="14" bw="12" slack="2147483647"/>
<pin id="268" dir="0" index="15" bw="12" slack="2147483647"/>
<pin id="269" dir="0" index="16" bw="12" slack="2147483647"/>
<pin id="270" dir="0" index="17" bw="192" slack="0"/>
<pin id="271" dir="1" index="18" bw="0" slack="2147483647"/>
</pin_list>
<bind>
<opcode="call(48) " fcode="call"/>
<opset="call_ln0/2 "/>
</bind>
</comp>

<comp id="274" class="1004" name="grp_inv_ntt_fu_274">
<pin_list>
<pin id="275" dir="0" index="0" bw="0" slack="0"/>
<pin id="276" dir="0" index="1" bw="12" slack="2147483647"/>
<pin id="277" dir="0" index="2" bw="12" slack="2147483647"/>
<pin id="278" dir="0" index="3" bw="12" slack="2147483647"/>
<pin id="279" dir="0" index="4" bw="12" slack="2147483647"/>
<pin id="280" dir="0" index="5" bw="12" slack="2147483647"/>
<pin id="281" dir="0" index="6" bw="12" slack="2147483647"/>
<pin id="282" dir="0" index="7" bw="12" slack="2147483647"/>
<pin id="283" dir="0" index="8" bw="12" slack="2147483647"/>
<pin id="284" dir="0" index="9" bw="12" slack="2147483647"/>
<pin id="285" dir="0" index="10" bw="12" slack="2147483647"/>
<pin id="286" dir="0" index="11" bw="12" slack="2147483647"/>
<pin id="287" dir="0" index="12" bw="12" slack="2147483647"/>
<pin id="288" dir="0" index="13" bw="12" slack="2147483647"/>
<pin id="289" dir="0" index="14" bw="12" slack="2147483647"/>
<pin id="290" dir="0" index="15" bw="12" slack="2147483647"/>
<pin id="291" dir="0" index="16" bw="12" slack="2147483647"/>
<pin id="292" dir="0" index="17" bw="12" slack="0"/>
<pin id="293" dir="0" index="18" bw="16" slack="0"/>
<pin id="294" dir="0" index="19" bw="12" slack="0"/>
<pin id="295" dir="0" index="20" bw="16" slack="0"/>
<pin id="296" dir="0" index="21" bw="12" slack="0"/>
<pin id="297" dir="0" index="22" bw="16" slack="0"/>
<pin id="298" dir="0" index="23" bw="12" slack="0"/>
<pin id="299" dir="0" index="24" bw="16" slack="0"/>
<pin id="300" dir="0" index="25" bw="12" slack="0"/>
<pin id="301" dir="0" index="26" bw="16" slack="0"/>
<pin id="302" dir="0" index="27" bw="12" slack="0"/>
<pin id="303" dir="0" index="28" bw="16" slack="0"/>
<pin id="304" dir="0" index="29" bw="12" slack="0"/>
<pin id="305" dir="0" index="30" bw="16" slack="0"/>
<pin id="306" dir="0" index="31" bw="12" slack="0"/>
<pin id="307" dir="0" index="32" bw="16" slack="0"/>
<pin id="308" dir="0" index="33" bw="12" slack="0"/>
<pin id="309" dir="0" index="34" bw="16" slack="0"/>
<pin id="310" dir="0" index="35" bw="12" slack="0"/>
<pin id="311" dir="0" index="36" bw="16" slack="0"/>
<pin id="312" dir="0" index="37" bw="12" slack="0"/>
<pin id="313" dir="0" index="38" bw="16" slack="0"/>
<pin id="314" dir="0" index="39" bw="12" slack="0"/>
<pin id="315" dir="0" index="40" bw="16" slack="0"/>
<pin id="316" dir="0" index="41" bw="12" slack="0"/>
<pin id="317" dir="0" index="42" bw="16" slack="0"/>
<pin id="318" dir="0" index="43" bw="12" slack="0"/>
<pin id="319" dir="0" index="44" bw="16" slack="0"/>
<pin id="320" dir="0" index="45" bw="12" slack="0"/>
<pin id="321" dir="0" index="46" bw="16" slack="0"/>
<pin id="322" dir="0" index="47" bw="12" slack="0"/>
<pin id="323" dir="0" index="48" bw="16" slack="0"/>
<pin id="324" dir="0" index="49" bw="12" slack="0"/>
<pin id="325" dir="0" index="50" bw="16" slack="0"/>
<pin id="326" dir="0" index="51" bw="12" slack="0"/>
<pin id="327" dir="0" index="52" bw="16" slack="0"/>
<pin id="328" dir="0" index="53" bw="12" slack="0"/>
<pin id="329" dir="0" index="54" bw="16" slack="0"/>
<pin id="330" dir="0" index="55" bw="12" slack="0"/>
<pin id="331" dir="0" index="56" bw="16" slack="0"/>
<pin id="332" dir="0" index="57" bw="12" slack="0"/>
<pin id="333" dir="0" index="58" bw="15" slack="0"/>
<pin id="334" dir="0" index="59" bw="12" slack="0"/>
<pin id="335" dir="0" index="60" bw="15" slack="0"/>
<pin id="336" dir="0" index="61" bw="12" slack="0"/>
<pin id="337" dir="0" index="62" bw="15" slack="0"/>
<pin id="338" dir="0" index="63" bw="12" slack="0"/>
<pin id="339" dir="0" index="64" bw="15" slack="0"/>
<pin id="340" dir="0" index="65" bw="10" slack="0"/>
<pin id="341" dir="0" index="66" bw="16" slack="0"/>
<pin id="342" dir="0" index="67" bw="10" slack="0"/>
<pin id="343" dir="0" index="68" bw="16" slack="0"/>
<pin id="344" dir="0" index="69" bw="10" slack="0"/>
<pin id="345" dir="0" index="70" bw="16" slack="0"/>
<pin id="346" dir="0" index="71" bw="10" slack="0"/>
<pin id="347" dir="0" index="72" bw="16" slack="0"/>
<pin id="348" dir="1" index="73" bw="0" slack="2147483647"/>
</pin_list>
<bind>
<opcode="call(48) " fcode="call"/>
<opset="call_ln258/4 "/>
</bind>
</comp>

<comp id="406" class="1004" name="grp_inv_all_Pipeline_IN_WR_fu_406">
<pin_list>
<pin id="407" dir="0" index="0" bw="0" slack="0"/>
<pin id="408" dir="0" index="1" bw="12" slack="2147483647"/>
<pin id="409" dir="0" index="2" bw="12" slack="2147483647"/>
<pin id="410" dir="0" index="3" bw="12" slack="2147483647"/>
<pin id="411" dir="0" index="4" bw="12" slack="2147483647"/>
<pin id="412" dir="0" index="5" bw="12" slack="2147483647"/>
<pin id="413" dir="0" index="6" bw="12" slack="2147483647"/>
<pin id="414" dir="0" index="7" bw="12" slack="2147483647"/>
<pin id="415" dir="0" index="8" bw="12" slack="2147483647"/>
<pin id="416" dir="0" index="9" bw="12" slack="2147483647"/>
<pin id="417" dir="0" index="10" bw="12" slack="2147483647"/>
<pin id="418" dir="0" index="11" bw="12" slack="2147483647"/>
<pin id="419" dir="0" index="12" bw="12" slack="2147483647"/>
<pin id="420" dir="0" index="13" bw="12" slack="2147483647"/>
<pin id="421" dir="0" index="14" bw="12" slack="2147483647"/>
<pin id="422" dir="0" index="15" bw="12" slack="2147483647"/>
<pin id="423" dir="0" index="16" bw="12" slack="2147483647"/>
<pin id="424" dir="0" index="17" bw="192" slack="0"/>
<pin id="425" dir="1" index="18" bw="0" slack="2147483647"/>
</pin_list>
<bind>
<opcode="call(48) " fcode="call"/>
<opset="call_ln0/6 "/>
</bind>
</comp>

<comp id="428" class="1004" name="store_ln0_store_fu_428">
<pin_list>
<pin id="429" dir="0" index="0" bw="1" slack="0"/>
<pin id="430" dir="0" index="1" bw="31" slack="0"/>
<pin id="431" dir="1" index="2" bw="0" slack="2147483647"/>
</pin_list>
<bind>
<opcode="store(28) " fcode="store"/>
<opset="store_ln0/1 "/>
</bind>
</comp>

<comp id="433" class="1004" name="blk_load_load_fu_433">
<pin_list>
<pin id="434" dir="0" index="0" bw="31" slack="1"/>
<pin id="435" dir="1" index="1" bw="31" slack="0"/>
</pin_list>
<bind>
<opcode="load(27) " fcode="load"/>
<opset="blk_load/2 "/>
</bind>
</comp>

<comp id="436" class="1004" name="zext_ln246_fu_436">
<pin_list>
<pin id="437" dir="0" index="0" bw="31" slack="0"/>
<pin id="438" dir="1" index="1" bw="32" slack="0"/>
</pin_list>
<bind>
<opcode="zext(34) " fcode="zext"/>
<opset="zext_ln246/2 "/>
</bind>
</comp>

<comp id="440" class="1004" name="icmp_ln246_fu_440">
<pin_list>
<pin id="441" dir="0" index="0" bw="31" slack="0"/>
<pin id="442" dir="0" index="1" bw="32" slack="1"/>
<pin id="443" dir="1" index="2" bw="1" slack="2147483647"/>
</pin_list>
<bind>
<opcode="icmp(45) " fcode="icmp"/>
<opset="icmp_ln246/2 "/>
</bind>
</comp>

<comp id="445" class="1004" name="add_ln246_fu_445">
<pin_list>
<pin id="446" dir="0" index="0" bw="31" slack="0"/>
<pin id="447" dir="0" index="1" bw="1" slack="0"/>
<pin id="448" dir="1" index="2" bw="31" slack="0"/>
</pin_list>
<bind>
<opcode="add(8) " fcode="add"/>
<opset="add_ln246/2 "/>
</bind>
</comp>

<comp id="451" class="1004" name="store_ln246_store_fu_451">
<pin_list>
<pin id="452" dir="0" index="0" bw="31" slack="0"/>
<pin id="453" dir="0" index="1" bw="31" slack="1"/>
<pin id="454" dir="1" index="2" bw="0" slack="2147483647"/>
</pin_list>
<bind>
<opcode="store(28) " fcode="store"/>
<opset="store_ln246/2 "/>
</bind>
</comp>

<comp id="456" class="1005" name="blk_reg_456">
<pin_list>
<pin id="457" dir="0" index="0" bw="31" slack="0"/>
<pin id="458" dir="1" index="1" bw="31" slack="0"/>
</pin_list>
<bind>
<opset="blk "/>
</bind>
</comp>

<comp id="463" class="1005" name="batch_2_reg_463">
<pin_list>
<pin id="464" dir="0" index="0" bw="32" slack="1"/>
<pin id="465" dir="1" index="1" bw="32" slack="1"/>
</pin_list>
<bind>
<opset="batch_2 "/>
</bind>
</comp>

</comp_list>

<net_list>
<net id="173"><net_src comp="120" pin="0"/><net_sink comp="170" pin=0"/></net>

<net id="177"><net_src comp="146" pin="0"/><net_sink comp="174" pin=0"/></net>

<net id="181"><net_src comp="146" pin="0"/><net_sink comp="178" pin=0"/></net>

<net id="185"><net_src comp="146" pin="0"/><net_sink comp="182" pin=0"/></net>

<net id="189"><net_src comp="146" pin="0"/><net_sink comp="186" pin=0"/></net>

<net id="193"><net_src comp="146" pin="0"/><net_sink comp="190" pin=0"/></net>

<net id="197"><net_src comp="146" pin="0"/><net_sink comp="194" pin=0"/></net>

<net id="201"><net_src comp="146" pin="0"/><net_sink comp="198" pin=0"/></net>

<net id="205"><net_src comp="146" pin="0"/><net_sink comp="202" pin=0"/></net>

<net id="209"><net_src comp="146" pin="0"/><net_sink comp="206" pin=0"/></net>

<net id="213"><net_src comp="146" pin="0"/><net_sink comp="210" pin=0"/></net>

<net id="217"><net_src comp="146" pin="0"/><net_sink comp="214" pin=0"/></net>

<net id="221"><net_src comp="146" pin="0"/><net_sink comp="218" pin=0"/></net>

<net id="225"><net_src comp="146" pin="0"/><net_sink comp="222" pin=0"/></net>

<net id="229"><net_src comp="146" pin="0"/><net_sink comp="226" pin=0"/></net>

<net id="233"><net_src comp="146" pin="0"/><net_sink comp="230" pin=0"/></net>

<net id="237"><net_src comp="146" pin="0"/><net_sink comp="234" pin=0"/></net>

<net id="242"><net_src comp="138" pin="0"/><net_sink comp="238" pin=0"/></net>

<net id="243"><net_src comp="4" pin="0"/><net_sink comp="238" pin=1"/></net>

<net id="249"><net_src comp="140" pin="0"/><net_sink comp="244" pin=0"/></net>

<net id="250"><net_src comp="6" pin="0"/><net_sink comp="244" pin=1"/></net>

<net id="251"><net_src comp="238" pin="2"/><net_sink comp="244" pin=2"/></net>

<net id="272"><net_src comp="154" pin="0"/><net_sink comp="252" pin=0"/></net>

<net id="273"><net_src comp="0" pin="0"/><net_sink comp="252" pin=17"/></net>

<net id="349"><net_src comp="156" pin="0"/><net_sink comp="274" pin=0"/></net>

<net id="350"><net_src comp="8" pin="0"/><net_sink comp="274" pin=17"/></net>

<net id="351"><net_src comp="10" pin="0"/><net_sink comp="274" pin=18"/></net>

<net id="352"><net_src comp="12" pin="0"/><net_sink comp="274" pin=19"/></net>

<net id="353"><net_src comp="14" pin="0"/><net_sink comp="274" pin=20"/></net>

<net id="354"><net_src comp="16" pin="0"/><net_sink comp="274" pin=21"/></net>

<net id="355"><net_src comp="18" pin="0"/><net_sink comp="274" pin=22"/></net>

<net id="356"><net_src comp="20" pin="0"/><net_sink comp="274" pin=23"/></net>

<net id="357"><net_src comp="22" pin="0"/><net_sink comp="274" pin=24"/></net>

<net id="358"><net_src comp="24" pin="0"/><net_sink comp="274" pin=25"/></net>

<net id="359"><net_src comp="26" pin="0"/><net_sink comp="274" pin=26"/></net>

<net id="360"><net_src comp="28" pin="0"/><net_sink comp="274" pin=27"/></net>

<net id="361"><net_src comp="30" pin="0"/><net_sink comp="274" pin=28"/></net>

<net id="362"><net_src comp="32" pin="0"/><net_sink comp="274" pin=29"/></net>

<net id="363"><net_src comp="34" pin="0"/><net_sink comp="274" pin=30"/></net>

<net id="364"><net_src comp="36" pin="0"/><net_sink comp="274" pin=31"/></net>

<net id="365"><net_src comp="38" pin="0"/><net_sink comp="274" pin=32"/></net>

<net id="366"><net_src comp="40" pin="0"/><net_sink comp="274" pin=33"/></net>

<net id="367"><net_src comp="42" pin="0"/><net_sink comp="274" pin=34"/></net>

<net id="368"><net_src comp="44" pin="0"/><net_sink comp="274" pin=35"/></net>

<net id="369"><net_src comp="46" pin="0"/><net_sink comp="274" pin=36"/></net>

<net id="370"><net_src comp="48" pin="0"/><net_sink comp="274" pin=37"/></net>

<net id="371"><net_src comp="50" pin="0"/><net_sink comp="274" pin=38"/></net>

<net id="372"><net_src comp="52" pin="0"/><net_sink comp="274" pin=39"/></net>

<net id="373"><net_src comp="54" pin="0"/><net_sink comp="274" pin=40"/></net>

<net id="374"><net_src comp="56" pin="0"/><net_sink comp="274" pin=41"/></net>

<net id="375"><net_src comp="58" pin="0"/><net_sink comp="274" pin=42"/></net>

<net id="376"><net_src comp="60" pin="0"/><net_sink comp="274" pin=43"/></net>

<net id="377"><net_src comp="62" pin="0"/><net_sink comp="274" pin=44"/></net>

<net id="378"><net_src comp="64" pin="0"/><net_sink comp="274" pin=45"/></net>

<net id="379"><net_src comp="66" pin="0"/><net_sink comp="274" pin=46"/></net>

<net id="380"><net_src comp="68" pin="0"/><net_sink comp="274" pin=47"/></net>

<net id="381"><net_src comp="70" pin="0"/><net_sink comp="274" pin=48"/></net>

<net id="382"><net_src comp="72" pin="0"/><net_sink comp="274" pin=49"/></net>

<net id="383"><net_src comp="74" pin="0"/><net_sink comp="274" pin=50"/></net>

<net id="384"><net_src comp="76" pin="0"/><net_sink comp="274" pin=51"/></net>

<net id="385"><net_src comp="78" pin="0"/><net_sink comp="274" pin=52"/></net>

<net id="386"><net_src comp="80" pin="0"/><net_sink comp="274" pin=53"/></net>

<net id="387"><net_src comp="82" pin="0"/><net_sink comp="274" pin=54"/></net>

<net id="388"><net_src comp="84" pin="0"/><net_sink comp="274" pin=55"/></net>

<net id="389"><net_src comp="86" pin="0"/><net_sink comp="274" pin=56"/></net>

<net id="390"><net_src comp="88" pin="0"/><net_sink comp="274" pin=57"/></net>

<net id="391"><net_src comp="90" pin="0"/><net_sink comp="274" pin=58"/></net>

<net id="392"><net_src comp="92" pin="0"/><net_sink comp="274" pin=59"/></net>

<net id="393"><net_src comp="94" pin="0"/><net_sink comp="274" pin=60"/></net>

<net id="394"><net_src comp="96" pin="0"/><net_sink comp="274" pin=61"/></net>

<net id="395"><net_src comp="98" pin="0"/><net_sink comp="274" pin=62"/></net>

<net id="396"><net_src comp="100" pin="0"/><net_sink comp="274" pin=63"/></net>

<net id="397"><net_src comp="102" pin="0"/><net_sink comp="274" pin=64"/></net>

<net id="398"><net_src comp="104" pin="0"/><net_sink comp="274" pin=65"/></net>

<net id="399"><net_src comp="106" pin="0"/><net_sink comp="274" pin=66"/></net>

<net id="400"><net_src comp="108" pin="0"/><net_sink comp="274" pin=67"/></net>

<net id="401"><net_src comp="110" pin="0"/><net_sink comp="274" pin=68"/></net>

<net id="402"><net_src comp="112" pin="0"/><net_sink comp="274" pin=69"/></net>

<net id="403"><net_src comp="114" pin="0"/><net_sink comp="274" pin=70"/></net>

<net id="404"><net_src comp="116" pin="0"/><net_sink comp="274" pin=71"/></net>

<net id="405"><net_src comp="118" pin="0"/><net_sink comp="274" pin=72"/></net>

<net id="426"><net_src comp="158" pin="0"/><net_sink comp="406" pin=0"/></net>

<net id="427"><net_src comp="2" pin="0"/><net_sink comp="406" pin=17"/></net>

<net id="432"><net_src comp="148" pin="0"/><net_sink comp="428" pin=0"/></net>

<net id="439"><net_src comp="433" pin="1"/><net_sink comp="436" pin=0"/></net>

<net id="444"><net_src comp="436" pin="1"/><net_sink comp="440" pin=0"/></net>

<net id="449"><net_src comp="433" pin="1"/><net_sink comp="445" pin=0"/></net>

<net id="450"><net_src comp="150" pin="0"/><net_sink comp="445" pin=1"/></net>

<net id="455"><net_src comp="445" pin="2"/><net_sink comp="451" pin=0"/></net>

<net id="459"><net_src comp="170" pin="1"/><net_sink comp="456" pin=0"/></net>

<net id="460"><net_src comp="456" pin="1"/><net_sink comp="428" pin=1"/></net>

<net id="461"><net_src comp="456" pin="1"/><net_sink comp="433" pin=0"/></net>

<net id="462"><net_src comp="456" pin="1"/><net_sink comp="451" pin=1"/></net>

<net id="466"><net_src comp="238" pin="2"/><net_sink comp="463" pin=0"/></net>

<net id="467"><net_src comp="463" pin="1"/><net_sink comp="440" pin=1"/></net>

</net_list>

</model> 
---------------- Datapath Model END ------------------

* FSMD analyzer results:
  - Output states:
	Port: sC1 | {6 7 }
	Port: batch_size_c | {1 }
 - Input state : 
	Port: inv_all : sC0 | {2 3 }
	Port: inv_all : batch | {1 }
	Port: inv_all : p_ZL5INV_W_0_0 | {4 5 }
	Port: inv_all : p_ZL6INV_MW_0_0 | {4 5 }
	Port: inv_all : p_ZL5INV_W_1_0 | {4 5 }
	Port: inv_all : p_ZL6INV_MW_1_0 | {4 5 }
	Port: inv_all : p_ZL5INV_W_2_0 | {4 5 }
	Port: inv_all : p_ZL6INV_MW_2_0 | {4 5 }
	Port: inv_all : p_ZL5INV_W_3_0 | {4 5 }
	Port: inv_all : p_ZL6INV_MW_3_0 | {4 5 }
	Port: inv_all : p_ZL5INV_W_0_1 | {4 5 }
	Port: inv_all : p_ZL6INV_MW_0_1 | {4 5 }
	Port: inv_all : p_ZL5INV_W_1_1 | {4 5 }
	Port: inv_all : p_ZL6INV_MW_1_1 | {4 5 }
	Port: inv_all : p_ZL5INV_W_2_1 | {4 5 }
	Port: inv_all : p_ZL6INV_MW_2_1 | {4 5 }
	Port: inv_all : p_ZL5INV_W_3_1 | {4 5 }
	Port: inv_all : p_ZL6INV_MW_3_1 | {4 5 }
	Port: inv_all : p_ZL5INV_W_0_2 | {4 5 }
	Port: inv_all : p_ZL6INV_MW_0_2 | {4 5 }
	Port: inv_all : p_ZL5INV_W_1_2 | {4 5 }
	Port: inv_all : p_ZL6INV_MW_1_2 | {4 5 }
	Port: inv_all : p_ZL5INV_W_2_2 | {4 5 }
	Port: inv_all : p_ZL6INV_MW_2_2 | {4 5 }
	Port: inv_all : p_ZL5INV_W_3_2 | {4 5 }
	Port: inv_all : p_ZL6INV_MW_3_2 | {4 5 }
	Port: inv_all : p_ZL5INV_W_0_3 | {4 5 }
	Port: inv_all : p_ZL6INV_MW_0_3 | {4 5 }
	Port: inv_all : p_ZL5INV_W_1_3 | {4 5 }
	Port: inv_all : p_ZL6INV_MW_1_3 | {4 5 }
	Port: inv_all : p_ZL5INV_W_2_3 | {4 5 }
	Port: inv_all : p_ZL6INV_MW_2_3 | {4 5 }
	Port: inv_all : p_ZL5INV_W_3_3 | {4 5 }
	Port: inv_all : p_ZL6INV_MW_3_3 | {4 5 }
	Port: inv_all : p_ZL5INV_W_0_4 | {4 5 }
	Port: inv_all : p_ZL6INV_MW_0_4 | {4 5 }
	Port: inv_all : p_ZL5INV_W_1_4 | {4 5 }
	Port: inv_all : p_ZL6INV_MW_1_4 | {4 5 }
	Port: inv_all : p_ZL5INV_W_2_4 | {4 5 }
	Port: inv_all : p_ZL6INV_MW_2_4 | {4 5 }
	Port: inv_all : p_ZL5INV_W_3_4 | {4 5 }
	Port: inv_all : p_ZL6INV_MW_3_4 | {4 5 }
	Port: inv_all : p_ZL5INV_W_0_5 | {4 5 }
	Port: inv_all : p_ZL6INV_MW_0_5 | {4 5 }
	Port: inv_all : p_ZL5INV_W_1_5 | {4 5 }
	Port: inv_all : p_ZL6INV_MW_1_5 | {4 5 }
	Port: inv_all : p_ZL5INV_W_2_5 | {4 5 }
	Port: inv_all : p_ZL6INV_MW_2_5 | {4 5 }
	Port: inv_all : p_ZL5INV_W_3_5 | {4 5 }
	Port: inv_all : p_ZL6INV_MW_3_5 | {4 5 }
	Port: inv_all : p_ZL5INV_W_0_6 | {4 5 }
	Port: inv_all : p_ZL6INV_MW_0_6 | {4 5 }
	Port: inv_all : p_ZL5INV_W_1_6 | {4 5 }
	Port: inv_all : p_ZL6INV_MW_1_6 | {4 5 }
	Port: inv_all : p_ZL5INV_W_2_6 | {4 5 }
	Port: inv_all : p_ZL6INV_MW_2_6 | {4 5 }
	Port: inv_all : p_ZL5INV_W_3_6 | {4 5 }
	Port: inv_all : p_ZL6INV_MW_3_6 | {4 5 }
  - Chain level:
	State 1
		store_ln0 : 1
	State 2
		zext_ln246 : 1
		icmp_ln246 : 2
		add_ln246 : 1
		br_ln246 : 3
		store_ln246 : 2
	State 3
	State 4
	State 5
	State 6
	State 7


============================================================
+ Verbose Summary: Datapath Resource usage 
============================================================

* Functional unit list:
|----------|-----------------------------------|---------|---------|---------|---------|---------|---------|
| Operation|          Functional Unit          |   BRAM  |   DSP   |  Delay  |    FF   |   LUT   |   URAM  |
|----------|-----------------------------------|---------|---------|---------|---------|---------|---------|
|          | grp_inv_all_Pipeline_IN_RD_fu_252 |    0    |    0    |    0    |    10   |    24   |    0    |
|   call   |         grp_inv_ntt_fu_274        |    0    |   267   | 257.537 |  14692  |  24035  |    0    |
|          | grp_inv_all_Pipeline_IN_WR_fu_406 |    0    |    0    |  6.832  |    69   |   168   |    0    |
|----------|-----------------------------------|---------|---------|---------|---------|---------|---------|
|   icmp   |         icmp_ln246_fu_440         |    0    |    0    |    0    |    0    |    39   |    0    |
|----------|-----------------------------------|---------|---------|---------|---------|---------|---------|
|    add   |          add_ln246_fu_445         |    0    |    0    |    0    |    0    |    38   |    0    |
|----------|-----------------------------------|---------|---------|---------|---------|---------|---------|
|   read   |        batch_2_read_fu_238        |    0    |    0    |    0    |    0    |    0    |    0    |
|----------|-----------------------------------|---------|---------|---------|---------|---------|---------|
|   write  |       write_ln0_write_fu_244      |    0    |    0    |    0    |    0    |    0    |    0    |
|----------|-----------------------------------|---------|---------|---------|---------|---------|---------|
|   zext   |         zext_ln246_fu_436         |    0    |    0    |    0    |    0    |    0    |    0    |
|----------|-----------------------------------|---------|---------|---------|---------|---------|---------|
|   Total  |                                   |    0    |   267   | 264.369 |  14771  |  24304  |    0    |
|----------|-----------------------------------|---------|---------|---------|---------|---------|---------|

Memories:
+----+--------+--------+--------+--------+
|    |  BRAM  |   FF   |   LUT  |  URAM  |
+----+--------+--------+--------+--------+
|  C |    0   |   24   |    3   |    0   |
| C_1|    0   |   24   |    3   |    0   |
|C_10|    0   |   24   |    3   |    0   |
|C_11|    0   |   24   |    3   |    0   |
|C_12|    0   |   24   |    3   |    0   |
|C_13|    0   |   24   |    3   |    0   |
|C_14|    0   |   24   |    3   |    0   |
|C_15|    0   |   24   |    3   |    0   |
| C_2|    0   |   24   |    3   |    0   |
| C_3|    0   |   24   |    3   |    0   |
| C_4|    0   |   24   |    3   |    0   |
| C_5|    0   |   24   |    3   |    0   |
| C_6|    0   |   24   |    3   |    0   |
| C_7|    0   |   24   |    3   |    0   |
| C_8|    0   |   24   |    3   |    0   |
| C_9|    0   |   24   |    3   |    0   |
+----+--------+--------+--------+--------+
|Total|    0   |   384  |   48   |    0   |
+----+--------+--------+--------+--------+

* Register list:
+---------------+--------+
|               |   FF   |
+---------------+--------+
|batch_2_reg_463|   32   |
|  blk_reg_456  |   31   |
+---------------+--------+
|     Total     |   63   |
+---------------+--------+

* Multiplexer (MUX) list: 
|--------|------|------|------|--------|
|  Comp  |  Pin | Size |  BW  | S x BW |
|--------|------|------|------|--------|
|  Total |      |      |      |    0   |
|--------|------|------|------|--------|



* Summary:
+-----------+--------+--------+--------+--------+--------+--------+
|           |  BRAM  |   DSP  |  Delay |   FF   |   LUT  |  URAM  |
+-----------+--------+--------+--------+--------+--------+--------+
|  Function |    0   |   267  |   264  |  14771 |  24304 |    0   |
|   Memory  |    0   |    -   |    -   |   384  |   48   |    0   |
|Multiplexer|    -   |    -   |    -   |    -   |    -   |    -   |
|  Register |    -   |    -   |    -   |   63   |    -   |    -   |
+-----------+--------+--------+--------+--------+--------+--------+
|   Total   |    0   |   267  |   264  |  15218 |  24352 |    0   |
+-----------+--------+--------+--------+--------+--------+--------+
