

================================================================
== Vitis HLS Report for 'kyber_mult'
================================================================
* Date:           Thu Jun 11 23:16:45 2026

* Version:        2023.2 (Build 4023990 on Oct 11 2023)
* Project:        ntt_kyber
* Solution:       solution1 (Vivado IP Flow Target)
* Product family: zynquplus
* Target device:  xck26-sfvc784-2LV-c


================================================================
== Performance Estimates
================================================================
+ Timing: 
    * Summary: 
    +--------+----------+----------+------------+
    |  Clock |  Target  | Estimated| Uncertainty|
    +--------+----------+----------+------------+
    |ap_clk  |  10.00 ns|  7.300 ns|     2.70 ns|
    +--------+----------+----------+------------+

+ Latency: 
    * Summary: 
    +---------+---------+----------+-----------+-----+------+----------+
    |  Latency (cycles) |  Latency (absolute)  |  Interval  | Pipeline |
    |   min   |   max   |    min   |    max    | min |  max |   Type   |
    +---------+---------+----------+-----------+-----+------+----------+
    |      525|     7860|  5.250 us|  78.600 us|  491|  7826|  dataflow|
    +---------+---------+----------+-----------+-----+------+----------+

    + Detail: 
        * Instance: 
        N/A

        * Loop: 
        N/A

============================================================
+ Verbose Summary: Synthesis Manager
============================================================
InlineROM: 1
ExposeGlobal: 0
============================================================
+ Verbose Summary: CDFG Model
============================================================
IsTopModel: 1
ResetActiveHigh: 1
IsCombinational: 2
IsDatapathOnly: 0
HasWiredReturn: 1
HasMFsm: 0
HasVarLatency: 1
IsPipeline: 0
IsRtlPipelined: 0
IsInstanceOverlapped: 0
IsDontTouch: 0
HasImplIP: 0
IsGatedGlobalClock: 0


============================================================
+ Verbose Summary: Schedule
============================================================
* Number of FSM states : 11
* Pipeline : 0
* Dataflow Pipeline: 1
  DF-Pipeline-0: Size = 11, States = { 1 2 3 4 5 6 7 8 9 10 11 }

* FSM state transitions: 
1 --> 2 
2 --> 3 
3 --> 4 
4 --> 5 
5 --> 6 
6 --> 7 
7 --> 8 
8 --> 9 
9 --> 10 
10 --> 11 
11 --> 

* FSM state operations: 

State 1 <SV = 0> <Delay = 2.88>
ST_1 : Operation 12 [1/1] (1.00ns)   --->   "%batch_size_read = read i32 @_ssdm_op_Read.s_axilite.i32, i32 %batch_size" [kyber-mult-kernel-dataflow.cpp:299]   --->   Operation 12 'read' 'batch_size_read' <Predicate = true> <Delay = 1.00> <CoreInst = "s_axilite">   --->   Core 122 's_axilite' <Latency = 0> <II = 1> <Delay = 1.00> <Adapter> <Opcode : 'read' 'write'>
ST_1 : Operation 13 [1/1] (1.00ns)   --->   "%c_read = read i64 @_ssdm_op_Read.s_axilite.i64, i64 %c" [kyber-mult-kernel-dataflow.cpp:299]   --->   Operation 13 'read' 'c_read' <Predicate = true> <Delay = 1.00> <CoreInst = "s_axilite">   --->   Core 122 's_axilite' <Latency = 0> <II = 1> <Delay = 1.00> <Adapter> <Opcode : 'read' 'write'>
ST_1 : Operation 14 [1/1] (1.00ns)   --->   "%b_read = read i64 @_ssdm_op_Read.s_axilite.i64, i64 %b" [kyber-mult-kernel-dataflow.cpp:299]   --->   Operation 14 'read' 'b_read' <Predicate = true> <Delay = 1.00> <CoreInst = "s_axilite">   --->   Core 122 's_axilite' <Latency = 0> <II = 1> <Delay = 1.00> <Adapter> <Opcode : 'read' 'write'>
ST_1 : Operation 15 [1/1] (1.00ns)   --->   "%a_read = read i64 @_ssdm_op_Read.s_axilite.i64, i64 %a" [kyber-mult-kernel-dataflow.cpp:299]   --->   Operation 15 'read' 'a_read' <Predicate = true> <Delay = 1.00> <CoreInst = "s_axilite">   --->   Core 122 's_axilite' <Latency = 0> <II = 1> <Delay = 1.00> <Adapter> <Opcode : 'read' 'write'>
ST_1 : Operation 16 [1/1] (0.00ns)   --->   "%batch_size_c15 = alloca i64 1" [kyber-mult-kernel-dataflow.cpp:299]   --->   Operation 16 'alloca' 'batch_size_c15' <Predicate = true> <Delay = 0.00> <CoreInst = "FIFO_SRL">   --->   Core 81 'FIFO_SRL' <Latency = 0> <II = 1> <Delay = 1.83> <Storage> <Opcode : 'read' 'write' 'nbread' 'nbwrite'> <Ports = 0> <Width = 32> <Depth = 2> <FIFO>
ST_1 : Operation 17 [1/1] (0.00ns)   --->   "%batch_size_c14 = alloca i64 1" [kyber-mult-kernel-dataflow.cpp:299]   --->   Operation 17 'alloca' 'batch_size_c14' <Predicate = true> <Delay = 0.00> <CoreInst = "FIFO_SRL">   --->   Core 81 'FIFO_SRL' <Latency = 0> <II = 1> <Delay = 1.83> <Storage> <Opcode : 'read' 'write' 'nbread' 'nbwrite'> <Ports = 0> <Width = 32> <Depth = 2> <FIFO>
ST_1 : Operation 18 [1/1] (0.00ns)   --->   "%batch_size_c13 = alloca i64 1" [kyber-mult-kernel-dataflow.cpp:299]   --->   Operation 18 'alloca' 'batch_size_c13' <Predicate = true> <Delay = 0.00> <CoreInst = "FIFO_SRL">   --->   Core 81 'FIFO_SRL' <Latency = 0> <II = 1> <Delay = 1.83> <Storage> <Opcode : 'read' 'write' 'nbread' 'nbwrite'> <Ports = 0> <Width = 32> <Depth = 2> <FIFO>
ST_1 : Operation 19 [1/1] (0.00ns)   --->   "%batch_size_c = alloca i64 1" [kyber-mult-kernel-dataflow.cpp:299]   --->   Operation 19 'alloca' 'batch_size_c' <Predicate = true> <Delay = 0.00> <CoreInst = "FIFO_SRL">   --->   Core 81 'FIFO_SRL' <Latency = 0> <II = 1> <Delay = 1.83> <Storage> <Opcode : 'read' 'write' 'nbread' 'nbwrite'> <Ports = 0> <Width = 32> <Depth = 2> <FIFO>
ST_1 : Operation 20 [1/1] (0.00ns)   --->   "%c_c = alloca i64 1" [kyber-mult-kernel-dataflow.cpp:299]   --->   Operation 20 'alloca' 'c_c' <Predicate = true> <Delay = 0.00> <CoreInst = "FIFO_SRL">   --->   Core 81 'FIFO_SRL' <Latency = 0> <II = 1> <Delay = 1.88> <Storage> <Opcode : 'read' 'write' 'nbread' 'nbwrite'> <Ports = 0> <Width = 64> <Depth = 6> <FIFO>
ST_1 : Operation 21 [1/1] (0.00ns)   --->   "%sA0 = alloca i64 1"   --->   Operation 21 'alloca' 'sA0' <Predicate = true> <Delay = 0.00> <CoreInst = "FIFO">   --->   Core 78 'FIFO' <Latency = 0> <II = 1> <Delay = 1.89> <Storage> <Opcode : 'read' 'write' 'nbread' 'nbwrite'> <Ports = 0> <Width = 192> <Depth = 32> <FIFO>
ST_1 : Operation 22 [1/1] (0.00ns)   --->   "%sB0 = alloca i64 1"   --->   Operation 22 'alloca' 'sB0' <Predicate = true> <Delay = 0.00> <CoreInst = "FIFO">   --->   Core 78 'FIFO' <Latency = 0> <II = 1> <Delay = 1.89> <Storage> <Opcode : 'read' 'write' 'nbread' 'nbwrite'> <Ports = 0> <Width = 192> <Depth = 32> <FIFO>
ST_1 : Operation 23 [1/1] (0.00ns)   --->   "%sA1 = alloca i64 1"   --->   Operation 23 'alloca' 'sA1' <Predicate = true> <Delay = 0.00> <CoreInst = "FIFO">   --->   Core 78 'FIFO' <Latency = 0> <II = 1> <Delay = 1.89> <Storage> <Opcode : 'read' 'write' 'nbread' 'nbwrite'> <Ports = 0> <Width = 192> <Depth = 32> <FIFO>
ST_1 : Operation 24 [1/1] (0.00ns)   --->   "%sB1 = alloca i64 1"   --->   Operation 24 'alloca' 'sB1' <Predicate = true> <Delay = 0.00> <CoreInst = "FIFO">   --->   Core 78 'FIFO' <Latency = 0> <II = 1> <Delay = 1.89> <Storage> <Opcode : 'read' 'write' 'nbread' 'nbwrite'> <Ports = 0> <Width = 192> <Depth = 32> <FIFO>
ST_1 : Operation 25 [1/1] (0.00ns)   --->   "%sC0 = alloca i64 1"   --->   Operation 25 'alloca' 'sC0' <Predicate = true> <Delay = 0.00> <CoreInst = "FIFO">   --->   Core 78 'FIFO' <Latency = 0> <II = 1> <Delay = 1.89> <Storage> <Opcode : 'read' 'write' 'nbread' 'nbwrite'> <Ports = 0> <Width = 192> <Depth = 32> <FIFO>
ST_1 : Operation 26 [1/1] (0.00ns)   --->   "%sC1 = alloca i64 1"   --->   Operation 26 'alloca' 'sC1' <Predicate = true> <Delay = 0.00> <CoreInst = "FIFO">   --->   Core 78 'FIFO' <Latency = 0> <II = 1> <Delay = 1.89> <Storage> <Opcode : 'read' 'write' 'nbread' 'nbwrite'> <Ports = 0> <Width = 192> <Depth = 32> <FIFO>
ST_1 : Operation 27 [1/1] (1.88ns)   --->   "%call_ln299 = call void @entry_proc, i64 %c_read, i64 %c_c" [kyber-mult-kernel-dataflow.cpp:299]   --->   Operation 27 'call' 'call_ln299' <Predicate = true> <Delay = 1.88> <CoreType = "Generic">   --->   Core 0 '' <Latency = 0> <II = 1> <Delay = 1.00> <Generic> <Opcode : >

State 2 <SV = 1> <Delay = 7.30>
ST_2 : Operation 28 [2/2] (7.30ns)   --->   "%call_ln313 = call void @load_all, i32 %gmem0, i64 %a_read, i32 %gmem1, i64 %b_read, i192 %sA0, i192 %sB0, i32 %batch_size_read, i32 %batch_size_c15" [kyber-mult-kernel-dataflow.cpp:313]   --->   Operation 28 'call' 'call_ln313' <Predicate = true> <Delay = 7.30> <CoreType = "Generic">   --->   Core 0 '' <Latency = 0> <II = 1> <Delay = 1.00> <Generic> <Opcode : >

State 3 <SV = 2> <Delay = 0.00>
ST_3 : Operation 29 [1/2] (0.00ns)   --->   "%call_ln313 = call void @load_all, i32 %gmem0, i64 %a_read, i32 %gmem1, i64 %b_read, i192 %sA0, i192 %sB0, i32 %batch_size_read, i32 %batch_size_c15" [kyber-mult-kernel-dataflow.cpp:313]   --->   Operation 29 'call' 'call_ln313' <Predicate = true> <Delay = 0.00> <CoreType = "Generic">   --->   Core 0 '' <Latency = 0> <II = 1> <Delay = 1.00> <Generic> <Opcode : >

State 4 <SV = 3> <Delay = 0.00>
ST_4 : Operation 30 [2/2] (0.00ns)   --->   "%call_ln314 = call void @fwd_all, i192 %sA0, i192 %sB0, i192 %sA1, i192 %sB1, i32 %batch_size_c15, i32 %batch_size_c14, i10 %p_ZL5FWD_W_0_0, i16 %p_ZL6FWD_MW_0_0, i10 %p_ZL5FWD_W_1_0, i16 %p_ZL6FWD_MW_1_0, i10 %p_ZL5FWD_W_2_0, i16 %p_ZL6FWD_MW_2_0, i10 %p_ZL5FWD_W_3_0, i16 %p_ZL6FWD_MW_3_0, i12 %p_ZL5FWD_W_0_1, i15 %p_ZL6FWD_MW_0_1, i12 %p_ZL5FWD_W_1_1, i15 %p_ZL6FWD_MW_1_1, i12 %p_ZL5FWD_W_2_1, i15 %p_ZL6FWD_MW_2_1, i12 %p_ZL5FWD_W_3_1, i15 %p_ZL6FWD_MW_3_1, i12 %p_ZL5FWD_W_0_2, i16 %p_ZL6FWD_MW_0_2, i12 %p_ZL5FWD_W_1_2, i16 %p_ZL6FWD_MW_1_2, i12 %p_ZL5FWD_W_2_2, i16 %p_ZL6FWD_MW_2_2, i12 %p_ZL5FWD_W_3_2, i16 %p_ZL6FWD_MW_3_2, i12 %p_ZL5FWD_W_0_3, i16 %p_ZL6FWD_MW_0_3, i12 %p_ZL5FWD_W_1_3, i16 %p_ZL6FWD_MW_1_3, i12 %p_ZL5FWD_W_2_3, i16 %p_ZL6FWD_MW_2_3, i12 %p_ZL5FWD_W_3_3, i16 %p_ZL6FWD_MW_3_3, i12 %p_ZL5FWD_W_0_4, i16 %p_ZL6FWD_MW_0_4, i12 %p_ZL5FWD_W_1_4, i16 %p_ZL6FWD_MW_1_4, i12 %p_ZL5FWD_W_2_4, i16 %p_ZL6FWD_MW_2_4, i12 %p_ZL5FWD_W_3_4, i16 %p_ZL6FWD_MW_3_4, i12 %p_ZL5FWD_W_0_5, i16 %p_ZL6FWD_MW_0_5, i12 %p_ZL5FWD_W_1_5, i16 %p_ZL6FWD_MW_1_5, i12 %p_ZL5FWD_W_2_5, i16 %p_ZL6FWD_MW_2_5, i12 %p_ZL5FWD_W_3_5, i16 %p_ZL6FWD_MW_3_5, i12 %p_ZL5FWD_W_0_6, i16 %p_ZL6FWD_MW_0_6, i12 %p_ZL5FWD_W_1_6, i16 %p_ZL6FWD_MW_1_6, i12 %p_ZL5FWD_W_2_6, i16 %p_ZL6FWD_MW_2_6, i12 %p_ZL5FWD_W_3_6, i16 %p_ZL6FWD_MW_3_6" [kyber-mult-kernel-dataflow.cpp:314]   --->   Operation 30 'call' 'call_ln314' <Predicate = true> <Delay = 0.00> <CoreType = "Generic">   --->   Core 0 '' <Latency = 0> <II = 1> <Delay = 1.00> <Generic> <Opcode : >

State 5 <SV = 4> <Delay = 0.00>
ST_5 : Operation 31 [1/2] (0.00ns)   --->   "%call_ln314 = call void @fwd_all, i192 %sA0, i192 %sB0, i192 %sA1, i192 %sB1, i32 %batch_size_c15, i32 %batch_size_c14, i10 %p_ZL5FWD_W_0_0, i16 %p_ZL6FWD_MW_0_0, i10 %p_ZL5FWD_W_1_0, i16 %p_ZL6FWD_MW_1_0, i10 %p_ZL5FWD_W_2_0, i16 %p_ZL6FWD_MW_2_0, i10 %p_ZL5FWD_W_3_0, i16 %p_ZL6FWD_MW_3_0, i12 %p_ZL5FWD_W_0_1, i15 %p_ZL6FWD_MW_0_1, i12 %p_ZL5FWD_W_1_1, i15 %p_ZL6FWD_MW_1_1, i12 %p_ZL5FWD_W_2_1, i15 %p_ZL6FWD_MW_2_1, i12 %p_ZL5FWD_W_3_1, i15 %p_ZL6FWD_MW_3_1, i12 %p_ZL5FWD_W_0_2, i16 %p_ZL6FWD_MW_0_2, i12 %p_ZL5FWD_W_1_2, i16 %p_ZL6FWD_MW_1_2, i12 %p_ZL5FWD_W_2_2, i16 %p_ZL6FWD_MW_2_2, i12 %p_ZL5FWD_W_3_2, i16 %p_ZL6FWD_MW_3_2, i12 %p_ZL5FWD_W_0_3, i16 %p_ZL6FWD_MW_0_3, i12 %p_ZL5FWD_W_1_3, i16 %p_ZL6FWD_MW_1_3, i12 %p_ZL5FWD_W_2_3, i16 %p_ZL6FWD_MW_2_3, i12 %p_ZL5FWD_W_3_3, i16 %p_ZL6FWD_MW_3_3, i12 %p_ZL5FWD_W_0_4, i16 %p_ZL6FWD_MW_0_4, i12 %p_ZL5FWD_W_1_4, i16 %p_ZL6FWD_MW_1_4, i12 %p_ZL5FWD_W_2_4, i16 %p_ZL6FWD_MW_2_4, i12 %p_ZL5FWD_W_3_4, i16 %p_ZL6FWD_MW_3_4, i12 %p_ZL5FWD_W_0_5, i16 %p_ZL6FWD_MW_0_5, i12 %p_ZL5FWD_W_1_5, i16 %p_ZL6FWD_MW_1_5, i12 %p_ZL5FWD_W_2_5, i16 %p_ZL6FWD_MW_2_5, i12 %p_ZL5FWD_W_3_5, i16 %p_ZL6FWD_MW_3_5, i12 %p_ZL5FWD_W_0_6, i16 %p_ZL6FWD_MW_0_6, i12 %p_ZL5FWD_W_1_6, i16 %p_ZL6FWD_MW_1_6, i12 %p_ZL5FWD_W_2_6, i16 %p_ZL6FWD_MW_2_6, i12 %p_ZL5FWD_W_3_6, i16 %p_ZL6FWD_MW_3_6" [kyber-mult-kernel-dataflow.cpp:314]   --->   Operation 31 'call' 'call_ln314' <Predicate = true> <Delay = 0.00> <CoreType = "Generic">   --->   Core 0 '' <Latency = 0> <II = 1> <Delay = 1.00> <Generic> <Opcode : >

State 6 <SV = 5> <Delay = 0.00>
ST_6 : Operation 32 [2/2] (0.00ns)   --->   "%call_ln315 = call void @basemul_all, i192 %sA1, i192 %sB1, i192 %sC0, i32 %batch_size_c14, i32 %batch_size_c13, i12 %p_ZL4BM_W_0, i16 %p_ZL5BM_MW_0, i12 %p_ZL4BM_W_1, i16 %p_ZL5BM_MW_1, i12 %p_ZL4BM_W_2, i16 %p_ZL5BM_MW_2, i12 %p_ZL4BM_W_3, i16 %p_ZL5BM_MW_3" [kyber-mult-kernel-dataflow.cpp:315]   --->   Operation 32 'call' 'call_ln315' <Predicate = true> <Delay = 0.00> <CoreType = "Generic">   --->   Core 0 '' <Latency = 0> <II = 1> <Delay = 1.00> <Generic> <Opcode : >

State 7 <SV = 6> <Delay = 0.00>
ST_7 : Operation 33 [1/2] (0.00ns)   --->   "%call_ln315 = call void @basemul_all, i192 %sA1, i192 %sB1, i192 %sC0, i32 %batch_size_c14, i32 %batch_size_c13, i12 %p_ZL4BM_W_0, i16 %p_ZL5BM_MW_0, i12 %p_ZL4BM_W_1, i16 %p_ZL5BM_MW_1, i12 %p_ZL4BM_W_2, i16 %p_ZL5BM_MW_2, i12 %p_ZL4BM_W_3, i16 %p_ZL5BM_MW_3" [kyber-mult-kernel-dataflow.cpp:315]   --->   Operation 33 'call' 'call_ln315' <Predicate = true> <Delay = 0.00> <CoreType = "Generic">   --->   Core 0 '' <Latency = 0> <II = 1> <Delay = 1.00> <Generic> <Opcode : >

State 8 <SV = 7> <Delay = 0.00>
ST_8 : Operation 34 [2/2] (0.00ns)   --->   "%call_ln316 = call void @inv_all, i192 %sC0, i192 %sC1, i32 %batch_size_c13, i32 %batch_size_c, i12 %p_ZL5INV_W_0_0, i16 %p_ZL6INV_MW_0_0, i12 %p_ZL5INV_W_1_0, i16 %p_ZL6INV_MW_1_0, i12 %p_ZL5INV_W_2_0, i16 %p_ZL6INV_MW_2_0, i12 %p_ZL5INV_W_3_0, i16 %p_ZL6INV_MW_3_0, i12 %p_ZL5INV_W_0_1, i16 %p_ZL6INV_MW_0_1, i12 %p_ZL5INV_W_1_1, i16 %p_ZL6INV_MW_1_1, i12 %p_ZL5INV_W_2_1, i16 %p_ZL6INV_MW_2_1, i12 %p_ZL5INV_W_3_1, i16 %p_ZL6INV_MW_3_1, i12 %p_ZL5INV_W_0_2, i16 %p_ZL6INV_MW_0_2, i12 %p_ZL5INV_W_1_2, i16 %p_ZL6INV_MW_1_2, i12 %p_ZL5INV_W_2_2, i16 %p_ZL6INV_MW_2_2, i12 %p_ZL5INV_W_3_2, i16 %p_ZL6INV_MW_3_2, i12 %p_ZL5INV_W_0_3, i16 %p_ZL6INV_MW_0_3, i12 %p_ZL5INV_W_1_3, i16 %p_ZL6INV_MW_1_3, i12 %p_ZL5INV_W_2_3, i16 %p_ZL6INV_MW_2_3, i12 %p_ZL5INV_W_3_3, i16 %p_ZL6INV_MW_3_3, i12 %p_ZL5INV_W_0_4, i16 %p_ZL6INV_MW_0_4, i12 %p_ZL5INV_W_1_4, i16 %p_ZL6INV_MW_1_4, i12 %p_ZL5INV_W_2_4, i16 %p_ZL6INV_MW_2_4, i12 %p_ZL5INV_W_3_4, i16 %p_ZL6INV_MW_3_4, i12 %p_ZL5INV_W_0_5, i15 %p_ZL6INV_MW_0_5, i12 %p_ZL5INV_W_1_5, i15 %p_ZL6INV_MW_1_5, i12 %p_ZL5INV_W_2_5, i15 %p_ZL6INV_MW_2_5, i12 %p_ZL5INV_W_3_5, i15 %p_ZL6INV_MW_3_5, i10 %p_ZL5INV_W_0_6, i16 %p_ZL6INV_MW_0_6, i10 %p_ZL5INV_W_1_6, i16 %p_ZL6INV_MW_1_6, i10 %p_ZL5INV_W_2_6, i16 %p_ZL6INV_MW_2_6, i10 %p_ZL5INV_W_3_6, i16 %p_ZL6INV_MW_3_6" [kyber-mult-kernel-dataflow.cpp:316]   --->   Operation 34 'call' 'call_ln316' <Predicate = true> <Delay = 0.00> <CoreType = "Generic">   --->   Core 0 '' <Latency = 0> <II = 1> <Delay = 1.00> <Generic> <Opcode : >

State 9 <SV = 8> <Delay = 0.00>
ST_9 : Operation 35 [1/2] (0.00ns)   --->   "%call_ln316 = call void @inv_all, i192 %sC0, i192 %sC1, i32 %batch_size_c13, i32 %batch_size_c, i12 %p_ZL5INV_W_0_0, i16 %p_ZL6INV_MW_0_0, i12 %p_ZL5INV_W_1_0, i16 %p_ZL6INV_MW_1_0, i12 %p_ZL5INV_W_2_0, i16 %p_ZL6INV_MW_2_0, i12 %p_ZL5INV_W_3_0, i16 %p_ZL6INV_MW_3_0, i12 %p_ZL5INV_W_0_1, i16 %p_ZL6INV_MW_0_1, i12 %p_ZL5INV_W_1_1, i16 %p_ZL6INV_MW_1_1, i12 %p_ZL5INV_W_2_1, i16 %p_ZL6INV_MW_2_1, i12 %p_ZL5INV_W_3_1, i16 %p_ZL6INV_MW_3_1, i12 %p_ZL5INV_W_0_2, i16 %p_ZL6INV_MW_0_2, i12 %p_ZL5INV_W_1_2, i16 %p_ZL6INV_MW_1_2, i12 %p_ZL5INV_W_2_2, i16 %p_ZL6INV_MW_2_2, i12 %p_ZL5INV_W_3_2, i16 %p_ZL6INV_MW_3_2, i12 %p_ZL5INV_W_0_3, i16 %p_ZL6INV_MW_0_3, i12 %p_ZL5INV_W_1_3, i16 %p_ZL6INV_MW_1_3, i12 %p_ZL5INV_W_2_3, i16 %p_ZL6INV_MW_2_3, i12 %p_ZL5INV_W_3_3, i16 %p_ZL6INV_MW_3_3, i12 %p_ZL5INV_W_0_4, i16 %p_ZL6INV_MW_0_4, i12 %p_ZL5INV_W_1_4, i16 %p_ZL6INV_MW_1_4, i12 %p_ZL5INV_W_2_4, i16 %p_ZL6INV_MW_2_4, i12 %p_ZL5INV_W_3_4, i16 %p_ZL6INV_MW_3_4, i12 %p_ZL5INV_W_0_5, i15 %p_ZL6INV_MW_0_5, i12 %p_ZL5INV_W_1_5, i15 %p_ZL6INV_MW_1_5, i12 %p_ZL5INV_W_2_5, i15 %p_ZL6INV_MW_2_5, i12 %p_ZL5INV_W_3_5, i15 %p_ZL6INV_MW_3_5, i10 %p_ZL5INV_W_0_6, i16 %p_ZL6INV_MW_0_6, i10 %p_ZL5INV_W_1_6, i16 %p_ZL6INV_MW_1_6, i10 %p_ZL5INV_W_2_6, i16 %p_ZL6INV_MW_2_6, i10 %p_ZL5INV_W_3_6, i16 %p_ZL6INV_MW_3_6" [kyber-mult-kernel-dataflow.cpp:316]   --->   Operation 35 'call' 'call_ln316' <Predicate = true> <Delay = 0.00> <CoreType = "Generic">   --->   Core 0 '' <Latency = 0> <II = 1> <Delay = 1.00> <Generic> <Opcode : >

State 10 <SV = 9> <Delay = 0.00>
ST_10 : Operation 36 [2/2] (0.00ns)   --->   "%call_ln317 = call void @store_all, i192 %sC1, i32 %gmem2, i64 %c_c, i32 %batch_size_c" [kyber-mult-kernel-dataflow.cpp:317]   --->   Operation 36 'call' 'call_ln317' <Predicate = true> <Delay = 0.00> <CoreType = "Generic">   --->   Core 0 '' <Latency = 0> <II = 1> <Delay = 1.00> <Generic> <Opcode : >

State 11 <SV = 10> <Delay = 0.00>
ST_11 : Operation 37 [1/1] (0.00ns)   --->   "%empty = specchannel i32 @_ssdm_op_SpecChannel, void @batch_size_c15_str, i32 1, void @p_str, void @p_str, i32 2, i32 0, i32 %batch_size_c15, i32 %batch_size_c15" [kyber-mult-kernel-dataflow.cpp:299]   --->   Operation 37 'specchannel' 'empty' <Predicate = true> <Delay = 0.00>
ST_11 : Operation 38 [1/1] (0.00ns)   --->   "%specinterface_ln299 = specinterface void @_ssdm_op_SpecInterface, i32 %batch_size_c15, void @ap_fifo_str, i32 0, i32 0, void @p_str, i32 0, i32 0, void @p_str, void @p_str, void @p_str, i32 2, i32 2, i32 16, i32 16, void @p_str, void @p_str, i32 4294967295, i32 0" [kyber-mult-kernel-dataflow.cpp:299]   --->   Operation 38 'specinterface' 'specinterface_ln299' <Predicate = true> <Delay = 0.00>
ST_11 : Operation 39 [1/1] (0.00ns)   --->   "%empty_283 = specchannel i32 @_ssdm_op_SpecChannel, void @batch_size_c14_str, i32 1, void @p_str, void @p_str, i32 2, i32 0, i32 %batch_size_c14, i32 %batch_size_c14" [kyber-mult-kernel-dataflow.cpp:299]   --->   Operation 39 'specchannel' 'empty_283' <Predicate = true> <Delay = 0.00>
ST_11 : Operation 40 [1/1] (0.00ns)   --->   "%specinterface_ln299 = specinterface void @_ssdm_op_SpecInterface, i32 %batch_size_c14, void @ap_fifo_str, i32 0, i32 0, void @p_str, i32 0, i32 0, void @p_str, void @p_str, void @p_str, i32 2, i32 2, i32 16, i32 16, void @p_str, void @p_str, i32 4294967295, i32 0" [kyber-mult-kernel-dataflow.cpp:299]   --->   Operation 40 'specinterface' 'specinterface_ln299' <Predicate = true> <Delay = 0.00>
ST_11 : Operation 41 [1/1] (0.00ns)   --->   "%empty_284 = specchannel i32 @_ssdm_op_SpecChannel, void @batch_size_c13_str, i32 1, void @p_str, void @p_str, i32 2, i32 0, i32 %batch_size_c13, i32 %batch_size_c13" [kyber-mult-kernel-dataflow.cpp:299]   --->   Operation 41 'specchannel' 'empty_284' <Predicate = true> <Delay = 0.00>
ST_11 : Operation 42 [1/1] (0.00ns)   --->   "%specinterface_ln299 = specinterface void @_ssdm_op_SpecInterface, i32 %batch_size_c13, void @ap_fifo_str, i32 0, i32 0, void @p_str, i32 0, i32 0, void @p_str, void @p_str, void @p_str, i32 2, i32 2, i32 16, i32 16, void @p_str, void @p_str, i32 4294967295, i32 0" [kyber-mult-kernel-dataflow.cpp:299]   --->   Operation 42 'specinterface' 'specinterface_ln299' <Predicate = true> <Delay = 0.00>
ST_11 : Operation 43 [1/1] (0.00ns)   --->   "%empty_285 = specchannel i32 @_ssdm_op_SpecChannel, void @batch_size_c_str, i32 1, void @p_str, void @p_str, i32 2, i32 0, i32 %batch_size_c, i32 %batch_size_c" [kyber-mult-kernel-dataflow.cpp:299]   --->   Operation 43 'specchannel' 'empty_285' <Predicate = true> <Delay = 0.00>
ST_11 : Operation 44 [1/1] (0.00ns)   --->   "%specinterface_ln299 = specinterface void @_ssdm_op_SpecInterface, i32 %batch_size_c, void @ap_fifo_str, i32 0, i32 0, void @p_str, i32 0, i32 0, void @p_str, void @p_str, void @p_str, i32 2, i32 2, i32 16, i32 16, void @p_str, void @p_str, i32 4294967295, i32 0" [kyber-mult-kernel-dataflow.cpp:299]   --->   Operation 44 'specinterface' 'specinterface_ln299' <Predicate = true> <Delay = 0.00>
ST_11 : Operation 45 [1/1] (0.00ns)   --->   "%empty_286 = specchannel i32 @_ssdm_op_SpecChannel, void @c_c_str, i32 1, void @p_str, void @p_str, i32 6, i32 0, i64 %c_c, i64 %c_c" [kyber-mult-kernel-dataflow.cpp:299]   --->   Operation 45 'specchannel' 'empty_286' <Predicate = true> <Delay = 0.00>
ST_11 : Operation 46 [1/1] (0.00ns)   --->   "%specinterface_ln299 = specinterface void @_ssdm_op_SpecInterface, i64 %c_c, void @ap_fifo_str, i32 0, i32 0, void @p_str, i32 0, i32 0, void @p_str, void @p_str, void @p_str, i32 2, i32 2, i32 16, i32 16, void @p_str, void @p_str, i32 4294967295, i32 0" [kyber-mult-kernel-dataflow.cpp:299]   --->   Operation 46 'specinterface' 'specinterface_ln299' <Predicate = true> <Delay = 0.00>
ST_11 : Operation 47 [1/1] (0.00ns)   --->   "%specdataflowpipeline_ln299 = specdataflowpipeline void @_ssdm_op_SpecDataflowPipeline, i32 4294967295, i32 0, void @empty_246" [kyber-mult-kernel-dataflow.cpp:299]   --->   Operation 47 'specdataflowpipeline' 'specdataflowpipeline_ln299' <Predicate = true> <Delay = 0.00>
ST_11 : Operation 48 [1/1] (0.00ns)   --->   "%spectopmodule_ln289 = spectopmodule void @_ssdm_op_SpecTopModule, void @empty_170" [kyber-mult-kernel-dataflow.cpp:289]   --->   Operation 48 'spectopmodule' 'spectopmodule_ln289' <Predicate = true> <Delay = 0.00>
ST_11 : Operation 49 [1/1] (0.00ns)   --->   "%specinterface_ln0 = specinterface void @_ssdm_op_SpecInterface, i32 %gmem0, void @empty_236, i32 0, i32 0, void @empty_246, i32 0, i32 8192, void @empty_171, void @empty_47, void @empty_246, i32 16, i32 16, i32 16, i32 16, void @empty_246, void @empty_246, i32 4294967295, i32 0"   --->   Operation 49 'specinterface' 'specinterface_ln0' <Predicate = true> <Delay = 0.00>
ST_11 : Operation 50 [1/1] (0.00ns)   --->   "%specbitsmap_ln0 = specbitsmap void @_ssdm_op_SpecBitsMap, i32 %gmem0"   --->   Operation 50 'specbitsmap' 'specbitsmap_ln0' <Predicate = true> <Delay = 0.00>
ST_11 : Operation 51 [1/1] (0.00ns)   --->   "%specinterface_ln0 = specinterface void @_ssdm_op_SpecInterface, i32 %gmem1, void @empty_236, i32 0, i32 0, void @empty_246, i32 0, i32 8192, void @empty_168, void @empty_47, void @empty_246, i32 16, i32 16, i32 16, i32 16, void @empty_246, void @empty_246, i32 4294967295, i32 0"   --->   Operation 51 'specinterface' 'specinterface_ln0' <Predicate = true> <Delay = 0.00>
ST_11 : Operation 52 [1/1] (0.00ns)   --->   "%specbitsmap_ln0 = specbitsmap void @_ssdm_op_SpecBitsMap, i32 %gmem1"   --->   Operation 52 'specbitsmap' 'specbitsmap_ln0' <Predicate = true> <Delay = 0.00>
ST_11 : Operation 53 [1/1] (0.00ns)   --->   "%specinterface_ln0 = specinterface void @_ssdm_op_SpecInterface, i32 %gmem2, void @empty_236, i32 0, i32 0, void @empty_246, i32 0, i32 8192, void @empty_49, void @empty_47, void @empty_246, i32 16, i32 16, i32 16, i32 16, void @empty_246, void @empty_246, i32 4294967295, i32 0"   --->   Operation 53 'specinterface' 'specinterface_ln0' <Predicate = true> <Delay = 0.00>
ST_11 : Operation 54 [1/1] (0.00ns)   --->   "%specbitsmap_ln0 = specbitsmap void @_ssdm_op_SpecBitsMap, i32 %gmem2"   --->   Operation 54 'specbitsmap' 'specbitsmap_ln0' <Predicate = true> <Delay = 0.00>
ST_11 : Operation 55 [1/1] (0.00ns)   --->   "%specinterface_ln0 = specinterface void @_ssdm_op_SpecInterface, i64 %a, void @empty_40, i32 0, i32 0, void @empty_246, i32 0, i32 0, void @empty_227, void @empty_52, void @empty_246, i32 0, i32 0, i32 0, i32 0, void @empty_246, void @empty_53, i32 4294967295, i32 0"   --->   Operation 55 'specinterface' 'specinterface_ln0' <Predicate = true> <Delay = 0.00>
ST_11 : Operation 56 [1/1] (0.00ns)   --->   "%specinterface_ln0 = specinterface void @_ssdm_op_SpecInterface, i64 %a, void @empty_188, i32 0, i32 0, void @empty_246, i32 0, i32 0, void @empty_246, void @empty_246, void @empty_246, i32 0, i32 0, i32 0, i32 0, void @empty_246, void @empty_53, i32 4294967295, i32 0"   --->   Operation 56 'specinterface' 'specinterface_ln0' <Predicate = true> <Delay = 0.00>
ST_11 : Operation 57 [1/1] (0.00ns)   --->   "%specinterface_ln0 = specinterface void @_ssdm_op_SpecInterface, i64 %b, void @empty_40, i32 0, i32 0, void @empty_246, i32 0, i32 0, void @empty_227, void @empty_146, void @empty_246, i32 0, i32 0, i32 0, i32 0, void @empty_246, void @empty_53, i32 4294967295, i32 0"   --->   Operation 57 'specinterface' 'specinterface_ln0' <Predicate = true> <Delay = 0.00>
ST_11 : Operation 58 [1/1] (0.00ns)   --->   "%specinterface_ln0 = specinterface void @_ssdm_op_SpecInterface, i64 %b, void @empty_188, i32 0, i32 0, void @empty_246, i32 0, i32 0, void @empty_246, void @empty_246, void @empty_246, i32 0, i32 0, i32 0, i32 0, void @empty_246, void @empty_53, i32 4294967295, i32 0"   --->   Operation 58 'specinterface' 'specinterface_ln0' <Predicate = true> <Delay = 0.00>
ST_11 : Operation 59 [1/1] (0.00ns)   --->   "%specinterface_ln0 = specinterface void @_ssdm_op_SpecInterface, i64 %c, void @empty_40, i32 0, i32 0, void @empty_246, i32 0, i32 0, void @empty_227, void @empty_186, void @empty_246, i32 0, i32 0, i32 0, i32 0, void @empty_246, void @empty_53, i32 4294967295, i32 0"   --->   Operation 59 'specinterface' 'specinterface_ln0' <Predicate = true> <Delay = 0.00>
ST_11 : Operation 60 [1/1] (0.00ns)   --->   "%specinterface_ln0 = specinterface void @_ssdm_op_SpecInterface, i64 %c, void @empty_188, i32 0, i32 0, void @empty_246, i32 0, i32 0, void @empty_246, void @empty_246, void @empty_246, i32 0, i32 0, i32 0, i32 0, void @empty_246, void @empty_53, i32 4294967295, i32 0"   --->   Operation 60 'specinterface' 'specinterface_ln0' <Predicate = true> <Delay = 0.00>
ST_11 : Operation 61 [1/1] (0.00ns)   --->   "%specbitsmap_ln0 = specbitsmap void @_ssdm_op_SpecBitsMap, i32 %batch_size"   --->   Operation 61 'specbitsmap' 'specbitsmap_ln0' <Predicate = true> <Delay = 0.00>
ST_11 : Operation 62 [1/1] (0.00ns)   --->   "%specinterface_ln0 = specinterface void @_ssdm_op_SpecInterface, i32 %batch_size, void @empty_40, i32 0, i32 0, void @empty_246, i32 0, i32 0, void @empty_227, void @empty_195, void @empty_246, i32 0, i32 0, i32 0, i32 0, void @empty_246, void @empty_246, i32 4294967295, i32 0"   --->   Operation 62 'specinterface' 'specinterface_ln0' <Predicate = true> <Delay = 0.00>
ST_11 : Operation 63 [1/1] (0.00ns)   --->   "%specinterface_ln0 = specinterface void @_ssdm_op_SpecInterface, i32 %batch_size, void @empty_188, i32 0, i32 0, void @empty_246, i32 0, i32 0, void @empty_246, void @empty_246, void @empty_246, i32 0, i32 0, i32 0, i32 0, void @empty_246, void @empty_246, i32 4294967295, i32 0"   --->   Operation 63 'specinterface' 'specinterface_ln0' <Predicate = true> <Delay = 0.00>
ST_11 : Operation 64 [1/1] (0.00ns)   --->   "%specinterface_ln0 = specinterface void @_ssdm_op_SpecInterface, i32 0, void @empty_40, i32 0, i32 0, void @empty_246, i32 0, i32 0, void @empty_227, void @empty_246, void @empty_246, i32 0, i32 0, i32 0, i32 0, void @empty_246, void @empty_246, i32 4294967295, i32 0"   --->   Operation 64 'specinterface' 'specinterface_ln0' <Predicate = true> <Delay = 0.00>
ST_11 : Operation 65 [1/1] (0.00ns)   --->   "%empty_287 = specchannel i32 @_ssdm_op_SpecChannel, void @sA0_str, i32 1, void @p_str, void @p_str, i32 32, i32 32, i192 %sA0, i192 %sA0"   --->   Operation 65 'specchannel' 'empty_287' <Predicate = true> <Delay = 0.00>
ST_11 : Operation 66 [1/1] (0.00ns)   --->   "%specinterface_ln0 = specinterface void @_ssdm_op_SpecInterface, i192 %sA0, void @empty_163, i32 0, i32 0, void @empty_246, i32 0, i32 0, void @empty_246, void @empty_246, void @empty_246, i32 0, i32 0, i32 0, i32 0, void @empty_246, void @empty_246, i32 4294967295, i32 0"   --->   Operation 66 'specinterface' 'specinterface_ln0' <Predicate = true> <Delay = 0.00>
ST_11 : Operation 67 [1/1] (0.00ns)   --->   "%empty_288 = specchannel i32 @_ssdm_op_SpecChannel, void @sB0_str, i32 1, void @p_str, void @p_str, i32 32, i32 32, i192 %sB0, i192 %sB0"   --->   Operation 67 'specchannel' 'empty_288' <Predicate = true> <Delay = 0.00>
ST_11 : Operation 68 [1/1] (0.00ns)   --->   "%specinterface_ln0 = specinterface void @_ssdm_op_SpecInterface, i192 %sB0, void @empty_163, i32 0, i32 0, void @empty_246, i32 0, i32 0, void @empty_246, void @empty_246, void @empty_246, i32 0, i32 0, i32 0, i32 0, void @empty_246, void @empty_246, i32 4294967295, i32 0"   --->   Operation 68 'specinterface' 'specinterface_ln0' <Predicate = true> <Delay = 0.00>
ST_11 : Operation 69 [1/1] (0.00ns)   --->   "%empty_289 = specchannel i32 @_ssdm_op_SpecChannel, void @sA1_str, i32 1, void @p_str, void @p_str, i32 32, i32 32, i192 %sA1, i192 %sA1"   --->   Operation 69 'specchannel' 'empty_289' <Predicate = true> <Delay = 0.00>
ST_11 : Operation 70 [1/1] (0.00ns)   --->   "%specinterface_ln0 = specinterface void @_ssdm_op_SpecInterface, i192 %sA1, void @empty_163, i32 0, i32 0, void @empty_246, i32 0, i32 0, void @empty_246, void @empty_246, void @empty_246, i32 0, i32 0, i32 0, i32 0, void @empty_246, void @empty_246, i32 4294967295, i32 0"   --->   Operation 70 'specinterface' 'specinterface_ln0' <Predicate = true> <Delay = 0.00>
ST_11 : Operation 71 [1/1] (0.00ns)   --->   "%empty_290 = specchannel i32 @_ssdm_op_SpecChannel, void @sB1_str, i32 1, void @p_str, void @p_str, i32 32, i32 32, i192 %sB1, i192 %sB1"   --->   Operation 71 'specchannel' 'empty_290' <Predicate = true> <Delay = 0.00>
ST_11 : Operation 72 [1/1] (0.00ns)   --->   "%specinterface_ln0 = specinterface void @_ssdm_op_SpecInterface, i192 %sB1, void @empty_163, i32 0, i32 0, void @empty_246, i32 0, i32 0, void @empty_246, void @empty_246, void @empty_246, i32 0, i32 0, i32 0, i32 0, void @empty_246, void @empty_246, i32 4294967295, i32 0"   --->   Operation 72 'specinterface' 'specinterface_ln0' <Predicate = true> <Delay = 0.00>
ST_11 : Operation 73 [1/1] (0.00ns)   --->   "%empty_291 = specchannel i32 @_ssdm_op_SpecChannel, void @sC0_str, i32 1, void @p_str, void @p_str, i32 32, i32 32, i192 %sC0, i192 %sC0"   --->   Operation 73 'specchannel' 'empty_291' <Predicate = true> <Delay = 0.00>
ST_11 : Operation 74 [1/1] (0.00ns)   --->   "%specinterface_ln0 = specinterface void @_ssdm_op_SpecInterface, i192 %sC0, void @empty_163, i32 0, i32 0, void @empty_246, i32 0, i32 0, void @empty_246, void @empty_246, void @empty_246, i32 0, i32 0, i32 0, i32 0, void @empty_246, void @empty_246, i32 4294967295, i32 0"   --->   Operation 74 'specinterface' 'specinterface_ln0' <Predicate = true> <Delay = 0.00>
ST_11 : Operation 75 [1/1] (0.00ns)   --->   "%empty_292 = specchannel i32 @_ssdm_op_SpecChannel, void @sC1_str, i32 1, void @p_str, void @p_str, i32 32, i32 32, i192 %sC1, i192 %sC1"   --->   Operation 75 'specchannel' 'empty_292' <Predicate = true> <Delay = 0.00>
ST_11 : Operation 76 [1/1] (0.00ns)   --->   "%specinterface_ln0 = specinterface void @_ssdm_op_SpecInterface, i192 %sC1, void @empty_163, i32 0, i32 0, void @empty_246, i32 0, i32 0, void @empty_246, void @empty_246, void @empty_246, i32 0, i32 0, i32 0, i32 0, void @empty_246, void @empty_246, i32 4294967295, i32 0"   --->   Operation 76 'specinterface' 'specinterface_ln0' <Predicate = true> <Delay = 0.00>
ST_11 : Operation 77 [1/2] (0.00ns)   --->   "%call_ln317 = call void @store_all, i192 %sC1, i32 %gmem2, i64 %c_c, i32 %batch_size_c" [kyber-mult-kernel-dataflow.cpp:317]   --->   Operation 77 'call' 'call_ln317' <Predicate = true> <Delay = 0.00> <CoreType = "Generic">   --->   Core 0 '' <Latency = 0> <II = 1> <Delay = 1.00> <Generic> <Opcode : >
ST_11 : Operation 78 [1/1] (0.00ns)   --->   "%ret_ln318 = ret" [kyber-mult-kernel-dataflow.cpp:318]   --->   Operation 78 'ret' 'ret_ln318' <Predicate = true> <Delay = 0.00>


============================================================
+ Verbose Summary: Timing violations
============================================================
Target clock period: 10.000ns, clock uncertainty: 2.700ns.

 <State 1>: 2.885ns
The critical path consists of the following:
	s_axi read operation ('c_read', kyber-mult-kernel-dataflow.cpp:299) on port 'c' (kyber-mult-kernel-dataflow.cpp:299) [129]  (1.000 ns)
	'call' operation 0 bit ('call_ln299', kyber-mult-kernel-dataflow.cpp:299) to 'entry_proc' [183]  (1.885 ns)

 <State 2>: 7.300ns
The critical path consists of the following:
	'call' operation 0 bit ('call_ln313', kyber-mult-kernel-dataflow.cpp:313) to 'load_all' [184]  (7.300 ns)

 <State 3>: 0.000ns
The critical path consists of the following:

 <State 4>: 0.000ns
The critical path consists of the following:

 <State 5>: 0.000ns
The critical path consists of the following:

 <State 6>: 0.000ns
The critical path consists of the following:

 <State 7>: 0.000ns
The critical path consists of the following:

 <State 8>: 0.000ns
The critical path consists of the following:

 <State 9>: 0.000ns
The critical path consists of the following:

 <State 10>: 0.000ns
The critical path consists of the following:

 <State 11>: 0.000ns
The critical path consists of the following:


============================================================
+ Verbose Summary: Binding
============================================================
N/A
* FSMD analyzer results:
  - Output states:
 - Input state : 
  - Chain level:
	State 1
	State 2
	State 3
	State 4
	State 5
	State 6
	State 7
	State 8
	State 9
	State 10
	State 11


============================================================
+ Verbose Summary: Datapath Resource usage 
============================================================
N/A
