

================================================================
== Vitis HLS Report for 'load_all_Pipeline_LD_BLK_LD'
================================================================
* Date:           Thu Jun 11 23:16:34 2026

* Version:        2023.2 (Build 4023990 on Oct 11 2023)
* Project:        ntt_kyber
* Solution:       solution1 (Vivado IP Flow Target)
* Product family: zynquplus
* Target device:  xck26-sfvc784-2LV-c


================================================================
== Performance Estimates
================================================================
+ Timing: 
    * Summary: 
    +--------+----------+----------+------------+
    |  Clock |  Target  | Estimated| Uncertainty|
    +--------+----------+----------+------------+
    |ap_clk  |  10.00 ns|  7.300 ns|     2.70 ns|
    +--------+----------+----------+------------+

+ Latency: 
    * Summary: 
    +---------+---------+----------+-----------+-----+------+---------+
    |  Latency (cycles) |  Latency (absolute)  |  Interval  | Pipeline|
    |   min   |   max   |    min   |    max    | min |  max |   Type  |
    +---------+---------+----------+-----------+-----+------+---------+
    |      259|     4099|  2.590 us|  40.990 us|  259|  4099|       no|
    +---------+---------+----------+-----------+-----+------+---------+

    + Detail: 
        * Instance: 
        N/A

        * Loop: 
        +-------------+---------+---------+----------+-----------+-----------+----------+----------+
        |             |  Latency (cycles) | Iteration|  Initiation Interval  |   Trip   |          |
        |  Loop Name  |   min   |   max   |  Latency |  achieved |   target  |   Count  | Pipelined|
        +-------------+---------+---------+----------+-----------+-----------+----------+----------+
        |- LD_BLK_LD  |      257|     4097|        18|         16|          1|  16 ~ 256|       yes|
        +-------------+---------+---------+----------+-----------+-----------+----------+----------+

============================================================
+ Verbose Summary: Synthesis Manager
============================================================
InlineROM: 1
ExposeGlobal: 0
============================================================
+ Verbose Summary: CDFG Model
============================================================
IsTopModel: 0
ResetActiveHigh: 1
IsCombinational: 0
IsDatapathOnly: 0
HasWiredReturn: 1
HasMFsm: 2
HasVarLatency: 1
IsPipeline: 0
IsRtlPipelined: 0
IsInstanceOverlapped: 0
IsDontTouch: 0
HasImplIP: 0
IsGatedGlobalClock: 0

+ Individual pipeline summary: 
  * Pipeline-0: initiation interval (II) = 16, depth = 19


============================================================
+ Verbose Summary: Schedule
============================================================
* Number of FSM states : 19
* Pipeline : 1
  Pipeline-0 : II = 16, D = 19, States = { 1 2 3 4 5 6 7 8 9 10 11 12 13 14 15 16 17 18 19 }
* Dataflow Pipeline: 0

* FSM state transitions: 
1 --> 2 
2 --> 3 
3 --> 4 
4 --> 5 
5 --> 6 
6 --> 7 
7 --> 8 
8 --> 9 
9 --> 10 
10 --> 11 
11 --> 12 
12 --> 13 
13 --> 14 
14 --> 15 
15 --> 16 
16 --> 17 
17 --> 18 
18 --> 19 
19 --> 

* FSM state operations: 

State 1 <SV = 0> <Delay = 0.42>
ST_1 : Operation 21 [1/1] (0.00ns)   --->   "%indvar_flatten = alloca i32 1"   --->   Operation 21 'alloca' 'indvar_flatten' <Predicate = true> <Delay = 0.00>
ST_1 : Operation 22 [1/1] (0.00ns)   --->   "%sext_ln161_1_read = read i62 @_ssdm_op_Read.ap_auto.i62, i62 %sext_ln161_1"   --->   Operation 22 'read' 'sext_ln161_1_read' <Predicate = true> <Delay = 0.00>
ST_1 : Operation 23 [1/1] (0.00ns)   --->   "%sext_ln161_read = read i62 @_ssdm_op_Read.ap_auto.i62, i62 %sext_ln161"   --->   Operation 23 'read' 'sext_ln161_read' <Predicate = true> <Delay = 0.00>
ST_1 : Operation 24 [1/1] (0.00ns)   --->   "%bound_read = read i36 @_ssdm_op_Read.ap_auto.i36, i36 %bound"   --->   Operation 24 'read' 'bound_read' <Predicate = true> <Delay = 0.00>
ST_1 : Operation 25 [1/1] (0.00ns)   --->   "%sext_ln161_1_cast = sext i62 %sext_ln161_1_read"   --->   Operation 25 'sext' 'sext_ln161_1_cast' <Predicate = true> <Delay = 0.00>
ST_1 : Operation 26 [1/1] (0.00ns)   --->   "%sext_ln161_cast = sext i62 %sext_ln161_read"   --->   Operation 26 'sext' 'sext_ln161_cast' <Predicate = true> <Delay = 0.00>
ST_1 : Operation 27 [1/1] (0.00ns)   --->   "%specinterface_ln0 = specinterface void @_ssdm_op_SpecInterface, i32 %gmem0, void @empty_236, i32 0, i32 0, void @empty_246, i32 0, i32 8192, void @empty_171, void @empty_47, void @empty_246, i32 16, i32 16, i32 16, i32 16, void @empty_246, void @empty_246, i32 4294967295, i32 0"   --->   Operation 27 'specinterface' 'specinterface_ln0' <Predicate = true> <Delay = 0.00>
ST_1 : Operation 28 [1/1] (0.00ns)   --->   "%specinterface_ln0 = specinterface void @_ssdm_op_SpecInterface, i32 %gmem1, void @empty_236, i32 0, i32 0, void @empty_246, i32 0, i32 8192, void @empty_168, void @empty_47, void @empty_246, i32 16, i32 16, i32 16, i32 16, void @empty_246, void @empty_246, i32 4294967295, i32 0"   --->   Operation 28 'specinterface' 'specinterface_ln0' <Predicate = true> <Delay = 0.00>
ST_1 : Operation 29 [1/1] (0.00ns)   --->   "%specinterface_ln0 = specinterface void @_ssdm_op_SpecInterface, i192 %sA0, void @empty_163, i32 0, i32 0, void @empty_246, i32 0, i32 0, void @empty_246, void @empty_246, void @empty_246, i32 0, i32 0, i32 0, i32 0, void @empty_246, void @empty_246, i32 4294967295, i32 0"   --->   Operation 29 'specinterface' 'specinterface_ln0' <Predicate = true> <Delay = 0.00>
ST_1 : Operation 30 [1/1] (0.00ns)   --->   "%specinterface_ln0 = specinterface void @_ssdm_op_SpecInterface, i192 %sB0, void @empty_163, i32 0, i32 0, void @empty_246, i32 0, i32 0, void @empty_246, void @empty_246, void @empty_246, i32 0, i32 0, i32 0, i32 0, void @empty_246, void @empty_246, i32 4294967295, i32 0"   --->   Operation 30 'specinterface' 'specinterface_ln0' <Predicate = true> <Delay = 0.00>
ST_1 : Operation 31 [1/1] (0.42ns)   --->   "%store_ln0 = store i36 0, i36 %indvar_flatten"   --->   Operation 31 'store' 'store_ln0' <Predicate = true> <Delay = 0.42>
ST_1 : Operation 32 [1/1] (0.00ns)   --->   "%br_ln0 = br void %VITIS_LOOP_167_1"   --->   Operation 32 'br' 'br_ln0' <Predicate = true> <Delay = 0.00>

State 2 <SV = 1> <Delay = 1.45>
ST_2 : Operation 33 [1/1] (0.00ns)   --->   "%indvar_flatten_load = load i36 %indvar_flatten" [kyber-mult-kernel-dataflow.cpp:161]   --->   Operation 33 'load' 'indvar_flatten_load' <Predicate = true> <Delay = 0.00>
ST_2 : Operation 34 [1/1] (1.02ns)   --->   "%icmp_ln161 = icmp_eq  i36 %indvar_flatten_load, i36 %bound_read" [kyber-mult-kernel-dataflow.cpp:161]   --->   Operation 34 'icmp' 'icmp_ln161' <Predicate = true> <Delay = 1.02> <CoreInst = "Cmp">   --->   Core 9 'Cmp' <Latency = 0> <II = 1> <Delay = 1.02> <FuncUnit> <Opcode : 'icmp'> <InPorts = 2> <OutPorts = 1>
ST_2 : Operation 35 [1/1] (1.02ns)   --->   "%add_ln161 = add i36 %indvar_flatten_load, i36 1" [kyber-mult-kernel-dataflow.cpp:161]   --->   Operation 35 'add' 'add_ln161' <Predicate = true> <Delay = 1.02> <CoreInst = "Adder">   --->   Core 1 'Adder' <Latency = 0> <II = 1> <Delay = 1.02> <FuncUnit> <Opcode : 'add' 'sub'> <InPorts = 2> <OutPorts = 1>
ST_2 : Operation 36 [1/1] (0.00ns)   --->   "%br_ln161 = br i1 %icmp_ln161, void %for.inc25, void %for.end27.loopexit.exitStub" [kyber-mult-kernel-dataflow.cpp:161]   --->   Operation 36 'br' 'br_ln161' <Predicate = true> <Delay = 0.00>
ST_2 : Operation 37 [1/1] (0.00ns)   --->   "%gmem0_addr = getelementptr i32 %gmem0, i64 %sext_ln161_cast" [kyber-mult-kernel-dataflow.cpp:161]   --->   Operation 37 'getelementptr' 'gmem0_addr' <Predicate = (!icmp_ln161)> <Delay = 0.00>
ST_2 : Operation 38 [1/1] (0.00ns)   --->   "%gmem1_addr = getelementptr i32 %gmem1, i64 %sext_ln161_1_cast" [kyber-mult-kernel-dataflow.cpp:161]   --->   Operation 38 'getelementptr' 'gmem1_addr' <Predicate = (!icmp_ln161)> <Delay = 0.00>
ST_2 : Operation 39 [1/1] (0.42ns)   --->   "%store_ln161 = store i36 %add_ln161, i36 %indvar_flatten" [kyber-mult-kernel-dataflow.cpp:161]   --->   Operation 39 'store' 'store_ln161' <Predicate = (!icmp_ln161)> <Delay = 0.42>

State 3 <SV = 2> <Delay = 7.30>
ST_3 : Operation 40 [1/1] (7.30ns)   --->   "%gmem0_addr_read = read i32 @_ssdm_op_Read.m_axi.p1i32, i32 %gmem0_addr" [kyber-mult-kernel-dataflow.cpp:169]   --->   Operation 40 'read' 'gmem0_addr_read' <Predicate = (!icmp_ln161)> <Delay = 7.30> <CoreInst = "m_axi">   --->   Core 121 'm_axi' <Latency = 0> <II = 1> <Delay = 1.00> <Adapter> <Opcode : 'read' 'write' 'readreq' 'writereq' 'writeresp'>
ST_3 : Operation 41 [1/1] (0.00ns)   --->   "%ba = trunc i32 %gmem0_addr_read" [kyber-mult-kernel-dataflow.cpp:169]   --->   Operation 41 'trunc' 'ba' <Predicate = (!icmp_ln161)> <Delay = 0.00>
ST_3 : Operation 42 [1/1] (7.30ns)   --->   "%gmem1_addr_read = read i32 @_ssdm_op_Read.m_axi.p1i32, i32 %gmem1_addr" [kyber-mult-kernel-dataflow.cpp:170]   --->   Operation 42 'read' 'gmem1_addr_read' <Predicate = (!icmp_ln161)> <Delay = 7.30> <CoreInst = "m_axi">   --->   Core 121 'm_axi' <Latency = 0> <II = 1> <Delay = 1.00> <Adapter> <Opcode : 'read' 'write' 'readreq' 'writereq' 'writeresp'>
ST_3 : Operation 43 [1/1] (0.00ns)   --->   "%bb = trunc i32 %gmem1_addr_read" [kyber-mult-kernel-dataflow.cpp:170]   --->   Operation 43 'trunc' 'bb' <Predicate = (!icmp_ln161)> <Delay = 0.00>
ST_3 : Operation 112 [1/1] (0.00ns)   --->   "%ret_ln0 = ret"   --->   Operation 112 'ret' 'ret_ln0' <Predicate = (icmp_ln161)> <Delay = 0.00>

State 4 <SV = 3> <Delay = 7.30>
ST_4 : Operation 44 [1/1] (7.30ns)   --->   "%gmem0_addr_read_1 = read i32 @_ssdm_op_Read.m_axi.p1i32, i32 %gmem0_addr" [kyber-mult-kernel-dataflow.cpp:169]   --->   Operation 44 'read' 'gmem0_addr_read_1' <Predicate = (!icmp_ln161)> <Delay = 7.30> <CoreInst = "m_axi">   --->   Core 121 'm_axi' <Latency = 0> <II = 1> <Delay = 1.00> <Adapter> <Opcode : 'read' 'write' 'readreq' 'writereq' 'writeresp'>
ST_4 : Operation 45 [1/1] (7.30ns)   --->   "%gmem1_addr_read_1 = read i32 @_ssdm_op_Read.m_axi.p1i32, i32 %gmem1_addr" [kyber-mult-kernel-dataflow.cpp:170]   --->   Operation 45 'read' 'gmem1_addr_read_1' <Predicate = (!icmp_ln161)> <Delay = 7.30> <CoreInst = "m_axi">   --->   Core 121 'm_axi' <Latency = 0> <II = 1> <Delay = 1.00> <Adapter> <Opcode : 'read' 'write' 'readreq' 'writereq' 'writeresp'>
ST_4 : Operation 46 [1/1] (0.00ns)   --->   "%ba_1 = trunc i32 %gmem0_addr_read_1" [kyber-mult-kernel-dataflow.cpp:169]   --->   Operation 46 'trunc' 'ba_1' <Predicate = (!icmp_ln161)> <Delay = 0.00>
ST_4 : Operation 47 [1/1] (0.00ns)   --->   "%bb_1 = trunc i32 %gmem1_addr_read_1" [kyber-mult-kernel-dataflow.cpp:170]   --->   Operation 47 'trunc' 'bb_1' <Predicate = (!icmp_ln161)> <Delay = 0.00>

State 5 <SV = 4> <Delay = 7.30>
ST_5 : Operation 48 [1/1] (7.30ns)   --->   "%gmem0_addr_read_2 = read i32 @_ssdm_op_Read.m_axi.p1i32, i32 %gmem0_addr" [kyber-mult-kernel-dataflow.cpp:169]   --->   Operation 48 'read' 'gmem0_addr_read_2' <Predicate = (!icmp_ln161)> <Delay = 7.30> <CoreInst = "m_axi">   --->   Core 121 'm_axi' <Latency = 0> <II = 1> <Delay = 1.00> <Adapter> <Opcode : 'read' 'write' 'readreq' 'writereq' 'writeresp'>
ST_5 : Operation 49 [1/1] (7.30ns)   --->   "%gmem1_addr_read_2 = read i32 @_ssdm_op_Read.m_axi.p1i32, i32 %gmem1_addr" [kyber-mult-kernel-dataflow.cpp:170]   --->   Operation 49 'read' 'gmem1_addr_read_2' <Predicate = (!icmp_ln161)> <Delay = 7.30> <CoreInst = "m_axi">   --->   Core 121 'm_axi' <Latency = 0> <II = 1> <Delay = 1.00> <Adapter> <Opcode : 'read' 'write' 'readreq' 'writereq' 'writeresp'>
ST_5 : Operation 50 [1/1] (0.00ns)   --->   "%ba_2 = trunc i32 %gmem0_addr_read_2" [kyber-mult-kernel-dataflow.cpp:169]   --->   Operation 50 'trunc' 'ba_2' <Predicate = (!icmp_ln161)> <Delay = 0.00>
ST_5 : Operation 51 [1/1] (0.00ns)   --->   "%bb_2 = trunc i32 %gmem1_addr_read_2" [kyber-mult-kernel-dataflow.cpp:170]   --->   Operation 51 'trunc' 'bb_2' <Predicate = (!icmp_ln161)> <Delay = 0.00>

State 6 <SV = 5> <Delay = 7.30>
ST_6 : Operation 52 [1/1] (7.30ns)   --->   "%gmem0_addr_read_3 = read i32 @_ssdm_op_Read.m_axi.p1i32, i32 %gmem0_addr" [kyber-mult-kernel-dataflow.cpp:169]   --->   Operation 52 'read' 'gmem0_addr_read_3' <Predicate = (!icmp_ln161)> <Delay = 7.30> <CoreInst = "m_axi">   --->   Core 121 'm_axi' <Latency = 0> <II = 1> <Delay = 1.00> <Adapter> <Opcode : 'read' 'write' 'readreq' 'writereq' 'writeresp'>
ST_6 : Operation 53 [1/1] (7.30ns)   --->   "%gmem1_addr_read_3 = read i32 @_ssdm_op_Read.m_axi.p1i32, i32 %gmem1_addr" [kyber-mult-kernel-dataflow.cpp:170]   --->   Operation 53 'read' 'gmem1_addr_read_3' <Predicate = (!icmp_ln161)> <Delay = 7.30> <CoreInst = "m_axi">   --->   Core 121 'm_axi' <Latency = 0> <II = 1> <Delay = 1.00> <Adapter> <Opcode : 'read' 'write' 'readreq' 'writereq' 'writeresp'>
ST_6 : Operation 54 [1/1] (0.00ns)   --->   "%ba_3 = trunc i32 %gmem0_addr_read_3" [kyber-mult-kernel-dataflow.cpp:169]   --->   Operation 54 'trunc' 'ba_3' <Predicate = (!icmp_ln161)> <Delay = 0.00>
ST_6 : Operation 55 [1/1] (0.00ns)   --->   "%bb_3 = trunc i32 %gmem1_addr_read_3" [kyber-mult-kernel-dataflow.cpp:170]   --->   Operation 55 'trunc' 'bb_3' <Predicate = (!icmp_ln161)> <Delay = 0.00>

State 7 <SV = 6> <Delay = 7.30>
ST_7 : Operation 56 [1/1] (7.30ns)   --->   "%gmem0_addr_read_4 = read i32 @_ssdm_op_Read.m_axi.p1i32, i32 %gmem0_addr" [kyber-mult-kernel-dataflow.cpp:169]   --->   Operation 56 'read' 'gmem0_addr_read_4' <Predicate = (!icmp_ln161)> <Delay = 7.30> <CoreInst = "m_axi">   --->   Core 121 'm_axi' <Latency = 0> <II = 1> <Delay = 1.00> <Adapter> <Opcode : 'read' 'write' 'readreq' 'writereq' 'writeresp'>
ST_7 : Operation 57 [1/1] (7.30ns)   --->   "%gmem1_addr_read_4 = read i32 @_ssdm_op_Read.m_axi.p1i32, i32 %gmem1_addr" [kyber-mult-kernel-dataflow.cpp:170]   --->   Operation 57 'read' 'gmem1_addr_read_4' <Predicate = (!icmp_ln161)> <Delay = 7.30> <CoreInst = "m_axi">   --->   Core 121 'm_axi' <Latency = 0> <II = 1> <Delay = 1.00> <Adapter> <Opcode : 'read' 'write' 'readreq' 'writereq' 'writeresp'>
ST_7 : Operation 58 [1/1] (0.00ns)   --->   "%ba_4 = trunc i32 %gmem0_addr_read_4" [kyber-mult-kernel-dataflow.cpp:169]   --->   Operation 58 'trunc' 'ba_4' <Predicate = (!icmp_ln161)> <Delay = 0.00>
ST_7 : Operation 59 [1/1] (0.00ns)   --->   "%bb_4 = trunc i32 %gmem1_addr_read_4" [kyber-mult-kernel-dataflow.cpp:170]   --->   Operation 59 'trunc' 'bb_4' <Predicate = (!icmp_ln161)> <Delay = 0.00>

State 8 <SV = 7> <Delay = 7.30>
ST_8 : Operation 60 [1/1] (7.30ns)   --->   "%gmem0_addr_read_5 = read i32 @_ssdm_op_Read.m_axi.p1i32, i32 %gmem0_addr" [kyber-mult-kernel-dataflow.cpp:169]   --->   Operation 60 'read' 'gmem0_addr_read_5' <Predicate = (!icmp_ln161)> <Delay = 7.30> <CoreInst = "m_axi">   --->   Core 121 'm_axi' <Latency = 0> <II = 1> <Delay = 1.00> <Adapter> <Opcode : 'read' 'write' 'readreq' 'writereq' 'writeresp'>
ST_8 : Operation 61 [1/1] (7.30ns)   --->   "%gmem1_addr_read_5 = read i32 @_ssdm_op_Read.m_axi.p1i32, i32 %gmem1_addr" [kyber-mult-kernel-dataflow.cpp:170]   --->   Operation 61 'read' 'gmem1_addr_read_5' <Predicate = (!icmp_ln161)> <Delay = 7.30> <CoreInst = "m_axi">   --->   Core 121 'm_axi' <Latency = 0> <II = 1> <Delay = 1.00> <Adapter> <Opcode : 'read' 'write' 'readreq' 'writereq' 'writeresp'>
ST_8 : Operation 62 [1/1] (0.00ns)   --->   "%ba_5 = trunc i32 %gmem0_addr_read_5" [kyber-mult-kernel-dataflow.cpp:169]   --->   Operation 62 'trunc' 'ba_5' <Predicate = (!icmp_ln161)> <Delay = 0.00>
ST_8 : Operation 63 [1/1] (0.00ns)   --->   "%bb_5 = trunc i32 %gmem1_addr_read_5" [kyber-mult-kernel-dataflow.cpp:170]   --->   Operation 63 'trunc' 'bb_5' <Predicate = (!icmp_ln161)> <Delay = 0.00>

State 9 <SV = 8> <Delay = 7.30>
ST_9 : Operation 64 [1/1] (7.30ns)   --->   "%gmem0_addr_read_6 = read i32 @_ssdm_op_Read.m_axi.p1i32, i32 %gmem0_addr" [kyber-mult-kernel-dataflow.cpp:169]   --->   Operation 64 'read' 'gmem0_addr_read_6' <Predicate = (!icmp_ln161)> <Delay = 7.30> <CoreInst = "m_axi">   --->   Core 121 'm_axi' <Latency = 0> <II = 1> <Delay = 1.00> <Adapter> <Opcode : 'read' 'write' 'readreq' 'writereq' 'writeresp'>
ST_9 : Operation 65 [1/1] (7.30ns)   --->   "%gmem1_addr_read_6 = read i32 @_ssdm_op_Read.m_axi.p1i32, i32 %gmem1_addr" [kyber-mult-kernel-dataflow.cpp:170]   --->   Operation 65 'read' 'gmem1_addr_read_6' <Predicate = (!icmp_ln161)> <Delay = 7.30> <CoreInst = "m_axi">   --->   Core 121 'm_axi' <Latency = 0> <II = 1> <Delay = 1.00> <Adapter> <Opcode : 'read' 'write' 'readreq' 'writereq' 'writeresp'>
ST_9 : Operation 66 [1/1] (0.00ns)   --->   "%ba_6 = trunc i32 %gmem0_addr_read_6" [kyber-mult-kernel-dataflow.cpp:169]   --->   Operation 66 'trunc' 'ba_6' <Predicate = (!icmp_ln161)> <Delay = 0.00>
ST_9 : Operation 67 [1/1] (0.00ns)   --->   "%bb_6 = trunc i32 %gmem1_addr_read_6" [kyber-mult-kernel-dataflow.cpp:170]   --->   Operation 67 'trunc' 'bb_6' <Predicate = (!icmp_ln161)> <Delay = 0.00>

State 10 <SV = 9> <Delay = 7.30>
ST_10 : Operation 68 [1/1] (7.30ns)   --->   "%gmem0_addr_read_7 = read i32 @_ssdm_op_Read.m_axi.p1i32, i32 %gmem0_addr" [kyber-mult-kernel-dataflow.cpp:169]   --->   Operation 68 'read' 'gmem0_addr_read_7' <Predicate = (!icmp_ln161)> <Delay = 7.30> <CoreInst = "m_axi">   --->   Core 121 'm_axi' <Latency = 0> <II = 1> <Delay = 1.00> <Adapter> <Opcode : 'read' 'write' 'readreq' 'writereq' 'writeresp'>
ST_10 : Operation 69 [1/1] (7.30ns)   --->   "%gmem1_addr_read_7 = read i32 @_ssdm_op_Read.m_axi.p1i32, i32 %gmem1_addr" [kyber-mult-kernel-dataflow.cpp:170]   --->   Operation 69 'read' 'gmem1_addr_read_7' <Predicate = (!icmp_ln161)> <Delay = 7.30> <CoreInst = "m_axi">   --->   Core 121 'm_axi' <Latency = 0> <II = 1> <Delay = 1.00> <Adapter> <Opcode : 'read' 'write' 'readreq' 'writereq' 'writeresp'>
ST_10 : Operation 70 [1/1] (0.00ns)   --->   "%ba_7 = trunc i32 %gmem0_addr_read_7" [kyber-mult-kernel-dataflow.cpp:169]   --->   Operation 70 'trunc' 'ba_7' <Predicate = (!icmp_ln161)> <Delay = 0.00>
ST_10 : Operation 71 [1/1] (0.00ns)   --->   "%bb_7 = trunc i32 %gmem1_addr_read_7" [kyber-mult-kernel-dataflow.cpp:170]   --->   Operation 71 'trunc' 'bb_7' <Predicate = (!icmp_ln161)> <Delay = 0.00>

State 11 <SV = 10> <Delay = 7.30>
ST_11 : Operation 72 [1/1] (7.30ns)   --->   "%gmem0_addr_read_8 = read i32 @_ssdm_op_Read.m_axi.p1i32, i32 %gmem0_addr" [kyber-mult-kernel-dataflow.cpp:169]   --->   Operation 72 'read' 'gmem0_addr_read_8' <Predicate = (!icmp_ln161)> <Delay = 7.30> <CoreInst = "m_axi">   --->   Core 121 'm_axi' <Latency = 0> <II = 1> <Delay = 1.00> <Adapter> <Opcode : 'read' 'write' 'readreq' 'writereq' 'writeresp'>
ST_11 : Operation 73 [1/1] (7.30ns)   --->   "%gmem1_addr_read_8 = read i32 @_ssdm_op_Read.m_axi.p1i32, i32 %gmem1_addr" [kyber-mult-kernel-dataflow.cpp:170]   --->   Operation 73 'read' 'gmem1_addr_read_8' <Predicate = (!icmp_ln161)> <Delay = 7.30> <CoreInst = "m_axi">   --->   Core 121 'm_axi' <Latency = 0> <II = 1> <Delay = 1.00> <Adapter> <Opcode : 'read' 'write' 'readreq' 'writereq' 'writeresp'>
ST_11 : Operation 74 [1/1] (0.00ns)   --->   "%ba_8 = trunc i32 %gmem0_addr_read_8" [kyber-mult-kernel-dataflow.cpp:169]   --->   Operation 74 'trunc' 'ba_8' <Predicate = (!icmp_ln161)> <Delay = 0.00>
ST_11 : Operation 75 [1/1] (0.00ns)   --->   "%bb_8 = trunc i32 %gmem1_addr_read_8" [kyber-mult-kernel-dataflow.cpp:170]   --->   Operation 75 'trunc' 'bb_8' <Predicate = (!icmp_ln161)> <Delay = 0.00>

State 12 <SV = 11> <Delay = 7.30>
ST_12 : Operation 76 [1/1] (7.30ns)   --->   "%gmem0_addr_read_9 = read i32 @_ssdm_op_Read.m_axi.p1i32, i32 %gmem0_addr" [kyber-mult-kernel-dataflow.cpp:169]   --->   Operation 76 'read' 'gmem0_addr_read_9' <Predicate = (!icmp_ln161)> <Delay = 7.30> <CoreInst = "m_axi">   --->   Core 121 'm_axi' <Latency = 0> <II = 1> <Delay = 1.00> <Adapter> <Opcode : 'read' 'write' 'readreq' 'writereq' 'writeresp'>
ST_12 : Operation 77 [1/1] (7.30ns)   --->   "%gmem1_addr_read_9 = read i32 @_ssdm_op_Read.m_axi.p1i32, i32 %gmem1_addr" [kyber-mult-kernel-dataflow.cpp:170]   --->   Operation 77 'read' 'gmem1_addr_read_9' <Predicate = (!icmp_ln161)> <Delay = 7.30> <CoreInst = "m_axi">   --->   Core 121 'm_axi' <Latency = 0> <II = 1> <Delay = 1.00> <Adapter> <Opcode : 'read' 'write' 'readreq' 'writereq' 'writeresp'>
ST_12 : Operation 78 [1/1] (0.00ns)   --->   "%ba_9 = trunc i32 %gmem0_addr_read_9" [kyber-mult-kernel-dataflow.cpp:169]   --->   Operation 78 'trunc' 'ba_9' <Predicate = (!icmp_ln161)> <Delay = 0.00>
ST_12 : Operation 79 [1/1] (0.00ns)   --->   "%bb_9 = trunc i32 %gmem1_addr_read_9" [kyber-mult-kernel-dataflow.cpp:170]   --->   Operation 79 'trunc' 'bb_9' <Predicate = (!icmp_ln161)> <Delay = 0.00>

State 13 <SV = 12> <Delay = 7.30>
ST_13 : Operation 80 [1/1] (7.30ns)   --->   "%gmem0_addr_read_10 = read i32 @_ssdm_op_Read.m_axi.p1i32, i32 %gmem0_addr" [kyber-mult-kernel-dataflow.cpp:169]   --->   Operation 80 'read' 'gmem0_addr_read_10' <Predicate = (!icmp_ln161)> <Delay = 7.30> <CoreInst = "m_axi">   --->   Core 121 'm_axi' <Latency = 0> <II = 1> <Delay = 1.00> <Adapter> <Opcode : 'read' 'write' 'readreq' 'writereq' 'writeresp'>
ST_13 : Operation 81 [1/1] (7.30ns)   --->   "%gmem1_addr_read_10 = read i32 @_ssdm_op_Read.m_axi.p1i32, i32 %gmem1_addr" [kyber-mult-kernel-dataflow.cpp:170]   --->   Operation 81 'read' 'gmem1_addr_read_10' <Predicate = (!icmp_ln161)> <Delay = 7.30> <CoreInst = "m_axi">   --->   Core 121 'm_axi' <Latency = 0> <II = 1> <Delay = 1.00> <Adapter> <Opcode : 'read' 'write' 'readreq' 'writereq' 'writeresp'>
ST_13 : Operation 82 [1/1] (0.00ns)   --->   "%ba_10 = trunc i32 %gmem0_addr_read_10" [kyber-mult-kernel-dataflow.cpp:169]   --->   Operation 82 'trunc' 'ba_10' <Predicate = (!icmp_ln161)> <Delay = 0.00>
ST_13 : Operation 83 [1/1] (0.00ns)   --->   "%bb_10 = trunc i32 %gmem1_addr_read_10" [kyber-mult-kernel-dataflow.cpp:170]   --->   Operation 83 'trunc' 'bb_10' <Predicate = (!icmp_ln161)> <Delay = 0.00>

State 14 <SV = 13> <Delay = 7.30>
ST_14 : Operation 84 [1/1] (7.30ns)   --->   "%gmem0_addr_read_11 = read i32 @_ssdm_op_Read.m_axi.p1i32, i32 %gmem0_addr" [kyber-mult-kernel-dataflow.cpp:169]   --->   Operation 84 'read' 'gmem0_addr_read_11' <Predicate = (!icmp_ln161)> <Delay = 7.30> <CoreInst = "m_axi">   --->   Core 121 'm_axi' <Latency = 0> <II = 1> <Delay = 1.00> <Adapter> <Opcode : 'read' 'write' 'readreq' 'writereq' 'writeresp'>
ST_14 : Operation 85 [1/1] (7.30ns)   --->   "%gmem1_addr_read_11 = read i32 @_ssdm_op_Read.m_axi.p1i32, i32 %gmem1_addr" [kyber-mult-kernel-dataflow.cpp:170]   --->   Operation 85 'read' 'gmem1_addr_read_11' <Predicate = (!icmp_ln161)> <Delay = 7.30> <CoreInst = "m_axi">   --->   Core 121 'm_axi' <Latency = 0> <II = 1> <Delay = 1.00> <Adapter> <Opcode : 'read' 'write' 'readreq' 'writereq' 'writeresp'>
ST_14 : Operation 86 [1/1] (0.00ns)   --->   "%ba_11 = trunc i32 %gmem0_addr_read_11" [kyber-mult-kernel-dataflow.cpp:169]   --->   Operation 86 'trunc' 'ba_11' <Predicate = (!icmp_ln161)> <Delay = 0.00>
ST_14 : Operation 87 [1/1] (0.00ns)   --->   "%bb_11 = trunc i32 %gmem1_addr_read_11" [kyber-mult-kernel-dataflow.cpp:170]   --->   Operation 87 'trunc' 'bb_11' <Predicate = (!icmp_ln161)> <Delay = 0.00>

State 15 <SV = 14> <Delay = 7.30>
ST_15 : Operation 88 [1/1] (7.30ns)   --->   "%gmem0_addr_read_12 = read i32 @_ssdm_op_Read.m_axi.p1i32, i32 %gmem0_addr" [kyber-mult-kernel-dataflow.cpp:169]   --->   Operation 88 'read' 'gmem0_addr_read_12' <Predicate = (!icmp_ln161)> <Delay = 7.30> <CoreInst = "m_axi">   --->   Core 121 'm_axi' <Latency = 0> <II = 1> <Delay = 1.00> <Adapter> <Opcode : 'read' 'write' 'readreq' 'writereq' 'writeresp'>
ST_15 : Operation 89 [1/1] (7.30ns)   --->   "%gmem1_addr_read_12 = read i32 @_ssdm_op_Read.m_axi.p1i32, i32 %gmem1_addr" [kyber-mult-kernel-dataflow.cpp:170]   --->   Operation 89 'read' 'gmem1_addr_read_12' <Predicate = (!icmp_ln161)> <Delay = 7.30> <CoreInst = "m_axi">   --->   Core 121 'm_axi' <Latency = 0> <II = 1> <Delay = 1.00> <Adapter> <Opcode : 'read' 'write' 'readreq' 'writereq' 'writeresp'>
ST_15 : Operation 90 [1/1] (0.00ns)   --->   "%ba_12 = trunc i32 %gmem0_addr_read_12" [kyber-mult-kernel-dataflow.cpp:169]   --->   Operation 90 'trunc' 'ba_12' <Predicate = (!icmp_ln161)> <Delay = 0.00>
ST_15 : Operation 91 [1/1] (0.00ns)   --->   "%bb_12 = trunc i32 %gmem1_addr_read_12" [kyber-mult-kernel-dataflow.cpp:170]   --->   Operation 91 'trunc' 'bb_12' <Predicate = (!icmp_ln161)> <Delay = 0.00>

State 16 <SV = 15> <Delay = 7.30>
ST_16 : Operation 92 [1/1] (7.30ns)   --->   "%gmem0_addr_read_13 = read i32 @_ssdm_op_Read.m_axi.p1i32, i32 %gmem0_addr" [kyber-mult-kernel-dataflow.cpp:169]   --->   Operation 92 'read' 'gmem0_addr_read_13' <Predicate = (!icmp_ln161)> <Delay = 7.30> <CoreInst = "m_axi">   --->   Core 121 'm_axi' <Latency = 0> <II = 1> <Delay = 1.00> <Adapter> <Opcode : 'read' 'write' 'readreq' 'writereq' 'writeresp'>
ST_16 : Operation 93 [1/1] (7.30ns)   --->   "%gmem1_addr_read_13 = read i32 @_ssdm_op_Read.m_axi.p1i32, i32 %gmem1_addr" [kyber-mult-kernel-dataflow.cpp:170]   --->   Operation 93 'read' 'gmem1_addr_read_13' <Predicate = (!icmp_ln161)> <Delay = 7.30> <CoreInst = "m_axi">   --->   Core 121 'm_axi' <Latency = 0> <II = 1> <Delay = 1.00> <Adapter> <Opcode : 'read' 'write' 'readreq' 'writereq' 'writeresp'>
ST_16 : Operation 94 [1/1] (0.00ns)   --->   "%ba_13 = trunc i32 %gmem0_addr_read_13" [kyber-mult-kernel-dataflow.cpp:169]   --->   Operation 94 'trunc' 'ba_13' <Predicate = (!icmp_ln161)> <Delay = 0.00>
ST_16 : Operation 95 [1/1] (0.00ns)   --->   "%bb_13 = trunc i32 %gmem1_addr_read_13" [kyber-mult-kernel-dataflow.cpp:170]   --->   Operation 95 'trunc' 'bb_13' <Predicate = (!icmp_ln161)> <Delay = 0.00>

State 17 <SV = 16> <Delay = 7.30>
ST_17 : Operation 96 [1/1] (7.30ns)   --->   "%gmem0_addr_read_14 = read i32 @_ssdm_op_Read.m_axi.p1i32, i32 %gmem0_addr" [kyber-mult-kernel-dataflow.cpp:169]   --->   Operation 96 'read' 'gmem0_addr_read_14' <Predicate = (!icmp_ln161)> <Delay = 7.30> <CoreInst = "m_axi">   --->   Core 121 'm_axi' <Latency = 0> <II = 1> <Delay = 1.00> <Adapter> <Opcode : 'read' 'write' 'readreq' 'writereq' 'writeresp'>
ST_17 : Operation 97 [1/1] (7.30ns)   --->   "%gmem1_addr_read_14 = read i32 @_ssdm_op_Read.m_axi.p1i32, i32 %gmem1_addr" [kyber-mult-kernel-dataflow.cpp:170]   --->   Operation 97 'read' 'gmem1_addr_read_14' <Predicate = (!icmp_ln161)> <Delay = 7.30> <CoreInst = "m_axi">   --->   Core 121 'm_axi' <Latency = 0> <II = 1> <Delay = 1.00> <Adapter> <Opcode : 'read' 'write' 'readreq' 'writereq' 'writeresp'>
ST_17 : Operation 98 [1/1] (0.00ns)   --->   "%ba_14 = trunc i32 %gmem0_addr_read_14" [kyber-mult-kernel-dataflow.cpp:169]   --->   Operation 98 'trunc' 'ba_14' <Predicate = (!icmp_ln161)> <Delay = 0.00>
ST_17 : Operation 99 [1/1] (0.00ns)   --->   "%bb_14 = trunc i32 %gmem1_addr_read_14" [kyber-mult-kernel-dataflow.cpp:170]   --->   Operation 99 'trunc' 'bb_14' <Predicate = (!icmp_ln161)> <Delay = 0.00>

State 18 <SV = 17> <Delay = 7.30>
ST_18 : Operation 100 [1/1] (7.30ns)   --->   "%gmem0_addr_read_15 = read i32 @_ssdm_op_Read.m_axi.p1i32, i32 %gmem0_addr" [kyber-mult-kernel-dataflow.cpp:169]   --->   Operation 100 'read' 'gmem0_addr_read_15' <Predicate = true> <Delay = 7.30> <CoreInst = "m_axi">   --->   Core 121 'm_axi' <Latency = 0> <II = 1> <Delay = 1.00> <Adapter> <Opcode : 'read' 'write' 'readreq' 'writereq' 'writeresp'>
ST_18 : Operation 101 [1/1] (7.30ns)   --->   "%gmem1_addr_read_15 = read i32 @_ssdm_op_Read.m_axi.p1i32, i32 %gmem1_addr" [kyber-mult-kernel-dataflow.cpp:170]   --->   Operation 101 'read' 'gmem1_addr_read_15' <Predicate = true> <Delay = 7.30> <CoreInst = "m_axi">   --->   Core 121 'm_axi' <Latency = 0> <II = 1> <Delay = 1.00> <Adapter> <Opcode : 'read' 'write' 'readreq' 'writereq' 'writeresp'>
ST_18 : Operation 102 [1/1] (0.00ns)   --->   "%ba_15 = trunc i32 %gmem0_addr_read_15" [kyber-mult-kernel-dataflow.cpp:169]   --->   Operation 102 'trunc' 'ba_15' <Predicate = true> <Delay = 0.00>
ST_18 : Operation 103 [1/1] (0.00ns)   --->   "%bb_15 = trunc i32 %gmem1_addr_read_15" [kyber-mult-kernel-dataflow.cpp:170]   --->   Operation 103 'trunc' 'bb_15' <Predicate = true> <Delay = 0.00>

State 19 <SV = 18> <Delay = 1.89>
ST_19 : Operation 104 [1/1] (0.00ns)   --->   "%specloopname_ln0 = specloopname void @_ssdm_op_SpecLoopName, void @LD_BLK_LD_str"   --->   Operation 104 'specloopname' 'specloopname_ln0' <Predicate = true> <Delay = 0.00>
ST_19 : Operation 105 [1/1] (0.00ns)   --->   "%speclooptripcount_ln0 = speclooptripcount void @_ssdm_op_SpecLoopTripCount, i64 16, i64 256, i64 128"   --->   Operation 105 'speclooptripcount' 'speclooptripcount_ln0' <Predicate = true> <Delay = 0.00>
ST_19 : Operation 106 [1/1] (0.00ns)   --->   "%specpipeline_ln165 = specpipeline void @_ssdm_op_SpecPipeline, i32 1, i32 0, i32 0, i32 0, void @empty_246" [kyber-mult-kernel-dataflow.cpp:165]   --->   Operation 106 'specpipeline' 'specpipeline_ln165' <Predicate = true> <Delay = 0.00>
ST_19 : Operation 107 [1/1] (0.00ns)   --->   "%p_s = bitconcatenate i192 @_ssdm_op_BitConcatenate.i192.i12.i12.i12.i12.i12.i12.i12.i12.i12.i12.i12.i12.i12.i12.i12.i12, i12 %ba_15, i12 %ba_14, i12 %ba_13, i12 %ba_12, i12 %ba_11, i12 %ba_10, i12 %ba_9, i12 %ba_8, i12 %ba_7, i12 %ba_6, i12 %ba_5, i12 %ba_4, i12 %ba_3, i12 %ba_2, i12 %ba_1, i12 %ba" [kyber-mult-kernel-dataflow.cpp:172]   --->   Operation 107 'bitconcatenate' 'p_s' <Predicate = true> <Delay = 0.00>
ST_19 : Operation 108 [1/1] (1.89ns)   --->   "%write_ln172 = write void @_ssdm_op_Write.ap_fifo.volatile.i192P0A, i192 %sA0, i192 %p_s" [kyber-mult-kernel-dataflow.cpp:172]   --->   Operation 108 'write' 'write_ln172' <Predicate = true> <Delay = 1.89> <CoreInst = "FIFO">   --->   Core 78 'FIFO' <Latency = 0> <II = 1> <Delay = 1.89> <Storage> <Opcode : 'read' 'write' 'nbread' 'nbwrite'> <Ports = 0> <Width = 192> <Depth = 32> <FIFO>
ST_19 : Operation 109 [1/1] (0.00ns)   --->   "%p_0 = bitconcatenate i192 @_ssdm_op_BitConcatenate.i192.i12.i12.i12.i12.i12.i12.i12.i12.i12.i12.i12.i12.i12.i12.i12.i12, i12 %bb_15, i12 %bb_14, i12 %bb_13, i12 %bb_12, i12 %bb_11, i12 %bb_10, i12 %bb_9, i12 %bb_8, i12 %bb_7, i12 %bb_6, i12 %bb_5, i12 %bb_4, i12 %bb_3, i12 %bb_2, i12 %bb_1, i12 %bb" [kyber-mult-kernel-dataflow.cpp:172]   --->   Operation 109 'bitconcatenate' 'p_0' <Predicate = true> <Delay = 0.00>
ST_19 : Operation 110 [1/1] (1.89ns)   --->   "%write_ln172 = write void @_ssdm_op_Write.ap_fifo.volatile.i192P0A, i192 %sB0, i192 %p_0" [kyber-mult-kernel-dataflow.cpp:172]   --->   Operation 110 'write' 'write_ln172' <Predicate = true> <Delay = 1.89> <CoreInst = "FIFO">   --->   Core 78 'FIFO' <Latency = 0> <II = 1> <Delay = 1.89> <Storage> <Opcode : 'read' 'write' 'nbread' 'nbwrite'> <Ports = 0> <Width = 192> <Depth = 32> <FIFO>
ST_19 : Operation 111 [1/1] (0.00ns)   --->   "%br_ln164 = br void %VITIS_LOOP_167_1" [kyber-mult-kernel-dataflow.cpp:164]   --->   Operation 111 'br' 'br_ln164' <Predicate = true> <Delay = 0.00>


============================================================
+ Verbose Summary: Timing violations
============================================================
Target clock period: 10.000ns, clock uncertainty: 2.700ns.

 <State 1>: 0.427ns
The critical path consists of the following:
	'alloca' operation 36 bit ('indvar_flatten') [8]  (0.000 ns)
	'store' operation 0 bit ('store_ln0') of constant 0 on local variable 'indvar_flatten' [18]  (0.427 ns)

 <State 2>: 1.452ns
The critical path consists of the following:
	'load' operation 36 bit ('indvar_flatten_load', kyber-mult-kernel-dataflow.cpp:161) on local variable 'indvar_flatten' [21]  (0.000 ns)
	'icmp' operation 1 bit ('icmp_ln161', kyber-mult-kernel-dataflow.cpp:161) [22]  (1.025 ns)
	'store' operation 0 bit ('store_ln161', kyber-mult-kernel-dataflow.cpp:161) of variable 'add_ln161', kyber-mult-kernel-dataflow.cpp:161 on local variable 'indvar_flatten' [99]  (0.427 ns)

 <State 3>: 7.300ns
The critical path consists of the following:
	bus read operation ('gmem0_addr_read', kyber-mult-kernel-dataflow.cpp:169) on port 'gmem0' (kyber-mult-kernel-dataflow.cpp:169) [31]  (7.300 ns)

 <State 4>: 7.300ns
The critical path consists of the following:
	bus read operation ('gmem0_addr_read_1', kyber-mult-kernel-dataflow.cpp:169) on port 'gmem0' (kyber-mult-kernel-dataflow.cpp:169) [32]  (7.300 ns)

 <State 5>: 7.300ns
The critical path consists of the following:
	bus read operation ('gmem0_addr_read_2', kyber-mult-kernel-dataflow.cpp:169) on port 'gmem0' (kyber-mult-kernel-dataflow.cpp:169) [33]  (7.300 ns)

 <State 6>: 7.300ns
The critical path consists of the following:
	bus read operation ('gmem0_addr_read_3', kyber-mult-kernel-dataflow.cpp:169) on port 'gmem0' (kyber-mult-kernel-dataflow.cpp:169) [34]  (7.300 ns)

 <State 7>: 7.300ns
The critical path consists of the following:
	bus read operation ('gmem0_addr_read_4', kyber-mult-kernel-dataflow.cpp:169) on port 'gmem0' (kyber-mult-kernel-dataflow.cpp:169) [35]  (7.300 ns)

 <State 8>: 7.300ns
The critical path consists of the following:
	bus read operation ('gmem0_addr_read_5', kyber-mult-kernel-dataflow.cpp:169) on port 'gmem0' (kyber-mult-kernel-dataflow.cpp:169) [36]  (7.300 ns)

 <State 9>: 7.300ns
The critical path consists of the following:
	bus read operation ('gmem0_addr_read_6', kyber-mult-kernel-dataflow.cpp:169) on port 'gmem0' (kyber-mult-kernel-dataflow.cpp:169) [37]  (7.300 ns)

 <State 10>: 7.300ns
The critical path consists of the following:
	bus read operation ('gmem0_addr_read_7', kyber-mult-kernel-dataflow.cpp:169) on port 'gmem0' (kyber-mult-kernel-dataflow.cpp:169) [38]  (7.300 ns)

 <State 11>: 7.300ns
The critical path consists of the following:
	bus read operation ('gmem0_addr_read_8', kyber-mult-kernel-dataflow.cpp:169) on port 'gmem0' (kyber-mult-kernel-dataflow.cpp:169) [39]  (7.300 ns)

 <State 12>: 7.300ns
The critical path consists of the following:
	bus read operation ('gmem0_addr_read_9', kyber-mult-kernel-dataflow.cpp:169) on port 'gmem0' (kyber-mult-kernel-dataflow.cpp:169) [40]  (7.300 ns)

 <State 13>: 7.300ns
The critical path consists of the following:
	bus read operation ('gmem0_addr_read_10', kyber-mult-kernel-dataflow.cpp:169) on port 'gmem0' (kyber-mult-kernel-dataflow.cpp:169) [41]  (7.300 ns)

 <State 14>: 7.300ns
The critical path consists of the following:
	bus read operation ('gmem0_addr_read_11', kyber-mult-kernel-dataflow.cpp:169) on port 'gmem0' (kyber-mult-kernel-dataflow.cpp:169) [42]  (7.300 ns)

 <State 15>: 7.300ns
The critical path consists of the following:
	bus read operation ('gmem0_addr_read_12', kyber-mult-kernel-dataflow.cpp:169) on port 'gmem0' (kyber-mult-kernel-dataflow.cpp:169) [43]  (7.300 ns)

 <State 16>: 7.300ns
The critical path consists of the following:
	bus read operation ('gmem0_addr_read_13', kyber-mult-kernel-dataflow.cpp:169) on port 'gmem0' (kyber-mult-kernel-dataflow.cpp:169) [44]  (7.300 ns)

 <State 17>: 7.300ns
The critical path consists of the following:
	bus read operation ('gmem0_addr_read_14', kyber-mult-kernel-dataflow.cpp:169) on port 'gmem0' (kyber-mult-kernel-dataflow.cpp:169) [45]  (7.300 ns)

 <State 18>: 7.300ns
The critical path consists of the following:
	bus read operation ('gmem0_addr_read_15', kyber-mult-kernel-dataflow.cpp:169) on port 'gmem0' (kyber-mult-kernel-dataflow.cpp:169) [46]  (7.300 ns)

 <State 19>: 1.898ns
The critical path consists of the following:
	fifo write operation ('write_ln172', kyber-mult-kernel-dataflow.cpp:172) on port 'sA0' (kyber-mult-kernel-dataflow.cpp:172) [96]  (1.898 ns)


============================================================
+ Verbose Summary: Binding
============================================================
N/A
* FSMD analyzer results:
  - Output states:
 - Input state : 
  - Chain level:
	State 1
	State 2
	State 3
	State 4
	State 5
	State 6
	State 7
	State 8
	State 9
	State 10
	State 11
	State 12
	State 13
	State 14
	State 15
	State 16
	State 17
	State 18
	State 19


============================================================
+ Verbose Summary: Datapath Resource usage 
============================================================
N/A
