

================================================================
== Vitis HLS Report for 'load_all'
================================================================
* Date:           Thu Jun 11 23:16:34 2026

* Version:        2023.2 (Build 4023990 on Oct 11 2023)
* Project:        ntt_kyber
* Solution:       solution1 (Vivado IP Flow Target)
* Product family: zynquplus
* Target device:  xck26-sfvc784-2LV-c


================================================================
== Performance Estimates
================================================================
+ Timing: 
    * Summary: 
    +--------+----------+----------+------------+
    |  Clock |  Target  | Estimated| Uncertainty|
    +--------+----------+----------+------------+
    |ap_clk  |  10.00 ns|  7.300 ns|     2.70 ns|
    +--------+----------+----------+------------+

+ Latency: 
    * Summary: 
    +---------+---------+----------+-----------+-----+------+---------+
    |  Latency (cycles) |  Latency (absolute)  |  Interval  | Pipeline|
    |   min   |   max   |    min   |    max    | min |  max |   Type  |
    +---------+---------+----------+-----------+-----+------+---------+
    |      269|     4109|  2.690 us|  41.090 us|  269|  4109|       no|
    +---------+---------+----------+-----------+-----+------+---------+

    + Detail: 
        * Instance: 
        N/A

        * Loop: 
        N/A

============================================================
+ Verbose Summary: Synthesis Manager
============================================================
InlineROM: 1
ExposeGlobal: 0
============================================================
+ Verbose Summary: CDFG Model
============================================================
IsTopModel: 0
ResetActiveHigh: 1
IsCombinational: 2
IsDatapathOnly: 0
HasWiredReturn: 1
HasMFsm: 0
HasVarLatency: 1
IsPipeline: 0
IsRtlPipelined: 0
IsInstanceOverlapped: 0
IsDontTouch: 0
HasImplIP: 0
IsGatedGlobalClock: 0


============================================================
+ Verbose Summary: Schedule
============================================================
* Number of FSM states : 11
* Pipeline : 0
* Dataflow Pipeline: 0

* FSM state transitions: 
1 --> 2 
2 --> 3 
3 --> 4 
4 --> 5 
5 --> 6 
6 --> 7 
7 --> 8 
8 --> 9 
9 --> 10 
10 --> 11 
11 --> 

* FSM state operations: 

State 1 <SV = 0> <Delay = 1.83>
ST_1 : Operation 12 [1/1] (0.00ns)   --->   "%batch_read = read i32 @_ssdm_op_Read.ap_auto.i32, i32 %batch"   --->   Operation 12 'read' 'batch_read' <Predicate = true> <Delay = 0.00>
ST_1 : Operation 13 [1/1] (1.83ns)   --->   "%write_ln0 = write void @_ssdm_op_Write.ap_fifo.i32P0A, i32 %batch_size_c15, i32 %batch_read"   --->   Operation 13 'write' 'write_ln0' <Predicate = true> <Delay = 1.83> <CoreInst = "FIFO_SRL">   --->   Core 81 'FIFO_SRL' <Latency = 0> <II = 1> <Delay = 1.83> <Storage> <Opcode : 'read' 'write' 'nbread' 'nbwrite'> <Ports = 0> <Width = 32> <Depth = 2> <FIFO>
ST_1 : Operation 14 [1/1] (1.01ns)   --->   "%icmp_ln161 = icmp_sgt  i32 %batch_read, i32 0" [kyber-mult-kernel-dataflow.cpp:161]   --->   Operation 14 'icmp' 'icmp_ln161' <Predicate = true> <Delay = 1.01> <CoreInst = "Cmp">   --->   Core 9 'Cmp' <Latency = 0> <II = 1> <Delay = 1.01> <FuncUnit> <Opcode : 'icmp'> <InPorts = 2> <OutPorts = 1>
ST_1 : Operation 15 [1/1] (0.00ns) (grouped into LUT with out node empty)   --->   "%shl_ln161 = shl i32 %batch_read, i32 8" [kyber-mult-kernel-dataflow.cpp:161]   --->   Operation 15 'shl' 'shl_ln161' <Predicate = true> <Delay = 0.00>
ST_1 : Operation 16 [1/1] (0.44ns) (out node of the LUT)   --->   "%empty = select i1 %icmp_ln161, i32 %shl_ln161, i32 0" [kyber-mult-kernel-dataflow.cpp:161]   --->   Operation 16 'select' 'empty' <Predicate = true> <Delay = 0.44> <CoreInst = "Sel">   --->   Core 73 'Sel' <Latency = 0> <II = 1> <Delay = 0.44> <FuncUnit> <Opcode : 'select'> <InPorts = 3> <OutPorts = 1>

State 2 <SV = 1> <Delay = 7.30>
ST_2 : Operation 17 [1/1] (0.00ns)   --->   "%b_read = read i64 @_ssdm_op_Read.ap_auto.i64, i64 %b"   --->   Operation 17 'read' 'b_read' <Predicate = true> <Delay = 0.00>
ST_2 : Operation 18 [1/1] (0.00ns)   --->   "%a_read = read i64 @_ssdm_op_Read.ap_auto.i64, i64 %a"   --->   Operation 18 'read' 'a_read' <Predicate = true> <Delay = 0.00>
ST_2 : Operation 19 [1/1] (0.00ns)   --->   "%trunc_ln = partselect i62 @_ssdm_op_PartSelect.i62.i64.i32.i32, i64 %a_read, i32 2, i32 63" [kyber-mult-kernel-dataflow.cpp:161]   --->   Operation 19 'partselect' 'trunc_ln' <Predicate = true> <Delay = 0.00>
ST_2 : Operation 20 [1/1] (0.00ns)   --->   "%sext_ln161 = sext i62 %trunc_ln" [kyber-mult-kernel-dataflow.cpp:161]   --->   Operation 20 'sext' 'sext_ln161' <Predicate = true> <Delay = 0.00>
ST_2 : Operation 21 [1/1] (0.00ns)   --->   "%gmem0_addr = getelementptr i32 %gmem0, i64 %sext_ln161" [kyber-mult-kernel-dataflow.cpp:161]   --->   Operation 21 'getelementptr' 'gmem0_addr' <Predicate = true> <Delay = 0.00>
ST_2 : Operation 22 [8/8] (7.30ns)   --->   "%empty_280 = readreq i1 @_ssdm_op_ReadReq.m_axi.p1i32, i32 %gmem0_addr, i32 %empty" [kyber-mult-kernel-dataflow.cpp:161]   --->   Operation 22 'readreq' 'empty_280' <Predicate = true> <Delay = 7.30> <CoreInst = "m_axi">   --->   Core 121 'm_axi' <Latency = 0> <II = 1> <Delay = 1.00> <Adapter> <Opcode : 'read' 'write' 'readreq' 'writereq' 'writeresp'>
ST_2 : Operation 23 [1/1] (0.00ns)   --->   "%trunc_ln161_1 = partselect i62 @_ssdm_op_PartSelect.i62.i64.i32.i32, i64 %b_read, i32 2, i32 63" [kyber-mult-kernel-dataflow.cpp:161]   --->   Operation 23 'partselect' 'trunc_ln161_1' <Predicate = true> <Delay = 0.00>
ST_2 : Operation 24 [1/1] (0.00ns)   --->   "%sext_ln161_1 = sext i62 %trunc_ln161_1" [kyber-mult-kernel-dataflow.cpp:161]   --->   Operation 24 'sext' 'sext_ln161_1' <Predicate = true> <Delay = 0.00>
ST_2 : Operation 25 [1/1] (0.00ns)   --->   "%gmem1_addr = getelementptr i32 %gmem1, i64 %sext_ln161_1" [kyber-mult-kernel-dataflow.cpp:161]   --->   Operation 25 'getelementptr' 'gmem1_addr' <Predicate = true> <Delay = 0.00>
ST_2 : Operation 26 [8/8] (7.30ns)   --->   "%empty_281 = readreq i1 @_ssdm_op_ReadReq.m_axi.p1i32, i32 %gmem1_addr, i32 %empty" [kyber-mult-kernel-dataflow.cpp:161]   --->   Operation 26 'readreq' 'empty_281' <Predicate = true> <Delay = 7.30> <CoreInst = "m_axi">   --->   Core 121 'm_axi' <Latency = 0> <II = 1> <Delay = 1.00> <Adapter> <Opcode : 'read' 'write' 'readreq' 'writereq' 'writeresp'>

State 3 <SV = 2> <Delay = 7.30>
ST_3 : Operation 27 [7/8] (7.30ns)   --->   "%empty_280 = readreq i1 @_ssdm_op_ReadReq.m_axi.p1i32, i32 %gmem0_addr, i32 %empty" [kyber-mult-kernel-dataflow.cpp:161]   --->   Operation 27 'readreq' 'empty_280' <Predicate = true> <Delay = 7.30> <CoreInst = "m_axi">   --->   Core 121 'm_axi' <Latency = 0> <II = 1> <Delay = 1.00> <Adapter> <Opcode : 'read' 'write' 'readreq' 'writereq' 'writeresp'>
ST_3 : Operation 28 [7/8] (7.30ns)   --->   "%empty_281 = readreq i1 @_ssdm_op_ReadReq.m_axi.p1i32, i32 %gmem1_addr, i32 %empty" [kyber-mult-kernel-dataflow.cpp:161]   --->   Operation 28 'readreq' 'empty_281' <Predicate = true> <Delay = 7.30> <CoreInst = "m_axi">   --->   Core 121 'm_axi' <Latency = 0> <II = 1> <Delay = 1.00> <Adapter> <Opcode : 'read' 'write' 'readreq' 'writereq' 'writeresp'>

State 4 <SV = 3> <Delay = 7.30>
ST_4 : Operation 29 [6/8] (7.30ns)   --->   "%empty_280 = readreq i1 @_ssdm_op_ReadReq.m_axi.p1i32, i32 %gmem0_addr, i32 %empty" [kyber-mult-kernel-dataflow.cpp:161]   --->   Operation 29 'readreq' 'empty_280' <Predicate = true> <Delay = 7.30> <CoreInst = "m_axi">   --->   Core 121 'm_axi' <Latency = 0> <II = 1> <Delay = 1.00> <Adapter> <Opcode : 'read' 'write' 'readreq' 'writereq' 'writeresp'>
ST_4 : Operation 30 [6/8] (7.30ns)   --->   "%empty_281 = readreq i1 @_ssdm_op_ReadReq.m_axi.p1i32, i32 %gmem1_addr, i32 %empty" [kyber-mult-kernel-dataflow.cpp:161]   --->   Operation 30 'readreq' 'empty_281' <Predicate = true> <Delay = 7.30> <CoreInst = "m_axi">   --->   Core 121 'm_axi' <Latency = 0> <II = 1> <Delay = 1.00> <Adapter> <Opcode : 'read' 'write' 'readreq' 'writereq' 'writeresp'>

State 5 <SV = 4> <Delay = 7.30>
ST_5 : Operation 31 [5/8] (7.30ns)   --->   "%empty_280 = readreq i1 @_ssdm_op_ReadReq.m_axi.p1i32, i32 %gmem0_addr, i32 %empty" [kyber-mult-kernel-dataflow.cpp:161]   --->   Operation 31 'readreq' 'empty_280' <Predicate = true> <Delay = 7.30> <CoreInst = "m_axi">   --->   Core 121 'm_axi' <Latency = 0> <II = 1> <Delay = 1.00> <Adapter> <Opcode : 'read' 'write' 'readreq' 'writereq' 'writeresp'>
ST_5 : Operation 32 [5/8] (7.30ns)   --->   "%empty_281 = readreq i1 @_ssdm_op_ReadReq.m_axi.p1i32, i32 %gmem1_addr, i32 %empty" [kyber-mult-kernel-dataflow.cpp:161]   --->   Operation 32 'readreq' 'empty_281' <Predicate = true> <Delay = 7.30> <CoreInst = "m_axi">   --->   Core 121 'm_axi' <Latency = 0> <II = 1> <Delay = 1.00> <Adapter> <Opcode : 'read' 'write' 'readreq' 'writereq' 'writeresp'>

State 6 <SV = 5> <Delay = 7.30>
ST_6 : Operation 33 [4/8] (7.30ns)   --->   "%empty_280 = readreq i1 @_ssdm_op_ReadReq.m_axi.p1i32, i32 %gmem0_addr, i32 %empty" [kyber-mult-kernel-dataflow.cpp:161]   --->   Operation 33 'readreq' 'empty_280' <Predicate = true> <Delay = 7.30> <CoreInst = "m_axi">   --->   Core 121 'm_axi' <Latency = 0> <II = 1> <Delay = 1.00> <Adapter> <Opcode : 'read' 'write' 'readreq' 'writereq' 'writeresp'>
ST_6 : Operation 34 [4/8] (7.30ns)   --->   "%empty_281 = readreq i1 @_ssdm_op_ReadReq.m_axi.p1i32, i32 %gmem1_addr, i32 %empty" [kyber-mult-kernel-dataflow.cpp:161]   --->   Operation 34 'readreq' 'empty_281' <Predicate = true> <Delay = 7.30> <CoreInst = "m_axi">   --->   Core 121 'm_axi' <Latency = 0> <II = 1> <Delay = 1.00> <Adapter> <Opcode : 'read' 'write' 'readreq' 'writereq' 'writeresp'>

State 7 <SV = 6> <Delay = 7.30>
ST_7 : Operation 35 [3/8] (7.30ns)   --->   "%empty_280 = readreq i1 @_ssdm_op_ReadReq.m_axi.p1i32, i32 %gmem0_addr, i32 %empty" [kyber-mult-kernel-dataflow.cpp:161]   --->   Operation 35 'readreq' 'empty_280' <Predicate = true> <Delay = 7.30> <CoreInst = "m_axi">   --->   Core 121 'm_axi' <Latency = 0> <II = 1> <Delay = 1.00> <Adapter> <Opcode : 'read' 'write' 'readreq' 'writereq' 'writeresp'>
ST_7 : Operation 36 [3/8] (7.30ns)   --->   "%empty_281 = readreq i1 @_ssdm_op_ReadReq.m_axi.p1i32, i32 %gmem1_addr, i32 %empty" [kyber-mult-kernel-dataflow.cpp:161]   --->   Operation 36 'readreq' 'empty_281' <Predicate = true> <Delay = 7.30> <CoreInst = "m_axi">   --->   Core 121 'm_axi' <Latency = 0> <II = 1> <Delay = 1.00> <Adapter> <Opcode : 'read' 'write' 'readreq' 'writereq' 'writeresp'>

State 8 <SV = 7> <Delay = 7.30>
ST_8 : Operation 37 [2/8] (7.30ns)   --->   "%empty_280 = readreq i1 @_ssdm_op_ReadReq.m_axi.p1i32, i32 %gmem0_addr, i32 %empty" [kyber-mult-kernel-dataflow.cpp:161]   --->   Operation 37 'readreq' 'empty_280' <Predicate = true> <Delay = 7.30> <CoreInst = "m_axi">   --->   Core 121 'm_axi' <Latency = 0> <II = 1> <Delay = 1.00> <Adapter> <Opcode : 'read' 'write' 'readreq' 'writereq' 'writeresp'>
ST_8 : Operation 38 [2/8] (7.30ns)   --->   "%empty_281 = readreq i1 @_ssdm_op_ReadReq.m_axi.p1i32, i32 %gmem1_addr, i32 %empty" [kyber-mult-kernel-dataflow.cpp:161]   --->   Operation 38 'readreq' 'empty_281' <Predicate = true> <Delay = 7.30> <CoreInst = "m_axi">   --->   Core 121 'm_axi' <Latency = 0> <II = 1> <Delay = 1.00> <Adapter> <Opcode : 'read' 'write' 'readreq' 'writereq' 'writeresp'>

State 9 <SV = 8> <Delay = 7.30>
ST_9 : Operation 39 [1/8] (7.30ns)   --->   "%empty_280 = readreq i1 @_ssdm_op_ReadReq.m_axi.p1i32, i32 %gmem0_addr, i32 %empty" [kyber-mult-kernel-dataflow.cpp:161]   --->   Operation 39 'readreq' 'empty_280' <Predicate = true> <Delay = 7.30> <CoreInst = "m_axi">   --->   Core 121 'm_axi' <Latency = 0> <II = 1> <Delay = 1.00> <Adapter> <Opcode : 'read' 'write' 'readreq' 'writereq' 'writeresp'>
ST_9 : Operation 40 [1/8] (7.30ns)   --->   "%empty_281 = readreq i1 @_ssdm_op_ReadReq.m_axi.p1i32, i32 %gmem1_addr, i32 %empty" [kyber-mult-kernel-dataflow.cpp:161]   --->   Operation 40 'readreq' 'empty_281' <Predicate = true> <Delay = 7.30> <CoreInst = "m_axi">   --->   Core 121 'm_axi' <Latency = 0> <II = 1> <Delay = 1.00> <Adapter> <Opcode : 'read' 'write' 'readreq' 'writereq' 'writeresp'>

State 10 <SV = 9> <Delay = 0.00>
ST_10 : Operation 41 [1/1] (0.00ns)   --->   "%tmp_s = bitconcatenate i36 @_ssdm_op_BitConcatenate.i36.i32.i4, i32 %batch_read, i4 0"   --->   Operation 41 'bitconcatenate' 'tmp_s' <Predicate = true> <Delay = 0.00>
ST_10 : Operation 42 [1/1] (0.00ns)   --->   "%empty_282 = wait i32 @_ssdm_op_Wait"   --->   Operation 42 'wait' 'empty_282' <Predicate = true> <Delay = 0.00>
ST_10 : Operation 43 [2/2] (0.00ns)   --->   "%call_ln161 = call void @load_all_Pipeline_LD_BLK_LD, i36 %tmp_s, i32 %gmem0, i62 %trunc_ln, i32 %gmem1, i62 %trunc_ln161_1, i192 %sA0, i192 %sB0" [kyber-mult-kernel-dataflow.cpp:161]   --->   Operation 43 'call' 'call_ln161' <Predicate = true> <Delay = 0.00> <CoreType = "Generic">   --->   Core 0 '' <Latency = 0> <II = 1> <Delay = 1.00> <Generic> <Opcode : >

State 11 <SV = 10> <Delay = 0.00>
ST_11 : Operation 44 [1/1] (0.00ns)   --->   "%specinterface_ln0 = specinterface void @_ssdm_op_SpecInterface, i32 %batch_size_c15, void @ap_fifo_str, i32 0, i32 0, void @p_str, i32 0, i32 0, void @p_str, void @p_str, void @p_str, i32 2, i32 2, i32 16, i32 16, void @p_str, void @ScalarProp_str, i32 4294967295, i32 0"   --->   Operation 44 'specinterface' 'specinterface_ln0' <Predicate = true> <Delay = 0.00>
ST_11 : Operation 45 [1/1] (0.00ns)   --->   "%specinterface_ln0 = specinterface void @_ssdm_op_SpecInterface, i192 %sB0, void @empty_163, i32 0, i32 0, void @empty_246, i32 0, i32 0, void @empty_246, void @empty_246, void @empty_246, i32 0, i32 0, i32 0, i32 0, void @empty_246, void @empty_246, i32 4294967295, i32 0"   --->   Operation 45 'specinterface' 'specinterface_ln0' <Predicate = true> <Delay = 0.00>
ST_11 : Operation 46 [1/1] (0.00ns)   --->   "%specinterface_ln0 = specinterface void @_ssdm_op_SpecInterface, i192 %sA0, void @empty_163, i32 0, i32 0, void @empty_246, i32 0, i32 0, void @empty_246, void @empty_246, void @empty_246, i32 0, i32 0, i32 0, i32 0, void @empty_246, void @empty_246, i32 4294967295, i32 0"   --->   Operation 46 'specinterface' 'specinterface_ln0' <Predicate = true> <Delay = 0.00>
ST_11 : Operation 47 [1/1] (0.00ns)   --->   "%specinterface_ln0 = specinterface void @_ssdm_op_SpecInterface, i32 %gmem1, void @empty_236, i32 0, i32 0, void @empty_246, i32 0, i32 8192, void @empty_168, void @empty_47, void @empty_246, i32 16, i32 16, i32 16, i32 16, void @empty_246, void @empty_246, i32 4294967295, i32 0"   --->   Operation 47 'specinterface' 'specinterface_ln0' <Predicate = true> <Delay = 0.00>
ST_11 : Operation 48 [1/1] (0.00ns)   --->   "%specinterface_ln0 = specinterface void @_ssdm_op_SpecInterface, i32 %gmem0, void @empty_236, i32 0, i32 0, void @empty_246, i32 0, i32 8192, void @empty_171, void @empty_47, void @empty_246, i32 16, i32 16, i32 16, i32 16, void @empty_246, void @empty_246, i32 4294967295, i32 0"   --->   Operation 48 'specinterface' 'specinterface_ln0' <Predicate = true> <Delay = 0.00>
ST_11 : Operation 49 [1/2] (0.00ns)   --->   "%call_ln161 = call void @load_all_Pipeline_LD_BLK_LD, i36 %tmp_s, i32 %gmem0, i62 %trunc_ln, i32 %gmem1, i62 %trunc_ln161_1, i192 %sA0, i192 %sB0" [kyber-mult-kernel-dataflow.cpp:161]   --->   Operation 49 'call' 'call_ln161' <Predicate = true> <Delay = 0.00> <CoreType = "Generic">   --->   Core 0 '' <Latency = 0> <II = 1> <Delay = 1.00> <Generic> <Opcode : >
ST_11 : Operation 50 [1/1] (0.00ns)   --->   "%ret_ln175 = ret" [kyber-mult-kernel-dataflow.cpp:175]   --->   Operation 50 'ret' 'ret_ln175' <Predicate = true> <Delay = 0.00>


============================================================
+ Verbose Summary: Timing violations
============================================================
Target clock period: 10.000ns, clock uncertainty: 2.700ns.

 <State 1>: 1.838ns
The critical path consists of the following:
	wire read operation ('batch_read') on port 'batch' [10]  (0.000 ns)
	fifo write operation ('write_ln0') on port 'batch_size_c15' [13]  (1.838 ns)

 <State 2>: 7.300ns
The critical path consists of the following:
	wire read operation ('a_read') on port 'a' [12]  (0.000 ns)
	'getelementptr' operation 32 bit ('gmem0_addr', kyber-mult-kernel-dataflow.cpp:161) [22]  (0.000 ns)
	bus request operation ('empty_280', kyber-mult-kernel-dataflow.cpp:161) on port 'gmem0' (kyber-mult-kernel-dataflow.cpp:161) [24]  (7.300 ns)

 <State 3>: 7.300ns
The critical path consists of the following:
	bus request operation ('empty_280', kyber-mult-kernel-dataflow.cpp:161) on port 'gmem0' (kyber-mult-kernel-dataflow.cpp:161) [24]  (7.300 ns)

 <State 4>: 7.300ns
The critical path consists of the following:
	bus request operation ('empty_280', kyber-mult-kernel-dataflow.cpp:161) on port 'gmem0' (kyber-mult-kernel-dataflow.cpp:161) [24]  (7.300 ns)

 <State 5>: 7.300ns
The critical path consists of the following:
	bus request operation ('empty_280', kyber-mult-kernel-dataflow.cpp:161) on port 'gmem0' (kyber-mult-kernel-dataflow.cpp:161) [24]  (7.300 ns)

 <State 6>: 7.300ns
The critical path consists of the following:
	bus request operation ('empty_280', kyber-mult-kernel-dataflow.cpp:161) on port 'gmem0' (kyber-mult-kernel-dataflow.cpp:161) [24]  (7.300 ns)

 <State 7>: 7.300ns
The critical path consists of the following:
	bus request operation ('empty_280', kyber-mult-kernel-dataflow.cpp:161) on port 'gmem0' (kyber-mult-kernel-dataflow.cpp:161) [24]  (7.300 ns)

 <State 8>: 7.300ns
The critical path consists of the following:
	bus request operation ('empty_280', kyber-mult-kernel-dataflow.cpp:161) on port 'gmem0' (kyber-mult-kernel-dataflow.cpp:161) [24]  (7.300 ns)

 <State 9>: 7.300ns
The critical path consists of the following:
	bus request operation ('empty_280', kyber-mult-kernel-dataflow.cpp:161) on port 'gmem0' (kyber-mult-kernel-dataflow.cpp:161) [24]  (7.300 ns)

 <State 10>: 0.000ns
The critical path consists of the following:

 <State 11>: 0.000ns
The critical path consists of the following:


============================================================
+ Verbose Summary: Binding
============================================================
N/A
* FSMD analyzer results:
  - Output states:
 - Input state : 
  - Chain level:
	State 1
	State 2
	State 3
	State 4
	State 5
	State 6
	State 7
	State 8
	State 9
	State 10
	State 11


============================================================
+ Verbose Summary: Datapath Resource usage 
============================================================
N/A
