

================================================================
== Vitis HLS Report for 'load_all'
================================================================
* Date:           Thu Jun 11 23:16:45 2026

* Version:        2023.2 (Build 4023990 on Oct 11 2023)
* Project:        ntt_kyber
* Solution:       solution1 (Vivado IP Flow Target)
* Product family: zynquplus
* Target device:  xck26-sfvc784-2LV-c


================================================================
== Performance Estimates
================================================================
+ Timing: 
    * Summary: 
    +--------+----------+----------+------------+
    |  Clock |  Target  | Estimated| Uncertainty|
    +--------+----------+----------+------------+
    |ap_clk  |  10.00 ns|  7.300 ns|     2.70 ns|
    +--------+----------+----------+------------+

+ Latency: 
    * Summary: 
    +---------+---------+----------+-----------+-----+------+---------+
    |  Latency (cycles) |  Latency (absolute)  |  Interval  | Pipeline|
    |   min   |   max   |    min   |    max    | min |  max |   Type  |
    +---------+---------+----------+-----------+-----+------+---------+
    |      269|     4109|  2.690 us|  41.090 us|  269|  4109|       no|
    +---------+---------+----------+-----------+-----+------+---------+

    + Detail: 
        * Instance: 
        +----------------------------------------+-----------------------------+---------+---------+----------+-----------+-----+------+---------+
        |                                        |                             |  Latency (cycles) |  Latency (absolute)  |  Interval  | Pipeline|
        |                Instance                |            Module           |   min   |   max   |    min   |    max    | min |  max |   Type  |
        +----------------------------------------+-----------------------------+---------+---------+----------+-----------+-----+------+---------+
        |grp_load_all_Pipeline_LD_BLK_LD_fu_106  |load_all_Pipeline_LD_BLK_LD  |      259|     4099|  2.590 us|  40.990 us|  259|  4099|       no|
        +----------------------------------------+-----------------------------+---------+---------+----------+-----------+-----+------+---------+

        * Loop: 
        N/A



================================================================
== Utilization Estimates
================================================================
* Summary: 
+-----------------+---------+------+--------+--------+-----+
|       Name      | BRAM_18K|  DSP |   FF   |   LUT  | URAM|
+-----------------+---------+------+--------+--------+-----+
|DSP              |        -|     -|       -|       -|    -|
|Expression       |        -|     -|       0|      75|    -|
|FIFO             |        -|     -|       -|       -|    -|
|Instance         |        -|     -|     440|     288|    -|
|Memory           |        -|     -|       -|       -|    -|
|Multiplexer      |        -|     -|       -|     392|    -|
|Register         |        -|     -|     194|       -|    -|
+-----------------+---------+------+--------+--------+-----+
|Total            |        0|     0|     634|     755|    0|
+-----------------+---------+------+--------+--------+-----+
|Available        |      288|  1248|  234240|  117120|   64|
+-----------------+---------+------+--------+--------+-----+
|Utilization (%)  |        0|     0|      ~0|      ~0|    0|
+-----------------+---------+------+--------+--------+-----+

+ Detail: 
    * Instance: 
    +----------------------------------------+-----------------------------+---------+----+-----+-----+-----+
    |                Instance                |            Module           | BRAM_18K| DSP|  FF | LUT | URAM|
    +----------------------------------------+-----------------------------+---------+----+-----+-----+-----+
    |grp_load_all_Pipeline_LD_BLK_LD_fu_106  |load_all_Pipeline_LD_BLK_LD  |        0|   0|  440|  288|    0|
    +----------------------------------------+-----------------------------+---------+----+-----+-----+-----+
    |Total                                   |                             |        0|   0|  440|  288|    0|
    +----------------------------------------+-----------------------------+---------+----+-----+-----+-----+

    * DSP: 
    N/A

    * Memory: 
    N/A

    * FIFO: 
    N/A

    * Expression: 
    +----------------------+----------+----+---+----+------------+------------+
    |     Variable Name    | Operation| DSP| FF| LUT| Bitwidth P0| Bitwidth P1|
    +----------------------+----------+----+---+----+------------+------------+
    |icmp_ln161_fu_121_p2  |      icmp|   0|  0|  39|          32|           1|
    |ap_block_state1       |        or|   0|  0|   2|           1|           1|
    |ap_block_state2_io    |        or|   0|  0|   2|           1|           1|
    |empty_fu_133_p3       |    select|   0|  0|  32|           1|          32|
    +----------------------+----------+----+---+----+------------+------------+
    |Total                 |          |   0|  0|  75|          35|          35|
    +----------------------+----------+----+---+----+------------+------------+

    * Multiplexer: 
    +----------------------+----+-----------+-----+-----------+
    |         Name         | LUT| Input Size| Bits| Total Bits|
    +----------------------+----+-----------+-----+-----------+
    |ap_NS_fsm             |  65|         12|    1|         12|
    |ap_done               |   9|          2|    1|          2|
    |batch_size_c15_blk_n  |   9|          2|    1|          2|
    |gmem0_blk_n_AR        |   9|          2|    1|          2|
    |gmem1_blk_n_AR        |   9|          2|    1|          2|
    |m_axi_gmem0_ARADDR    |  14|          3|   64|        192|
    |m_axi_gmem0_ARBURST   |   9|          2|    2|          4|
    |m_axi_gmem0_ARCACHE   |   9|          2|    4|          8|
    |m_axi_gmem0_ARID      |   9|          2|    1|          2|
    |m_axi_gmem0_ARLEN     |  14|          3|   32|         96|
    |m_axi_gmem0_ARLOCK    |   9|          2|    2|          4|
    |m_axi_gmem0_ARPROT    |   9|          2|    3|          6|
    |m_axi_gmem0_ARQOS     |   9|          2|    4|          8|
    |m_axi_gmem0_ARREGION  |   9|          2|    4|          8|
    |m_axi_gmem0_ARSIZE    |   9|          2|    3|          6|
    |m_axi_gmem0_ARUSER    |   9|          2|    1|          2|
    |m_axi_gmem0_ARVALID   |  14|          3|    1|          3|
    |m_axi_gmem0_RREADY    |   9|          2|    1|          2|
    |m_axi_gmem1_ARADDR    |  14|          3|   64|        192|
    |m_axi_gmem1_ARBURST   |   9|          2|    2|          4|
    |m_axi_gmem1_ARCACHE   |   9|          2|    4|          8|
    |m_axi_gmem1_ARID      |   9|          2|    1|          2|
    |m_axi_gmem1_ARLEN     |  14|          3|   32|         96|
    |m_axi_gmem1_ARLOCK    |   9|          2|    2|          4|
    |m_axi_gmem1_ARPROT    |   9|          2|    3|          6|
    |m_axi_gmem1_ARQOS     |   9|          2|    4|          8|
    |m_axi_gmem1_ARREGION  |   9|          2|    4|          8|
    |m_axi_gmem1_ARSIZE    |   9|          2|    3|          6|
    |m_axi_gmem1_ARUSER    |   9|          2|    1|          2|
    |m_axi_gmem1_ARVALID   |  14|          3|    1|          3|
    |m_axi_gmem1_RREADY    |   9|          2|    1|          2|
    |real_start            |   9|          2|    1|          2|
    |sA0_write             |   9|          2|    1|          2|
    |sB0_write             |   9|          2|    1|          2|
    +----------------------+----+-----------+-----+-----------+
    |Total                 | 392|         84|  252|        708|
    +----------------------+----+-----------+-----+-----------+

    * Register: 
    +-----------------------------------------------------+----+----+-----+-----------+
    |                         Name                        | FF | LUT| Bits| Const Bits|
    +-----------------------------------------------------+----+----+-----+-----------+
    |ap_CS_fsm                                            |  11|   0|   11|          0|
    |ap_done_reg                                          |   1|   0|    1|          0|
    |empty_reg_196                                        |  24|   0|   32|          8|
    |grp_load_all_Pipeline_LD_BLK_LD_fu_106_ap_start_reg  |   1|   0|    1|          0|
    |start_once_reg                                       |   1|   0|    1|          0|
    |tmp_s_reg_222                                        |  32|   0|   36|          4|
    |trunc_ln161_1_reg_212                                |  62|   0|   62|          0|
    |trunc_ln_reg_202                                     |  62|   0|   62|          0|
    +-----------------------------------------------------+----+----+-----+-----------+
    |Total                                                | 194|   0|  206|         12|
    +-----------------------------------------------------+----+----+-----+-----------+



================================================================
== Interface
================================================================
* Summary: 
+-------------------------------+-----+-----+------------+----------------+--------------+
|           RTL Ports           | Dir | Bits|  Protocol  |  Source Object |    C Type    |
+-------------------------------+-----+-----+------------+----------------+--------------+
|ap_clk                         |   in|    1|  ap_ctrl_hs|        load_all|  return value|
|ap_rst                         |   in|    1|  ap_ctrl_hs|        load_all|  return value|
|ap_start                       |   in|    1|  ap_ctrl_hs|        load_all|  return value|
|start_full_n                   |   in|    1|  ap_ctrl_hs|        load_all|  return value|
|ap_done                        |  out|    1|  ap_ctrl_hs|        load_all|  return value|
|ap_continue                    |   in|    1|  ap_ctrl_hs|        load_all|  return value|
|ap_idle                        |  out|    1|  ap_ctrl_hs|        load_all|  return value|
|ap_ready                       |  out|    1|  ap_ctrl_hs|        load_all|  return value|
|start_out                      |  out|    1|  ap_ctrl_hs|        load_all|  return value|
|start_write                    |  out|    1|  ap_ctrl_hs|        load_all|  return value|
|m_axi_gmem0_AWVALID            |  out|    1|       m_axi|           gmem0|       pointer|
|m_axi_gmem0_AWREADY            |   in|    1|       m_axi|           gmem0|       pointer|
|m_axi_gmem0_AWADDR             |  out|   64|       m_axi|           gmem0|       pointer|
|m_axi_gmem0_AWID               |  out|    1|       m_axi|           gmem0|       pointer|
|m_axi_gmem0_AWLEN              |  out|   32|       m_axi|           gmem0|       pointer|
|m_axi_gmem0_AWSIZE             |  out|    3|       m_axi|           gmem0|       pointer|
|m_axi_gmem0_AWBURST            |  out|    2|       m_axi|           gmem0|       pointer|
|m_axi_gmem0_AWLOCK             |  out|    2|       m_axi|           gmem0|       pointer|
|m_axi_gmem0_AWCACHE            |  out|    4|       m_axi|           gmem0|       pointer|
|m_axi_gmem0_AWPROT             |  out|    3|       m_axi|           gmem0|       pointer|
|m_axi_gmem0_AWQOS              |  out|    4|       m_axi|           gmem0|       pointer|
|m_axi_gmem0_AWREGION           |  out|    4|       m_axi|           gmem0|       pointer|
|m_axi_gmem0_AWUSER             |  out|    1|       m_axi|           gmem0|       pointer|
|m_axi_gmem0_WVALID             |  out|    1|       m_axi|           gmem0|       pointer|
|m_axi_gmem0_WREADY             |   in|    1|       m_axi|           gmem0|       pointer|
|m_axi_gmem0_WDATA              |  out|   32|       m_axi|           gmem0|       pointer|
|m_axi_gmem0_WSTRB              |  out|    4|       m_axi|           gmem0|       pointer|
|m_axi_gmem0_WLAST              |  out|    1|       m_axi|           gmem0|       pointer|
|m_axi_gmem0_WID                |  out|    1|       m_axi|           gmem0|       pointer|
|m_axi_gmem0_WUSER              |  out|    1|       m_axi|           gmem0|       pointer|
|m_axi_gmem0_ARVALID            |  out|    1|       m_axi|           gmem0|       pointer|
|m_axi_gmem0_ARREADY            |   in|    1|       m_axi|           gmem0|       pointer|
|m_axi_gmem0_ARADDR             |  out|   64|       m_axi|           gmem0|       pointer|
|m_axi_gmem0_ARID               |  out|    1|       m_axi|           gmem0|       pointer|
|m_axi_gmem0_ARLEN              |  out|   32|       m_axi|           gmem0|       pointer|
|m_axi_gmem0_ARSIZE             |  out|    3|       m_axi|           gmem0|       pointer|
|m_axi_gmem0_ARBURST            |  out|    2|       m_axi|           gmem0|       pointer|
|m_axi_gmem0_ARLOCK             |  out|    2|       m_axi|           gmem0|       pointer|
|m_axi_gmem0_ARCACHE            |  out|    4|       m_axi|           gmem0|       pointer|
|m_axi_gmem0_ARPROT             |  out|    3|       m_axi|           gmem0|       pointer|
|m_axi_gmem0_ARQOS              |  out|    4|       m_axi|           gmem0|       pointer|
|m_axi_gmem0_ARREGION           |  out|    4|       m_axi|           gmem0|       pointer|
|m_axi_gmem0_ARUSER             |  out|    1|       m_axi|           gmem0|       pointer|
|m_axi_gmem0_RVALID             |   in|    1|       m_axi|           gmem0|       pointer|
|m_axi_gmem0_RREADY             |  out|    1|       m_axi|           gmem0|       pointer|
|m_axi_gmem0_RDATA              |   in|   32|       m_axi|           gmem0|       pointer|
|m_axi_gmem0_RLAST              |   in|    1|       m_axi|           gmem0|       pointer|
|m_axi_gmem0_RID                |   in|    1|       m_axi|           gmem0|       pointer|
|m_axi_gmem0_RFIFONUM           |   in|    9|       m_axi|           gmem0|       pointer|
|m_axi_gmem0_RUSER              |   in|    1|       m_axi|           gmem0|       pointer|
|m_axi_gmem0_RRESP              |   in|    2|       m_axi|           gmem0|       pointer|
|m_axi_gmem0_BVALID             |   in|    1|       m_axi|           gmem0|       pointer|
|m_axi_gmem0_BREADY             |  out|    1|       m_axi|           gmem0|       pointer|
|m_axi_gmem0_BRESP              |   in|    2|       m_axi|           gmem0|       pointer|
|m_axi_gmem0_BID                |   in|    1|       m_axi|           gmem0|       pointer|
|m_axi_gmem0_BUSER              |   in|    1|       m_axi|           gmem0|       pointer|
|a                              |   in|   64|     ap_none|               a|        scalar|
|m_axi_gmem1_AWVALID            |  out|    1|       m_axi|           gmem1|       pointer|
|m_axi_gmem1_AWREADY            |   in|    1|       m_axi|           gmem1|       pointer|
|m_axi_gmem1_AWADDR             |  out|   64|       m_axi|           gmem1|       pointer|
|m_axi_gmem1_AWID               |  out|    1|       m_axi|           gmem1|       pointer|
|m_axi_gmem1_AWLEN              |  out|   32|       m_axi|           gmem1|       pointer|
|m_axi_gmem1_AWSIZE             |  out|    3|       m_axi|           gmem1|       pointer|
|m_axi_gmem1_AWBURST            |  out|    2|       m_axi|           gmem1|       pointer|
|m_axi_gmem1_AWLOCK             |  out|    2|       m_axi|           gmem1|       pointer|
|m_axi_gmem1_AWCACHE            |  out|    4|       m_axi|           gmem1|       pointer|
|m_axi_gmem1_AWPROT             |  out|    3|       m_axi|           gmem1|       pointer|
|m_axi_gmem1_AWQOS              |  out|    4|       m_axi|           gmem1|       pointer|
|m_axi_gmem1_AWREGION           |  out|    4|       m_axi|           gmem1|       pointer|
|m_axi_gmem1_AWUSER             |  out|    1|       m_axi|           gmem1|       pointer|
|m_axi_gmem1_WVALID             |  out|    1|       m_axi|           gmem1|       pointer|
|m_axi_gmem1_WREADY             |   in|    1|       m_axi|           gmem1|       pointer|
|m_axi_gmem1_WDATA              |  out|   32|       m_axi|           gmem1|       pointer|
|m_axi_gmem1_WSTRB              |  out|    4|       m_axi|           gmem1|       pointer|
|m_axi_gmem1_WLAST              |  out|    1|       m_axi|           gmem1|       pointer|
|m_axi_gmem1_WID                |  out|    1|       m_axi|           gmem1|       pointer|
|m_axi_gmem1_WUSER              |  out|    1|       m_axi|           gmem1|       pointer|
|m_axi_gmem1_ARVALID            |  out|    1|       m_axi|           gmem1|       pointer|
|m_axi_gmem1_ARREADY            |   in|    1|       m_axi|           gmem1|       pointer|
|m_axi_gmem1_ARADDR             |  out|   64|       m_axi|           gmem1|       pointer|
|m_axi_gmem1_ARID               |  out|    1|       m_axi|           gmem1|       pointer|
|m_axi_gmem1_ARLEN              |  out|   32|       m_axi|           gmem1|       pointer|
|m_axi_gmem1_ARSIZE             |  out|    3|       m_axi|           gmem1|       pointer|
|m_axi_gmem1_ARBURST            |  out|    2|       m_axi|           gmem1|       pointer|
|m_axi_gmem1_ARLOCK             |  out|    2|       m_axi|           gmem1|       pointer|
|m_axi_gmem1_ARCACHE            |  out|    4|       m_axi|           gmem1|       pointer|
|m_axi_gmem1_ARPROT             |  out|    3|       m_axi|           gmem1|       pointer|
|m_axi_gmem1_ARQOS              |  out|    4|       m_axi|           gmem1|       pointer|
|m_axi_gmem1_ARREGION           |  out|    4|       m_axi|           gmem1|       pointer|
|m_axi_gmem1_ARUSER             |  out|    1|       m_axi|           gmem1|       pointer|
|m_axi_gmem1_RVALID             |   in|    1|       m_axi|           gmem1|       pointer|
|m_axi_gmem1_RREADY             |  out|    1|       m_axi|           gmem1|       pointer|
|m_axi_gmem1_RDATA              |   in|   32|       m_axi|           gmem1|       pointer|
|m_axi_gmem1_RLAST              |   in|    1|       m_axi|           gmem1|       pointer|
|m_axi_gmem1_RID                |   in|    1|       m_axi|           gmem1|       pointer|
|m_axi_gmem1_RFIFONUM           |   in|    9|       m_axi|           gmem1|       pointer|
|m_axi_gmem1_RUSER              |   in|    1|       m_axi|           gmem1|       pointer|
|m_axi_gmem1_RRESP              |   in|    2|       m_axi|           gmem1|       pointer|
|m_axi_gmem1_BVALID             |   in|    1|       m_axi|           gmem1|       pointer|
|m_axi_gmem1_BREADY             |  out|    1|       m_axi|           gmem1|       pointer|
|m_axi_gmem1_BRESP              |   in|    2|       m_axi|           gmem1|       pointer|
|m_axi_gmem1_BID                |   in|    1|       m_axi|           gmem1|       pointer|
|m_axi_gmem1_BUSER              |   in|    1|       m_axi|           gmem1|       pointer|
|b                              |   in|   64|     ap_none|               b|        scalar|
|sA0_din                        |  out|  192|     ap_fifo|             sA0|       pointer|
|sA0_num_data_valid             |   in|    6|     ap_fifo|             sA0|       pointer|
|sA0_fifo_cap                   |   in|    6|     ap_fifo|             sA0|       pointer|
|sA0_full_n                     |   in|    1|     ap_fifo|             sA0|       pointer|
|sA0_write                      |  out|    1|     ap_fifo|             sA0|       pointer|
|sB0_din                        |  out|  192|     ap_fifo|             sB0|       pointer|
|sB0_num_data_valid             |   in|    6|     ap_fifo|             sB0|       pointer|
|sB0_fifo_cap                   |   in|    6|     ap_fifo|             sB0|       pointer|
|sB0_full_n                     |   in|    1|     ap_fifo|             sB0|       pointer|
|sB0_write                      |  out|    1|     ap_fifo|             sB0|       pointer|
|batch                          |   in|   32|     ap_none|           batch|        scalar|
|batch_size_c15_din             |  out|   32|     ap_fifo|  batch_size_c15|       pointer|
|batch_size_c15_num_data_valid  |   in|    3|     ap_fifo|  batch_size_c15|       pointer|
|batch_size_c15_fifo_cap        |   in|    3|     ap_fifo|  batch_size_c15|       pointer|
|batch_size_c15_full_n          |   in|    1|     ap_fifo|  batch_size_c15|       pointer|
|batch_size_c15_write           |  out|    1|     ap_fifo|  batch_size_c15|       pointer|
+-------------------------------+-----+-----+------------+----------------+--------------+

============================================================
+ Verbose Summary: Synthesis Manager
============================================================
InlineROM: 1
ExposeGlobal: 0
============================================================
+ Verbose Summary: CDFG Model
============================================================
IsTopModel: 0
ResetActiveHigh: 1
IsCombinational: 2
IsDatapathOnly: 0
HasWiredReturn: 1
HasMFsm: 0
HasVarLatency: 1
IsPipeline: 0
IsRtlPipelined: 0
IsInstanceOverlapped: 0
IsDontTouch: 0
HasImplIP: 0
IsGatedGlobalClock: 0


============================================================
+ Verbose Summary: Schedule
============================================================
* Number of FSM states : 11
* Pipeline : 0
* Dataflow Pipeline: 0

* FSM state transitions: 
1 --> 2 
2 --> 3 
3 --> 4 
4 --> 5 
5 --> 6 
6 --> 7 
7 --> 8 
8 --> 9 
9 --> 10 
10 --> 11 
11 --> 

* FSM state operations: 

State 1 <SV = 0> <Delay = 1.83>
ST_1 : Operation 12 [1/1] (0.00ns)   --->   "%batch_read = read i32 @_ssdm_op_Read.ap_auto.i32, i32 %batch"   --->   Operation 12 'read' 'batch_read' <Predicate = true> <Delay = 0.00>
ST_1 : Operation 13 [1/1] (1.83ns)   --->   "%write_ln0 = write void @_ssdm_op_Write.ap_fifo.i32P0A, i32 %batch_size_c15, i32 %batch_read"   --->   Operation 13 'write' 'write_ln0' <Predicate = true> <Delay = 1.83> <CoreInst = "FIFO_SRL">   --->   Core 81 'FIFO_SRL' <Latency = 0> <II = 1> <Delay = 1.83> <Storage> <Opcode : 'read' 'write' 'nbread' 'nbwrite'> <Ports = 0> <Width = 32> <Depth = 2> <FIFO>
ST_1 : Operation 14 [1/1] (1.01ns)   --->   "%icmp_ln161 = icmp_sgt  i32 %batch_read, i32 0" [kyber-mult-kernel-dataflow.cpp:161]   --->   Operation 14 'icmp' 'icmp_ln161' <Predicate = true> <Delay = 1.01> <CoreInst = "Cmp">   --->   Core 9 'Cmp' <Latency = 0> <II = 1> <Delay = 1.01> <FuncUnit> <Opcode : 'icmp'> <InPorts = 2> <OutPorts = 1>
ST_1 : Operation 15 [1/1] (0.00ns) (grouped into LUT with out node empty)   --->   "%shl_ln161 = shl i32 %batch_read, i32 8" [kyber-mult-kernel-dataflow.cpp:161]   --->   Operation 15 'shl' 'shl_ln161' <Predicate = true> <Delay = 0.00>
ST_1 : Operation 16 [1/1] (0.44ns) (out node of the LUT)   --->   "%empty = select i1 %icmp_ln161, i32 %shl_ln161, i32 0" [kyber-mult-kernel-dataflow.cpp:161]   --->   Operation 16 'select' 'empty' <Predicate = true> <Delay = 0.44> <CoreInst = "Sel">   --->   Core 73 'Sel' <Latency = 0> <II = 1> <Delay = 0.44> <FuncUnit> <Opcode : 'select'> <InPorts = 3> <OutPorts = 1>

State 2 <SV = 1> <Delay = 7.30>
ST_2 : Operation 17 [1/1] (0.00ns)   --->   "%b_read = read i64 @_ssdm_op_Read.ap_auto.i64, i64 %b"   --->   Operation 17 'read' 'b_read' <Predicate = true> <Delay = 0.00>
ST_2 : Operation 18 [1/1] (0.00ns)   --->   "%a_read = read i64 @_ssdm_op_Read.ap_auto.i64, i64 %a"   --->   Operation 18 'read' 'a_read' <Predicate = true> <Delay = 0.00>
ST_2 : Operation 19 [1/1] (0.00ns)   --->   "%trunc_ln = partselect i62 @_ssdm_op_PartSelect.i62.i64.i32.i32, i64 %a_read, i32 2, i32 63" [kyber-mult-kernel-dataflow.cpp:161]   --->   Operation 19 'partselect' 'trunc_ln' <Predicate = true> <Delay = 0.00>
ST_2 : Operation 20 [1/1] (0.00ns)   --->   "%sext_ln161 = sext i62 %trunc_ln" [kyber-mult-kernel-dataflow.cpp:161]   --->   Operation 20 'sext' 'sext_ln161' <Predicate = true> <Delay = 0.00>
ST_2 : Operation 21 [1/1] (0.00ns)   --->   "%gmem0_addr = getelementptr i32 %gmem0, i64 %sext_ln161" [kyber-mult-kernel-dataflow.cpp:161]   --->   Operation 21 'getelementptr' 'gmem0_addr' <Predicate = true> <Delay = 0.00>
ST_2 : Operation 22 [8/8] (7.30ns)   --->   "%empty_280 = readreq i1 @_ssdm_op_ReadReq.m_axi.p1i32, i64 %gmem0_addr, i32 %empty" [kyber-mult-kernel-dataflow.cpp:161]   --->   Operation 22 'readreq' 'empty_280' <Predicate = true> <Delay = 7.30> <CoreInst = "m_axi">   --->   Core 121 'm_axi' <Latency = 0> <II = 1> <Delay = 1.00> <Adapter> <Opcode : 'read' 'write' 'readreq' 'writereq' 'writeresp'>
ST_2 : Operation 23 [1/1] (0.00ns)   --->   "%trunc_ln161_1 = partselect i62 @_ssdm_op_PartSelect.i62.i64.i32.i32, i64 %b_read, i32 2, i32 63" [kyber-mult-kernel-dataflow.cpp:161]   --->   Operation 23 'partselect' 'trunc_ln161_1' <Predicate = true> <Delay = 0.00>
ST_2 : Operation 24 [1/1] (0.00ns)   --->   "%sext_ln161_1 = sext i62 %trunc_ln161_1" [kyber-mult-kernel-dataflow.cpp:161]   --->   Operation 24 'sext' 'sext_ln161_1' <Predicate = true> <Delay = 0.00>
ST_2 : Operation 25 [1/1] (0.00ns)   --->   "%gmem1_addr = getelementptr i32 %gmem1, i64 %sext_ln161_1" [kyber-mult-kernel-dataflow.cpp:161]   --->   Operation 25 'getelementptr' 'gmem1_addr' <Predicate = true> <Delay = 0.00>
ST_2 : Operation 26 [8/8] (7.30ns)   --->   "%empty_281 = readreq i1 @_ssdm_op_ReadReq.m_axi.p1i32, i64 %gmem1_addr, i32 %empty" [kyber-mult-kernel-dataflow.cpp:161]   --->   Operation 26 'readreq' 'empty_281' <Predicate = true> <Delay = 7.30> <CoreInst = "m_axi">   --->   Core 121 'm_axi' <Latency = 0> <II = 1> <Delay = 1.00> <Adapter> <Opcode : 'read' 'write' 'readreq' 'writereq' 'writeresp'>

State 3 <SV = 2> <Delay = 7.30>
ST_3 : Operation 27 [7/8] (7.30ns)   --->   "%empty_280 = readreq i1 @_ssdm_op_ReadReq.m_axi.p1i32, i64 %gmem0_addr, i32 %empty" [kyber-mult-kernel-dataflow.cpp:161]   --->   Operation 27 'readreq' 'empty_280' <Predicate = true> <Delay = 7.30> <CoreInst = "m_axi">   --->   Core 121 'm_axi' <Latency = 0> <II = 1> <Delay = 1.00> <Adapter> <Opcode : 'read' 'write' 'readreq' 'writereq' 'writeresp'>
ST_3 : Operation 28 [7/8] (7.30ns)   --->   "%empty_281 = readreq i1 @_ssdm_op_ReadReq.m_axi.p1i32, i64 %gmem1_addr, i32 %empty" [kyber-mult-kernel-dataflow.cpp:161]   --->   Operation 28 'readreq' 'empty_281' <Predicate = true> <Delay = 7.30> <CoreInst = "m_axi">   --->   Core 121 'm_axi' <Latency = 0> <II = 1> <Delay = 1.00> <Adapter> <Opcode : 'read' 'write' 'readreq' 'writereq' 'writeresp'>

State 4 <SV = 3> <Delay = 7.30>
ST_4 : Operation 29 [6/8] (7.30ns)   --->   "%empty_280 = readreq i1 @_ssdm_op_ReadReq.m_axi.p1i32, i64 %gmem0_addr, i32 %empty" [kyber-mult-kernel-dataflow.cpp:161]   --->   Operation 29 'readreq' 'empty_280' <Predicate = true> <Delay = 7.30> <CoreInst = "m_axi">   --->   Core 121 'm_axi' <Latency = 0> <II = 1> <Delay = 1.00> <Adapter> <Opcode : 'read' 'write' 'readreq' 'writereq' 'writeresp'>
ST_4 : Operation 30 [6/8] (7.30ns)   --->   "%empty_281 = readreq i1 @_ssdm_op_ReadReq.m_axi.p1i32, i64 %gmem1_addr, i32 %empty" [kyber-mult-kernel-dataflow.cpp:161]   --->   Operation 30 'readreq' 'empty_281' <Predicate = true> <Delay = 7.30> <CoreInst = "m_axi">   --->   Core 121 'm_axi' <Latency = 0> <II = 1> <Delay = 1.00> <Adapter> <Opcode : 'read' 'write' 'readreq' 'writereq' 'writeresp'>

State 5 <SV = 4> <Delay = 7.30>
ST_5 : Operation 31 [5/8] (7.30ns)   --->   "%empty_280 = readreq i1 @_ssdm_op_ReadReq.m_axi.p1i32, i64 %gmem0_addr, i32 %empty" [kyber-mult-kernel-dataflow.cpp:161]   --->   Operation 31 'readreq' 'empty_280' <Predicate = true> <Delay = 7.30> <CoreInst = "m_axi">   --->   Core 121 'm_axi' <Latency = 0> <II = 1> <Delay = 1.00> <Adapter> <Opcode : 'read' 'write' 'readreq' 'writereq' 'writeresp'>
ST_5 : Operation 32 [5/8] (7.30ns)   --->   "%empty_281 = readreq i1 @_ssdm_op_ReadReq.m_axi.p1i32, i64 %gmem1_addr, i32 %empty" [kyber-mult-kernel-dataflow.cpp:161]   --->   Operation 32 'readreq' 'empty_281' <Predicate = true> <Delay = 7.30> <CoreInst = "m_axi">   --->   Core 121 'm_axi' <Latency = 0> <II = 1> <Delay = 1.00> <Adapter> <Opcode : 'read' 'write' 'readreq' 'writereq' 'writeresp'>

State 6 <SV = 5> <Delay = 7.30>
ST_6 : Operation 33 [4/8] (7.30ns)   --->   "%empty_280 = readreq i1 @_ssdm_op_ReadReq.m_axi.p1i32, i64 %gmem0_addr, i32 %empty" [kyber-mult-kernel-dataflow.cpp:161]   --->   Operation 33 'readreq' 'empty_280' <Predicate = true> <Delay = 7.30> <CoreInst = "m_axi">   --->   Core 121 'm_axi' <Latency = 0> <II = 1> <Delay = 1.00> <Adapter> <Opcode : 'read' 'write' 'readreq' 'writereq' 'writeresp'>
ST_6 : Operation 34 [4/8] (7.30ns)   --->   "%empty_281 = readreq i1 @_ssdm_op_ReadReq.m_axi.p1i32, i64 %gmem1_addr, i32 %empty" [kyber-mult-kernel-dataflow.cpp:161]   --->   Operation 34 'readreq' 'empty_281' <Predicate = true> <Delay = 7.30> <CoreInst = "m_axi">   --->   Core 121 'm_axi' <Latency = 0> <II = 1> <Delay = 1.00> <Adapter> <Opcode : 'read' 'write' 'readreq' 'writereq' 'writeresp'>

State 7 <SV = 6> <Delay = 7.30>
ST_7 : Operation 35 [3/8] (7.30ns)   --->   "%empty_280 = readreq i1 @_ssdm_op_ReadReq.m_axi.p1i32, i64 %gmem0_addr, i32 %empty" [kyber-mult-kernel-dataflow.cpp:161]   --->   Operation 35 'readreq' 'empty_280' <Predicate = true> <Delay = 7.30> <CoreInst = "m_axi">   --->   Core 121 'm_axi' <Latency = 0> <II = 1> <Delay = 1.00> <Adapter> <Opcode : 'read' 'write' 'readreq' 'writereq' 'writeresp'>
ST_7 : Operation 36 [3/8] (7.30ns)   --->   "%empty_281 = readreq i1 @_ssdm_op_ReadReq.m_axi.p1i32, i64 %gmem1_addr, i32 %empty" [kyber-mult-kernel-dataflow.cpp:161]   --->   Operation 36 'readreq' 'empty_281' <Predicate = true> <Delay = 7.30> <CoreInst = "m_axi">   --->   Core 121 'm_axi' <Latency = 0> <II = 1> <Delay = 1.00> <Adapter> <Opcode : 'read' 'write' 'readreq' 'writereq' 'writeresp'>

State 8 <SV = 7> <Delay = 7.30>
ST_8 : Operation 37 [2/8] (7.30ns)   --->   "%empty_280 = readreq i1 @_ssdm_op_ReadReq.m_axi.p1i32, i64 %gmem0_addr, i32 %empty" [kyber-mult-kernel-dataflow.cpp:161]   --->   Operation 37 'readreq' 'empty_280' <Predicate = true> <Delay = 7.30> <CoreInst = "m_axi">   --->   Core 121 'm_axi' <Latency = 0> <II = 1> <Delay = 1.00> <Adapter> <Opcode : 'read' 'write' 'readreq' 'writereq' 'writeresp'>
ST_8 : Operation 38 [2/8] (7.30ns)   --->   "%empty_281 = readreq i1 @_ssdm_op_ReadReq.m_axi.p1i32, i64 %gmem1_addr, i32 %empty" [kyber-mult-kernel-dataflow.cpp:161]   --->   Operation 38 'readreq' 'empty_281' <Predicate = true> <Delay = 7.30> <CoreInst = "m_axi">   --->   Core 121 'm_axi' <Latency = 0> <II = 1> <Delay = 1.00> <Adapter> <Opcode : 'read' 'write' 'readreq' 'writereq' 'writeresp'>

State 9 <SV = 8> <Delay = 7.30>
ST_9 : Operation 39 [1/8] (7.30ns)   --->   "%empty_280 = readreq i1 @_ssdm_op_ReadReq.m_axi.p1i32, i64 %gmem0_addr, i32 %empty" [kyber-mult-kernel-dataflow.cpp:161]   --->   Operation 39 'readreq' 'empty_280' <Predicate = true> <Delay = 7.30> <CoreInst = "m_axi">   --->   Core 121 'm_axi' <Latency = 0> <II = 1> <Delay = 1.00> <Adapter> <Opcode : 'read' 'write' 'readreq' 'writereq' 'writeresp'>
ST_9 : Operation 40 [1/8] (7.30ns)   --->   "%empty_281 = readreq i1 @_ssdm_op_ReadReq.m_axi.p1i32, i64 %gmem1_addr, i32 %empty" [kyber-mult-kernel-dataflow.cpp:161]   --->   Operation 40 'readreq' 'empty_281' <Predicate = true> <Delay = 7.30> <CoreInst = "m_axi">   --->   Core 121 'm_axi' <Latency = 0> <II = 1> <Delay = 1.00> <Adapter> <Opcode : 'read' 'write' 'readreq' 'writereq' 'writeresp'>

State 10 <SV = 9> <Delay = 0.00>
ST_10 : Operation 41 [1/1] (0.00ns)   --->   "%tmp_s = bitconcatenate i36 @_ssdm_op_BitConcatenate.i36.i32.i4, i32 %batch_read, i4 0"   --->   Operation 41 'bitconcatenate' 'tmp_s' <Predicate = true> <Delay = 0.00>
ST_10 : Operation 42 [1/1] (0.00ns)   --->   "%empty_282 = wait i32 @_ssdm_op_Wait"   --->   Operation 42 'wait' 'empty_282' <Predicate = true> <Delay = 0.00>
ST_10 : Operation 43 [2/2] (0.00ns)   --->   "%call_ln161 = call void @load_all_Pipeline_LD_BLK_LD, i36 %tmp_s, i32 %gmem0, i62 %trunc_ln, i32 %gmem1, i62 %trunc_ln161_1, i192 %sA0, i192 %sB0" [kyber-mult-kernel-dataflow.cpp:161]   --->   Operation 43 'call' 'call_ln161' <Predicate = true> <Delay = 0.00> <CoreType = "Generic">   --->   Core 0 '' <Latency = 0> <II = 1> <Delay = 1.00> <Generic> <Opcode : >

State 11 <SV = 10> <Delay = 0.00>
ST_11 : Operation 44 [1/1] (0.00ns)   --->   "%specinterface_ln0 = specinterface void @_ssdm_op_SpecInterface, i32 %batch_size_c15, void @ap_fifo_str, i32 0, i32 0, void @p_str, i32 0, i32 0, void @p_str, void @p_str, void @p_str, i32 2, i32 2, i32 16, i32 16, void @p_str, void @ScalarProp_str, i32 4294967295, i32 0"   --->   Operation 44 'specinterface' 'specinterface_ln0' <Predicate = true> <Delay = 0.00>
ST_11 : Operation 45 [1/1] (0.00ns)   --->   "%specinterface_ln0 = specinterface void @_ssdm_op_SpecInterface, i192 %sB0, void @empty_163, i32 0, i32 0, void @empty_246, i32 0, i32 0, void @empty_246, void @empty_246, void @empty_246, i32 0, i32 0, i32 0, i32 0, void @empty_246, void @empty_246, i32 4294967295, i32 0"   --->   Operation 45 'specinterface' 'specinterface_ln0' <Predicate = true> <Delay = 0.00>
ST_11 : Operation 46 [1/1] (0.00ns)   --->   "%specinterface_ln0 = specinterface void @_ssdm_op_SpecInterface, i192 %sA0, void @empty_163, i32 0, i32 0, void @empty_246, i32 0, i32 0, void @empty_246, void @empty_246, void @empty_246, i32 0, i32 0, i32 0, i32 0, void @empty_246, void @empty_246, i32 4294967295, i32 0"   --->   Operation 46 'specinterface' 'specinterface_ln0' <Predicate = true> <Delay = 0.00>
ST_11 : Operation 47 [1/1] (0.00ns)   --->   "%specinterface_ln0 = specinterface void @_ssdm_op_SpecInterface, i32 %gmem1, void @empty_236, i32 0, i32 0, void @empty_246, i32 0, i32 8192, void @empty_168, void @empty_47, void @empty_246, i32 16, i32 16, i32 16, i32 16, void @empty_246, void @empty_246, i32 4294967295, i32 0"   --->   Operation 47 'specinterface' 'specinterface_ln0' <Predicate = true> <Delay = 0.00>
ST_11 : Operation 48 [1/1] (0.00ns)   --->   "%specinterface_ln0 = specinterface void @_ssdm_op_SpecInterface, i32 %gmem0, void @empty_236, i32 0, i32 0, void @empty_246, i32 0, i32 8192, void @empty_171, void @empty_47, void @empty_246, i32 16, i32 16, i32 16, i32 16, void @empty_246, void @empty_246, i32 4294967295, i32 0"   --->   Operation 48 'specinterface' 'specinterface_ln0' <Predicate = true> <Delay = 0.00>
ST_11 : Operation 49 [1/2] (0.00ns)   --->   "%call_ln161 = call void @load_all_Pipeline_LD_BLK_LD, i36 %tmp_s, i32 %gmem0, i62 %trunc_ln, i32 %gmem1, i62 %trunc_ln161_1, i192 %sA0, i192 %sB0" [kyber-mult-kernel-dataflow.cpp:161]   --->   Operation 49 'call' 'call_ln161' <Predicate = true> <Delay = 0.00> <CoreType = "Generic">   --->   Core 0 '' <Latency = 0> <II = 1> <Delay = 1.00> <Generic> <Opcode : >
ST_11 : Operation 50 [1/1] (0.00ns)   --->   "%ret_ln175 = ret" [kyber-mult-kernel-dataflow.cpp:175]   --->   Operation 50 'ret' 'ret_ln175' <Predicate = true> <Delay = 0.00>


============================================================
+ Verbose Summary: Binding
============================================================
STG Binding: 
---------------- STG Properties BEGIN ----------------
- Is combinational: 0
- Is one-state seq: 0
- Is datapath-only: 0
- Is pipelined: 0
- Is top level: 0
Port [ Return ] is wired: 1; IO mode=ap_ctrl_hs:ce=0
Port [ gmem0]:  wired=1; compound=1; hidden=0; nouse=0; global=0; static=0; extern=0; dir=0; type=4; pingpong=0; private_global=0; IO mode=m_axi:ce=0
Port [ a]:  wired=1; compound=0; hidden=0; nouse=0; global=0; static=0; extern=0; dir=0; type=0; pingpong=0; private_global=0; IO mode=ap_none:ce=0
Port [ gmem1]:  wired=1; compound=1; hidden=0; nouse=0; global=0; static=0; extern=0; dir=0; type=4; pingpong=0; private_global=0; IO mode=m_axi:ce=0
Port [ b]:  wired=1; compound=0; hidden=0; nouse=0; global=0; static=0; extern=0; dir=0; type=0; pingpong=0; private_global=0; IO mode=ap_none:ce=0
Port [ sA0]:  wired=1; compound=1; hidden=0; nouse=0; global=0; static=0; extern=0; dir=1; type=3; pingpong=0; private_global=0; IO mode=ap_fifo:ce=0
Port [ sB0]:  wired=1; compound=1; hidden=0; nouse=0; global=0; static=0; extern=0; dir=1; type=3; pingpong=0; private_global=0; IO mode=ap_fifo:ce=0
Port [ batch]:  wired=1; compound=0; hidden=0; nouse=0; global=0; static=0; extern=0; dir=0; type=0; pingpong=0; private_global=0; IO mode=ap_none:ce=0
Port [ batch_size_c15]:  wired=1; compound=1; hidden=0; nouse=0; global=0; static=0; extern=0; dir=1; type=3; pingpong=0; private_global=0; IO mode=ap_fifo:ce=0
---------------- STG Properties END ------------------

---------------- Datapath Model BEGIN ----------------

<LifeTime>
<method=bitvector/>
batch_read        (read          ) [ 001111111110]
write_ln0         (write         ) [ 000000000000]
icmp_ln161        (icmp          ) [ 000000000000]
shl_ln161         (shl           ) [ 000000000000]
empty             (select        ) [ 001111111100]
b_read            (read          ) [ 000000000000]
a_read            (read          ) [ 000000000000]
trunc_ln          (partselect    ) [ 000111111111]
sext_ln161        (sext          ) [ 000000000000]
gmem0_addr        (getelementptr ) [ 000111111100]
trunc_ln161_1     (partselect    ) [ 000111111111]
sext_ln161_1      (sext          ) [ 000000000000]
gmem1_addr        (getelementptr ) [ 000111111100]
empty_280         (readreq       ) [ 000000000000]
empty_281         (readreq       ) [ 000000000000]
tmp_s             (bitconcatenate) [ 000000000001]
empty_282         (wait          ) [ 000000000000]
specinterface_ln0 (specinterface ) [ 000000000000]
specinterface_ln0 (specinterface ) [ 000000000000]
specinterface_ln0 (specinterface ) [ 000000000000]
specinterface_ln0 (specinterface ) [ 000000000000]
specinterface_ln0 (specinterface ) [ 000000000000]
call_ln161        (call          ) [ 000000000000]
ret_ln175         (ret           ) [ 000000000000]
</LifeTime>

<model>

<comp_list>
<comp id="0" class="1000" name="gmem0">
<pin_list>
<pin id="1" dir="1" index="0" bw="1" slack="0"/>
</pin_list>
<bind>
<StgValue><ssdm name="gmem0"/></StgValue>
</bind>
</comp>

<comp id="2" class="1000" name="a">
<pin_list>
<pin id="3" dir="1" index="0" bw="1" slack="0"/>
</pin_list>
<bind>
<StgValue><ssdm name="a"/></StgValue>
</bind>
</comp>

<comp id="4" class="1000" name="gmem1">
<pin_list>
<pin id="5" dir="1" index="0" bw="1" slack="0"/>
</pin_list>
<bind>
<StgValue><ssdm name="gmem1"/></StgValue>
</bind>
</comp>

<comp id="6" class="1000" name="b">
<pin_list>
<pin id="7" dir="1" index="0" bw="1" slack="0"/>
</pin_list>
<bind>
<StgValue><ssdm name="b"/></StgValue>
</bind>
</comp>

<comp id="8" class="1000" name="sA0">
<pin_list>
<pin id="9" dir="1" index="0" bw="1" slack="0"/>
</pin_list>
<bind>
<StgValue><ssdm name="sA0"/></StgValue>
</bind>
</comp>

<comp id="10" class="1000" name="sB0">
<pin_list>
<pin id="11" dir="1" index="0" bw="1" slack="0"/>
</pin_list>
<bind>
<StgValue><ssdm name="sB0"/></StgValue>
</bind>
</comp>

<comp id="12" class="1000" name="batch">
<pin_list>
<pin id="13" dir="1" index="0" bw="1" slack="0"/>
</pin_list>
<bind>
<StgValue><ssdm name="batch"/></StgValue>
</bind>
</comp>

<comp id="14" class="1000" name="batch_size_c15">
<pin_list>
<pin id="15" dir="1" index="0" bw="1" slack="0"/>
</pin_list>
<bind>
<StgValue><ssdm name="batch_size_c15"/></StgValue>
</bind>
</comp>

<comp id="16" class="1001" name="const_16">
<pin_list>
<pin id="17" dir="1" index="0" bw="1" slack="0"/>
</pin_list>
<bind>
<StgValue><ssdm name="_ssdm_op_Read.ap_auto.i32"/></StgValue>
</bind>
</comp>

<comp id="18" class="1001" name="const_18">
<pin_list>
<pin id="19" dir="1" index="0" bw="1" slack="0"/>
</pin_list>
<bind>
<StgValue><ssdm name="_ssdm_op_Write.ap_fifo.i32P0A"/></StgValue>
</bind>
</comp>

<comp id="20" class="1001" name="const_20">
<pin_list>
<pin id="21" dir="1" index="0" bw="1" slack="0"/>
</pin_list>
<bind>
<StgValue><ssdm name=""/></StgValue>
</bind>
</comp>

<comp id="22" class="1001" name="const_22">
<pin_list>
<pin id="23" dir="1" index="0" bw="1" slack="0"/>
</pin_list>
<bind>
<StgValue><ssdm name=""/></StgValue>
</bind>
</comp>

<comp id="24" class="1001" name="const_24">
<pin_list>
<pin id="25" dir="1" index="0" bw="1" slack="0"/>
</pin_list>
<bind>
<StgValue><ssdm name="_ssdm_op_Read.ap_auto.i64"/></StgValue>
</bind>
</comp>

<comp id="26" class="1001" name="const_26">
<pin_list>
<pin id="27" dir="1" index="0" bw="1" slack="0"/>
</pin_list>
<bind>
<StgValue><ssdm name="_ssdm_op_PartSelect.i62.i64.i32.i32"/></StgValue>
</bind>
</comp>

<comp id="28" class="1001" name="const_28">
<pin_list>
<pin id="29" dir="1" index="0" bw="1" slack="0"/>
</pin_list>
<bind>
<StgValue><ssdm name=""/></StgValue>
</bind>
</comp>

<comp id="30" class="1001" name="const_30">
<pin_list>
<pin id="31" dir="1" index="0" bw="1" slack="0"/>
</pin_list>
<bind>
<StgValue><ssdm name=""/></StgValue>
</bind>
</comp>

<comp id="32" class="1001" name="const_32">
<pin_list>
<pin id="33" dir="1" index="0" bw="1" slack="0"/>
</pin_list>
<bind>
<StgValue><ssdm name="_ssdm_op_ReadReq.m_axi.p1i32"/></StgValue>
</bind>
</comp>

<comp id="34" class="1001" name="const_34">
<pin_list>
<pin id="35" dir="1" index="0" bw="1" slack="0"/>
</pin_list>
<bind>
<StgValue><ssdm name="_ssdm_op_BitConcatenate.i36.i32.i4"/></StgValue>
</bind>
</comp>

<comp id="36" class="1001" name="const_36">
<pin_list>
<pin id="37" dir="1" index="0" bw="1" slack="0"/>
</pin_list>
<bind>
<StgValue><ssdm name=""/></StgValue>
</bind>
</comp>

<comp id="38" class="1001" name="const_38">
<pin_list>
<pin id="39" dir="1" index="0" bw="1" slack="2147483647"/>
</pin_list>
<bind>
<StgValue><ssdm name="_ssdm_op_Wait"/></StgValue>
</bind>
</comp>

<comp id="40" class="1001" name="const_40">
<pin_list>
<pin id="41" dir="1" index="0" bw="1" slack="0"/>
</pin_list>
<bind>
<StgValue><ssdm name="load_all_Pipeline_LD_BLK_LD"/></StgValue>
</bind>
</comp>

<comp id="42" class="1001" name="const_42">
<pin_list>
<pin id="43" dir="1" index="0" bw="1" slack="2147483647"/>
</pin_list>
<bind>
<StgValue><ssdm name="_ssdm_op_SpecInterface"/></StgValue>
</bind>
</comp>

<comp id="44" class="1001" name="const_44">
<pin_list>
<pin id="45" dir="1" index="0" bw="1" slack="2147483647"/>
</pin_list>
<bind>
<StgValue><ssdm name="ap_fifo_str"/></StgValue>
</bind>
</comp>

<comp id="46" class="1001" name="const_46">
<pin_list>
<pin id="47" dir="1" index="0" bw="1" slack="2147483647"/>
</pin_list>
<bind>
<StgValue><ssdm name="p_str"/></StgValue>
</bind>
</comp>

<comp id="48" class="1001" name="const_48">
<pin_list>
<pin id="49" dir="1" index="0" bw="1" slack="2147483647"/>
</pin_list>
<bind>
<StgValue><ssdm name=""/></StgValue>
</bind>
</comp>

<comp id="50" class="1001" name="const_50">
<pin_list>
<pin id="51" dir="1" index="0" bw="1" slack="2147483647"/>
</pin_list>
<bind>
<StgValue><ssdm name="ScalarProp_str"/></StgValue>
</bind>
</comp>

<comp id="52" class="1001" name="const_52">
<pin_list>
<pin id="53" dir="1" index="0" bw="1" slack="2147483647"/>
</pin_list>
<bind>
<StgValue><ssdm name=""/></StgValue>
</bind>
</comp>

<comp id="54" class="1001" name="const_54">
<pin_list>
<pin id="55" dir="1" index="0" bw="1" slack="2147483647"/>
</pin_list>
<bind>
<StgValue><ssdm name="empty_163"/></StgValue>
</bind>
</comp>

<comp id="56" class="1001" name="const_56">
<pin_list>
<pin id="57" dir="1" index="0" bw="1" slack="2147483647"/>
</pin_list>
<bind>
<StgValue><ssdm name="empty_246"/></StgValue>
</bind>
</comp>

<comp id="58" class="1001" name="const_58">
<pin_list>
<pin id="59" dir="1" index="0" bw="1" slack="2147483647"/>
</pin_list>
<bind>
<StgValue><ssdm name="empty_236"/></StgValue>
</bind>
</comp>

<comp id="60" class="1001" name="const_60">
<pin_list>
<pin id="61" dir="1" index="0" bw="1" slack="2147483647"/>
</pin_list>
<bind>
<StgValue><ssdm name=""/></StgValue>
</bind>
</comp>

<comp id="62" class="1001" name="const_62">
<pin_list>
<pin id="63" dir="1" index="0" bw="1" slack="2147483647"/>
</pin_list>
<bind>
<StgValue><ssdm name="empty_168"/></StgValue>
</bind>
</comp>

<comp id="64" class="1001" name="const_64">
<pin_list>
<pin id="65" dir="1" index="0" bw="1" slack="2147483647"/>
</pin_list>
<bind>
<StgValue><ssdm name="empty_47"/></StgValue>
</bind>
</comp>

<comp id="66" class="1001" name="const_66">
<pin_list>
<pin id="67" dir="1" index="0" bw="1" slack="2147483647"/>
</pin_list>
<bind>
<StgValue><ssdm name="empty_171"/></StgValue>
</bind>
</comp>

<comp id="68" class="1004" name="batch_read_read_fu_68">
<pin_list>
<pin id="69" dir="0" index="0" bw="32" slack="0"/>
<pin id="70" dir="0" index="1" bw="32" slack="0"/>
<pin id="71" dir="1" index="2" bw="32" slack="0"/>
</pin_list>
<bind>
<opcode="read(1150) " fcode="read"/>
<opset="batch_read/1 "/>
</bind>
</comp>

<comp id="74" class="1004" name="write_ln0_write_fu_74">
<pin_list>
<pin id="75" dir="0" index="0" bw="0" slack="0"/>
<pin id="76" dir="0" index="1" bw="32" slack="0"/>
<pin id="77" dir="0" index="2" bw="32" slack="0"/>
<pin id="78" dir="1" index="3" bw="0" slack="2147483647"/>
</pin_list>
<bind>
<opcode="write(1151) " fcode="write"/>
<opset="write_ln0/1 "/>
</bind>
</comp>

<comp id="82" class="1004" name="b_read_read_fu_82">
<pin_list>
<pin id="83" dir="0" index="0" bw="64" slack="0"/>
<pin id="84" dir="0" index="1" bw="64" slack="0"/>
<pin id="85" dir="1" index="2" bw="64" slack="0"/>
</pin_list>
<bind>
<opcode="read(1150) " fcode="read"/>
<opset="b_read/2 "/>
</bind>
</comp>

<comp id="88" class="1004" name="a_read_read_fu_88">
<pin_list>
<pin id="89" dir="0" index="0" bw="64" slack="0"/>
<pin id="90" dir="0" index="1" bw="64" slack="0"/>
<pin id="91" dir="1" index="2" bw="64" slack="0"/>
</pin_list>
<bind>
<opcode="read(1150) " fcode="read"/>
<opset="a_read/2 "/>
</bind>
</comp>

<comp id="94" class="1004" name="grp_readreq_fu_94">
<pin_list>
<pin id="95" dir="0" index="0" bw="1" slack="0"/>
<pin id="96" dir="0" index="1" bw="32" slack="0"/>
<pin id="97" dir="0" index="2" bw="32" slack="1"/>
<pin id="98" dir="1" index="3" bw="1" slack="2147483647"/>
</pin_list>
<bind>
<opcode="readreq(1154) " fcode="readreq"/>
<opset="empty_280/2 "/>
</bind>
</comp>

<comp id="100" class="1004" name="grp_readreq_fu_100">
<pin_list>
<pin id="101" dir="0" index="0" bw="1" slack="0"/>
<pin id="102" dir="0" index="1" bw="32" slack="0"/>
<pin id="103" dir="0" index="2" bw="32" slack="1"/>
<pin id="104" dir="1" index="3" bw="1" slack="2147483647"/>
</pin_list>
<bind>
<opcode="readreq(1154) " fcode="readreq"/>
<opset="empty_281/2 "/>
</bind>
</comp>

<comp id="106" class="1004" name="grp_load_all_Pipeline_LD_BLK_LD_fu_106">
<pin_list>
<pin id="107" dir="0" index="0" bw="0" slack="0"/>
<pin id="108" dir="0" index="1" bw="36" slack="0"/>
<pin id="109" dir="0" index="2" bw="32" slack="0"/>
<pin id="110" dir="0" index="3" bw="62" slack="8"/>
<pin id="111" dir="0" index="4" bw="32" slack="0"/>
<pin id="112" dir="0" index="5" bw="62" slack="8"/>
<pin id="113" dir="0" index="6" bw="192" slack="0"/>
<pin id="114" dir="0" index="7" bw="192" slack="0"/>
<pin id="115" dir="1" index="8" bw="0" slack="2147483647"/>
</pin_list>
<bind>
<opcode="call(48) " fcode="call"/>
<opset="call_ln161/10 "/>
</bind>
</comp>

<comp id="121" class="1004" name="icmp_ln161_fu_121">
<pin_list>
<pin id="122" dir="0" index="0" bw="32" slack="0"/>
<pin id="123" dir="0" index="1" bw="32" slack="0"/>
<pin id="124" dir="1" index="2" bw="1" slack="0"/>
</pin_list>
<bind>
<opcode="icmp(45) " fcode="icmp"/>
<opset="icmp_ln161/1 "/>
</bind>
</comp>

<comp id="127" class="1004" name="shl_ln161_fu_127">
<pin_list>
<pin id="128" dir="0" index="0" bw="32" slack="0"/>
<pin id="129" dir="0" index="1" bw="5" slack="0"/>
<pin id="130" dir="1" index="2" bw="32" slack="0"/>
</pin_list>
<bind>
<opcode="shl(20) " fcode="shl"/>
<opset="shl_ln161/1 "/>
</bind>
</comp>

<comp id="133" class="1004" name="empty_fu_133">
<pin_list>
<pin id="134" dir="0" index="0" bw="1" slack="0"/>
<pin id="135" dir="0" index="1" bw="32" slack="0"/>
<pin id="136" dir="0" index="2" bw="32" slack="0"/>
<pin id="137" dir="1" index="3" bw="32" slack="1"/>
</pin_list>
<bind>
<opcode="select(49) " fcode="select"/>
<opset="empty/1 "/>
</bind>
</comp>

<comp id="141" class="1004" name="trunc_ln_fu_141">
<pin_list>
<pin id="142" dir="0" index="0" bw="62" slack="0"/>
<pin id="143" dir="0" index="1" bw="64" slack="0"/>
<pin id="144" dir="0" index="2" bw="3" slack="0"/>
<pin id="145" dir="0" index="3" bw="7" slack="0"/>
<pin id="146" dir="1" index="4" bw="62" slack="0"/>
</pin_list>
<bind>
<opcode="partselect(1002) " fcode="partselect"/>
<opset="trunc_ln/2 "/>
</bind>
</comp>

<comp id="151" class="1004" name="sext_ln161_fu_151">
<pin_list>
<pin id="152" dir="0" index="0" bw="62" slack="0"/>
<pin id="153" dir="1" index="1" bw="64" slack="0"/>
</pin_list>
<bind>
<opcode="sext(35) " fcode="sext"/>
<opset="sext_ln161/2 "/>
</bind>
</comp>

<comp id="155" class="1004" name="gmem0_addr_fu_155">
<pin_list>
<pin id="156" dir="0" index="0" bw="64" slack="0"/>
<pin id="157" dir="0" index="1" bw="64" slack="0"/>
<pin id="158" dir="1" index="2" bw="64" slack="0"/>
</pin_list>
<bind>
<opcode="getelementptr(29) " fcode="getelementptr"/>
<opset="gmem0_addr/2 "/>
</bind>
</comp>

<comp id="162" class="1004" name="trunc_ln161_1_fu_162">
<pin_list>
<pin id="163" dir="0" index="0" bw="62" slack="0"/>
<pin id="164" dir="0" index="1" bw="64" slack="0"/>
<pin id="165" dir="0" index="2" bw="3" slack="0"/>
<pin id="166" dir="0" index="3" bw="7" slack="0"/>
<pin id="167" dir="1" index="4" bw="62" slack="0"/>
</pin_list>
<bind>
<opcode="partselect(1002) " fcode="partselect"/>
<opset="trunc_ln161_1/2 "/>
</bind>
</comp>

<comp id="172" class="1004" name="sext_ln161_1_fu_172">
<pin_list>
<pin id="173" dir="0" index="0" bw="62" slack="0"/>
<pin id="174" dir="1" index="1" bw="64" slack="0"/>
</pin_list>
<bind>
<opcode="sext(35) " fcode="sext"/>
<opset="sext_ln161_1/2 "/>
</bind>
</comp>

<comp id="176" class="1004" name="gmem1_addr_fu_176">
<pin_list>
<pin id="177" dir="0" index="0" bw="64" slack="0"/>
<pin id="178" dir="0" index="1" bw="64" slack="0"/>
<pin id="179" dir="1" index="2" bw="64" slack="0"/>
</pin_list>
<bind>
<opcode="getelementptr(29) " fcode="getelementptr"/>
<opset="gmem1_addr/2 "/>
</bind>
</comp>

<comp id="183" class="1004" name="tmp_s_fu_183">
<pin_list>
<pin id="184" dir="0" index="0" bw="36" slack="0"/>
<pin id="185" dir="0" index="1" bw="32" slack="9"/>
<pin id="186" dir="0" index="2" bw="1" slack="0"/>
<pin id="187" dir="1" index="3" bw="36" slack="0"/>
</pin_list>
<bind>
<opcode="bitconcatenate(1004) " fcode="bitconcatenate"/>
<opset="tmp_s/10 "/>
</bind>
</comp>

<comp id="191" class="1005" name="batch_read_reg_191">
<pin_list>
<pin id="192" dir="0" index="0" bw="32" slack="9"/>
<pin id="193" dir="1" index="1" bw="32" slack="9"/>
</pin_list>
<bind>
<opset="batch_read "/>
</bind>
</comp>

<comp id="196" class="1005" name="empty_reg_196">
<pin_list>
<pin id="197" dir="0" index="0" bw="32" slack="1"/>
<pin id="198" dir="1" index="1" bw="32" slack="1"/>
</pin_list>
<bind>
<opset="empty "/>
</bind>
</comp>

<comp id="202" class="1005" name="trunc_ln_reg_202">
<pin_list>
<pin id="203" dir="0" index="0" bw="62" slack="8"/>
<pin id="204" dir="1" index="1" bw="62" slack="8"/>
</pin_list>
<bind>
<opset="trunc_ln "/>
</bind>
</comp>

<comp id="207" class="1005" name="gmem0_addr_reg_207">
<pin_list>
<pin id="208" dir="0" index="0" bw="32" slack="1"/>
<pin id="209" dir="1" index="1" bw="32" slack="1"/>
</pin_list>
<bind>
<opset="gmem0_addr "/>
</bind>
</comp>

<comp id="212" class="1005" name="trunc_ln161_1_reg_212">
<pin_list>
<pin id="213" dir="0" index="0" bw="62" slack="8"/>
<pin id="214" dir="1" index="1" bw="62" slack="8"/>
</pin_list>
<bind>
<opset="trunc_ln161_1 "/>
</bind>
</comp>

<comp id="217" class="1005" name="gmem1_addr_reg_217">
<pin_list>
<pin id="218" dir="0" index="0" bw="32" slack="1"/>
<pin id="219" dir="1" index="1" bw="32" slack="1"/>
</pin_list>
<bind>
<opset="gmem1_addr "/>
</bind>
</comp>

<comp id="222" class="1005" name="tmp_s_reg_222">
<pin_list>
<pin id="223" dir="0" index="0" bw="36" slack="1"/>
<pin id="224" dir="1" index="1" bw="36" slack="1"/>
</pin_list>
<bind>
<opset="tmp_s "/>
</bind>
</comp>

</comp_list>

<net_list>
<net id="72"><net_src comp="16" pin="0"/><net_sink comp="68" pin=0"/></net>

<net id="73"><net_src comp="12" pin="0"/><net_sink comp="68" pin=1"/></net>

<net id="79"><net_src comp="18" pin="0"/><net_sink comp="74" pin=0"/></net>

<net id="80"><net_src comp="14" pin="0"/><net_sink comp="74" pin=1"/></net>

<net id="81"><net_src comp="68" pin="2"/><net_sink comp="74" pin=2"/></net>

<net id="86"><net_src comp="24" pin="0"/><net_sink comp="82" pin=0"/></net>

<net id="87"><net_src comp="6" pin="0"/><net_sink comp="82" pin=1"/></net>

<net id="92"><net_src comp="24" pin="0"/><net_sink comp="88" pin=0"/></net>

<net id="93"><net_src comp="2" pin="0"/><net_sink comp="88" pin=1"/></net>

<net id="99"><net_src comp="32" pin="0"/><net_sink comp="94" pin=0"/></net>

<net id="105"><net_src comp="32" pin="0"/><net_sink comp="100" pin=0"/></net>

<net id="116"><net_src comp="40" pin="0"/><net_sink comp="106" pin=0"/></net>

<net id="117"><net_src comp="0" pin="0"/><net_sink comp="106" pin=2"/></net>

<net id="118"><net_src comp="4" pin="0"/><net_sink comp="106" pin=4"/></net>

<net id="119"><net_src comp="8" pin="0"/><net_sink comp="106" pin=6"/></net>

<net id="120"><net_src comp="10" pin="0"/><net_sink comp="106" pin=7"/></net>

<net id="125"><net_src comp="68" pin="2"/><net_sink comp="121" pin=0"/></net>

<net id="126"><net_src comp="20" pin="0"/><net_sink comp="121" pin=1"/></net>

<net id="131"><net_src comp="68" pin="2"/><net_sink comp="127" pin=0"/></net>

<net id="132"><net_src comp="22" pin="0"/><net_sink comp="127" pin=1"/></net>

<net id="138"><net_src comp="121" pin="2"/><net_sink comp="133" pin=0"/></net>

<net id="139"><net_src comp="127" pin="2"/><net_sink comp="133" pin=1"/></net>

<net id="140"><net_src comp="20" pin="0"/><net_sink comp="133" pin=2"/></net>

<net id="147"><net_src comp="26" pin="0"/><net_sink comp="141" pin=0"/></net>

<net id="148"><net_src comp="88" pin="2"/><net_sink comp="141" pin=1"/></net>

<net id="149"><net_src comp="28" pin="0"/><net_sink comp="141" pin=2"/></net>

<net id="150"><net_src comp="30" pin="0"/><net_sink comp="141" pin=3"/></net>

<net id="154"><net_src comp="141" pin="4"/><net_sink comp="151" pin=0"/></net>

<net id="159"><net_src comp="0" pin="0"/><net_sink comp="155" pin=0"/></net>

<net id="160"><net_src comp="151" pin="1"/><net_sink comp="155" pin=1"/></net>

<net id="161"><net_src comp="155" pin="2"/><net_sink comp="94" pin=1"/></net>

<net id="168"><net_src comp="26" pin="0"/><net_sink comp="162" pin=0"/></net>

<net id="169"><net_src comp="82" pin="2"/><net_sink comp="162" pin=1"/></net>

<net id="170"><net_src comp="28" pin="0"/><net_sink comp="162" pin=2"/></net>

<net id="171"><net_src comp="30" pin="0"/><net_sink comp="162" pin=3"/></net>

<net id="175"><net_src comp="162" pin="4"/><net_sink comp="172" pin=0"/></net>

<net id="180"><net_src comp="4" pin="0"/><net_sink comp="176" pin=0"/></net>

<net id="181"><net_src comp="172" pin="1"/><net_sink comp="176" pin=1"/></net>

<net id="182"><net_src comp="176" pin="2"/><net_sink comp="100" pin=1"/></net>

<net id="188"><net_src comp="34" pin="0"/><net_sink comp="183" pin=0"/></net>

<net id="189"><net_src comp="36" pin="0"/><net_sink comp="183" pin=2"/></net>

<net id="190"><net_src comp="183" pin="3"/><net_sink comp="106" pin=1"/></net>

<net id="194"><net_src comp="68" pin="2"/><net_sink comp="191" pin=0"/></net>

<net id="195"><net_src comp="191" pin="1"/><net_sink comp="183" pin=1"/></net>

<net id="199"><net_src comp="133" pin="3"/><net_sink comp="196" pin=0"/></net>

<net id="200"><net_src comp="196" pin="1"/><net_sink comp="94" pin=2"/></net>

<net id="201"><net_src comp="196" pin="1"/><net_sink comp="100" pin=2"/></net>

<net id="205"><net_src comp="141" pin="4"/><net_sink comp="202" pin=0"/></net>

<net id="206"><net_src comp="202" pin="1"/><net_sink comp="106" pin=3"/></net>

<net id="210"><net_src comp="155" pin="2"/><net_sink comp="207" pin=0"/></net>

<net id="211"><net_src comp="207" pin="1"/><net_sink comp="94" pin=1"/></net>

<net id="215"><net_src comp="162" pin="4"/><net_sink comp="212" pin=0"/></net>

<net id="216"><net_src comp="212" pin="1"/><net_sink comp="106" pin=5"/></net>

<net id="220"><net_src comp="176" pin="2"/><net_sink comp="217" pin=0"/></net>

<net id="221"><net_src comp="217" pin="1"/><net_sink comp="100" pin=1"/></net>

<net id="225"><net_src comp="183" pin="3"/><net_sink comp="222" pin=0"/></net>

<net id="226"><net_src comp="222" pin="1"/><net_sink comp="106" pin=1"/></net>

</net_list>

</model> 
---------------- Datapath Model END ------------------

* FSMD analyzer results:
  - Output states:
	Port: gmem0 | {}
	Port: gmem1 | {}
	Port: sA0 | {10 11 }
	Port: sB0 | {10 11 }
	Port: batch_size_c15 | {1 }
 - Input state : 
	Port: load_all : gmem0 | {2 3 4 5 6 7 8 9 10 11 }
	Port: load_all : a | {2 }
	Port: load_all : gmem1 | {2 3 4 5 6 7 8 9 10 11 }
	Port: load_all : b | {2 }
	Port: load_all : batch | {1 }
  - Chain level:
	State 1
	State 2
		sext_ln161 : 1
		gmem0_addr : 2
		empty_280 : 3
		sext_ln161_1 : 1
		gmem1_addr : 2
		empty_281 : 3
	State 3
	State 4
	State 5
	State 6
	State 7
	State 8
	State 9
	State 10
		call_ln161 : 1
	State 11


============================================================
+ Verbose Summary: Datapath Resource usage 
============================================================

* Functional unit list:
|----------|----------------------------------------|---------|---------|
| Operation|             Functional Unit            |    FF   |   LUT   |
|----------|----------------------------------------|---------|---------|
|   call   | grp_load_all_Pipeline_LD_BLK_LD_fu_106 |   649   |    86   |
|----------|----------------------------------------|---------|---------|
|   icmp   |            icmp_ln161_fu_121           |    0    |    39   |
|----------|----------------------------------------|---------|---------|
|  select  |              empty_fu_133              |    0    |    32   |
|----------|----------------------------------------|---------|---------|
|          |          batch_read_read_fu_68         |    0    |    0    |
|   read   |            b_read_read_fu_82           |    0    |    0    |
|          |            a_read_read_fu_88           |    0    |    0    |
|----------|----------------------------------------|---------|---------|
|   write  |          write_ln0_write_fu_74         |    0    |    0    |
|----------|----------------------------------------|---------|---------|
|  readreq |            grp_readreq_fu_94           |    0    |    0    |
|          |           grp_readreq_fu_100           |    0    |    0    |
|----------|----------------------------------------|---------|---------|
|    shl   |            shl_ln161_fu_127            |    0    |    0    |
|----------|----------------------------------------|---------|---------|
|partselect|             trunc_ln_fu_141            |    0    |    0    |
|          |          trunc_ln161_1_fu_162          |    0    |    0    |
|----------|----------------------------------------|---------|---------|
|   sext   |            sext_ln161_fu_151           |    0    |    0    |
|          |           sext_ln161_1_fu_172          |    0    |    0    |
|----------|----------------------------------------|---------|---------|
|bitconcatenate|              tmp_s_fu_183              |    0    |    0    |
|----------|----------------------------------------|---------|---------|
|   Total  |                                        |   649   |   157   |
|----------|----------------------------------------|---------|---------|

Memories:
N/A

* Register list:
+---------------------+--------+
|                     |   FF   |
+---------------------+--------+
|  batch_read_reg_191 |   32   |
|    empty_reg_196    |   32   |
|  gmem0_addr_reg_207 |   32   |
|  gmem1_addr_reg_217 |   32   |
|    tmp_s_reg_222    |   36   |
|trunc_ln161_1_reg_212|   62   |
|   trunc_ln_reg_202  |   62   |
+---------------------+--------+
|        Total        |   288  |
+---------------------+--------+

* Multiplexer (MUX) list: 
|----------------------------------------|------|------|------|--------||---------||---------|
|                  Comp                  |  Pin | Size |  BW  | S x BW ||  Delay  ||   LUT   |
|----------------------------------------|------|------|------|--------||---------||---------|
|            grp_readreq_fu_94           |  p1  |   2  |  32  |   64   ||    9    |
|           grp_readreq_fu_100           |  p1  |   2  |  32  |   64   ||    9    |
| grp_load_all_Pipeline_LD_BLK_LD_fu_106 |  p1  |   2  |  36  |   72   ||    9    |
|----------------------------------------|------|------|------|--------||---------||---------|
|                  Total                 |      |      |      |   200  ||  1.281  ||    27   |
|----------------------------------------|------|------|------|--------||---------||---------|



* Summary:
+-----------+--------+--------+--------+
|           |  Delay |   FF   |   LUT  |
+-----------+--------+--------+--------+
|  Function |    -   |   649  |   157  |
|   Memory  |    -   |    -   |    -   |
|Multiplexer|    1   |    -   |   27   |
|  Register |    -   |   288  |    -   |
+-----------+--------+--------+--------+
|   Total   |    1   |   937  |   184  |
+-----------+--------+--------+--------+
