

================================================================
== Vitis HLS Report for 'store_all'
================================================================
* Date:           Thu Jun 11 23:16:45 2026

* Version:        2023.2 (Build 4023990 on Oct 11 2023)
* Project:        ntt_kyber
* Solution:       solution1 (Vivado IP Flow Target)
* Product family: zynquplus
* Target device:  xck26-sfvc784-2LV-c


================================================================
== Performance Estimates
================================================================
+ Timing: 
    * Summary: 
    +--------+----------+----------+------------+
    |  Clock |  Target  | Estimated| Uncertainty|
    +--------+----------+----------+------------+
    |ap_clk  |  10.00 ns|  7.300 ns|     2.70 ns|
    +--------+----------+----------+------------+

+ Latency: 
    * Summary: 
    +---------+---------+----------+-----------+-----+------+---------+
    |  Latency (cycles) |  Latency (absolute)  |  Interval  | Pipeline|
    |   min   |   max   |    min   |    max    | min |  max |   Type  |
    +---------+---------+----------+-----------+-----+------+---------+
    |      267|     4107|  2.670 us|  41.070 us|  267|  4107|       no|
    +---------+---------+----------+-----------+-----+------+---------+

    + Detail: 
        * Instance: 
        N/A

        * Loop: 
        N/A

============================================================
+ Verbose Summary: Synthesis Manager
============================================================
InlineROM: 1
ExposeGlobal: 0
============================================================
+ Verbose Summary: CDFG Model
============================================================
IsTopModel: 0
ResetActiveHigh: 1
IsCombinational: 2
IsDatapathOnly: 0
HasWiredReturn: 1
HasMFsm: 0
HasVarLatency: 1
IsPipeline: 0
IsRtlPipelined: 0
IsInstanceOverlapped: 0
IsDontTouch: 0
HasImplIP: 0
IsGatedGlobalClock: 0


============================================================
+ Verbose Summary: Schedule
============================================================
* Number of FSM states : 9
* Pipeline : 0
* Dataflow Pipeline: 0

* FSM state transitions: 
1 --> 2 
2 --> 3 
3 --> 4 
4 --> 5 
5 --> 6 
6 --> 7 
7 --> 8 
8 --> 9 
9 --> 

* FSM state operations: 

State 1 <SV = 0> <Delay = 3.30>
ST_1 : Operation 10 [1/1] (1.83ns)   --->   "%batch_1 = read i32 @_ssdm_op_Read.ap_fifo.i32P0A, i32 %batch"   --->   Operation 10 'read' 'batch_1' <Predicate = true> <Delay = 1.83> <CoreInst = "FIFO_SRL">   --->   Core 81 'FIFO_SRL' <Latency = 0> <II = 1> <Delay = 1.83> <Storage> <Opcode : 'read' 'write' 'nbread' 'nbwrite'> <Ports = 0> <Width = 32> <Depth = 2> <FIFO>
ST_1 : Operation 11 [1/1] (1.88ns)   --->   "%c_1 = read i64 @_ssdm_op_Read.ap_fifo.i64P0A, i64 %c"   --->   Operation 11 'read' 'c_1' <Predicate = true> <Delay = 1.88> <CoreInst = "FIFO_SRL">   --->   Core 81 'FIFO_SRL' <Latency = 0> <II = 1> <Delay = 1.88> <Storage> <Opcode : 'read' 'write' 'nbread' 'nbwrite'> <Ports = 0> <Width = 64> <Depth = 6> <FIFO>
ST_1 : Operation 12 [1/1] (1.01ns)   --->   "%icmp_ln274 = icmp_sgt  i32 %batch_1, i32 0" [kyber-mult-kernel-dataflow.cpp:274]   --->   Operation 12 'icmp' 'icmp_ln274' <Predicate = true> <Delay = 1.01> <CoreInst = "Cmp">   --->   Core 9 'Cmp' <Latency = 0> <II = 1> <Delay = 1.01> <FuncUnit> <Opcode : 'icmp'> <InPorts = 2> <OutPorts = 1>
ST_1 : Operation 13 [1/1] (0.00ns) (grouped into LUT with out node empty)   --->   "%shl_ln274 = shl i32 %batch_1, i32 8" [kyber-mult-kernel-dataflow.cpp:274]   --->   Operation 13 'shl' 'shl_ln274' <Predicate = true> <Delay = 0.00>
ST_1 : Operation 14 [1/1] (0.00ns)   --->   "%trunc_ln = partselect i62 @_ssdm_op_PartSelect.i62.i64.i32.i32, i64 %c_1, i32 2, i32 63" [kyber-mult-kernel-dataflow.cpp:274]   --->   Operation 14 'partselect' 'trunc_ln' <Predicate = true> <Delay = 0.00>
ST_1 : Operation 15 [1/1] (0.44ns) (out node of the LUT)   --->   "%empty = select i1 %icmp_ln274, i32 %shl_ln274, i32 0" [kyber-mult-kernel-dataflow.cpp:274]   --->   Operation 15 'select' 'empty' <Predicate = true> <Delay = 0.44> <CoreInst = "Sel">   --->   Core 73 'Sel' <Latency = 0> <II = 1> <Delay = 0.44> <FuncUnit> <Opcode : 'select'> <InPorts = 3> <OutPorts = 1>

State 2 <SV = 1> <Delay = 7.30>
ST_2 : Operation 16 [1/1] (0.00ns)   --->   "%sext_ln274 = sext i62 %trunc_ln" [kyber-mult-kernel-dataflow.cpp:274]   --->   Operation 16 'sext' 'sext_ln274' <Predicate = true> <Delay = 0.00>
ST_2 : Operation 17 [1/1] (0.00ns)   --->   "%gmem2_addr = getelementptr i32 %gmem2, i64 %sext_ln274" [kyber-mult-kernel-dataflow.cpp:274]   --->   Operation 17 'getelementptr' 'gmem2_addr' <Predicate = true> <Delay = 0.00>
ST_2 : Operation 18 [1/1] (7.30ns)   --->   "%empty_277 = writereq i1 @_ssdm_op_WriteReq.m_axi.p1i32, i32 %gmem2_addr, i32 %empty" [kyber-mult-kernel-dataflow.cpp:274]   --->   Operation 18 'writereq' 'empty_277' <Predicate = true> <Delay = 7.30> <CoreInst = "m_axi">   --->   Core 121 'm_axi' <Latency = 0> <II = 1> <Delay = 1.00> <Adapter> <Opcode : 'read' 'write' 'readreq' 'writereq' 'writeresp'>

State 3 <SV = 2> <Delay = 0.00>
ST_3 : Operation 19 [1/1] (0.00ns)   --->   "%tmp_1 = bitconcatenate i36 @_ssdm_op_BitConcatenate.i36.i32.i4, i32 %batch_1, i4 0"   --->   Operation 19 'bitconcatenate' 'tmp_1' <Predicate = true> <Delay = 0.00>
ST_3 : Operation 20 [1/1] (0.00ns)   --->   "%empty_278 = wait i32 @_ssdm_op_Wait"   --->   Operation 20 'wait' 'empty_278' <Predicate = true> <Delay = 0.00>
ST_3 : Operation 21 [2/2] (0.00ns)   --->   "%call_ln274 = call void @store_all_Pipeline_ST_BLK_ST, i36 %tmp_1, i32 %gmem2, i62 %trunc_ln, i192 %sC1" [kyber-mult-kernel-dataflow.cpp:274]   --->   Operation 21 'call' 'call_ln274' <Predicate = true> <Delay = 0.00> <CoreType = "Generic">   --->   Core 0 '' <Latency = 0> <II = 1> <Delay = 1.00> <Generic> <Opcode : >

State 4 <SV = 3> <Delay = 0.00>
ST_4 : Operation 22 [1/2] (0.00ns)   --->   "%call_ln274 = call void @store_all_Pipeline_ST_BLK_ST, i36 %tmp_1, i32 %gmem2, i62 %trunc_ln, i192 %sC1" [kyber-mult-kernel-dataflow.cpp:274]   --->   Operation 22 'call' 'call_ln274' <Predicate = true> <Delay = 0.00> <CoreType = "Generic">   --->   Core 0 '' <Latency = 0> <II = 1> <Delay = 1.00> <Generic> <Opcode : >

State 5 <SV = 4> <Delay = 7.30>
ST_5 : Operation 23 [5/5] (7.30ns)   --->   "%empty_279 = writeresp i1 @_ssdm_op_WriteResp.m_axi.p1i32, i32 %gmem2_addr" [kyber-mult-kernel-dataflow.cpp:286]   --->   Operation 23 'writeresp' 'empty_279' <Predicate = true> <Delay = 7.30> <CoreInst = "m_axi">   --->   Core 121 'm_axi' <Latency = 0> <II = 1> <Delay = 1.00> <Adapter> <Opcode : 'read' 'write' 'readreq' 'writereq' 'writeresp'>

State 6 <SV = 5> <Delay = 7.30>
ST_6 : Operation 24 [4/5] (7.30ns)   --->   "%empty_279 = writeresp i1 @_ssdm_op_WriteResp.m_axi.p1i32, i32 %gmem2_addr" [kyber-mult-kernel-dataflow.cpp:286]   --->   Operation 24 'writeresp' 'empty_279' <Predicate = true> <Delay = 7.30> <CoreInst = "m_axi">   --->   Core 121 'm_axi' <Latency = 0> <II = 1> <Delay = 1.00> <Adapter> <Opcode : 'read' 'write' 'readreq' 'writereq' 'writeresp'>

State 7 <SV = 6> <Delay = 7.30>
ST_7 : Operation 25 [3/5] (7.30ns)   --->   "%empty_279 = writeresp i1 @_ssdm_op_WriteResp.m_axi.p1i32, i32 %gmem2_addr" [kyber-mult-kernel-dataflow.cpp:286]   --->   Operation 25 'writeresp' 'empty_279' <Predicate = true> <Delay = 7.30> <CoreInst = "m_axi">   --->   Core 121 'm_axi' <Latency = 0> <II = 1> <Delay = 1.00> <Adapter> <Opcode : 'read' 'write' 'readreq' 'writereq' 'writeresp'>

State 8 <SV = 7> <Delay = 7.30>
ST_8 : Operation 26 [2/5] (7.30ns)   --->   "%empty_279 = writeresp i1 @_ssdm_op_WriteResp.m_axi.p1i32, i32 %gmem2_addr" [kyber-mult-kernel-dataflow.cpp:286]   --->   Operation 26 'writeresp' 'empty_279' <Predicate = true> <Delay = 7.30> <CoreInst = "m_axi">   --->   Core 121 'm_axi' <Latency = 0> <II = 1> <Delay = 1.00> <Adapter> <Opcode : 'read' 'write' 'readreq' 'writereq' 'writeresp'>

State 9 <SV = 8> <Delay = 7.30>
ST_9 : Operation 27 [1/1] (0.00ns)   --->   "%specinterface_ln0 = specinterface void @_ssdm_op_SpecInterface, i32 %batch, void @ap_fifo_str, i32 0, i32 0, void @p_str, i32 0, i32 0, void @p_str, void @p_str, void @p_str, i32 2, i32 2, i32 16, i32 16, void @p_str, void @ScalarProp_str, i32 4294967295, i32 0"   --->   Operation 27 'specinterface' 'specinterface_ln0' <Predicate = true> <Delay = 0.00>
ST_9 : Operation 28 [1/1] (0.00ns)   --->   "%specinterface_ln0 = specinterface void @_ssdm_op_SpecInterface, i64 %c, void @ap_fifo_str, i32 0, i32 0, void @p_str, i32 0, i32 0, void @p_str, void @p_str, void @p_str, i32 2, i32 2, i32 16, i32 16, void @p_str, void @ScalarProp_str, i32 4294967295, i32 0"   --->   Operation 28 'specinterface' 'specinterface_ln0' <Predicate = true> <Delay = 0.00>
ST_9 : Operation 29 [1/1] (0.00ns)   --->   "%specinterface_ln0 = specinterface void @_ssdm_op_SpecInterface, i192 %sC1, void @empty_163, i32 0, i32 0, void @empty_246, i32 0, i32 0, void @empty_246, void @empty_246, void @empty_246, i32 0, i32 0, i32 0, i32 0, void @empty_246, void @empty_246, i32 4294967295, i32 0"   --->   Operation 29 'specinterface' 'specinterface_ln0' <Predicate = true> <Delay = 0.00>
ST_9 : Operation 30 [1/1] (0.00ns)   --->   "%specinterface_ln0 = specinterface void @_ssdm_op_SpecInterface, i32 %gmem2, void @empty_236, i32 0, i32 0, void @empty_246, i32 0, i32 8192, void @empty_49, void @empty_47, void @empty_246, i32 16, i32 16, i32 16, i32 16, void @empty_246, void @empty_246, i32 4294967295, i32 0"   --->   Operation 30 'specinterface' 'specinterface_ln0' <Predicate = true> <Delay = 0.00>
ST_9 : Operation 31 [1/5] (7.30ns)   --->   "%empty_279 = writeresp i1 @_ssdm_op_WriteResp.m_axi.p1i32, i32 %gmem2_addr" [kyber-mult-kernel-dataflow.cpp:286]   --->   Operation 31 'writeresp' 'empty_279' <Predicate = true> <Delay = 7.30> <CoreInst = "m_axi">   --->   Core 121 'm_axi' <Latency = 0> <II = 1> <Delay = 1.00> <Adapter> <Opcode : 'read' 'write' 'readreq' 'writereq' 'writeresp'>
ST_9 : Operation 32 [1/1] (0.00ns)   --->   "%ret_ln286 = ret" [kyber-mult-kernel-dataflow.cpp:286]   --->   Operation 32 'ret' 'ret_ln286' <Predicate = true> <Delay = 0.00>


============================================================
+ Verbose Summary: Timing violations
============================================================
Target clock period: 10.000ns, clock uncertainty: 2.700ns.

 <State 1>: 3.303ns
The critical path consists of the following:
	fifo read operation ('batch') on port 'batch' [6]  (1.838 ns)
	'icmp' operation 1 bit ('icmp_ln274', kyber-mult-kernel-dataflow.cpp:274) [11]  (1.016 ns)
	'select' operation 32 bit ('empty', kyber-mult-kernel-dataflow.cpp:274) [16]  (0.449 ns)

 <State 2>: 7.300ns
The critical path consists of the following:
	'getelementptr' operation 32 bit ('gmem2_addr', kyber-mult-kernel-dataflow.cpp:274) [15]  (0.000 ns)
	bus request operation ('empty_277', kyber-mult-kernel-dataflow.cpp:274) on port 'gmem2' (kyber-mult-kernel-dataflow.cpp:274) [17]  (7.300 ns)

 <State 3>: 0.000ns
The critical path consists of the following:

 <State 4>: 0.000ns
The critical path consists of the following:

 <State 5>: 7.300ns
The critical path consists of the following:
	bus response operation ('empty_279', kyber-mult-kernel-dataflow.cpp:286) on port 'gmem2' (kyber-mult-kernel-dataflow.cpp:286) [21]  (7.300 ns)

 <State 6>: 7.300ns
The critical path consists of the following:
	bus response operation ('empty_279', kyber-mult-kernel-dataflow.cpp:286) on port 'gmem2' (kyber-mult-kernel-dataflow.cpp:286) [21]  (7.300 ns)

 <State 7>: 7.300ns
The critical path consists of the following:
	bus response operation ('empty_279', kyber-mult-kernel-dataflow.cpp:286) on port 'gmem2' (kyber-mult-kernel-dataflow.cpp:286) [21]  (7.300 ns)

 <State 8>: 7.300ns
The critical path consists of the following:
	bus response operation ('empty_279', kyber-mult-kernel-dataflow.cpp:286) on port 'gmem2' (kyber-mult-kernel-dataflow.cpp:286) [21]  (7.300 ns)

 <State 9>: 7.300ns
The critical path consists of the following:
	bus response operation ('empty_279', kyber-mult-kernel-dataflow.cpp:286) on port 'gmem2' (kyber-mult-kernel-dataflow.cpp:286) [21]  (7.300 ns)


============================================================
+ Verbose Summary: Binding
============================================================
N/A
* FSMD analyzer results:
  - Output states:
 - Input state : 
  - Chain level:
	State 1
	State 2
	State 3
	State 4
	State 5
	State 6
	State 7
	State 8
	State 9


============================================================
+ Verbose Summary: Datapath Resource usage 
============================================================
N/A
