

================================================================
== Vitis HLS Report for 'store_all_Pipeline_ST_BLK_ST'
================================================================
* Date:           Thu Jun 11 23:16:45 2026

* Version:        2023.2 (Build 4023990 on Oct 11 2023)
* Project:        ntt_kyber
* Solution:       solution1 (Vivado IP Flow Target)
* Product family: zynquplus
* Target device:  xck26-sfvc784-2LV-c


================================================================
== Performance Estimates
================================================================
+ Timing: 
    * Summary: 
    +--------+----------+----------+------------+
    |  Clock |  Target  | Estimated| Uncertainty|
    +--------+----------+----------+------------+
    |ap_clk  |  10.00 ns|  7.300 ns|     2.70 ns|
    +--------+----------+----------+------------+

+ Latency: 
    * Summary: 
    +---------+---------+----------+-----------+-----+------+---------+
    |  Latency (cycles) |  Latency (absolute)  |  Interval  | Pipeline|
    |   min   |   max   |    min   |    max    | min |  max |   Type  |
    +---------+---------+----------+-----------+-----+------+---------+
    |      259|     4099|  2.590 us|  40.990 us|  259|  4099|       no|
    +---------+---------+----------+-----------+-----+------+---------+

    + Detail: 
        * Instance: 
        N/A

        * Loop: 
        +-------------+---------+---------+----------+-----------+-----------+----------+----------+
        |             |  Latency (cycles) | Iteration|  Initiation Interval  |   Trip   |          |
        |  Loop Name  |   min   |   max   |  Latency |  achieved |   target  |   Count  | Pipelined|
        +-------------+---------+---------+----------+-----------+-----------+----------+----------+
        |- ST_BLK_ST  |      257|     4097|        18|         16|          1|  16 ~ 256|       yes|
        +-------------+---------+---------+----------+-----------+-----------+----------+----------+

============================================================
+ Verbose Summary: Synthesis Manager
============================================================
InlineROM: 1
ExposeGlobal: 0
============================================================
+ Verbose Summary: CDFG Model
============================================================
IsTopModel: 0
ResetActiveHigh: 1
IsCombinational: 0
IsDatapathOnly: 0
HasWiredReturn: 1
HasMFsm: 2
HasVarLatency: 1
IsPipeline: 0
IsRtlPipelined: 0
IsInstanceOverlapped: 0
IsDontTouch: 0
HasImplIP: 0
IsGatedGlobalClock: 0

+ Individual pipeline summary: 
  * Pipeline-0: initiation interval (II) = 16, depth = 19


============================================================
+ Verbose Summary: Schedule
============================================================
* Number of FSM states : 19
* Pipeline : 1
  Pipeline-0 : II = 16, D = 19, States = { 1 2 3 4 5 6 7 8 9 10 11 12 13 14 15 16 17 18 19 }
* Dataflow Pipeline: 0

* FSM state transitions: 
1 --> 2 
2 --> 3 
3 --> 4 
4 --> 5 
5 --> 6 
6 --> 7 
7 --> 8 
8 --> 9 
9 --> 10 
10 --> 11 
11 --> 12 
12 --> 13 
13 --> 14 
14 --> 15 
15 --> 16 
16 --> 17 
17 --> 18 
18 --> 19 
19 --> 

* FSM state operations: 

State 1 <SV = 0> <Delay = 0.42>
ST_1 : Operation 21 [1/1] (0.00ns)   --->   "%indvar_flatten = alloca i32 1"   --->   Operation 21 'alloca' 'indvar_flatten' <Predicate = true> <Delay = 0.00>
ST_1 : Operation 22 [1/1] (0.00ns)   --->   "%sext_ln274_read = read i62 @_ssdm_op_Read.ap_auto.i62, i62 %sext_ln274"   --->   Operation 22 'read' 'sext_ln274_read' <Predicate = true> <Delay = 0.00>
ST_1 : Operation 23 [1/1] (0.00ns)   --->   "%bound_read = read i36 @_ssdm_op_Read.ap_auto.i36, i36 %bound"   --->   Operation 23 'read' 'bound_read' <Predicate = true> <Delay = 0.00>
ST_1 : Operation 24 [1/1] (0.00ns)   --->   "%sext_ln274_cast = sext i62 %sext_ln274_read"   --->   Operation 24 'sext' 'sext_ln274_cast' <Predicate = true> <Delay = 0.00>
ST_1 : Operation 25 [1/1] (0.00ns)   --->   "%specinterface_ln0 = specinterface void @_ssdm_op_SpecInterface, i32 %gmem2, void @empty_236, i32 0, i32 0, void @empty_246, i32 0, i32 8192, void @empty_49, void @empty_47, void @empty_246, i32 16, i32 16, i32 16, i32 16, void @empty_246, void @empty_246, i32 4294967295, i32 0"   --->   Operation 25 'specinterface' 'specinterface_ln0' <Predicate = true> <Delay = 0.00>
ST_1 : Operation 26 [1/1] (0.00ns)   --->   "%specinterface_ln0 = specinterface void @_ssdm_op_SpecInterface, i192 %sC1, void @empty_163, i32 0, i32 0, void @empty_246, i32 0, i32 0, void @empty_246, void @empty_246, void @empty_246, i32 0, i32 0, i32 0, i32 0, void @empty_246, void @empty_246, i32 4294967295, i32 0"   --->   Operation 26 'specinterface' 'specinterface_ln0' <Predicate = true> <Delay = 0.00>
ST_1 : Operation 27 [1/1] (0.42ns)   --->   "%store_ln0 = store i36 0, i36 %indvar_flatten"   --->   Operation 27 'store' 'store_ln0' <Predicate = true> <Delay = 0.42>
ST_1 : Operation 28 [1/1] (0.00ns)   --->   "%br_ln0 = br void %VITIS_LOOP_280_1"   --->   Operation 28 'br' 'br_ln0' <Predicate = true> <Delay = 0.00>

State 2 <SV = 1> <Delay = 1.45>
ST_2 : Operation 29 [1/1] (0.00ns)   --->   "%indvar_flatten_load = load i36 %indvar_flatten" [kyber-mult-kernel-dataflow.cpp:274]   --->   Operation 29 'load' 'indvar_flatten_load' <Predicate = true> <Delay = 0.00>
ST_2 : Operation 30 [1/1] (1.02ns)   --->   "%icmp_ln274 = icmp_eq  i36 %indvar_flatten_load, i36 %bound_read" [kyber-mult-kernel-dataflow.cpp:274]   --->   Operation 30 'icmp' 'icmp_ln274' <Predicate = true> <Delay = 1.02> <CoreInst = "Cmp">   --->   Core 9 'Cmp' <Latency = 0> <II = 1> <Delay = 1.02> <FuncUnit> <Opcode : 'icmp'> <InPorts = 2> <OutPorts = 1>
ST_2 : Operation 31 [1/1] (1.02ns)   --->   "%add_ln274 = add i36 %indvar_flatten_load, i36 1" [kyber-mult-kernel-dataflow.cpp:274]   --->   Operation 31 'add' 'add_ln274' <Predicate = true> <Delay = 1.02> <CoreInst = "Adder">   --->   Core 1 'Adder' <Latency = 0> <II = 1> <Delay = 1.02> <FuncUnit> <Opcode : 'add' 'sub'> <InPorts = 2> <OutPorts = 1>
ST_2 : Operation 32 [1/1] (0.00ns)   --->   "%br_ln274 = br i1 %icmp_ln274, void %for.inc16, void %for.end18.loopexit.exitStub" [kyber-mult-kernel-dataflow.cpp:274]   --->   Operation 32 'br' 'br_ln274' <Predicate = true> <Delay = 0.00>
ST_2 : Operation 33 [1/1] (0.00ns)   --->   "%gmem2_addr = getelementptr i32 %gmem2, i64 %sext_ln274_cast" [kyber-mult-kernel-dataflow.cpp:274]   --->   Operation 33 'getelementptr' 'gmem2_addr' <Predicate = (!icmp_ln274)> <Delay = 0.00>
ST_2 : Operation 34 [1/1] (0.42ns)   --->   "%store_ln274 = store i36 %add_ln274, i36 %indvar_flatten" [kyber-mult-kernel-dataflow.cpp:274]   --->   Operation 34 'store' 'store_ln274' <Predicate = (!icmp_ln274)> <Delay = 0.42>

State 3 <SV = 2> <Delay = 1.89>
ST_3 : Operation 35 [1/1] (1.89ns)   --->   "%sC1_read = read i192 @_ssdm_op_Read.ap_fifo.volatile.i192P0A, i192 %sC1" [kyber-mult-kernel-dataflow.cpp:279]   --->   Operation 35 'read' 'sC1_read' <Predicate = (!icmp_ln274)> <Delay = 1.89> <CoreInst = "FIFO">   --->   Core 78 'FIFO' <Latency = 0> <II = 1> <Delay = 1.89> <Storage> <Opcode : 'read' 'write' 'nbread' 'nbwrite'> <Ports = 0> <Width = 192> <Depth = 32> <FIFO>
ST_3 : Operation 36 [1/1] (0.00ns)   --->   "%bc = trunc i192 %sC1_read" [kyber-mult-kernel-dataflow.cpp:279]   --->   Operation 36 'trunc' 'bc' <Predicate = (!icmp_ln274)> <Delay = 0.00>
ST_3 : Operation 37 [1/1] (0.00ns)   --->   "%bc_1 = partselect i12 @_ssdm_op_PartSelect.i12.i192.i32.i32, i192 %sC1_read, i32 12, i32 23" [kyber-mult-kernel-dataflow.cpp:279]   --->   Operation 37 'partselect' 'bc_1' <Predicate = (!icmp_ln274)> <Delay = 0.00>
ST_3 : Operation 38 [1/1] (0.00ns)   --->   "%tmp_2 = partselect i12 @_ssdm_op_PartSelect.i12.i192.i32.i32, i192 %sC1_read, i32 24, i32 35" [kyber-mult-kernel-dataflow.cpp:282]   --->   Operation 38 'partselect' 'tmp_2' <Predicate = (!icmp_ln274)> <Delay = 0.00>
ST_3 : Operation 39 [1/1] (0.00ns)   --->   "%tmp_3 = partselect i12 @_ssdm_op_PartSelect.i12.i192.i32.i32, i192 %sC1_read, i32 36, i32 47" [kyber-mult-kernel-dataflow.cpp:282]   --->   Operation 39 'partselect' 'tmp_3' <Predicate = (!icmp_ln274)> <Delay = 0.00>
ST_3 : Operation 40 [1/1] (0.00ns)   --->   "%tmp_4 = partselect i12 @_ssdm_op_PartSelect.i12.i192.i32.i32, i192 %sC1_read, i32 48, i32 59" [kyber-mult-kernel-dataflow.cpp:282]   --->   Operation 40 'partselect' 'tmp_4' <Predicate = (!icmp_ln274)> <Delay = 0.00>
ST_3 : Operation 41 [1/1] (0.00ns)   --->   "%tmp_5 = partselect i12 @_ssdm_op_PartSelect.i12.i192.i32.i32, i192 %sC1_read, i32 60, i32 71" [kyber-mult-kernel-dataflow.cpp:282]   --->   Operation 41 'partselect' 'tmp_5' <Predicate = (!icmp_ln274)> <Delay = 0.00>
ST_3 : Operation 42 [1/1] (0.00ns)   --->   "%tmp_6 = partselect i12 @_ssdm_op_PartSelect.i12.i192.i32.i32, i192 %sC1_read, i32 72, i32 83" [kyber-mult-kernel-dataflow.cpp:282]   --->   Operation 42 'partselect' 'tmp_6' <Predicate = (!icmp_ln274)> <Delay = 0.00>
ST_3 : Operation 43 [1/1] (0.00ns)   --->   "%tmp_7 = partselect i12 @_ssdm_op_PartSelect.i12.i192.i32.i32, i192 %sC1_read, i32 84, i32 95" [kyber-mult-kernel-dataflow.cpp:282]   --->   Operation 43 'partselect' 'tmp_7' <Predicate = (!icmp_ln274)> <Delay = 0.00>
ST_3 : Operation 44 [1/1] (0.00ns)   --->   "%tmp_8 = partselect i12 @_ssdm_op_PartSelect.i12.i192.i32.i32, i192 %sC1_read, i32 96, i32 107" [kyber-mult-kernel-dataflow.cpp:282]   --->   Operation 44 'partselect' 'tmp_8' <Predicate = (!icmp_ln274)> <Delay = 0.00>
ST_3 : Operation 45 [1/1] (0.00ns)   --->   "%tmp_9 = partselect i12 @_ssdm_op_PartSelect.i12.i192.i32.i32, i192 %sC1_read, i32 108, i32 119" [kyber-mult-kernel-dataflow.cpp:282]   --->   Operation 45 'partselect' 'tmp_9' <Predicate = (!icmp_ln274)> <Delay = 0.00>
ST_3 : Operation 46 [1/1] (0.00ns)   --->   "%tmp_s = partselect i12 @_ssdm_op_PartSelect.i12.i192.i32.i32, i192 %sC1_read, i32 120, i32 131" [kyber-mult-kernel-dataflow.cpp:282]   --->   Operation 46 'partselect' 'tmp_s' <Predicate = (!icmp_ln274)> <Delay = 0.00>
ST_3 : Operation 47 [1/1] (0.00ns)   --->   "%tmp_1 = partselect i12 @_ssdm_op_PartSelect.i12.i192.i32.i32, i192 %sC1_read, i32 132, i32 143" [kyber-mult-kernel-dataflow.cpp:282]   --->   Operation 47 'partselect' 'tmp_1' <Predicate = (!icmp_ln274)> <Delay = 0.00>
ST_3 : Operation 48 [1/1] (0.00ns)   --->   "%tmp_10 = partselect i12 @_ssdm_op_PartSelect.i12.i192.i32.i32, i192 %sC1_read, i32 144, i32 155" [kyber-mult-kernel-dataflow.cpp:282]   --->   Operation 48 'partselect' 'tmp_10' <Predicate = (!icmp_ln274)> <Delay = 0.00>
ST_3 : Operation 49 [1/1] (0.00ns)   --->   "%tmp_11 = partselect i12 @_ssdm_op_PartSelect.i12.i192.i32.i32, i192 %sC1_read, i32 156, i32 167" [kyber-mult-kernel-dataflow.cpp:282]   --->   Operation 49 'partselect' 'tmp_11' <Predicate = (!icmp_ln274)> <Delay = 0.00>
ST_3 : Operation 50 [1/1] (0.00ns)   --->   "%tmp_12 = partselect i12 @_ssdm_op_PartSelect.i12.i192.i32.i32, i192 %sC1_read, i32 168, i32 179" [kyber-mult-kernel-dataflow.cpp:282]   --->   Operation 50 'partselect' 'tmp_12' <Predicate = (!icmp_ln274)> <Delay = 0.00>
ST_3 : Operation 51 [1/1] (0.00ns)   --->   "%tmp_13 = partselect i12 @_ssdm_op_PartSelect.i12.i192.i32.i32, i192 %sC1_read, i32 180, i32 191" [kyber-mult-kernel-dataflow.cpp:282]   --->   Operation 51 'partselect' 'tmp_13' <Predicate = (!icmp_ln274)> <Delay = 0.00>
ST_3 : Operation 88 [1/1] (0.00ns)   --->   "%ret_ln0 = ret"   --->   Operation 88 'ret' 'ret_ln0' <Predicate = (icmp_ln274)> <Delay = 0.00>

State 4 <SV = 3> <Delay = 7.30>
ST_4 : Operation 52 [1/1] (0.00ns)   --->   "%zext_ln282 = zext i12 %bc" [kyber-mult-kernel-dataflow.cpp:282]   --->   Operation 52 'zext' 'zext_ln282' <Predicate = (!icmp_ln274)> <Delay = 0.00>
ST_4 : Operation 53 [1/1] (7.30ns)   --->   "%write_ln277 = write void @_ssdm_op_Write.m_axi.p1i32, i32 %gmem2_addr, i32 %zext_ln282, i4 15" [kyber-mult-kernel-dataflow.cpp:277]   --->   Operation 53 'write' 'write_ln277' <Predicate = (!icmp_ln274)> <Delay = 7.30> <CoreInst = "m_axi">   --->   Core 121 'm_axi' <Latency = 0> <II = 1> <Delay = 1.00> <Adapter> <Opcode : 'read' 'write' 'readreq' 'writereq' 'writeresp'>

State 5 <SV = 4> <Delay = 7.30>
ST_5 : Operation 54 [1/1] (0.00ns)   --->   "%zext_ln282_1 = zext i12 %bc_1" [kyber-mult-kernel-dataflow.cpp:282]   --->   Operation 54 'zext' 'zext_ln282_1' <Predicate = (!icmp_ln274)> <Delay = 0.00>
ST_5 : Operation 55 [1/1] (7.30ns)   --->   "%write_ln277 = write void @_ssdm_op_Write.m_axi.p1i32, i32 %gmem2_addr, i32 %zext_ln282_1, i4 15" [kyber-mult-kernel-dataflow.cpp:277]   --->   Operation 55 'write' 'write_ln277' <Predicate = (!icmp_ln274)> <Delay = 7.30> <CoreInst = "m_axi">   --->   Core 121 'm_axi' <Latency = 0> <II = 1> <Delay = 1.00> <Adapter> <Opcode : 'read' 'write' 'readreq' 'writereq' 'writeresp'>

State 6 <SV = 5> <Delay = 7.30>
ST_6 : Operation 56 [1/1] (0.00ns)   --->   "%zext_ln282_2 = zext i12 %tmp_2" [kyber-mult-kernel-dataflow.cpp:282]   --->   Operation 56 'zext' 'zext_ln282_2' <Predicate = (!icmp_ln274)> <Delay = 0.00>
ST_6 : Operation 57 [1/1] (7.30ns)   --->   "%write_ln277 = write void @_ssdm_op_Write.m_axi.p1i32, i32 %gmem2_addr, i32 %zext_ln282_2, i4 15" [kyber-mult-kernel-dataflow.cpp:277]   --->   Operation 57 'write' 'write_ln277' <Predicate = (!icmp_ln274)> <Delay = 7.30> <CoreInst = "m_axi">   --->   Core 121 'm_axi' <Latency = 0> <II = 1> <Delay = 1.00> <Adapter> <Opcode : 'read' 'write' 'readreq' 'writereq' 'writeresp'>

State 7 <SV = 6> <Delay = 7.30>
ST_7 : Operation 58 [1/1] (0.00ns)   --->   "%zext_ln282_3 = zext i12 %tmp_3" [kyber-mult-kernel-dataflow.cpp:282]   --->   Operation 58 'zext' 'zext_ln282_3' <Predicate = (!icmp_ln274)> <Delay = 0.00>
ST_7 : Operation 59 [1/1] (7.30ns)   --->   "%write_ln277 = write void @_ssdm_op_Write.m_axi.p1i32, i32 %gmem2_addr, i32 %zext_ln282_3, i4 15" [kyber-mult-kernel-dataflow.cpp:277]   --->   Operation 59 'write' 'write_ln277' <Predicate = (!icmp_ln274)> <Delay = 7.30> <CoreInst = "m_axi">   --->   Core 121 'm_axi' <Latency = 0> <II = 1> <Delay = 1.00> <Adapter> <Opcode : 'read' 'write' 'readreq' 'writereq' 'writeresp'>

State 8 <SV = 7> <Delay = 7.30>
ST_8 : Operation 60 [1/1] (0.00ns)   --->   "%zext_ln282_4 = zext i12 %tmp_4" [kyber-mult-kernel-dataflow.cpp:282]   --->   Operation 60 'zext' 'zext_ln282_4' <Predicate = (!icmp_ln274)> <Delay = 0.00>
ST_8 : Operation 61 [1/1] (7.30ns)   --->   "%write_ln277 = write void @_ssdm_op_Write.m_axi.p1i32, i32 %gmem2_addr, i32 %zext_ln282_4, i4 15" [kyber-mult-kernel-dataflow.cpp:277]   --->   Operation 61 'write' 'write_ln277' <Predicate = (!icmp_ln274)> <Delay = 7.30> <CoreInst = "m_axi">   --->   Core 121 'm_axi' <Latency = 0> <II = 1> <Delay = 1.00> <Adapter> <Opcode : 'read' 'write' 'readreq' 'writereq' 'writeresp'>

State 9 <SV = 8> <Delay = 7.30>
ST_9 : Operation 62 [1/1] (0.00ns)   --->   "%zext_ln282_5 = zext i12 %tmp_5" [kyber-mult-kernel-dataflow.cpp:282]   --->   Operation 62 'zext' 'zext_ln282_5' <Predicate = (!icmp_ln274)> <Delay = 0.00>
ST_9 : Operation 63 [1/1] (7.30ns)   --->   "%write_ln277 = write void @_ssdm_op_Write.m_axi.p1i32, i32 %gmem2_addr, i32 %zext_ln282_5, i4 15" [kyber-mult-kernel-dataflow.cpp:277]   --->   Operation 63 'write' 'write_ln277' <Predicate = (!icmp_ln274)> <Delay = 7.30> <CoreInst = "m_axi">   --->   Core 121 'm_axi' <Latency = 0> <II = 1> <Delay = 1.00> <Adapter> <Opcode : 'read' 'write' 'readreq' 'writereq' 'writeresp'>

State 10 <SV = 9> <Delay = 7.30>
ST_10 : Operation 64 [1/1] (0.00ns)   --->   "%zext_ln282_6 = zext i12 %tmp_6" [kyber-mult-kernel-dataflow.cpp:282]   --->   Operation 64 'zext' 'zext_ln282_6' <Predicate = (!icmp_ln274)> <Delay = 0.00>
ST_10 : Operation 65 [1/1] (7.30ns)   --->   "%write_ln277 = write void @_ssdm_op_Write.m_axi.p1i32, i32 %gmem2_addr, i32 %zext_ln282_6, i4 15" [kyber-mult-kernel-dataflow.cpp:277]   --->   Operation 65 'write' 'write_ln277' <Predicate = (!icmp_ln274)> <Delay = 7.30> <CoreInst = "m_axi">   --->   Core 121 'm_axi' <Latency = 0> <II = 1> <Delay = 1.00> <Adapter> <Opcode : 'read' 'write' 'readreq' 'writereq' 'writeresp'>

State 11 <SV = 10> <Delay = 7.30>
ST_11 : Operation 66 [1/1] (0.00ns)   --->   "%zext_ln282_7 = zext i12 %tmp_7" [kyber-mult-kernel-dataflow.cpp:282]   --->   Operation 66 'zext' 'zext_ln282_7' <Predicate = (!icmp_ln274)> <Delay = 0.00>
ST_11 : Operation 67 [1/1] (7.30ns)   --->   "%write_ln277 = write void @_ssdm_op_Write.m_axi.p1i32, i32 %gmem2_addr, i32 %zext_ln282_7, i4 15" [kyber-mult-kernel-dataflow.cpp:277]   --->   Operation 67 'write' 'write_ln277' <Predicate = (!icmp_ln274)> <Delay = 7.30> <CoreInst = "m_axi">   --->   Core 121 'm_axi' <Latency = 0> <II = 1> <Delay = 1.00> <Adapter> <Opcode : 'read' 'write' 'readreq' 'writereq' 'writeresp'>

State 12 <SV = 11> <Delay = 7.30>
ST_12 : Operation 68 [1/1] (0.00ns)   --->   "%zext_ln282_8 = zext i12 %tmp_8" [kyber-mult-kernel-dataflow.cpp:282]   --->   Operation 68 'zext' 'zext_ln282_8' <Predicate = (!icmp_ln274)> <Delay = 0.00>
ST_12 : Operation 69 [1/1] (7.30ns)   --->   "%write_ln277 = write void @_ssdm_op_Write.m_axi.p1i32, i32 %gmem2_addr, i32 %zext_ln282_8, i4 15" [kyber-mult-kernel-dataflow.cpp:277]   --->   Operation 69 'write' 'write_ln277' <Predicate = (!icmp_ln274)> <Delay = 7.30> <CoreInst = "m_axi">   --->   Core 121 'm_axi' <Latency = 0> <II = 1> <Delay = 1.00> <Adapter> <Opcode : 'read' 'write' 'readreq' 'writereq' 'writeresp'>

State 13 <SV = 12> <Delay = 7.30>
ST_13 : Operation 70 [1/1] (0.00ns)   --->   "%zext_ln282_9 = zext i12 %tmp_9" [kyber-mult-kernel-dataflow.cpp:282]   --->   Operation 70 'zext' 'zext_ln282_9' <Predicate = (!icmp_ln274)> <Delay = 0.00>
ST_13 : Operation 71 [1/1] (7.30ns)   --->   "%write_ln277 = write void @_ssdm_op_Write.m_axi.p1i32, i32 %gmem2_addr, i32 %zext_ln282_9, i4 15" [kyber-mult-kernel-dataflow.cpp:277]   --->   Operation 71 'write' 'write_ln277' <Predicate = (!icmp_ln274)> <Delay = 7.30> <CoreInst = "m_axi">   --->   Core 121 'm_axi' <Latency = 0> <II = 1> <Delay = 1.00> <Adapter> <Opcode : 'read' 'write' 'readreq' 'writereq' 'writeresp'>

State 14 <SV = 13> <Delay = 7.30>
ST_14 : Operation 72 [1/1] (0.00ns)   --->   "%zext_ln282_10 = zext i12 %tmp_s" [kyber-mult-kernel-dataflow.cpp:282]   --->   Operation 72 'zext' 'zext_ln282_10' <Predicate = (!icmp_ln274)> <Delay = 0.00>
ST_14 : Operation 73 [1/1] (7.30ns)   --->   "%write_ln277 = write void @_ssdm_op_Write.m_axi.p1i32, i32 %gmem2_addr, i32 %zext_ln282_10, i4 15" [kyber-mult-kernel-dataflow.cpp:277]   --->   Operation 73 'write' 'write_ln277' <Predicate = (!icmp_ln274)> <Delay = 7.30> <CoreInst = "m_axi">   --->   Core 121 'm_axi' <Latency = 0> <II = 1> <Delay = 1.00> <Adapter> <Opcode : 'read' 'write' 'readreq' 'writereq' 'writeresp'>

State 15 <SV = 14> <Delay = 7.30>
ST_15 : Operation 74 [1/1] (0.00ns)   --->   "%zext_ln282_11 = zext i12 %tmp_1" [kyber-mult-kernel-dataflow.cpp:282]   --->   Operation 74 'zext' 'zext_ln282_11' <Predicate = (!icmp_ln274)> <Delay = 0.00>
ST_15 : Operation 75 [1/1] (7.30ns)   --->   "%write_ln277 = write void @_ssdm_op_Write.m_axi.p1i32, i32 %gmem2_addr, i32 %zext_ln282_11, i4 15" [kyber-mult-kernel-dataflow.cpp:277]   --->   Operation 75 'write' 'write_ln277' <Predicate = (!icmp_ln274)> <Delay = 7.30> <CoreInst = "m_axi">   --->   Core 121 'm_axi' <Latency = 0> <II = 1> <Delay = 1.00> <Adapter> <Opcode : 'read' 'write' 'readreq' 'writereq' 'writeresp'>

State 16 <SV = 15> <Delay = 7.30>
ST_16 : Operation 76 [1/1] (0.00ns)   --->   "%zext_ln282_12 = zext i12 %tmp_10" [kyber-mult-kernel-dataflow.cpp:282]   --->   Operation 76 'zext' 'zext_ln282_12' <Predicate = (!icmp_ln274)> <Delay = 0.00>
ST_16 : Operation 77 [1/1] (7.30ns)   --->   "%write_ln277 = write void @_ssdm_op_Write.m_axi.p1i32, i32 %gmem2_addr, i32 %zext_ln282_12, i4 15" [kyber-mult-kernel-dataflow.cpp:277]   --->   Operation 77 'write' 'write_ln277' <Predicate = (!icmp_ln274)> <Delay = 7.30> <CoreInst = "m_axi">   --->   Core 121 'm_axi' <Latency = 0> <II = 1> <Delay = 1.00> <Adapter> <Opcode : 'read' 'write' 'readreq' 'writereq' 'writeresp'>

State 17 <SV = 16> <Delay = 7.30>
ST_17 : Operation 78 [1/1] (0.00ns)   --->   "%zext_ln282_13 = zext i12 %tmp_11" [kyber-mult-kernel-dataflow.cpp:282]   --->   Operation 78 'zext' 'zext_ln282_13' <Predicate = (!icmp_ln274)> <Delay = 0.00>
ST_17 : Operation 79 [1/1] (7.30ns)   --->   "%write_ln277 = write void @_ssdm_op_Write.m_axi.p1i32, i32 %gmem2_addr, i32 %zext_ln282_13, i4 15" [kyber-mult-kernel-dataflow.cpp:277]   --->   Operation 79 'write' 'write_ln277' <Predicate = (!icmp_ln274)> <Delay = 7.30> <CoreInst = "m_axi">   --->   Core 121 'm_axi' <Latency = 0> <II = 1> <Delay = 1.00> <Adapter> <Opcode : 'read' 'write' 'readreq' 'writereq' 'writeresp'>

State 18 <SV = 17> <Delay = 7.30>
ST_18 : Operation 80 [1/1] (0.00ns)   --->   "%zext_ln282_14 = zext i12 %tmp_12" [kyber-mult-kernel-dataflow.cpp:282]   --->   Operation 80 'zext' 'zext_ln282_14' <Predicate = true> <Delay = 0.00>
ST_18 : Operation 81 [1/1] (7.30ns)   --->   "%write_ln277 = write void @_ssdm_op_Write.m_axi.p1i32, i32 %gmem2_addr, i32 %zext_ln282_14, i4 15" [kyber-mult-kernel-dataflow.cpp:277]   --->   Operation 81 'write' 'write_ln277' <Predicate = true> <Delay = 7.30> <CoreInst = "m_axi">   --->   Core 121 'm_axi' <Latency = 0> <II = 1> <Delay = 1.00> <Adapter> <Opcode : 'read' 'write' 'readreq' 'writereq' 'writeresp'>

State 19 <SV = 18> <Delay = 7.30>
ST_19 : Operation 82 [1/1] (0.00ns)   --->   "%specloopname_ln0 = specloopname void @_ssdm_op_SpecLoopName, void @ST_BLK_ST_str"   --->   Operation 82 'specloopname' 'specloopname_ln0' <Predicate = true> <Delay = 0.00>
ST_19 : Operation 83 [1/1] (0.00ns)   --->   "%speclooptripcount_ln0 = speclooptripcount void @_ssdm_op_SpecLoopTripCount, i64 16, i64 256, i64 128"   --->   Operation 83 'speclooptripcount' 'speclooptripcount_ln0' <Predicate = true> <Delay = 0.00>
ST_19 : Operation 84 [1/1] (0.00ns)   --->   "%specpipeline_ln278 = specpipeline void @_ssdm_op_SpecPipeline, i32 1, i32 0, i32 0, i32 0, void @empty_246" [kyber-mult-kernel-dataflow.cpp:278]   --->   Operation 84 'specpipeline' 'specpipeline_ln278' <Predicate = true> <Delay = 0.00>
ST_19 : Operation 85 [1/1] (0.00ns)   --->   "%zext_ln282_15 = zext i12 %tmp_13" [kyber-mult-kernel-dataflow.cpp:282]   --->   Operation 85 'zext' 'zext_ln282_15' <Predicate = true> <Delay = 0.00>
ST_19 : Operation 86 [1/1] (7.30ns)   --->   "%write_ln277 = write void @_ssdm_op_Write.m_axi.p1i32, i32 %gmem2_addr, i32 %zext_ln282_15, i4 15" [kyber-mult-kernel-dataflow.cpp:277]   --->   Operation 86 'write' 'write_ln277' <Predicate = true> <Delay = 7.30> <CoreInst = "m_axi">   --->   Core 121 'm_axi' <Latency = 0> <II = 1> <Delay = 1.00> <Adapter> <Opcode : 'read' 'write' 'readreq' 'writereq' 'writeresp'>
ST_19 : Operation 87 [1/1] (0.00ns)   --->   "%br_ln277 = br void %VITIS_LOOP_280_1" [kyber-mult-kernel-dataflow.cpp:277]   --->   Operation 87 'br' 'br_ln277' <Predicate = true> <Delay = 0.00>


============================================================
+ Verbose Summary: Binding
============================================================
STG Binding: 
---------------- STG Properties BEGIN ----------------
- Is combinational: 0
- Is one-state seq: 0
- Is datapath-only: 0
- Is pipelined: 0
- Is top level: 0
Port [ Return ] is wired: 1; IO mode=ap_ctrl_hs:ce=0
Port [ bound]:  wired=1; compound=0; hidden=0; nouse=0; global=0; static=0; extern=0; dir=0; type=0; pingpong=0; private_global=0; IO mode=ap_none:ce=0
Port [ gmem2]:  wired=1; compound=1; hidden=0; nouse=0; global=0; static=0; extern=0; dir=1; type=4; pingpong=0; private_global=0; IO mode=m_axi:ce=0
Port [ sext_ln274]:  wired=1; compound=0; hidden=0; nouse=0; global=0; static=0; extern=0; dir=0; type=0; pingpong=0; private_global=0; IO mode=ap_none:ce=0
Port [ sC1]:  wired=1; compound=1; hidden=0; nouse=0; global=0; static=0; extern=0; dir=0; type=3; pingpong=0; private_global=0; IO mode=ap_fifo:ce=0
---------------- STG Properties END ------------------

---------------- Datapath Model BEGIN ----------------

<LifeTime>
<method=bitvector/>
indvar_flatten        (alloca           ) [ 01100000000000000000]
sext_ln274_read       (read             ) [ 00000000000000000000]
bound_read            (read             ) [ 00100000000000000000]
sext_ln274_cast       (sext             ) [ 00100000000000000000]
specinterface_ln0     (specinterface    ) [ 00000000000000000000]
specinterface_ln0     (specinterface    ) [ 00000000000000000000]
store_ln0             (store            ) [ 00000000000000000000]
br_ln0                (br               ) [ 00000000000000000000]
indvar_flatten_load   (load             ) [ 00000000000000000000]
icmp_ln274            (icmp             ) [ 01111111111111111100]
add_ln274             (add              ) [ 00000000000000000000]
br_ln274              (br               ) [ 00000000000000000000]
gmem2_addr            (getelementptr    ) [ 01111111111111111111]
store_ln274           (store            ) [ 00000000000000000000]
sC1_read              (read             ) [ 00000000000000000000]
bc                    (trunc            ) [ 00001000000000000000]
bc_1                  (partselect       ) [ 00001100000000000000]
tmp_2                 (partselect       ) [ 00001110000000000000]
tmp_3                 (partselect       ) [ 00001111000000000000]
tmp_4                 (partselect       ) [ 00001111100000000000]
tmp_5                 (partselect       ) [ 00001111110000000000]
tmp_6                 (partselect       ) [ 00001111111000000000]
tmp_7                 (partselect       ) [ 00001111111100000000]
tmp_8                 (partselect       ) [ 00001111111110000000]
tmp_9                 (partselect       ) [ 00001111111111000000]
tmp_s                 (partselect       ) [ 00001111111111100000]
tmp_1                 (partselect       ) [ 00001111111111110000]
tmp_10                (partselect       ) [ 00001111111111111000]
tmp_11                (partselect       ) [ 01001111111111111100]
tmp_12                (partselect       ) [ 01101111111111111110]
tmp_13                (partselect       ) [ 01111111111111111111]
zext_ln282            (zext             ) [ 00000000000000000000]
write_ln277           (write            ) [ 00000000000000000000]
zext_ln282_1          (zext             ) [ 00000000000000000000]
write_ln277           (write            ) [ 00000000000000000000]
zext_ln282_2          (zext             ) [ 00000000000000000000]
write_ln277           (write            ) [ 00000000000000000000]
zext_ln282_3          (zext             ) [ 00000000000000000000]
write_ln277           (write            ) [ 00000000000000000000]
zext_ln282_4          (zext             ) [ 00000000000000000000]
write_ln277           (write            ) [ 00000000000000000000]
zext_ln282_5          (zext             ) [ 00000000000000000000]
write_ln277           (write            ) [ 00000000000000000000]
zext_ln282_6          (zext             ) [ 00000000000000000000]
write_ln277           (write            ) [ 00000000000000000000]
zext_ln282_7          (zext             ) [ 00000000000000000000]
write_ln277           (write            ) [ 00000000000000000000]
zext_ln282_8          (zext             ) [ 00000000000000000000]
write_ln277           (write            ) [ 00000000000000000000]
zext_ln282_9          (zext             ) [ 00000000000000000000]
write_ln277           (write            ) [ 00000000000000000000]
zext_ln282_10         (zext             ) [ 00000000000000000000]
write_ln277           (write            ) [ 00000000000000000000]
zext_ln282_11         (zext             ) [ 00000000000000000000]
write_ln277           (write            ) [ 00000000000000000000]
zext_ln282_12         (zext             ) [ 00000000000000000000]
write_ln277           (write            ) [ 00000000000000000000]
zext_ln282_13         (zext             ) [ 00000000000000000000]
write_ln277           (write            ) [ 00000000000000000000]
zext_ln282_14         (zext             ) [ 00000000000000000000]
write_ln277           (write            ) [ 00000000000000000000]
specloopname_ln0      (specloopname     ) [ 00000000000000000000]
speclooptripcount_ln0 (speclooptripcount) [ 00000000000000000000]
specpipeline_ln278    (specpipeline     ) [ 00000000000000000000]
zext_ln282_15         (zext             ) [ 00000000000000000000]
write_ln277           (write            ) [ 00000000000000000000]
br_ln277              (br               ) [ 00000000000000000000]
ret_ln0               (ret              ) [ 00000000000000000000]
</LifeTime>

<model>

<comp_list>
<comp id="0" class="1000" name="bound">
<pin_list>
<pin id="1" dir="1" index="0" bw="1" slack="0"/>
</pin_list>
<bind>
<StgValue><ssdm name="bound"/></StgValue>
</bind>
</comp>

<comp id="2" class="1000" name="gmem2">
<pin_list>
<pin id="3" dir="1" index="0" bw="1" slack="0"/>
</pin_list>
<bind>
<StgValue><ssdm name="gmem2"/></StgValue>
</bind>
</comp>

<comp id="4" class="1000" name="sext_ln274">
<pin_list>
<pin id="5" dir="1" index="0" bw="1" slack="0"/>
</pin_list>
<bind>
<StgValue><ssdm name="sext_ln274"/></StgValue>
</bind>
</comp>

<comp id="6" class="1000" name="sC1">
<pin_list>
<pin id="7" dir="1" index="0" bw="1" slack="0"/>
</pin_list>
<bind>
<StgValue><ssdm name="sC1"/></StgValue>
</bind>
</comp>

<comp id="8" class="1001" name="const_8">
<pin_list>
<pin id="9" dir="1" index="0" bw="1" slack="0"/>
</pin_list>
<bind>
<StgValue><ssdm name=""/></StgValue>
</bind>
</comp>

<comp id="10" class="1001" name="const_10">
<pin_list>
<pin id="11" dir="1" index="0" bw="1" slack="0"/>
</pin_list>
<bind>
<StgValue><ssdm name="_ssdm_op_Read.ap_auto.i62"/></StgValue>
</bind>
</comp>

<comp id="12" class="1001" name="const_12">
<pin_list>
<pin id="13" dir="1" index="0" bw="1" slack="0"/>
</pin_list>
<bind>
<StgValue><ssdm name="_ssdm_op_Read.ap_auto.i36"/></StgValue>
</bind>
</comp>

<comp id="14" class="1001" name="const_14">
<pin_list>
<pin id="15" dir="1" index="0" bw="1" slack="2147483647"/>
</pin_list>
<bind>
<StgValue><ssdm name="_ssdm_op_SpecInterface"/></StgValue>
</bind>
</comp>

<comp id="16" class="1001" name="const_16">
<pin_list>
<pin id="17" dir="1" index="0" bw="1" slack="2147483647"/>
</pin_list>
<bind>
<StgValue><ssdm name="empty_236"/></StgValue>
</bind>
</comp>

<comp id="18" class="1001" name="const_18">
<pin_list>
<pin id="19" dir="1" index="0" bw="1" slack="2147483647"/>
</pin_list>
<bind>
<StgValue><ssdm name=""/></StgValue>
</bind>
</comp>

<comp id="20" class="1001" name="const_20">
<pin_list>
<pin id="21" dir="1" index="0" bw="1" slack="2147483647"/>
</pin_list>
<bind>
<StgValue><ssdm name="empty_246"/></StgValue>
</bind>
</comp>

<comp id="22" class="1001" name="const_22">
<pin_list>
<pin id="23" dir="1" index="0" bw="1" slack="2147483647"/>
</pin_list>
<bind>
<StgValue><ssdm name=""/></StgValue>
</bind>
</comp>

<comp id="24" class="1001" name="const_24">
<pin_list>
<pin id="25" dir="1" index="0" bw="1" slack="2147483647"/>
</pin_list>
<bind>
<StgValue><ssdm name="empty_49"/></StgValue>
</bind>
</comp>

<comp id="26" class="1001" name="const_26">
<pin_list>
<pin id="27" dir="1" index="0" bw="1" slack="2147483647"/>
</pin_list>
<bind>
<StgValue><ssdm name="empty_47"/></StgValue>
</bind>
</comp>

<comp id="28" class="1001" name="const_28">
<pin_list>
<pin id="29" dir="1" index="0" bw="1" slack="2147483647"/>
</pin_list>
<bind>
<StgValue><ssdm name=""/></StgValue>
</bind>
</comp>

<comp id="30" class="1001" name="const_30">
<pin_list>
<pin id="31" dir="1" index="0" bw="1" slack="2147483647"/>
</pin_list>
<bind>
<StgValue><ssdm name=""/></StgValue>
</bind>
</comp>

<comp id="32" class="1001" name="const_32">
<pin_list>
<pin id="33" dir="1" index="0" bw="1" slack="2147483647"/>
</pin_list>
<bind>
<StgValue><ssdm name="empty_163"/></StgValue>
</bind>
</comp>

<comp id="34" class="1001" name="const_34">
<pin_list>
<pin id="35" dir="1" index="0" bw="1" slack="0"/>
</pin_list>
<bind>
<StgValue><ssdm name=""/></StgValue>
</bind>
</comp>

<comp id="36" class="1001" name="const_36">
<pin_list>
<pin id="37" dir="1" index="0" bw="1" slack="0"/>
</pin_list>
<bind>
<StgValue><ssdm name=""/></StgValue>
</bind>
</comp>

<comp id="38" class="1001" name="const_38">
<pin_list>
<pin id="39" dir="1" index="0" bw="1" slack="0"/>
</pin_list>
<bind>
<StgValue><ssdm name="_ssdm_op_Read.ap_fifo.volatile.i192P0A"/></StgValue>
</bind>
</comp>

<comp id="40" class="1001" name="const_40">
<pin_list>
<pin id="41" dir="1" index="0" bw="1" slack="0"/>
</pin_list>
<bind>
<StgValue><ssdm name="_ssdm_op_PartSelect.i12.i192.i32.i32"/></StgValue>
</bind>
</comp>

<comp id="42" class="1001" name="const_42">
<pin_list>
<pin id="43" dir="1" index="0" bw="1" slack="0"/>
</pin_list>
<bind>
<StgValue><ssdm name=""/></StgValue>
</bind>
</comp>

<comp id="44" class="1001" name="const_44">
<pin_list>
<pin id="45" dir="1" index="0" bw="1" slack="0"/>
</pin_list>
<bind>
<StgValue><ssdm name=""/></StgValue>
</bind>
</comp>

<comp id="46" class="1001" name="const_46">
<pin_list>
<pin id="47" dir="1" index="0" bw="1" slack="0"/>
</pin_list>
<bind>
<StgValue><ssdm name=""/></StgValue>
</bind>
</comp>

<comp id="48" class="1001" name="const_48">
<pin_list>
<pin id="49" dir="1" index="0" bw="1" slack="0"/>
</pin_list>
<bind>
<StgValue><ssdm name=""/></StgValue>
</bind>
</comp>

<comp id="50" class="1001" name="const_50">
<pin_list>
<pin id="51" dir="1" index="0" bw="1" slack="0"/>
</pin_list>
<bind>
<StgValue><ssdm name=""/></StgValue>
</bind>
</comp>

<comp id="52" class="1001" name="const_52">
<pin_list>
<pin id="53" dir="1" index="0" bw="1" slack="0"/>
</pin_list>
<bind>
<StgValue><ssdm name=""/></StgValue>
</bind>
</comp>

<comp id="54" class="1001" name="const_54">
<pin_list>
<pin id="55" dir="1" index="0" bw="1" slack="0"/>
</pin_list>
<bind>
<StgValue><ssdm name=""/></StgValue>
</bind>
</comp>

<comp id="56" class="1001" name="const_56">
<pin_list>
<pin id="57" dir="1" index="0" bw="1" slack="0"/>
</pin_list>
<bind>
<StgValue><ssdm name=""/></StgValue>
</bind>
</comp>

<comp id="58" class="1001" name="const_58">
<pin_list>
<pin id="59" dir="1" index="0" bw="1" slack="0"/>
</pin_list>
<bind>
<StgValue><ssdm name=""/></StgValue>
</bind>
</comp>

<comp id="60" class="1001" name="const_60">
<pin_list>
<pin id="61" dir="1" index="0" bw="1" slack="0"/>
</pin_list>
<bind>
<StgValue><ssdm name=""/></StgValue>
</bind>
</comp>

<comp id="62" class="1001" name="const_62">
<pin_list>
<pin id="63" dir="1" index="0" bw="1" slack="0"/>
</pin_list>
<bind>
<StgValue><ssdm name=""/></StgValue>
</bind>
</comp>

<comp id="64" class="1001" name="const_64">
<pin_list>
<pin id="65" dir="1" index="0" bw="1" slack="0"/>
</pin_list>
<bind>
<StgValue><ssdm name=""/></StgValue>
</bind>
</comp>

<comp id="66" class="1001" name="const_66">
<pin_list>
<pin id="67" dir="1" index="0" bw="1" slack="0"/>
</pin_list>
<bind>
<StgValue><ssdm name=""/></StgValue>
</bind>
</comp>

<comp id="68" class="1001" name="const_68">
<pin_list>
<pin id="69" dir="1" index="0" bw="1" slack="0"/>
</pin_list>
<bind>
<StgValue><ssdm name=""/></StgValue>
</bind>
</comp>

<comp id="70" class="1001" name="const_70">
<pin_list>
<pin id="71" dir="1" index="0" bw="1" slack="0"/>
</pin_list>
<bind>
<StgValue><ssdm name=""/></StgValue>
</bind>
</comp>

<comp id="72" class="1001" name="const_72">
<pin_list>
<pin id="73" dir="1" index="0" bw="1" slack="0"/>
</pin_list>
<bind>
<StgValue><ssdm name=""/></StgValue>
</bind>
</comp>

<comp id="74" class="1001" name="const_74">
<pin_list>
<pin id="75" dir="1" index="0" bw="1" slack="0"/>
</pin_list>
<bind>
<StgValue><ssdm name=""/></StgValue>
</bind>
</comp>

<comp id="76" class="1001" name="const_76">
<pin_list>
<pin id="77" dir="1" index="0" bw="1" slack="0"/>
</pin_list>
<bind>
<StgValue><ssdm name=""/></StgValue>
</bind>
</comp>

<comp id="78" class="1001" name="const_78">
<pin_list>
<pin id="79" dir="1" index="0" bw="1" slack="0"/>
</pin_list>
<bind>
<StgValue><ssdm name=""/></StgValue>
</bind>
</comp>

<comp id="80" class="1001" name="const_80">
<pin_list>
<pin id="81" dir="1" index="0" bw="1" slack="0"/>
</pin_list>
<bind>
<StgValue><ssdm name=""/></StgValue>
</bind>
</comp>

<comp id="82" class="1001" name="const_82">
<pin_list>
<pin id="83" dir="1" index="0" bw="1" slack="0"/>
</pin_list>
<bind>
<StgValue><ssdm name=""/></StgValue>
</bind>
</comp>

<comp id="84" class="1001" name="const_84">
<pin_list>
<pin id="85" dir="1" index="0" bw="1" slack="0"/>
</pin_list>
<bind>
<StgValue><ssdm name=""/></StgValue>
</bind>
</comp>

<comp id="86" class="1001" name="const_86">
<pin_list>
<pin id="87" dir="1" index="0" bw="1" slack="0"/>
</pin_list>
<bind>
<StgValue><ssdm name=""/></StgValue>
</bind>
</comp>

<comp id="88" class="1001" name="const_88">
<pin_list>
<pin id="89" dir="1" index="0" bw="1" slack="0"/>
</pin_list>
<bind>
<StgValue><ssdm name=""/></StgValue>
</bind>
</comp>

<comp id="90" class="1001" name="const_90">
<pin_list>
<pin id="91" dir="1" index="0" bw="1" slack="0"/>
</pin_list>
<bind>
<StgValue><ssdm name=""/></StgValue>
</bind>
</comp>

<comp id="92" class="1001" name="const_92">
<pin_list>
<pin id="93" dir="1" index="0" bw="1" slack="0"/>
</pin_list>
<bind>
<StgValue><ssdm name=""/></StgValue>
</bind>
</comp>

<comp id="94" class="1001" name="const_94">
<pin_list>
<pin id="95" dir="1" index="0" bw="1" slack="0"/>
</pin_list>
<bind>
<StgValue><ssdm name=""/></StgValue>
</bind>
</comp>

<comp id="96" class="1001" name="const_96">
<pin_list>
<pin id="97" dir="1" index="0" bw="1" slack="0"/>
</pin_list>
<bind>
<StgValue><ssdm name=""/></StgValue>
</bind>
</comp>

<comp id="98" class="1001" name="const_98">
<pin_list>
<pin id="99" dir="1" index="0" bw="1" slack="0"/>
</pin_list>
<bind>
<StgValue><ssdm name=""/></StgValue>
</bind>
</comp>

<comp id="100" class="1001" name="const_100">
<pin_list>
<pin id="101" dir="1" index="0" bw="1" slack="0"/>
</pin_list>
<bind>
<StgValue><ssdm name=""/></StgValue>
</bind>
</comp>

<comp id="102" class="1001" name="const_102">
<pin_list>
<pin id="103" dir="1" index="0" bw="1" slack="0"/>
</pin_list>
<bind>
<StgValue><ssdm name="_ssdm_op_Write.m_axi.p1i32"/></StgValue>
</bind>
</comp>

<comp id="104" class="1001" name="const_104">
<pin_list>
<pin id="105" dir="1" index="0" bw="1" slack="0"/>
</pin_list>
<bind>
<StgValue><ssdm name=""/></StgValue>
</bind>
</comp>

<comp id="106" class="1001" name="const_106">
<pin_list>
<pin id="107" dir="1" index="0" bw="1" slack="2147483647"/>
</pin_list>
<bind>
<StgValue><ssdm name="_ssdm_op_SpecLoopName"/></StgValue>
</bind>
</comp>

<comp id="108" class="1001" name="const_108">
<pin_list>
<pin id="109" dir="1" index="0" bw="1" slack="2147483647"/>
</pin_list>
<bind>
<StgValue><ssdm name="ST_BLK_ST_str"/></StgValue>
</bind>
</comp>

<comp id="110" class="1001" name="const_110">
<pin_list>
<pin id="111" dir="1" index="0" bw="1" slack="2147483647"/>
</pin_list>
<bind>
<StgValue><ssdm name="_ssdm_op_SpecLoopTripCount"/></StgValue>
</bind>
</comp>

<comp id="112" class="1001" name="const_112">
<pin_list>
<pin id="113" dir="1" index="0" bw="1" slack="2147483647"/>
</pin_list>
<bind>
<StgValue><ssdm name=""/></StgValue>
</bind>
</comp>

<comp id="114" class="1001" name="const_114">
<pin_list>
<pin id="115" dir="1" index="0" bw="1" slack="2147483647"/>
</pin_list>
<bind>
<StgValue><ssdm name=""/></StgValue>
</bind>
</comp>

<comp id="116" class="1001" name="const_116">
<pin_list>
<pin id="117" dir="1" index="0" bw="1" slack="2147483647"/>
</pin_list>
<bind>
<StgValue><ssdm name=""/></StgValue>
</bind>
</comp>

<comp id="118" class="1001" name="const_118">
<pin_list>
<pin id="119" dir="1" index="0" bw="1" slack="2147483647"/>
</pin_list>
<bind>
<StgValue><ssdm name="_ssdm_op_SpecPipeline"/></StgValue>
</bind>
</comp>

<comp id="120" class="1004" name="indvar_flatten_fu_120">
<pin_list>
<pin id="121" dir="0" index="0" bw="1" slack="0"/>
<pin id="122" dir="1" index="1" bw="36" slack="0"/>
</pin_list>
<bind>
<opcode="alloca(26) " fcode="alloca"/>
<opset="indvar_flatten/1 "/>
</bind>
</comp>

<comp id="124" class="1004" name="sext_ln274_read_read_fu_124">
<pin_list>
<pin id="125" dir="0" index="0" bw="62" slack="0"/>
<pin id="126" dir="0" index="1" bw="62" slack="0"/>
<pin id="127" dir="1" index="2" bw="62" slack="0"/>
</pin_list>
<bind>
<opcode="read(1150) " fcode="read"/>
<opset="sext_ln274_read/1 "/>
</bind>
</comp>

<comp id="130" class="1004" name="bound_read_read_fu_130">
<pin_list>
<pin id="131" dir="0" index="0" bw="36" slack="0"/>
<pin id="132" dir="0" index="1" bw="36" slack="0"/>
<pin id="133" dir="1" index="2" bw="36" slack="1"/>
</pin_list>
<bind>
<opcode="read(1150) " fcode="read"/>
<opset="bound_read/1 "/>
</bind>
</comp>

<comp id="136" class="1004" name="sC1_read_read_fu_136">
<pin_list>
<pin id="137" dir="0" index="0" bw="192" slack="0"/>
<pin id="138" dir="0" index="1" bw="192" slack="0"/>
<pin id="139" dir="1" index="2" bw="192" slack="0"/>
</pin_list>
<bind>
<opcode="read(1150) " fcode="read"/>
<opset="sC1_read/3 "/>
</bind>
</comp>

<comp id="142" class="1004" name="write_ln277_write_fu_142">
<pin_list>
<pin id="143" dir="0" index="0" bw="0" slack="0"/>
<pin id="144" dir="0" index="1" bw="32" slack="2"/>
<pin id="145" dir="0" index="2" bw="12" slack="0"/>
<pin id="146" dir="0" index="3" bw="1" slack="0"/>
<pin id="147" dir="1" index="4" bw="0" slack="2147483647"/>
</pin_list>
<bind>
<opcode="write(1151) " fcode="write"/>
<opset="write_ln277/4 "/>
</bind>
</comp>

<comp id="150" class="1004" name="write_ln277_write_fu_150">
<pin_list>
<pin id="151" dir="0" index="0" bw="0" slack="0"/>
<pin id="152" dir="0" index="1" bw="32" slack="3"/>
<pin id="153" dir="0" index="2" bw="12" slack="0"/>
<pin id="154" dir="0" index="3" bw="1" slack="0"/>
<pin id="155" dir="1" index="4" bw="0" slack="2147483647"/>
</pin_list>
<bind>
<opcode="write(1151) " fcode="write"/>
<opset="write_ln277/5 "/>
</bind>
</comp>

<comp id="158" class="1004" name="write_ln277_write_fu_158">
<pin_list>
<pin id="159" dir="0" index="0" bw="0" slack="0"/>
<pin id="160" dir="0" index="1" bw="32" slack="4"/>
<pin id="161" dir="0" index="2" bw="12" slack="0"/>
<pin id="162" dir="0" index="3" bw="1" slack="0"/>
<pin id="163" dir="1" index="4" bw="0" slack="2147483647"/>
</pin_list>
<bind>
<opcode="write(1151) " fcode="write"/>
<opset="write_ln277/6 "/>
</bind>
</comp>

<comp id="166" class="1004" name="write_ln277_write_fu_166">
<pin_list>
<pin id="167" dir="0" index="0" bw="0" slack="0"/>
<pin id="168" dir="0" index="1" bw="32" slack="5"/>
<pin id="169" dir="0" index="2" bw="12" slack="0"/>
<pin id="170" dir="0" index="3" bw="1" slack="0"/>
<pin id="171" dir="1" index="4" bw="0" slack="2147483647"/>
</pin_list>
<bind>
<opcode="write(1151) " fcode="write"/>
<opset="write_ln277/7 "/>
</bind>
</comp>

<comp id="174" class="1004" name="write_ln277_write_fu_174">
<pin_list>
<pin id="175" dir="0" index="0" bw="0" slack="0"/>
<pin id="176" dir="0" index="1" bw="32" slack="6"/>
<pin id="177" dir="0" index="2" bw="12" slack="0"/>
<pin id="178" dir="0" index="3" bw="1" slack="0"/>
<pin id="179" dir="1" index="4" bw="0" slack="2147483647"/>
</pin_list>
<bind>
<opcode="write(1151) " fcode="write"/>
<opset="write_ln277/8 "/>
</bind>
</comp>

<comp id="182" class="1004" name="write_ln277_write_fu_182">
<pin_list>
<pin id="183" dir="0" index="0" bw="0" slack="0"/>
<pin id="184" dir="0" index="1" bw="32" slack="7"/>
<pin id="185" dir="0" index="2" bw="12" slack="0"/>
<pin id="186" dir="0" index="3" bw="1" slack="0"/>
<pin id="187" dir="1" index="4" bw="0" slack="2147483647"/>
</pin_list>
<bind>
<opcode="write(1151) " fcode="write"/>
<opset="write_ln277/9 "/>
</bind>
</comp>

<comp id="190" class="1004" name="write_ln277_write_fu_190">
<pin_list>
<pin id="191" dir="0" index="0" bw="0" slack="0"/>
<pin id="192" dir="0" index="1" bw="32" slack="8"/>
<pin id="193" dir="0" index="2" bw="12" slack="0"/>
<pin id="194" dir="0" index="3" bw="1" slack="0"/>
<pin id="195" dir="1" index="4" bw="0" slack="2147483647"/>
</pin_list>
<bind>
<opcode="write(1151) " fcode="write"/>
<opset="write_ln277/10 "/>
</bind>
</comp>

<comp id="198" class="1004" name="write_ln277_write_fu_198">
<pin_list>
<pin id="199" dir="0" index="0" bw="0" slack="0"/>
<pin id="200" dir="0" index="1" bw="32" slack="9"/>
<pin id="201" dir="0" index="2" bw="12" slack="0"/>
<pin id="202" dir="0" index="3" bw="1" slack="0"/>
<pin id="203" dir="1" index="4" bw="0" slack="2147483647"/>
</pin_list>
<bind>
<opcode="write(1151) " fcode="write"/>
<opset="write_ln277/11 "/>
</bind>
</comp>

<comp id="206" class="1004" name="write_ln277_write_fu_206">
<pin_list>
<pin id="207" dir="0" index="0" bw="0" slack="0"/>
<pin id="208" dir="0" index="1" bw="32" slack="10"/>
<pin id="209" dir="0" index="2" bw="12" slack="0"/>
<pin id="210" dir="0" index="3" bw="1" slack="0"/>
<pin id="211" dir="1" index="4" bw="0" slack="2147483647"/>
</pin_list>
<bind>
<opcode="write(1151) " fcode="write"/>
<opset="write_ln277/12 "/>
</bind>
</comp>

<comp id="214" class="1004" name="write_ln277_write_fu_214">
<pin_list>
<pin id="215" dir="0" index="0" bw="0" slack="0"/>
<pin id="216" dir="0" index="1" bw="32" slack="11"/>
<pin id="217" dir="0" index="2" bw="12" slack="0"/>
<pin id="218" dir="0" index="3" bw="1" slack="0"/>
<pin id="219" dir="1" index="4" bw="0" slack="2147483647"/>
</pin_list>
<bind>
<opcode="write(1151) " fcode="write"/>
<opset="write_ln277/13 "/>
</bind>
</comp>

<comp id="222" class="1004" name="write_ln277_write_fu_222">
<pin_list>
<pin id="223" dir="0" index="0" bw="0" slack="0"/>
<pin id="224" dir="0" index="1" bw="32" slack="12"/>
<pin id="225" dir="0" index="2" bw="12" slack="0"/>
<pin id="226" dir="0" index="3" bw="1" slack="0"/>
<pin id="227" dir="1" index="4" bw="0" slack="2147483647"/>
</pin_list>
<bind>
<opcode="write(1151) " fcode="write"/>
<opset="write_ln277/14 "/>
</bind>
</comp>

<comp id="230" class="1004" name="write_ln277_write_fu_230">
<pin_list>
<pin id="231" dir="0" index="0" bw="0" slack="0"/>
<pin id="232" dir="0" index="1" bw="32" slack="13"/>
<pin id="233" dir="0" index="2" bw="12" slack="0"/>
<pin id="234" dir="0" index="3" bw="1" slack="0"/>
<pin id="235" dir="1" index="4" bw="0" slack="2147483647"/>
</pin_list>
<bind>
<opcode="write(1151) " fcode="write"/>
<opset="write_ln277/15 "/>
</bind>
</comp>

<comp id="238" class="1004" name="write_ln277_write_fu_238">
<pin_list>
<pin id="239" dir="0" index="0" bw="0" slack="0"/>
<pin id="240" dir="0" index="1" bw="32" slack="14"/>
<pin id="241" dir="0" index="2" bw="12" slack="0"/>
<pin id="242" dir="0" index="3" bw="1" slack="0"/>
<pin id="243" dir="1" index="4" bw="0" slack="2147483647"/>
</pin_list>
<bind>
<opcode="write(1151) " fcode="write"/>
<opset="write_ln277/16 "/>
</bind>
</comp>

<comp id="246" class="1004" name="write_ln277_write_fu_246">
<pin_list>
<pin id="247" dir="0" index="0" bw="0" slack="0"/>
<pin id="248" dir="0" index="1" bw="32" slack="15"/>
<pin id="249" dir="0" index="2" bw="12" slack="0"/>
<pin id="250" dir="0" index="3" bw="1" slack="0"/>
<pin id="251" dir="1" index="4" bw="0" slack="2147483647"/>
</pin_list>
<bind>
<opcode="write(1151) " fcode="write"/>
<opset="write_ln277/17 "/>
</bind>
</comp>

<comp id="254" class="1004" name="write_ln277_write_fu_254">
<pin_list>
<pin id="255" dir="0" index="0" bw="0" slack="0"/>
<pin id="256" dir="0" index="1" bw="32" slack="16"/>
<pin id="257" dir="0" index="2" bw="12" slack="0"/>
<pin id="258" dir="0" index="3" bw="1" slack="0"/>
<pin id="259" dir="1" index="4" bw="0" slack="2147483647"/>
</pin_list>
<bind>
<opcode="write(1151) " fcode="write"/>
<opset="write_ln277/18 "/>
</bind>
</comp>

<comp id="262" class="1004" name="write_ln277_write_fu_262">
<pin_list>
<pin id="263" dir="0" index="0" bw="0" slack="0"/>
<pin id="264" dir="0" index="1" bw="32" slack="17"/>
<pin id="265" dir="0" index="2" bw="12" slack="0"/>
<pin id="266" dir="0" index="3" bw="1" slack="0"/>
<pin id="267" dir="1" index="4" bw="0" slack="2147483647"/>
</pin_list>
<bind>
<opcode="write(1151) " fcode="write"/>
<opset="write_ln277/19 "/>
</bind>
</comp>

<comp id="270" class="1004" name="sext_ln274_cast_fu_270">
<pin_list>
<pin id="271" dir="0" index="0" bw="62" slack="0"/>
<pin id="272" dir="1" index="1" bw="64" slack="1"/>
</pin_list>
<bind>
<opcode="sext(35) " fcode="sext"/>
<opset="sext_ln274_cast/1 "/>
</bind>
</comp>

<comp id="274" class="1004" name="store_ln0_store_fu_274">
<pin_list>
<pin id="275" dir="0" index="0" bw="1" slack="0"/>
<pin id="276" dir="0" index="1" bw="36" slack="0"/>
<pin id="277" dir="1" index="2" bw="0" slack="2147483647"/>
</pin_list>
<bind>
<opcode="store(28) " fcode="store"/>
<opset="store_ln0/1 "/>
</bind>
</comp>

<comp id="279" class="1004" name="indvar_flatten_load_load_fu_279">
<pin_list>
<pin id="280" dir="0" index="0" bw="36" slack="1"/>
<pin id="281" dir="1" index="1" bw="36" slack="0"/>
</pin_list>
<bind>
<opcode="load(27) " fcode="load"/>
<opset="indvar_flatten_load/2 "/>
</bind>
</comp>

<comp id="282" class="1004" name="icmp_ln274_fu_282">
<pin_list>
<pin id="283" dir="0" index="0" bw="36" slack="0"/>
<pin id="284" dir="0" index="1" bw="36" slack="1"/>
<pin id="285" dir="1" index="2" bw="1" slack="1"/>
</pin_list>
<bind>
<opcode="icmp(45) " fcode="icmp"/>
<opset="icmp_ln274/2 "/>
</bind>
</comp>

<comp id="287" class="1004" name="add_ln274_fu_287">
<pin_list>
<pin id="288" dir="0" index="0" bw="36" slack="0"/>
<pin id="289" dir="0" index="1" bw="1" slack="0"/>
<pin id="290" dir="1" index="2" bw="36" slack="0"/>
</pin_list>
<bind>
<opcode="add(8) " fcode="add"/>
<opset="add_ln274/2 "/>
</bind>
</comp>

<comp id="293" class="1004" name="gmem2_addr_fu_293">
<pin_list>
<pin id="294" dir="0" index="0" bw="32" slack="0"/>
<pin id="295" dir="0" index="1" bw="62" slack="1"/>
<pin id="296" dir="1" index="2" bw="32" slack="2"/>
</pin_list>
<bind>
<opcode="getelementptr(29) " fcode="getelementptr"/>
<opset="gmem2_addr/2 "/>
</bind>
</comp>

<comp id="298" class="1004" name="store_ln274_store_fu_298">
<pin_list>
<pin id="299" dir="0" index="0" bw="36" slack="0"/>
<pin id="300" dir="0" index="1" bw="36" slack="1"/>
<pin id="301" dir="1" index="2" bw="0" slack="2147483647"/>
</pin_list>
<bind>
<opcode="store(28) " fcode="store"/>
<opset="store_ln274/2 "/>
</bind>
</comp>

<comp id="303" class="1004" name="bc_fu_303">
<pin_list>
<pin id="304" dir="0" index="0" bw="192" slack="0"/>
<pin id="305" dir="1" index="1" bw="12" slack="1"/>
</pin_list>
<bind>
<opcode="trunc(33) " fcode="trunc"/>
<opset="bc/3 "/>
</bind>
</comp>

<comp id="307" class="1004" name="bc_1_fu_307">
<pin_list>
<pin id="308" dir="0" index="0" bw="12" slack="0"/>
<pin id="309" dir="0" index="1" bw="192" slack="0"/>
<pin id="310" dir="0" index="2" bw="5" slack="0"/>
<pin id="311" dir="0" index="3" bw="6" slack="0"/>
<pin id="312" dir="1" index="4" bw="12" slack="2"/>
</pin_list>
<bind>
<opcode="partselect(1002) " fcode="partselect"/>
<opset="bc_1/3 "/>
</bind>
</comp>

<comp id="317" class="1004" name="tmp_2_fu_317">
<pin_list>
<pin id="318" dir="0" index="0" bw="12" slack="0"/>
<pin id="319" dir="0" index="1" bw="192" slack="0"/>
<pin id="320" dir="0" index="2" bw="6" slack="0"/>
<pin id="321" dir="0" index="3" bw="7" slack="0"/>
<pin id="322" dir="1" index="4" bw="12" slack="3"/>
</pin_list>
<bind>
<opcode="partselect(1002) " fcode="partselect"/>
<opset="tmp_2/3 "/>
</bind>
</comp>

<comp id="327" class="1004" name="tmp_3_fu_327">
<pin_list>
<pin id="328" dir="0" index="0" bw="12" slack="0"/>
<pin id="329" dir="0" index="1" bw="192" slack="0"/>
<pin id="330" dir="0" index="2" bw="7" slack="0"/>
<pin id="331" dir="0" index="3" bw="7" slack="0"/>
<pin id="332" dir="1" index="4" bw="12" slack="4"/>
</pin_list>
<bind>
<opcode="partselect(1002) " fcode="partselect"/>
<opset="tmp_3/3 "/>
</bind>
</comp>

<comp id="337" class="1004" name="tmp_4_fu_337">
<pin_list>
<pin id="338" dir="0" index="0" bw="12" slack="0"/>
<pin id="339" dir="0" index="1" bw="192" slack="0"/>
<pin id="340" dir="0" index="2" bw="7" slack="0"/>
<pin id="341" dir="0" index="3" bw="7" slack="0"/>
<pin id="342" dir="1" index="4" bw="12" slack="5"/>
</pin_list>
<bind>
<opcode="partselect(1002) " fcode="partselect"/>
<opset="tmp_4/3 "/>
</bind>
</comp>

<comp id="347" class="1004" name="tmp_5_fu_347">
<pin_list>
<pin id="348" dir="0" index="0" bw="12" slack="0"/>
<pin id="349" dir="0" index="1" bw="192" slack="0"/>
<pin id="350" dir="0" index="2" bw="7" slack="0"/>
<pin id="351" dir="0" index="3" bw="8" slack="0"/>
<pin id="352" dir="1" index="4" bw="12" slack="6"/>
</pin_list>
<bind>
<opcode="partselect(1002) " fcode="partselect"/>
<opset="tmp_5/3 "/>
</bind>
</comp>

<comp id="357" class="1004" name="tmp_6_fu_357">
<pin_list>
<pin id="358" dir="0" index="0" bw="12" slack="0"/>
<pin id="359" dir="0" index="1" bw="192" slack="0"/>
<pin id="360" dir="0" index="2" bw="8" slack="0"/>
<pin id="361" dir="0" index="3" bw="8" slack="0"/>
<pin id="362" dir="1" index="4" bw="12" slack="7"/>
</pin_list>
<bind>
<opcode="partselect(1002) " fcode="partselect"/>
<opset="tmp_6/3 "/>
</bind>
</comp>

<comp id="367" class="1004" name="tmp_7_fu_367">
<pin_list>
<pin id="368" dir="0" index="0" bw="12" slack="0"/>
<pin id="369" dir="0" index="1" bw="192" slack="0"/>
<pin id="370" dir="0" index="2" bw="8" slack="0"/>
<pin id="371" dir="0" index="3" bw="8" slack="0"/>
<pin id="372" dir="1" index="4" bw="12" slack="8"/>
</pin_list>
<bind>
<opcode="partselect(1002) " fcode="partselect"/>
<opset="tmp_7/3 "/>
</bind>
</comp>

<comp id="377" class="1004" name="tmp_8_fu_377">
<pin_list>
<pin id="378" dir="0" index="0" bw="12" slack="0"/>
<pin id="379" dir="0" index="1" bw="192" slack="0"/>
<pin id="380" dir="0" index="2" bw="8" slack="0"/>
<pin id="381" dir="0" index="3" bw="8" slack="0"/>
<pin id="382" dir="1" index="4" bw="12" slack="9"/>
</pin_list>
<bind>
<opcode="partselect(1002) " fcode="partselect"/>
<opset="tmp_8/3 "/>
</bind>
</comp>

<comp id="387" class="1004" name="tmp_9_fu_387">
<pin_list>
<pin id="388" dir="0" index="0" bw="12" slack="0"/>
<pin id="389" dir="0" index="1" bw="192" slack="0"/>
<pin id="390" dir="0" index="2" bw="8" slack="0"/>
<pin id="391" dir="0" index="3" bw="8" slack="0"/>
<pin id="392" dir="1" index="4" bw="12" slack="10"/>
</pin_list>
<bind>
<opcode="partselect(1002) " fcode="partselect"/>
<opset="tmp_9/3 "/>
</bind>
</comp>

<comp id="397" class="1004" name="tmp_s_fu_397">
<pin_list>
<pin id="398" dir="0" index="0" bw="12" slack="0"/>
<pin id="399" dir="0" index="1" bw="192" slack="0"/>
<pin id="400" dir="0" index="2" bw="8" slack="0"/>
<pin id="401" dir="0" index="3" bw="9" slack="0"/>
<pin id="402" dir="1" index="4" bw="12" slack="11"/>
</pin_list>
<bind>
<opcode="partselect(1002) " fcode="partselect"/>
<opset="tmp_s/3 "/>
</bind>
</comp>

<comp id="407" class="1004" name="tmp_1_fu_407">
<pin_list>
<pin id="408" dir="0" index="0" bw="12" slack="0"/>
<pin id="409" dir="0" index="1" bw="192" slack="0"/>
<pin id="410" dir="0" index="2" bw="9" slack="0"/>
<pin id="411" dir="0" index="3" bw="9" slack="0"/>
<pin id="412" dir="1" index="4" bw="12" slack="12"/>
</pin_list>
<bind>
<opcode="partselect(1002) " fcode="partselect"/>
<opset="tmp_1/3 "/>
</bind>
</comp>

<comp id="417" class="1004" name="tmp_10_fu_417">
<pin_list>
<pin id="418" dir="0" index="0" bw="12" slack="0"/>
<pin id="419" dir="0" index="1" bw="192" slack="0"/>
<pin id="420" dir="0" index="2" bw="9" slack="0"/>
<pin id="421" dir="0" index="3" bw="9" slack="0"/>
<pin id="422" dir="1" index="4" bw="12" slack="13"/>
</pin_list>
<bind>
<opcode="partselect(1002) " fcode="partselect"/>
<opset="tmp_10/3 "/>
</bind>
</comp>

<comp id="427" class="1004" name="tmp_11_fu_427">
<pin_list>
<pin id="428" dir="0" index="0" bw="12" slack="0"/>
<pin id="429" dir="0" index="1" bw="192" slack="0"/>
<pin id="430" dir="0" index="2" bw="9" slack="0"/>
<pin id="431" dir="0" index="3" bw="9" slack="0"/>
<pin id="432" dir="1" index="4" bw="12" slack="14"/>
</pin_list>
<bind>
<opcode="partselect(1002) " fcode="partselect"/>
<opset="tmp_11/3 "/>
</bind>
</comp>

<comp id="437" class="1004" name="tmp_12_fu_437">
<pin_list>
<pin id="438" dir="0" index="0" bw="12" slack="0"/>
<pin id="439" dir="0" index="1" bw="192" slack="0"/>
<pin id="440" dir="0" index="2" bw="9" slack="0"/>
<pin id="441" dir="0" index="3" bw="9" slack="0"/>
<pin id="442" dir="1" index="4" bw="12" slack="15"/>
</pin_list>
<bind>
<opcode="partselect(1002) " fcode="partselect"/>
<opset="tmp_12/3 "/>
</bind>
</comp>

<comp id="447" class="1004" name="tmp_13_fu_447">
<pin_list>
<pin id="448" dir="0" index="0" bw="12" slack="0"/>
<pin id="449" dir="0" index="1" bw="192" slack="0"/>
<pin id="450" dir="0" index="2" bw="9" slack="0"/>
<pin id="451" dir="0" index="3" bw="9" slack="0"/>
<pin id="452" dir="1" index="4" bw="12" slack="16"/>
</pin_list>
<bind>
<opcode="partselect(1002) " fcode="partselect"/>
<opset="tmp_13/3 "/>
</bind>
</comp>

<comp id="457" class="1004" name="zext_ln282_fu_457">
<pin_list>
<pin id="458" dir="0" index="0" bw="12" slack="1"/>
<pin id="459" dir="1" index="1" bw="32" slack="0"/>
</pin_list>
<bind>
<opcode="zext(34) " fcode="zext"/>
<opset="zext_ln282/4 "/>
</bind>
</comp>

<comp id="461" class="1004" name="zext_ln282_1_fu_461">
<pin_list>
<pin id="462" dir="0" index="0" bw="12" slack="2"/>
<pin id="463" dir="1" index="1" bw="32" slack="0"/>
</pin_list>
<bind>
<opcode="zext(34) " fcode="zext"/>
<opset="zext_ln282_1/5 "/>
</bind>
</comp>

<comp id="465" class="1004" name="zext_ln282_2_fu_465">
<pin_list>
<pin id="466" dir="0" index="0" bw="12" slack="3"/>
<pin id="467" dir="1" index="1" bw="32" slack="0"/>
</pin_list>
<bind>
<opcode="zext(34) " fcode="zext"/>
<opset="zext_ln282_2/6 "/>
</bind>
</comp>

<comp id="469" class="1004" name="zext_ln282_3_fu_469">
<pin_list>
<pin id="470" dir="0" index="0" bw="12" slack="4"/>
<pin id="471" dir="1" index="1" bw="32" slack="0"/>
</pin_list>
<bind>
<opcode="zext(34) " fcode="zext"/>
<opset="zext_ln282_3/7 "/>
</bind>
</comp>

<comp id="473" class="1004" name="zext_ln282_4_fu_473">
<pin_list>
<pin id="474" dir="0" index="0" bw="12" slack="5"/>
<pin id="475" dir="1" index="1" bw="32" slack="0"/>
</pin_list>
<bind>
<opcode="zext(34) " fcode="zext"/>
<opset="zext_ln282_4/8 "/>
</bind>
</comp>

<comp id="477" class="1004" name="zext_ln282_5_fu_477">
<pin_list>
<pin id="478" dir="0" index="0" bw="12" slack="6"/>
<pin id="479" dir="1" index="1" bw="32" slack="0"/>
</pin_list>
<bind>
<opcode="zext(34) " fcode="zext"/>
<opset="zext_ln282_5/9 "/>
</bind>
</comp>

<comp id="481" class="1004" name="zext_ln282_6_fu_481">
<pin_list>
<pin id="482" dir="0" index="0" bw="12" slack="7"/>
<pin id="483" dir="1" index="1" bw="32" slack="0"/>
</pin_list>
<bind>
<opcode="zext(34) " fcode="zext"/>
<opset="zext_ln282_6/10 "/>
</bind>
</comp>

<comp id="485" class="1004" name="zext_ln282_7_fu_485">
<pin_list>
<pin id="486" dir="0" index="0" bw="12" slack="8"/>
<pin id="487" dir="1" index="1" bw="32" slack="0"/>
</pin_list>
<bind>
<opcode="zext(34) " fcode="zext"/>
<opset="zext_ln282_7/11 "/>
</bind>
</comp>

<comp id="489" class="1004" name="zext_ln282_8_fu_489">
<pin_list>
<pin id="490" dir="0" index="0" bw="12" slack="9"/>
<pin id="491" dir="1" index="1" bw="32" slack="0"/>
</pin_list>
<bind>
<opcode="zext(34) " fcode="zext"/>
<opset="zext_ln282_8/12 "/>
</bind>
</comp>

<comp id="493" class="1004" name="zext_ln282_9_fu_493">
<pin_list>
<pin id="494" dir="0" index="0" bw="12" slack="10"/>
<pin id="495" dir="1" index="1" bw="32" slack="0"/>
</pin_list>
<bind>
<opcode="zext(34) " fcode="zext"/>
<opset="zext_ln282_9/13 "/>
</bind>
</comp>

<comp id="497" class="1004" name="zext_ln282_10_fu_497">
<pin_list>
<pin id="498" dir="0" index="0" bw="12" slack="11"/>
<pin id="499" dir="1" index="1" bw="32" slack="0"/>
</pin_list>
<bind>
<opcode="zext(34) " fcode="zext"/>
<opset="zext_ln282_10/14 "/>
</bind>
</comp>

<comp id="501" class="1004" name="zext_ln282_11_fu_501">
<pin_list>
<pin id="502" dir="0" index="0" bw="12" slack="12"/>
<pin id="503" dir="1" index="1" bw="32" slack="0"/>
</pin_list>
<bind>
<opcode="zext(34) " fcode="zext"/>
<opset="zext_ln282_11/15 "/>
</bind>
</comp>

<comp id="505" class="1004" name="zext_ln282_12_fu_505">
<pin_list>
<pin id="506" dir="0" index="0" bw="12" slack="13"/>
<pin id="507" dir="1" index="1" bw="32" slack="0"/>
</pin_list>
<bind>
<opcode="zext(34) " fcode="zext"/>
<opset="zext_ln282_12/16 "/>
</bind>
</comp>

<comp id="509" class="1004" name="zext_ln282_13_fu_509">
<pin_list>
<pin id="510" dir="0" index="0" bw="12" slack="14"/>
<pin id="511" dir="1" index="1" bw="32" slack="0"/>
</pin_list>
<bind>
<opcode="zext(34) " fcode="zext"/>
<opset="zext_ln282_13/17 "/>
</bind>
</comp>

<comp id="513" class="1004" name="zext_ln282_14_fu_513">
<pin_list>
<pin id="514" dir="0" index="0" bw="12" slack="15"/>
<pin id="515" dir="1" index="1" bw="32" slack="0"/>
</pin_list>
<bind>
<opcode="zext(34) " fcode="zext"/>
<opset="zext_ln282_14/18 "/>
</bind>
</comp>

<comp id="517" class="1004" name="zext_ln282_15_fu_517">
<pin_list>
<pin id="518" dir="0" index="0" bw="12" slack="16"/>
<pin id="519" dir="1" index="1" bw="32" slack="0"/>
</pin_list>
<bind>
<opcode="zext(34) " fcode="zext"/>
<opset="zext_ln282_15/19 "/>
</bind>
</comp>

<comp id="521" class="1005" name="indvar_flatten_reg_521">
<pin_list>
<pin id="522" dir="0" index="0" bw="36" slack="0"/>
<pin id="523" dir="1" index="1" bw="36" slack="0"/>
</pin_list>
<bind>
<opset="indvar_flatten "/>
</bind>
</comp>

<comp id="528" class="1005" name="bound_read_reg_528">
<pin_list>
<pin id="529" dir="0" index="0" bw="36" slack="1"/>
<pin id="530" dir="1" index="1" bw="36" slack="1"/>
</pin_list>
<bind>
<opset="bound_read "/>
</bind>
</comp>

<comp id="533" class="1005" name="sext_ln274_cast_reg_533">
<pin_list>
<pin id="534" dir="0" index="0" bw="64" slack="1"/>
<pin id="535" dir="1" index="1" bw="64" slack="1"/>
</pin_list>
<bind>
<opset="sext_ln274_cast "/>
</bind>
</comp>

<comp id="538" class="1005" name="icmp_ln274_reg_538">
<pin_list>
<pin id="539" dir="0" index="0" bw="1" slack="1"/>
<pin id="540" dir="1" index="1" bw="1" slack="2147483647"/>
</pin_list>
<bind>
<opset="icmp_ln274 "/>
</bind>
</comp>

<comp id="542" class="1005" name="gmem2_addr_reg_542">
<pin_list>
<pin id="543" dir="0" index="0" bw="32" slack="2"/>
<pin id="544" dir="1" index="1" bw="32" slack="2"/>
</pin_list>
<bind>
<opset="gmem2_addr "/>
</bind>
</comp>

<comp id="562" class="1005" name="bc_reg_562">
<pin_list>
<pin id="563" dir="0" index="0" bw="12" slack="1"/>
<pin id="564" dir="1" index="1" bw="12" slack="1"/>
</pin_list>
<bind>
<opset="bc "/>
</bind>
</comp>

<comp id="567" class="1005" name="bc_1_reg_567">
<pin_list>
<pin id="568" dir="0" index="0" bw="12" slack="2"/>
<pin id="569" dir="1" index="1" bw="12" slack="2"/>
</pin_list>
<bind>
<opset="bc_1 "/>
</bind>
</comp>

<comp id="572" class="1005" name="tmp_2_reg_572">
<pin_list>
<pin id="573" dir="0" index="0" bw="12" slack="3"/>
<pin id="574" dir="1" index="1" bw="12" slack="3"/>
</pin_list>
<bind>
<opset="tmp_2 "/>
</bind>
</comp>

<comp id="577" class="1005" name="tmp_3_reg_577">
<pin_list>
<pin id="578" dir="0" index="0" bw="12" slack="4"/>
<pin id="579" dir="1" index="1" bw="12" slack="4"/>
</pin_list>
<bind>
<opset="tmp_3 "/>
</bind>
</comp>

<comp id="582" class="1005" name="tmp_4_reg_582">
<pin_list>
<pin id="583" dir="0" index="0" bw="12" slack="5"/>
<pin id="584" dir="1" index="1" bw="12" slack="5"/>
</pin_list>
<bind>
<opset="tmp_4 "/>
</bind>
</comp>

<comp id="587" class="1005" name="tmp_5_reg_587">
<pin_list>
<pin id="588" dir="0" index="0" bw="12" slack="6"/>
<pin id="589" dir="1" index="1" bw="12" slack="6"/>
</pin_list>
<bind>
<opset="tmp_5 "/>
</bind>
</comp>

<comp id="592" class="1005" name="tmp_6_reg_592">
<pin_list>
<pin id="593" dir="0" index="0" bw="12" slack="7"/>
<pin id="594" dir="1" index="1" bw="12" slack="7"/>
</pin_list>
<bind>
<opset="tmp_6 "/>
</bind>
</comp>

<comp id="597" class="1005" name="tmp_7_reg_597">
<pin_list>
<pin id="598" dir="0" index="0" bw="12" slack="8"/>
<pin id="599" dir="1" index="1" bw="12" slack="8"/>
</pin_list>
<bind>
<opset="tmp_7 "/>
</bind>
</comp>

<comp id="602" class="1005" name="tmp_8_reg_602">
<pin_list>
<pin id="603" dir="0" index="0" bw="12" slack="9"/>
<pin id="604" dir="1" index="1" bw="12" slack="9"/>
</pin_list>
<bind>
<opset="tmp_8 "/>
</bind>
</comp>

<comp id="607" class="1005" name="tmp_9_reg_607">
<pin_list>
<pin id="608" dir="0" index="0" bw="12" slack="10"/>
<pin id="609" dir="1" index="1" bw="12" slack="10"/>
</pin_list>
<bind>
<opset="tmp_9 "/>
</bind>
</comp>

<comp id="612" class="1005" name="tmp_s_reg_612">
<pin_list>
<pin id="613" dir="0" index="0" bw="12" slack="11"/>
<pin id="614" dir="1" index="1" bw="12" slack="11"/>
</pin_list>
<bind>
<opset="tmp_s "/>
</bind>
</comp>

<comp id="617" class="1005" name="tmp_1_reg_617">
<pin_list>
<pin id="618" dir="0" index="0" bw="12" slack="12"/>
<pin id="619" dir="1" index="1" bw="12" slack="12"/>
</pin_list>
<bind>
<opset="tmp_1 "/>
</bind>
</comp>

<comp id="622" class="1005" name="tmp_10_reg_622">
<pin_list>
<pin id="623" dir="0" index="0" bw="12" slack="13"/>
<pin id="624" dir="1" index="1" bw="12" slack="13"/>
</pin_list>
<bind>
<opset="tmp_10 "/>
</bind>
</comp>

<comp id="627" class="1005" name="tmp_11_reg_627">
<pin_list>
<pin id="628" dir="0" index="0" bw="12" slack="14"/>
<pin id="629" dir="1" index="1" bw="12" slack="14"/>
</pin_list>
<bind>
<opset="tmp_11 "/>
</bind>
</comp>

<comp id="632" class="1005" name="tmp_12_reg_632">
<pin_list>
<pin id="633" dir="0" index="0" bw="12" slack="15"/>
<pin id="634" dir="1" index="1" bw="12" slack="15"/>
</pin_list>
<bind>
<opset="tmp_12 "/>
</bind>
</comp>

<comp id="637" class="1005" name="tmp_13_reg_637">
<pin_list>
<pin id="638" dir="0" index="0" bw="12" slack="16"/>
<pin id="639" dir="1" index="1" bw="12" slack="16"/>
</pin_list>
<bind>
<opset="tmp_13 "/>
</bind>
</comp>

</comp_list>

<net_list>
<net id="123"><net_src comp="8" pin="0"/><net_sink comp="120" pin=0"/></net>

<net id="128"><net_src comp="10" pin="0"/><net_sink comp="124" pin=0"/></net>

<net id="129"><net_src comp="4" pin="0"/><net_sink comp="124" pin=1"/></net>

<net id="134"><net_src comp="12" pin="0"/><net_sink comp="130" pin=0"/></net>

<net id="135"><net_src comp="0" pin="0"/><net_sink comp="130" pin=1"/></net>

<net id="140"><net_src comp="38" pin="0"/><net_sink comp="136" pin=0"/></net>

<net id="141"><net_src comp="6" pin="0"/><net_sink comp="136" pin=1"/></net>

<net id="148"><net_src comp="102" pin="0"/><net_sink comp="142" pin=0"/></net>

<net id="149"><net_src comp="104" pin="0"/><net_sink comp="142" pin=3"/></net>

<net id="156"><net_src comp="102" pin="0"/><net_sink comp="150" pin=0"/></net>

<net id="157"><net_src comp="104" pin="0"/><net_sink comp="150" pin=3"/></net>

<net id="164"><net_src comp="102" pin="0"/><net_sink comp="158" pin=0"/></net>

<net id="165"><net_src comp="104" pin="0"/><net_sink comp="158" pin=3"/></net>

<net id="172"><net_src comp="102" pin="0"/><net_sink comp="166" pin=0"/></net>

<net id="173"><net_src comp="104" pin="0"/><net_sink comp="166" pin=3"/></net>

<net id="180"><net_src comp="102" pin="0"/><net_sink comp="174" pin=0"/></net>

<net id="181"><net_src comp="104" pin="0"/><net_sink comp="174" pin=3"/></net>

<net id="188"><net_src comp="102" pin="0"/><net_sink comp="182" pin=0"/></net>

<net id="189"><net_src comp="104" pin="0"/><net_sink comp="182" pin=3"/></net>

<net id="196"><net_src comp="102" pin="0"/><net_sink comp="190" pin=0"/></net>

<net id="197"><net_src comp="104" pin="0"/><net_sink comp="190" pin=3"/></net>

<net id="204"><net_src comp="102" pin="0"/><net_sink comp="198" pin=0"/></net>

<net id="205"><net_src comp="104" pin="0"/><net_sink comp="198" pin=3"/></net>

<net id="212"><net_src comp="102" pin="0"/><net_sink comp="206" pin=0"/></net>

<net id="213"><net_src comp="104" pin="0"/><net_sink comp="206" pin=3"/></net>

<net id="220"><net_src comp="102" pin="0"/><net_sink comp="214" pin=0"/></net>

<net id="221"><net_src comp="104" pin="0"/><net_sink comp="214" pin=3"/></net>

<net id="228"><net_src comp="102" pin="0"/><net_sink comp="222" pin=0"/></net>

<net id="229"><net_src comp="104" pin="0"/><net_sink comp="222" pin=3"/></net>

<net id="236"><net_src comp="102" pin="0"/><net_sink comp="230" pin=0"/></net>

<net id="237"><net_src comp="104" pin="0"/><net_sink comp="230" pin=3"/></net>

<net id="244"><net_src comp="102" pin="0"/><net_sink comp="238" pin=0"/></net>

<net id="245"><net_src comp="104" pin="0"/><net_sink comp="238" pin=3"/></net>

<net id="252"><net_src comp="102" pin="0"/><net_sink comp="246" pin=0"/></net>

<net id="253"><net_src comp="104" pin="0"/><net_sink comp="246" pin=3"/></net>

<net id="260"><net_src comp="102" pin="0"/><net_sink comp="254" pin=0"/></net>

<net id="261"><net_src comp="104" pin="0"/><net_sink comp="254" pin=3"/></net>

<net id="268"><net_src comp="102" pin="0"/><net_sink comp="262" pin=0"/></net>

<net id="269"><net_src comp="104" pin="0"/><net_sink comp="262" pin=3"/></net>

<net id="273"><net_src comp="124" pin="2"/><net_sink comp="270" pin=0"/></net>

<net id="278"><net_src comp="34" pin="0"/><net_sink comp="274" pin=0"/></net>

<net id="286"><net_src comp="279" pin="1"/><net_sink comp="282" pin=0"/></net>

<net id="291"><net_src comp="279" pin="1"/><net_sink comp="287" pin=0"/></net>

<net id="292"><net_src comp="36" pin="0"/><net_sink comp="287" pin=1"/></net>

<net id="297"><net_src comp="2" pin="0"/><net_sink comp="293" pin=0"/></net>

<net id="302"><net_src comp="287" pin="2"/><net_sink comp="298" pin=0"/></net>

<net id="306"><net_src comp="136" pin="2"/><net_sink comp="303" pin=0"/></net>

<net id="313"><net_src comp="40" pin="0"/><net_sink comp="307" pin=0"/></net>

<net id="314"><net_src comp="136" pin="2"/><net_sink comp="307" pin=1"/></net>

<net id="315"><net_src comp="42" pin="0"/><net_sink comp="307" pin=2"/></net>

<net id="316"><net_src comp="44" pin="0"/><net_sink comp="307" pin=3"/></net>

<net id="323"><net_src comp="40" pin="0"/><net_sink comp="317" pin=0"/></net>

<net id="324"><net_src comp="136" pin="2"/><net_sink comp="317" pin=1"/></net>

<net id="325"><net_src comp="46" pin="0"/><net_sink comp="317" pin=2"/></net>

<net id="326"><net_src comp="48" pin="0"/><net_sink comp="317" pin=3"/></net>

<net id="333"><net_src comp="40" pin="0"/><net_sink comp="327" pin=0"/></net>

<net id="334"><net_src comp="136" pin="2"/><net_sink comp="327" pin=1"/></net>

<net id="335"><net_src comp="50" pin="0"/><net_sink comp="327" pin=2"/></net>

<net id="336"><net_src comp="52" pin="0"/><net_sink comp="327" pin=3"/></net>

<net id="343"><net_src comp="40" pin="0"/><net_sink comp="337" pin=0"/></net>

<net id="344"><net_src comp="136" pin="2"/><net_sink comp="337" pin=1"/></net>

<net id="345"><net_src comp="54" pin="0"/><net_sink comp="337" pin=2"/></net>

<net id="346"><net_src comp="56" pin="0"/><net_sink comp="337" pin=3"/></net>

<net id="353"><net_src comp="40" pin="0"/><net_sink comp="347" pin=0"/></net>

<net id="354"><net_src comp="136" pin="2"/><net_sink comp="347" pin=1"/></net>

<net id="355"><net_src comp="58" pin="0"/><net_sink comp="347" pin=2"/></net>

<net id="356"><net_src comp="60" pin="0"/><net_sink comp="347" pin=3"/></net>

<net id="363"><net_src comp="40" pin="0"/><net_sink comp="357" pin=0"/></net>

<net id="364"><net_src comp="136" pin="2"/><net_sink comp="357" pin=1"/></net>

<net id="365"><net_src comp="62" pin="0"/><net_sink comp="357" pin=2"/></net>

<net id="366"><net_src comp="64" pin="0"/><net_sink comp="357" pin=3"/></net>

<net id="373"><net_src comp="40" pin="0"/><net_sink comp="367" pin=0"/></net>

<net id="374"><net_src comp="136" pin="2"/><net_sink comp="367" pin=1"/></net>

<net id="375"><net_src comp="66" pin="0"/><net_sink comp="367" pin=2"/></net>

<net id="376"><net_src comp="68" pin="0"/><net_sink comp="367" pin=3"/></net>

<net id="383"><net_src comp="40" pin="0"/><net_sink comp="377" pin=0"/></net>

<net id="384"><net_src comp="136" pin="2"/><net_sink comp="377" pin=1"/></net>

<net id="385"><net_src comp="70" pin="0"/><net_sink comp="377" pin=2"/></net>

<net id="386"><net_src comp="72" pin="0"/><net_sink comp="377" pin=3"/></net>

<net id="393"><net_src comp="40" pin="0"/><net_sink comp="387" pin=0"/></net>

<net id="394"><net_src comp="136" pin="2"/><net_sink comp="387" pin=1"/></net>

<net id="395"><net_src comp="74" pin="0"/><net_sink comp="387" pin=2"/></net>

<net id="396"><net_src comp="76" pin="0"/><net_sink comp="387" pin=3"/></net>

<net id="403"><net_src comp="40" pin="0"/><net_sink comp="397" pin=0"/></net>

<net id="404"><net_src comp="136" pin="2"/><net_sink comp="397" pin=1"/></net>

<net id="405"><net_src comp="78" pin="0"/><net_sink comp="397" pin=2"/></net>

<net id="406"><net_src comp="80" pin="0"/><net_sink comp="397" pin=3"/></net>

<net id="413"><net_src comp="40" pin="0"/><net_sink comp="407" pin=0"/></net>

<net id="414"><net_src comp="136" pin="2"/><net_sink comp="407" pin=1"/></net>

<net id="415"><net_src comp="82" pin="0"/><net_sink comp="407" pin=2"/></net>

<net id="416"><net_src comp="84" pin="0"/><net_sink comp="407" pin=3"/></net>

<net id="423"><net_src comp="40" pin="0"/><net_sink comp="417" pin=0"/></net>

<net id="424"><net_src comp="136" pin="2"/><net_sink comp="417" pin=1"/></net>

<net id="425"><net_src comp="86" pin="0"/><net_sink comp="417" pin=2"/></net>

<net id="426"><net_src comp="88" pin="0"/><net_sink comp="417" pin=3"/></net>

<net id="433"><net_src comp="40" pin="0"/><net_sink comp="427" pin=0"/></net>

<net id="434"><net_src comp="136" pin="2"/><net_sink comp="427" pin=1"/></net>

<net id="435"><net_src comp="90" pin="0"/><net_sink comp="427" pin=2"/></net>

<net id="436"><net_src comp="92" pin="0"/><net_sink comp="427" pin=3"/></net>

<net id="443"><net_src comp="40" pin="0"/><net_sink comp="437" pin=0"/></net>

<net id="444"><net_src comp="136" pin="2"/><net_sink comp="437" pin=1"/></net>

<net id="445"><net_src comp="94" pin="0"/><net_sink comp="437" pin=2"/></net>

<net id="446"><net_src comp="96" pin="0"/><net_sink comp="437" pin=3"/></net>

<net id="453"><net_src comp="40" pin="0"/><net_sink comp="447" pin=0"/></net>

<net id="454"><net_src comp="136" pin="2"/><net_sink comp="447" pin=1"/></net>

<net id="455"><net_src comp="98" pin="0"/><net_sink comp="447" pin=2"/></net>

<net id="456"><net_src comp="100" pin="0"/><net_sink comp="447" pin=3"/></net>

<net id="460"><net_src comp="457" pin="1"/><net_sink comp="142" pin=2"/></net>

<net id="464"><net_src comp="461" pin="1"/><net_sink comp="150" pin=2"/></net>

<net id="468"><net_src comp="465" pin="1"/><net_sink comp="158" pin=2"/></net>

<net id="472"><net_src comp="469" pin="1"/><net_sink comp="166" pin=2"/></net>

<net id="476"><net_src comp="473" pin="1"/><net_sink comp="174" pin=2"/></net>

<net id="480"><net_src comp="477" pin="1"/><net_sink comp="182" pin=2"/></net>

<net id="484"><net_src comp="481" pin="1"/><net_sink comp="190" pin=2"/></net>

<net id="488"><net_src comp="485" pin="1"/><net_sink comp="198" pin=2"/></net>

<net id="492"><net_src comp="489" pin="1"/><net_sink comp="206" pin=2"/></net>

<net id="496"><net_src comp="493" pin="1"/><net_sink comp="214" pin=2"/></net>

<net id="500"><net_src comp="497" pin="1"/><net_sink comp="222" pin=2"/></net>

<net id="504"><net_src comp="501" pin="1"/><net_sink comp="230" pin=2"/></net>

<net id="508"><net_src comp="505" pin="1"/><net_sink comp="238" pin=2"/></net>

<net id="512"><net_src comp="509" pin="1"/><net_sink comp="246" pin=2"/></net>

<net id="516"><net_src comp="513" pin="1"/><net_sink comp="254" pin=2"/></net>

<net id="520"><net_src comp="517" pin="1"/><net_sink comp="262" pin=2"/></net>

<net id="524"><net_src comp="120" pin="1"/><net_sink comp="521" pin=0"/></net>

<net id="525"><net_src comp="521" pin="1"/><net_sink comp="274" pin=1"/></net>

<net id="526"><net_src comp="521" pin="1"/><net_sink comp="279" pin=0"/></net>

<net id="527"><net_src comp="521" pin="1"/><net_sink comp="298" pin=1"/></net>

<net id="531"><net_src comp="130" pin="2"/><net_sink comp="528" pin=0"/></net>

<net id="532"><net_src comp="528" pin="1"/><net_sink comp="282" pin=1"/></net>

<net id="536"><net_src comp="270" pin="1"/><net_sink comp="533" pin=0"/></net>

<net id="537"><net_src comp="533" pin="1"/><net_sink comp="293" pin=1"/></net>

<net id="541"><net_src comp="282" pin="2"/><net_sink comp="538" pin=0"/></net>

<net id="545"><net_src comp="293" pin="2"/><net_sink comp="542" pin=0"/></net>

<net id="546"><net_src comp="542" pin="1"/><net_sink comp="142" pin=1"/></net>

<net id="547"><net_src comp="542" pin="1"/><net_sink comp="150" pin=1"/></net>

<net id="548"><net_src comp="542" pin="1"/><net_sink comp="158" pin=1"/></net>

<net id="549"><net_src comp="542" pin="1"/><net_sink comp="166" pin=1"/></net>

<net id="550"><net_src comp="542" pin="1"/><net_sink comp="174" pin=1"/></net>

<net id="551"><net_src comp="542" pin="1"/><net_sink comp="182" pin=1"/></net>

<net id="552"><net_src comp="542" pin="1"/><net_sink comp="190" pin=1"/></net>

<net id="553"><net_src comp="542" pin="1"/><net_sink comp="198" pin=1"/></net>

<net id="554"><net_src comp="542" pin="1"/><net_sink comp="206" pin=1"/></net>

<net id="555"><net_src comp="542" pin="1"/><net_sink comp="214" pin=1"/></net>

<net id="556"><net_src comp="542" pin="1"/><net_sink comp="222" pin=1"/></net>

<net id="557"><net_src comp="542" pin="1"/><net_sink comp="230" pin=1"/></net>

<net id="558"><net_src comp="542" pin="1"/><net_sink comp="238" pin=1"/></net>

<net id="559"><net_src comp="542" pin="1"/><net_sink comp="246" pin=1"/></net>

<net id="560"><net_src comp="542" pin="1"/><net_sink comp="254" pin=1"/></net>

<net id="561"><net_src comp="542" pin="1"/><net_sink comp="262" pin=1"/></net>

<net id="565"><net_src comp="303" pin="1"/><net_sink comp="562" pin=0"/></net>

<net id="566"><net_src comp="562" pin="1"/><net_sink comp="457" pin=0"/></net>

<net id="570"><net_src comp="307" pin="4"/><net_sink comp="567" pin=0"/></net>

<net id="571"><net_src comp="567" pin="1"/><net_sink comp="461" pin=0"/></net>

<net id="575"><net_src comp="317" pin="4"/><net_sink comp="572" pin=0"/></net>

<net id="576"><net_src comp="572" pin="1"/><net_sink comp="465" pin=0"/></net>

<net id="580"><net_src comp="327" pin="4"/><net_sink comp="577" pin=0"/></net>

<net id="581"><net_src comp="577" pin="1"/><net_sink comp="469" pin=0"/></net>

<net id="585"><net_src comp="337" pin="4"/><net_sink comp="582" pin=0"/></net>

<net id="586"><net_src comp="582" pin="1"/><net_sink comp="473" pin=0"/></net>

<net id="590"><net_src comp="347" pin="4"/><net_sink comp="587" pin=0"/></net>

<net id="591"><net_src comp="587" pin="1"/><net_sink comp="477" pin=0"/></net>

<net id="595"><net_src comp="357" pin="4"/><net_sink comp="592" pin=0"/></net>

<net id="596"><net_src comp="592" pin="1"/><net_sink comp="481" pin=0"/></net>

<net id="600"><net_src comp="367" pin="4"/><net_sink comp="597" pin=0"/></net>

<net id="601"><net_src comp="597" pin="1"/><net_sink comp="485" pin=0"/></net>

<net id="605"><net_src comp="377" pin="4"/><net_sink comp="602" pin=0"/></net>

<net id="606"><net_src comp="602" pin="1"/><net_sink comp="489" pin=0"/></net>

<net id="610"><net_src comp="387" pin="4"/><net_sink comp="607" pin=0"/></net>

<net id="611"><net_src comp="607" pin="1"/><net_sink comp="493" pin=0"/></net>

<net id="615"><net_src comp="397" pin="4"/><net_sink comp="612" pin=0"/></net>

<net id="616"><net_src comp="612" pin="1"/><net_sink comp="497" pin=0"/></net>

<net id="620"><net_src comp="407" pin="4"/><net_sink comp="617" pin=0"/></net>

<net id="621"><net_src comp="617" pin="1"/><net_sink comp="501" pin=0"/></net>

<net id="625"><net_src comp="417" pin="4"/><net_sink comp="622" pin=0"/></net>

<net id="626"><net_src comp="622" pin="1"/><net_sink comp="505" pin=0"/></net>

<net id="630"><net_src comp="427" pin="4"/><net_sink comp="627" pin=0"/></net>

<net id="631"><net_src comp="627" pin="1"/><net_sink comp="509" pin=0"/></net>

<net id="635"><net_src comp="437" pin="4"/><net_sink comp="632" pin=0"/></net>

<net id="636"><net_src comp="632" pin="1"/><net_sink comp="513" pin=0"/></net>

<net id="640"><net_src comp="447" pin="4"/><net_sink comp="637" pin=0"/></net>

<net id="641"><net_src comp="637" pin="1"/><net_sink comp="517" pin=0"/></net>

</net_list>

</model> 
---------------- Datapath Model END ------------------

* FSMD analyzer results:
  - Output states:
	Port: gmem2 | {4 5 6 7 8 9 10 11 12 13 14 15 16 17 18 19 }
 - Input state : 
	Port: store_all_Pipeline_ST_BLK_ST : bound | {1 }
	Port: store_all_Pipeline_ST_BLK_ST : sext_ln274 | {1 }
	Port: store_all_Pipeline_ST_BLK_ST : sC1 | {3 }
  - Chain level:
	State 1
		store_ln0 : 1
	State 2
		icmp_ln274 : 1
		add_ln274 : 1
		br_ln274 : 2
		store_ln274 : 2
	State 3
	State 4
		write_ln277 : 1
	State 5
		write_ln277 : 1
	State 6
		write_ln277 : 1
	State 7
		write_ln277 : 1
	State 8
		write_ln277 : 1
	State 9
		write_ln277 : 1
	State 10
		write_ln277 : 1
	State 11
		write_ln277 : 1
	State 12
		write_ln277 : 1
	State 13
		write_ln277 : 1
	State 14
		write_ln277 : 1
	State 15
		write_ln277 : 1
	State 16
		write_ln277 : 1
	State 17
		write_ln277 : 1
	State 18
		write_ln277 : 1
	State 19
		write_ln277 : 1


============================================================
+ Verbose Summary: Datapath Resource usage 
============================================================

* Functional unit list:
|----------|-----------------------------|---------|---------|
| Operation|       Functional Unit       |    FF   |   LUT   |
|----------|-----------------------------|---------|---------|
|   icmp   |      icmp_ln274_fu_282      |    0    |    43   |
|----------|-----------------------------|---------|---------|
|    add   |       add_ln274_fu_287      |    0    |    43   |
|----------|-----------------------------|---------|---------|
|          | sext_ln274_read_read_fu_124 |    0    |    0    |
|   read   |    bound_read_read_fu_130   |    0    |    0    |
|          |     sC1_read_read_fu_136    |    0    |    0    |
|----------|-----------------------------|---------|---------|
|          |   write_ln277_write_fu_142  |    0    |    0    |
|          |   write_ln277_write_fu_150  |    0    |    0    |
|          |   write_ln277_write_fu_158  |    0    |    0    |
|          |   write_ln277_write_fu_166  |    0    |    0    |
|          |   write_ln277_write_fu_174  |    0    |    0    |
|          |   write_ln277_write_fu_182  |    0    |    0    |
|          |   write_ln277_write_fu_190  |    0    |    0    |
|   write  |   write_ln277_write_fu_198  |    0    |    0    |
|          |   write_ln277_write_fu_206  |    0    |    0    |
|          |   write_ln277_write_fu_214  |    0    |    0    |
|          |   write_ln277_write_fu_222  |    0    |    0    |
|          |   write_ln277_write_fu_230  |    0    |    0    |
|          |   write_ln277_write_fu_238  |    0    |    0    |
|          |   write_ln277_write_fu_246  |    0    |    0    |
|          |   write_ln277_write_fu_254  |    0    |    0    |
|          |   write_ln277_write_fu_262  |    0    |    0    |
|----------|-----------------------------|---------|---------|
|   sext   |    sext_ln274_cast_fu_270   |    0    |    0    |
|----------|-----------------------------|---------|---------|
|   trunc  |          bc_fu_303          |    0    |    0    |
|----------|-----------------------------|---------|---------|
|          |         bc_1_fu_307         |    0    |    0    |
|          |         tmp_2_fu_317        |    0    |    0    |
|          |         tmp_3_fu_327        |    0    |    0    |
|          |         tmp_4_fu_337        |    0    |    0    |
|          |         tmp_5_fu_347        |    0    |    0    |
|          |         tmp_6_fu_357        |    0    |    0    |
|          |         tmp_7_fu_367        |    0    |    0    |
|partselect|         tmp_8_fu_377        |    0    |    0    |
|          |         tmp_9_fu_387        |    0    |    0    |
|          |         tmp_s_fu_397        |    0    |    0    |
|          |         tmp_1_fu_407        |    0    |    0    |
|          |        tmp_10_fu_417        |    0    |    0    |
|          |        tmp_11_fu_427        |    0    |    0    |
|          |        tmp_12_fu_437        |    0    |    0    |
|          |        tmp_13_fu_447        |    0    |    0    |
|----------|-----------------------------|---------|---------|
|          |      zext_ln282_fu_457      |    0    |    0    |
|          |     zext_ln282_1_fu_461     |    0    |    0    |
|          |     zext_ln282_2_fu_465     |    0    |    0    |
|          |     zext_ln282_3_fu_469     |    0    |    0    |
|          |     zext_ln282_4_fu_473     |    0    |    0    |
|          |     zext_ln282_5_fu_477     |    0    |    0    |
|          |     zext_ln282_6_fu_481     |    0    |    0    |
|   zext   |     zext_ln282_7_fu_485     |    0    |    0    |
|          |     zext_ln282_8_fu_489     |    0    |    0    |
|          |     zext_ln282_9_fu_493     |    0    |    0    |
|          |     zext_ln282_10_fu_497    |    0    |    0    |
|          |     zext_ln282_11_fu_501    |    0    |    0    |
|          |     zext_ln282_12_fu_505    |    0    |    0    |
|          |     zext_ln282_13_fu_509    |    0    |    0    |
|          |     zext_ln282_14_fu_513    |    0    |    0    |
|          |     zext_ln282_15_fu_517    |    0    |    0    |
|----------|-----------------------------|---------|---------|
|   Total  |                             |    0    |    86   |
|----------|-----------------------------|---------|---------|

Memories:
N/A

* Register list:
+-----------------------+--------+
|                       |   FF   |
+-----------------------+--------+
|      bc_1_reg_567     |   12   |
|       bc_reg_562      |   12   |
|   bound_read_reg_528  |   36   |
|   gmem2_addr_reg_542  |   32   |
|   icmp_ln274_reg_538  |    1   |
| indvar_flatten_reg_521|   36   |
|sext_ln274_cast_reg_533|   64   |
|     tmp_10_reg_622    |   12   |
|     tmp_11_reg_627    |   12   |
|     tmp_12_reg_632    |   12   |
|     tmp_13_reg_637    |   12   |
|     tmp_1_reg_617     |   12   |
|     tmp_2_reg_572     |   12   |
|     tmp_3_reg_577     |   12   |
|     tmp_4_reg_582     |   12   |
|     tmp_5_reg_587     |   12   |
|     tmp_6_reg_592     |   12   |
|     tmp_7_reg_597     |   12   |
|     tmp_8_reg_602     |   12   |
|     tmp_9_reg_607     |   12   |
|     tmp_s_reg_612     |   12   |
+-----------------------+--------+
|         Total         |   361  |
+-----------------------+--------+

* Multiplexer (MUX) list: 
|--------|------|------|------|--------|
|  Comp  |  Pin | Size |  BW  | S x BW |
|--------|------|------|------|--------|
|  Total |      |      |      |    0   |
|--------|------|------|------|--------|



* Summary:
+-----------+--------+--------+
|           |   FF   |   LUT  |
+-----------+--------+--------+
|  Function |    0   |   86   |
|   Memory  |    -   |    -   |
|Multiplexer|    -   |    -   |
|  Register |   361  |    -   |
+-----------+--------+--------+
|   Total   |   361  |   86   |
+-----------+--------+--------+
