

================================================================
== Vitis HLS Report for 'store_all_Pipeline_ST_BLK_ST'
================================================================
* Date:           Thu Jun 11 23:16:44 2026

* Version:        2023.2 (Build 4023990 on Oct 11 2023)
* Project:        ntt_kyber
* Solution:       solution1 (Vivado IP Flow Target)
* Product family: zynquplus
* Target device:  xck26-sfvc784-2LV-c


================================================================
== Performance Estimates
================================================================
+ Timing: 
    * Summary: 
    +--------+----------+----------+------------+
    |  Clock |  Target  | Estimated| Uncertainty|
    +--------+----------+----------+------------+
    |ap_clk  |  10.00 ns|  7.300 ns|     2.70 ns|
    +--------+----------+----------+------------+

+ Latency: 
    * Summary: 
    +---------+---------+----------+-----------+-----+------+---------+
    |  Latency (cycles) |  Latency (absolute)  |  Interval  | Pipeline|
    |   min   |   max   |    min   |    max    | min |  max |   Type  |
    +---------+---------+----------+-----------+-----+------+---------+
    |      259|     4099|  2.590 us|  40.990 us|  259|  4099|       no|
    +---------+---------+----------+-----------+-----+------+---------+

    + Detail: 
        * Instance: 
        N/A

        * Loop: 
        +-------------+---------+---------+----------+-----------+-----------+----------+----------+
        |             |  Latency (cycles) | Iteration|  Initiation Interval  |   Trip   |          |
        |  Loop Name  |   min   |   max   |  Latency |  achieved |   target  |   Count  | Pipelined|
        +-------------+---------+---------+----------+-----------+-----------+----------+----------+
        |- ST_BLK_ST  |      257|     4097|        18|         16|          1|  16 ~ 256|       yes|
        +-------------+---------+---------+----------+-----------+-----------+----------+----------+

============================================================
+ Verbose Summary: Synthesis Manager
============================================================
InlineROM: 1
ExposeGlobal: 0
============================================================
+ Verbose Summary: CDFG Model
============================================================
IsTopModel: 0
ResetActiveHigh: 1
IsCombinational: 0
IsDatapathOnly: 0
HasWiredReturn: 1
HasMFsm: 2
HasVarLatency: 1
IsPipeline: 0
IsRtlPipelined: 0
IsInstanceOverlapped: 0
IsDontTouch: 0
HasImplIP: 0
IsGatedGlobalClock: 0

+ Individual pipeline summary: 
  * Pipeline-0: initiation interval (II) = 16, depth = 19


============================================================
+ Verbose Summary: Schedule
============================================================
* Number of FSM states : 19
* Pipeline : 1
  Pipeline-0 : II = 16, D = 19, States = { 1 2 3 4 5 6 7 8 9 10 11 12 13 14 15 16 17 18 19 }
* Dataflow Pipeline: 0

* FSM state transitions: 
1 --> 2 
2 --> 3 
3 --> 4 
4 --> 5 
5 --> 6 
6 --> 7 
7 --> 8 
8 --> 9 
9 --> 10 
10 --> 11 
11 --> 12 
12 --> 13 
13 --> 14 
14 --> 15 
15 --> 16 
16 --> 17 
17 --> 18 
18 --> 19 
19 --> 

* FSM state operations: 

State 1 <SV = 0> <Delay = 0.42>
ST_1 : Operation 21 [1/1] (0.00ns)   --->   "%indvar_flatten = alloca i32 1"   --->   Operation 21 'alloca' 'indvar_flatten' <Predicate = true> <Delay = 0.00>
ST_1 : Operation 22 [1/1] (0.00ns)   --->   "%sext_ln274_read = read i62 @_ssdm_op_Read.ap_auto.i62, i62 %sext_ln274"   --->   Operation 22 'read' 'sext_ln274_read' <Predicate = true> <Delay = 0.00>
ST_1 : Operation 23 [1/1] (0.00ns)   --->   "%bound_read = read i36 @_ssdm_op_Read.ap_auto.i36, i36 %bound"   --->   Operation 23 'read' 'bound_read' <Predicate = true> <Delay = 0.00>
ST_1 : Operation 24 [1/1] (0.00ns)   --->   "%sext_ln274_cast = sext i62 %sext_ln274_read"   --->   Operation 24 'sext' 'sext_ln274_cast' <Predicate = true> <Delay = 0.00>
ST_1 : Operation 25 [1/1] (0.00ns)   --->   "%specinterface_ln0 = specinterface void @_ssdm_op_SpecInterface, i32 %gmem2, void @empty_236, i32 0, i32 0, void @empty_246, i32 0, i32 8192, void @empty_49, void @empty_47, void @empty_246, i32 16, i32 16, i32 16, i32 16, void @empty_246, void @empty_246, i32 4294967295, i32 0"   --->   Operation 25 'specinterface' 'specinterface_ln0' <Predicate = true> <Delay = 0.00>
ST_1 : Operation 26 [1/1] (0.00ns)   --->   "%specinterface_ln0 = specinterface void @_ssdm_op_SpecInterface, i192 %sC1, void @empty_163, i32 0, i32 0, void @empty_246, i32 0, i32 0, void @empty_246, void @empty_246, void @empty_246, i32 0, i32 0, i32 0, i32 0, void @empty_246, void @empty_246, i32 4294967295, i32 0"   --->   Operation 26 'specinterface' 'specinterface_ln0' <Predicate = true> <Delay = 0.00>
ST_1 : Operation 27 [1/1] (0.42ns)   --->   "%store_ln0 = store i36 0, i36 %indvar_flatten"   --->   Operation 27 'store' 'store_ln0' <Predicate = true> <Delay = 0.42>
ST_1 : Operation 28 [1/1] (0.00ns)   --->   "%br_ln0 = br void %VITIS_LOOP_280_1"   --->   Operation 28 'br' 'br_ln0' <Predicate = true> <Delay = 0.00>

State 2 <SV = 1> <Delay = 1.45>
ST_2 : Operation 29 [1/1] (0.00ns)   --->   "%indvar_flatten_load = load i36 %indvar_flatten" [kyber-mult-kernel-dataflow.cpp:274]   --->   Operation 29 'load' 'indvar_flatten_load' <Predicate = true> <Delay = 0.00>
ST_2 : Operation 30 [1/1] (1.02ns)   --->   "%icmp_ln274 = icmp_eq  i36 %indvar_flatten_load, i36 %bound_read" [kyber-mult-kernel-dataflow.cpp:274]   --->   Operation 30 'icmp' 'icmp_ln274' <Predicate = true> <Delay = 1.02> <CoreInst = "Cmp">   --->   Core 9 'Cmp' <Latency = 0> <II = 1> <Delay = 1.02> <FuncUnit> <Opcode : 'icmp'> <InPorts = 2> <OutPorts = 1>
ST_2 : Operation 31 [1/1] (1.02ns)   --->   "%add_ln274 = add i36 %indvar_flatten_load, i36 1" [kyber-mult-kernel-dataflow.cpp:274]   --->   Operation 31 'add' 'add_ln274' <Predicate = true> <Delay = 1.02> <CoreInst = "Adder">   --->   Core 1 'Adder' <Latency = 0> <II = 1> <Delay = 1.02> <FuncUnit> <Opcode : 'add' 'sub'> <InPorts = 2> <OutPorts = 1>
ST_2 : Operation 32 [1/1] (0.00ns)   --->   "%br_ln274 = br i1 %icmp_ln274, void %for.inc16, void %for.end18.loopexit.exitStub" [kyber-mult-kernel-dataflow.cpp:274]   --->   Operation 32 'br' 'br_ln274' <Predicate = true> <Delay = 0.00>
ST_2 : Operation 33 [1/1] (0.00ns)   --->   "%gmem2_addr = getelementptr i32 %gmem2, i64 %sext_ln274_cast" [kyber-mult-kernel-dataflow.cpp:274]   --->   Operation 33 'getelementptr' 'gmem2_addr' <Predicate = (!icmp_ln274)> <Delay = 0.00>
ST_2 : Operation 34 [1/1] (0.42ns)   --->   "%store_ln274 = store i36 %add_ln274, i36 %indvar_flatten" [kyber-mult-kernel-dataflow.cpp:274]   --->   Operation 34 'store' 'store_ln274' <Predicate = (!icmp_ln274)> <Delay = 0.42>

State 3 <SV = 2> <Delay = 1.89>
ST_3 : Operation 35 [1/1] (1.89ns)   --->   "%sC1_read = read i192 @_ssdm_op_Read.ap_fifo.volatile.i192P0A, i192 %sC1" [kyber-mult-kernel-dataflow.cpp:279]   --->   Operation 35 'read' 'sC1_read' <Predicate = (!icmp_ln274)> <Delay = 1.89> <CoreInst = "FIFO">   --->   Core 78 'FIFO' <Latency = 0> <II = 1> <Delay = 1.89> <Storage> <Opcode : 'read' 'write' 'nbread' 'nbwrite'> <Ports = 0> <Width = 192> <Depth = 32> <FIFO>
ST_3 : Operation 36 [1/1] (0.00ns)   --->   "%bc = trunc i192 %sC1_read" [kyber-mult-kernel-dataflow.cpp:279]   --->   Operation 36 'trunc' 'bc' <Predicate = (!icmp_ln274)> <Delay = 0.00>
ST_3 : Operation 37 [1/1] (0.00ns)   --->   "%bc_1 = partselect i12 @_ssdm_op_PartSelect.i12.i192.i32.i32, i192 %sC1_read, i32 12, i32 23" [kyber-mult-kernel-dataflow.cpp:279]   --->   Operation 37 'partselect' 'bc_1' <Predicate = (!icmp_ln274)> <Delay = 0.00>
ST_3 : Operation 38 [1/1] (0.00ns)   --->   "%tmp_2 = partselect i12 @_ssdm_op_PartSelect.i12.i192.i32.i32, i192 %sC1_read, i32 24, i32 35" [kyber-mult-kernel-dataflow.cpp:282]   --->   Operation 38 'partselect' 'tmp_2' <Predicate = (!icmp_ln274)> <Delay = 0.00>
ST_3 : Operation 39 [1/1] (0.00ns)   --->   "%tmp_3 = partselect i12 @_ssdm_op_PartSelect.i12.i192.i32.i32, i192 %sC1_read, i32 36, i32 47" [kyber-mult-kernel-dataflow.cpp:282]   --->   Operation 39 'partselect' 'tmp_3' <Predicate = (!icmp_ln274)> <Delay = 0.00>
ST_3 : Operation 40 [1/1] (0.00ns)   --->   "%tmp_4 = partselect i12 @_ssdm_op_PartSelect.i12.i192.i32.i32, i192 %sC1_read, i32 48, i32 59" [kyber-mult-kernel-dataflow.cpp:282]   --->   Operation 40 'partselect' 'tmp_4' <Predicate = (!icmp_ln274)> <Delay = 0.00>
ST_3 : Operation 41 [1/1] (0.00ns)   --->   "%tmp_5 = partselect i12 @_ssdm_op_PartSelect.i12.i192.i32.i32, i192 %sC1_read, i32 60, i32 71" [kyber-mult-kernel-dataflow.cpp:282]   --->   Operation 41 'partselect' 'tmp_5' <Predicate = (!icmp_ln274)> <Delay = 0.00>
ST_3 : Operation 42 [1/1] (0.00ns)   --->   "%tmp_6 = partselect i12 @_ssdm_op_PartSelect.i12.i192.i32.i32, i192 %sC1_read, i32 72, i32 83" [kyber-mult-kernel-dataflow.cpp:282]   --->   Operation 42 'partselect' 'tmp_6' <Predicate = (!icmp_ln274)> <Delay = 0.00>
ST_3 : Operation 43 [1/1] (0.00ns)   --->   "%tmp_7 = partselect i12 @_ssdm_op_PartSelect.i12.i192.i32.i32, i192 %sC1_read, i32 84, i32 95" [kyber-mult-kernel-dataflow.cpp:282]   --->   Operation 43 'partselect' 'tmp_7' <Predicate = (!icmp_ln274)> <Delay = 0.00>
ST_3 : Operation 44 [1/1] (0.00ns)   --->   "%tmp_8 = partselect i12 @_ssdm_op_PartSelect.i12.i192.i32.i32, i192 %sC1_read, i32 96, i32 107" [kyber-mult-kernel-dataflow.cpp:282]   --->   Operation 44 'partselect' 'tmp_8' <Predicate = (!icmp_ln274)> <Delay = 0.00>
ST_3 : Operation 45 [1/1] (0.00ns)   --->   "%tmp_9 = partselect i12 @_ssdm_op_PartSelect.i12.i192.i32.i32, i192 %sC1_read, i32 108, i32 119" [kyber-mult-kernel-dataflow.cpp:282]   --->   Operation 45 'partselect' 'tmp_9' <Predicate = (!icmp_ln274)> <Delay = 0.00>
ST_3 : Operation 46 [1/1] (0.00ns)   --->   "%tmp_s = partselect i12 @_ssdm_op_PartSelect.i12.i192.i32.i32, i192 %sC1_read, i32 120, i32 131" [kyber-mult-kernel-dataflow.cpp:282]   --->   Operation 46 'partselect' 'tmp_s' <Predicate = (!icmp_ln274)> <Delay = 0.00>
ST_3 : Operation 47 [1/1] (0.00ns)   --->   "%tmp_1 = partselect i12 @_ssdm_op_PartSelect.i12.i192.i32.i32, i192 %sC1_read, i32 132, i32 143" [kyber-mult-kernel-dataflow.cpp:282]   --->   Operation 47 'partselect' 'tmp_1' <Predicate = (!icmp_ln274)> <Delay = 0.00>
ST_3 : Operation 48 [1/1] (0.00ns)   --->   "%tmp_10 = partselect i12 @_ssdm_op_PartSelect.i12.i192.i32.i32, i192 %sC1_read, i32 144, i32 155" [kyber-mult-kernel-dataflow.cpp:282]   --->   Operation 48 'partselect' 'tmp_10' <Predicate = (!icmp_ln274)> <Delay = 0.00>
ST_3 : Operation 49 [1/1] (0.00ns)   --->   "%tmp_11 = partselect i12 @_ssdm_op_PartSelect.i12.i192.i32.i32, i192 %sC1_read, i32 156, i32 167" [kyber-mult-kernel-dataflow.cpp:282]   --->   Operation 49 'partselect' 'tmp_11' <Predicate = (!icmp_ln274)> <Delay = 0.00>
ST_3 : Operation 50 [1/1] (0.00ns)   --->   "%tmp_12 = partselect i12 @_ssdm_op_PartSelect.i12.i192.i32.i32, i192 %sC1_read, i32 168, i32 179" [kyber-mult-kernel-dataflow.cpp:282]   --->   Operation 50 'partselect' 'tmp_12' <Predicate = (!icmp_ln274)> <Delay = 0.00>
ST_3 : Operation 51 [1/1] (0.00ns)   --->   "%tmp_13 = partselect i12 @_ssdm_op_PartSelect.i12.i192.i32.i32, i192 %sC1_read, i32 180, i32 191" [kyber-mult-kernel-dataflow.cpp:282]   --->   Operation 51 'partselect' 'tmp_13' <Predicate = (!icmp_ln274)> <Delay = 0.00>
ST_3 : Operation 88 [1/1] (0.00ns)   --->   "%ret_ln0 = ret"   --->   Operation 88 'ret' 'ret_ln0' <Predicate = (icmp_ln274)> <Delay = 0.00>

State 4 <SV = 3> <Delay = 7.30>
ST_4 : Operation 52 [1/1] (0.00ns)   --->   "%zext_ln282 = zext i12 %bc" [kyber-mult-kernel-dataflow.cpp:282]   --->   Operation 52 'zext' 'zext_ln282' <Predicate = (!icmp_ln274)> <Delay = 0.00>
ST_4 : Operation 53 [1/1] (7.30ns)   --->   "%write_ln277 = write void @_ssdm_op_Write.m_axi.p1i32, i32 %gmem2_addr, i32 %zext_ln282, i4 15" [kyber-mult-kernel-dataflow.cpp:277]   --->   Operation 53 'write' 'write_ln277' <Predicate = (!icmp_ln274)> <Delay = 7.30> <CoreInst = "m_axi">   --->   Core 121 'm_axi' <Latency = 0> <II = 1> <Delay = 1.00> <Adapter> <Opcode : 'read' 'write' 'readreq' 'writereq' 'writeresp'>

State 5 <SV = 4> <Delay = 7.30>
ST_5 : Operation 54 [1/1] (0.00ns)   --->   "%zext_ln282_1 = zext i12 %bc_1" [kyber-mult-kernel-dataflow.cpp:282]   --->   Operation 54 'zext' 'zext_ln282_1' <Predicate = (!icmp_ln274)> <Delay = 0.00>
ST_5 : Operation 55 [1/1] (7.30ns)   --->   "%write_ln277 = write void @_ssdm_op_Write.m_axi.p1i32, i32 %gmem2_addr, i32 %zext_ln282_1, i4 15" [kyber-mult-kernel-dataflow.cpp:277]   --->   Operation 55 'write' 'write_ln277' <Predicate = (!icmp_ln274)> <Delay = 7.30> <CoreInst = "m_axi">   --->   Core 121 'm_axi' <Latency = 0> <II = 1> <Delay = 1.00> <Adapter> <Opcode : 'read' 'write' 'readreq' 'writereq' 'writeresp'>

State 6 <SV = 5> <Delay = 7.30>
ST_6 : Operation 56 [1/1] (0.00ns)   --->   "%zext_ln282_2 = zext i12 %tmp_2" [kyber-mult-kernel-dataflow.cpp:282]   --->   Operation 56 'zext' 'zext_ln282_2' <Predicate = (!icmp_ln274)> <Delay = 0.00>
ST_6 : Operation 57 [1/1] (7.30ns)   --->   "%write_ln277 = write void @_ssdm_op_Write.m_axi.p1i32, i32 %gmem2_addr, i32 %zext_ln282_2, i4 15" [kyber-mult-kernel-dataflow.cpp:277]   --->   Operation 57 'write' 'write_ln277' <Predicate = (!icmp_ln274)> <Delay = 7.30> <CoreInst = "m_axi">   --->   Core 121 'm_axi' <Latency = 0> <II = 1> <Delay = 1.00> <Adapter> <Opcode : 'read' 'write' 'readreq' 'writereq' 'writeresp'>

State 7 <SV = 6> <Delay = 7.30>
ST_7 : Operation 58 [1/1] (0.00ns)   --->   "%zext_ln282_3 = zext i12 %tmp_3" [kyber-mult-kernel-dataflow.cpp:282]   --->   Operation 58 'zext' 'zext_ln282_3' <Predicate = (!icmp_ln274)> <Delay = 0.00>
ST_7 : Operation 59 [1/1] (7.30ns)   --->   "%write_ln277 = write void @_ssdm_op_Write.m_axi.p1i32, i32 %gmem2_addr, i32 %zext_ln282_3, i4 15" [kyber-mult-kernel-dataflow.cpp:277]   --->   Operation 59 'write' 'write_ln277' <Predicate = (!icmp_ln274)> <Delay = 7.30> <CoreInst = "m_axi">   --->   Core 121 'm_axi' <Latency = 0> <II = 1> <Delay = 1.00> <Adapter> <Opcode : 'read' 'write' 'readreq' 'writereq' 'writeresp'>

State 8 <SV = 7> <Delay = 7.30>
ST_8 : Operation 60 [1/1] (0.00ns)   --->   "%zext_ln282_4 = zext i12 %tmp_4" [kyber-mult-kernel-dataflow.cpp:282]   --->   Operation 60 'zext' 'zext_ln282_4' <Predicate = (!icmp_ln274)> <Delay = 0.00>
ST_8 : Operation 61 [1/1] (7.30ns)   --->   "%write_ln277 = write void @_ssdm_op_Write.m_axi.p1i32, i32 %gmem2_addr, i32 %zext_ln282_4, i4 15" [kyber-mult-kernel-dataflow.cpp:277]   --->   Operation 61 'write' 'write_ln277' <Predicate = (!icmp_ln274)> <Delay = 7.30> <CoreInst = "m_axi">   --->   Core 121 'm_axi' <Latency = 0> <II = 1> <Delay = 1.00> <Adapter> <Opcode : 'read' 'write' 'readreq' 'writereq' 'writeresp'>

State 9 <SV = 8> <Delay = 7.30>
ST_9 : Operation 62 [1/1] (0.00ns)   --->   "%zext_ln282_5 = zext i12 %tmp_5" [kyber-mult-kernel-dataflow.cpp:282]   --->   Operation 62 'zext' 'zext_ln282_5' <Predicate = (!icmp_ln274)> <Delay = 0.00>
ST_9 : Operation 63 [1/1] (7.30ns)   --->   "%write_ln277 = write void @_ssdm_op_Write.m_axi.p1i32, i32 %gmem2_addr, i32 %zext_ln282_5, i4 15" [kyber-mult-kernel-dataflow.cpp:277]   --->   Operation 63 'write' 'write_ln277' <Predicate = (!icmp_ln274)> <Delay = 7.30> <CoreInst = "m_axi">   --->   Core 121 'm_axi' <Latency = 0> <II = 1> <Delay = 1.00> <Adapter> <Opcode : 'read' 'write' 'readreq' 'writereq' 'writeresp'>

State 10 <SV = 9> <Delay = 7.30>
ST_10 : Operation 64 [1/1] (0.00ns)   --->   "%zext_ln282_6 = zext i12 %tmp_6" [kyber-mult-kernel-dataflow.cpp:282]   --->   Operation 64 'zext' 'zext_ln282_6' <Predicate = (!icmp_ln274)> <Delay = 0.00>
ST_10 : Operation 65 [1/1] (7.30ns)   --->   "%write_ln277 = write void @_ssdm_op_Write.m_axi.p1i32, i32 %gmem2_addr, i32 %zext_ln282_6, i4 15" [kyber-mult-kernel-dataflow.cpp:277]   --->   Operation 65 'write' 'write_ln277' <Predicate = (!icmp_ln274)> <Delay = 7.30> <CoreInst = "m_axi">   --->   Core 121 'm_axi' <Latency = 0> <II = 1> <Delay = 1.00> <Adapter> <Opcode : 'read' 'write' 'readreq' 'writereq' 'writeresp'>

State 11 <SV = 10> <Delay = 7.30>
ST_11 : Operation 66 [1/1] (0.00ns)   --->   "%zext_ln282_7 = zext i12 %tmp_7" [kyber-mult-kernel-dataflow.cpp:282]   --->   Operation 66 'zext' 'zext_ln282_7' <Predicate = (!icmp_ln274)> <Delay = 0.00>
ST_11 : Operation 67 [1/1] (7.30ns)   --->   "%write_ln277 = write void @_ssdm_op_Write.m_axi.p1i32, i32 %gmem2_addr, i32 %zext_ln282_7, i4 15" [kyber-mult-kernel-dataflow.cpp:277]   --->   Operation 67 'write' 'write_ln277' <Predicate = (!icmp_ln274)> <Delay = 7.30> <CoreInst = "m_axi">   --->   Core 121 'm_axi' <Latency = 0> <II = 1> <Delay = 1.00> <Adapter> <Opcode : 'read' 'write' 'readreq' 'writereq' 'writeresp'>

State 12 <SV = 11> <Delay = 7.30>
ST_12 : Operation 68 [1/1] (0.00ns)   --->   "%zext_ln282_8 = zext i12 %tmp_8" [kyber-mult-kernel-dataflow.cpp:282]   --->   Operation 68 'zext' 'zext_ln282_8' <Predicate = (!icmp_ln274)> <Delay = 0.00>
ST_12 : Operation 69 [1/1] (7.30ns)   --->   "%write_ln277 = write void @_ssdm_op_Write.m_axi.p1i32, i32 %gmem2_addr, i32 %zext_ln282_8, i4 15" [kyber-mult-kernel-dataflow.cpp:277]   --->   Operation 69 'write' 'write_ln277' <Predicate = (!icmp_ln274)> <Delay = 7.30> <CoreInst = "m_axi">   --->   Core 121 'm_axi' <Latency = 0> <II = 1> <Delay = 1.00> <Adapter> <Opcode : 'read' 'write' 'readreq' 'writereq' 'writeresp'>

State 13 <SV = 12> <Delay = 7.30>
ST_13 : Operation 70 [1/1] (0.00ns)   --->   "%zext_ln282_9 = zext i12 %tmp_9" [kyber-mult-kernel-dataflow.cpp:282]   --->   Operation 70 'zext' 'zext_ln282_9' <Predicate = (!icmp_ln274)> <Delay = 0.00>
ST_13 : Operation 71 [1/1] (7.30ns)   --->   "%write_ln277 = write void @_ssdm_op_Write.m_axi.p1i32, i32 %gmem2_addr, i32 %zext_ln282_9, i4 15" [kyber-mult-kernel-dataflow.cpp:277]   --->   Operation 71 'write' 'write_ln277' <Predicate = (!icmp_ln274)> <Delay = 7.30> <CoreInst = "m_axi">   --->   Core 121 'm_axi' <Latency = 0> <II = 1> <Delay = 1.00> <Adapter> <Opcode : 'read' 'write' 'readreq' 'writereq' 'writeresp'>

State 14 <SV = 13> <Delay = 7.30>
ST_14 : Operation 72 [1/1] (0.00ns)   --->   "%zext_ln282_10 = zext i12 %tmp_s" [kyber-mult-kernel-dataflow.cpp:282]   --->   Operation 72 'zext' 'zext_ln282_10' <Predicate = (!icmp_ln274)> <Delay = 0.00>
ST_14 : Operation 73 [1/1] (7.30ns)   --->   "%write_ln277 = write void @_ssdm_op_Write.m_axi.p1i32, i32 %gmem2_addr, i32 %zext_ln282_10, i4 15" [kyber-mult-kernel-dataflow.cpp:277]   --->   Operation 73 'write' 'write_ln277' <Predicate = (!icmp_ln274)> <Delay = 7.30> <CoreInst = "m_axi">   --->   Core 121 'm_axi' <Latency = 0> <II = 1> <Delay = 1.00> <Adapter> <Opcode : 'read' 'write' 'readreq' 'writereq' 'writeresp'>

State 15 <SV = 14> <Delay = 7.30>
ST_15 : Operation 74 [1/1] (0.00ns)   --->   "%zext_ln282_11 = zext i12 %tmp_1" [kyber-mult-kernel-dataflow.cpp:282]   --->   Operation 74 'zext' 'zext_ln282_11' <Predicate = (!icmp_ln274)> <Delay = 0.00>
ST_15 : Operation 75 [1/1] (7.30ns)   --->   "%write_ln277 = write void @_ssdm_op_Write.m_axi.p1i32, i32 %gmem2_addr, i32 %zext_ln282_11, i4 15" [kyber-mult-kernel-dataflow.cpp:277]   --->   Operation 75 'write' 'write_ln277' <Predicate = (!icmp_ln274)> <Delay = 7.30> <CoreInst = "m_axi">   --->   Core 121 'm_axi' <Latency = 0> <II = 1> <Delay = 1.00> <Adapter> <Opcode : 'read' 'write' 'readreq' 'writereq' 'writeresp'>

State 16 <SV = 15> <Delay = 7.30>
ST_16 : Operation 76 [1/1] (0.00ns)   --->   "%zext_ln282_12 = zext i12 %tmp_10" [kyber-mult-kernel-dataflow.cpp:282]   --->   Operation 76 'zext' 'zext_ln282_12' <Predicate = (!icmp_ln274)> <Delay = 0.00>
ST_16 : Operation 77 [1/1] (7.30ns)   --->   "%write_ln277 = write void @_ssdm_op_Write.m_axi.p1i32, i32 %gmem2_addr, i32 %zext_ln282_12, i4 15" [kyber-mult-kernel-dataflow.cpp:277]   --->   Operation 77 'write' 'write_ln277' <Predicate = (!icmp_ln274)> <Delay = 7.30> <CoreInst = "m_axi">   --->   Core 121 'm_axi' <Latency = 0> <II = 1> <Delay = 1.00> <Adapter> <Opcode : 'read' 'write' 'readreq' 'writereq' 'writeresp'>

State 17 <SV = 16> <Delay = 7.30>
ST_17 : Operation 78 [1/1] (0.00ns)   --->   "%zext_ln282_13 = zext i12 %tmp_11" [kyber-mult-kernel-dataflow.cpp:282]   --->   Operation 78 'zext' 'zext_ln282_13' <Predicate = (!icmp_ln274)> <Delay = 0.00>
ST_17 : Operation 79 [1/1] (7.30ns)   --->   "%write_ln277 = write void @_ssdm_op_Write.m_axi.p1i32, i32 %gmem2_addr, i32 %zext_ln282_13, i4 15" [kyber-mult-kernel-dataflow.cpp:277]   --->   Operation 79 'write' 'write_ln277' <Predicate = (!icmp_ln274)> <Delay = 7.30> <CoreInst = "m_axi">   --->   Core 121 'm_axi' <Latency = 0> <II = 1> <Delay = 1.00> <Adapter> <Opcode : 'read' 'write' 'readreq' 'writereq' 'writeresp'>

State 18 <SV = 17> <Delay = 7.30>
ST_18 : Operation 80 [1/1] (0.00ns)   --->   "%zext_ln282_14 = zext i12 %tmp_12" [kyber-mult-kernel-dataflow.cpp:282]   --->   Operation 80 'zext' 'zext_ln282_14' <Predicate = true> <Delay = 0.00>
ST_18 : Operation 81 [1/1] (7.30ns)   --->   "%write_ln277 = write void @_ssdm_op_Write.m_axi.p1i32, i32 %gmem2_addr, i32 %zext_ln282_14, i4 15" [kyber-mult-kernel-dataflow.cpp:277]   --->   Operation 81 'write' 'write_ln277' <Predicate = true> <Delay = 7.30> <CoreInst = "m_axi">   --->   Core 121 'm_axi' <Latency = 0> <II = 1> <Delay = 1.00> <Adapter> <Opcode : 'read' 'write' 'readreq' 'writereq' 'writeresp'>

State 19 <SV = 18> <Delay = 7.30>
ST_19 : Operation 82 [1/1] (0.00ns)   --->   "%specloopname_ln0 = specloopname void @_ssdm_op_SpecLoopName, void @ST_BLK_ST_str"   --->   Operation 82 'specloopname' 'specloopname_ln0' <Predicate = true> <Delay = 0.00>
ST_19 : Operation 83 [1/1] (0.00ns)   --->   "%speclooptripcount_ln0 = speclooptripcount void @_ssdm_op_SpecLoopTripCount, i64 16, i64 256, i64 128"   --->   Operation 83 'speclooptripcount' 'speclooptripcount_ln0' <Predicate = true> <Delay = 0.00>
ST_19 : Operation 84 [1/1] (0.00ns)   --->   "%specpipeline_ln278 = specpipeline void @_ssdm_op_SpecPipeline, i32 1, i32 0, i32 0, i32 0, void @empty_246" [kyber-mult-kernel-dataflow.cpp:278]   --->   Operation 84 'specpipeline' 'specpipeline_ln278' <Predicate = true> <Delay = 0.00>
ST_19 : Operation 85 [1/1] (0.00ns)   --->   "%zext_ln282_15 = zext i12 %tmp_13" [kyber-mult-kernel-dataflow.cpp:282]   --->   Operation 85 'zext' 'zext_ln282_15' <Predicate = true> <Delay = 0.00>
ST_19 : Operation 86 [1/1] (7.30ns)   --->   "%write_ln277 = write void @_ssdm_op_Write.m_axi.p1i32, i32 %gmem2_addr, i32 %zext_ln282_15, i4 15" [kyber-mult-kernel-dataflow.cpp:277]   --->   Operation 86 'write' 'write_ln277' <Predicate = true> <Delay = 7.30> <CoreInst = "m_axi">   --->   Core 121 'm_axi' <Latency = 0> <II = 1> <Delay = 1.00> <Adapter> <Opcode : 'read' 'write' 'readreq' 'writereq' 'writeresp'>
ST_19 : Operation 87 [1/1] (0.00ns)   --->   "%br_ln277 = br void %VITIS_LOOP_280_1" [kyber-mult-kernel-dataflow.cpp:277]   --->   Operation 87 'br' 'br_ln277' <Predicate = true> <Delay = 0.00>


============================================================
+ Verbose Summary: Timing violations
============================================================
Target clock period: 10.000ns, clock uncertainty: 2.700ns.

 <State 1>: 0.427ns
The critical path consists of the following:
	'alloca' operation 36 bit ('indvar_flatten') [5]  (0.000 ns)
	'store' operation 0 bit ('store_ln0') of constant 0 on local variable 'indvar_flatten' [11]  (0.427 ns)

 <State 2>: 1.452ns
The critical path consists of the following:
	'load' operation 36 bit ('indvar_flatten_load', kyber-mult-kernel-dataflow.cpp:274) on local variable 'indvar_flatten' [14]  (0.000 ns)
	'add' operation 36 bit ('add_ln274', kyber-mult-kernel-dataflow.cpp:274) [16]  (1.025 ns)
	'store' operation 0 bit ('store_ln274', kyber-mult-kernel-dataflow.cpp:274) of variable 'add_ln274', kyber-mult-kernel-dataflow.cpp:274 on local variable 'indvar_flatten' [72]  (0.427 ns)

 <State 3>: 1.898ns
The critical path consists of the following:
	fifo read operation ('sC1_read', kyber-mult-kernel-dataflow.cpp:279) on port 'sC1' (kyber-mult-kernel-dataflow.cpp:279) [23]  (1.898 ns)

 <State 4>: 7.300ns
The critical path consists of the following:
	bus write operation ('write_ln277', kyber-mult-kernel-dataflow.cpp:277) on port 'gmem2' (kyber-mult-kernel-dataflow.cpp:277) [56]  (7.300 ns)

 <State 5>: 7.300ns
The critical path consists of the following:
	bus write operation ('write_ln277', kyber-mult-kernel-dataflow.cpp:277) on port 'gmem2' (kyber-mult-kernel-dataflow.cpp:277) [57]  (7.300 ns)

 <State 6>: 7.300ns
The critical path consists of the following:
	bus write operation ('write_ln277', kyber-mult-kernel-dataflow.cpp:277) on port 'gmem2' (kyber-mult-kernel-dataflow.cpp:277) [58]  (7.300 ns)

 <State 7>: 7.300ns
The critical path consists of the following:
	bus write operation ('write_ln277', kyber-mult-kernel-dataflow.cpp:277) on port 'gmem2' (kyber-mult-kernel-dataflow.cpp:277) [59]  (7.300 ns)

 <State 8>: 7.300ns
The critical path consists of the following:
	bus write operation ('write_ln277', kyber-mult-kernel-dataflow.cpp:277) on port 'gmem2' (kyber-mult-kernel-dataflow.cpp:277) [60]  (7.300 ns)

 <State 9>: 7.300ns
The critical path consists of the following:
	bus write operation ('write_ln277', kyber-mult-kernel-dataflow.cpp:277) on port 'gmem2' (kyber-mult-kernel-dataflow.cpp:277) [61]  (7.300 ns)

 <State 10>: 7.300ns
The critical path consists of the following:
	bus write operation ('write_ln277', kyber-mult-kernel-dataflow.cpp:277) on port 'gmem2' (kyber-mult-kernel-dataflow.cpp:277) [62]  (7.300 ns)

 <State 11>: 7.300ns
The critical path consists of the following:
	bus write operation ('write_ln277', kyber-mult-kernel-dataflow.cpp:277) on port 'gmem2' (kyber-mult-kernel-dataflow.cpp:277) [63]  (7.300 ns)

 <State 12>: 7.300ns
The critical path consists of the following:
	bus write operation ('write_ln277', kyber-mult-kernel-dataflow.cpp:277) on port 'gmem2' (kyber-mult-kernel-dataflow.cpp:277) [64]  (7.300 ns)

 <State 13>: 7.300ns
The critical path consists of the following:
	bus write operation ('write_ln277', kyber-mult-kernel-dataflow.cpp:277) on port 'gmem2' (kyber-mult-kernel-dataflow.cpp:277) [65]  (7.300 ns)

 <State 14>: 7.300ns
The critical path consists of the following:
	bus write operation ('write_ln277', kyber-mult-kernel-dataflow.cpp:277) on port 'gmem2' (kyber-mult-kernel-dataflow.cpp:277) [66]  (7.300 ns)

 <State 15>: 7.300ns
The critical path consists of the following:
	bus write operation ('write_ln277', kyber-mult-kernel-dataflow.cpp:277) on port 'gmem2' (kyber-mult-kernel-dataflow.cpp:277) [67]  (7.300 ns)

 <State 16>: 7.300ns
The critical path consists of the following:
	bus write operation ('write_ln277', kyber-mult-kernel-dataflow.cpp:277) on port 'gmem2' (kyber-mult-kernel-dataflow.cpp:277) [68]  (7.300 ns)

 <State 17>: 7.300ns
The critical path consists of the following:
	bus write operation ('write_ln277', kyber-mult-kernel-dataflow.cpp:277) on port 'gmem2' (kyber-mult-kernel-dataflow.cpp:277) [69]  (7.300 ns)

 <State 18>: 7.300ns
The critical path consists of the following:
	bus write operation ('write_ln277', kyber-mult-kernel-dataflow.cpp:277) on port 'gmem2' (kyber-mult-kernel-dataflow.cpp:277) [70]  (7.300 ns)

 <State 19>: 7.300ns
The critical path consists of the following:
	bus write operation ('write_ln277', kyber-mult-kernel-dataflow.cpp:277) on port 'gmem2' (kyber-mult-kernel-dataflow.cpp:277) [71]  (7.300 ns)


============================================================
+ Verbose Summary: Binding
============================================================
N/A
* FSMD analyzer results:
  - Output states:
 - Input state : 
  - Chain level:
	State 1
	State 2
	State 3
	State 4
	State 5
	State 6
	State 7
	State 8
	State 9
	State 10
	State 11
	State 12
	State 13
	State 14
	State 15
	State 16
	State 17
	State 18
	State 19


============================================================
+ Verbose Summary: Datapath Resource usage 
============================================================
N/A
