

================================================================
== Vitis HLS Report for 'ntt_kernel_Pipeline_CACHE_TWIDDLES_LOOP'
================================================================
* Date:           Thu Jun  4 11:24:39 2026

* Version:        2023.2 (Build 4023990 on Oct 11 2023)
* Project:        hls-design
* Solution:       ntt-asic (Vivado IP Flow Target)
* Product family: zynquplus
* Target device:  xck26-sfvc784-2LV-c


================================================================
== Performance Estimates
================================================================
+ Timing: 
    * Summary: 
    +--------+----------+----------+------------+
    |  Clock |  Target  | Estimated| Uncertainty|
    +--------+----------+----------+------------+
    |ap_clk  |  10.00 ns|  7.300 ns|     2.70 ns|
    +--------+----------+----------+------------+

+ Latency: 
    * Summary: 
    +---------+---------+----------+-----------+-----+------+---------+
    |  Latency (cycles) |  Latency (absolute)  |  Interval  | Pipeline|
    |   min   |   max   |    min   |    max    | min |  max |   Type  |
    +---------+---------+----------+-----------+-----+------+---------+
    |      258|     4098|  2.580 us|  40.980 us|  258|  4098|       no|
    +---------+---------+----------+-----------+-----+------+---------+

    + Detail: 
        * Instance: 
        N/A

        * Loop: 
        +-----------------------+---------+---------+----------+-----------+-----------+------------+----------+
        |                       |  Latency (cycles) | Iteration|  Initiation Interval  |    Trip    |          |
        |       Loop Name       |   min   |   max   |  Latency |  achieved |   target  |    Count   | Pipelined|
        +-----------------------+---------+---------+----------+-----------+-----------+------------+----------+
        |- CACHE_TWIDDLES_LOOP  |      256|     4096|         3|          1|          1|  255 ~ 4095|       yes|
        +-----------------------+---------+---------+----------+-----------+-----------+------------+----------+

============================================================
+ Verbose Summary: Synthesis Manager
============================================================
InlineROM: 1
ExposeGlobal: 0
============================================================
+ Verbose Summary: CDFG Model
============================================================
IsTopModel: 0
ResetActiveHigh: 1
IsCombinational: 0
IsDatapathOnly: 0
HasWiredReturn: 1
HasMFsm: 2
HasVarLatency: 1
IsPipeline: 0
IsRtlPipelined: 0
IsInstanceOverlapped: 0
IsDontTouch: 0
HasImplIP: 0
IsGatedGlobalClock: 0

+ Individual pipeline summary: 
  * Pipeline-0: initiation interval (II) = 1, depth = 3


============================================================
+ Verbose Summary: Schedule
============================================================
* Number of FSM states : 3
* Pipeline : 1
  Pipeline-0 : II = 1, D = 3, States = { 1 2 3 }
* Dataflow Pipeline: 0

* FSM state transitions: 
1 --> 2 
2 --> 3 
3 --> 

* FSM state operations: 

State 1 <SV = 0> <Delay = 1.87>
ST_1 : Operation 6 [1/1] (0.00ns)   --->   "%i = alloca i32 1" [hls-design/ntt-kernel.cpp:87]   --->   Operation 6 'alloca' 'i' <Predicate = true> <Delay = 0.00>
ST_1 : Operation 7 [1/1] (0.00ns)   --->   "%sext_ln87_read = read i62 @_ssdm_op_Read.ap_auto.i62, i62 %sext_ln87"   --->   Operation 7 'read' 'sext_ln87_read' <Predicate = true> <Delay = 0.00>
ST_1 : Operation 8 [1/1] (0.00ns)   --->   "%sub_read = read i32 @_ssdm_op_Read.ap_auto.i32, i32 %sub"   --->   Operation 8 'read' 'sub_read' <Predicate = true> <Delay = 0.00>
ST_1 : Operation 9 [1/1] (0.00ns)   --->   "%sext_ln87_cast = sext i62 %sext_ln87_read"   --->   Operation 9 'sext' 'sext_ln87_cast' <Predicate = true> <Delay = 0.00>
ST_1 : Operation 10 [1/1] (0.00ns)   --->   "%specmemcore_ln0 = specmemcore void @_ssdm_op_SpecMemCore, i32 %local_twiddles, i64 666, i64 22, i64 18446744073709551615"   --->   Operation 10 'specmemcore' 'specmemcore_ln0' <Predicate = true> <Delay = 0.00>
ST_1 : Operation 11 [1/1] (0.00ns)   --->   "%specmemcore_ln0 = specmemcore void @_ssdm_op_SpecMemCore, i32 %local_twiddles_1, i64 666, i64 22, i64 18446744073709551615"   --->   Operation 11 'specmemcore' 'specmemcore_ln0' <Predicate = true> <Delay = 0.00>
ST_1 : Operation 12 [1/1] (0.00ns)   --->   "%specmemcore_ln0 = specmemcore void @_ssdm_op_SpecMemCore, i32 %local_twiddles_2, i64 666, i64 22, i64 18446744073709551615"   --->   Operation 12 'specmemcore' 'specmemcore_ln0' <Predicate = true> <Delay = 0.00>
ST_1 : Operation 13 [1/1] (0.00ns)   --->   "%specmemcore_ln0 = specmemcore void @_ssdm_op_SpecMemCore, i32 %local_twiddles_3, i64 666, i64 22, i64 18446744073709551615"   --->   Operation 13 'specmemcore' 'specmemcore_ln0' <Predicate = true> <Delay = 0.00>
ST_1 : Operation 14 [1/1] (0.00ns)   --->   "%specinterface_ln0 = specinterface void @_ssdm_op_SpecInterface, i32 %gmem2, void @empty_13, i32 0, i32 0, void @empty_14, i32 0, i32 4096, void @empty_8, void @empty_16, void @empty_14, i32 16, i32 16, i32 16, i32 16, void @empty_14, void @empty_14, i32 4294967295, i32 0"   --->   Operation 14 'specinterface' 'specinterface_ln0' <Predicate = true> <Delay = 0.00>
ST_1 : Operation 15 [1/1] (0.42ns)   --->   "%store_ln87 = store i31 0, i31 %i" [hls-design/ntt-kernel.cpp:87]   --->   Operation 15 'store' 'store_ln87' <Predicate = true> <Delay = 0.42>
ST_1 : Operation 16 [1/1] (0.00ns)   --->   "%br_ln0 = br void %for.inc"   --->   Operation 16 'br' 'br_ln0' <Predicate = true> <Delay = 0.00>
ST_1 : Operation 17 [1/1] (0.00ns)   --->   "%i_6 = load i31 %i" [hls-design/ntt-kernel.cpp:87]   --->   Operation 17 'load' 'i_6' <Predicate = true> <Delay = 0.00>
ST_1 : Operation 18 [1/1] (0.00ns)   --->   "%specbitsmap_ln0 = specbitsmap void @_ssdm_op_SpecBitsMap, i32 %gmem2"   --->   Operation 18 'specbitsmap' 'specbitsmap_ln0' <Predicate = true> <Delay = 0.00>
ST_1 : Operation 19 [1/1] (0.00ns)   --->   "%zext_ln87 = zext i31 %i_6" [hls-design/ntt-kernel.cpp:87]   --->   Operation 19 'zext' 'zext_ln87' <Predicate = true> <Delay = 0.00>
ST_1 : Operation 20 [1/1] (1.01ns)   --->   "%icmp_ln87 = icmp_slt  i32 %zext_ln87, i32 %sub_read" [hls-design/ntt-kernel.cpp:87]   --->   Operation 20 'icmp' 'icmp_ln87' <Predicate = true> <Delay = 1.01> <CoreInst = "Cmp">   --->   Core 9 'Cmp' <Latency = 0> <II = 1> <Delay = 1.01> <FuncUnit> <Opcode : 'icmp'> <InPorts = 2> <OutPorts = 1>
ST_1 : Operation 21 [1/1] (1.00ns)   --->   "%add_ln87 = add i31 %i_6, i31 1" [hls-design/ntt-kernel.cpp:87]   --->   Operation 21 'add' 'add_ln87' <Predicate = true> <Delay = 1.00> <CoreInst = "Adder">   --->   Core 1 'Adder' <Latency = 0> <II = 1> <Delay = 1.00> <FuncUnit> <Opcode : 'add' 'sub'> <InPorts = 2> <OutPorts = 1>
ST_1 : Operation 22 [1/1] (0.00ns)   --->   "%br_ln87 = br i1 %icmp_ln87, void %CACHE_PSI_LOOP.loopexit.exitStub, void %for.inc.split" [hls-design/ntt-kernel.cpp:87]   --->   Operation 22 'br' 'br_ln87' <Predicate = true> <Delay = 0.00>
ST_1 : Operation 23 [1/1] (0.00ns)   --->   "%trunc_ln87 = trunc i31 %i_6" [hls-design/ntt-kernel.cpp:87]   --->   Operation 23 'trunc' 'trunc_ln87' <Predicate = (icmp_ln87)> <Delay = 0.00>
ST_1 : Operation 24 [1/1] (0.00ns)   --->   "%lshr_ln = partselect i10 @_ssdm_op_PartSelect.i10.i31.i32.i32, i31 %i_6, i32 2, i32 11" [hls-design/ntt-kernel.cpp:87]   --->   Operation 24 'partselect' 'lshr_ln' <Predicate = (icmp_ln87)> <Delay = 0.00>
ST_1 : Operation 25 [1/1] (0.73ns)   --->   "%switch_ln90 = switch i2 %trunc_ln87, void %arrayidx2.case.3, i2 0, void %arrayidx2.case.0, i2 1, void %arrayidx2.case.1, i2 2, void %arrayidx2.case.2" [hls-design/ntt-kernel.cpp:90]   --->   Operation 25 'switch' 'switch_ln90' <Predicate = (icmp_ln87)> <Delay = 0.73>
ST_1 : Operation 26 [1/1] (0.42ns)   --->   "%store_ln87 = store i31 %add_ln87, i31 %i" [hls-design/ntt-kernel.cpp:87]   --->   Operation 26 'store' 'store_ln87' <Predicate = (icmp_ln87)> <Delay = 0.42>
ST_1 : Operation 27 [1/1] (0.00ns)   --->   "%br_ln87 = br void %for.inc" [hls-design/ntt-kernel.cpp:87]   --->   Operation 27 'br' 'br_ln87' <Predicate = (icmp_ln87)> <Delay = 0.00>

State 2 <SV = 1> <Delay = 7.30>
ST_2 : Operation 28 [1/1] (0.00ns)   --->   "%gmem2_addr = getelementptr i32 %gmem2, i64 %sext_ln87_cast" [hls-design/ntt-kernel.cpp:87]   --->   Operation 28 'getelementptr' 'gmem2_addr' <Predicate = true> <Delay = 0.00>
ST_2 : Operation 29 [1/1] (7.30ns)   --->   "%gmem2_addr_read = read i32 @_ssdm_op_Read.m_axi.p1i32, i32 %gmem2_addr" [hls-design/ntt-kernel.cpp:90]   --->   Operation 29 'read' 'gmem2_addr_read' <Predicate = true> <Delay = 7.30> <CoreInst = "m_axi">   --->   Core 121 'm_axi' <Latency = 0> <II = 1> <Delay = 1.00> <Adapter> <Opcode : 'read' 'write' 'readreq' 'writereq' 'writeresp'>
ST_2 : Operation 46 [1/1] (0.00ns)   --->   "%ret_ln0 = ret"   --->   Operation 46 'ret' 'ret_ln0' <Predicate = (!icmp_ln87)> <Delay = 0.00>

State 3 <SV = 2> <Delay = 1.23>
ST_3 : Operation 30 [1/1] (0.00ns)   --->   "%specpipeline_ln88 = specpipeline void @_ssdm_op_SpecPipeline, i32 1, i32 0, i32 0, i32 0, void @empty_14" [hls-design/ntt-kernel.cpp:88]   --->   Operation 30 'specpipeline' 'specpipeline_ln88' <Predicate = true> <Delay = 0.00>
ST_3 : Operation 31 [1/1] (0.00ns)   --->   "%speclooptripcount_ln89 = speclooptripcount void @_ssdm_op_SpecLoopTripCount, i64 255, i64 4095, i64 2175" [hls-design/ntt-kernel.cpp:89]   --->   Operation 31 'speclooptripcount' 'speclooptripcount_ln89' <Predicate = true> <Delay = 0.00>
ST_3 : Operation 32 [1/1] (0.00ns)   --->   "%specloopname_ln87 = specloopname void @_ssdm_op_SpecLoopName, void @empty_28" [hls-design/ntt-kernel.cpp:87]   --->   Operation 32 'specloopname' 'specloopname_ln87' <Predicate = true> <Delay = 0.00>
ST_3 : Operation 33 [1/1] (0.00ns)   --->   "%zext_ln87_1 = zext i10 %lshr_ln" [hls-design/ntt-kernel.cpp:87]   --->   Operation 33 'zext' 'zext_ln87_1' <Predicate = true> <Delay = 0.00>
ST_3 : Operation 34 [1/1] (0.00ns)   --->   "%local_twiddles_addr = getelementptr i32 %local_twiddles, i64 0, i64 %zext_ln87_1" [hls-design/ntt-kernel.cpp:90]   --->   Operation 34 'getelementptr' 'local_twiddles_addr' <Predicate = true> <Delay = 0.00>
ST_3 : Operation 35 [1/1] (0.00ns)   --->   "%local_twiddles_1_addr = getelementptr i32 %local_twiddles_1, i64 0, i64 %zext_ln87_1" [hls-design/ntt-kernel.cpp:90]   --->   Operation 35 'getelementptr' 'local_twiddles_1_addr' <Predicate = true> <Delay = 0.00>
ST_3 : Operation 36 [1/1] (0.00ns)   --->   "%local_twiddles_2_addr = getelementptr i32 %local_twiddles_2, i64 0, i64 %zext_ln87_1" [hls-design/ntt-kernel.cpp:90]   --->   Operation 36 'getelementptr' 'local_twiddles_2_addr' <Predicate = true> <Delay = 0.00>
ST_3 : Operation 37 [1/1] (0.00ns)   --->   "%local_twiddles_3_addr = getelementptr i32 %local_twiddles_3, i64 0, i64 %zext_ln87_1" [hls-design/ntt-kernel.cpp:90]   --->   Operation 37 'getelementptr' 'local_twiddles_3_addr' <Predicate = true> <Delay = 0.00>
ST_3 : Operation 38 [1/1] (1.23ns)   --->   "%store_ln90 = store i32 %gmem2_addr_read, i10 %local_twiddles_2_addr" [hls-design/ntt-kernel.cpp:90]   --->   Operation 38 'store' 'store_ln90' <Predicate = (trunc_ln87 == 2)> <Delay = 1.23> <CoreInst = "RAM_2P_BRAM">   --->   Core 94 'RAM_2P_BRAM' <Latency = 1> <II = 1> <Delay = 1.23> <Storage> <Opcode : 'load' 'store'> <Ports = 2> <Width = 32> <Depth = 1024> <RAM>
ST_3 : Operation 39 [1/1] (0.00ns)   --->   "%br_ln90 = br void %arrayidx2.exit" [hls-design/ntt-kernel.cpp:90]   --->   Operation 39 'br' 'br_ln90' <Predicate = (trunc_ln87 == 2)> <Delay = 0.00>
ST_3 : Operation 40 [1/1] (1.23ns)   --->   "%store_ln90 = store i32 %gmem2_addr_read, i10 %local_twiddles_1_addr" [hls-design/ntt-kernel.cpp:90]   --->   Operation 40 'store' 'store_ln90' <Predicate = (trunc_ln87 == 1)> <Delay = 1.23> <CoreInst = "RAM_2P_BRAM">   --->   Core 94 'RAM_2P_BRAM' <Latency = 1> <II = 1> <Delay = 1.23> <Storage> <Opcode : 'load' 'store'> <Ports = 2> <Width = 32> <Depth = 1024> <RAM>
ST_3 : Operation 41 [1/1] (0.00ns)   --->   "%br_ln90 = br void %arrayidx2.exit" [hls-design/ntt-kernel.cpp:90]   --->   Operation 41 'br' 'br_ln90' <Predicate = (trunc_ln87 == 1)> <Delay = 0.00>
ST_3 : Operation 42 [1/1] (1.23ns)   --->   "%store_ln90 = store i32 %gmem2_addr_read, i10 %local_twiddles_addr" [hls-design/ntt-kernel.cpp:90]   --->   Operation 42 'store' 'store_ln90' <Predicate = (trunc_ln87 == 0)> <Delay = 1.23> <CoreInst = "RAM_2P_BRAM">   --->   Core 94 'RAM_2P_BRAM' <Latency = 1> <II = 1> <Delay = 1.23> <Storage> <Opcode : 'load' 'store'> <Ports = 2> <Width = 32> <Depth = 1024> <RAM>
ST_3 : Operation 43 [1/1] (0.00ns)   --->   "%br_ln90 = br void %arrayidx2.exit" [hls-design/ntt-kernel.cpp:90]   --->   Operation 43 'br' 'br_ln90' <Predicate = (trunc_ln87 == 0)> <Delay = 0.00>
ST_3 : Operation 44 [1/1] (1.23ns)   --->   "%store_ln90 = store i32 %gmem2_addr_read, i10 %local_twiddles_3_addr" [hls-design/ntt-kernel.cpp:90]   --->   Operation 44 'store' 'store_ln90' <Predicate = (trunc_ln87 == 3)> <Delay = 1.23> <CoreInst = "RAM_2P_BRAM">   --->   Core 94 'RAM_2P_BRAM' <Latency = 1> <II = 1> <Delay = 1.23> <Storage> <Opcode : 'load' 'store'> <Ports = 2> <Width = 32> <Depth = 1024> <RAM>
ST_3 : Operation 45 [1/1] (0.00ns)   --->   "%br_ln90 = br void %arrayidx2.exit" [hls-design/ntt-kernel.cpp:90]   --->   Operation 45 'br' 'br_ln90' <Predicate = (trunc_ln87 == 3)> <Delay = 0.00>


============================================================
+ Verbose Summary: Timing violations
============================================================
Target clock period: 10.000ns, clock uncertainty: 2.700ns.

 <State 1>: 1.870ns
The critical path consists of the following:
	'store' operation 0 bit ('store_ln87', hls-design/ntt-kernel.cpp:87) of constant 0 on local variable 'i', hls-design/ntt-kernel.cpp:87 [17]  (0.427 ns)
	'load' operation 31 bit ('i', hls-design/ntt-kernel.cpp:87) on local variable 'i', hls-design/ntt-kernel.cpp:87 [20]  (0.000 ns)
	'icmp' operation 1 bit ('icmp_ln87', hls-design/ntt-kernel.cpp:87) [23]  (1.016 ns)
	'store' operation 0 bit ('store_ln87', hls-design/ntt-kernel.cpp:87) of variable 'add_ln87', hls-design/ntt-kernel.cpp:87 on local variable 'i', hls-design/ntt-kernel.cpp:87 [53]  (0.427 ns)

 <State 2>: 7.300ns
The critical path consists of the following:
	'getelementptr' operation 32 bit ('gmem2_addr', hls-design/ntt-kernel.cpp:87) [27]  (0.000 ns)
	bus read operation ('gmem2_addr_read', hls-design/ntt-kernel.cpp:90) on port 'gmem2' (hls-design/ntt-kernel.cpp:90) [34]  (7.300 ns)

 <State 3>: 1.237ns
The critical path consists of the following:
	'getelementptr' operation 10 bit ('local_twiddles_addr', hls-design/ntt-kernel.cpp:90) [35]  (0.000 ns)
	'store' operation 0 bit ('store_ln90', hls-design/ntt-kernel.cpp:90) of variable 'gmem2_addr_read', hls-design/ntt-kernel.cpp:90 on array 'local_twiddles' [47]  (1.237 ns)


============================================================
+ Verbose Summary: Binding
============================================================
N/A
* FSMD analyzer results:
  - Output states:
 - Input state : 
  - Chain level:
	State 1
	State 2
	State 3


============================================================
+ Verbose Summary: Datapath Resource usage 
============================================================
N/A
