

================================================================
== Vitis HLS Report for 'ntt_kernel_Pipeline_PERMUTE_LOOP'
================================================================
* Date:           Mon Jun  1 21:40:40 2026

* Version:        2023.2 (Build 4023990 on Oct 11 2023)
* Project:        hls-design
* Solution:       ntt-asic (Vivado IP Flow Target)
* Product family: zynquplus
* Target device:  xck26-sfvc784-2LV-c


================================================================
== Performance Estimates
================================================================
+ Timing: 
    * Summary: 
    +--------+----------+----------+------------+
    |  Clock |  Target  | Estimated| Uncertainty|
    +--------+----------+----------+------------+
    |ap_clk  |  10.00 ns|  2.474 ns|     2.70 ns|
    +--------+----------+----------+------------+

+ Latency: 
    * Summary: 
    +---------+---------+----------+-----------+-----+------+---------+
    |  Latency (cycles) |  Latency (absolute)  |  Interval  | Pipeline|
    |   min   |   max   |    min   |    max    | min |  max |   Type  |
    +---------+---------+----------+-----------+-----+------+---------+
    |      259|     4099|  2.590 us|  40.990 us|  259|  4099|       no|
    +---------+---------+----------+-----------+-----+------+---------+

    + Detail: 
        * Instance: 
        N/A

        * Loop: 
        +----------------+---------+---------+----------+-----------+-----------+------------+----------+
        |                |  Latency (cycles) | Iteration|  Initiation Interval  |    Trip    |          |
        |    Loop Name   |   min   |   max   |  Latency |  achieved |   target  |    Count   | Pipelined|
        +----------------+---------+---------+----------+-----------+-----------+------------+----------+
        |- PERMUTE_LOOP  |      257|     4097|         3|          1|          1|  256 ~ 4096|       yes|
        +----------------+---------+---------+----------+-----------+-----------+------------+----------+

============================================================
+ Verbose Summary: Synthesis Manager
============================================================
InlineROM: 1
ExposeGlobal: 0
============================================================
+ Verbose Summary: CDFG Model
============================================================
IsTopModel: 0
ResetActiveHigh: 1
IsCombinational: 0
IsDatapathOnly: 0
HasWiredReturn: 1
HasMFsm: 2
HasVarLatency: 1
IsPipeline: 0
IsRtlPipelined: 0
IsInstanceOverlapped: 0
IsDontTouch: 0
HasImplIP: 0
IsGatedGlobalClock: 0

+ Individual pipeline summary: 
  * Pipeline-0: initiation interval (II) = 1, depth = 3


============================================================
+ Verbose Summary: Schedule
============================================================
* Number of FSM states : 3
* Pipeline : 1
  Pipeline-0 : II = 1, D = 3, States = { 1 2 3 }
* Dataflow Pipeline: 0

* FSM state transitions: 
1 --> 2 
2 --> 3 
3 --> 

* FSM state operations: 

State 1 <SV = 0> <Delay = 1.85>
ST_1 : Operation 6 [1/1] (0.00ns)   --->   "%i = alloca i32 1" [hls-design/ntt-kernel.cpp:110]   --->   Operation 6 'alloca' 'i' <Predicate = true> <Delay = 0.00>
ST_1 : Operation 7 [1/1] (0.00ns)   --->   "%specmemcore_ln0 = specmemcore void @_ssdm_op_SpecMemCore, i32 %ping, i64 666, i64 22, i64 18446744073709551615"   --->   Operation 7 'specmemcore' 'specmemcore_ln0' <Predicate = true> <Delay = 0.00>
ST_1 : Operation 8 [1/1] (0.00ns)   --->   "%specmemcore_ln0 = specmemcore void @_ssdm_op_SpecMemCore, i12 %local_psi, i64 666, i64 22, i64 18446744073709551615"   --->   Operation 8 'specmemcore' 'specmemcore_ln0' <Predicate = true> <Delay = 0.00>
ST_1 : Operation 9 [1/1] (0.00ns)   --->   "%n_read = read i31 @_ssdm_op_Read.ap_auto.i31, i31 %n"   --->   Operation 9 'read' 'n_read' <Predicate = true> <Delay = 0.00>
ST_1 : Operation 10 [1/1] (0.42ns)   --->   "%store_ln110 = store i13 0, i13 %i" [hls-design/ntt-kernel.cpp:110]   --->   Operation 10 'store' 'store_ln110' <Predicate = true> <Delay = 0.42>
ST_1 : Operation 11 [1/1] (0.00ns)   --->   "%br_ln0 = br void %for.inc42"   --->   Operation 11 'br' 'br_ln0' <Predicate = true> <Delay = 0.00>
ST_1 : Operation 12 [1/1] (0.00ns)   --->   "%i_2 = load i13 %i" [hls-design/ntt-kernel.cpp:110]   --->   Operation 12 'load' 'i_2' <Predicate = true> <Delay = 0.00>
ST_1 : Operation 13 [1/1] (0.00ns)   --->   "%zext_ln110_1 = zext i13 %i_2" [hls-design/ntt-kernel.cpp:110]   --->   Operation 13 'zext' 'zext_ln110_1' <Predicate = true> <Delay = 0.00>
ST_1 : Operation 14 [1/1] (1.00ns)   --->   "%icmp_ln110 = icmp_eq  i31 %zext_ln110_1, i31 %n_read" [hls-design/ntt-kernel.cpp:110]   --->   Operation 14 'icmp' 'icmp_ln110' <Predicate = true> <Delay = 1.00> <CoreInst = "Cmp">   --->   Core 9 'Cmp' <Latency = 0> <II = 1> <Delay = 1.00> <FuncUnit> <Opcode : 'icmp'> <InPorts = 2> <OutPorts = 1>
ST_1 : Operation 15 [1/1] (0.82ns)   --->   "%add_ln110 = add i13 %i_2, i13 1" [hls-design/ntt-kernel.cpp:110]   --->   Operation 15 'add' 'add_ln110' <Predicate = true> <Delay = 0.82> <CoreInst = "Adder">   --->   Core 1 'Adder' <Latency = 0> <II = 1> <Delay = 0.82> <FuncUnit> <Opcode : 'add' 'sub'> <InPorts = 2> <OutPorts = 1>
ST_1 : Operation 16 [1/1] (0.00ns)   --->   "%br_ln110 = br i1 %icmp_ln110, void %for.inc42.split, void %STAGE_LOOP.loopexit.exitStub" [hls-design/ntt-kernel.cpp:110]   --->   Operation 16 'br' 'br_ln110' <Predicate = true> <Delay = 0.00>
ST_1 : Operation 17 [1/1] (0.00ns)   --->   "%zext_ln110 = zext i13 %i_2" [hls-design/ntt-kernel.cpp:110]   --->   Operation 17 'zext' 'zext_ln110' <Predicate = (!icmp_ln110)> <Delay = 0.00>
ST_1 : Operation 18 [1/1] (0.00ns)   --->   "%local_psi_addr = getelementptr i12 %local_psi, i64 0, i64 %zext_ln110" [hls-design/ntt-kernel.cpp:113]   --->   Operation 18 'getelementptr' 'local_psi_addr' <Predicate = (!icmp_ln110)> <Delay = 0.00>
ST_1 : Operation 19 [2/2] (1.23ns)   --->   "%local_psi_load = load i12 %local_psi_addr" [hls-design/ntt-kernel.cpp:113]   --->   Operation 19 'load' 'local_psi_load' <Predicate = (!icmp_ln110)> <Delay = 1.23> <CoreInst = "RAM_2P_BRAM">   --->   Core 94 'RAM_2P_BRAM' <Latency = 1> <II = 1> <Delay = 1.23> <Storage> <Opcode : 'load' 'store'> <Ports = 2> <Width = 12> <Depth = 4096> <RAM>
ST_1 : Operation 20 [1/1] (0.42ns)   --->   "%store_ln110 = store i13 %add_ln110, i13 %i" [hls-design/ntt-kernel.cpp:110]   --->   Operation 20 'store' 'store_ln110' <Predicate = (!icmp_ln110)> <Delay = 0.42>

State 2 <SV = 1> <Delay = 2.47>
ST_2 : Operation 21 [1/2] (1.23ns)   --->   "%local_psi_load = load i12 %local_psi_addr" [hls-design/ntt-kernel.cpp:113]   --->   Operation 21 'load' 'local_psi_load' <Predicate = true> <Delay = 1.23> <CoreInst = "RAM_2P_BRAM">   --->   Core 94 'RAM_2P_BRAM' <Latency = 1> <II = 1> <Delay = 1.23> <Storage> <Opcode : 'load' 'store'> <Ports = 2> <Width = 12> <Depth = 4096> <RAM>
ST_2 : Operation 22 [1/1] (0.00ns)   --->   "%zext_ln113 = zext i12 %local_psi_load" [hls-design/ntt-kernel.cpp:113]   --->   Operation 22 'zext' 'zext_ln113' <Predicate = true> <Delay = 0.00>
ST_2 : Operation 23 [1/1] (0.00ns)   --->   "%burst_buffer_addr = getelementptr i32 %burst_buffer, i64 0, i64 %zext_ln113" [hls-design/ntt-kernel.cpp:113]   --->   Operation 23 'getelementptr' 'burst_buffer_addr' <Predicate = true> <Delay = 0.00>
ST_2 : Operation 24 [2/2] (1.23ns)   --->   "%burst_buffer_load = load i12 %burst_buffer_addr" [hls-design/ntt-kernel.cpp:113]   --->   Operation 24 'load' 'burst_buffer_load' <Predicate = true> <Delay = 1.23> <CoreInst = "RAM">   --->   Core 83 'RAM' <Latency = 1> <II = 1> <Delay = 1.23> <Storage> <Opcode : 'load' 'store'> <Ports = 2> <Width = 32> <Depth = 4096> <RAM>
ST_2 : Operation 32 [1/1] (0.00ns)   --->   "%ret_ln0 = ret"   --->   Operation 32 'ret' 'ret_ln0' <Predicate = (icmp_ln110)> <Delay = 0.00>

State 3 <SV = 2> <Delay = 2.47>
ST_3 : Operation 25 [1/1] (0.00ns)   --->   "%specpipeline_ln111 = specpipeline void @_ssdm_op_SpecPipeline, i32 1, i32 0, i32 0, i32 0, void @empty_22" [hls-design/ntt-kernel.cpp:111]   --->   Operation 25 'specpipeline' 'specpipeline_ln111' <Predicate = true> <Delay = 0.00>
ST_3 : Operation 26 [1/1] (0.00ns)   --->   "%speclooptripcount_ln112 = speclooptripcount void @_ssdm_op_SpecLoopTripCount, i64 256, i64 4096, i64 2176" [hls-design/ntt-kernel.cpp:112]   --->   Operation 26 'speclooptripcount' 'speclooptripcount_ln112' <Predicate = true> <Delay = 0.00>
ST_3 : Operation 27 [1/1] (0.00ns)   --->   "%specloopname_ln110 = specloopname void @_ssdm_op_SpecLoopName, void @empty_23" [hls-design/ntt-kernel.cpp:110]   --->   Operation 27 'specloopname' 'specloopname_ln110' <Predicate = true> <Delay = 0.00>
ST_3 : Operation 28 [1/2] (1.23ns)   --->   "%burst_buffer_load = load i12 %burst_buffer_addr" [hls-design/ntt-kernel.cpp:113]   --->   Operation 28 'load' 'burst_buffer_load' <Predicate = true> <Delay = 1.23> <CoreInst = "RAM">   --->   Core 83 'RAM' <Latency = 1> <II = 1> <Delay = 1.23> <Storage> <Opcode : 'load' 'store'> <Ports = 2> <Width = 32> <Depth = 4096> <RAM>
ST_3 : Operation 29 [1/1] (0.00ns)   --->   "%ping_addr = getelementptr i32 %ping, i64 0, i64 %zext_ln110" [hls-design/ntt-kernel.cpp:113]   --->   Operation 29 'getelementptr' 'ping_addr' <Predicate = true> <Delay = 0.00>
ST_3 : Operation 30 [1/1] (1.23ns)   --->   "%store_ln113 = store i32 %burst_buffer_load, i12 %ping_addr" [hls-design/ntt-kernel.cpp:113]   --->   Operation 30 'store' 'store_ln113' <Predicate = true> <Delay = 1.23> <CoreInst = "RAM_2P_BRAM">   --->   Core 94 'RAM_2P_BRAM' <Latency = 1> <II = 1> <Delay = 1.23> <Storage> <Opcode : 'load' 'store'> <Ports = 2> <Width = 32> <Depth = 4096> <RAM>
ST_3 : Operation 31 [1/1] (0.00ns)   --->   "%br_ln110 = br void %for.inc42" [hls-design/ntt-kernel.cpp:110]   --->   Operation 31 'br' 'br_ln110' <Predicate = true> <Delay = 0.00>


============================================================
+ Verbose Summary: Binding
============================================================
STG Binding: 
---------------- STG Properties BEGIN ----------------
- Is combinational: 0
- Is one-state seq: 0
- Is datapath-only: 0
- Is pipelined: 0
- Is top level: 0
Port [ Return ] is wired: 1; IO mode=ap_ctrl_hs:ce=0
Port [ n]:  wired=1; compound=0; hidden=0; nouse=0; global=0; static=0; extern=0; dir=0; type=0; pingpong=0; private_global=0; IO mode=ap_none:ce=0
Port [ local_psi]:  wired=1; compound=1; hidden=0; nouse=0; global=0; static=0; extern=0; dir=0; type=1; pingpong=0; private_global=0; MemPort=[13]; IO mode=ap_memory:ce=0
Port [ burst_buffer]:  wired=1; compound=1; hidden=0; nouse=0; global=0; static=0; extern=0; dir=0; type=1; pingpong=0; private_global=0; MemPort=[13]; IO mode=ap_memory:ce=0
Port [ ping]:  wired=1; compound=1; hidden=0; nouse=0; global=0; static=0; extern=0; dir=1; type=1; pingpong=0; private_global=0; MemPort=[30]; IO mode=ap_memory:ce=0
---------------- STG Properties END ------------------

---------------- Datapath Model BEGIN ----------------

<LifeTime>
<method=bitvector/>
i                       (alloca           ) [ 0100]
specmemcore_ln0         (specmemcore      ) [ 0000]
specmemcore_ln0         (specmemcore      ) [ 0000]
n_read                  (read             ) [ 0000]
store_ln110             (store            ) [ 0000]
br_ln0                  (br               ) [ 0000]
i_2                     (load             ) [ 0000]
zext_ln110_1            (zext             ) [ 0000]
icmp_ln110              (icmp             ) [ 0110]
add_ln110               (add              ) [ 0000]
br_ln110                (br               ) [ 0000]
zext_ln110              (zext             ) [ 0111]
local_psi_addr          (getelementptr    ) [ 0110]
store_ln110             (store            ) [ 0000]
local_psi_load          (load             ) [ 0000]
zext_ln113              (zext             ) [ 0000]
burst_buffer_addr       (getelementptr    ) [ 0101]
specpipeline_ln111      (specpipeline     ) [ 0000]
speclooptripcount_ln112 (speclooptripcount) [ 0000]
specloopname_ln110      (specloopname     ) [ 0000]
burst_buffer_load       (load             ) [ 0000]
ping_addr               (getelementptr    ) [ 0000]
store_ln113             (store            ) [ 0000]
br_ln110                (br               ) [ 0000]
ret_ln0                 (ret              ) [ 0000]
</LifeTime>

<model>

<comp_list>
<comp id="0" class="1000" name="n">
<pin_list>
<pin id="1" dir="1" index="0" bw="1" slack="0"/>
</pin_list>
<bind>
<StgValue><ssdm name="n"/></StgValue>
</bind>
</comp>

<comp id="2" class="1000" name="local_psi">
<pin_list>
<pin id="3" dir="1" index="0" bw="1" slack="0"/>
</pin_list>
<bind>
<StgValue><ssdm name="local_psi"/><MemPortTyVec>1 3 </MemPortTyVec>
</StgValue>
</bind>
</comp>

<comp id="4" class="1000" name="burst_buffer">
<pin_list>
<pin id="5" dir="1" index="0" bw="1" slack="0"/>
</pin_list>
<bind>
<StgValue><ssdm name="burst_buffer"/><MemPortTyVec>1 3 </MemPortTyVec>
</StgValue>
</bind>
</comp>

<comp id="6" class="1000" name="ping">
<pin_list>
<pin id="7" dir="1" index="0" bw="1" slack="0"/>
</pin_list>
<bind>
<StgValue><ssdm name="ping"/><MemPortTyVec>3 0 </MemPortTyVec>
</StgValue>
</bind>
</comp>

<comp id="8" class="1001" name="const_8">
<pin_list>
<pin id="9" dir="1" index="0" bw="1" slack="0"/>
</pin_list>
<bind>
<StgValue><ssdm name=""/></StgValue>
</bind>
</comp>

<comp id="10" class="1001" name="const_10">
<pin_list>
<pin id="11" dir="1" index="0" bw="1" slack="2147483647"/>
</pin_list>
<bind>
<StgValue><ssdm name="_ssdm_op_SpecMemCore"/></StgValue>
</bind>
</comp>

<comp id="12" class="1001" name="const_12">
<pin_list>
<pin id="13" dir="1" index="0" bw="1" slack="2147483647"/>
</pin_list>
<bind>
<StgValue><ssdm name=""/></StgValue>
</bind>
</comp>

<comp id="14" class="1001" name="const_14">
<pin_list>
<pin id="15" dir="1" index="0" bw="1" slack="2147483647"/>
</pin_list>
<bind>
<StgValue><ssdm name=""/></StgValue>
</bind>
</comp>

<comp id="16" class="1001" name="const_16">
<pin_list>
<pin id="17" dir="1" index="0" bw="1" slack="2147483647"/>
</pin_list>
<bind>
<StgValue><ssdm name=""/></StgValue>
</bind>
</comp>

<comp id="18" class="1001" name="const_18">
<pin_list>
<pin id="19" dir="1" index="0" bw="1" slack="0"/>
</pin_list>
<bind>
<StgValue><ssdm name="_ssdm_op_Read.ap_auto.i31"/></StgValue>
</bind>
</comp>

<comp id="20" class="1001" name="const_20">
<pin_list>
<pin id="21" dir="1" index="0" bw="1" slack="0"/>
</pin_list>
<bind>
<StgValue><ssdm name=""/></StgValue>
</bind>
</comp>

<comp id="22" class="1001" name="const_22">
<pin_list>
<pin id="23" dir="1" index="0" bw="1" slack="0"/>
</pin_list>
<bind>
<StgValue><ssdm name=""/></StgValue>
</bind>
</comp>

<comp id="24" class="1001" name="const_24">
<pin_list>
<pin id="25" dir="1" index="0" bw="1" slack="0"/>
</pin_list>
<bind>
<StgValue><ssdm name=""/></StgValue>
</bind>
</comp>

<comp id="26" class="1001" name="const_26">
<pin_list>
<pin id="27" dir="1" index="0" bw="1" slack="2147483647"/>
</pin_list>
<bind>
<StgValue><ssdm name="_ssdm_op_SpecPipeline"/></StgValue>
</bind>
</comp>

<comp id="28" class="1001" name="const_28">
<pin_list>
<pin id="29" dir="1" index="0" bw="1" slack="2147483647"/>
</pin_list>
<bind>
<StgValue><ssdm name=""/></StgValue>
</bind>
</comp>

<comp id="30" class="1001" name="const_30">
<pin_list>
<pin id="31" dir="1" index="0" bw="1" slack="2147483647"/>
</pin_list>
<bind>
<StgValue><ssdm name="empty_22"/></StgValue>
</bind>
</comp>

<comp id="32" class="1001" name="const_32">
<pin_list>
<pin id="33" dir="1" index="0" bw="1" slack="2147483647"/>
</pin_list>
<bind>
<StgValue><ssdm name="_ssdm_op_SpecLoopTripCount"/></StgValue>
</bind>
</comp>

<comp id="34" class="1001" name="const_34">
<pin_list>
<pin id="35" dir="1" index="0" bw="1" slack="2147483647"/>
</pin_list>
<bind>
<StgValue><ssdm name=""/></StgValue>
</bind>
</comp>

<comp id="36" class="1001" name="const_36">
<pin_list>
<pin id="37" dir="1" index="0" bw="1" slack="2147483647"/>
</pin_list>
<bind>
<StgValue><ssdm name=""/></StgValue>
</bind>
</comp>

<comp id="38" class="1001" name="const_38">
<pin_list>
<pin id="39" dir="1" index="0" bw="1" slack="2147483647"/>
</pin_list>
<bind>
<StgValue><ssdm name=""/></StgValue>
</bind>
</comp>

<comp id="40" class="1001" name="const_40">
<pin_list>
<pin id="41" dir="1" index="0" bw="1" slack="2147483647"/>
</pin_list>
<bind>
<StgValue><ssdm name="_ssdm_op_SpecLoopName"/></StgValue>
</bind>
</comp>

<comp id="42" class="1001" name="const_42">
<pin_list>
<pin id="43" dir="1" index="0" bw="1" slack="2147483647"/>
</pin_list>
<bind>
<StgValue><ssdm name="empty_23"/></StgValue>
</bind>
</comp>

<comp id="44" class="1004" name="i_fu_44">
<pin_list>
<pin id="45" dir="0" index="0" bw="1" slack="0"/>
<pin id="46" dir="1" index="1" bw="13" slack="0"/>
</pin_list>
<bind>
<opcode="alloca(26) " fcode="alloca"/>
<opset="i/1 "/>
</bind>
</comp>

<comp id="48" class="1004" name="n_read_read_fu_48">
<pin_list>
<pin id="49" dir="0" index="0" bw="31" slack="0"/>
<pin id="50" dir="0" index="1" bw="31" slack="0"/>
<pin id="51" dir="1" index="2" bw="31" slack="0"/>
</pin_list>
<bind>
<opcode="read(1150) " fcode="read"/>
<opset="n_read/1 "/>
</bind>
</comp>

<comp id="54" class="1004" name="local_psi_addr_gep_fu_54">
<pin_list>
<pin id="55" dir="0" index="0" bw="12" slack="0"/>
<pin id="56" dir="0" index="1" bw="1" slack="0"/>
<pin id="57" dir="0" index="2" bw="13" slack="0"/>
<pin id="58" dir="1" index="3" bw="12" slack="0"/>
</pin_list>
<bind>
<opcode="getelementptr(29) " fcode="getelementptr"/>
<opset="local_psi_addr/1 "/>
</bind>
</comp>

<comp id="61" class="1004" name="grp_access_fu_61">
<pin_list>
<pin id="62" dir="0" index="0" bw="12" slack="0"/>
<pin id="63" dir="0" index="1" bw="12" slack="2147483647"/>
<pin id="64" dir="0" index="2" bw="0" slack="2147483647"/>
<pin id="65" dir="1" index="3" bw="12" slack="0"/>
</pin_list>
<bind>
<opcode="load(27) " fcode="load"/>
<opset="local_psi_load/1 "/>
</bind>
</comp>

<comp id="67" class="1004" name="burst_buffer_addr_gep_fu_67">
<pin_list>
<pin id="68" dir="0" index="0" bw="32" slack="0"/>
<pin id="69" dir="0" index="1" bw="1" slack="0"/>
<pin id="70" dir="0" index="2" bw="12" slack="0"/>
<pin id="71" dir="1" index="3" bw="12" slack="0"/>
</pin_list>
<bind>
<opcode="getelementptr(29) " fcode="getelementptr"/>
<opset="burst_buffer_addr/2 "/>
</bind>
</comp>

<comp id="74" class="1004" name="grp_access_fu_74">
<pin_list>
<pin id="75" dir="0" index="0" bw="12" slack="0"/>
<pin id="76" dir="0" index="1" bw="32" slack="2147483647"/>
<pin id="77" dir="0" index="2" bw="0" slack="2147483647"/>
<pin id="78" dir="1" index="3" bw="32" slack="0"/>
</pin_list>
<bind>
<opcode="load(27) " fcode="load"/>
<opset="burst_buffer_load/2 "/>
</bind>
</comp>

<comp id="80" class="1004" name="ping_addr_gep_fu_80">
<pin_list>
<pin id="81" dir="0" index="0" bw="32" slack="0"/>
<pin id="82" dir="0" index="1" bw="1" slack="0"/>
<pin id="83" dir="0" index="2" bw="13" slack="2"/>
<pin id="84" dir="1" index="3" bw="12" slack="0"/>
</pin_list>
<bind>
<opcode="getelementptr(29) " fcode="getelementptr"/>
<opset="ping_addr/3 "/>
</bind>
</comp>

<comp id="87" class="1004" name="store_ln113_access_fu_87">
<pin_list>
<pin id="88" dir="0" index="0" bw="12" slack="2147483647"/>
<pin id="89" dir="0" index="1" bw="32" slack="2147483647"/>
<pin id="90" dir="0" index="2" bw="0" slack="0"/>
<pin id="92" dir="0" index="4" bw="12" slack="0"/>
<pin id="93" dir="0" index="5" bw="32" slack="2147483647"/>
<pin id="94" dir="0" index="6" bw="0" slack="2147483647"/>
<pin id="91" dir="1" index="3" bw="32" slack="2147483647"/>
<pin id="95" dir="1" index="7" bw="32" slack="2147483647"/>
</pin_list>
<bind>
<opcode="store(28) " fcode="store"/>
<opset="store_ln113/3 "/>
</bind>
</comp>

<comp id="98" class="1004" name="store_ln110_store_fu_98">
<pin_list>
<pin id="99" dir="0" index="0" bw="1" slack="0"/>
<pin id="100" dir="0" index="1" bw="13" slack="0"/>
<pin id="101" dir="1" index="2" bw="0" slack="2147483647"/>
</pin_list>
<bind>
<opcode="store(28) " fcode="store"/>
<opset="store_ln110/1 "/>
</bind>
</comp>

<comp id="103" class="1004" name="i_2_load_fu_103">
<pin_list>
<pin id="104" dir="0" index="0" bw="13" slack="0"/>
<pin id="105" dir="1" index="1" bw="13" slack="0"/>
</pin_list>
<bind>
<opcode="load(27) " fcode="load"/>
<opset="i_2/1 "/>
</bind>
</comp>

<comp id="106" class="1004" name="zext_ln110_1_fu_106">
<pin_list>
<pin id="107" dir="0" index="0" bw="13" slack="0"/>
<pin id="108" dir="1" index="1" bw="31" slack="0"/>
</pin_list>
<bind>
<opcode="zext(34) " fcode="zext"/>
<opset="zext_ln110_1/1 "/>
</bind>
</comp>

<comp id="110" class="1004" name="icmp_ln110_fu_110">
<pin_list>
<pin id="111" dir="0" index="0" bw="13" slack="0"/>
<pin id="112" dir="0" index="1" bw="31" slack="0"/>
<pin id="113" dir="1" index="2" bw="1" slack="1"/>
</pin_list>
<bind>
<opcode="icmp(45) " fcode="icmp"/>
<opset="icmp_ln110/1 "/>
</bind>
</comp>

<comp id="116" class="1004" name="add_ln110_fu_116">
<pin_list>
<pin id="117" dir="0" index="0" bw="13" slack="0"/>
<pin id="118" dir="0" index="1" bw="1" slack="0"/>
<pin id="119" dir="1" index="2" bw="13" slack="0"/>
</pin_list>
<bind>
<opcode="add(8) " fcode="add"/>
<opset="add_ln110/1 "/>
</bind>
</comp>

<comp id="122" class="1004" name="zext_ln110_fu_122">
<pin_list>
<pin id="123" dir="0" index="0" bw="13" slack="0"/>
<pin id="124" dir="1" index="1" bw="64" slack="0"/>
</pin_list>
<bind>
<opcode="zext(34) " fcode="zext"/>
<opset="zext_ln110/1 "/>
</bind>
</comp>

<comp id="127" class="1004" name="store_ln110_store_fu_127">
<pin_list>
<pin id="128" dir="0" index="0" bw="13" slack="0"/>
<pin id="129" dir="0" index="1" bw="13" slack="0"/>
<pin id="130" dir="1" index="2" bw="0" slack="2147483647"/>
</pin_list>
<bind>
<opcode="store(28) " fcode="store"/>
<opset="store_ln110/1 "/>
</bind>
</comp>

<comp id="132" class="1004" name="zext_ln113_fu_132">
<pin_list>
<pin id="133" dir="0" index="0" bw="12" slack="0"/>
<pin id="134" dir="1" index="1" bw="64" slack="0"/>
</pin_list>
<bind>
<opcode="zext(34) " fcode="zext"/>
<opset="zext_ln113/2 "/>
</bind>
</comp>

<comp id="137" class="1005" name="i_reg_137">
<pin_list>
<pin id="138" dir="0" index="0" bw="13" slack="0"/>
<pin id="139" dir="1" index="1" bw="13" slack="0"/>
</pin_list>
<bind>
<opset="i "/>
</bind>
</comp>

<comp id="144" class="1005" name="icmp_ln110_reg_144">
<pin_list>
<pin id="145" dir="0" index="0" bw="1" slack="1"/>
<pin id="146" dir="1" index="1" bw="1" slack="2147483647"/>
</pin_list>
<bind>
<opset="icmp_ln110 "/>
</bind>
</comp>

<comp id="148" class="1005" name="zext_ln110_reg_148">
<pin_list>
<pin id="149" dir="0" index="0" bw="64" slack="2"/>
<pin id="150" dir="1" index="1" bw="64" slack="2"/>
</pin_list>
<bind>
<opset="zext_ln110 "/>
</bind>
</comp>

<comp id="153" class="1005" name="local_psi_addr_reg_153">
<pin_list>
<pin id="154" dir="0" index="0" bw="12" slack="1"/>
<pin id="155" dir="1" index="1" bw="12" slack="1"/>
</pin_list>
<bind>
<opset="local_psi_addr "/>
</bind>
</comp>

<comp id="158" class="1005" name="burst_buffer_addr_reg_158">
<pin_list>
<pin id="159" dir="0" index="0" bw="12" slack="1"/>
<pin id="160" dir="1" index="1" bw="12" slack="1"/>
</pin_list>
<bind>
<opset="burst_buffer_addr "/>
</bind>
</comp>

</comp_list>

<net_list>
<net id="47"><net_src comp="8" pin="0"/><net_sink comp="44" pin=0"/></net>

<net id="52"><net_src comp="18" pin="0"/><net_sink comp="48" pin=0"/></net>

<net id="53"><net_src comp="0" pin="0"/><net_sink comp="48" pin=1"/></net>

<net id="59"><net_src comp="2" pin="0"/><net_sink comp="54" pin=0"/></net>

<net id="60"><net_src comp="24" pin="0"/><net_sink comp="54" pin=1"/></net>

<net id="66"><net_src comp="54" pin="3"/><net_sink comp="61" pin=0"/></net>

<net id="72"><net_src comp="4" pin="0"/><net_sink comp="67" pin=0"/></net>

<net id="73"><net_src comp="24" pin="0"/><net_sink comp="67" pin=1"/></net>

<net id="79"><net_src comp="67" pin="3"/><net_sink comp="74" pin=0"/></net>

<net id="85"><net_src comp="6" pin="0"/><net_sink comp="80" pin=0"/></net>

<net id="86"><net_src comp="24" pin="0"/><net_sink comp="80" pin=1"/></net>

<net id="96"><net_src comp="74" pin="3"/><net_sink comp="87" pin=4"/></net>

<net id="97"><net_src comp="80" pin="3"/><net_sink comp="87" pin=2"/></net>

<net id="102"><net_src comp="20" pin="0"/><net_sink comp="98" pin=0"/></net>

<net id="109"><net_src comp="103" pin="1"/><net_sink comp="106" pin=0"/></net>

<net id="114"><net_src comp="106" pin="1"/><net_sink comp="110" pin=0"/></net>

<net id="115"><net_src comp="48" pin="2"/><net_sink comp="110" pin=1"/></net>

<net id="120"><net_src comp="103" pin="1"/><net_sink comp="116" pin=0"/></net>

<net id="121"><net_src comp="22" pin="0"/><net_sink comp="116" pin=1"/></net>

<net id="125"><net_src comp="103" pin="1"/><net_sink comp="122" pin=0"/></net>

<net id="126"><net_src comp="122" pin="1"/><net_sink comp="54" pin=2"/></net>

<net id="131"><net_src comp="116" pin="2"/><net_sink comp="127" pin=0"/></net>

<net id="135"><net_src comp="61" pin="3"/><net_sink comp="132" pin=0"/></net>

<net id="136"><net_src comp="132" pin="1"/><net_sink comp="67" pin=2"/></net>

<net id="140"><net_src comp="44" pin="1"/><net_sink comp="137" pin=0"/></net>

<net id="141"><net_src comp="137" pin="1"/><net_sink comp="98" pin=1"/></net>

<net id="142"><net_src comp="137" pin="1"/><net_sink comp="103" pin=0"/></net>

<net id="143"><net_src comp="137" pin="1"/><net_sink comp="127" pin=1"/></net>

<net id="147"><net_src comp="110" pin="2"/><net_sink comp="144" pin=0"/></net>

<net id="151"><net_src comp="122" pin="1"/><net_sink comp="148" pin=0"/></net>

<net id="152"><net_src comp="148" pin="1"/><net_sink comp="80" pin=2"/></net>

<net id="156"><net_src comp="54" pin="3"/><net_sink comp="153" pin=0"/></net>

<net id="157"><net_src comp="153" pin="1"/><net_sink comp="61" pin=0"/></net>

<net id="161"><net_src comp="67" pin="3"/><net_sink comp="158" pin=0"/></net>

<net id="162"><net_src comp="158" pin="1"/><net_sink comp="74" pin=0"/></net>

</net_list>

</model> 
---------------- Datapath Model END ------------------

* FSMD analyzer results:
  - Output states:
	Port: ping | {3 }
 - Input state : 
	Port: ntt_kernel_Pipeline_PERMUTE_LOOP : n | {1 }
	Port: ntt_kernel_Pipeline_PERMUTE_LOOP : local_psi | {1 2 }
	Port: ntt_kernel_Pipeline_PERMUTE_LOOP : burst_buffer | {2 3 }
  - Chain level:
	State 1
		store_ln110 : 1
		i_2 : 1
		zext_ln110_1 : 2
		icmp_ln110 : 3
		add_ln110 : 2
		br_ln110 : 4
		zext_ln110 : 2
		local_psi_addr : 3
		local_psi_load : 4
		store_ln110 : 3
	State 2
		zext_ln113 : 1
		burst_buffer_addr : 2
		burst_buffer_load : 3
	State 3
		store_ln113 : 1


============================================================
+ Verbose Summary: Datapath Resource usage 
============================================================

* Functional unit list:
|----------|---------------------|---------|---------|
| Operation|   Functional Unit   |    FF   |   LUT   |
|----------|---------------------|---------|---------|
|   icmp   |  icmp_ln110_fu_110  |    0    |    38   |
|----------|---------------------|---------|---------|
|    add   |   add_ln110_fu_116  |    0    |    20   |
|----------|---------------------|---------|---------|
|   read   |  n_read_read_fu_48  |    0    |    0    |
|----------|---------------------|---------|---------|
|          | zext_ln110_1_fu_106 |    0    |    0    |
|   zext   |  zext_ln110_fu_122  |    0    |    0    |
|          |  zext_ln113_fu_132  |    0    |    0    |
|----------|---------------------|---------|---------|
|   Total  |                     |    0    |    58   |
|----------|---------------------|---------|---------|

Memories:
N/A

* Register list:
+-------------------------+--------+
|                         |   FF   |
+-------------------------+--------+
|burst_buffer_addr_reg_158|   12   |
|        i_reg_137        |   13   |
|    icmp_ln110_reg_144   |    1   |
|  local_psi_addr_reg_153 |   12   |
|    zext_ln110_reg_148   |   64   |
+-------------------------+--------+
|          Total          |   102  |
+-------------------------+--------+

* Multiplexer (MUX) list: 
|------------------|------|------|------|--------||---------||---------|
|       Comp       |  Pin | Size |  BW  | S x BW ||  Delay  ||   LUT   |
|------------------|------|------|------|--------||---------||---------|
| grp_access_fu_61 |  p0  |   2  |  12  |   24   ||    9    |
| grp_access_fu_74 |  p0  |   2  |  12  |   24   ||    9    |
|------------------|------|------|------|--------||---------||---------|
|       Total      |      |      |      |   48   ||  0.854  ||    18   |
|------------------|------|------|------|--------||---------||---------|



* Summary:
+-----------+--------+--------+--------+
|           |  Delay |   FF   |   LUT  |
+-----------+--------+--------+--------+
|  Function |    -   |    0   |   58   |
|   Memory  |    -   |    -   |    -   |
|Multiplexer|    0   |    -   |   18   |
|  Register |    -   |   102  |    -   |
+-----------+--------+--------+--------+
|   Total   |    0   |   102  |   76   |
+-----------+--------+--------+--------+
