

================================================================
== Vitis HLS Report for 'ntt_kernel_Pipeline_BURST_READ_LOOP'
================================================================
* Date:           Thu Jun  4 11:24:41 2026

* Version:        2023.2 (Build 4023990 on Oct 11 2023)
* Project:        hls-design
* Solution:       ntt-asic (Vivado IP Flow Target)
* Product family: zynquplus
* Target device:  xck26-sfvc784-2LV-c


================================================================
== Performance Estimates
================================================================
+ Timing: 
    * Summary: 
    +--------+----------+----------+------------+
    |  Clock |  Target  | Estimated| Uncertainty|
    +--------+----------+----------+------------+
    |ap_clk  |  10.00 ns|  7.300 ns|     2.70 ns|
    +--------+----------+----------+------------+

+ Latency: 
    * Summary: 
    +---------+---------+----------+-----------+-----+------+---------+
    |  Latency (cycles) |  Latency (absolute)  |  Interval  | Pipeline|
    |   min   |   max   |    min   |    max    | min |  max |   Type  |
    +---------+---------+----------+-----------+-----+------+---------+
    |      259|     4099|  2.590 us|  40.990 us|  259|  4099|       no|
    +---------+---------+----------+-----------+-----+------+---------+

    + Detail: 
        * Instance: 
        N/A

        * Loop: 
        +-------------------+---------+---------+----------+-----------+-----------+------------+----------+
        |                   |  Latency (cycles) | Iteration|  Initiation Interval  |    Trip    |          |
        |     Loop Name     |   min   |   max   |  Latency |  achieved |   target  |    Count   | Pipelined|
        +-------------------+---------+---------+----------+-----------+-----------+------------+----------+
        |- BURST_READ_LOOP  |      257|     4097|         3|          1|          1|  256 ~ 4096|       yes|
        +-------------------+---------+---------+----------+-----------+-----------+------------+----------+



================================================================
== Utilization Estimates
================================================================
* Summary: 
+-----------------+---------+------+--------+--------+-----+
|       Name      | BRAM_18K|  DSP |   FF   |   LUT  | URAM|
+-----------------+---------+------+--------+--------+-----+
|DSP              |        -|     -|       -|       -|    -|
|Expression       |        -|     -|       0|      62|    -|
|FIFO             |        -|     -|       -|       -|    -|
|Instance         |        -|     -|       -|       -|    -|
|Memory           |        -|     -|       -|       -|    -|
|Multiplexer      |        -|     -|       -|      45|    -|
|Register         |        -|     -|      76|       -|    -|
+-----------------+---------+------+--------+--------+-----+
|Total            |        0|     0|      76|     107|    0|
+-----------------+---------+------+--------+--------+-----+
|Available        |      288|  1248|  234240|  117120|   64|
+-----------------+---------+------+--------+--------+-----+
|Utilization (%)  |        0|     0|      ~0|      ~0|    0|
+-----------------+---------+------+--------+--------+-----+

+ Detail: 
    * Instance: 
    N/A

    * DSP: 
    N/A

    * Memory: 
    N/A

    * FIFO: 
    N/A

    * Expression: 
    +---------------------------+----------+----+---+----+------------+------------+
    |       Variable Name       | Operation| DSP| FF| LUT| Bitwidth P0| Bitwidth P1|
    +---------------------------+----------+----+---+----+------------+------------+
    |add_ln106_fu_112_p2        |         +|   0|  0|  20|          13|           1|
    |ap_block_pp0_stage0_11001  |       and|   0|  0|   2|           1|           1|
    |icmp_ln106_fu_106_p2       |      icmp|   0|  0|  38|          31|          31|
    |ap_enable_pp0              |       xor|   0|  0|   2|           1|           2|
    +---------------------------+----------+----+---+----+------------+------------+
    |Total                      |          |   0|  0|  62|          46|          35|
    +---------------------------+----------+----+---+----+------------+------------+

    * Multiplexer: 
    +-------------------------+----+-----------+-----+-----------+
    |           Name          | LUT| Input Size| Bits| Total Bits|
    +-------------------------+----+-----------+-----+-----------+
    |ap_done_int              |   9|          2|    1|          2|
    |ap_enable_reg_pp0_iter1  |   9|          2|    1|          2|
    |ap_sig_allocacmp_i       |   9|          2|   13|         26|
    |gmem0_blk_n_R            |   9|          2|    1|          2|
    |i_2_fu_56                |   9|          2|   13|         26|
    +-------------------------+----+-----------+-----+-----------+
    |Total                    |  45|         10|   29|         58|
    +-------------------------+----+-----------+-----+-----------+

    * Register: 
    +----------------------------------+----+----+-----+-----------+
    |               Name               | FF | LUT| Bits| Const Bits|
    +----------------------------------+----+----+-----+-----------+
    |ap_CS_fsm                         |   1|   0|    1|          0|
    |ap_done_reg                       |   1|   0|    1|          0|
    |ap_enable_reg_pp0_iter1           |   1|   0|    1|          0|
    |ap_enable_reg_pp0_iter2           |   1|   0|    1|          0|
    |ap_loop_exit_ready_pp0_iter1_reg  |   1|   0|    1|          0|
    |gmem0_addr_read_reg_154           |  32|   0|   32|          0|
    |i_2_fu_56                         |  13|   0|   13|          0|
    |i_reg_145                         |  13|   0|   13|          0|
    |i_reg_145_pp0_iter1_reg           |  13|   0|   13|          0|
    +----------------------------------+----+----+-----+-----------+
    |Total                             |  76|   0|   76|          0|
    +----------------------------------+----+----+-----+-----------+



================================================================
== Interface
================================================================
* Summary: 
+-----------------------+-----+-----+------------+-------------------------------------+--------------+
|       RTL Ports       | Dir | Bits|  Protocol  |            Source Object            |    C Type    |
+-----------------------+-----+-----+------------+-------------------------------------+--------------+
|ap_clk                 |   in|    1|  ap_ctrl_hs|  ntt_kernel_Pipeline_BURST_READ_LOOP|  return value|
|ap_rst                 |   in|    1|  ap_ctrl_hs|  ntt_kernel_Pipeline_BURST_READ_LOOP|  return value|
|ap_start               |   in|    1|  ap_ctrl_hs|  ntt_kernel_Pipeline_BURST_READ_LOOP|  return value|
|ap_done                |  out|    1|  ap_ctrl_hs|  ntt_kernel_Pipeline_BURST_READ_LOOP|  return value|
|ap_idle                |  out|    1|  ap_ctrl_hs|  ntt_kernel_Pipeline_BURST_READ_LOOP|  return value|
|ap_ready               |  out|    1|  ap_ctrl_hs|  ntt_kernel_Pipeline_BURST_READ_LOOP|  return value|
|m_axi_gmem0_AWVALID    |  out|    1|       m_axi|                                gmem0|       pointer|
|m_axi_gmem0_AWREADY    |   in|    1|       m_axi|                                gmem0|       pointer|
|m_axi_gmem0_AWADDR     |  out|   64|       m_axi|                                gmem0|       pointer|
|m_axi_gmem0_AWID       |  out|    1|       m_axi|                                gmem0|       pointer|
|m_axi_gmem0_AWLEN      |  out|   32|       m_axi|                                gmem0|       pointer|
|m_axi_gmem0_AWSIZE     |  out|    3|       m_axi|                                gmem0|       pointer|
|m_axi_gmem0_AWBURST    |  out|    2|       m_axi|                                gmem0|       pointer|
|m_axi_gmem0_AWLOCK     |  out|    2|       m_axi|                                gmem0|       pointer|
|m_axi_gmem0_AWCACHE    |  out|    4|       m_axi|                                gmem0|       pointer|
|m_axi_gmem0_AWPROT     |  out|    3|       m_axi|                                gmem0|       pointer|
|m_axi_gmem0_AWQOS      |  out|    4|       m_axi|                                gmem0|       pointer|
|m_axi_gmem0_AWREGION   |  out|    4|       m_axi|                                gmem0|       pointer|
|m_axi_gmem0_AWUSER     |  out|    1|       m_axi|                                gmem0|       pointer|
|m_axi_gmem0_WVALID     |  out|    1|       m_axi|                                gmem0|       pointer|
|m_axi_gmem0_WREADY     |   in|    1|       m_axi|                                gmem0|       pointer|
|m_axi_gmem0_WDATA      |  out|   32|       m_axi|                                gmem0|       pointer|
|m_axi_gmem0_WSTRB      |  out|    4|       m_axi|                                gmem0|       pointer|
|m_axi_gmem0_WLAST      |  out|    1|       m_axi|                                gmem0|       pointer|
|m_axi_gmem0_WID        |  out|    1|       m_axi|                                gmem0|       pointer|
|m_axi_gmem0_WUSER      |  out|    1|       m_axi|                                gmem0|       pointer|
|m_axi_gmem0_ARVALID    |  out|    1|       m_axi|                                gmem0|       pointer|
|m_axi_gmem0_ARREADY    |   in|    1|       m_axi|                                gmem0|       pointer|
|m_axi_gmem0_ARADDR     |  out|   64|       m_axi|                                gmem0|       pointer|
|m_axi_gmem0_ARID       |  out|    1|       m_axi|                                gmem0|       pointer|
|m_axi_gmem0_ARLEN      |  out|   32|       m_axi|                                gmem0|       pointer|
|m_axi_gmem0_ARSIZE     |  out|    3|       m_axi|                                gmem0|       pointer|
|m_axi_gmem0_ARBURST    |  out|    2|       m_axi|                                gmem0|       pointer|
|m_axi_gmem0_ARLOCK     |  out|    2|       m_axi|                                gmem0|       pointer|
|m_axi_gmem0_ARCACHE    |  out|    4|       m_axi|                                gmem0|       pointer|
|m_axi_gmem0_ARPROT     |  out|    3|       m_axi|                                gmem0|       pointer|
|m_axi_gmem0_ARQOS      |  out|    4|       m_axi|                                gmem0|       pointer|
|m_axi_gmem0_ARREGION   |  out|    4|       m_axi|                                gmem0|       pointer|
|m_axi_gmem0_ARUSER     |  out|    1|       m_axi|                                gmem0|       pointer|
|m_axi_gmem0_RVALID     |   in|    1|       m_axi|                                gmem0|       pointer|
|m_axi_gmem0_RREADY     |  out|    1|       m_axi|                                gmem0|       pointer|
|m_axi_gmem0_RDATA      |   in|   32|       m_axi|                                gmem0|       pointer|
|m_axi_gmem0_RLAST      |   in|    1|       m_axi|                                gmem0|       pointer|
|m_axi_gmem0_RID        |   in|    1|       m_axi|                                gmem0|       pointer|
|m_axi_gmem0_RFIFONUM   |   in|    9|       m_axi|                                gmem0|       pointer|
|m_axi_gmem0_RUSER      |   in|    1|       m_axi|                                gmem0|       pointer|
|m_axi_gmem0_RRESP      |   in|    2|       m_axi|                                gmem0|       pointer|
|m_axi_gmem0_BVALID     |   in|    1|       m_axi|                                gmem0|       pointer|
|m_axi_gmem0_BREADY     |  out|    1|       m_axi|                                gmem0|       pointer|
|m_axi_gmem0_BRESP      |   in|    2|       m_axi|                                gmem0|       pointer|
|m_axi_gmem0_BID        |   in|    1|       m_axi|                                gmem0|       pointer|
|m_axi_gmem0_BUSER      |   in|    1|       m_axi|                                gmem0|       pointer|
|n                      |   in|   31|     ap_none|                                    n|        scalar|
|sext_ln106             |   in|   62|     ap_none|                           sext_ln106|        scalar|
|burst_buffer_address0  |  out|   12|   ap_memory|                         burst_buffer|         array|
|burst_buffer_ce0       |  out|    1|   ap_memory|                         burst_buffer|         array|
|burst_buffer_we0       |  out|    1|   ap_memory|                         burst_buffer|         array|
|burst_buffer_d0        |  out|   32|   ap_memory|                         burst_buffer|         array|
+-----------------------+-----+-----+------------+-------------------------------------+--------------+

============================================================
+ Verbose Summary: Synthesis Manager
============================================================
InlineROM: 1
ExposeGlobal: 0
============================================================
+ Verbose Summary: CDFG Model
============================================================
IsTopModel: 0
ResetActiveHigh: 1
IsCombinational: 2
IsDatapathOnly: 2
HasWiredReturn: 1
HasMFsm: 2
HasVarLatency: 1
IsPipeline: 0
IsRtlPipelined: 0
IsInstanceOverlapped: 0
IsDontTouch: 0
HasImplIP: 0
IsGatedGlobalClock: 0

+ Individual pipeline summary: 
  * Pipeline-0: initiation interval (II) = 1, depth = 3


============================================================
+ Verbose Summary: Schedule
============================================================
* Number of FSM states : 3
* Pipeline : 1
  Pipeline-0 : II = 1, D = 3, States = { 1 2 3 }
* Dataflow Pipeline: 0

* FSM state transitions: 
1 --> 2 
2 --> 3 
3 --> 

* FSM state operations: 

State 1 <SV = 0> <Delay = 1.85>
ST_1 : Operation 6 [1/1] (0.00ns)   --->   "%i_2 = alloca i32 1" [hls-design/ntt-kernel.cpp:106]   --->   Operation 6 'alloca' 'i_2' <Predicate = true> <Delay = 0.00>
ST_1 : Operation 7 [1/1] (0.00ns)   --->   "%sext_ln106_read = read i62 @_ssdm_op_Read.ap_auto.i62, i62 %sext_ln106"   --->   Operation 7 'read' 'sext_ln106_read' <Predicate = true> <Delay = 0.00>
ST_1 : Operation 8 [1/1] (0.00ns)   --->   "%n_read = read i31 @_ssdm_op_Read.ap_auto.i31, i31 %n"   --->   Operation 8 'read' 'n_read' <Predicate = true> <Delay = 0.00>
ST_1 : Operation 9 [1/1] (0.00ns)   --->   "%sext_ln106_cast = sext i62 %sext_ln106_read"   --->   Operation 9 'sext' 'sext_ln106_cast' <Predicate = true> <Delay = 0.00>
ST_1 : Operation 10 [1/1] (0.00ns)   --->   "%specinterface_ln0 = specinterface void @_ssdm_op_SpecInterface, i32 %gmem0, void @empty_13, i32 0, i32 0, void @empty_14, i32 0, i32 65536, void @empty_15, void @empty_16, void @empty_14, i32 16, i32 16, i32 16, i32 16, void @empty_14, void @empty_14, i32 4294967295, i32 0"   --->   Operation 10 'specinterface' 'specinterface_ln0' <Predicate = true> <Delay = 0.00>
ST_1 : Operation 11 [1/1] (0.42ns)   --->   "%store_ln106 = store i13 0, i13 %i_2" [hls-design/ntt-kernel.cpp:106]   --->   Operation 11 'store' 'store_ln106' <Predicate = true> <Delay = 0.42>
ST_1 : Operation 12 [1/1] (0.00ns)   --->   "%br_ln0 = br void %for.inc28"   --->   Operation 12 'br' 'br_ln0' <Predicate = true> <Delay = 0.00>
ST_1 : Operation 13 [1/1] (0.00ns)   --->   "%i = load i13 %i_2" [hls-design/ntt-kernel.cpp:106]   --->   Operation 13 'load' 'i' <Predicate = true> <Delay = 0.00>
ST_1 : Operation 14 [1/1] (0.00ns)   --->   "%specbitsmap_ln0 = specbitsmap void @_ssdm_op_SpecBitsMap, i32 %gmem0"   --->   Operation 14 'specbitsmap' 'specbitsmap_ln0' <Predicate = true> <Delay = 0.00>
ST_1 : Operation 15 [1/1] (0.00ns)   --->   "%zext_ln106_1 = zext i13 %i" [hls-design/ntt-kernel.cpp:106]   --->   Operation 15 'zext' 'zext_ln106_1' <Predicate = true> <Delay = 0.00>
ST_1 : Operation 16 [1/1] (1.00ns)   --->   "%icmp_ln106 = icmp_eq  i31 %zext_ln106_1, i31 %n_read" [hls-design/ntt-kernel.cpp:106]   --->   Operation 16 'icmp' 'icmp_ln106' <Predicate = true> <Delay = 1.00> <CoreInst = "Cmp">   --->   Core 9 'Cmp' <Latency = 0> <II = 1> <Delay = 1.00> <FuncUnit> <Opcode : 'icmp'> <InPorts = 2> <OutPorts = 1>
ST_1 : Operation 17 [1/1] (0.82ns)   --->   "%add_ln106 = add i13 %i, i13 1" [hls-design/ntt-kernel.cpp:106]   --->   Operation 17 'add' 'add_ln106' <Predicate = true> <Delay = 0.82> <CoreInst = "Adder">   --->   Core 1 'Adder' <Latency = 0> <II = 1> <Delay = 0.82> <FuncUnit> <Opcode : 'add' 'sub'> <InPorts = 2> <OutPorts = 1>
ST_1 : Operation 18 [1/1] (0.00ns)   --->   "%br_ln106 = br i1 %icmp_ln106, void %for.inc28.split, void %for.inc42.preheader.exitStub" [hls-design/ntt-kernel.cpp:106]   --->   Operation 18 'br' 'br_ln106' <Predicate = true> <Delay = 0.00>
ST_1 : Operation 19 [1/1] (0.42ns)   --->   "%store_ln106 = store i13 %add_ln106, i13 %i_2" [hls-design/ntt-kernel.cpp:106]   --->   Operation 19 'store' 'store_ln106' <Predicate = (!icmp_ln106)> <Delay = 0.42>

State 2 <SV = 1> <Delay = 7.30>
ST_2 : Operation 20 [1/1] (0.00ns)   --->   "%gmem0_addr = getelementptr i32 %gmem0, i64 %sext_ln106_cast" [hls-design/ntt-kernel.cpp:106]   --->   Operation 20 'getelementptr' 'gmem0_addr' <Predicate = true> <Delay = 0.00>
ST_2 : Operation 21 [1/1] (7.30ns)   --->   "%gmem0_addr_read = read i32 @_ssdm_op_Read.m_axi.p1i32, i64 %gmem0_addr" [hls-design/ntt-kernel.cpp:109]   --->   Operation 21 'read' 'gmem0_addr_read' <Predicate = true> <Delay = 7.30> <CoreInst = "m_axi">   --->   Core 121 'm_axi' <Latency = 0> <II = 1> <Delay = 1.00> <Adapter> <Opcode : 'read' 'write' 'readreq' 'writereq' 'writeresp'>
ST_2 : Operation 29 [1/1] (0.00ns)   --->   "%ret_ln0 = ret"   --->   Operation 29 'ret' 'ret_ln0' <Predicate = (icmp_ln106)> <Delay = 0.00>

State 3 <SV = 2> <Delay = 1.23>
ST_3 : Operation 22 [1/1] (0.00ns)   --->   "%zext_ln106 = zext i13 %i" [hls-design/ntt-kernel.cpp:106]   --->   Operation 22 'zext' 'zext_ln106' <Predicate = true> <Delay = 0.00>
ST_3 : Operation 23 [1/1] (0.00ns)   --->   "%specpipeline_ln107 = specpipeline void @_ssdm_op_SpecPipeline, i32 1, i32 0, i32 0, i32 0, void @empty_14" [hls-design/ntt-kernel.cpp:107]   --->   Operation 23 'specpipeline' 'specpipeline_ln107' <Predicate = true> <Delay = 0.00>
ST_3 : Operation 24 [1/1] (0.00ns)   --->   "%speclooptripcount_ln108 = speclooptripcount void @_ssdm_op_SpecLoopTripCount, i64 256, i64 4096, i64 2176" [hls-design/ntt-kernel.cpp:108]   --->   Operation 24 'speclooptripcount' 'speclooptripcount_ln108' <Predicate = true> <Delay = 0.00>
ST_3 : Operation 25 [1/1] (0.00ns)   --->   "%specloopname_ln106 = specloopname void @_ssdm_op_SpecLoopName, void @empty_32" [hls-design/ntt-kernel.cpp:106]   --->   Operation 25 'specloopname' 'specloopname_ln106' <Predicate = true> <Delay = 0.00>
ST_3 : Operation 26 [1/1] (0.00ns)   --->   "%burst_buffer_addr = getelementptr i32 %burst_buffer, i64 0, i64 %zext_ln106" [hls-design/ntt-kernel.cpp:109]   --->   Operation 26 'getelementptr' 'burst_buffer_addr' <Predicate = true> <Delay = 0.00>
ST_3 : Operation 27 [1/1] (1.23ns)   --->   "%store_ln109 = store i32 %gmem0_addr_read, i12 %burst_buffer_addr" [hls-design/ntt-kernel.cpp:109]   --->   Operation 27 'store' 'store_ln109' <Predicate = true> <Delay = 1.23> <CoreInst = "RAM">   --->   Core 83 'RAM' <Latency = 1> <II = 1> <Delay = 1.23> <Storage> <Opcode : 'load' 'store'> <Ports = 2> <Width = 32> <Depth = 4096> <RAM>
ST_3 : Operation 28 [1/1] (0.00ns)   --->   "%br_ln106 = br void %for.inc28" [hls-design/ntt-kernel.cpp:106]   --->   Operation 28 'br' 'br_ln106' <Predicate = true> <Delay = 0.00>


============================================================
+ Verbose Summary: Binding
============================================================
STG Binding: 
---------------- STG Properties BEGIN ----------------
- Is combinational: 0
- Is one-state seq: 0
- Is datapath-only: 0
- Is pipelined: 0
- Is top level: 0
Port [ Return ] is wired: 1; IO mode=ap_ctrl_hs:ce=0
Port [ gmem0]:  wired=1; compound=1; hidden=0; nouse=0; global=0; static=0; extern=0; dir=0; type=4; pingpong=0; private_global=0; IO mode=m_axi:ce=0
Port [ n]:  wired=1; compound=0; hidden=0; nouse=0; global=0; static=0; extern=0; dir=0; type=0; pingpong=0; private_global=0; IO mode=ap_none:ce=0
Port [ sext_ln106]:  wired=1; compound=0; hidden=0; nouse=0; global=0; static=0; extern=0; dir=0; type=0; pingpong=0; private_global=0; IO mode=ap_none:ce=0
Port [ burst_buffer]:  wired=1; compound=1; hidden=0; nouse=0; global=0; static=0; extern=0; dir=1; type=1; pingpong=0; private_global=0; MemPort=[03]; IO mode=ap_memory:ce=0
---------------- STG Properties END ------------------

---------------- Datapath Model BEGIN ----------------

<LifeTime>
<method=bitvector/>
i_2                     (alloca           ) [ 0100]
sext_ln106_read         (read             ) [ 0000]
n_read                  (read             ) [ 0000]
sext_ln106_cast         (sext             ) [ 0110]
specinterface_ln0       (specinterface    ) [ 0000]
store_ln106             (store            ) [ 0000]
br_ln0                  (br               ) [ 0000]
i                       (load             ) [ 0111]
specbitsmap_ln0         (specbitsmap      ) [ 0000]
zext_ln106_1            (zext             ) [ 0000]
icmp_ln106              (icmp             ) [ 0110]
add_ln106               (add              ) [ 0000]
br_ln106                (br               ) [ 0000]
store_ln106             (store            ) [ 0000]
gmem0_addr              (getelementptr    ) [ 0000]
gmem0_addr_read         (read             ) [ 0101]
zext_ln106              (zext             ) [ 0000]
specpipeline_ln107      (specpipeline     ) [ 0000]
speclooptripcount_ln108 (speclooptripcount) [ 0000]
specloopname_ln106      (specloopname     ) [ 0000]
burst_buffer_addr       (getelementptr    ) [ 0000]
store_ln109             (store            ) [ 0000]
br_ln106                (br               ) [ 0000]
ret_ln0                 (ret              ) [ 0000]
</LifeTime>

<model>

<comp_list>
<comp id="0" class="1000" name="gmem0">
<pin_list>
<pin id="1" dir="1" index="0" bw="1" slack="0"/>
</pin_list>
<bind>
<StgValue><ssdm name="gmem0"/></StgValue>
</bind>
</comp>

<comp id="2" class="1000" name="n">
<pin_list>
<pin id="3" dir="1" index="0" bw="1" slack="0"/>
</pin_list>
<bind>
<StgValue><ssdm name="n"/></StgValue>
</bind>
</comp>

<comp id="4" class="1000" name="sext_ln106">
<pin_list>
<pin id="5" dir="1" index="0" bw="1" slack="0"/>
</pin_list>
<bind>
<StgValue><ssdm name="sext_ln106"/></StgValue>
</bind>
</comp>

<comp id="6" class="1000" name="burst_buffer">
<pin_list>
<pin id="7" dir="1" index="0" bw="1" slack="0"/>
</pin_list>
<bind>
<StgValue><ssdm name="burst_buffer"/><MemPortTyVec>0 3 </MemPortTyVec>
</StgValue>
</bind>
</comp>

<comp id="8" class="1001" name="const_8">
<pin_list>
<pin id="9" dir="1" index="0" bw="1" slack="0"/>
</pin_list>
<bind>
<StgValue><ssdm name=""/></StgValue>
</bind>
</comp>

<comp id="10" class="1001" name="const_10">
<pin_list>
<pin id="11" dir="1" index="0" bw="1" slack="0"/>
</pin_list>
<bind>
<StgValue><ssdm name="_ssdm_op_Read.ap_auto.i62"/></StgValue>
</bind>
</comp>

<comp id="12" class="1001" name="const_12">
<pin_list>
<pin id="13" dir="1" index="0" bw="1" slack="0"/>
</pin_list>
<bind>
<StgValue><ssdm name="_ssdm_op_Read.ap_auto.i31"/></StgValue>
</bind>
</comp>

<comp id="14" class="1001" name="const_14">
<pin_list>
<pin id="15" dir="1" index="0" bw="1" slack="2147483647"/>
</pin_list>
<bind>
<StgValue><ssdm name="_ssdm_op_SpecInterface"/></StgValue>
</bind>
</comp>

<comp id="16" class="1001" name="const_16">
<pin_list>
<pin id="17" dir="1" index="0" bw="1" slack="2147483647"/>
</pin_list>
<bind>
<StgValue><ssdm name="empty_13"/></StgValue>
</bind>
</comp>

<comp id="18" class="1001" name="const_18">
<pin_list>
<pin id="19" dir="1" index="0" bw="1" slack="2147483647"/>
</pin_list>
<bind>
<StgValue><ssdm name=""/></StgValue>
</bind>
</comp>

<comp id="20" class="1001" name="const_20">
<pin_list>
<pin id="21" dir="1" index="0" bw="1" slack="2147483647"/>
</pin_list>
<bind>
<StgValue><ssdm name="empty_14"/></StgValue>
</bind>
</comp>

<comp id="22" class="1001" name="const_22">
<pin_list>
<pin id="23" dir="1" index="0" bw="1" slack="2147483647"/>
</pin_list>
<bind>
<StgValue><ssdm name=""/></StgValue>
</bind>
</comp>

<comp id="24" class="1001" name="const_24">
<pin_list>
<pin id="25" dir="1" index="0" bw="1" slack="2147483647"/>
</pin_list>
<bind>
<StgValue><ssdm name="empty_15"/></StgValue>
</bind>
</comp>

<comp id="26" class="1001" name="const_26">
<pin_list>
<pin id="27" dir="1" index="0" bw="1" slack="2147483647"/>
</pin_list>
<bind>
<StgValue><ssdm name="empty_16"/></StgValue>
</bind>
</comp>

<comp id="28" class="1001" name="const_28">
<pin_list>
<pin id="29" dir="1" index="0" bw="1" slack="2147483647"/>
</pin_list>
<bind>
<StgValue><ssdm name=""/></StgValue>
</bind>
</comp>

<comp id="30" class="1001" name="const_30">
<pin_list>
<pin id="31" dir="1" index="0" bw="1" slack="2147483647"/>
</pin_list>
<bind>
<StgValue><ssdm name=""/></StgValue>
</bind>
</comp>

<comp id="32" class="1001" name="const_32">
<pin_list>
<pin id="33" dir="1" index="0" bw="1" slack="0"/>
</pin_list>
<bind>
<StgValue><ssdm name=""/></StgValue>
</bind>
</comp>

<comp id="34" class="1001" name="const_34">
<pin_list>
<pin id="35" dir="1" index="0" bw="1" slack="2147483647"/>
</pin_list>
<bind>
<StgValue><ssdm name="_ssdm_op_SpecBitsMap"/></StgValue>
</bind>
</comp>

<comp id="36" class="1001" name="const_36">
<pin_list>
<pin id="37" dir="1" index="0" bw="1" slack="0"/>
</pin_list>
<bind>
<StgValue><ssdm name=""/></StgValue>
</bind>
</comp>

<comp id="38" class="1001" name="const_38">
<pin_list>
<pin id="39" dir="1" index="0" bw="1" slack="0"/>
</pin_list>
<bind>
<StgValue><ssdm name="_ssdm_op_Read.m_axi.p1i32"/></StgValue>
</bind>
</comp>

<comp id="40" class="1001" name="const_40">
<pin_list>
<pin id="41" dir="1" index="0" bw="1" slack="2147483647"/>
</pin_list>
<bind>
<StgValue><ssdm name="_ssdm_op_SpecPipeline"/></StgValue>
</bind>
</comp>

<comp id="42" class="1001" name="const_42">
<pin_list>
<pin id="43" dir="1" index="0" bw="1" slack="2147483647"/>
</pin_list>
<bind>
<StgValue><ssdm name="_ssdm_op_SpecLoopTripCount"/></StgValue>
</bind>
</comp>

<comp id="44" class="1001" name="const_44">
<pin_list>
<pin id="45" dir="1" index="0" bw="1" slack="2147483647"/>
</pin_list>
<bind>
<StgValue><ssdm name=""/></StgValue>
</bind>
</comp>

<comp id="46" class="1001" name="const_46">
<pin_list>
<pin id="47" dir="1" index="0" bw="1" slack="2147483647"/>
</pin_list>
<bind>
<StgValue><ssdm name=""/></StgValue>
</bind>
</comp>

<comp id="48" class="1001" name="const_48">
<pin_list>
<pin id="49" dir="1" index="0" bw="1" slack="2147483647"/>
</pin_list>
<bind>
<StgValue><ssdm name=""/></StgValue>
</bind>
</comp>

<comp id="50" class="1001" name="const_50">
<pin_list>
<pin id="51" dir="1" index="0" bw="1" slack="2147483647"/>
</pin_list>
<bind>
<StgValue><ssdm name="_ssdm_op_SpecLoopName"/></StgValue>
</bind>
</comp>

<comp id="52" class="1001" name="const_52">
<pin_list>
<pin id="53" dir="1" index="0" bw="1" slack="2147483647"/>
</pin_list>
<bind>
<StgValue><ssdm name="empty_32"/></StgValue>
</bind>
</comp>

<comp id="54" class="1001" name="const_54">
<pin_list>
<pin id="55" dir="1" index="0" bw="1" slack="0"/>
</pin_list>
<bind>
<StgValue><ssdm name=""/></StgValue>
</bind>
</comp>

<comp id="56" class="1004" name="i_2_fu_56">
<pin_list>
<pin id="57" dir="0" index="0" bw="1" slack="0"/>
<pin id="58" dir="1" index="1" bw="13" slack="0"/>
</pin_list>
<bind>
<opcode="alloca(26) " fcode="alloca"/>
<opset="i_2/1 "/>
</bind>
</comp>

<comp id="60" class="1004" name="sext_ln106_read_read_fu_60">
<pin_list>
<pin id="61" dir="0" index="0" bw="62" slack="0"/>
<pin id="62" dir="0" index="1" bw="62" slack="0"/>
<pin id="63" dir="1" index="2" bw="62" slack="0"/>
</pin_list>
<bind>
<opcode="read(1150) " fcode="read"/>
<opset="sext_ln106_read/1 "/>
</bind>
</comp>

<comp id="66" class="1004" name="n_read_read_fu_66">
<pin_list>
<pin id="67" dir="0" index="0" bw="31" slack="0"/>
<pin id="68" dir="0" index="1" bw="31" slack="0"/>
<pin id="69" dir="1" index="2" bw="31" slack="0"/>
</pin_list>
<bind>
<opcode="read(1150) " fcode="read"/>
<opset="n_read/1 "/>
</bind>
</comp>

<comp id="72" class="1004" name="gmem0_addr_read_read_fu_72">
<pin_list>
<pin id="73" dir="0" index="0" bw="32" slack="0"/>
<pin id="74" dir="0" index="1" bw="32" slack="0"/>
<pin id="75" dir="1" index="2" bw="32" slack="1"/>
</pin_list>
<bind>
<opcode="read(1150) " fcode="read"/>
<opset="gmem0_addr_read/2 "/>
</bind>
</comp>

<comp id="77" class="1004" name="burst_buffer_addr_gep_fu_77">
<pin_list>
<pin id="78" dir="0" index="0" bw="32" slack="0"/>
<pin id="79" dir="0" index="1" bw="1" slack="0"/>
<pin id="80" dir="0" index="2" bw="13" slack="0"/>
<pin id="81" dir="1" index="3" bw="12" slack="0"/>
</pin_list>
<bind>
<opcode="getelementptr(29) " fcode="getelementptr"/>
<opset="burst_buffer_addr/3 "/>
</bind>
</comp>

<comp id="84" class="1004" name="store_ln109_access_fu_84">
<pin_list>
<pin id="85" dir="0" index="0" bw="12" slack="0"/>
<pin id="86" dir="0" index="1" bw="32" slack="1"/>
<pin id="87" dir="0" index="2" bw="0" slack="2147483647"/>
<pin id="88" dir="1" index="3" bw="32" slack="2147483647"/>
</pin_list>
<bind>
<opcode="store(28) " fcode="store"/>
<opset="store_ln109/3 "/>
</bind>
</comp>

<comp id="90" class="1004" name="sext_ln106_cast_fu_90">
<pin_list>
<pin id="91" dir="0" index="0" bw="62" slack="0"/>
<pin id="92" dir="1" index="1" bw="64" slack="1"/>
</pin_list>
<bind>
<opcode="sext(35) " fcode="sext"/>
<opset="sext_ln106_cast/1 "/>
</bind>
</comp>

<comp id="94" class="1004" name="store_ln106_store_fu_94">
<pin_list>
<pin id="95" dir="0" index="0" bw="1" slack="0"/>
<pin id="96" dir="0" index="1" bw="13" slack="0"/>
<pin id="97" dir="1" index="2" bw="0" slack="2147483647"/>
</pin_list>
<bind>
<opcode="store(28) " fcode="store"/>
<opset="store_ln106/1 "/>
</bind>
</comp>

<comp id="99" class="1004" name="i_load_fu_99">
<pin_list>
<pin id="100" dir="0" index="0" bw="13" slack="0"/>
<pin id="101" dir="1" index="1" bw="13" slack="0"/>
</pin_list>
<bind>
<opcode="load(27) " fcode="load"/>
<opset="i/1 "/>
</bind>
</comp>

<comp id="102" class="1004" name="zext_ln106_1_fu_102">
<pin_list>
<pin id="103" dir="0" index="0" bw="13" slack="0"/>
<pin id="104" dir="1" index="1" bw="31" slack="0"/>
</pin_list>
<bind>
<opcode="zext(34) " fcode="zext"/>
<opset="zext_ln106_1/1 "/>
</bind>
</comp>

<comp id="106" class="1004" name="icmp_ln106_fu_106">
<pin_list>
<pin id="107" dir="0" index="0" bw="31" slack="0"/>
<pin id="108" dir="0" index="1" bw="31" slack="0"/>
<pin id="109" dir="1" index="2" bw="1" slack="1"/>
</pin_list>
<bind>
<opcode="icmp(45) " fcode="icmp"/>
<opset="icmp_ln106/1 "/>
</bind>
</comp>

<comp id="112" class="1004" name="add_ln106_fu_112">
<pin_list>
<pin id="113" dir="0" index="0" bw="13" slack="0"/>
<pin id="114" dir="0" index="1" bw="1" slack="0"/>
<pin id="115" dir="1" index="2" bw="13" slack="0"/>
</pin_list>
<bind>
<opcode="add(8) " fcode="add"/>
<opset="add_ln106/1 "/>
</bind>
</comp>

<comp id="118" class="1004" name="store_ln106_store_fu_118">
<pin_list>
<pin id="119" dir="0" index="0" bw="13" slack="0"/>
<pin id="120" dir="0" index="1" bw="13" slack="0"/>
<pin id="121" dir="1" index="2" bw="0" slack="2147483647"/>
</pin_list>
<bind>
<opcode="store(28) " fcode="store"/>
<opset="store_ln106/1 "/>
</bind>
</comp>

<comp id="123" class="1004" name="gmem0_addr_fu_123">
<pin_list>
<pin id="124" dir="0" index="0" bw="64" slack="0"/>
<pin id="125" dir="0" index="1" bw="64" slack="1"/>
<pin id="126" dir="1" index="2" bw="64" slack="0"/>
</pin_list>
<bind>
<opcode="getelementptr(29) " fcode="getelementptr"/>
<opset="gmem0_addr/2 "/>
</bind>
</comp>

<comp id="129" class="1004" name="zext_ln106_fu_129">
<pin_list>
<pin id="130" dir="0" index="0" bw="13" slack="2"/>
<pin id="131" dir="1" index="1" bw="64" slack="0"/>
</pin_list>
<bind>
<opcode="zext(34) " fcode="zext"/>
<opset="zext_ln106/3 "/>
</bind>
</comp>

<comp id="133" class="1005" name="i_2_reg_133">
<pin_list>
<pin id="134" dir="0" index="0" bw="13" slack="0"/>
<pin id="135" dir="1" index="1" bw="13" slack="0"/>
</pin_list>
<bind>
<opset="i_2 "/>
</bind>
</comp>

<comp id="140" class="1005" name="sext_ln106_cast_reg_140">
<pin_list>
<pin id="141" dir="0" index="0" bw="64" slack="1"/>
<pin id="142" dir="1" index="1" bw="64" slack="1"/>
</pin_list>
<bind>
<opset="sext_ln106_cast "/>
</bind>
</comp>

<comp id="145" class="1005" name="i_reg_145">
<pin_list>
<pin id="146" dir="0" index="0" bw="13" slack="2"/>
<pin id="147" dir="1" index="1" bw="13" slack="2"/>
</pin_list>
<bind>
<opset="i "/>
</bind>
</comp>

<comp id="150" class="1005" name="icmp_ln106_reg_150">
<pin_list>
<pin id="151" dir="0" index="0" bw="1" slack="1"/>
<pin id="152" dir="1" index="1" bw="1" slack="2147483647"/>
</pin_list>
<bind>
<opset="icmp_ln106 "/>
</bind>
</comp>

<comp id="154" class="1005" name="gmem0_addr_read_reg_154">
<pin_list>
<pin id="155" dir="0" index="0" bw="32" slack="1"/>
<pin id="156" dir="1" index="1" bw="32" slack="1"/>
</pin_list>
<bind>
<opset="gmem0_addr_read "/>
</bind>
</comp>

</comp_list>

<net_list>
<net id="59"><net_src comp="8" pin="0"/><net_sink comp="56" pin=0"/></net>

<net id="64"><net_src comp="10" pin="0"/><net_sink comp="60" pin=0"/></net>

<net id="65"><net_src comp="4" pin="0"/><net_sink comp="60" pin=1"/></net>

<net id="70"><net_src comp="12" pin="0"/><net_sink comp="66" pin=0"/></net>

<net id="71"><net_src comp="2" pin="0"/><net_sink comp="66" pin=1"/></net>

<net id="76"><net_src comp="38" pin="0"/><net_sink comp="72" pin=0"/></net>

<net id="82"><net_src comp="6" pin="0"/><net_sink comp="77" pin=0"/></net>

<net id="83"><net_src comp="54" pin="0"/><net_sink comp="77" pin=1"/></net>

<net id="89"><net_src comp="77" pin="3"/><net_sink comp="84" pin=0"/></net>

<net id="93"><net_src comp="60" pin="2"/><net_sink comp="90" pin=0"/></net>

<net id="98"><net_src comp="32" pin="0"/><net_sink comp="94" pin=0"/></net>

<net id="105"><net_src comp="99" pin="1"/><net_sink comp="102" pin=0"/></net>

<net id="110"><net_src comp="102" pin="1"/><net_sink comp="106" pin=0"/></net>

<net id="111"><net_src comp="66" pin="2"/><net_sink comp="106" pin=1"/></net>

<net id="116"><net_src comp="99" pin="1"/><net_sink comp="112" pin=0"/></net>

<net id="117"><net_src comp="36" pin="0"/><net_sink comp="112" pin=1"/></net>

<net id="122"><net_src comp="112" pin="2"/><net_sink comp="118" pin=0"/></net>

<net id="127"><net_src comp="0" pin="0"/><net_sink comp="123" pin=0"/></net>

<net id="128"><net_src comp="123" pin="2"/><net_sink comp="72" pin=1"/></net>

<net id="132"><net_src comp="129" pin="1"/><net_sink comp="77" pin=2"/></net>

<net id="136"><net_src comp="56" pin="1"/><net_sink comp="133" pin=0"/></net>

<net id="137"><net_src comp="133" pin="1"/><net_sink comp="94" pin=1"/></net>

<net id="138"><net_src comp="133" pin="1"/><net_sink comp="99" pin=0"/></net>

<net id="139"><net_src comp="133" pin="1"/><net_sink comp="118" pin=1"/></net>

<net id="143"><net_src comp="90" pin="1"/><net_sink comp="140" pin=0"/></net>

<net id="144"><net_src comp="140" pin="1"/><net_sink comp="123" pin=1"/></net>

<net id="148"><net_src comp="99" pin="1"/><net_sink comp="145" pin=0"/></net>

<net id="149"><net_src comp="145" pin="1"/><net_sink comp="129" pin=0"/></net>

<net id="153"><net_src comp="106" pin="2"/><net_sink comp="150" pin=0"/></net>

<net id="157"><net_src comp="72" pin="2"/><net_sink comp="154" pin=0"/></net>

<net id="158"><net_src comp="154" pin="1"/><net_sink comp="84" pin=1"/></net>

</net_list>

</model> 
---------------- Datapath Model END ------------------

* FSMD analyzer results:
  - Output states:
	Port: gmem0 | {}
	Port: burst_buffer | {3 }
 - Input state : 
	Port: ntt_kernel_Pipeline_BURST_READ_LOOP : gmem0 | {2 }
	Port: ntt_kernel_Pipeline_BURST_READ_LOOP : n | {1 }
	Port: ntt_kernel_Pipeline_BURST_READ_LOOP : sext_ln106 | {1 }
  - Chain level:
	State 1
		store_ln106 : 1
		i : 1
		zext_ln106_1 : 2
		icmp_ln106 : 3
		add_ln106 : 2
		br_ln106 : 4
		store_ln106 : 3
	State 2
		gmem0_addr_read : 1
	State 3
		burst_buffer_addr : 1
		store_ln109 : 2


============================================================
+ Verbose Summary: Datapath Resource usage 
============================================================

* Functional unit list:
|----------|----------------------------|---------|---------|
| Operation|       Functional Unit      |    FF   |   LUT   |
|----------|----------------------------|---------|---------|
|   icmp   |      icmp_ln106_fu_106     |    0    |    38   |
|----------|----------------------------|---------|---------|
|    add   |      add_ln106_fu_112      |    0    |    20   |
|----------|----------------------------|---------|---------|
|          | sext_ln106_read_read_fu_60 |    0    |    0    |
|   read   |      n_read_read_fu_66     |    0    |    0    |
|          | gmem0_addr_read_read_fu_72 |    0    |    0    |
|----------|----------------------------|---------|---------|
|   sext   |    sext_ln106_cast_fu_90   |    0    |    0    |
|----------|----------------------------|---------|---------|
|   zext   |     zext_ln106_1_fu_102    |    0    |    0    |
|          |      zext_ln106_fu_129     |    0    |    0    |
|----------|----------------------------|---------|---------|
|   Total  |                            |    0    |    58   |
|----------|----------------------------|---------|---------|

Memories:
N/A

* Register list:
+-----------------------+--------+
|                       |   FF   |
+-----------------------+--------+
|gmem0_addr_read_reg_154|   32   |
|      i_2_reg_133      |   13   |
|       i_reg_145       |   13   |
|   icmp_ln106_reg_150  |    1   |
|sext_ln106_cast_reg_140|   64   |
+-----------------------+--------+
|         Total         |   123  |
+-----------------------+--------+

* Multiplexer (MUX) list: 
|--------|------|------|------|--------|
|  Comp  |  Pin | Size |  BW  | S x BW |
|--------|------|------|------|--------|
|  Total |      |      |      |    0   |
|--------|------|------|------|--------|



* Summary:
+-----------+--------+--------+
|           |   FF   |   LUT  |
+-----------+--------+--------+
|  Function |    0   |   58   |
|   Memory  |    -   |    -   |
|Multiplexer|    -   |    -   |
|  Register |   123  |    -   |
+-----------+--------+--------+
|   Total   |   123  |   58   |
+-----------+--------+--------+
