

================================================================
== Vitis HLS Report for 'ntt_kernel_Pipeline_CACHE_PSI_LOOP'
================================================================
* Date:           Mon Jun  1 21:40:40 2026

* Version:        2023.2 (Build 4023990 on Oct 11 2023)
* Project:        hls-design
* Solution:       ntt-asic (Vivado IP Flow Target)
* Product family: zynquplus
* Target device:  xck26-sfvc784-2LV-c


================================================================
== Performance Estimates
================================================================
+ Timing: 
    * Summary: 
    +--------+----------+----------+------------+
    |  Clock |  Target  | Estimated| Uncertainty|
    +--------+----------+----------+------------+
    |ap_clk  |  10.00 ns|  7.300 ns|     2.70 ns|
    +--------+----------+----------+------------+

+ Latency: 
    * Summary: 
    +---------+---------+----------+-----------+-----+------+---------+
    |  Latency (cycles) |  Latency (absolute)  |  Interval  | Pipeline|
    |   min   |   max   |    min   |    max    | min |  max |   Type  |
    +---------+---------+----------+-----------+-----+------+---------+
    |      259|     4099|  2.590 us|  40.990 us|  259|  4099|       no|
    +---------+---------+----------+-----------+-----+------+---------+

    + Detail: 
        * Instance: 
        N/A

        * Loop: 
        +------------------+---------+---------+----------+-----------+-----------+------------+----------+
        |                  |  Latency (cycles) | Iteration|  Initiation Interval  |    Trip    |          |
        |     Loop Name    |   min   |   max   |  Latency |  achieved |   target  |    Count   | Pipelined|
        +------------------+---------+---------+----------+-----------+-----------+------------+----------+
        |- CACHE_PSI_LOOP  |      257|     4097|         3|          1|          1|  256 ~ 4096|       yes|
        +------------------+---------+---------+----------+-----------+-----------+------------+----------+

============================================================
+ Verbose Summary: Synthesis Manager
============================================================
InlineROM: 1
ExposeGlobal: 0
============================================================
+ Verbose Summary: CDFG Model
============================================================
IsTopModel: 0
ResetActiveHigh: 1
IsCombinational: 0
IsDatapathOnly: 0
HasWiredReturn: 1
HasMFsm: 2
HasVarLatency: 1
IsPipeline: 0
IsRtlPipelined: 0
IsInstanceOverlapped: 0
IsDontTouch: 0
HasImplIP: 0
IsGatedGlobalClock: 0

+ Individual pipeline summary: 
  * Pipeline-0: initiation interval (II) = 1, depth = 3


============================================================
+ Verbose Summary: Schedule
============================================================
* Number of FSM states : 3
* Pipeline : 1
  Pipeline-0 : II = 1, D = 3, States = { 1 2 3 }
* Dataflow Pipeline: 0

* FSM state transitions: 
1 --> 2 
2 --> 3 
3 --> 

* FSM state operations: 

State 1 <SV = 0> <Delay = 1.87>
ST_1 : Operation 6 [1/1] (0.00ns)   --->   "%i_1 = alloca i32 1" [hls-design/ntt-kernel.cpp:91]   --->   Operation 6 'alloca' 'i_1' <Predicate = true> <Delay = 0.00>
ST_1 : Operation 7 [1/1] (0.00ns)   --->   "%sext_ln91_read = read i62 @_ssdm_op_Read.ap_auto.i62, i62 %sext_ln91"   --->   Operation 7 'read' 'sext_ln91_read' <Predicate = true> <Delay = 0.00>
ST_1 : Operation 8 [1/1] (0.00ns)   --->   "%n_read = read i32 @_ssdm_op_Read.ap_auto.i32, i32 %n"   --->   Operation 8 'read' 'n_read' <Predicate = true> <Delay = 0.00>
ST_1 : Operation 9 [1/1] (0.00ns)   --->   "%sext_ln91_cast = sext i62 %sext_ln91_read"   --->   Operation 9 'sext' 'sext_ln91_cast' <Predicate = true> <Delay = 0.00>
ST_1 : Operation 10 [1/1] (0.00ns)   --->   "%specmemcore_ln0 = specmemcore void @_ssdm_op_SpecMemCore, i12 %local_psi, i64 666, i64 22, i64 18446744073709551615"   --->   Operation 10 'specmemcore' 'specmemcore_ln0' <Predicate = true> <Delay = 0.00>
ST_1 : Operation 11 [1/1] (0.00ns)   --->   "%specinterface_ln0 = specinterface void @_ssdm_op_SpecInterface, i32 %gmem1, void @empty_9, i32 0, i32 0, void @empty_22, i32 0, i32 4096, void @empty_5, void @empty_21, void @empty_22, i32 16, i32 16, i32 16, i32 16, void @empty_22, void @empty_22, i32 4294967295, i32 0"   --->   Operation 11 'specinterface' 'specinterface_ln0' <Predicate = true> <Delay = 0.00>
ST_1 : Operation 12 [1/1] (0.42ns)   --->   "%store_ln91 = store i13 0, i13 %i_1" [hls-design/ntt-kernel.cpp:91]   --->   Operation 12 'store' 'store_ln91' <Predicate = true> <Delay = 0.42>
ST_1 : Operation 13 [1/1] (0.00ns)   --->   "%br_ln0 = br void %for.inc12"   --->   Operation 13 'br' 'br_ln0' <Predicate = true> <Delay = 0.00>
ST_1 : Operation 14 [1/1] (0.00ns)   --->   "%i = load i13 %i_1" [hls-design/ntt-kernel.cpp:91]   --->   Operation 14 'load' 'i' <Predicate = true> <Delay = 0.00>
ST_1 : Operation 15 [1/1] (0.00ns)   --->   "%specbitsmap_ln0 = specbitsmap void @_ssdm_op_SpecBitsMap, i32 %gmem1"   --->   Operation 15 'specbitsmap' 'specbitsmap_ln0' <Predicate = true> <Delay = 0.00>
ST_1 : Operation 16 [1/1] (0.00ns)   --->   "%zext_ln91 = zext i13 %i" [hls-design/ntt-kernel.cpp:91]   --->   Operation 16 'zext' 'zext_ln91' <Predicate = true> <Delay = 0.00>
ST_1 : Operation 17 [1/1] (1.01ns)   --->   "%icmp_ln91 = icmp_slt  i32 %zext_ln91, i32 %n_read" [hls-design/ntt-kernel.cpp:91]   --->   Operation 17 'icmp' 'icmp_ln91' <Predicate = true> <Delay = 1.01> <CoreInst = "Cmp">   --->   Core 9 'Cmp' <Latency = 0> <II = 1> <Delay = 1.01> <FuncUnit> <Opcode : 'icmp'> <InPorts = 2> <OutPorts = 1>
ST_1 : Operation 18 [1/1] (0.82ns)   --->   "%add_ln91 = add i13 %i, i13 1" [hls-design/ntt-kernel.cpp:91]   --->   Operation 18 'add' 'add_ln91' <Predicate = true> <Delay = 0.82> <CoreInst = "Adder">   --->   Core 1 'Adder' <Latency = 0> <II = 1> <Delay = 0.82> <FuncUnit> <Opcode : 'add' 'sub'> <InPorts = 2> <OutPorts = 1>
ST_1 : Operation 19 [1/1] (0.00ns)   --->   "%br_ln91 = br i1 %icmp_ln91, void %BATCH_LOOP.loopexit.exitStub, void %for.inc12.split" [hls-design/ntt-kernel.cpp:91]   --->   Operation 19 'br' 'br_ln91' <Predicate = true> <Delay = 0.00>
ST_1 : Operation 20 [1/1] (0.42ns)   --->   "%store_ln91 = store i13 %add_ln91, i13 %i_1" [hls-design/ntt-kernel.cpp:91]   --->   Operation 20 'store' 'store_ln91' <Predicate = (icmp_ln91)> <Delay = 0.42>

State 2 <SV = 1> <Delay = 7.30>
ST_2 : Operation 21 [1/1] (0.00ns)   --->   "%gmem1_addr = getelementptr i32 %gmem1, i64 %sext_ln91_cast" [hls-design/ntt-kernel.cpp:91]   --->   Operation 21 'getelementptr' 'gmem1_addr' <Predicate = true> <Delay = 0.00>
ST_2 : Operation 22 [1/1] (7.30ns)   --->   "%gmem1_addr_read = read i32 @_ssdm_op_Read.m_axi.p1i32, i32 %gmem1_addr" [hls-design/ntt-kernel.cpp:94]   --->   Operation 22 'read' 'gmem1_addr_read' <Predicate = true> <Delay = 7.30> <CoreInst = "m_axi">   --->   Core 121 'm_axi' <Latency = 0> <II = 1> <Delay = 1.00> <Adapter> <Opcode : 'read' 'write' 'readreq' 'writereq' 'writeresp'>
ST_2 : Operation 23 [1/1] (0.00ns)   --->   "%trunc_ln94 = trunc i32 %gmem1_addr_read" [hls-design/ntt-kernel.cpp:94]   --->   Operation 23 'trunc' 'trunc_ln94' <Predicate = true> <Delay = 0.00>
ST_2 : Operation 31 [1/1] (0.00ns)   --->   "%ret_ln0 = ret"   --->   Operation 31 'ret' 'ret_ln0' <Predicate = (!icmp_ln91)> <Delay = 0.00>

State 3 <SV = 2> <Delay = 1.23>
ST_3 : Operation 24 [1/1] (0.00ns)   --->   "%zext_ln91_1 = zext i13 %i" [hls-design/ntt-kernel.cpp:91]   --->   Operation 24 'zext' 'zext_ln91_1' <Predicate = true> <Delay = 0.00>
ST_3 : Operation 25 [1/1] (0.00ns)   --->   "%specpipeline_ln92 = specpipeline void @_ssdm_op_SpecPipeline, i32 1, i32 0, i32 0, i32 0, void @empty_22" [hls-design/ntt-kernel.cpp:92]   --->   Operation 25 'specpipeline' 'specpipeline_ln92' <Predicate = true> <Delay = 0.00>
ST_3 : Operation 26 [1/1] (0.00ns)   --->   "%speclooptripcount_ln93 = speclooptripcount void @_ssdm_op_SpecLoopTripCount, i64 256, i64 4096, i64 2176" [hls-design/ntt-kernel.cpp:93]   --->   Operation 26 'speclooptripcount' 'speclooptripcount_ln93' <Predicate = true> <Delay = 0.00>
ST_3 : Operation 27 [1/1] (0.00ns)   --->   "%specloopname_ln91 = specloopname void @_ssdm_op_SpecLoopName, void @empty_28" [hls-design/ntt-kernel.cpp:91]   --->   Operation 27 'specloopname' 'specloopname_ln91' <Predicate = true> <Delay = 0.00>
ST_3 : Operation 28 [1/1] (0.00ns)   --->   "%local_psi_addr = getelementptr i12 %local_psi, i64 0, i64 %zext_ln91_1" [hls-design/ntt-kernel.cpp:94]   --->   Operation 28 'getelementptr' 'local_psi_addr' <Predicate = true> <Delay = 0.00>
ST_3 : Operation 29 [1/1] (1.23ns)   --->   "%store_ln94 = store i12 %trunc_ln94, i12 %local_psi_addr" [hls-design/ntt-kernel.cpp:94]   --->   Operation 29 'store' 'store_ln94' <Predicate = true> <Delay = 1.23> <CoreInst = "RAM_2P_BRAM">   --->   Core 94 'RAM_2P_BRAM' <Latency = 1> <II = 1> <Delay = 1.23> <Storage> <Opcode : 'load' 'store'> <Ports = 2> <Width = 12> <Depth = 4096> <RAM>
ST_3 : Operation 30 [1/1] (0.00ns)   --->   "%br_ln91 = br void %for.inc12" [hls-design/ntt-kernel.cpp:91]   --->   Operation 30 'br' 'br_ln91' <Predicate = true> <Delay = 0.00>


============================================================
+ Verbose Summary: Timing violations
============================================================
Target clock period: 10.000ns, clock uncertainty: 2.700ns.

 <State 1>: 1.870ns
The critical path consists of the following:
	'store' operation 0 bit ('store_ln91', hls-design/ntt-kernel.cpp:91) of constant 0 on local variable 'i', hls-design/ntt-kernel.cpp:91 [11]  (0.427 ns)
	'load' operation 13 bit ('i', hls-design/ntt-kernel.cpp:91) on local variable 'i', hls-design/ntt-kernel.cpp:91 [14]  (0.000 ns)
	'icmp' operation 1 bit ('icmp_ln91', hls-design/ntt-kernel.cpp:91) [17]  (1.016 ns)
	'store' operation 0 bit ('store_ln91', hls-design/ntt-kernel.cpp:91) of variable 'add_ln91', hls-design/ntt-kernel.cpp:91 on local variable 'i', hls-design/ntt-kernel.cpp:91 [30]  (0.427 ns)

 <State 2>: 7.300ns
The critical path consists of the following:
	'getelementptr' operation 32 bit ('gmem1_addr', hls-design/ntt-kernel.cpp:91) [21]  (0.000 ns)
	bus read operation ('gmem1_addr_read', hls-design/ntt-kernel.cpp:94) on port 'gmem1' (hls-design/ntt-kernel.cpp:94) [26]  (7.300 ns)

 <State 3>: 1.237ns
The critical path consists of the following:
	'getelementptr' operation 12 bit ('local_psi_addr', hls-design/ntt-kernel.cpp:94) [28]  (0.000 ns)
	'store' operation 0 bit ('store_ln94', hls-design/ntt-kernel.cpp:94) of variable 'trunc_ln94', hls-design/ntt-kernel.cpp:94 on array 'local_psi' [29]  (1.237 ns)


============================================================
+ Verbose Summary: Binding
============================================================
N/A
* FSMD analyzer results:
  - Output states:
 - Input state : 
  - Chain level:
	State 1
	State 2
	State 3


============================================================
+ Verbose Summary: Datapath Resource usage 
============================================================
N/A
