

================================================================
== Vitis HLS Report for 'ntt_kernel_Pipeline_CACHE_PSI_LOOP'
================================================================
* Date:           Mon Jun  1 21:40:41 2026

* Version:        2023.2 (Build 4023990 on Oct 11 2023)
* Project:        hls-design
* Solution:       ntt-asic (Vivado IP Flow Target)
* Product family: zynquplus
* Target device:  xck26-sfvc784-2LV-c


================================================================
== Performance Estimates
================================================================
+ Timing: 
    * Summary: 
    +--------+----------+----------+------------+
    |  Clock |  Target  | Estimated| Uncertainty|
    +--------+----------+----------+------------+
    |ap_clk  |  10.00 ns|  7.300 ns|     2.70 ns|
    +--------+----------+----------+------------+

+ Latency: 
    * Summary: 
    +---------+---------+----------+-----------+-----+------+---------+
    |  Latency (cycles) |  Latency (absolute)  |  Interval  | Pipeline|
    |   min   |   max   |    min   |    max    | min |  max |   Type  |
    +---------+---------+----------+-----------+-----+------+---------+
    |      259|     4099|  2.590 us|  40.990 us|  259|  4099|       no|
    +---------+---------+----------+-----------+-----+------+---------+

    + Detail: 
        * Instance: 
        N/A

        * Loop: 
        +------------------+---------+---------+----------+-----------+-----------+------------+----------+
        |                  |  Latency (cycles) | Iteration|  Initiation Interval  |    Trip    |          |
        |     Loop Name    |   min   |   max   |  Latency |  achieved |   target  |    Count   | Pipelined|
        +------------------+---------+---------+----------+-----------+-----------+------------+----------+
        |- CACHE_PSI_LOOP  |      257|     4097|         3|          1|          1|  256 ~ 4096|       yes|
        +------------------+---------+---------+----------+-----------+-----------+------------+----------+



================================================================
== Utilization Estimates
================================================================
* Summary: 
+-----------------+---------+------+--------+--------+-----+
|       Name      | BRAM_18K|  DSP |   FF   |   LUT  | URAM|
+-----------------+---------+------+--------+--------+-----+
|DSP              |        -|     -|       -|       -|    -|
|Expression       |        -|     -|       0|      63|    -|
|FIFO             |        -|     -|       -|       -|    -|
|Instance         |        -|     -|       -|       -|    -|
|Memory           |        -|     -|       -|       -|    -|
|Multiplexer      |        -|     -|       -|      45|    -|
|Register         |        -|     -|      56|       -|    -|
+-----------------+---------+------+--------+--------+-----+
|Total            |        0|     0|      56|     108|    0|
+-----------------+---------+------+--------+--------+-----+
|Available        |      288|  1248|  234240|  117120|   64|
+-----------------+---------+------+--------+--------+-----+
|Utilization (%)  |        0|     0|      ~0|      ~0|    0|
+-----------------+---------+------+--------+--------+-----+

+ Detail: 
    * Instance: 
    N/A

    * DSP: 
    N/A

    * Memory: 
    N/A

    * FIFO: 
    N/A

    * Expression: 
    +---------------------------+----------+----+---+----+------------+------------+
    |       Variable Name       | Operation| DSP| FF| LUT| Bitwidth P0| Bitwidth P1|
    +---------------------------+----------+----+---+----+------------+------------+
    |add_ln91_fu_124_p2         |         +|   0|  0|  20|          13|           1|
    |ap_block_pp0_stage0_11001  |       and|   0|  0|   2|           1|           1|
    |icmp_ln91_fu_118_p2        |      icmp|   0|  0|  39|          32|          32|
    |ap_enable_pp0              |       xor|   0|  0|   2|           1|           2|
    +---------------------------+----------+----+---+----+------------+------------+
    |Total                      |          |   0|  0|  63|          47|          36|
    +---------------------------+----------+----+---+----+------------+------------+

    * Multiplexer: 
    +-------------------------+----+-----------+-----+-----------+
    |           Name          | LUT| Input Size| Bits| Total Bits|
    +-------------------------+----+-----------+-----+-----------+
    |ap_done_int              |   9|          2|    1|          2|
    |ap_enable_reg_pp0_iter1  |   9|          2|    1|          2|
    |ap_sig_allocacmp_i       |   9|          2|   13|         26|
    |gmem1_blk_n_R            |   9|          2|    1|          2|
    |i_1_fu_64                |   9|          2|   13|         26|
    +-------------------------+----+-----------+-----+-----------+
    |Total                    |  45|         10|   29|         58|
    +-------------------------+----+-----------+-----+-----------+

    * Register: 
    +----------------------------------+----+----+-----+-----------+
    |               Name               | FF | LUT| Bits| Const Bits|
    +----------------------------------+----+----+-----+-----------+
    |ap_CS_fsm                         |   1|   0|    1|          0|
    |ap_done_reg                       |   1|   0|    1|          0|
    |ap_enable_reg_pp0_iter1           |   1|   0|    1|          0|
    |ap_enable_reg_pp0_iter2           |   1|   0|    1|          0|
    |ap_loop_exit_ready_pp0_iter1_reg  |   1|   0|    1|          0|
    |i_1_fu_64                         |  13|   0|   13|          0|
    |i_reg_161                         |  13|   0|   13|          0|
    |i_reg_161_pp0_iter1_reg           |  13|   0|   13|          0|
    |trunc_ln94_reg_170                |  12|   0|   12|          0|
    +----------------------------------+----+----+-----+-----------+
    |Total                             |  56|   0|   56|          0|
    +----------------------------------+----+----+-----+-----------+



================================================================
== Interface
================================================================
* Summary: 
+----------------------+-----+-----+------------+------------------------------------+--------------+
|       RTL Ports      | Dir | Bits|  Protocol  |            Source Object           |    C Type    |
+----------------------+-----+-----+------------+------------------------------------+--------------+
|ap_clk                |   in|    1|  ap_ctrl_hs|  ntt_kernel_Pipeline_CACHE_PSI_LOOP|  return value|
|ap_rst                |   in|    1|  ap_ctrl_hs|  ntt_kernel_Pipeline_CACHE_PSI_LOOP|  return value|
|ap_start              |   in|    1|  ap_ctrl_hs|  ntt_kernel_Pipeline_CACHE_PSI_LOOP|  return value|
|ap_done               |  out|    1|  ap_ctrl_hs|  ntt_kernel_Pipeline_CACHE_PSI_LOOP|  return value|
|ap_idle               |  out|    1|  ap_ctrl_hs|  ntt_kernel_Pipeline_CACHE_PSI_LOOP|  return value|
|ap_ready              |  out|    1|  ap_ctrl_hs|  ntt_kernel_Pipeline_CACHE_PSI_LOOP|  return value|
|m_axi_gmem1_AWVALID   |  out|    1|       m_axi|                               gmem1|       pointer|
|m_axi_gmem1_AWREADY   |   in|    1|       m_axi|                               gmem1|       pointer|
|m_axi_gmem1_AWADDR    |  out|   64|       m_axi|                               gmem1|       pointer|
|m_axi_gmem1_AWID      |  out|    1|       m_axi|                               gmem1|       pointer|
|m_axi_gmem1_AWLEN     |  out|   32|       m_axi|                               gmem1|       pointer|
|m_axi_gmem1_AWSIZE    |  out|    3|       m_axi|                               gmem1|       pointer|
|m_axi_gmem1_AWBURST   |  out|    2|       m_axi|                               gmem1|       pointer|
|m_axi_gmem1_AWLOCK    |  out|    2|       m_axi|                               gmem1|       pointer|
|m_axi_gmem1_AWCACHE   |  out|    4|       m_axi|                               gmem1|       pointer|
|m_axi_gmem1_AWPROT    |  out|    3|       m_axi|                               gmem1|       pointer|
|m_axi_gmem1_AWQOS     |  out|    4|       m_axi|                               gmem1|       pointer|
|m_axi_gmem1_AWREGION  |  out|    4|       m_axi|                               gmem1|       pointer|
|m_axi_gmem1_AWUSER    |  out|    1|       m_axi|                               gmem1|       pointer|
|m_axi_gmem1_WVALID    |  out|    1|       m_axi|                               gmem1|       pointer|
|m_axi_gmem1_WREADY    |   in|    1|       m_axi|                               gmem1|       pointer|
|m_axi_gmem1_WDATA     |  out|   32|       m_axi|                               gmem1|       pointer|
|m_axi_gmem1_WSTRB     |  out|    4|       m_axi|                               gmem1|       pointer|
|m_axi_gmem1_WLAST     |  out|    1|       m_axi|                               gmem1|       pointer|
|m_axi_gmem1_WID       |  out|    1|       m_axi|                               gmem1|       pointer|
|m_axi_gmem1_WUSER     |  out|    1|       m_axi|                               gmem1|       pointer|
|m_axi_gmem1_ARVALID   |  out|    1|       m_axi|                               gmem1|       pointer|
|m_axi_gmem1_ARREADY   |   in|    1|       m_axi|                               gmem1|       pointer|
|m_axi_gmem1_ARADDR    |  out|   64|       m_axi|                               gmem1|       pointer|
|m_axi_gmem1_ARID      |  out|    1|       m_axi|                               gmem1|       pointer|
|m_axi_gmem1_ARLEN     |  out|   32|       m_axi|                               gmem1|       pointer|
|m_axi_gmem1_ARSIZE    |  out|    3|       m_axi|                               gmem1|       pointer|
|m_axi_gmem1_ARBURST   |  out|    2|       m_axi|                               gmem1|       pointer|
|m_axi_gmem1_ARLOCK    |  out|    2|       m_axi|                               gmem1|       pointer|
|m_axi_gmem1_ARCACHE   |  out|    4|       m_axi|                               gmem1|       pointer|
|m_axi_gmem1_ARPROT    |  out|    3|       m_axi|                               gmem1|       pointer|
|m_axi_gmem1_ARQOS     |  out|    4|       m_axi|                               gmem1|       pointer|
|m_axi_gmem1_ARREGION  |  out|    4|       m_axi|                               gmem1|       pointer|
|m_axi_gmem1_ARUSER    |  out|    1|       m_axi|                               gmem1|       pointer|
|m_axi_gmem1_RVALID    |   in|    1|       m_axi|                               gmem1|       pointer|
|m_axi_gmem1_RREADY    |  out|    1|       m_axi|                               gmem1|       pointer|
|m_axi_gmem1_RDATA     |   in|   32|       m_axi|                               gmem1|       pointer|
|m_axi_gmem1_RLAST     |   in|    1|       m_axi|                               gmem1|       pointer|
|m_axi_gmem1_RID       |   in|    1|       m_axi|                               gmem1|       pointer|
|m_axi_gmem1_RFIFONUM  |   in|    9|       m_axi|                               gmem1|       pointer|
|m_axi_gmem1_RUSER     |   in|    1|       m_axi|                               gmem1|       pointer|
|m_axi_gmem1_RRESP     |   in|    2|       m_axi|                               gmem1|       pointer|
|m_axi_gmem1_BVALID    |   in|    1|       m_axi|                               gmem1|       pointer|
|m_axi_gmem1_BREADY    |  out|    1|       m_axi|                               gmem1|       pointer|
|m_axi_gmem1_BRESP     |   in|    2|       m_axi|                               gmem1|       pointer|
|m_axi_gmem1_BID       |   in|    1|       m_axi|                               gmem1|       pointer|
|m_axi_gmem1_BUSER     |   in|    1|       m_axi|                               gmem1|       pointer|
|n                     |   in|   32|     ap_none|                                   n|        scalar|
|sext_ln91             |   in|   62|     ap_none|                           sext_ln91|        scalar|
|local_psi_address1    |  out|   12|   ap_memory|                           local_psi|         array|
|local_psi_ce1         |  out|    1|   ap_memory|                           local_psi|         array|
|local_psi_we1         |  out|    1|   ap_memory|                           local_psi|         array|
|local_psi_d1          |  out|   12|   ap_memory|                           local_psi|         array|
+----------------------+-----+-----+------------+------------------------------------+--------------+

============================================================
+ Verbose Summary: Synthesis Manager
============================================================
InlineROM: 1
ExposeGlobal: 0
============================================================
+ Verbose Summary: CDFG Model
============================================================
IsTopModel: 0
ResetActiveHigh: 1
IsCombinational: 2
IsDatapathOnly: 2
HasWiredReturn: 1
HasMFsm: 2
HasVarLatency: 1
IsPipeline: 0
IsRtlPipelined: 0
IsInstanceOverlapped: 0
IsDontTouch: 0
HasImplIP: 0
IsGatedGlobalClock: 0

+ Individual pipeline summary: 
  * Pipeline-0: initiation interval (II) = 1, depth = 3


============================================================
+ Verbose Summary: Schedule
============================================================
* Number of FSM states : 3
* Pipeline : 1
  Pipeline-0 : II = 1, D = 3, States = { 1 2 3 }
* Dataflow Pipeline: 0

* FSM state transitions: 
1 --> 2 
2 --> 3 
3 --> 

* FSM state operations: 

State 1 <SV = 0> <Delay = 1.87>
ST_1 : Operation 6 [1/1] (0.00ns)   --->   "%i_1 = alloca i32 1" [hls-design/ntt-kernel.cpp:91]   --->   Operation 6 'alloca' 'i_1' <Predicate = true> <Delay = 0.00>
ST_1 : Operation 7 [1/1] (0.00ns)   --->   "%sext_ln91_read = read i62 @_ssdm_op_Read.ap_auto.i62, i62 %sext_ln91"   --->   Operation 7 'read' 'sext_ln91_read' <Predicate = true> <Delay = 0.00>
ST_1 : Operation 8 [1/1] (0.00ns)   --->   "%n_read = read i32 @_ssdm_op_Read.ap_auto.i32, i32 %n"   --->   Operation 8 'read' 'n_read' <Predicate = true> <Delay = 0.00>
ST_1 : Operation 9 [1/1] (0.00ns)   --->   "%sext_ln91_cast = sext i62 %sext_ln91_read"   --->   Operation 9 'sext' 'sext_ln91_cast' <Predicate = true> <Delay = 0.00>
ST_1 : Operation 10 [1/1] (0.00ns)   --->   "%specmemcore_ln0 = specmemcore void @_ssdm_op_SpecMemCore, i12 %local_psi, i64 666, i64 22, i64 18446744073709551615"   --->   Operation 10 'specmemcore' 'specmemcore_ln0' <Predicate = true> <Delay = 0.00>
ST_1 : Operation 11 [1/1] (0.00ns)   --->   "%specinterface_ln0 = specinterface void @_ssdm_op_SpecInterface, i32 %gmem1, void @empty_9, i32 0, i32 0, void @empty_22, i32 0, i32 4096, void @empty_5, void @empty_21, void @empty_22, i32 16, i32 16, i32 16, i32 16, void @empty_22, void @empty_22, i32 4294967295, i32 0"   --->   Operation 11 'specinterface' 'specinterface_ln0' <Predicate = true> <Delay = 0.00>
ST_1 : Operation 12 [1/1] (0.42ns)   --->   "%store_ln91 = store i13 0, i13 %i_1" [hls-design/ntt-kernel.cpp:91]   --->   Operation 12 'store' 'store_ln91' <Predicate = true> <Delay = 0.42>
ST_1 : Operation 13 [1/1] (0.00ns)   --->   "%br_ln0 = br void %for.inc12"   --->   Operation 13 'br' 'br_ln0' <Predicate = true> <Delay = 0.00>
ST_1 : Operation 14 [1/1] (0.00ns)   --->   "%i = load i13 %i_1" [hls-design/ntt-kernel.cpp:91]   --->   Operation 14 'load' 'i' <Predicate = true> <Delay = 0.00>
ST_1 : Operation 15 [1/1] (0.00ns)   --->   "%specbitsmap_ln0 = specbitsmap void @_ssdm_op_SpecBitsMap, i32 %gmem1"   --->   Operation 15 'specbitsmap' 'specbitsmap_ln0' <Predicate = true> <Delay = 0.00>
ST_1 : Operation 16 [1/1] (0.00ns)   --->   "%zext_ln91 = zext i13 %i" [hls-design/ntt-kernel.cpp:91]   --->   Operation 16 'zext' 'zext_ln91' <Predicate = true> <Delay = 0.00>
ST_1 : Operation 17 [1/1] (1.01ns)   --->   "%icmp_ln91 = icmp_slt  i32 %zext_ln91, i32 %n_read" [hls-design/ntt-kernel.cpp:91]   --->   Operation 17 'icmp' 'icmp_ln91' <Predicate = true> <Delay = 1.01> <CoreInst = "Cmp">   --->   Core 9 'Cmp' <Latency = 0> <II = 1> <Delay = 1.01> <FuncUnit> <Opcode : 'icmp'> <InPorts = 2> <OutPorts = 1>
ST_1 : Operation 18 [1/1] (0.82ns)   --->   "%add_ln91 = add i13 %i, i13 1" [hls-design/ntt-kernel.cpp:91]   --->   Operation 18 'add' 'add_ln91' <Predicate = true> <Delay = 0.82> <CoreInst = "Adder">   --->   Core 1 'Adder' <Latency = 0> <II = 1> <Delay = 0.82> <FuncUnit> <Opcode : 'add' 'sub'> <InPorts = 2> <OutPorts = 1>
ST_1 : Operation 19 [1/1] (0.00ns)   --->   "%br_ln91 = br i1 %icmp_ln91, void %BATCH_LOOP.loopexit.exitStub, void %for.inc12.split" [hls-design/ntt-kernel.cpp:91]   --->   Operation 19 'br' 'br_ln91' <Predicate = true> <Delay = 0.00>
ST_1 : Operation 20 [1/1] (0.42ns)   --->   "%store_ln91 = store i13 %add_ln91, i13 %i_1" [hls-design/ntt-kernel.cpp:91]   --->   Operation 20 'store' 'store_ln91' <Predicate = (icmp_ln91)> <Delay = 0.42>

State 2 <SV = 1> <Delay = 7.30>
ST_2 : Operation 21 [1/1] (0.00ns)   --->   "%gmem1_addr = getelementptr i32 %gmem1, i64 %sext_ln91_cast" [hls-design/ntt-kernel.cpp:91]   --->   Operation 21 'getelementptr' 'gmem1_addr' <Predicate = true> <Delay = 0.00>
ST_2 : Operation 22 [1/1] (7.30ns)   --->   "%gmem1_addr_read = read i32 @_ssdm_op_Read.m_axi.p1i32, i64 %gmem1_addr" [hls-design/ntt-kernel.cpp:94]   --->   Operation 22 'read' 'gmem1_addr_read' <Predicate = true> <Delay = 7.30> <CoreInst = "m_axi">   --->   Core 121 'm_axi' <Latency = 0> <II = 1> <Delay = 1.00> <Adapter> <Opcode : 'read' 'write' 'readreq' 'writereq' 'writeresp'>
ST_2 : Operation 23 [1/1] (0.00ns)   --->   "%trunc_ln94 = trunc i32 %gmem1_addr_read" [hls-design/ntt-kernel.cpp:94]   --->   Operation 23 'trunc' 'trunc_ln94' <Predicate = true> <Delay = 0.00>
ST_2 : Operation 31 [1/1] (0.00ns)   --->   "%ret_ln0 = ret"   --->   Operation 31 'ret' 'ret_ln0' <Predicate = (!icmp_ln91)> <Delay = 0.00>

State 3 <SV = 2> <Delay = 1.23>
ST_3 : Operation 24 [1/1] (0.00ns)   --->   "%zext_ln91_1 = zext i13 %i" [hls-design/ntt-kernel.cpp:91]   --->   Operation 24 'zext' 'zext_ln91_1' <Predicate = true> <Delay = 0.00>
ST_3 : Operation 25 [1/1] (0.00ns)   --->   "%specpipeline_ln92 = specpipeline void @_ssdm_op_SpecPipeline, i32 1, i32 0, i32 0, i32 0, void @empty_22" [hls-design/ntt-kernel.cpp:92]   --->   Operation 25 'specpipeline' 'specpipeline_ln92' <Predicate = true> <Delay = 0.00>
ST_3 : Operation 26 [1/1] (0.00ns)   --->   "%speclooptripcount_ln93 = speclooptripcount void @_ssdm_op_SpecLoopTripCount, i64 256, i64 4096, i64 2176" [hls-design/ntt-kernel.cpp:93]   --->   Operation 26 'speclooptripcount' 'speclooptripcount_ln93' <Predicate = true> <Delay = 0.00>
ST_3 : Operation 27 [1/1] (0.00ns)   --->   "%specloopname_ln91 = specloopname void @_ssdm_op_SpecLoopName, void @empty_28" [hls-design/ntt-kernel.cpp:91]   --->   Operation 27 'specloopname' 'specloopname_ln91' <Predicate = true> <Delay = 0.00>
ST_3 : Operation 28 [1/1] (0.00ns)   --->   "%local_psi_addr = getelementptr i12 %local_psi, i64 0, i64 %zext_ln91_1" [hls-design/ntt-kernel.cpp:94]   --->   Operation 28 'getelementptr' 'local_psi_addr' <Predicate = true> <Delay = 0.00>
ST_3 : Operation 29 [1/1] (1.23ns)   --->   "%store_ln94 = store i12 %trunc_ln94, i12 %local_psi_addr" [hls-design/ntt-kernel.cpp:94]   --->   Operation 29 'store' 'store_ln94' <Predicate = true> <Delay = 1.23> <CoreInst = "RAM_2P_BRAM">   --->   Core 94 'RAM_2P_BRAM' <Latency = 1> <II = 1> <Delay = 1.23> <Storage> <Opcode : 'load' 'store'> <Ports = 2> <Width = 12> <Depth = 4096> <RAM>
ST_3 : Operation 30 [1/1] (0.00ns)   --->   "%br_ln91 = br void %for.inc12" [hls-design/ntt-kernel.cpp:91]   --->   Operation 30 'br' 'br_ln91' <Predicate = true> <Delay = 0.00>


============================================================
+ Verbose Summary: Binding
============================================================
STG Binding: 
---------------- STG Properties BEGIN ----------------
- Is combinational: 0
- Is one-state seq: 0
- Is datapath-only: 0
- Is pipelined: 0
- Is top level: 0
Port [ Return ] is wired: 1; IO mode=ap_ctrl_hs:ce=0
Port [ gmem1]:  wired=1; compound=1; hidden=0; nouse=0; global=0; static=0; extern=0; dir=0; type=4; pingpong=0; private_global=0; IO mode=m_axi:ce=0
Port [ n]:  wired=1; compound=0; hidden=0; nouse=0; global=0; static=0; extern=0; dir=0; type=0; pingpong=0; private_global=0; IO mode=ap_none:ce=0
Port [ sext_ln91]:  wired=1; compound=0; hidden=0; nouse=0; global=0; static=0; extern=0; dir=0; type=0; pingpong=0; private_global=0; IO mode=ap_none:ce=0
Port [ local_psi]:  wired=1; compound=1; hidden=0; nouse=0; global=0; static=0; extern=0; dir=1; type=1; pingpong=0; private_global=0; MemPort=[30]; IO mode=ap_memory:ce=0
---------------- STG Properties END ------------------

---------------- Datapath Model BEGIN ----------------

<LifeTime>
<method=bitvector/>
i_1                    (alloca           ) [ 0100]
sext_ln91_read         (read             ) [ 0000]
n_read                 (read             ) [ 0000]
sext_ln91_cast         (sext             ) [ 0110]
specmemcore_ln0        (specmemcore      ) [ 0000]
specinterface_ln0      (specinterface    ) [ 0000]
store_ln91             (store            ) [ 0000]
br_ln0                 (br               ) [ 0000]
i                      (load             ) [ 0111]
specbitsmap_ln0        (specbitsmap      ) [ 0000]
zext_ln91              (zext             ) [ 0000]
icmp_ln91              (icmp             ) [ 0110]
add_ln91               (add              ) [ 0000]
br_ln91                (br               ) [ 0000]
store_ln91             (store            ) [ 0000]
gmem1_addr             (getelementptr    ) [ 0000]
gmem1_addr_read        (read             ) [ 0000]
trunc_ln94             (trunc            ) [ 0101]
zext_ln91_1            (zext             ) [ 0000]
specpipeline_ln92      (specpipeline     ) [ 0000]
speclooptripcount_ln93 (speclooptripcount) [ 0000]
specloopname_ln91      (specloopname     ) [ 0000]
local_psi_addr         (getelementptr    ) [ 0000]
store_ln94             (store            ) [ 0000]
br_ln91                (br               ) [ 0000]
ret_ln0                (ret              ) [ 0000]
</LifeTime>

<model>

<comp_list>
<comp id="0" class="1000" name="gmem1">
<pin_list>
<pin id="1" dir="1" index="0" bw="1" slack="0"/>
</pin_list>
<bind>
<StgValue><ssdm name="gmem1"/></StgValue>
</bind>
</comp>

<comp id="2" class="1000" name="n">
<pin_list>
<pin id="3" dir="1" index="0" bw="1" slack="0"/>
</pin_list>
<bind>
<StgValue><ssdm name="n"/></StgValue>
</bind>
</comp>

<comp id="4" class="1000" name="sext_ln91">
<pin_list>
<pin id="5" dir="1" index="0" bw="1" slack="0"/>
</pin_list>
<bind>
<StgValue><ssdm name="sext_ln91"/></StgValue>
</bind>
</comp>

<comp id="6" class="1000" name="local_psi">
<pin_list>
<pin id="7" dir="1" index="0" bw="1" slack="0"/>
</pin_list>
<bind>
<StgValue><ssdm name="local_psi"/><MemPortTyVec>3 0 </MemPortTyVec>
</StgValue>
</bind>
</comp>

<comp id="8" class="1001" name="const_8">
<pin_list>
<pin id="9" dir="1" index="0" bw="1" slack="0"/>
</pin_list>
<bind>
<StgValue><ssdm name=""/></StgValue>
</bind>
</comp>

<comp id="10" class="1001" name="const_10">
<pin_list>
<pin id="11" dir="1" index="0" bw="1" slack="0"/>
</pin_list>
<bind>
<StgValue><ssdm name="_ssdm_op_Read.ap_auto.i62"/></StgValue>
</bind>
</comp>

<comp id="12" class="1001" name="const_12">
<pin_list>
<pin id="13" dir="1" index="0" bw="1" slack="0"/>
</pin_list>
<bind>
<StgValue><ssdm name="_ssdm_op_Read.ap_auto.i32"/></StgValue>
</bind>
</comp>

<comp id="14" class="1001" name="const_14">
<pin_list>
<pin id="15" dir="1" index="0" bw="1" slack="2147483647"/>
</pin_list>
<bind>
<StgValue><ssdm name="_ssdm_op_SpecMemCore"/></StgValue>
</bind>
</comp>

<comp id="16" class="1001" name="const_16">
<pin_list>
<pin id="17" dir="1" index="0" bw="1" slack="2147483647"/>
</pin_list>
<bind>
<StgValue><ssdm name=""/></StgValue>
</bind>
</comp>

<comp id="18" class="1001" name="const_18">
<pin_list>
<pin id="19" dir="1" index="0" bw="1" slack="2147483647"/>
</pin_list>
<bind>
<StgValue><ssdm name=""/></StgValue>
</bind>
</comp>

<comp id="20" class="1001" name="const_20">
<pin_list>
<pin id="21" dir="1" index="0" bw="1" slack="2147483647"/>
</pin_list>
<bind>
<StgValue><ssdm name=""/></StgValue>
</bind>
</comp>

<comp id="22" class="1001" name="const_22">
<pin_list>
<pin id="23" dir="1" index="0" bw="1" slack="2147483647"/>
</pin_list>
<bind>
<StgValue><ssdm name="_ssdm_op_SpecInterface"/></StgValue>
</bind>
</comp>

<comp id="24" class="1001" name="const_24">
<pin_list>
<pin id="25" dir="1" index="0" bw="1" slack="2147483647"/>
</pin_list>
<bind>
<StgValue><ssdm name="empty_9"/></StgValue>
</bind>
</comp>

<comp id="26" class="1001" name="const_26">
<pin_list>
<pin id="27" dir="1" index="0" bw="1" slack="2147483647"/>
</pin_list>
<bind>
<StgValue><ssdm name=""/></StgValue>
</bind>
</comp>

<comp id="28" class="1001" name="const_28">
<pin_list>
<pin id="29" dir="1" index="0" bw="1" slack="2147483647"/>
</pin_list>
<bind>
<StgValue><ssdm name="empty_22"/></StgValue>
</bind>
</comp>

<comp id="30" class="1001" name="const_30">
<pin_list>
<pin id="31" dir="1" index="0" bw="1" slack="2147483647"/>
</pin_list>
<bind>
<StgValue><ssdm name=""/></StgValue>
</bind>
</comp>

<comp id="32" class="1001" name="const_32">
<pin_list>
<pin id="33" dir="1" index="0" bw="1" slack="2147483647"/>
</pin_list>
<bind>
<StgValue><ssdm name="empty_5"/></StgValue>
</bind>
</comp>

<comp id="34" class="1001" name="const_34">
<pin_list>
<pin id="35" dir="1" index="0" bw="1" slack="2147483647"/>
</pin_list>
<bind>
<StgValue><ssdm name="empty_21"/></StgValue>
</bind>
</comp>

<comp id="36" class="1001" name="const_36">
<pin_list>
<pin id="37" dir="1" index="0" bw="1" slack="2147483647"/>
</pin_list>
<bind>
<StgValue><ssdm name=""/></StgValue>
</bind>
</comp>

<comp id="38" class="1001" name="const_38">
<pin_list>
<pin id="39" dir="1" index="0" bw="1" slack="2147483647"/>
</pin_list>
<bind>
<StgValue><ssdm name=""/></StgValue>
</bind>
</comp>

<comp id="40" class="1001" name="const_40">
<pin_list>
<pin id="41" dir="1" index="0" bw="1" slack="0"/>
</pin_list>
<bind>
<StgValue><ssdm name=""/></StgValue>
</bind>
</comp>

<comp id="42" class="1001" name="const_42">
<pin_list>
<pin id="43" dir="1" index="0" bw="1" slack="2147483647"/>
</pin_list>
<bind>
<StgValue><ssdm name="_ssdm_op_SpecBitsMap"/></StgValue>
</bind>
</comp>

<comp id="44" class="1001" name="const_44">
<pin_list>
<pin id="45" dir="1" index="0" bw="1" slack="0"/>
</pin_list>
<bind>
<StgValue><ssdm name=""/></StgValue>
</bind>
</comp>

<comp id="46" class="1001" name="const_46">
<pin_list>
<pin id="47" dir="1" index="0" bw="1" slack="0"/>
</pin_list>
<bind>
<StgValue><ssdm name="_ssdm_op_Read.m_axi.p1i32"/></StgValue>
</bind>
</comp>

<comp id="48" class="1001" name="const_48">
<pin_list>
<pin id="49" dir="1" index="0" bw="1" slack="2147483647"/>
</pin_list>
<bind>
<StgValue><ssdm name="_ssdm_op_SpecPipeline"/></StgValue>
</bind>
</comp>

<comp id="50" class="1001" name="const_50">
<pin_list>
<pin id="51" dir="1" index="0" bw="1" slack="2147483647"/>
</pin_list>
<bind>
<StgValue><ssdm name="_ssdm_op_SpecLoopTripCount"/></StgValue>
</bind>
</comp>

<comp id="52" class="1001" name="const_52">
<pin_list>
<pin id="53" dir="1" index="0" bw="1" slack="2147483647"/>
</pin_list>
<bind>
<StgValue><ssdm name=""/></StgValue>
</bind>
</comp>

<comp id="54" class="1001" name="const_54">
<pin_list>
<pin id="55" dir="1" index="0" bw="1" slack="2147483647"/>
</pin_list>
<bind>
<StgValue><ssdm name=""/></StgValue>
</bind>
</comp>

<comp id="56" class="1001" name="const_56">
<pin_list>
<pin id="57" dir="1" index="0" bw="1" slack="2147483647"/>
</pin_list>
<bind>
<StgValue><ssdm name=""/></StgValue>
</bind>
</comp>

<comp id="58" class="1001" name="const_58">
<pin_list>
<pin id="59" dir="1" index="0" bw="1" slack="2147483647"/>
</pin_list>
<bind>
<StgValue><ssdm name="_ssdm_op_SpecLoopName"/></StgValue>
</bind>
</comp>

<comp id="60" class="1001" name="const_60">
<pin_list>
<pin id="61" dir="1" index="0" bw="1" slack="2147483647"/>
</pin_list>
<bind>
<StgValue><ssdm name="empty_28"/></StgValue>
</bind>
</comp>

<comp id="62" class="1001" name="const_62">
<pin_list>
<pin id="63" dir="1" index="0" bw="1" slack="0"/>
</pin_list>
<bind>
<StgValue><ssdm name=""/></StgValue>
</bind>
</comp>

<comp id="64" class="1004" name="i_1_fu_64">
<pin_list>
<pin id="65" dir="0" index="0" bw="1" slack="0"/>
<pin id="66" dir="1" index="1" bw="13" slack="0"/>
</pin_list>
<bind>
<opcode="alloca(26) " fcode="alloca"/>
<opset="i_1/1 "/>
</bind>
</comp>

<comp id="68" class="1004" name="sext_ln91_read_read_fu_68">
<pin_list>
<pin id="69" dir="0" index="0" bw="62" slack="0"/>
<pin id="70" dir="0" index="1" bw="62" slack="0"/>
<pin id="71" dir="1" index="2" bw="62" slack="0"/>
</pin_list>
<bind>
<opcode="read(1150) " fcode="read"/>
<opset="sext_ln91_read/1 "/>
</bind>
</comp>

<comp id="74" class="1004" name="n_read_read_fu_74">
<pin_list>
<pin id="75" dir="0" index="0" bw="32" slack="0"/>
<pin id="76" dir="0" index="1" bw="32" slack="0"/>
<pin id="77" dir="1" index="2" bw="32" slack="0"/>
</pin_list>
<bind>
<opcode="read(1150) " fcode="read"/>
<opset="n_read/1 "/>
</bind>
</comp>

<comp id="80" class="1004" name="gmem1_addr_read_read_fu_80">
<pin_list>
<pin id="81" dir="0" index="0" bw="32" slack="0"/>
<pin id="82" dir="0" index="1" bw="32" slack="0"/>
<pin id="83" dir="1" index="2" bw="32" slack="0"/>
</pin_list>
<bind>
<opcode="read(1150) " fcode="read"/>
<opset="gmem1_addr_read/2 "/>
</bind>
</comp>

<comp id="85" class="1004" name="local_psi_addr_gep_fu_85">
<pin_list>
<pin id="86" dir="0" index="0" bw="12" slack="0"/>
<pin id="87" dir="0" index="1" bw="1" slack="0"/>
<pin id="88" dir="0" index="2" bw="13" slack="0"/>
<pin id="89" dir="1" index="3" bw="12" slack="0"/>
</pin_list>
<bind>
<opcode="getelementptr(29) " fcode="getelementptr"/>
<opset="local_psi_addr/3 "/>
</bind>
</comp>

<comp id="92" class="1004" name="store_ln94_access_fu_92">
<pin_list>
<pin id="93" dir="0" index="0" bw="12" slack="2147483647"/>
<pin id="94" dir="0" index="1" bw="12" slack="2147483647"/>
<pin id="95" dir="0" index="2" bw="0" slack="0"/>
<pin id="97" dir="0" index="4" bw="12" slack="1"/>
<pin id="98" dir="0" index="5" bw="12" slack="2147483647"/>
<pin id="99" dir="0" index="6" bw="0" slack="2147483647"/>
<pin id="96" dir="1" index="3" bw="12" slack="2147483647"/>
<pin id="100" dir="1" index="7" bw="12" slack="2147483647"/>
</pin_list>
<bind>
<opcode="store(28) " fcode="store"/>
<opset="store_ln94/3 "/>
</bind>
</comp>

<comp id="102" class="1004" name="sext_ln91_cast_fu_102">
<pin_list>
<pin id="103" dir="0" index="0" bw="62" slack="0"/>
<pin id="104" dir="1" index="1" bw="64" slack="1"/>
</pin_list>
<bind>
<opcode="sext(35) " fcode="sext"/>
<opset="sext_ln91_cast/1 "/>
</bind>
</comp>

<comp id="106" class="1004" name="store_ln91_store_fu_106">
<pin_list>
<pin id="107" dir="0" index="0" bw="1" slack="0"/>
<pin id="108" dir="0" index="1" bw="13" slack="0"/>
<pin id="109" dir="1" index="2" bw="0" slack="2147483647"/>
</pin_list>
<bind>
<opcode="store(28) " fcode="store"/>
<opset="store_ln91/1 "/>
</bind>
</comp>

<comp id="111" class="1004" name="i_load_fu_111">
<pin_list>
<pin id="112" dir="0" index="0" bw="13" slack="0"/>
<pin id="113" dir="1" index="1" bw="13" slack="0"/>
</pin_list>
<bind>
<opcode="load(27) " fcode="load"/>
<opset="i/1 "/>
</bind>
</comp>

<comp id="114" class="1004" name="zext_ln91_fu_114">
<pin_list>
<pin id="115" dir="0" index="0" bw="13" slack="0"/>
<pin id="116" dir="1" index="1" bw="32" slack="0"/>
</pin_list>
<bind>
<opcode="zext(34) " fcode="zext"/>
<opset="zext_ln91/1 "/>
</bind>
</comp>

<comp id="118" class="1004" name="icmp_ln91_fu_118">
<pin_list>
<pin id="119" dir="0" index="0" bw="32" slack="0"/>
<pin id="120" dir="0" index="1" bw="32" slack="0"/>
<pin id="121" dir="1" index="2" bw="1" slack="1"/>
</pin_list>
<bind>
<opcode="icmp(45) " fcode="icmp"/>
<opset="icmp_ln91/1 "/>
</bind>
</comp>

<comp id="124" class="1004" name="add_ln91_fu_124">
<pin_list>
<pin id="125" dir="0" index="0" bw="13" slack="0"/>
<pin id="126" dir="0" index="1" bw="1" slack="0"/>
<pin id="127" dir="1" index="2" bw="13" slack="0"/>
</pin_list>
<bind>
<opcode="add(8) " fcode="add"/>
<opset="add_ln91/1 "/>
</bind>
</comp>

<comp id="130" class="1004" name="store_ln91_store_fu_130">
<pin_list>
<pin id="131" dir="0" index="0" bw="13" slack="0"/>
<pin id="132" dir="0" index="1" bw="13" slack="0"/>
<pin id="133" dir="1" index="2" bw="0" slack="2147483647"/>
</pin_list>
<bind>
<opcode="store(28) " fcode="store"/>
<opset="store_ln91/1 "/>
</bind>
</comp>

<comp id="135" class="1004" name="gmem1_addr_fu_135">
<pin_list>
<pin id="136" dir="0" index="0" bw="64" slack="0"/>
<pin id="137" dir="0" index="1" bw="64" slack="1"/>
<pin id="138" dir="1" index="2" bw="64" slack="0"/>
</pin_list>
<bind>
<opcode="getelementptr(29) " fcode="getelementptr"/>
<opset="gmem1_addr/2 "/>
</bind>
</comp>

<comp id="141" class="1004" name="trunc_ln94_fu_141">
<pin_list>
<pin id="142" dir="0" index="0" bw="32" slack="0"/>
<pin id="143" dir="1" index="1" bw="12" slack="1"/>
</pin_list>
<bind>
<opcode="trunc(33) " fcode="trunc"/>
<opset="trunc_ln94/2 "/>
</bind>
</comp>

<comp id="145" class="1004" name="zext_ln91_1_fu_145">
<pin_list>
<pin id="146" dir="0" index="0" bw="13" slack="2"/>
<pin id="147" dir="1" index="1" bw="64" slack="0"/>
</pin_list>
<bind>
<opcode="zext(34) " fcode="zext"/>
<opset="zext_ln91_1/3 "/>
</bind>
</comp>

<comp id="149" class="1005" name="i_1_reg_149">
<pin_list>
<pin id="150" dir="0" index="0" bw="13" slack="0"/>
<pin id="151" dir="1" index="1" bw="13" slack="0"/>
</pin_list>
<bind>
<opset="i_1 "/>
</bind>
</comp>

<comp id="156" class="1005" name="sext_ln91_cast_reg_156">
<pin_list>
<pin id="157" dir="0" index="0" bw="64" slack="1"/>
<pin id="158" dir="1" index="1" bw="64" slack="1"/>
</pin_list>
<bind>
<opset="sext_ln91_cast "/>
</bind>
</comp>

<comp id="161" class="1005" name="i_reg_161">
<pin_list>
<pin id="162" dir="0" index="0" bw="13" slack="2"/>
<pin id="163" dir="1" index="1" bw="13" slack="2"/>
</pin_list>
<bind>
<opset="i "/>
</bind>
</comp>

<comp id="166" class="1005" name="icmp_ln91_reg_166">
<pin_list>
<pin id="167" dir="0" index="0" bw="1" slack="1"/>
<pin id="168" dir="1" index="1" bw="1" slack="2147483647"/>
</pin_list>
<bind>
<opset="icmp_ln91 "/>
</bind>
</comp>

<comp id="170" class="1005" name="trunc_ln94_reg_170">
<pin_list>
<pin id="171" dir="0" index="0" bw="12" slack="1"/>
<pin id="172" dir="1" index="1" bw="12" slack="1"/>
</pin_list>
<bind>
<opset="trunc_ln94 "/>
</bind>
</comp>

</comp_list>

<net_list>
<net id="67"><net_src comp="8" pin="0"/><net_sink comp="64" pin=0"/></net>

<net id="72"><net_src comp="10" pin="0"/><net_sink comp="68" pin=0"/></net>

<net id="73"><net_src comp="4" pin="0"/><net_sink comp="68" pin=1"/></net>

<net id="78"><net_src comp="12" pin="0"/><net_sink comp="74" pin=0"/></net>

<net id="79"><net_src comp="2" pin="0"/><net_sink comp="74" pin=1"/></net>

<net id="84"><net_src comp="46" pin="0"/><net_sink comp="80" pin=0"/></net>

<net id="90"><net_src comp="6" pin="0"/><net_sink comp="85" pin=0"/></net>

<net id="91"><net_src comp="62" pin="0"/><net_sink comp="85" pin=1"/></net>

<net id="101"><net_src comp="85" pin="3"/><net_sink comp="92" pin=2"/></net>

<net id="105"><net_src comp="68" pin="2"/><net_sink comp="102" pin=0"/></net>

<net id="110"><net_src comp="40" pin="0"/><net_sink comp="106" pin=0"/></net>

<net id="117"><net_src comp="111" pin="1"/><net_sink comp="114" pin=0"/></net>

<net id="122"><net_src comp="114" pin="1"/><net_sink comp="118" pin=0"/></net>

<net id="123"><net_src comp="74" pin="2"/><net_sink comp="118" pin=1"/></net>

<net id="128"><net_src comp="111" pin="1"/><net_sink comp="124" pin=0"/></net>

<net id="129"><net_src comp="44" pin="0"/><net_sink comp="124" pin=1"/></net>

<net id="134"><net_src comp="124" pin="2"/><net_sink comp="130" pin=0"/></net>

<net id="139"><net_src comp="0" pin="0"/><net_sink comp="135" pin=0"/></net>

<net id="140"><net_src comp="135" pin="2"/><net_sink comp="80" pin=1"/></net>

<net id="144"><net_src comp="80" pin="2"/><net_sink comp="141" pin=0"/></net>

<net id="148"><net_src comp="145" pin="1"/><net_sink comp="85" pin=2"/></net>

<net id="152"><net_src comp="64" pin="1"/><net_sink comp="149" pin=0"/></net>

<net id="153"><net_src comp="149" pin="1"/><net_sink comp="106" pin=1"/></net>

<net id="154"><net_src comp="149" pin="1"/><net_sink comp="111" pin=0"/></net>

<net id="155"><net_src comp="149" pin="1"/><net_sink comp="130" pin=1"/></net>

<net id="159"><net_src comp="102" pin="1"/><net_sink comp="156" pin=0"/></net>

<net id="160"><net_src comp="156" pin="1"/><net_sink comp="135" pin=1"/></net>

<net id="164"><net_src comp="111" pin="1"/><net_sink comp="161" pin=0"/></net>

<net id="165"><net_src comp="161" pin="1"/><net_sink comp="145" pin=0"/></net>

<net id="169"><net_src comp="118" pin="2"/><net_sink comp="166" pin=0"/></net>

<net id="173"><net_src comp="141" pin="1"/><net_sink comp="170" pin=0"/></net>

<net id="174"><net_src comp="170" pin="1"/><net_sink comp="92" pin=4"/></net>

</net_list>

</model> 
---------------- Datapath Model END ------------------

* FSMD analyzer results:
  - Output states:
	Port: gmem1 | {}
	Port: local_psi | {3 }
 - Input state : 
	Port: ntt_kernel_Pipeline_CACHE_PSI_LOOP : gmem1 | {2 }
	Port: ntt_kernel_Pipeline_CACHE_PSI_LOOP : n | {1 }
	Port: ntt_kernel_Pipeline_CACHE_PSI_LOOP : sext_ln91 | {1 }
  - Chain level:
	State 1
		store_ln91 : 1
		i : 1
		zext_ln91 : 2
		icmp_ln91 : 3
		add_ln91 : 2
		br_ln91 : 4
		store_ln91 : 3
	State 2
		gmem1_addr_read : 1
		trunc_ln94 : 1
	State 3
		local_psi_addr : 1
		store_ln94 : 2


============================================================
+ Verbose Summary: Datapath Resource usage 
============================================================

* Functional unit list:
|----------|----------------------------|---------|---------|
| Operation|       Functional Unit      |    FF   |   LUT   |
|----------|----------------------------|---------|---------|
|   icmp   |      icmp_ln91_fu_118      |    0    |    39   |
|----------|----------------------------|---------|---------|
|    add   |       add_ln91_fu_124      |    0    |    20   |
|----------|----------------------------|---------|---------|
|          |  sext_ln91_read_read_fu_68 |    0    |    0    |
|   read   |      n_read_read_fu_74     |    0    |    0    |
|          | gmem1_addr_read_read_fu_80 |    0    |    0    |
|----------|----------------------------|---------|---------|
|   sext   |    sext_ln91_cast_fu_102   |    0    |    0    |
|----------|----------------------------|---------|---------|
|   zext   |      zext_ln91_fu_114      |    0    |    0    |
|          |     zext_ln91_1_fu_145     |    0    |    0    |
|----------|----------------------------|---------|---------|
|   trunc  |      trunc_ln94_fu_141     |    0    |    0    |
|----------|----------------------------|---------|---------|
|   Total  |                            |    0    |    59   |
|----------|----------------------------|---------|---------|

Memories:
N/A

* Register list:
+----------------------+--------+
|                      |   FF   |
+----------------------+--------+
|      i_1_reg_149     |   13   |
|       i_reg_161      |   13   |
|   icmp_ln91_reg_166  |    1   |
|sext_ln91_cast_reg_156|   64   |
|  trunc_ln94_reg_170  |   12   |
+----------------------+--------+
|         Total        |   103  |
+----------------------+--------+

* Multiplexer (MUX) list: 
|--------|------|------|------|--------|
|  Comp  |  Pin | Size |  BW  | S x BW |
|--------|------|------|------|--------|
|  Total |      |      |      |    0   |
|--------|------|------|------|--------|



* Summary:
+-----------+--------+--------+
|           |   FF   |   LUT  |
+-----------+--------+--------+
|  Function |    0   |   59   |
|   Memory  |    -   |    -   |
|Multiplexer|    -   |    -   |
|  Register |   103  |    -   |
+-----------+--------+--------+
|   Total   |   103  |   59   |
+-----------+--------+--------+
