

================================================================
== Vitis HLS Report for 'ntt_kernel_Pipeline_FLATTENED_BUTTERFLY_LOOP'
================================================================
* Date:           Mon Jun  1 21:40:40 2026

* Version:        2023.2 (Build 4023990 on Oct 11 2023)
* Project:        hls-design
* Solution:       ntt-asic (Vivado IP Flow Target)
* Product family: zynquplus
* Target device:  xck26-sfvc784-2LV-c


================================================================
== Performance Estimates
================================================================
+ Timing: 
    * Summary: 
    +--------+----------+----------+------------+
    |  Clock |  Target  | Estimated| Uncertainty|
    +--------+----------+----------+------------+
    |ap_clk  |  10.00 ns|  6.108 ns|     2.70 ns|
    +--------+----------+----------+------------+

+ Latency: 
    * Summary: 
    +---------+---------+-----------+----------+------+-------+---------+
    |  Latency (cycles) |  Latency (absolute)  |   Interval   | Pipeline|
    |   min   |   max   |    min    |    max   |  min |  max  |   Type  |
    +---------+---------+-----------+----------+------+-------+---------+
    |     1666|    26626|  16.660 us|  0.266 ms|  1666|  26626|       no|
    +---------+---------+-----------+----------+------+-------+---------+

    + Detail: 
        * Instance: 
        N/A

        * Loop: 
        +----------------------------+---------+---------+----------+-----------+-----------+------------+----------+
        |                            |  Latency (cycles) | Iteration|  Initiation Interval  |    Trip    |          |
        |          Loop Name         |   min   |   max   |  Latency |  achieved |   target  |    Count   | Pipelined|
        +----------------------------+---------+---------+----------+-----------+-----------+------------+----------+
        |- FLATTENED_BUTTERFLY_LOOP  |     1664|    26624|        14|         13|          1|  128 ~ 2048|       yes|
        +----------------------------+---------+---------+----------+-----------+-----------+------------+----------+

============================================================
+ Verbose Summary: Synthesis Manager
============================================================
InlineROM: 1
ExposeGlobal: 0
============================================================
+ Verbose Summary: CDFG Model
============================================================
IsTopModel: 0
ResetActiveHigh: 1
IsCombinational: 0
IsDatapathOnly: 0
HasWiredReturn: 1
HasMFsm: 2
HasVarLatency: 1
IsPipeline: 0
IsRtlPipelined: 0
IsInstanceOverlapped: 0
IsDontTouch: 0
HasImplIP: 0
IsGatedGlobalClock: 0

+ Individual pipeline summary: 
  * Pipeline-0: initiation interval (II) = 13, depth = 14


============================================================
+ Verbose Summary: Schedule
============================================================
* Number of FSM states : 14
* Pipeline : 1
  Pipeline-0 : II = 13, D = 14, States = { 1 2 3 4 5 6 7 8 9 10 11 12 13 14 }
* Dataflow Pipeline: 0

* FSM state transitions: 
1 --> 2 
2 --> 3 
3 --> 4 
4 --> 5 
5 --> 6 
6 --> 7 
7 --> 8 
8 --> 9 
9 --> 10 
10 --> 11 
11 --> 12 
12 --> 13 
13 --> 14 
14 --> 

* FSM state operations: 

State 1 <SV = 0> <Delay = 2.80>
ST_1 : Operation 17 [1/1] (0.00ns)   --->   "%step = alloca i32 1" [hls-design/ntt-kernel.cpp:126]   --->   Operation 17 'alloca' 'step' <Predicate = true> <Delay = 0.00>
ST_1 : Operation 18 [1/1] (0.00ns)   --->   "%q_read = read i32 @_ssdm_op_Read.ap_auto.i32, i32 %q"   --->   Operation 18 'read' 'q_read' <Predicate = true> <Delay = 0.00>
ST_1 : Operation 19 [1/1] (0.00ns)   --->   "%conv5_i_read = read i32 @_ssdm_op_Read.ap_auto.i32, i32 %conv5_i"   --->   Operation 19 'read' 'conv5_i_read' <Predicate = true> <Delay = 0.00>
ST_1 : Operation 20 [1/1] (0.00ns)   --->   "%q_inv_read = read i32 @_ssdm_op_Read.ap_auto.i32, i32 %q_inv"   --->   Operation 20 'read' 'q_inv_read' <Predicate = true> <Delay = 0.00>
ST_1 : Operation 21 [1/1] (0.00ns)   --->   "%use_ping_as_input_read = read i1 @_ssdm_op_Read.ap_auto.i1, i1 %use_ping_as_input"   --->   Operation 21 'read' 'use_ping_as_input_read' <Predicate = true> <Delay = 0.00>
ST_1 : Operation 22 [1/1] (0.00ns)   --->   "%tmp = read i12 @_ssdm_op_Read.ap_auto.i12, i12 %empty"   --->   Operation 22 'read' 'tmp' <Predicate = true> <Delay = 0.00>
ST_1 : Operation 23 [1/1] (0.00ns)   --->   "%tmp_1 = read i12 @_ssdm_op_Read.ap_auto.i12, i12 %empty_29"   --->   Operation 23 'read' 'tmp_1' <Predicate = true> <Delay = 0.00>
ST_1 : Operation 24 [1/1] (0.00ns)   --->   "%stage_1_read = read i32 @_ssdm_op_Read.ap_auto.i32, i32 %stage_1"   --->   Operation 24 'read' 'stage_1_read' <Predicate = true> <Delay = 0.00>
ST_1 : Operation 25 [1/1] (0.00ns)   --->   "%stage_read = read i32 @_ssdm_op_Read.ap_auto.i32, i32 %stage"   --->   Operation 25 'read' 'stage_read' <Predicate = true> <Delay = 0.00>
ST_1 : Operation 26 [1/1] (0.00ns)   --->   "%sub53_read = read i12 @_ssdm_op_Read.ap_auto.i12, i12 %sub53"   --->   Operation 26 'read' 'sub53_read' <Predicate = true> <Delay = 0.00>
ST_1 : Operation 27 [1/1] (0.00ns)   --->   "%half_n_read = read i31 @_ssdm_op_Read.ap_auto.i31, i31 %half_n"   --->   Operation 27 'read' 'half_n_read' <Predicate = true> <Delay = 0.00>
ST_1 : Operation 28 [1/1] (0.00ns)   --->   "%conv5_i_cast = zext i32 %conv5_i_read"   --->   Operation 28 'zext' 'conv5_i_cast' <Predicate = true> <Delay = 0.00>
ST_1 : Operation 29 [1/1] (0.00ns)   --->   "%specmemcore_ln0 = specmemcore void @_ssdm_op_SpecMemCore, i32 %pong, i64 666, i64 22, i64 18446744073709551615"   --->   Operation 29 'specmemcore' 'specmemcore_ln0' <Predicate = true> <Delay = 0.00>
ST_1 : Operation 30 [1/1] (0.00ns)   --->   "%specmemcore_ln0 = specmemcore void @_ssdm_op_SpecMemCore, i32 %ping, i64 666, i64 22, i64 18446744073709551615"   --->   Operation 30 'specmemcore' 'specmemcore_ln0' <Predicate = true> <Delay = 0.00>
ST_1 : Operation 31 [1/1] (0.00ns)   --->   "%specmemcore_ln0 = specmemcore void @_ssdm_op_SpecMemCore, i32 %local_twiddles, i64 666, i64 22, i64 18446744073709551615"   --->   Operation 31 'specmemcore' 'specmemcore_ln0' <Predicate = true> <Delay = 0.00>
ST_1 : Operation 32 [1/1] (0.42ns)   --->   "%store_ln126 = store i30 0, i30 %step" [hls-design/ntt-kernel.cpp:126]   --->   Operation 32 'store' 'store_ln126' <Predicate = true> <Delay = 0.42>
ST_1 : Operation 33 [1/1] (0.00ns)   --->   "%br_ln0 = br void %for.body52"   --->   Operation 33 'br' 'br_ln0' <Predicate = true> <Delay = 0.00>
ST_1 : Operation 34 [1/1] (0.00ns)   --->   "%step_1 = load i30 %step" [hls-design/ntt-kernel.cpp:126]   --->   Operation 34 'load' 'step_1' <Predicate = true> <Delay = 0.00>
ST_1 : Operation 35 [1/1] (0.00ns)   --->   "%zext_ln126_1 = zext i30 %step_1" [hls-design/ntt-kernel.cpp:126]   --->   Operation 35 'zext' 'zext_ln126_1' <Predicate = true> <Delay = 0.00>
ST_1 : Operation 36 [1/1] (1.00ns)   --->   "%icmp_ln126 = icmp_slt  i31 %zext_ln126_1, i31 %half_n_read" [hls-design/ntt-kernel.cpp:126]   --->   Operation 36 'icmp' 'icmp_ln126' <Predicate = true> <Delay = 1.00> <CoreInst = "Cmp">   --->   Core 9 'Cmp' <Latency = 0> <II = 1> <Delay = 1.00> <FuncUnit> <Opcode : 'icmp'> <InPorts = 2> <OutPorts = 1>
ST_1 : Operation 37 [1/1] (0.99ns)   --->   "%step_2 = add i30 %step_1, i30 1" [hls-design/ntt-kernel.cpp:126]   --->   Operation 37 'add' 'step_2' <Predicate = true> <Delay = 0.99> <CoreInst = "Adder">   --->   Core 1 'Adder' <Latency = 0> <II = 1> <Delay = 0.99> <FuncUnit> <Opcode : 'add' 'sub'> <InPorts = 2> <OutPorts = 1>
ST_1 : Operation 38 [1/1] (0.00ns)   --->   "%br_ln126 = br i1 %icmp_ln126, void %for.inc89.loopexit.exitStub, void %fpga_resource_hint.if.end.3" [hls-design/ntt-kernel.cpp:126]   --->   Operation 38 'br' 'br_ln126' <Predicate = true> <Delay = 0.00>
ST_1 : Operation 39 [1/1] (0.00ns)   --->   "%zext_ln126 = zext i30 %step_1" [hls-design/ntt-kernel.cpp:126]   --->   Operation 39 'zext' 'zext_ln126' <Predicate = (icmp_ln126)> <Delay = 0.00>
ST_1 : Operation 40 [1/1] (0.00ns)   --->   "%trunc_ln126 = trunc i30 %step_1" [hls-design/ntt-kernel.cpp:126]   --->   Operation 40 'trunc' 'trunc_ln126' <Predicate = (icmp_ln126)> <Delay = 0.00>
ST_1 : Operation 41 [1/1] (0.32ns)   --->   "%j = and i12 %trunc_ln126, i12 %sub53_read" [hls-design/ntt-kernel.cpp:130]   --->   Operation 41 'and' 'j' <Predicate = (icmp_ln126)> <Delay = 0.32> <CoreInst = "LogicGate">   --->   Core 74 'LogicGate' <Latency = 0> <II = 1> <Delay = 0.32> <FuncUnit> <Opcode : 'and' 'or' 'xor'> <InPorts = 2> <OutPorts = 1>
ST_1 : Operation 42 [1/1] (1.38ns)   --->   "%lshr_ln131 = lshr i32 %zext_ln126, i32 %stage_read" [hls-design/ntt-kernel.cpp:131]   --->   Operation 42 'lshr' 'lshr_ln131' <Predicate = (icmp_ln126)> <Delay = 1.38> <CoreInst = "Shifter">   --->   Core 75 'Shifter' <Latency = 0> <II = 1> <Delay = 1.38> <FuncUnit> <Opcode : 'shl' 'lshr' 'ashr'> <InPorts = 2> <OutPorts = 1>
ST_1 : Operation 43 [1/1] (0.80ns)   --->   "%add_ln134 = add i12 %j, i12 %tmp" [hls-design/ntt-kernel.cpp:134]   --->   Operation 43 'add' 'add_ln134' <Predicate = (icmp_ln126)> <Delay = 0.80> <CoreInst = "Adder">   --->   Core 1 'Adder' <Latency = 0> <II = 1> <Delay = 0.80> <FuncUnit> <Opcode : 'add' 'sub'> <InPorts = 2> <OutPorts = 1>
ST_1 : Operation 44 [1/1] (0.00ns)   --->   "%zext_ln134 = zext i12 %add_ln134" [hls-design/ntt-kernel.cpp:134]   --->   Operation 44 'zext' 'zext_ln134' <Predicate = (icmp_ln126)> <Delay = 0.00>
ST_1 : Operation 45 [1/1] (0.00ns)   --->   "%local_twiddles_addr = getelementptr i32 %local_twiddles, i64 0, i64 %zext_ln134" [hls-design/ntt-kernel.cpp:134]   --->   Operation 45 'getelementptr' 'local_twiddles_addr' <Predicate = (icmp_ln126)> <Delay = 0.00>
ST_1 : Operation 46 [2/2] (1.23ns)   --->   "%twiddle = load i12 %local_twiddles_addr" [hls-design/ntt-kernel.cpp:134]   --->   Operation 46 'load' 'twiddle' <Predicate = (icmp_ln126)> <Delay = 1.23> <CoreInst = "RAM_2P_BRAM">   --->   Core 94 'RAM_2P_BRAM' <Latency = 1> <II = 1> <Delay = 1.23> <Storage> <Opcode : 'load' 'store'> <Ports = 2> <Width = 32> <Depth = 4096> <RAM>
ST_1 : Operation 47 [1/1] (0.00ns)   --->   "%br_ln151 = br i1 %use_ping_as_input_read, void %if.else78, void %if.then73" [hls-design/ntt-kernel.cpp:151]   --->   Operation 47 'br' 'br_ln151' <Predicate = (icmp_ln126)> <Delay = 0.00>
ST_1 : Operation 48 [1/1] (0.42ns)   --->   "%store_ln126 = store i30 %step_2, i30 %step" [hls-design/ntt-kernel.cpp:126]   --->   Operation 48 'store' 'store_ln126' <Predicate = (icmp_ln126)> <Delay = 0.42>
ST_1 : Operation 49 [1/1] (0.00ns)   --->   "%br_ln126 = br void %for.body52" [hls-design/ntt-kernel.cpp:126]   --->   Operation 49 'br' 'br_ln126' <Predicate = (icmp_ln126)> <Delay = 0.00>
ST_1 : Operation 127 [1/1] (0.00ns)   --->   "%ret_ln0 = ret"   --->   Operation 127 'ret' 'ret_ln0' <Predicate = (!icmp_ln126)> <Delay = 0.00>

State 2 <SV = 1> <Delay = 3.49>
ST_2 : Operation 50 [1/1] (1.38ns)   --->   "%i = shl i32 %lshr_ln131, i32 %stage_1_read" [hls-design/ntt-kernel.cpp:131]   --->   Operation 50 'shl' 'i' <Predicate = (icmp_ln126)> <Delay = 1.38> <CoreInst = "Shifter">   --->   Core 75 'Shifter' <Latency = 0> <II = 1> <Delay = 1.38> <FuncUnit> <Opcode : 'shl' 'lshr' 'ashr'> <InPorts = 2> <OutPorts = 1>
ST_2 : Operation 51 [1/1] (0.00ns)   --->   "%trunc_ln131 = trunc i32 %i" [hls-design/ntt-kernel.cpp:131]   --->   Operation 51 'trunc' 'trunc_ln131' <Predicate = (icmp_ln126)> <Delay = 0.00>
ST_2 : Operation 52 [1/1] (0.80ns)   --->   "%idx1 = add i12 %trunc_ln131, i12 %j" [hls-design/ntt-kernel.cpp:132]   --->   Operation 52 'add' 'idx1' <Predicate = (icmp_ln126)> <Delay = 0.80> <CoreInst = "Adder">   --->   Core 1 'Adder' <Latency = 0> <II = 1> <Delay = 0.80> <FuncUnit> <Opcode : 'add' 'sub'> <InPorts = 2> <OutPorts = 1>
ST_2 : Operation 53 [1/1] (0.00ns) (grouped into TernaryAdder)   --->   "%add_ln133 = add i12 %tmp_1, i12 %trunc_ln131" [hls-design/ntt-kernel.cpp:133]   --->   Operation 53 'add' 'add_ln133' <Predicate = (icmp_ln126)> <Delay = 0.00> <CoreInst = "TAddSub">   --->   Core 10 'TAddSub' <Latency = 0> <II = 1> <Delay = 0.43> <IPBlock> <Opcode : '' 'add' 'sub'> <InPorts = 3> <OutPorts = 1> <Sync> <CReg>
ST_2 : Operation 54 [1/1] (0.86ns) (root node of TernaryAdder)   --->   "%idx2 = add i12 %add_ln133, i12 %j" [hls-design/ntt-kernel.cpp:133]   --->   Operation 54 'add' 'idx2' <Predicate = (icmp_ln126)> <Delay = 0.86> <CoreInst = "TAddSub">   --->   Core 10 'TAddSub' <Latency = 0> <II = 1> <Delay = 0.43> <IPBlock> <Opcode : '' 'add' 'sub'> <InPorts = 3> <OutPorts = 1> <Sync> <CReg>
ST_2 : Operation 55 [1/2] (1.23ns)   --->   "%twiddle = load i12 %local_twiddles_addr" [hls-design/ntt-kernel.cpp:134]   --->   Operation 55 'load' 'twiddle' <Predicate = (icmp_ln126)> <Delay = 1.23> <CoreInst = "RAM_2P_BRAM">   --->   Core 94 'RAM_2P_BRAM' <Latency = 1> <II = 1> <Delay = 1.23> <Storage> <Opcode : 'load' 'store'> <Ports = 2> <Width = 32> <Depth = 4096> <RAM>
ST_2 : Operation 56 [1/1] (0.00ns)   --->   "%zext_ln139 = zext i12 %idx1" [hls-design/ntt-kernel.cpp:139]   --->   Operation 56 'zext' 'zext_ln139' <Predicate = (icmp_ln126)> <Delay = 0.00>
ST_2 : Operation 57 [1/1] (0.00ns)   --->   "%zext_ln140 = zext i12 %idx2" [hls-design/ntt-kernel.cpp:140]   --->   Operation 57 'zext' 'zext_ln140' <Predicate = (icmp_ln126)> <Delay = 0.00>
ST_2 : Operation 58 [1/1] (0.00ns)   --->   "%ping_addr = getelementptr i32 %ping, i64 0, i64 %zext_ln139" [hls-design/ntt-kernel.cpp:139]   --->   Operation 58 'getelementptr' 'ping_addr' <Predicate = (icmp_ln126)> <Delay = 0.00>
ST_2 : Operation 59 [2/2] (1.23ns)   --->   "%u = load i12 %ping_addr" [hls-design/ntt-kernel.cpp:139]   --->   Operation 59 'load' 'u' <Predicate = (icmp_ln126 & use_ping_as_input_read)> <Delay = 1.23> <CoreInst = "RAM_2P_BRAM">   --->   Core 94 'RAM_2P_BRAM' <Latency = 1> <II = 1> <Delay = 1.23> <Storage> <Opcode : 'load' 'store'> <Ports = 2> <Width = 32> <Depth = 4096> <RAM>
ST_2 : Operation 60 [1/1] (0.00ns)   --->   "%ping_addr_1 = getelementptr i32 %ping, i64 0, i64 %zext_ln140" [hls-design/ntt-kernel.cpp:140]   --->   Operation 60 'getelementptr' 'ping_addr_1' <Predicate = (icmp_ln126)> <Delay = 0.00>
ST_2 : Operation 61 [2/2] (1.23ns)   --->   "%v = load i12 %ping_addr_1" [hls-design/ntt-kernel.cpp:140]   --->   Operation 61 'load' 'v' <Predicate = (icmp_ln126 & use_ping_as_input_read)> <Delay = 1.23> <CoreInst = "RAM_2P_BRAM">   --->   Core 94 'RAM_2P_BRAM' <Latency = 1> <II = 1> <Delay = 1.23> <Storage> <Opcode : 'load' 'store'> <Ports = 2> <Width = 32> <Depth = 4096> <RAM>
ST_2 : Operation 62 [1/1] (0.00ns)   --->   "%pong_addr = getelementptr i32 %pong, i64 0, i64 %zext_ln139" [hls-design/ntt-kernel.cpp:142]   --->   Operation 62 'getelementptr' 'pong_addr' <Predicate = (icmp_ln126)> <Delay = 0.00>
ST_2 : Operation 63 [2/2] (1.23ns)   --->   "%u_1 = load i12 %pong_addr" [hls-design/ntt-kernel.cpp:142]   --->   Operation 63 'load' 'u_1' <Predicate = (icmp_ln126 & !use_ping_as_input_read)> <Delay = 1.23> <CoreInst = "RAM_2P_BRAM">   --->   Core 94 'RAM_2P_BRAM' <Latency = 1> <II = 1> <Delay = 1.23> <Storage> <Opcode : 'load' 'store'> <Ports = 2> <Width = 32> <Depth = 4096> <RAM>
ST_2 : Operation 64 [1/1] (0.00ns)   --->   "%pong_addr_1 = getelementptr i32 %pong, i64 0, i64 %zext_ln140" [hls-design/ntt-kernel.cpp:143]   --->   Operation 64 'getelementptr' 'pong_addr_1' <Predicate = (icmp_ln126)> <Delay = 0.00>
ST_2 : Operation 65 [2/2] (1.23ns)   --->   "%v_1 = load i12 %pong_addr_1" [hls-design/ntt-kernel.cpp:143]   --->   Operation 65 'load' 'v_1' <Predicate = (icmp_ln126 & !use_ping_as_input_read)> <Delay = 1.23> <CoreInst = "RAM_2P_BRAM">   --->   Core 94 'RAM_2P_BRAM' <Latency = 1> <II = 1> <Delay = 1.23> <Storage> <Opcode : 'load' 'store'> <Ports = 2> <Width = 32> <Depth = 4096> <RAM>

State 3 <SV = 2> <Delay = 3.97>
ST_3 : Operation 66 [1/2] (1.23ns)   --->   "%u = load i12 %ping_addr" [hls-design/ntt-kernel.cpp:139]   --->   Operation 66 'load' 'u' <Predicate = (icmp_ln126 & use_ping_as_input_read)> <Delay = 1.23> <CoreInst = "RAM_2P_BRAM">   --->   Core 94 'RAM_2P_BRAM' <Latency = 1> <II = 1> <Delay = 1.23> <Storage> <Opcode : 'load' 'store'> <Ports = 2> <Width = 32> <Depth = 4096> <RAM>
ST_3 : Operation 67 [1/2] (1.23ns)   --->   "%v = load i12 %ping_addr_1" [hls-design/ntt-kernel.cpp:140]   --->   Operation 67 'load' 'v' <Predicate = (icmp_ln126 & use_ping_as_input_read)> <Delay = 1.23> <CoreInst = "RAM_2P_BRAM">   --->   Core 94 'RAM_2P_BRAM' <Latency = 1> <II = 1> <Delay = 1.23> <Storage> <Opcode : 'load' 'store'> <Ports = 2> <Width = 32> <Depth = 4096> <RAM>
ST_3 : Operation 68 [1/2] (1.23ns)   --->   "%u_1 = load i12 %pong_addr" [hls-design/ntt-kernel.cpp:142]   --->   Operation 68 'load' 'u_1' <Predicate = (icmp_ln126 & !use_ping_as_input_read)> <Delay = 1.23> <CoreInst = "RAM_2P_BRAM">   --->   Core 94 'RAM_2P_BRAM' <Latency = 1> <II = 1> <Delay = 1.23> <Storage> <Opcode : 'load' 'store'> <Ports = 2> <Width = 32> <Depth = 4096> <RAM>
ST_3 : Operation 69 [1/2] (1.23ns)   --->   "%v_1 = load i12 %pong_addr_1" [hls-design/ntt-kernel.cpp:143]   --->   Operation 69 'load' 'v_1' <Predicate = (icmp_ln126 & !use_ping_as_input_read)> <Delay = 1.23> <CoreInst = "RAM_2P_BRAM">   --->   Core 94 'RAM_2P_BRAM' <Latency = 1> <II = 1> <Delay = 1.23> <Storage> <Opcode : 'load' 'store'> <Ports = 2> <Width = 32> <Depth = 4096> <RAM>
ST_3 : Operation 70 [1/1] (0.44ns)   --->   "%v_2 = select i1 %use_ping_as_input_read, i32 %v, i32 %v_1" [hls-design/ntt-kernel.cpp:140]   --->   Operation 70 'select' 'v_2' <Predicate = (icmp_ln126)> <Delay = 0.44> <CoreInst = "Sel">   --->   Core 73 'Sel' <Latency = 0> <II = 1> <Delay = 0.44> <FuncUnit> <Opcode : 'select'> <InPorts = 3> <OutPorts = 1>
ST_3 : Operation 71 [1/1] (0.00ns)   --->   "%zext_ln24 = zext i32 %v_2" [hls-design/ntt-kernel.cpp:24->hls-design/ntt-kernel.cpp:146]   --->   Operation 71 'zext' 'zext_ln24' <Predicate = (icmp_ln126)> <Delay = 0.00>
ST_3 : Operation 72 [1/1] (0.00ns)   --->   "%zext_ln24_1 = zext i32 %twiddle" [hls-design/ntt-kernel.cpp:24->hls-design/ntt-kernel.cpp:146]   --->   Operation 72 'zext' 'zext_ln24_1' <Predicate = (icmp_ln126)> <Delay = 0.00>
ST_3 : Operation 73 [4/4] (2.29ns)   --->   "%ab = mul i64 %zext_ln24, i64 %zext_ln24_1" [hls-design/ntt-kernel.cpp:24->hls-design/ntt-kernel.cpp:146]   --->   Operation 73 'mul' 'ab' <Predicate = (icmp_ln126)> <Delay = 2.29> <CoreInst = "Mul_DSP">   --->   Core 5 'Mul_DSP' <Latency = 3> <II = 1> <Delay = 3.27> <FuncUnit> <Opcode : 'mul'> <InPorts = 2> <OutPorts = 1>

State 4 <SV = 3> <Delay = 2.29>
ST_4 : Operation 74 [3/4] (2.29ns)   --->   "%ab = mul i64 %zext_ln24, i64 %zext_ln24_1" [hls-design/ntt-kernel.cpp:24->hls-design/ntt-kernel.cpp:146]   --->   Operation 74 'mul' 'ab' <Predicate = (icmp_ln126)> <Delay = 2.29> <CoreInst = "Mul_DSP">   --->   Core 5 'Mul_DSP' <Latency = 3> <II = 1> <Delay = 3.27> <FuncUnit> <Opcode : 'mul'> <InPorts = 2> <OutPorts = 1>

State 5 <SV = 4> <Delay = 2.29>
ST_5 : Operation 75 [2/4] (2.29ns)   --->   "%ab = mul i64 %zext_ln24, i64 %zext_ln24_1" [hls-design/ntt-kernel.cpp:24->hls-design/ntt-kernel.cpp:146]   --->   Operation 75 'mul' 'ab' <Predicate = (icmp_ln126)> <Delay = 2.29> <CoreInst = "Mul_DSP">   --->   Core 5 'Mul_DSP' <Latency = 3> <II = 1> <Delay = 3.27> <FuncUnit> <Opcode : 'mul'> <InPorts = 2> <OutPorts = 1>

State 6 <SV = 5> <Delay = 4.58>
ST_6 : Operation 76 [1/4] (2.29ns)   --->   "%ab = mul i64 %zext_ln24, i64 %zext_ln24_1" [hls-design/ntt-kernel.cpp:24->hls-design/ntt-kernel.cpp:146]   --->   Operation 76 'mul' 'ab' <Predicate = (icmp_ln126)> <Delay = 2.29> <CoreInst = "Mul_DSP">   --->   Core 5 'Mul_DSP' <Latency = 3> <II = 1> <Delay = 3.27> <FuncUnit> <Opcode : 'mul'> <InPorts = 2> <OutPorts = 1>
ST_6 : Operation 77 [1/1] (0.00ns)   --->   "%specfucore_ln25 = specfucore void @_ssdm_op_SpecFUCore, i64 %ab, i64 12, i64 3, i64 3" [hls-design/ntt-kernel.cpp:25->hls-design/ntt-kernel.cpp:146]   --->   Operation 77 'specfucore' 'specfucore_ln25' <Predicate = (icmp_ln126)> <Delay = 0.00>
ST_6 : Operation 78 [1/1] (0.00ns)   --->   "%ab_low = trunc i64 %ab" [hls-design/ntt-kernel.cpp:28->hls-design/ntt-kernel.cpp:146]   --->   Operation 78 'trunc' 'ab_low' <Predicate = (icmp_ln126)> <Delay = 0.00>
ST_6 : Operation 79 [4/4] (2.29ns)   --->   "%m = mul i32 %ab_low, i32 %q_inv_read" [hls-design/ntt-kernel.cpp:29->hls-design/ntt-kernel.cpp:146]   --->   Operation 79 'mul' 'm' <Predicate = (icmp_ln126)> <Delay = 2.29> <CoreInst = "Mul_DSP">   --->   Core 5 'Mul_DSP' <Latency = 3> <II = 1> <Delay = 3.27> <FuncUnit> <Opcode : 'mul'> <InPorts = 2> <OutPorts = 1>

State 7 <SV = 6> <Delay = 2.29>
ST_7 : Operation 80 [3/4] (2.29ns)   --->   "%m = mul i32 %ab_low, i32 %q_inv_read" [hls-design/ntt-kernel.cpp:29->hls-design/ntt-kernel.cpp:146]   --->   Operation 80 'mul' 'm' <Predicate = (icmp_ln126)> <Delay = 2.29> <CoreInst = "Mul_DSP">   --->   Core 5 'Mul_DSP' <Latency = 3> <II = 1> <Delay = 3.27> <FuncUnit> <Opcode : 'mul'> <InPorts = 2> <OutPorts = 1>

State 8 <SV = 7> <Delay = 2.29>
ST_8 : Operation 81 [2/4] (2.29ns)   --->   "%m = mul i32 %ab_low, i32 %q_inv_read" [hls-design/ntt-kernel.cpp:29->hls-design/ntt-kernel.cpp:146]   --->   Operation 81 'mul' 'm' <Predicate = (icmp_ln126)> <Delay = 2.29> <CoreInst = "Mul_DSP">   --->   Core 5 'Mul_DSP' <Latency = 3> <II = 1> <Delay = 3.27> <FuncUnit> <Opcode : 'mul'> <InPorts = 2> <OutPorts = 1>

State 9 <SV = 8> <Delay = 4.58>
ST_9 : Operation 82 [1/4] (2.29ns)   --->   "%m = mul i32 %ab_low, i32 %q_inv_read" [hls-design/ntt-kernel.cpp:29->hls-design/ntt-kernel.cpp:146]   --->   Operation 82 'mul' 'm' <Predicate = (icmp_ln126)> <Delay = 2.29> <CoreInst = "Mul_DSP">   --->   Core 5 'Mul_DSP' <Latency = 3> <II = 1> <Delay = 3.27> <FuncUnit> <Opcode : 'mul'> <InPorts = 2> <OutPorts = 1>
ST_9 : Operation 83 [1/1] (0.00ns)   --->   "%specfucore_ln30 = specfucore void @_ssdm_op_SpecFUCore, i32 %m, i64 12, i64 3, i64 3" [hls-design/ntt-kernel.cpp:30->hls-design/ntt-kernel.cpp:146]   --->   Operation 83 'specfucore' 'specfucore_ln30' <Predicate = (icmp_ln126)> <Delay = 0.00>
ST_9 : Operation 84 [1/1] (0.00ns)   --->   "%zext_ln33 = zext i32 %m" [hls-design/ntt-kernel.cpp:33->hls-design/ntt-kernel.cpp:146]   --->   Operation 84 'zext' 'zext_ln33' <Predicate = (icmp_ln126)> <Delay = 0.00>
ST_9 : Operation 85 [4/4] (2.29ns)   --->   "%mq = mul i64 %zext_ln33, i64 %conv5_i_cast" [hls-design/ntt-kernel.cpp:33->hls-design/ntt-kernel.cpp:146]   --->   Operation 85 'mul' 'mq' <Predicate = (icmp_ln126)> <Delay = 2.29> <CoreInst = "Mul_DSP">   --->   Core 5 'Mul_DSP' <Latency = 3> <II = 1> <Delay = 3.27> <FuncUnit> <Opcode : 'mul'> <InPorts = 2> <OutPorts = 1>

State 10 <SV = 9> <Delay = 2.29>
ST_10 : Operation 86 [3/4] (2.29ns)   --->   "%mq = mul i64 %zext_ln33, i64 %conv5_i_cast" [hls-design/ntt-kernel.cpp:33->hls-design/ntt-kernel.cpp:146]   --->   Operation 86 'mul' 'mq' <Predicate = (icmp_ln126)> <Delay = 2.29> <CoreInst = "Mul_DSP">   --->   Core 5 'Mul_DSP' <Latency = 3> <II = 1> <Delay = 3.27> <FuncUnit> <Opcode : 'mul'> <InPorts = 2> <OutPorts = 1>

State 11 <SV = 10> <Delay = 2.29>
ST_11 : Operation 87 [2/4] (2.29ns)   --->   "%mq = mul i64 %zext_ln33, i64 %conv5_i_cast" [hls-design/ntt-kernel.cpp:33->hls-design/ntt-kernel.cpp:146]   --->   Operation 87 'mul' 'mq' <Predicate = (icmp_ln126)> <Delay = 2.29> <CoreInst = "Mul_DSP">   --->   Core 5 'Mul_DSP' <Latency = 3> <II = 1> <Delay = 3.27> <FuncUnit> <Opcode : 'mul'> <InPorts = 2> <OutPorts = 1>

State 12 <SV = 11> <Delay = 3.21>
ST_12 : Operation 88 [1/4] (2.29ns)   --->   "%mq = mul i64 %zext_ln33, i64 %conv5_i_cast" [hls-design/ntt-kernel.cpp:33->hls-design/ntt-kernel.cpp:146]   --->   Operation 88 'mul' 'mq' <Predicate = (icmp_ln126)> <Delay = 2.29> <CoreInst = "Mul_DSP">   --->   Core 5 'Mul_DSP' <Latency = 3> <II = 1> <Delay = 3.27> <FuncUnit> <Opcode : 'mul'> <InPorts = 2> <OutPorts = 1>
ST_12 : Operation 89 [1/1] (0.00ns)   --->   "%specfucore_ln34 = specfucore void @_ssdm_op_SpecFUCore, i64 %mq, i64 12, i64 3, i64 3" [hls-design/ntt-kernel.cpp:34->hls-design/ntt-kernel.cpp:146]   --->   Operation 89 'specfucore' 'specfucore_ln34' <Predicate = (icmp_ln126)> <Delay = 0.00>
ST_12 : Operation 90 [2/2] (0.92ns)   --->   "%sum = add i64 %mq, i64 %ab" [hls-design/ntt-kernel.cpp:37->hls-design/ntt-kernel.cpp:146]   --->   Operation 90 'add' 'sum' <Predicate = (icmp_ln126)> <Delay = 0.92> <CoreInst = "Adder">   --->   Core 1 'Adder' <Latency = 1> <II = 1> <Delay = 1.08> <FuncUnit> <Opcode : 'add' 'sub'> <InPorts = 2> <OutPorts = 1>

State 13 <SV = 12> <Delay = 6.10>
ST_13 : Operation 91 [1/1] (0.00ns)   --->   "%specpipeline_ln127 = specpipeline void @_ssdm_op_SpecPipeline, i32 1, i32 0, i32 0, i32 0, void @empty_22" [hls-design/ntt-kernel.cpp:127]   --->   Operation 91 'specpipeline' 'specpipeline_ln127' <Predicate = (icmp_ln126)> <Delay = 0.00>
ST_13 : Operation 92 [1/1] (0.00ns)   --->   "%speclooptripcount_ln128 = speclooptripcount void @_ssdm_op_SpecLoopTripCount, i64 128, i64 2048, i64 1088" [hls-design/ntt-kernel.cpp:128]   --->   Operation 92 'speclooptripcount' 'speclooptripcount_ln128' <Predicate = (icmp_ln126)> <Delay = 0.00>
ST_13 : Operation 93 [1/1] (0.00ns)   --->   "%specloopname_ln126 = specloopname void @_ssdm_op_SpecLoopName, void @empty_24" [hls-design/ntt-kernel.cpp:126]   --->   Operation 93 'specloopname' 'specloopname_ln126' <Predicate = (icmp_ln126)> <Delay = 0.00>
ST_13 : Operation 94 [1/1] (0.44ns)   --->   "%u_2 = select i1 %use_ping_as_input_read, i32 %u, i32 %u_1" [hls-design/ntt-kernel.cpp:139]   --->   Operation 94 'select' 'u_2' <Predicate = (icmp_ln126)> <Delay = 0.44> <CoreInst = "Sel">   --->   Core 73 'Sel' <Latency = 0> <II = 1> <Delay = 0.44> <FuncUnit> <Opcode : 'select'> <InPorts = 3> <OutPorts = 1>
ST_13 : Operation 95 [1/1] (0.00ns)   --->   "%rbegin5 = specregionbegin i32 @_ssdm_op_SpecRegionBegin, void @empty_10" [hls-design/ntt-kernel.cpp:24->hls-design/ntt-kernel.cpp:146]   --->   Operation 95 'specregionbegin' 'rbegin5' <Predicate = (icmp_ln126)> <Delay = 0.00>
ST_13 : Operation 96 [1/1] (0.00ns)   --->   "%rend6 = specregionend i32 @_ssdm_op_SpecRegionEnd, void @empty_10, i32 %rbegin5" [hls-design/ntt-kernel.cpp:24->hls-design/ntt-kernel.cpp:146]   --->   Operation 96 'specregionend' 'rend6' <Predicate = (icmp_ln126)> <Delay = 0.00>
ST_13 : Operation 97 [1/1] (0.00ns)   --->   "%rbegin3 = specregionbegin i32 @_ssdm_op_SpecRegionBegin, void @empty_11" [hls-design/ntt-kernel.cpp:29->hls-design/ntt-kernel.cpp:146]   --->   Operation 97 'specregionbegin' 'rbegin3' <Predicate = (icmp_ln126)> <Delay = 0.00>
ST_13 : Operation 98 [1/1] (0.00ns)   --->   "%rend4 = specregionend i32 @_ssdm_op_SpecRegionEnd, void @empty_11, i32 %rbegin3" [hls-design/ntt-kernel.cpp:29->hls-design/ntt-kernel.cpp:146]   --->   Operation 98 'specregionend' 'rend4' <Predicate = (icmp_ln126)> <Delay = 0.00>
ST_13 : Operation 99 [1/1] (0.00ns)   --->   "%rbegin1 = specregionbegin i32 @_ssdm_op_SpecRegionBegin, void @empty_12" [hls-design/ntt-kernel.cpp:33->hls-design/ntt-kernel.cpp:146]   --->   Operation 99 'specregionbegin' 'rbegin1' <Predicate = (icmp_ln126)> <Delay = 0.00>
ST_13 : Operation 100 [1/1] (0.00ns)   --->   "%rend2 = specregionend i32 @_ssdm_op_SpecRegionEnd, void @empty_12, i32 %rbegin1" [hls-design/ntt-kernel.cpp:33->hls-design/ntt-kernel.cpp:146]   --->   Operation 100 'specregionend' 'rend2' <Predicate = (icmp_ln126)> <Delay = 0.00>
ST_13 : Operation 101 [1/1] (0.00ns)   --->   "%rbegin = specregionbegin i32 @_ssdm_op_SpecRegionBegin, void @empty_13" [hls-design/ntt-kernel.cpp:37->hls-design/ntt-kernel.cpp:146]   --->   Operation 101 'specregionbegin' 'rbegin' <Predicate = (icmp_ln126)> <Delay = 0.00>
ST_13 : Operation 102 [1/2] (0.92ns)   --->   "%sum = add i64 %mq, i64 %ab" [hls-design/ntt-kernel.cpp:37->hls-design/ntt-kernel.cpp:146]   --->   Operation 102 'add' 'sum' <Predicate = (icmp_ln126)> <Delay = 0.92> <CoreInst = "Adder">   --->   Core 1 'Adder' <Latency = 1> <II = 1> <Delay = 1.08> <FuncUnit> <Opcode : 'add' 'sub'> <InPorts = 2> <OutPorts = 1>
ST_13 : Operation 103 [1/1] (0.00ns)   --->   "%specfucore_ln38 = specfucore void @_ssdm_op_SpecFUCore, i64 %sum, i64 8, i64 4, i64 1" [hls-design/ntt-kernel.cpp:38->hls-design/ntt-kernel.cpp:146]   --->   Operation 103 'specfucore' 'specfucore_ln38' <Predicate = (icmp_ln126)> <Delay = 0.00>
ST_13 : Operation 104 [1/1] (0.00ns)   --->   "%rend = specregionend i32 @_ssdm_op_SpecRegionEnd, void @empty_13, i32 %rbegin" [hls-design/ntt-kernel.cpp:37->hls-design/ntt-kernel.cpp:146]   --->   Operation 104 'specregionend' 'rend' <Predicate = (icmp_ln126)> <Delay = 0.00>
ST_13 : Operation 105 [1/1] (0.00ns)   --->   "%t = partselect i32 @_ssdm_op_PartSelect.i32.i64.i32.i32, i64 %sum, i32 32, i32 63" [hls-design/ntt-kernel.cpp:41->hls-design/ntt-kernel.cpp:146]   --->   Operation 105 'partselect' 't' <Predicate = (icmp_ln126)> <Delay = 0.00>
ST_13 : Operation 106 [1/1] (1.01ns)   --->   "%icmp_ln44 = icmp_ult  i32 %t, i32 %q_read" [hls-design/ntt-kernel.cpp:44->hls-design/ntt-kernel.cpp:146]   --->   Operation 106 'icmp' 'icmp_ln44' <Predicate = (icmp_ln126)> <Delay = 1.01> <CoreInst = "Cmp">   --->   Core 9 'Cmp' <Latency = 0> <II = 1> <Delay = 1.01> <FuncUnit> <Opcode : 'icmp'> <InPorts = 2> <OutPorts = 1>
ST_13 : Operation 107 [1/1] (0.00ns) (grouped into LUT with out node t_1)   --->   "%xor_ln44 = xor i1 %icmp_ln44, i1 1" [hls-design/ntt-kernel.cpp:44->hls-design/ntt-kernel.cpp:146]   --->   Operation 107 'xor' 'xor_ln44' <Predicate = (icmp_ln126)> <Delay = 0.00> <CoreInst = "LogicGate">   --->   Core 74 'LogicGate' <Latency = 0> <II = 1> <Delay = 0.28> <FuncUnit> <Opcode : 'and' 'or' 'xor'> <InPorts = 2> <OutPorts = 1>
ST_13 : Operation 108 [1/1] (1.01ns)   --->   "%sub_ln44 = sub i32 %t, i32 %q_read" [hls-design/ntt-kernel.cpp:44->hls-design/ntt-kernel.cpp:146]   --->   Operation 108 'sub' 'sub_ln44' <Predicate = (icmp_ln126)> <Delay = 1.01> <CoreInst = "Adder">   --->   Core 1 'Adder' <Latency = 0> <II = 1> <Delay = 1.01> <FuncUnit> <Opcode : 'add' 'sub'> <InPorts = 2> <OutPorts = 1>
ST_13 : Operation 109 [1/1] (0.44ns) (out node of the LUT)   --->   "%t_1 = select i1 %xor_ln44, i32 %sub_ln44, i32 %t" [hls-design/ntt-kernel.cpp:44->hls-design/ntt-kernel.cpp:146]   --->   Operation 109 'select' 't_1' <Predicate = (icmp_ln126)> <Delay = 0.44> <CoreInst = "Sel">   --->   Core 73 'Sel' <Latency = 0> <II = 1> <Delay = 0.44> <FuncUnit> <Opcode : 'select'> <InPorts = 3> <OutPorts = 1>
ST_13 : Operation 110 [1/1] (1.01ns)   --->   "%res = add i32 %t_1, i32 %u_2" [hls-design/ntt-kernel.cpp:10->hls-design/ntt-kernel.cpp:147]   --->   Operation 110 'add' 'res' <Predicate = (icmp_ln126)> <Delay = 1.01> <CoreInst = "Adder">   --->   Core 1 'Adder' <Latency = 0> <II = 1> <Delay = 1.01> <FuncUnit> <Opcode : 'add' 'sub'> <InPorts = 2> <OutPorts = 1>
ST_13 : Operation 111 [1/1] (1.01ns)   --->   "%icmp_ln11 = icmp_ult  i32 %res, i32 %q_read" [hls-design/ntt-kernel.cpp:11->hls-design/ntt-kernel.cpp:147]   --->   Operation 111 'icmp' 'icmp_ln11' <Predicate = (icmp_ln126)> <Delay = 1.01> <CoreInst = "Cmp">   --->   Core 9 'Cmp' <Latency = 0> <II = 1> <Delay = 1.01> <FuncUnit> <Opcode : 'icmp'> <InPorts = 2> <OutPorts = 1>
ST_13 : Operation 112 [1/1] (0.00ns) (grouped into LUT with out node out_u)   --->   "%xor_ln11 = xor i1 %icmp_ln11, i1 1" [hls-design/ntt-kernel.cpp:11->hls-design/ntt-kernel.cpp:147]   --->   Operation 112 'xor' 'xor_ln11' <Predicate = (icmp_ln126)> <Delay = 0.00> <CoreInst = "LogicGate">   --->   Core 74 'LogicGate' <Latency = 0> <II = 1> <Delay = 0.28> <FuncUnit> <Opcode : 'and' 'or' 'xor'> <InPorts = 2> <OutPorts = 1>
ST_13 : Operation 113 [1/1] (1.01ns)   --->   "%icmp_ln11_1 = icmp_ult  i32 %res, i32 %u_2" [hls-design/ntt-kernel.cpp:11->hls-design/ntt-kernel.cpp:147]   --->   Operation 113 'icmp' 'icmp_ln11_1' <Predicate = (icmp_ln126)> <Delay = 1.01> <CoreInst = "Cmp">   --->   Core 9 'Cmp' <Latency = 0> <II = 1> <Delay = 1.01> <FuncUnit> <Opcode : 'icmp'> <InPorts = 2> <OutPorts = 1>
ST_13 : Operation 114 [1/1] (0.00ns) (grouped into LUT with out node out_u)   --->   "%or_ln11 = or i1 %xor_ln11, i1 %icmp_ln11_1" [hls-design/ntt-kernel.cpp:11->hls-design/ntt-kernel.cpp:147]   --->   Operation 114 'or' 'or_ln11' <Predicate = (icmp_ln126)> <Delay = 0.00> <CoreInst = "LogicGate">   --->   Core 74 'LogicGate' <Latency = 0> <II = 1> <Delay = 0.28> <FuncUnit> <Opcode : 'and' 'or' 'xor'> <InPorts = 2> <OutPorts = 1>
ST_13 : Operation 115 [1/1] (1.01ns)   --->   "%sub_ln11 = sub i32 %res, i32 %q_read" [hls-design/ntt-kernel.cpp:11->hls-design/ntt-kernel.cpp:147]   --->   Operation 115 'sub' 'sub_ln11' <Predicate = (icmp_ln126)> <Delay = 1.01> <CoreInst = "Adder">   --->   Core 1 'Adder' <Latency = 0> <II = 1> <Delay = 1.01> <FuncUnit> <Opcode : 'add' 'sub'> <InPorts = 2> <OutPorts = 1>
ST_13 : Operation 116 [1/1] (0.44ns) (out node of the LUT)   --->   "%out_u = select i1 %or_ln11, i32 %sub_ln11, i32 %res" [hls-design/ntt-kernel.cpp:11->hls-design/ntt-kernel.cpp:147]   --->   Operation 116 'select' 'out_u' <Predicate = (icmp_ln126)> <Delay = 0.44> <CoreInst = "Sel">   --->   Core 73 'Sel' <Latency = 0> <II = 1> <Delay = 0.44> <FuncUnit> <Opcode : 'select'> <InPorts = 3> <OutPorts = 1>
ST_13 : Operation 117 [1/1] (1.01ns)   --->   "%icmp_ln16 = icmp_ult  i32 %u_2, i32 %t_1" [hls-design/ntt-kernel.cpp:16->hls-design/ntt-kernel.cpp:148]   --->   Operation 117 'icmp' 'icmp_ln16' <Predicate = (icmp_ln126)> <Delay = 1.01> <CoreInst = "Cmp">   --->   Core 9 'Cmp' <Latency = 0> <II = 1> <Delay = 1.01> <FuncUnit> <Opcode : 'icmp'> <InPorts = 2> <OutPorts = 1>
ST_13 : Operation 118 [1/1] (1.01ns)   --->   "%add_ln16 = add i32 %u_2, i32 %q_read" [hls-design/ntt-kernel.cpp:16->hls-design/ntt-kernel.cpp:148]   --->   Operation 118 'add' 'add_ln16' <Predicate = (icmp_ln126)> <Delay = 1.01> <CoreInst = "Adder">   --->   Core 1 'Adder' <Latency = 0> <II = 1> <Delay = 1.01> <FuncUnit> <Opcode : 'add' 'sub'> <InPorts = 2> <OutPorts = 1>
ST_13 : Operation 119 [1/1] (0.00ns) (grouped into LUT with out node out_v)   --->   "%select_ln16 = select i1 %icmp_ln16, i32 %add_ln16, i32 %u_2" [hls-design/ntt-kernel.cpp:16->hls-design/ntt-kernel.cpp:148]   --->   Operation 119 'select' 'select_ln16' <Predicate = (icmp_ln126)> <Delay = 0.00> <CoreInst = "Sel">   --->   Core 73 'Sel' <Latency = 0> <II = 1> <Delay = 0.44> <FuncUnit> <Opcode : 'select'> <InPorts = 3> <OutPorts = 1>
ST_13 : Operation 120 [1/1] (1.01ns) (out node of the LUT)   --->   "%out_v = sub i32 %select_ln16, i32 %t_1" [hls-design/ntt-kernel.cpp:16->hls-design/ntt-kernel.cpp:148]   --->   Operation 120 'sub' 'out_v' <Predicate = (icmp_ln126)> <Delay = 1.01> <CoreInst = "Adder">   --->   Core 1 'Adder' <Latency = 0> <II = 1> <Delay = 1.01> <FuncUnit> <Opcode : 'add' 'sub'> <InPorts = 2> <OutPorts = 1>
ST_13 : Operation 121 [1/1] (1.23ns)   --->   "%store_ln155 = store i32 %out_u, i12 %ping_addr" [hls-design/ntt-kernel.cpp:155]   --->   Operation 121 'store' 'store_ln155' <Predicate = (icmp_ln126 & !use_ping_as_input_read)> <Delay = 1.23> <CoreInst = "RAM_2P_BRAM">   --->   Core 94 'RAM_2P_BRAM' <Latency = 1> <II = 1> <Delay = 1.23> <Storage> <Opcode : 'load' 'store'> <Ports = 2> <Width = 32> <Depth = 4096> <RAM>
ST_13 : Operation 122 [1/1] (1.23ns)   --->   "%store_ln152 = store i32 %out_u, i12 %pong_addr" [hls-design/ntt-kernel.cpp:152]   --->   Operation 122 'store' 'store_ln152' <Predicate = (icmp_ln126 & use_ping_as_input_read)> <Delay = 1.23> <CoreInst = "RAM_2P_BRAM">   --->   Core 94 'RAM_2P_BRAM' <Latency = 1> <II = 1> <Delay = 1.23> <Storage> <Opcode : 'load' 'store'> <Ports = 2> <Width = 32> <Depth = 4096> <RAM>

State 14 <SV = 13> <Delay = 1.23>
ST_14 : Operation 123 [1/1] (1.23ns)   --->   "%store_ln156 = store i32 %out_v, i12 %ping_addr_1" [hls-design/ntt-kernel.cpp:156]   --->   Operation 123 'store' 'store_ln156' <Predicate = (!use_ping_as_input_read)> <Delay = 1.23> <CoreInst = "RAM_2P_BRAM">   --->   Core 94 'RAM_2P_BRAM' <Latency = 1> <II = 1> <Delay = 1.23> <Storage> <Opcode : 'load' 'store'> <Ports = 2> <Width = 32> <Depth = 4096> <RAM>
ST_14 : Operation 124 [1/1] (0.00ns)   --->   "%br_ln0 = br void %for.inc84"   --->   Operation 124 'br' 'br_ln0' <Predicate = (!use_ping_as_input_read)> <Delay = 0.00>
ST_14 : Operation 125 [1/1] (1.23ns)   --->   "%store_ln153 = store i32 %out_v, i12 %pong_addr_1" [hls-design/ntt-kernel.cpp:153]   --->   Operation 125 'store' 'store_ln153' <Predicate = (use_ping_as_input_read)> <Delay = 1.23> <CoreInst = "RAM_2P_BRAM">   --->   Core 94 'RAM_2P_BRAM' <Latency = 1> <II = 1> <Delay = 1.23> <Storage> <Opcode : 'load' 'store'> <Ports = 2> <Width = 32> <Depth = 4096> <RAM>
ST_14 : Operation 126 [1/1] (0.00ns)   --->   "%br_ln154 = br void %for.inc84" [hls-design/ntt-kernel.cpp:154]   --->   Operation 126 'br' 'br_ln154' <Predicate = (use_ping_as_input_read)> <Delay = 0.00>


============================================================
+ Verbose Summary: Timing violations
============================================================
Target clock period: 10.000ns, clock uncertainty: 2.700ns.

 <State 1>: 2.800ns
The critical path consists of the following:
	'store' operation 0 bit ('store_ln126', hls-design/ntt-kernel.cpp:126) of constant 0 on local variable 'step', hls-design/ntt-kernel.cpp:126 [29]  (0.427 ns)
	'load' operation 30 bit ('step', hls-design/ntt-kernel.cpp:126) on local variable 'step', hls-design/ntt-kernel.cpp:126 [32]  (0.000 ns)
	'and' operation 12 bit ('j', hls-design/ntt-kernel.cpp:130) [43]  (0.327 ns)
	'add' operation 12 bit ('add_ln134', hls-design/ntt-kernel.cpp:134) [50]  (0.809 ns)
	'getelementptr' operation 12 bit ('local_twiddles_addr', hls-design/ntt-kernel.cpp:134) [52]  (0.000 ns)
	'load' operation 32 bit ('twiddle', hls-design/ntt-kernel.cpp:134) on array 'local_twiddles' [53]  (1.237 ns)

 <State 2>: 3.494ns
The critical path consists of the following:
	'shl' operation 32 bit ('i', hls-design/ntt-kernel.cpp:131) [45]  (1.388 ns)
	'add' operation 12 bit ('add_ln133', hls-design/ntt-kernel.cpp:133) [48]  (0.000 ns)
	'add' operation 12 bit ('idx2', hls-design/ntt-kernel.cpp:133) [49]  (0.869 ns)
	'getelementptr' operation 12 bit ('ping_addr_1', hls-design/ntt-kernel.cpp:140) [58]  (0.000 ns)
	'load' operation 32 bit ('v', hls-design/ntt-kernel.cpp:140) on array 'ping' [59]  (1.237 ns)

 <State 3>: 3.977ns
The critical path consists of the following:
	'load' operation 32 bit ('v', hls-design/ntt-kernel.cpp:140) on array 'ping' [59]  (1.237 ns)
	'select' operation 32 bit ('v', hls-design/ntt-kernel.cpp:140) [65]  (0.449 ns)
	'mul' operation 64 bit ('ab', hls-design/ntt-kernel.cpp:24->hls-design/ntt-kernel.cpp:146) [69]  (2.291 ns)

 <State 4>: 2.291ns
The critical path consists of the following:
	'mul' operation 64 bit ('ab', hls-design/ntt-kernel.cpp:24->hls-design/ntt-kernel.cpp:146) [69]  (2.291 ns)

 <State 5>: 2.291ns
The critical path consists of the following:
	'mul' operation 64 bit ('ab', hls-design/ntt-kernel.cpp:24->hls-design/ntt-kernel.cpp:146) [69]  (2.291 ns)

 <State 6>: 4.582ns
The critical path consists of the following:
	'mul' operation 64 bit ('ab', hls-design/ntt-kernel.cpp:24->hls-design/ntt-kernel.cpp:146) [69]  (2.291 ns)
	'mul' operation 32 bit ('m', hls-design/ntt-kernel.cpp:29->hls-design/ntt-kernel.cpp:146) [74]  (2.291 ns)

 <State 7>: 2.291ns
The critical path consists of the following:
	'mul' operation 32 bit ('m', hls-design/ntt-kernel.cpp:29->hls-design/ntt-kernel.cpp:146) [74]  (2.291 ns)

 <State 8>: 2.291ns
The critical path consists of the following:
	'mul' operation 32 bit ('m', hls-design/ntt-kernel.cpp:29->hls-design/ntt-kernel.cpp:146) [74]  (2.291 ns)

 <State 9>: 4.582ns
The critical path consists of the following:
	'mul' operation 32 bit ('m', hls-design/ntt-kernel.cpp:29->hls-design/ntt-kernel.cpp:146) [74]  (2.291 ns)
	'mul' operation 64 bit ('mq', hls-design/ntt-kernel.cpp:33->hls-design/ntt-kernel.cpp:146) [79]  (2.291 ns)

 <State 10>: 2.291ns
The critical path consists of the following:
	'mul' operation 64 bit ('mq', hls-design/ntt-kernel.cpp:33->hls-design/ntt-kernel.cpp:146) [79]  (2.291 ns)

 <State 11>: 2.291ns
The critical path consists of the following:
	'mul' operation 64 bit ('mq', hls-design/ntt-kernel.cpp:33->hls-design/ntt-kernel.cpp:146) [79]  (2.291 ns)

 <State 12>: 3.216ns
The critical path consists of the following:
	'mul' operation 64 bit ('mq', hls-design/ntt-kernel.cpp:33->hls-design/ntt-kernel.cpp:146) [79]  (2.291 ns)
	'add' operation 64 bit ('sum', hls-design/ntt-kernel.cpp:37->hls-design/ntt-kernel.cpp:146) [83]  (0.925 ns)

 <State 13>: 6.108ns
The critical path consists of the following:
	'add' operation 64 bit ('sum', hls-design/ntt-kernel.cpp:37->hls-design/ntt-kernel.cpp:146) [83]  (0.925 ns)
	'icmp' operation 1 bit ('icmp_ln44', hls-design/ntt-kernel.cpp:44->hls-design/ntt-kernel.cpp:146) [87]  (1.016 ns)
	'xor' operation 1 bit ('xor_ln44', hls-design/ntt-kernel.cpp:44->hls-design/ntt-kernel.cpp:146) [88]  (0.000 ns)
	'select' operation 32 bit ('t', hls-design/ntt-kernel.cpp:44->hls-design/ntt-kernel.cpp:146) [90]  (0.449 ns)
	'add' operation 32 bit ('res', hls-design/ntt-kernel.cpp:10->hls-design/ntt-kernel.cpp:147) [91]  (1.016 ns)
	'icmp' operation 1 bit ('icmp_ln11', hls-design/ntt-kernel.cpp:11->hls-design/ntt-kernel.cpp:147) [92]  (1.016 ns)
	'xor' operation 1 bit ('xor_ln11', hls-design/ntt-kernel.cpp:11->hls-design/ntt-kernel.cpp:147) [93]  (0.000 ns)
	'or' operation 1 bit ('or_ln11', hls-design/ntt-kernel.cpp:11->hls-design/ntt-kernel.cpp:147) [95]  (0.000 ns)
	'select' operation 32 bit ('out_u', hls-design/ntt-kernel.cpp:11->hls-design/ntt-kernel.cpp:147) [97]  (0.449 ns)
	'store' operation 0 bit ('store_ln155', hls-design/ntt-kernel.cpp:155) of variable 'out_u', hls-design/ntt-kernel.cpp:11->hls-design/ntt-kernel.cpp:147 on array 'ping' [104]  (1.237 ns)

 <State 14>: 1.237ns
The critical path consists of the following:
	'store' operation 0 bit ('store_ln156', hls-design/ntt-kernel.cpp:156) of variable 'out_v', hls-design/ntt-kernel.cpp:16->hls-design/ntt-kernel.cpp:148 on array 'ping' [105]  (1.237 ns)


============================================================
+ Verbose Summary: Binding
============================================================
N/A
* FSMD analyzer results:
  - Output states:
 - Input state : 
  - Chain level:
	State 1
	State 2
	State 3
	State 4
	State 5
	State 6
	State 7
	State 8
	State 9
	State 10
	State 11
	State 12
	State 13
	State 14


============================================================
+ Verbose Summary: Datapath Resource usage 
============================================================
N/A
