

================================================================
== Vitis HLS Report for 'ntt_kernel_Pipeline_BUTTERFLY_LOOP'
================================================================
* Date:           Thu May 28 14:13:15 2026

* Version:        2023.2 (Build 4023990 on Oct 11 2023)
* Project:        hls-design
* Solution:       ntt-asic (Vivado IP Flow Target)
* Product family: zynquplus
* Target device:  xck26-sfvc784-2LV-c


================================================================
== Performance Estimates
================================================================
+ Timing: 
    * Summary: 
    +--------+----------+----------+------------+
    |  Clock |  Target  | Estimated| Uncertainty|
    +--------+----------+----------+------------+
    |ap_clk  |  10.00 ns|  7.300 ns|     2.70 ns|
    +--------+----------+----------+------------+

+ Latency: 
    * Summary: 
    +---------+---------+-----------+----------+-----+-------+---------+
    |  Latency (cycles) |  Latency (absolute)  |   Interval  | Pipeline|
    |   min   |   max   |    min    |    max   | min |  max  |   Type  |
    +---------+---------+-----------+----------+-----+-------+---------+
    |        9|    98310|  90.000 ns|  0.983 ms|    9|  98310|       no|
    +---------+---------+-----------+----------+-----+-------+---------+

    + Detail: 
        * Instance: 
        N/A

        * Loop: 
        +------------------+---------+---------+----------+-----------+-----------+-----------+----------+
        |                  |  Latency (cycles) | Iteration|  Initiation Interval  |    Trip   |          |
        |     Loop Name    |   min   |   max   |  Latency |  achieved |   target  |   Count   | Pipelined|
        +------------------+---------+---------+----------+-----------+-----------+-----------+----------+
        |- BUTTERFLY_LOOP  |        7|    98308|         8|          3|          1|  1 ~ 32768|       yes|
        +------------------+---------+---------+----------+-----------+-----------+-----------+----------+

============================================================
+ Verbose Summary: Synthesis Manager
============================================================
InlineROM: 1
ExposeGlobal: 0
============================================================
+ Verbose Summary: CDFG Model
============================================================
IsTopModel: 0
ResetActiveHigh: 1
IsCombinational: 0
IsDatapathOnly: 0
HasWiredReturn: 1
HasMFsm: 2
HasVarLatency: 1
IsPipeline: 0
IsRtlPipelined: 0
IsInstanceOverlapped: 0
IsDontTouch: 0
HasImplIP: 0
IsGatedGlobalClock: 0

+ Individual pipeline summary: 
  * Pipeline-0: initiation interval (II) = 3, depth = 8


============================================================
+ Verbose Summary: Schedule
============================================================
* Number of FSM states : 8
* Pipeline : 1
  Pipeline-0 : II = 3, D = 8, States = { 1 2 3 4 5 6 7 8 }
* Dataflow Pipeline: 0

* FSM state transitions: 
1 --> 2 
2 --> 3 
3 --> 4 
4 --> 5 
5 --> 6 
6 --> 7 
7 --> 8 
8 --> 

* FSM state operations: 

State 1 <SV = 0> <Delay = 2.35>
ST_1 : Operation 11 [1/1] (0.00ns)   --->   "%j = alloca i32 1" [hls-design/ntt-kernel.cpp:85]   --->   Operation 11 'alloca' 'j' <Predicate = true> <Delay = 0.00>
ST_1 : Operation 12 [1/1] (0.00ns)   --->   "%q_read = read i32 @_ssdm_op_Read.ap_auto.i32, i32 %q"   --->   Operation 12 'read' 'q_read' <Predicate = true> <Delay = 0.00>
ST_1 : Operation 13 [1/1] (0.00ns)   --->   "%conv5_i_read = read i32 @_ssdm_op_Read.ap_auto.i32, i32 %conv5_i"   --->   Operation 13 'read' 'conv5_i_read' <Predicate = true> <Delay = 0.00>
ST_1 : Operation 14 [1/1] (0.00ns)   --->   "%q_inv_read = read i32 @_ssdm_op_Read.ap_auto.i32, i32 %q_inv"   --->   Operation 14 'read' 'q_inv_read' <Predicate = true> <Delay = 0.00>
ST_1 : Operation 15 [1/1] (0.00ns)   --->   "%tmp = read i16 @_ssdm_op_Read.ap_auto.i16, i16 %empty"   --->   Operation 15 'read' 'tmp' <Predicate = true> <Delay = 0.00>
ST_1 : Operation 16 [1/1] (0.00ns)   --->   "%tmp_1 = read i16 @_ssdm_op_Read.ap_auto.i16, i16 %empty_23"   --->   Operation 16 'read' 'tmp_1' <Predicate = true> <Delay = 0.00>
ST_1 : Operation 17 [1/1] (0.00ns)   --->   "%sext_ln85_read = read i62 @_ssdm_op_Read.ap_auto.i62, i62 %sext_ln85"   --->   Operation 17 'read' 'sext_ln85_read' <Predicate = true> <Delay = 0.00>
ST_1 : Operation 18 [1/1] (0.00ns)   --->   "%length_read = read i32 @_ssdm_op_Read.ap_auto.i32, i32 %length_r"   --->   Operation 18 'read' 'length_read' <Predicate = true> <Delay = 0.00>
ST_1 : Operation 19 [1/1] (0.00ns)   --->   "%conv5_i_cast = zext i32 %conv5_i_read"   --->   Operation 19 'zext' 'conv5_i_cast' <Predicate = true> <Delay = 0.00>
ST_1 : Operation 20 [1/1] (0.00ns)   --->   "%sext_ln85_cast = sext i62 %sext_ln85_read"   --->   Operation 20 'sext' 'sext_ln85_cast' <Predicate = true> <Delay = 0.00>
ST_1 : Operation 21 [1/1] (0.00ns)   --->   "%specmemcore_ln0 = specmemcore void @_ssdm_op_SpecMemCore, i32 %local_x, i64 666, i64 22, i64 18446744073709551615"   --->   Operation 21 'specmemcore' 'specmemcore_ln0' <Predicate = true> <Delay = 0.00>
ST_1 : Operation 22 [1/1] (0.00ns)   --->   "%specinterface_ln0 = specinterface void @_ssdm_op_SpecInterface, i32 %gmem2, void @empty_10, i32 0, i32 0, void @empty, i32 0, i32 65535, void @empty_3, void @empty_1, void @empty, i32 16, i32 16, i32 16, i32 16, void @empty, void @empty, i32 4294967295, i32 0"   --->   Operation 22 'specinterface' 'specinterface_ln0' <Predicate = true> <Delay = 0.00>
ST_1 : Operation 23 [1/1] (0.42ns)   --->   "%store_ln85 = store i32 0, i32 %j" [hls-design/ntt-kernel.cpp:85]   --->   Operation 23 'store' 'store_ln85' <Predicate = true> <Delay = 0.42>
ST_1 : Operation 24 [1/1] (0.00ns)   --->   "%br_ln0 = br void %for.body21"   --->   Operation 24 'br' 'br_ln0' <Predicate = true> <Delay = 0.00>
ST_1 : Operation 25 [1/1] (0.00ns)   --->   "%j_1 = load i32 %j" [hls-design/ntt-kernel.cpp:85]   --->   Operation 25 'load' 'j_1' <Predicate = true> <Delay = 0.00>
ST_1 : Operation 26 [1/1] (0.00ns)   --->   "%specbitsmap_ln0 = specbitsmap void @_ssdm_op_SpecBitsMap, i32 %gmem2"   --->   Operation 26 'specbitsmap' 'specbitsmap_ln0' <Predicate = true> <Delay = 0.00>
ST_1 : Operation 27 [1/1] (1.01ns)   --->   "%icmp_ln85 = icmp_eq  i32 %j_1, i32 %length_read" [hls-design/ntt-kernel.cpp:85]   --->   Operation 27 'icmp' 'icmp_ln85' <Predicate = true> <Delay = 1.01> <CoreInst = "Cmp">   --->   Core 9 'Cmp' <Latency = 0> <II = 1> <Delay = 1.01> <FuncUnit> <Opcode : 'icmp'> <InPorts = 2> <OutPorts = 1>
ST_1 : Operation 28 [1/1] (1.01ns)   --->   "%add_ln85 = add i32 %j_1, i32 1" [hls-design/ntt-kernel.cpp:85]   --->   Operation 28 'add' 'add_ln85' <Predicate = true> <Delay = 1.01> <CoreInst = "Adder">   --->   Core 1 'Adder' <Latency = 0> <II = 1> <Delay = 1.01> <FuncUnit> <Opcode : 'add' 'sub'> <InPorts = 2> <OutPorts = 1>
ST_1 : Operation 29 [1/1] (0.00ns)   --->   "%br_ln85 = br i1 %icmp_ln85, void %for.body21.split, void %for.inc44.loopexit.exitStub" [hls-design/ntt-kernel.cpp:85]   --->   Operation 29 'br' 'br_ln85' <Predicate = true> <Delay = 0.00>
ST_1 : Operation 30 [1/1] (0.00ns)   --->   "%trunc_ln85 = trunc i32 %j_1" [hls-design/ntt-kernel.cpp:85]   --->   Operation 30 'trunc' 'trunc_ln85' <Predicate = (!icmp_ln85)> <Delay = 0.00>
ST_1 : Operation 31 [1/1] (0.85ns)   --->   "%add_ln92 = add i16 %trunc_ln85, i16 %tmp_1" [hls-design/ntt-kernel.cpp:92]   --->   Operation 31 'add' 'add_ln92' <Predicate = (!icmp_ln85)> <Delay = 0.85> <CoreInst = "Adder">   --->   Core 1 'Adder' <Latency = 0> <II = 1> <Delay = 0.85> <FuncUnit> <Opcode : 'add' 'sub'> <InPorts = 2> <OutPorts = 1>
ST_1 : Operation 32 [1/1] (0.00ns) (grouped into TernaryAdder)   --->   "%add_ln93_1 = add i16 %trunc_ln85, i16 %tmp" [hls-design/ntt-kernel.cpp:93]   --->   Operation 32 'add' 'add_ln93_1' <Predicate = (!icmp_ln85)> <Delay = 0.00> <CoreInst = "TAddSub">   --->   Core 10 'TAddSub' <Latency = 0> <II = 1> <Delay = 0.34> <IPBlock> <Opcode : '' 'add' 'sub'> <InPorts = 3> <OutPorts = 1> <Sync> <CReg>
ST_1 : Operation 33 [1/1] (0.68ns) (root node of TernaryAdder)   --->   "%add_ln93 = add i16 %add_ln93_1, i16 %tmp_1" [hls-design/ntt-kernel.cpp:93]   --->   Operation 33 'add' 'add_ln93' <Predicate = (!icmp_ln85)> <Delay = 0.68> <CoreInst = "TAddSub">   --->   Core 10 'TAddSub' <Latency = 0> <II = 1> <Delay = 0.34> <IPBlock> <Opcode : '' 'add' 'sub'> <InPorts = 3> <OutPorts = 1> <Sync> <CReg>
ST_1 : Operation 34 [1/1] (0.00ns)   --->   "%zext_ln93 = zext i16 %add_ln93" [hls-design/ntt-kernel.cpp:93]   --->   Operation 34 'zext' 'zext_ln93' <Predicate = (!icmp_ln85)> <Delay = 0.00>
ST_1 : Operation 35 [1/1] (0.00ns)   --->   "%local_x_addr_1 = getelementptr i32 %local_x, i64 0, i64 %zext_ln93" [hls-design/ntt-kernel.cpp:93]   --->   Operation 35 'getelementptr' 'local_x_addr_1' <Predicate = (!icmp_ln85)> <Delay = 0.00>
ST_1 : Operation 36 [2/2] (1.23ns)   --->   "%v = load i16 %local_x_addr_1" [hls-design/ntt-kernel.cpp:93]   --->   Operation 36 'load' 'v' <Predicate = (!icmp_ln85)> <Delay = 1.23> <CoreInst = "RAM_2P_BRAM">   --->   Core 94 'RAM_2P_BRAM' <Latency = 1> <II = 1> <Delay = 1.23> <Storage> <Opcode : 'load' 'store'> <Ports = 2> <Width = 32> <Depth = 65536> <RAM>
ST_1 : Operation 37 [1/1] (0.42ns)   --->   "%store_ln85 = store i32 %add_ln85, i32 %j" [hls-design/ntt-kernel.cpp:85]   --->   Operation 37 'store' 'store_ln85' <Predicate = (!icmp_ln85)> <Delay = 0.42>

State 2 <SV = 1> <Delay = 7.30>
ST_2 : Operation 38 [1/1] (0.00ns)   --->   "%gmem2_addr = getelementptr i32 %gmem2, i64 %sext_ln85_cast" [hls-design/ntt-kernel.cpp:85]   --->   Operation 38 'getelementptr' 'gmem2_addr' <Predicate = (!icmp_ln85)> <Delay = 0.00>
ST_2 : Operation 39 [1/1] (7.30ns)   --->   "%twiddle = read i32 @_ssdm_op_Read.m_axi.p1i32, i32 %gmem2_addr" [hls-design/ntt-kernel.cpp:90]   --->   Operation 39 'read' 'twiddle' <Predicate = (!icmp_ln85)> <Delay = 7.30> <CoreInst = "m_axi">   --->   Core 121 'm_axi' <Latency = 0> <II = 1> <Delay = 1.00> <Adapter> <Opcode : 'read' 'write' 'readreq' 'writereq' 'writeresp'>
ST_2 : Operation 40 [1/2] (1.23ns)   --->   "%v = load i16 %local_x_addr_1" [hls-design/ntt-kernel.cpp:93]   --->   Operation 40 'load' 'v' <Predicate = (!icmp_ln85)> <Delay = 1.23> <CoreInst = "RAM_2P_BRAM">   --->   Core 94 'RAM_2P_BRAM' <Latency = 1> <II = 1> <Delay = 1.23> <Storage> <Opcode : 'load' 'store'> <Ports = 2> <Width = 32> <Depth = 65536> <RAM>

State 3 <SV = 2> <Delay = 3.42>
ST_3 : Operation 41 [1/1] (0.00ns)   --->   "%zext_ln26 = zext i32 %v" [hls-design/ntt-kernel.cpp:26->hls-design/ntt-kernel.cpp:95]   --->   Operation 41 'zext' 'zext_ln26' <Predicate = (!icmp_ln85)> <Delay = 0.00>
ST_3 : Operation 42 [1/1] (0.00ns)   --->   "%zext_ln26_1 = zext i32 %twiddle" [hls-design/ntt-kernel.cpp:26->hls-design/ntt-kernel.cpp:95]   --->   Operation 42 'zext' 'zext_ln26_1' <Predicate = (!icmp_ln85)> <Delay = 0.00>
ST_3 : Operation 43 [1/1] (3.42ns)   --->   "%ab = mul i64 %zext_ln26, i64 %zext_ln26_1" [hls-design/ntt-kernel.cpp:26->hls-design/ntt-kernel.cpp:95]   --->   Operation 43 'mul' 'ab' <Predicate = (!icmp_ln85)> <Delay = 3.42> <CoreInst = "Multiplier">   --->   Core 3 'Multiplier' <Latency = 0> <II = 1> <Delay = 3.42> <FuncUnit> <Opcode : 'mul'> <InPorts = 2> <OutPorts = 1>
ST_3 : Operation 44 [1/1] (0.00ns)   --->   "%ab_low = trunc i64 %ab" [hls-design/ntt-kernel.cpp:27->hls-design/ntt-kernel.cpp:95]   --->   Operation 44 'trunc' 'ab_low' <Predicate = (!icmp_ln85)> <Delay = 0.00>

State 4 <SV = 3> <Delay = 3.42>
ST_4 : Operation 45 [1/1] (0.00ns)   --->   "%zext_ln92 = zext i16 %add_ln92" [hls-design/ntt-kernel.cpp:92]   --->   Operation 45 'zext' 'zext_ln92' <Predicate = true> <Delay = 0.00>
ST_4 : Operation 46 [1/1] (0.00ns)   --->   "%local_x_addr = getelementptr i32 %local_x, i64 0, i64 %zext_ln92" [hls-design/ntt-kernel.cpp:92]   --->   Operation 46 'getelementptr' 'local_x_addr' <Predicate = true> <Delay = 0.00>
ST_4 : Operation 47 [2/2] (1.23ns)   --->   "%u = load i16 %local_x_addr" [hls-design/ntt-kernel.cpp:92]   --->   Operation 47 'load' 'u' <Predicate = true> <Delay = 1.23> <CoreInst = "RAM_2P_BRAM">   --->   Core 94 'RAM_2P_BRAM' <Latency = 1> <II = 1> <Delay = 1.23> <Storage> <Opcode : 'load' 'store'> <Ports = 2> <Width = 32> <Depth = 65536> <RAM>
ST_4 : Operation 48 [1/1] (3.42ns)   --->   "%m = mul i32 %ab_low, i32 %q_inv_read" [hls-design/ntt-kernel.cpp:28->hls-design/ntt-kernel.cpp:95]   --->   Operation 48 'mul' 'm' <Predicate = true> <Delay = 3.42> <CoreInst = "Multiplier">   --->   Core 3 'Multiplier' <Latency = 0> <II = 1> <Delay = 3.42> <FuncUnit> <Opcode : 'mul'> <InPorts = 2> <OutPorts = 1>

State 5 <SV = 4> <Delay = 4.50>
ST_5 : Operation 49 [1/2] (1.23ns)   --->   "%u = load i16 %local_x_addr" [hls-design/ntt-kernel.cpp:92]   --->   Operation 49 'load' 'u' <Predicate = true> <Delay = 1.23> <CoreInst = "RAM_2P_BRAM">   --->   Core 94 'RAM_2P_BRAM' <Latency = 1> <II = 1> <Delay = 1.23> <Storage> <Opcode : 'load' 'store'> <Ports = 2> <Width = 32> <Depth = 65536> <RAM>
ST_5 : Operation 50 [1/1] (0.00ns)   --->   "%zext_ln29 = zext i32 %m" [hls-design/ntt-kernel.cpp:29->hls-design/ntt-kernel.cpp:95]   --->   Operation 50 'zext' 'zext_ln29' <Predicate = true> <Delay = 0.00>
ST_5 : Operation 51 [1/1] (3.42ns)   --->   "%mq = mul i64 %zext_ln29, i64 %conv5_i_cast" [hls-design/ntt-kernel.cpp:29->hls-design/ntt-kernel.cpp:95]   --->   Operation 51 'mul' 'mq' <Predicate = true> <Delay = 3.42> <CoreInst = "Multiplier">   --->   Core 3 'Multiplier' <Latency = 0> <II = 1> <Delay = 3.42> <FuncUnit> <Opcode : 'mul'> <InPorts = 2> <OutPorts = 1>
ST_5 : Operation 52 [1/1] (1.08ns)   --->   "%add_ln30 = add i64 %mq, i64 %ab" [hls-design/ntt-kernel.cpp:30->hls-design/ntt-kernel.cpp:95]   --->   Operation 52 'add' 'add_ln30' <Predicate = true> <Delay = 1.08> <CoreInst = "Adder">   --->   Core 1 'Adder' <Latency = 0> <II = 1> <Delay = 1.08> <FuncUnit> <Opcode : 'add' 'sub'> <InPorts = 2> <OutPorts = 1>
ST_5 : Operation 53 [1/1] (0.00ns)   --->   "%t = partselect i32 @_ssdm_op_PartSelect.i32.i64.i32.i32, i64 %add_ln30, i32 32, i32 63" [hls-design/ntt-kernel.cpp:30->hls-design/ntt-kernel.cpp:95]   --->   Operation 53 'partselect' 't' <Predicate = true> <Delay = 0.00>
ST_5 : Operation 73 [1/1] (0.00ns)   --->   "%ret_ln0 = ret"   --->   Operation 73 'ret' 'ret_ln0' <Predicate = (icmp_ln85)> <Delay = 0.00>

State 6 <SV = 5> <Delay = 5.18>
ST_6 : Operation 54 [1/1] (1.01ns)   --->   "%icmp_ln31 = icmp_ult  i32 %t, i32 %q_read" [hls-design/ntt-kernel.cpp:31->hls-design/ntt-kernel.cpp:95]   --->   Operation 54 'icmp' 'icmp_ln31' <Predicate = true> <Delay = 1.01> <CoreInst = "Cmp">   --->   Core 9 'Cmp' <Latency = 0> <II = 1> <Delay = 1.01> <FuncUnit> <Opcode : 'icmp'> <InPorts = 2> <OutPorts = 1>
ST_6 : Operation 55 [1/1] (0.00ns) (grouped into LUT with out node t_1)   --->   "%xor_ln31 = xor i1 %icmp_ln31, i1 1" [hls-design/ntt-kernel.cpp:31->hls-design/ntt-kernel.cpp:95]   --->   Operation 55 'xor' 'xor_ln31' <Predicate = true> <Delay = 0.00> <CoreInst = "LogicGate">   --->   Core 74 'LogicGate' <Latency = 0> <II = 1> <Delay = 0.28> <FuncUnit> <Opcode : 'and' 'or' 'xor'> <InPorts = 2> <OutPorts = 1>
ST_6 : Operation 56 [1/1] (1.01ns)   --->   "%sub_ln31 = sub i32 %t, i32 %q_read" [hls-design/ntt-kernel.cpp:31->hls-design/ntt-kernel.cpp:95]   --->   Operation 56 'sub' 'sub_ln31' <Predicate = true> <Delay = 1.01> <CoreInst = "Adder">   --->   Core 1 'Adder' <Latency = 0> <II = 1> <Delay = 1.01> <FuncUnit> <Opcode : 'add' 'sub'> <InPorts = 2> <OutPorts = 1>
ST_6 : Operation 57 [1/1] (0.44ns) (out node of the LUT)   --->   "%t_1 = select i1 %xor_ln31, i32 %sub_ln31, i32 %t" [hls-design/ntt-kernel.cpp:31->hls-design/ntt-kernel.cpp:95]   --->   Operation 57 'select' 't_1' <Predicate = true> <Delay = 0.44> <CoreInst = "Sel">   --->   Core 73 'Sel' <Latency = 0> <II = 1> <Delay = 0.44> <FuncUnit> <Opcode : 'select'> <InPorts = 3> <OutPorts = 1>
ST_6 : Operation 58 [1/1] (1.01ns)   --->   "%res = add i32 %u, i32 %t_1" [hls-design/ntt-kernel.cpp:15->hls-design/ntt-kernel.cpp:96]   --->   Operation 58 'add' 'res' <Predicate = true> <Delay = 1.01> <CoreInst = "Adder">   --->   Core 1 'Adder' <Latency = 0> <II = 1> <Delay = 1.01> <FuncUnit> <Opcode : 'add' 'sub'> <InPorts = 2> <OutPorts = 1>
ST_6 : Operation 59 [1/1] (1.01ns)   --->   "%icmp_ln16 = icmp_ult  i32 %res, i32 %q_read" [hls-design/ntt-kernel.cpp:16->hls-design/ntt-kernel.cpp:96]   --->   Operation 59 'icmp' 'icmp_ln16' <Predicate = true> <Delay = 1.01> <CoreInst = "Cmp">   --->   Core 9 'Cmp' <Latency = 0> <II = 1> <Delay = 1.01> <FuncUnit> <Opcode : 'icmp'> <InPorts = 2> <OutPorts = 1>
ST_6 : Operation 60 [1/1] (0.00ns) (grouped into LUT with out node select_ln16)   --->   "%xor_ln16 = xor i1 %icmp_ln16, i1 1" [hls-design/ntt-kernel.cpp:16->hls-design/ntt-kernel.cpp:96]   --->   Operation 60 'xor' 'xor_ln16' <Predicate = true> <Delay = 0.00> <CoreInst = "LogicGate">   --->   Core 74 'LogicGate' <Latency = 0> <II = 1> <Delay = 0.28> <FuncUnit> <Opcode : 'and' 'or' 'xor'> <InPorts = 2> <OutPorts = 1>
ST_6 : Operation 61 [1/1] (1.01ns)   --->   "%sub_ln16 = sub i32 %res, i32 %q_read" [hls-design/ntt-kernel.cpp:16->hls-design/ntt-kernel.cpp:96]   --->   Operation 61 'sub' 'sub_ln16' <Predicate = true> <Delay = 1.01> <CoreInst = "Adder">   --->   Core 1 'Adder' <Latency = 0> <II = 1> <Delay = 1.01> <FuncUnit> <Opcode : 'add' 'sub'> <InPorts = 2> <OutPorts = 1>
ST_6 : Operation 62 [1/1] (0.44ns) (out node of the LUT)   --->   "%select_ln16 = select i1 %xor_ln16, i32 %sub_ln16, i32 %res" [hls-design/ntt-kernel.cpp:16->hls-design/ntt-kernel.cpp:96]   --->   Operation 62 'select' 'select_ln16' <Predicate = true> <Delay = 0.44> <CoreInst = "Sel">   --->   Core 73 'Sel' <Latency = 0> <II = 1> <Delay = 0.44> <FuncUnit> <Opcode : 'select'> <InPorts = 3> <OutPorts = 1>
ST_6 : Operation 63 [1/1] (1.23ns)   --->   "%store_ln96 = store i32 %select_ln16, i16 %local_x_addr" [hls-design/ntt-kernel.cpp:96]   --->   Operation 63 'store' 'store_ln96' <Predicate = true> <Delay = 1.23> <CoreInst = "RAM_2P_BRAM">   --->   Core 94 'RAM_2P_BRAM' <Latency = 1> <II = 1> <Delay = 1.23> <Storage> <Opcode : 'load' 'store'> <Ports = 2> <Width = 32> <Depth = 65536> <RAM>
ST_6 : Operation 64 [1/1] (1.01ns)   --->   "%icmp_ln21 = icmp_ult  i32 %u, i32 %t_1" [hls-design/ntt-kernel.cpp:21->hls-design/ntt-kernel.cpp:97]   --->   Operation 64 'icmp' 'icmp_ln21' <Predicate = true> <Delay = 1.01> <CoreInst = "Cmp">   --->   Core 9 'Cmp' <Latency = 0> <II = 1> <Delay = 1.01> <FuncUnit> <Opcode : 'icmp'> <InPorts = 2> <OutPorts = 1>
ST_6 : Operation 65 [1/1] (1.01ns)   --->   "%add_ln21 = add i32 %u, i32 %q_read" [hls-design/ntt-kernel.cpp:21->hls-design/ntt-kernel.cpp:97]   --->   Operation 65 'add' 'add_ln21' <Predicate = true> <Delay = 1.01> <CoreInst = "Adder">   --->   Core 1 'Adder' <Latency = 0> <II = 1> <Delay = 1.01> <FuncUnit> <Opcode : 'add' 'sub'> <InPorts = 2> <OutPorts = 1>
ST_6 : Operation 66 [1/1] (0.00ns) (grouped into LUT with out node sub_ln21)   --->   "%select_ln21 = select i1 %icmp_ln21, i32 %add_ln21, i32 %u" [hls-design/ntt-kernel.cpp:21->hls-design/ntt-kernel.cpp:97]   --->   Operation 66 'select' 'select_ln21' <Predicate = true> <Delay = 0.00> <CoreInst = "Sel">   --->   Core 73 'Sel' <Latency = 0> <II = 1> <Delay = 0.44> <FuncUnit> <Opcode : 'select'> <InPorts = 3> <OutPorts = 1>
ST_6 : Operation 67 [1/1] (1.01ns) (out node of the LUT)   --->   "%sub_ln21 = sub i32 %select_ln21, i32 %t_1" [hls-design/ntt-kernel.cpp:21->hls-design/ntt-kernel.cpp:97]   --->   Operation 67 'sub' 'sub_ln21' <Predicate = true> <Delay = 1.01> <CoreInst = "Adder">   --->   Core 1 'Adder' <Latency = 0> <II = 1> <Delay = 1.01> <FuncUnit> <Opcode : 'add' 'sub'> <InPorts = 2> <OutPorts = 1>

State 7 <SV = 6> <Delay = 0.00>

State 8 <SV = 7> <Delay = 1.23>
ST_8 : Operation 68 [1/1] (0.00ns)   --->   "%specpipeline_ln86 = specpipeline void @_ssdm_op_SpecPipeline, i32 1, i32 0, i32 0, i32 0, void @empty" [hls-design/ntt-kernel.cpp:86]   --->   Operation 68 'specpipeline' 'specpipeline_ln86' <Predicate = true> <Delay = 0.00>
ST_8 : Operation 69 [1/1] (0.00ns)   --->   "%speclooptripcount_ln87 = speclooptripcount void @_ssdm_op_SpecLoopTripCount, i64 1, i64 32768, i64 16384" [hls-design/ntt-kernel.cpp:87]   --->   Operation 69 'speclooptripcount' 'speclooptripcount_ln87' <Predicate = true> <Delay = 0.00>
ST_8 : Operation 70 [1/1] (0.00ns)   --->   "%specloopname_ln85 = specloopname void @_ssdm_op_SpecLoopName, void @empty_4" [hls-design/ntt-kernel.cpp:85]   --->   Operation 70 'specloopname' 'specloopname_ln85' <Predicate = true> <Delay = 0.00>
ST_8 : Operation 71 [1/1] (1.23ns)   --->   "%store_ln97 = store i32 %sub_ln21, i16 %local_x_addr_1" [hls-design/ntt-kernel.cpp:97]   --->   Operation 71 'store' 'store_ln97' <Predicate = true> <Delay = 1.23> <CoreInst = "RAM_2P_BRAM">   --->   Core 94 'RAM_2P_BRAM' <Latency = 1> <II = 1> <Delay = 1.23> <Storage> <Opcode : 'load' 'store'> <Ports = 2> <Width = 32> <Depth = 65536> <RAM>
ST_8 : Operation 72 [1/1] (0.00ns)   --->   "%br_ln85 = br void %for.body21" [hls-design/ntt-kernel.cpp:85]   --->   Operation 72 'br' 'br_ln85' <Predicate = true> <Delay = 0.00>


============================================================
+ Verbose Summary: Binding
============================================================
STG Binding: 
---------------- STG Properties BEGIN ----------------
- Is combinational: 0
- Is one-state seq: 0
- Is datapath-only: 0
- Is pipelined: 0
- Is top level: 0
Port [ Return ] is wired: 1; IO mode=ap_ctrl_hs:ce=0
Port [ gmem2]:  wired=1; compound=1; hidden=0; nouse=0; global=0; static=0; extern=0; dir=0; type=4; pingpong=0; private_global=0; IO mode=m_axi:ce=0
Port [ length_r]:  wired=1; compound=0; hidden=0; nouse=0; global=0; static=0; extern=0; dir=0; type=0; pingpong=0; private_global=0; IO mode=ap_none:ce=0
Port [ sext_ln85]:  wired=1; compound=0; hidden=0; nouse=0; global=0; static=0; extern=0; dir=0; type=0; pingpong=0; private_global=0; IO mode=ap_none:ce=0
Port [ local_x]:  wired=1; compound=1; hidden=0; nouse=0; global=0; static=0; extern=0; dir=2; type=1; pingpong=0; private_global=0; MemPort=[12]; IO mode=ap_memory:ce=0
Port [ empty_23]:  wired=1; compound=0; hidden=0; nouse=0; global=0; static=0; extern=0; dir=0; type=0; pingpong=0; private_global=0; IO mode=ap_none:ce=0
Port [ empty]:  wired=1; compound=0; hidden=0; nouse=0; global=0; static=0; extern=0; dir=0; type=0; pingpong=0; private_global=0; IO mode=ap_none:ce=0
Port [ q_inv]:  wired=1; compound=0; hidden=0; nouse=0; global=0; static=0; extern=0; dir=0; type=0; pingpong=0; private_global=0; IO mode=ap_none:ce=0
Port [ conv5_i]:  wired=1; compound=0; hidden=0; nouse=0; global=0; static=0; extern=0; dir=0; type=0; pingpong=0; private_global=0; IO mode=ap_none:ce=0
Port [ q]:  wired=1; compound=0; hidden=0; nouse=0; global=0; static=0; extern=0; dir=0; type=0; pingpong=0; private_global=0; IO mode=ap_none:ce=0
---------------- STG Properties END ------------------

---------------- Datapath Model BEGIN ----------------

<LifeTime>
<method=bitvector/>
j                      (alloca           ) [ 010000000]
q_read                 (read             ) [ 011111100]
conv5_i_read           (read             ) [ 000000000]
q_inv_read             (read             ) [ 011110000]
tmp                    (read             ) [ 000000000]
tmp_1                  (read             ) [ 000000000]
sext_ln85_read         (read             ) [ 000000000]
length_read            (read             ) [ 000000000]
conv5_i_cast           (zext             ) [ 011111000]
sext_ln85_cast         (sext             ) [ 001000000]
specmemcore_ln0        (specmemcore      ) [ 000000000]
specinterface_ln0      (specinterface    ) [ 000000000]
store_ln85             (store            ) [ 000000000]
br_ln0                 (br               ) [ 000000000]
j_1                    (load             ) [ 000000000]
specbitsmap_ln0        (specbitsmap      ) [ 000000000]
icmp_ln85              (icmp             ) [ 011111000]
add_ln85               (add              ) [ 000000000]
br_ln85                (br               ) [ 000000000]
trunc_ln85             (trunc            ) [ 000000000]
add_ln92               (add              ) [ 011110000]
add_ln93_1             (add              ) [ 000000000]
add_ln93               (add              ) [ 000000000]
zext_ln93              (zext             ) [ 000000000]
local_x_addr_1         (getelementptr    ) [ 011111111]
store_ln85             (store            ) [ 000000000]
gmem2_addr             (getelementptr    ) [ 000000000]
twiddle                (read             ) [ 000100000]
v                      (load             ) [ 000100000]
zext_ln26              (zext             ) [ 000000000]
zext_ln26_1            (zext             ) [ 000000000]
ab                     (mul              ) [ 011011000]
ab_low                 (trunc            ) [ 010010000]
zext_ln92              (zext             ) [ 000000000]
local_x_addr           (getelementptr    ) [ 001101100]
m                      (mul              ) [ 001001000]
u                      (load             ) [ 000100100]
zext_ln29              (zext             ) [ 000000000]
mq                     (mul              ) [ 000000000]
add_ln30               (add              ) [ 000000000]
t                      (partselect       ) [ 000100100]
icmp_ln31              (icmp             ) [ 000000000]
xor_ln31               (xor              ) [ 000000000]
sub_ln31               (sub              ) [ 000000000]
t_1                    (select           ) [ 000000000]
res                    (add              ) [ 000000000]
icmp_ln16              (icmp             ) [ 000000000]
xor_ln16               (xor              ) [ 000000000]
sub_ln16               (sub              ) [ 000000000]
select_ln16            (select           ) [ 000000000]
store_ln96             (store            ) [ 000000000]
icmp_ln21              (icmp             ) [ 000000000]
add_ln21               (add              ) [ 000000000]
select_ln21            (select           ) [ 000000000]
sub_ln21               (sub              ) [ 011000011]
specpipeline_ln86      (specpipeline     ) [ 000000000]
speclooptripcount_ln87 (speclooptripcount) [ 000000000]
specloopname_ln85      (specloopname     ) [ 000000000]
store_ln97             (store            ) [ 000000000]
br_ln85                (br               ) [ 000000000]
ret_ln0                (ret              ) [ 000000000]
</LifeTime>

<model>

<comp_list>
<comp id="0" class="1000" name="gmem2">
<pin_list>
<pin id="1" dir="1" index="0" bw="1" slack="0"/>
</pin_list>
<bind>
<StgValue><ssdm name="gmem2"/></StgValue>
</bind>
</comp>

<comp id="2" class="1000" name="length_r">
<pin_list>
<pin id="3" dir="1" index="0" bw="1" slack="0"/>
</pin_list>
<bind>
<StgValue><ssdm name="length_r"/></StgValue>
</bind>
</comp>

<comp id="4" class="1000" name="sext_ln85">
<pin_list>
<pin id="5" dir="1" index="0" bw="1" slack="0"/>
</pin_list>
<bind>
<StgValue><ssdm name="sext_ln85"/></StgValue>
</bind>
</comp>

<comp id="6" class="1000" name="local_x">
<pin_list>
<pin id="7" dir="1" index="0" bw="1" slack="0"/>
</pin_list>
<bind>
<StgValue><ssdm name="local_x"/><MemPortTyVec>1 2 </MemPortTyVec>
</StgValue>
</bind>
</comp>

<comp id="8" class="1000" name="empty_23">
<pin_list>
<pin id="9" dir="1" index="0" bw="1" slack="0"/>
</pin_list>
<bind>
<StgValue><ssdm name="empty_23"/></StgValue>
</bind>
</comp>

<comp id="10" class="1000" name="empty">
<pin_list>
<pin id="11" dir="1" index="0" bw="1" slack="0"/>
</pin_list>
<bind>
<StgValue><ssdm name="empty"/></StgValue>
</bind>
</comp>

<comp id="12" class="1000" name="q_inv">
<pin_list>
<pin id="13" dir="1" index="0" bw="1" slack="0"/>
</pin_list>
<bind>
<StgValue><ssdm name="q_inv"/></StgValue>
</bind>
</comp>

<comp id="14" class="1000" name="conv5_i">
<pin_list>
<pin id="15" dir="1" index="0" bw="1" slack="0"/>
</pin_list>
<bind>
<StgValue><ssdm name="conv5_i"/></StgValue>
</bind>
</comp>

<comp id="16" class="1000" name="q">
<pin_list>
<pin id="17" dir="1" index="0" bw="1" slack="0"/>
</pin_list>
<bind>
<StgValue><ssdm name="q"/></StgValue>
</bind>
</comp>

<comp id="18" class="1001" name="const_18">
<pin_list>
<pin id="19" dir="1" index="0" bw="1" slack="0"/>
</pin_list>
<bind>
<StgValue><ssdm name=""/></StgValue>
</bind>
</comp>

<comp id="20" class="1001" name="const_20">
<pin_list>
<pin id="21" dir="1" index="0" bw="1" slack="0"/>
</pin_list>
<bind>
<StgValue><ssdm name="_ssdm_op_Read.ap_auto.i32"/></StgValue>
</bind>
</comp>

<comp id="22" class="1001" name="const_22">
<pin_list>
<pin id="23" dir="1" index="0" bw="1" slack="0"/>
</pin_list>
<bind>
<StgValue><ssdm name="_ssdm_op_Read.ap_auto.i16"/></StgValue>
</bind>
</comp>

<comp id="24" class="1001" name="const_24">
<pin_list>
<pin id="25" dir="1" index="0" bw="1" slack="0"/>
</pin_list>
<bind>
<StgValue><ssdm name="_ssdm_op_Read.ap_auto.i62"/></StgValue>
</bind>
</comp>

<comp id="26" class="1001" name="const_26">
<pin_list>
<pin id="27" dir="1" index="0" bw="1" slack="2147483647"/>
</pin_list>
<bind>
<StgValue><ssdm name="_ssdm_op_SpecMemCore"/></StgValue>
</bind>
</comp>

<comp id="28" class="1001" name="const_28">
<pin_list>
<pin id="29" dir="1" index="0" bw="1" slack="2147483647"/>
</pin_list>
<bind>
<StgValue><ssdm name=""/></StgValue>
</bind>
</comp>

<comp id="30" class="1001" name="const_30">
<pin_list>
<pin id="31" dir="1" index="0" bw="1" slack="2147483647"/>
</pin_list>
<bind>
<StgValue><ssdm name=""/></StgValue>
</bind>
</comp>

<comp id="32" class="1001" name="const_32">
<pin_list>
<pin id="33" dir="1" index="0" bw="1" slack="2147483647"/>
</pin_list>
<bind>
<StgValue><ssdm name=""/></StgValue>
</bind>
</comp>

<comp id="34" class="1001" name="const_34">
<pin_list>
<pin id="35" dir="1" index="0" bw="1" slack="2147483647"/>
</pin_list>
<bind>
<StgValue><ssdm name="_ssdm_op_SpecInterface"/></StgValue>
</bind>
</comp>

<comp id="36" class="1001" name="const_36">
<pin_list>
<pin id="37" dir="1" index="0" bw="1" slack="2147483647"/>
</pin_list>
<bind>
<StgValue><ssdm name="empty_10"/></StgValue>
</bind>
</comp>

<comp id="38" class="1001" name="const_38">
<pin_list>
<pin id="39" dir="1" index="0" bw="1" slack="0"/>
</pin_list>
<bind>
<StgValue><ssdm name=""/></StgValue>
</bind>
</comp>

<comp id="40" class="1001" name="const_40">
<pin_list>
<pin id="41" dir="1" index="0" bw="1" slack="2147483647"/>
</pin_list>
<bind>
<StgValue><ssdm name="empty"/></StgValue>
</bind>
</comp>

<comp id="42" class="1001" name="const_42">
<pin_list>
<pin id="43" dir="1" index="0" bw="1" slack="2147483647"/>
</pin_list>
<bind>
<StgValue><ssdm name=""/></StgValue>
</bind>
</comp>

<comp id="44" class="1001" name="const_44">
<pin_list>
<pin id="45" dir="1" index="0" bw="1" slack="2147483647"/>
</pin_list>
<bind>
<StgValue><ssdm name="empty_3"/></StgValue>
</bind>
</comp>

<comp id="46" class="1001" name="const_46">
<pin_list>
<pin id="47" dir="1" index="0" bw="1" slack="2147483647"/>
</pin_list>
<bind>
<StgValue><ssdm name="empty_1"/></StgValue>
</bind>
</comp>

<comp id="48" class="1001" name="const_48">
<pin_list>
<pin id="49" dir="1" index="0" bw="1" slack="2147483647"/>
</pin_list>
<bind>
<StgValue><ssdm name=""/></StgValue>
</bind>
</comp>

<comp id="50" class="1001" name="const_50">
<pin_list>
<pin id="51" dir="1" index="0" bw="1" slack="2147483647"/>
</pin_list>
<bind>
<StgValue><ssdm name=""/></StgValue>
</bind>
</comp>

<comp id="52" class="1001" name="const_52">
<pin_list>
<pin id="53" dir="1" index="0" bw="1" slack="2147483647"/>
</pin_list>
<bind>
<StgValue><ssdm name="_ssdm_op_SpecBitsMap"/></StgValue>
</bind>
</comp>

<comp id="54" class="1001" name="const_54">
<pin_list>
<pin id="55" dir="1" index="0" bw="1" slack="0"/>
</pin_list>
<bind>
<StgValue><ssdm name=""/></StgValue>
</bind>
</comp>

<comp id="56" class="1001" name="const_56">
<pin_list>
<pin id="57" dir="1" index="0" bw="1" slack="0"/>
</pin_list>
<bind>
<StgValue><ssdm name="_ssdm_op_Read.m_axi.p1i32"/></StgValue>
</bind>
</comp>

<comp id="58" class="1001" name="const_58">
<pin_list>
<pin id="59" dir="1" index="0" bw="1" slack="0"/>
</pin_list>
<bind>
<StgValue><ssdm name="_ssdm_op_PartSelect.i32.i64.i32.i32"/></StgValue>
</bind>
</comp>

<comp id="60" class="1001" name="const_60">
<pin_list>
<pin id="61" dir="1" index="0" bw="1" slack="0"/>
</pin_list>
<bind>
<StgValue><ssdm name=""/></StgValue>
</bind>
</comp>

<comp id="62" class="1001" name="const_62">
<pin_list>
<pin id="63" dir="1" index="0" bw="1" slack="0"/>
</pin_list>
<bind>
<StgValue><ssdm name=""/></StgValue>
</bind>
</comp>

<comp id="64" class="1001" name="const_64">
<pin_list>
<pin id="65" dir="1" index="0" bw="1" slack="0"/>
</pin_list>
<bind>
<StgValue><ssdm name=""/></StgValue>
</bind>
</comp>

<comp id="66" class="1001" name="const_66">
<pin_list>
<pin id="67" dir="1" index="0" bw="1" slack="2147483647"/>
</pin_list>
<bind>
<StgValue><ssdm name="_ssdm_op_SpecPipeline"/></StgValue>
</bind>
</comp>

<comp id="68" class="1001" name="const_68">
<pin_list>
<pin id="69" dir="1" index="0" bw="1" slack="2147483647"/>
</pin_list>
<bind>
<StgValue><ssdm name="_ssdm_op_SpecLoopTripCount"/></StgValue>
</bind>
</comp>

<comp id="70" class="1001" name="const_70">
<pin_list>
<pin id="71" dir="1" index="0" bw="1" slack="2147483647"/>
</pin_list>
<bind>
<StgValue><ssdm name=""/></StgValue>
</bind>
</comp>

<comp id="72" class="1001" name="const_72">
<pin_list>
<pin id="73" dir="1" index="0" bw="1" slack="2147483647"/>
</pin_list>
<bind>
<StgValue><ssdm name=""/></StgValue>
</bind>
</comp>

<comp id="74" class="1001" name="const_74">
<pin_list>
<pin id="75" dir="1" index="0" bw="1" slack="2147483647"/>
</pin_list>
<bind>
<StgValue><ssdm name=""/></StgValue>
</bind>
</comp>

<comp id="76" class="1001" name="const_76">
<pin_list>
<pin id="77" dir="1" index="0" bw="1" slack="2147483647"/>
</pin_list>
<bind>
<StgValue><ssdm name="_ssdm_op_SpecLoopName"/></StgValue>
</bind>
</comp>

<comp id="78" class="1001" name="const_78">
<pin_list>
<pin id="79" dir="1" index="0" bw="1" slack="2147483647"/>
</pin_list>
<bind>
<StgValue><ssdm name="empty_4"/></StgValue>
</bind>
</comp>

<comp id="80" class="1004" name="j_fu_80">
<pin_list>
<pin id="81" dir="0" index="0" bw="1" slack="0"/>
<pin id="82" dir="1" index="1" bw="32" slack="0"/>
</pin_list>
<bind>
<opcode="alloca(26) " fcode="alloca"/>
<opset="j/1 "/>
</bind>
</comp>

<comp id="84" class="1004" name="q_read_read_fu_84">
<pin_list>
<pin id="85" dir="0" index="0" bw="32" slack="0"/>
<pin id="86" dir="0" index="1" bw="32" slack="0"/>
<pin id="87" dir="1" index="2" bw="32" slack="5"/>
</pin_list>
<bind>
<opcode="read(1150) " fcode="read"/>
<opset="q_read/1 "/>
</bind>
</comp>

<comp id="90" class="1004" name="conv5_i_read_read_fu_90">
<pin_list>
<pin id="91" dir="0" index="0" bw="32" slack="0"/>
<pin id="92" dir="0" index="1" bw="32" slack="0"/>
<pin id="93" dir="1" index="2" bw="32" slack="0"/>
</pin_list>
<bind>
<opcode="read(1150) " fcode="read"/>
<opset="conv5_i_read/1 "/>
</bind>
</comp>

<comp id="96" class="1004" name="q_inv_read_read_fu_96">
<pin_list>
<pin id="97" dir="0" index="0" bw="32" slack="0"/>
<pin id="98" dir="0" index="1" bw="32" slack="0"/>
<pin id="99" dir="1" index="2" bw="32" slack="3"/>
</pin_list>
<bind>
<opcode="read(1150) " fcode="read"/>
<opset="q_inv_read/1 "/>
</bind>
</comp>

<comp id="102" class="1004" name="tmp_read_fu_102">
<pin_list>
<pin id="103" dir="0" index="0" bw="16" slack="0"/>
<pin id="104" dir="0" index="1" bw="16" slack="0"/>
<pin id="105" dir="1" index="2" bw="16" slack="0"/>
</pin_list>
<bind>
<opcode="read(1150) " fcode="read"/>
<opset="tmp/1 "/>
</bind>
</comp>

<comp id="108" class="1004" name="tmp_1_read_fu_108">
<pin_list>
<pin id="109" dir="0" index="0" bw="16" slack="0"/>
<pin id="110" dir="0" index="1" bw="16" slack="0"/>
<pin id="111" dir="1" index="2" bw="16" slack="0"/>
</pin_list>
<bind>
<opcode="read(1150) " fcode="read"/>
<opset="tmp_1/1 "/>
</bind>
</comp>

<comp id="114" class="1004" name="sext_ln85_read_read_fu_114">
<pin_list>
<pin id="115" dir="0" index="0" bw="62" slack="0"/>
<pin id="116" dir="0" index="1" bw="62" slack="0"/>
<pin id="117" dir="1" index="2" bw="62" slack="0"/>
</pin_list>
<bind>
<opcode="read(1150) " fcode="read"/>
<opset="sext_ln85_read/1 "/>
</bind>
</comp>

<comp id="120" class="1004" name="length_read_read_fu_120">
<pin_list>
<pin id="121" dir="0" index="0" bw="32" slack="0"/>
<pin id="122" dir="0" index="1" bw="32" slack="0"/>
<pin id="123" dir="1" index="2" bw="32" slack="0"/>
</pin_list>
<bind>
<opcode="read(1150) " fcode="read"/>
<opset="length_read/1 "/>
</bind>
</comp>

<comp id="126" class="1004" name="twiddle_read_fu_126">
<pin_list>
<pin id="127" dir="0" index="0" bw="32" slack="0"/>
<pin id="128" dir="0" index="1" bw="32" slack="0"/>
<pin id="129" dir="1" index="2" bw="32" slack="1"/>
</pin_list>
<bind>
<opcode="read(1150) " fcode="read"/>
<opset="twiddle/2 "/>
</bind>
</comp>

<comp id="131" class="1004" name="local_x_addr_1_gep_fu_131">
<pin_list>
<pin id="132" dir="0" index="0" bw="32" slack="0"/>
<pin id="133" dir="0" index="1" bw="1" slack="0"/>
<pin id="134" dir="0" index="2" bw="16" slack="0"/>
<pin id="135" dir="1" index="3" bw="16" slack="0"/>
</pin_list>
<bind>
<opcode="getelementptr(29) " fcode="getelementptr"/>
<opset="local_x_addr_1/1 "/>
</bind>
</comp>

<comp id="138" class="1004" name="grp_access_fu_138">
<pin_list>
<pin id="139" dir="0" index="0" bw="16" slack="0"/>
<pin id="140" dir="0" index="1" bw="32" slack="2147483647"/>
<pin id="141" dir="0" index="2" bw="0" slack="0"/>
<pin id="143" dir="0" index="4" bw="16" slack="0"/>
<pin id="144" dir="0" index="5" bw="32" slack="2147483647"/>
<pin id="145" dir="0" index="6" bw="0" slack="2147483647"/>
<pin id="142" dir="1" index="3" bw="32" slack="1"/>
<pin id="146" dir="1" index="7" bw="32" slack="1"/>
</pin_list>
<bind>
<opcode="load(27) store(28) " fcode="store"/>
<opset="v/1 u/4 store_ln96/6 store_ln97/8 "/>
</bind>
</comp>

<comp id="148" class="1004" name="local_x_addr_gep_fu_148">
<pin_list>
<pin id="149" dir="0" index="0" bw="32" slack="0"/>
<pin id="150" dir="0" index="1" bw="1" slack="0"/>
<pin id="151" dir="0" index="2" bw="16" slack="0"/>
<pin id="152" dir="1" index="3" bw="16" slack="0"/>
</pin_list>
<bind>
<opcode="getelementptr(29) " fcode="getelementptr"/>
<opset="local_x_addr/4 "/>
</bind>
</comp>

<comp id="156" class="1004" name="grp_fu_156">
<pin_list>
<pin id="157" dir="0" index="0" bw="32" slack="0"/>
<pin id="158" dir="0" index="1" bw="32" slack="0"/>
<pin id="159" dir="1" index="2" bw="64" slack="0"/>
</pin_list>
<bind>
<opcode="mul(12) " fcode="mul"/>
<opset="ab/3 mq/5 "/>
</bind>
</comp>

<comp id="160" class="1004" name="m_fu_160">
<pin_list>
<pin id="161" dir="0" index="0" bw="32" slack="1"/>
<pin id="162" dir="0" index="1" bw="32" slack="3"/>
<pin id="163" dir="1" index="2" bw="32" slack="1"/>
</pin_list>
<bind>
<opcode="mul(12) " fcode="mul"/>
<opset="m/4 "/>
</bind>
</comp>

<comp id="164" class="1004" name="conv5_i_cast_fu_164">
<pin_list>
<pin id="165" dir="0" index="0" bw="32" slack="0"/>
<pin id="166" dir="1" index="1" bw="64" slack="4"/>
</pin_list>
<bind>
<opcode="zext(34) " fcode="zext"/>
<opset="conv5_i_cast/1 "/>
</bind>
</comp>

<comp id="168" class="1004" name="sext_ln85_cast_fu_168">
<pin_list>
<pin id="169" dir="0" index="0" bw="62" slack="0"/>
<pin id="170" dir="1" index="1" bw="64" slack="1"/>
</pin_list>
<bind>
<opcode="sext(35) " fcode="sext"/>
<opset="sext_ln85_cast/1 "/>
</bind>
</comp>

<comp id="172" class="1004" name="store_ln85_store_fu_172">
<pin_list>
<pin id="173" dir="0" index="0" bw="1" slack="0"/>
<pin id="174" dir="0" index="1" bw="32" slack="0"/>
<pin id="175" dir="1" index="2" bw="0" slack="2147483647"/>
</pin_list>
<bind>
<opcode="store(28) " fcode="store"/>
<opset="store_ln85/1 "/>
</bind>
</comp>

<comp id="177" class="1004" name="j_1_load_fu_177">
<pin_list>
<pin id="178" dir="0" index="0" bw="32" slack="0"/>
<pin id="179" dir="1" index="1" bw="32" slack="0"/>
</pin_list>
<bind>
<opcode="load(27) " fcode="load"/>
<opset="j_1/1 "/>
</bind>
</comp>

<comp id="180" class="1004" name="icmp_ln85_fu_180">
<pin_list>
<pin id="181" dir="0" index="0" bw="32" slack="0"/>
<pin id="182" dir="0" index="1" bw="32" slack="0"/>
<pin id="183" dir="1" index="2" bw="1" slack="1"/>
</pin_list>
<bind>
<opcode="icmp(45) " fcode="icmp"/>
<opset="icmp_ln85/1 "/>
</bind>
</comp>

<comp id="186" class="1004" name="add_ln85_fu_186">
<pin_list>
<pin id="187" dir="0" index="0" bw="32" slack="0"/>
<pin id="188" dir="0" index="1" bw="1" slack="0"/>
<pin id="189" dir="1" index="2" bw="32" slack="0"/>
</pin_list>
<bind>
<opcode="add(8) " fcode="add"/>
<opset="add_ln85/1 "/>
</bind>
</comp>

<comp id="192" class="1004" name="trunc_ln85_fu_192">
<pin_list>
<pin id="193" dir="0" index="0" bw="32" slack="0"/>
<pin id="194" dir="1" index="1" bw="16" slack="0"/>
</pin_list>
<bind>
<opcode="trunc(33) " fcode="trunc"/>
<opset="trunc_ln85/1 "/>
</bind>
</comp>

<comp id="196" class="1004" name="add_ln92_fu_196">
<pin_list>
<pin id="197" dir="0" index="0" bw="16" slack="0"/>
<pin id="198" dir="0" index="1" bw="16" slack="0"/>
<pin id="199" dir="1" index="2" bw="16" slack="3"/>
</pin_list>
<bind>
<opcode="add(8) " fcode="add"/>
<opset="add_ln92/1 "/>
</bind>
</comp>

<comp id="202" class="1004" name="add_ln93_1_fu_202">
<pin_list>
<pin id="203" dir="0" index="0" bw="16" slack="0"/>
<pin id="204" dir="0" index="1" bw="16" slack="0"/>
<pin id="205" dir="1" index="2" bw="16" slack="0"/>
</pin_list>
<bind>
<opcode="add(8) " fcode="add"/>
<opset="add_ln93_1/1 "/>
</bind>
</comp>

<comp id="208" class="1004" name="add_ln93_fu_208">
<pin_list>
<pin id="209" dir="0" index="0" bw="16" slack="0"/>
<pin id="210" dir="0" index="1" bw="16" slack="0"/>
<pin id="211" dir="1" index="2" bw="16" slack="0"/>
</pin_list>
<bind>
<opcode="add(8) " fcode="add"/>
<opset="add_ln93/1 "/>
</bind>
</comp>

<comp id="214" class="1004" name="zext_ln93_fu_214">
<pin_list>
<pin id="215" dir="0" index="0" bw="16" slack="0"/>
<pin id="216" dir="1" index="1" bw="64" slack="0"/>
</pin_list>
<bind>
<opcode="zext(34) " fcode="zext"/>
<opset="zext_ln93/1 "/>
</bind>
</comp>

<comp id="219" class="1004" name="store_ln85_store_fu_219">
<pin_list>
<pin id="220" dir="0" index="0" bw="32" slack="0"/>
<pin id="221" dir="0" index="1" bw="32" slack="0"/>
<pin id="222" dir="1" index="2" bw="0" slack="2147483647"/>
</pin_list>
<bind>
<opcode="store(28) " fcode="store"/>
<opset="store_ln85/1 "/>
</bind>
</comp>

<comp id="224" class="1004" name="gmem2_addr_fu_224">
<pin_list>
<pin id="225" dir="0" index="0" bw="32" slack="0"/>
<pin id="226" dir="0" index="1" bw="62" slack="1"/>
<pin id="227" dir="1" index="2" bw="32" slack="0"/>
</pin_list>
<bind>
<opcode="getelementptr(29) " fcode="getelementptr"/>
<opset="gmem2_addr/2 "/>
</bind>
</comp>

<comp id="230" class="1004" name="zext_ln26_fu_230">
<pin_list>
<pin id="231" dir="0" index="0" bw="32" slack="1"/>
<pin id="232" dir="1" index="1" bw="64" slack="0"/>
</pin_list>
<bind>
<opcode="zext(34) " fcode="zext"/>
<opset="zext_ln26/3 "/>
</bind>
</comp>

<comp id="234" class="1004" name="zext_ln26_1_fu_234">
<pin_list>
<pin id="235" dir="0" index="0" bw="32" slack="1"/>
<pin id="236" dir="1" index="1" bw="64" slack="0"/>
</pin_list>
<bind>
<opcode="zext(34) " fcode="zext"/>
<opset="zext_ln26_1/3 "/>
</bind>
</comp>

<comp id="238" class="1004" name="ab_low_fu_238">
<pin_list>
<pin id="239" dir="0" index="0" bw="64" slack="0"/>
<pin id="240" dir="1" index="1" bw="32" slack="1"/>
</pin_list>
<bind>
<opcode="trunc(33) " fcode="trunc"/>
<opset="ab_low/3 "/>
</bind>
</comp>

<comp id="242" class="1004" name="zext_ln92_fu_242">
<pin_list>
<pin id="243" dir="0" index="0" bw="16" slack="3"/>
<pin id="244" dir="1" index="1" bw="64" slack="0"/>
</pin_list>
<bind>
<opcode="zext(34) " fcode="zext"/>
<opset="zext_ln92/4 "/>
</bind>
</comp>

<comp id="246" class="1004" name="zext_ln29_fu_246">
<pin_list>
<pin id="247" dir="0" index="0" bw="32" slack="1"/>
<pin id="248" dir="1" index="1" bw="64" slack="0"/>
</pin_list>
<bind>
<opcode="zext(34) " fcode="zext"/>
<opset="zext_ln29/5 "/>
</bind>
</comp>

<comp id="250" class="1004" name="add_ln30_fu_250">
<pin_list>
<pin id="251" dir="0" index="0" bw="64" slack="0"/>
<pin id="252" dir="0" index="1" bw="64" slack="2"/>
<pin id="253" dir="1" index="2" bw="64" slack="0"/>
</pin_list>
<bind>
<opcode="add(8) " fcode="add"/>
<opset="add_ln30/5 "/>
</bind>
</comp>

<comp id="255" class="1004" name="t_fu_255">
<pin_list>
<pin id="256" dir="0" index="0" bw="32" slack="0"/>
<pin id="257" dir="0" index="1" bw="64" slack="0"/>
<pin id="258" dir="0" index="2" bw="7" slack="0"/>
<pin id="259" dir="0" index="3" bw="7" slack="0"/>
<pin id="260" dir="1" index="4" bw="32" slack="1"/>
</pin_list>
<bind>
<opcode="partselect(1002) " fcode="partselect"/>
<opset="t/5 "/>
</bind>
</comp>

<comp id="265" class="1004" name="icmp_ln31_fu_265">
<pin_list>
<pin id="266" dir="0" index="0" bw="32" slack="1"/>
<pin id="267" dir="0" index="1" bw="32" slack="5"/>
<pin id="268" dir="1" index="2" bw="1" slack="0"/>
</pin_list>
<bind>
<opcode="icmp(45) " fcode="icmp"/>
<opset="icmp_ln31/6 "/>
</bind>
</comp>

<comp id="269" class="1004" name="xor_ln31_fu_269">
<pin_list>
<pin id="270" dir="0" index="0" bw="1" slack="0"/>
<pin id="271" dir="0" index="1" bw="1" slack="0"/>
<pin id="272" dir="1" index="2" bw="1" slack="0"/>
</pin_list>
<bind>
<opcode="xor(25) " fcode="xor"/>
<opset="xor_ln31/6 "/>
</bind>
</comp>

<comp id="275" class="1004" name="sub_ln31_fu_275">
<pin_list>
<pin id="276" dir="0" index="0" bw="32" slack="1"/>
<pin id="277" dir="0" index="1" bw="32" slack="5"/>
<pin id="278" dir="1" index="2" bw="32" slack="0"/>
</pin_list>
<bind>
<opcode="sub(10) " fcode="sub"/>
<opset="sub_ln31/6 "/>
</bind>
</comp>

<comp id="279" class="1004" name="t_1_fu_279">
<pin_list>
<pin id="280" dir="0" index="0" bw="1" slack="0"/>
<pin id="281" dir="0" index="1" bw="32" slack="0"/>
<pin id="282" dir="0" index="2" bw="32" slack="1"/>
<pin id="283" dir="1" index="3" bw="32" slack="0"/>
</pin_list>
<bind>
<opcode="select(49) " fcode="select"/>
<opset="t_1/6 "/>
</bind>
</comp>

<comp id="286" class="1004" name="res_fu_286">
<pin_list>
<pin id="287" dir="0" index="0" bw="32" slack="1"/>
<pin id="288" dir="0" index="1" bw="32" slack="0"/>
<pin id="289" dir="1" index="2" bw="32" slack="0"/>
</pin_list>
<bind>
<opcode="add(8) " fcode="add"/>
<opset="res/6 "/>
</bind>
</comp>

<comp id="291" class="1004" name="icmp_ln16_fu_291">
<pin_list>
<pin id="292" dir="0" index="0" bw="32" slack="0"/>
<pin id="293" dir="0" index="1" bw="32" slack="5"/>
<pin id="294" dir="1" index="2" bw="1" slack="0"/>
</pin_list>
<bind>
<opcode="icmp(45) " fcode="icmp"/>
<opset="icmp_ln16/6 "/>
</bind>
</comp>

<comp id="296" class="1004" name="xor_ln16_fu_296">
<pin_list>
<pin id="297" dir="0" index="0" bw="1" slack="0"/>
<pin id="298" dir="0" index="1" bw="1" slack="0"/>
<pin id="299" dir="1" index="2" bw="1" slack="0"/>
</pin_list>
<bind>
<opcode="xor(25) " fcode="xor"/>
<opset="xor_ln16/6 "/>
</bind>
</comp>

<comp id="302" class="1004" name="sub_ln16_fu_302">
<pin_list>
<pin id="303" dir="0" index="0" bw="32" slack="0"/>
<pin id="304" dir="0" index="1" bw="32" slack="5"/>
<pin id="305" dir="1" index="2" bw="32" slack="0"/>
</pin_list>
<bind>
<opcode="sub(10) " fcode="sub"/>
<opset="sub_ln16/6 "/>
</bind>
</comp>

<comp id="307" class="1004" name="select_ln16_fu_307">
<pin_list>
<pin id="308" dir="0" index="0" bw="1" slack="0"/>
<pin id="309" dir="0" index="1" bw="32" slack="0"/>
<pin id="310" dir="0" index="2" bw="32" slack="0"/>
<pin id="311" dir="1" index="3" bw="32" slack="0"/>
</pin_list>
<bind>
<opcode="select(49) " fcode="select"/>
<opset="select_ln16/6 "/>
</bind>
</comp>

<comp id="316" class="1004" name="icmp_ln21_fu_316">
<pin_list>
<pin id="317" dir="0" index="0" bw="32" slack="1"/>
<pin id="318" dir="0" index="1" bw="32" slack="0"/>
<pin id="319" dir="1" index="2" bw="1" slack="0"/>
</pin_list>
<bind>
<opcode="icmp(45) " fcode="icmp"/>
<opset="icmp_ln21/6 "/>
</bind>
</comp>

<comp id="321" class="1004" name="add_ln21_fu_321">
<pin_list>
<pin id="322" dir="0" index="0" bw="32" slack="1"/>
<pin id="323" dir="0" index="1" bw="32" slack="5"/>
<pin id="324" dir="1" index="2" bw="32" slack="0"/>
</pin_list>
<bind>
<opcode="add(8) " fcode="add"/>
<opset="add_ln21/6 "/>
</bind>
</comp>

<comp id="325" class="1004" name="select_ln21_fu_325">
<pin_list>
<pin id="326" dir="0" index="0" bw="1" slack="0"/>
<pin id="327" dir="0" index="1" bw="32" slack="0"/>
<pin id="328" dir="0" index="2" bw="32" slack="1"/>
<pin id="329" dir="1" index="3" bw="32" slack="0"/>
</pin_list>
<bind>
<opcode="select(49) " fcode="select"/>
<opset="select_ln21/6 "/>
</bind>
</comp>

<comp id="332" class="1004" name="sub_ln21_fu_332">
<pin_list>
<pin id="333" dir="0" index="0" bw="32" slack="0"/>
<pin id="334" dir="0" index="1" bw="32" slack="0"/>
<pin id="335" dir="1" index="2" bw="32" slack="2"/>
</pin_list>
<bind>
<opcode="sub(10) " fcode="sub"/>
<opset="sub_ln21/6 "/>
</bind>
</comp>

<comp id="338" class="1005" name="j_reg_338">
<pin_list>
<pin id="339" dir="0" index="0" bw="32" slack="0"/>
<pin id="340" dir="1" index="1" bw="32" slack="0"/>
</pin_list>
<bind>
<opset="j "/>
</bind>
</comp>

<comp id="345" class="1005" name="q_read_reg_345">
<pin_list>
<pin id="346" dir="0" index="0" bw="32" slack="5"/>
<pin id="347" dir="1" index="1" bw="32" slack="5"/>
</pin_list>
<bind>
<opset="q_read "/>
</bind>
</comp>

<comp id="354" class="1005" name="q_inv_read_reg_354">
<pin_list>
<pin id="355" dir="0" index="0" bw="32" slack="3"/>
<pin id="356" dir="1" index="1" bw="32" slack="3"/>
</pin_list>
<bind>
<opset="q_inv_read "/>
</bind>
</comp>

<comp id="359" class="1005" name="conv5_i_cast_reg_359">
<pin_list>
<pin id="360" dir="0" index="0" bw="64" slack="4"/>
<pin id="361" dir="1" index="1" bw="64" slack="4"/>
</pin_list>
<bind>
<opset="conv5_i_cast "/>
</bind>
</comp>

<comp id="364" class="1005" name="sext_ln85_cast_reg_364">
<pin_list>
<pin id="365" dir="0" index="0" bw="64" slack="1"/>
<pin id="366" dir="1" index="1" bw="64" slack="1"/>
</pin_list>
<bind>
<opset="sext_ln85_cast "/>
</bind>
</comp>

<comp id="369" class="1005" name="icmp_ln85_reg_369">
<pin_list>
<pin id="370" dir="0" index="0" bw="1" slack="1"/>
<pin id="371" dir="1" index="1" bw="1" slack="2147483647"/>
</pin_list>
<bind>
<opset="icmp_ln85 "/>
</bind>
</comp>

<comp id="373" class="1005" name="add_ln92_reg_373">
<pin_list>
<pin id="374" dir="0" index="0" bw="16" slack="3"/>
<pin id="375" dir="1" index="1" bw="16" slack="3"/>
</pin_list>
<bind>
<opset="add_ln92 "/>
</bind>
</comp>

<comp id="378" class="1005" name="local_x_addr_1_reg_378">
<pin_list>
<pin id="379" dir="0" index="0" bw="16" slack="1"/>
<pin id="380" dir="1" index="1" bw="16" slack="1"/>
</pin_list>
<bind>
<opset="local_x_addr_1 "/>
</bind>
</comp>

<comp id="383" class="1005" name="twiddle_reg_383">
<pin_list>
<pin id="384" dir="0" index="0" bw="32" slack="1"/>
<pin id="385" dir="1" index="1" bw="32" slack="1"/>
</pin_list>
<bind>
<opset="twiddle "/>
</bind>
</comp>

<comp id="388" class="1005" name="v_reg_388">
<pin_list>
<pin id="389" dir="0" index="0" bw="32" slack="1"/>
<pin id="390" dir="1" index="1" bw="32" slack="1"/>
</pin_list>
<bind>
<opset="v "/>
</bind>
</comp>

<comp id="393" class="1005" name="ab_reg_393">
<pin_list>
<pin id="394" dir="0" index="0" bw="64" slack="2"/>
<pin id="395" dir="1" index="1" bw="64" slack="2"/>
</pin_list>
<bind>
<opset="ab "/>
</bind>
</comp>

<comp id="398" class="1005" name="ab_low_reg_398">
<pin_list>
<pin id="399" dir="0" index="0" bw="32" slack="1"/>
<pin id="400" dir="1" index="1" bw="32" slack="1"/>
</pin_list>
<bind>
<opset="ab_low "/>
</bind>
</comp>

<comp id="403" class="1005" name="local_x_addr_reg_403">
<pin_list>
<pin id="404" dir="0" index="0" bw="16" slack="1"/>
<pin id="405" dir="1" index="1" bw="16" slack="1"/>
</pin_list>
<bind>
<opset="local_x_addr "/>
</bind>
</comp>

<comp id="409" class="1005" name="m_reg_409">
<pin_list>
<pin id="410" dir="0" index="0" bw="32" slack="1"/>
<pin id="411" dir="1" index="1" bw="32" slack="1"/>
</pin_list>
<bind>
<opset="m "/>
</bind>
</comp>

<comp id="414" class="1005" name="u_reg_414">
<pin_list>
<pin id="415" dir="0" index="0" bw="32" slack="1"/>
<pin id="416" dir="1" index="1" bw="32" slack="1"/>
</pin_list>
<bind>
<opset="u "/>
</bind>
</comp>

<comp id="422" class="1005" name="t_reg_422">
<pin_list>
<pin id="423" dir="0" index="0" bw="32" slack="1"/>
<pin id="424" dir="1" index="1" bw="32" slack="1"/>
</pin_list>
<bind>
<opset="t "/>
</bind>
</comp>

<comp id="429" class="1005" name="sub_ln21_reg_429">
<pin_list>
<pin id="430" dir="0" index="0" bw="32" slack="2"/>
<pin id="431" dir="1" index="1" bw="32" slack="2"/>
</pin_list>
<bind>
<opset="sub_ln21 "/>
</bind>
</comp>

</comp_list>

<net_list>
<net id="83"><net_src comp="18" pin="0"/><net_sink comp="80" pin=0"/></net>

<net id="88"><net_src comp="20" pin="0"/><net_sink comp="84" pin=0"/></net>

<net id="89"><net_src comp="16" pin="0"/><net_sink comp="84" pin=1"/></net>

<net id="94"><net_src comp="20" pin="0"/><net_sink comp="90" pin=0"/></net>

<net id="95"><net_src comp="14" pin="0"/><net_sink comp="90" pin=1"/></net>

<net id="100"><net_src comp="20" pin="0"/><net_sink comp="96" pin=0"/></net>

<net id="101"><net_src comp="12" pin="0"/><net_sink comp="96" pin=1"/></net>

<net id="106"><net_src comp="22" pin="0"/><net_sink comp="102" pin=0"/></net>

<net id="107"><net_src comp="10" pin="0"/><net_sink comp="102" pin=1"/></net>

<net id="112"><net_src comp="22" pin="0"/><net_sink comp="108" pin=0"/></net>

<net id="113"><net_src comp="8" pin="0"/><net_sink comp="108" pin=1"/></net>

<net id="118"><net_src comp="24" pin="0"/><net_sink comp="114" pin=0"/></net>

<net id="119"><net_src comp="4" pin="0"/><net_sink comp="114" pin=1"/></net>

<net id="124"><net_src comp="20" pin="0"/><net_sink comp="120" pin=0"/></net>

<net id="125"><net_src comp="2" pin="0"/><net_sink comp="120" pin=1"/></net>

<net id="130"><net_src comp="56" pin="0"/><net_sink comp="126" pin=0"/></net>

<net id="136"><net_src comp="6" pin="0"/><net_sink comp="131" pin=0"/></net>

<net id="137"><net_src comp="54" pin="0"/><net_sink comp="131" pin=1"/></net>

<net id="147"><net_src comp="131" pin="3"/><net_sink comp="138" pin=2"/></net>

<net id="153"><net_src comp="6" pin="0"/><net_sink comp="148" pin=0"/></net>

<net id="154"><net_src comp="54" pin="0"/><net_sink comp="148" pin=1"/></net>

<net id="155"><net_src comp="148" pin="3"/><net_sink comp="138" pin=0"/></net>

<net id="167"><net_src comp="90" pin="2"/><net_sink comp="164" pin=0"/></net>

<net id="171"><net_src comp="114" pin="2"/><net_sink comp="168" pin=0"/></net>

<net id="176"><net_src comp="38" pin="0"/><net_sink comp="172" pin=0"/></net>

<net id="184"><net_src comp="177" pin="1"/><net_sink comp="180" pin=0"/></net>

<net id="185"><net_src comp="120" pin="2"/><net_sink comp="180" pin=1"/></net>

<net id="190"><net_src comp="177" pin="1"/><net_sink comp="186" pin=0"/></net>

<net id="191"><net_src comp="18" pin="0"/><net_sink comp="186" pin=1"/></net>

<net id="195"><net_src comp="177" pin="1"/><net_sink comp="192" pin=0"/></net>

<net id="200"><net_src comp="192" pin="1"/><net_sink comp="196" pin=0"/></net>

<net id="201"><net_src comp="108" pin="2"/><net_sink comp="196" pin=1"/></net>

<net id="206"><net_src comp="192" pin="1"/><net_sink comp="202" pin=0"/></net>

<net id="207"><net_src comp="102" pin="2"/><net_sink comp="202" pin=1"/></net>

<net id="212"><net_src comp="202" pin="2"/><net_sink comp="208" pin=0"/></net>

<net id="213"><net_src comp="108" pin="2"/><net_sink comp="208" pin=1"/></net>

<net id="217"><net_src comp="208" pin="2"/><net_sink comp="214" pin=0"/></net>

<net id="218"><net_src comp="214" pin="1"/><net_sink comp="131" pin=2"/></net>

<net id="223"><net_src comp="186" pin="2"/><net_sink comp="219" pin=0"/></net>

<net id="228"><net_src comp="0" pin="0"/><net_sink comp="224" pin=0"/></net>

<net id="229"><net_src comp="224" pin="2"/><net_sink comp="126" pin=1"/></net>

<net id="233"><net_src comp="230" pin="1"/><net_sink comp="156" pin=0"/></net>

<net id="237"><net_src comp="234" pin="1"/><net_sink comp="156" pin=1"/></net>

<net id="241"><net_src comp="156" pin="2"/><net_sink comp="238" pin=0"/></net>

<net id="245"><net_src comp="242" pin="1"/><net_sink comp="148" pin=2"/></net>

<net id="249"><net_src comp="246" pin="1"/><net_sink comp="156" pin=0"/></net>

<net id="254"><net_src comp="156" pin="2"/><net_sink comp="250" pin=0"/></net>

<net id="261"><net_src comp="58" pin="0"/><net_sink comp="255" pin=0"/></net>

<net id="262"><net_src comp="250" pin="2"/><net_sink comp="255" pin=1"/></net>

<net id="263"><net_src comp="60" pin="0"/><net_sink comp="255" pin=2"/></net>

<net id="264"><net_src comp="62" pin="0"/><net_sink comp="255" pin=3"/></net>

<net id="273"><net_src comp="265" pin="2"/><net_sink comp="269" pin=0"/></net>

<net id="274"><net_src comp="64" pin="0"/><net_sink comp="269" pin=1"/></net>

<net id="284"><net_src comp="269" pin="2"/><net_sink comp="279" pin=0"/></net>

<net id="285"><net_src comp="275" pin="2"/><net_sink comp="279" pin=1"/></net>

<net id="290"><net_src comp="279" pin="3"/><net_sink comp="286" pin=1"/></net>

<net id="295"><net_src comp="286" pin="2"/><net_sink comp="291" pin=0"/></net>

<net id="300"><net_src comp="291" pin="2"/><net_sink comp="296" pin=0"/></net>

<net id="301"><net_src comp="64" pin="0"/><net_sink comp="296" pin=1"/></net>

<net id="306"><net_src comp="286" pin="2"/><net_sink comp="302" pin=0"/></net>

<net id="312"><net_src comp="296" pin="2"/><net_sink comp="307" pin=0"/></net>

<net id="313"><net_src comp="302" pin="2"/><net_sink comp="307" pin=1"/></net>

<net id="314"><net_src comp="286" pin="2"/><net_sink comp="307" pin=2"/></net>

<net id="315"><net_src comp="307" pin="3"/><net_sink comp="138" pin=4"/></net>

<net id="320"><net_src comp="279" pin="3"/><net_sink comp="316" pin=1"/></net>

<net id="330"><net_src comp="316" pin="2"/><net_sink comp="325" pin=0"/></net>

<net id="331"><net_src comp="321" pin="2"/><net_sink comp="325" pin=1"/></net>

<net id="336"><net_src comp="325" pin="3"/><net_sink comp="332" pin=0"/></net>

<net id="337"><net_src comp="279" pin="3"/><net_sink comp="332" pin=1"/></net>

<net id="341"><net_src comp="80" pin="1"/><net_sink comp="338" pin=0"/></net>

<net id="342"><net_src comp="338" pin="1"/><net_sink comp="172" pin=1"/></net>

<net id="343"><net_src comp="338" pin="1"/><net_sink comp="177" pin=0"/></net>

<net id="344"><net_src comp="338" pin="1"/><net_sink comp="219" pin=1"/></net>

<net id="348"><net_src comp="84" pin="2"/><net_sink comp="345" pin=0"/></net>

<net id="349"><net_src comp="345" pin="1"/><net_sink comp="265" pin=1"/></net>

<net id="350"><net_src comp="345" pin="1"/><net_sink comp="275" pin=1"/></net>

<net id="351"><net_src comp="345" pin="1"/><net_sink comp="291" pin=1"/></net>

<net id="352"><net_src comp="345" pin="1"/><net_sink comp="302" pin=1"/></net>

<net id="353"><net_src comp="345" pin="1"/><net_sink comp="321" pin=1"/></net>

<net id="357"><net_src comp="96" pin="2"/><net_sink comp="354" pin=0"/></net>

<net id="358"><net_src comp="354" pin="1"/><net_sink comp="160" pin=1"/></net>

<net id="362"><net_src comp="164" pin="1"/><net_sink comp="359" pin=0"/></net>

<net id="363"><net_src comp="359" pin="1"/><net_sink comp="156" pin=1"/></net>

<net id="367"><net_src comp="168" pin="1"/><net_sink comp="364" pin=0"/></net>

<net id="368"><net_src comp="364" pin="1"/><net_sink comp="224" pin=1"/></net>

<net id="372"><net_src comp="180" pin="2"/><net_sink comp="369" pin=0"/></net>

<net id="376"><net_src comp="196" pin="2"/><net_sink comp="373" pin=0"/></net>

<net id="377"><net_src comp="373" pin="1"/><net_sink comp="242" pin=0"/></net>

<net id="381"><net_src comp="131" pin="3"/><net_sink comp="378" pin=0"/></net>

<net id="382"><net_src comp="378" pin="1"/><net_sink comp="138" pin=2"/></net>

<net id="386"><net_src comp="126" pin="2"/><net_sink comp="383" pin=0"/></net>

<net id="387"><net_src comp="383" pin="1"/><net_sink comp="234" pin=0"/></net>

<net id="391"><net_src comp="138" pin="7"/><net_sink comp="388" pin=0"/></net>

<net id="392"><net_src comp="388" pin="1"/><net_sink comp="230" pin=0"/></net>

<net id="396"><net_src comp="156" pin="2"/><net_sink comp="393" pin=0"/></net>

<net id="397"><net_src comp="393" pin="1"/><net_sink comp="250" pin=1"/></net>

<net id="401"><net_src comp="238" pin="1"/><net_sink comp="398" pin=0"/></net>

<net id="402"><net_src comp="398" pin="1"/><net_sink comp="160" pin=0"/></net>

<net id="406"><net_src comp="148" pin="3"/><net_sink comp="403" pin=0"/></net>

<net id="407"><net_src comp="403" pin="1"/><net_sink comp="138" pin=0"/></net>

<net id="408"><net_src comp="403" pin="1"/><net_sink comp="138" pin=2"/></net>

<net id="412"><net_src comp="160" pin="2"/><net_sink comp="409" pin=0"/></net>

<net id="413"><net_src comp="409" pin="1"/><net_sink comp="246" pin=0"/></net>

<net id="417"><net_src comp="138" pin="3"/><net_sink comp="414" pin=0"/></net>

<net id="418"><net_src comp="414" pin="1"/><net_sink comp="286" pin=0"/></net>

<net id="419"><net_src comp="414" pin="1"/><net_sink comp="316" pin=0"/></net>

<net id="420"><net_src comp="414" pin="1"/><net_sink comp="321" pin=0"/></net>

<net id="421"><net_src comp="414" pin="1"/><net_sink comp="325" pin=2"/></net>

<net id="425"><net_src comp="255" pin="4"/><net_sink comp="422" pin=0"/></net>

<net id="426"><net_src comp="422" pin="1"/><net_sink comp="265" pin=0"/></net>

<net id="427"><net_src comp="422" pin="1"/><net_sink comp="275" pin=0"/></net>

<net id="428"><net_src comp="422" pin="1"/><net_sink comp="279" pin=2"/></net>

<net id="432"><net_src comp="332" pin="2"/><net_sink comp="429" pin=0"/></net>

<net id="433"><net_src comp="429" pin="1"/><net_sink comp="138" pin=4"/></net>

</net_list>

</model> 
---------------- Datapath Model END ------------------

* FSMD analyzer results:
  - Output states:
	Port: local_x | {6 8 }
 - Input state : 
	Port: ntt_kernel_Pipeline_BUTTERFLY_LOOP : gmem2 | {2 }
	Port: ntt_kernel_Pipeline_BUTTERFLY_LOOP : length_r | {1 }
	Port: ntt_kernel_Pipeline_BUTTERFLY_LOOP : sext_ln85 | {1 }
	Port: ntt_kernel_Pipeline_BUTTERFLY_LOOP : local_x | {1 2 4 5 }
	Port: ntt_kernel_Pipeline_BUTTERFLY_LOOP : empty_23 | {1 }
	Port: ntt_kernel_Pipeline_BUTTERFLY_LOOP : empty | {1 }
	Port: ntt_kernel_Pipeline_BUTTERFLY_LOOP : q_inv | {1 }
	Port: ntt_kernel_Pipeline_BUTTERFLY_LOOP : conv5_i | {1 }
	Port: ntt_kernel_Pipeline_BUTTERFLY_LOOP : q | {1 }
  - Chain level:
	State 1
		store_ln85 : 1
		j_1 : 1
		icmp_ln85 : 2
		add_ln85 : 2
		br_ln85 : 3
		trunc_ln85 : 2
		add_ln92 : 3
		add_ln93_1 : 3
		add_ln93 : 4
		zext_ln93 : 5
		local_x_addr_1 : 6
		v : 7
		store_ln85 : 3
	State 2
		twiddle : 1
	State 3
		ab : 1
		ab_low : 2
	State 4
		local_x_addr : 1
		u : 2
	State 5
		mq : 1
		add_ln30 : 2
		t : 3
	State 6
		xor_ln31 : 1
		t_1 : 1
		res : 2
		icmp_ln16 : 3
		xor_ln16 : 4
		sub_ln16 : 3
		select_ln16 : 4
		store_ln96 : 5
		icmp_ln21 : 2
		select_ln21 : 3
		sub_ln21 : 4
	State 7
	State 8


============================================================
+ Verbose Summary: Datapath Resource usage 
============================================================

* Functional unit list:
|----------|----------------------------|---------|---------|---------|
| Operation|       Functional Unit      |   DSP   |    FF   |   LUT   |
|----------|----------------------------|---------|---------|---------|
|          |       add_ln85_fu_186      |    0    |    0    |    39   |
|          |       add_ln92_fu_196      |    0    |    0    |    23   |
|          |      add_ln93_1_fu_202     |    0    |    0    |    16   |
|    add   |       add_ln93_fu_208      |    0    |    0    |    16   |
|          |       add_ln30_fu_250      |    0    |    0    |    71   |
|          |         res_fu_286         |    0    |    0    |    39   |
|          |       add_ln21_fu_321      |    0    |    0    |    39   |
|----------|----------------------------|---------|---------|---------|
|          |      icmp_ln85_fu_180      |    0    |    0    |    39   |
|   icmp   |      icmp_ln31_fu_265      |    0    |    0    |    39   |
|          |      icmp_ln16_fu_291      |    0    |    0    |    39   |
|          |      icmp_ln21_fu_316      |    0    |    0    |    39   |
|----------|----------------------------|---------|---------|---------|
|          |       sub_ln31_fu_275      |    0    |    0    |    39   |
|    sub   |       sub_ln16_fu_302      |    0    |    0    |    39   |
|          |       sub_ln21_fu_332      |    0    |    0    |    39   |
|----------|----------------------------|---------|---------|---------|
|          |         t_1_fu_279         |    0    |    0    |    32   |
|  select  |     select_ln16_fu_307     |    0    |    0    |    32   |
|          |     select_ln21_fu_325     |    0    |    0    |    32   |
|----------|----------------------------|---------|---------|---------|
|    mul   |         grp_fu_156         |    4    |    0    |    20   |
|          |          m_fu_160          |    3    |    0    |    20   |
|----------|----------------------------|---------|---------|---------|
|    xor   |       xor_ln31_fu_269      |    0    |    0    |    2    |
|          |       xor_ln16_fu_296      |    0    |    0    |    2    |
|----------|----------------------------|---------|---------|---------|
|          |      q_read_read_fu_84     |    0    |    0    |    0    |
|          |   conv5_i_read_read_fu_90  |    0    |    0    |    0    |
|          |    q_inv_read_read_fu_96   |    0    |    0    |    0    |
|   read   |       tmp_read_fu_102      |    0    |    0    |    0    |
|          |      tmp_1_read_fu_108     |    0    |    0    |    0    |
|          | sext_ln85_read_read_fu_114 |    0    |    0    |    0    |
|          |   length_read_read_fu_120  |    0    |    0    |    0    |
|          |     twiddle_read_fu_126    |    0    |    0    |    0    |
|----------|----------------------------|---------|---------|---------|
|          |     conv5_i_cast_fu_164    |    0    |    0    |    0    |
|          |      zext_ln93_fu_214      |    0    |    0    |    0    |
|   zext   |      zext_ln26_fu_230      |    0    |    0    |    0    |
|          |     zext_ln26_1_fu_234     |    0    |    0    |    0    |
|          |      zext_ln92_fu_242      |    0    |    0    |    0    |
|          |      zext_ln29_fu_246      |    0    |    0    |    0    |
|----------|----------------------------|---------|---------|---------|
|   sext   |    sext_ln85_cast_fu_168   |    0    |    0    |    0    |
|----------|----------------------------|---------|---------|---------|
|   trunc  |      trunc_ln85_fu_192     |    0    |    0    |    0    |
|          |        ab_low_fu_238       |    0    |    0    |    0    |
|----------|----------------------------|---------|---------|---------|
|partselect|          t_fu_255          |    0    |    0    |    0    |
|----------|----------------------------|---------|---------|---------|
|   Total  |                            |    7    |    0    |   656   |
|----------|----------------------------|---------|---------|---------|

Memories:
N/A

* Register list:
+----------------------+--------+
|                      |   FF   |
+----------------------+--------+
|    ab_low_reg_398    |   32   |
|      ab_reg_393      |   64   |
|   add_ln92_reg_373   |   16   |
| conv5_i_cast_reg_359 |   64   |
|   icmp_ln85_reg_369  |    1   |
|       j_reg_338      |   32   |
|local_x_addr_1_reg_378|   16   |
| local_x_addr_reg_403 |   16   |
|       m_reg_409      |   32   |
|  q_inv_read_reg_354  |   32   |
|    q_read_reg_345    |   32   |
|sext_ln85_cast_reg_364|   64   |
|   sub_ln21_reg_429   |   32   |
|       t_reg_422      |   32   |
|    twiddle_reg_383   |   32   |
|       u_reg_414      |   32   |
|       v_reg_388      |   32   |
+----------------------+--------+
|         Total        |   561  |
+----------------------+--------+

* Multiplexer (MUX) list: 
|-------------------|------|------|------|--------||---------||---------|
|        Comp       |  Pin | Size |  BW  | S x BW ||  Delay  ||   LUT   |
|-------------------|------|------|------|--------||---------||---------|
| grp_access_fu_138 |  p0  |   2  |  16  |   32   ||    9    |
| grp_access_fu_138 |  p2  |   3  |   0  |    0   ||    14   |
| grp_access_fu_138 |  p4  |   2  |  16  |   32   ||    9    |
|     grp_fu_156    |  p0  |   2  |  32  |   64   ||    9    |
|     grp_fu_156    |  p1  |   2  |  32  |   64   ||    9    |
|-------------------|------|------|------|--------||---------||---------|
|       Total       |      |      |      |   192  ||  2.184  ||    50   |
|-------------------|------|------|------|--------||---------||---------|



* Summary:
+-----------+--------+--------+--------+--------+
|           |   DSP  |  Delay |   FF   |   LUT  |
+-----------+--------+--------+--------+--------+
|  Function |    7   |    -   |    0   |   656  |
|   Memory  |    -   |    -   |    -   |    -   |
|Multiplexer|    -   |    2   |    -   |   50   |
|  Register |    -   |    -   |   561  |    -   |
+-----------+--------+--------+--------+--------+
|   Total   |    7   |    2   |   561  |   706  |
+-----------+--------+--------+--------+--------+
