

================================================================
== Vitis HLS Report for 'ntt_kernel_Pipeline_PERMUTE_LOOP'
================================================================
* Date:           Thu May 28 14:13:15 2026

* Version:        2023.2 (Build 4023990 on Oct 11 2023)
* Project:        hls-design
* Solution:       ntt-asic (Vivado IP Flow Target)
* Product family: zynquplus
* Target device:  xck26-sfvc784-2LV-c


================================================================
== Performance Estimates
================================================================
+ Timing: 
    * Summary: 
    +--------+----------+----------+------------+
    |  Clock |  Target  | Estimated| Uncertainty|
    +--------+----------+----------+------------+
    |ap_clk  |  10.00 ns|  7.300 ns|     2.70 ns|
    +--------+----------+----------+------------+

+ Latency: 
    * Summary: 
    +---------+---------+----------+----------+-----+-------+---------+
    |  Latency (cycles) |  Latency (absolute) |   Interval  | Pipeline|
    |   min   |   max   |    min   |    max   | min |  max  |   Type  |
    +---------+---------+----------+----------+-----+-------+---------+
    |      269|    65549|  2.690 us|  0.655 ms|  269|  65549|       no|
    +---------+---------+----------+----------+-----+-------+---------+

    + Detail: 
        * Instance: 
        N/A

        * Loop: 
        +----------------+---------+---------+----------+-----------+-----------+-------------+----------+
        |                |  Latency (cycles) | Iteration|  Initiation Interval  |     Trip    |          |
        |    Loop Name   |   min   |   max   |  Latency |  achieved |   target  |    Count    | Pipelined|
        +----------------+---------+---------+----------+-----------+-----------+-------------+----------+
        |- PERMUTE_LOOP  |      267|    65547|        13|          1|          1|  256 ~ 65536|       yes|
        +----------------+---------+---------+----------+-----------+-----------+-------------+----------+

============================================================
+ Verbose Summary: Synthesis Manager
============================================================
InlineROM: 1
ExposeGlobal: 0
============================================================
+ Verbose Summary: CDFG Model
============================================================
IsTopModel: 0
ResetActiveHigh: 1
IsCombinational: 0
IsDatapathOnly: 0
HasWiredReturn: 1
HasMFsm: 2
HasVarLatency: 1
IsPipeline: 0
IsRtlPipelined: 0
IsInstanceOverlapped: 0
IsDontTouch: 0
HasImplIP: 0
IsGatedGlobalClock: 0

+ Individual pipeline summary: 
  * Pipeline-0: initiation interval (II) = 1, depth = 13


============================================================
+ Verbose Summary: Schedule
============================================================
* Number of FSM states : 13
* Pipeline : 1
  Pipeline-0 : II = 1, D = 13, States = { 1 2 3 4 5 6 7 8 9 10 11 12 13 }
* Dataflow Pipeline: 0

* FSM state transitions: 
1 --> 2 
2 --> 3 
3 --> 4 
4 --> 5 
5 --> 6 
6 --> 7 
7 --> 8 
8 --> 9 
9 --> 10 
10 --> 11 
11 --> 12 
12 --> 13 
13 --> 

* FSM state operations: 

State 1 <SV = 0> <Delay = 1.87>
ST_1 : Operation 16 [1/1] (0.00ns)   --->   "%i = alloca i32 1" [hls-design/ntt-kernel.cpp:70]   --->   Operation 16 'alloca' 'i' <Predicate = true> <Delay = 0.00>
ST_1 : Operation 17 [1/1] (0.00ns)   --->   "%x_read = read i64 @_ssdm_op_Read.ap_auto.i64, i64 %x"   --->   Operation 17 'read' 'x_read' <Predicate = true> <Delay = 0.00>
ST_1 : Operation 18 [1/1] (0.00ns)   --->   "%phi_mul1_read = read i32 @_ssdm_op_Read.ap_auto.i32, i32 %phi_mul1"   --->   Operation 18 'read' 'phi_mul1_read' <Predicate = true> <Delay = 0.00>
ST_1 : Operation 19 [1/1] (0.00ns)   --->   "%sext_ln70_read = read i62 @_ssdm_op_Read.ap_auto.i62, i62 %sext_ln70"   --->   Operation 19 'read' 'sext_ln70_read' <Predicate = true> <Delay = 0.00>
ST_1 : Operation 20 [1/1] (0.00ns)   --->   "%n_read = read i32 @_ssdm_op_Read.ap_auto.i32, i32 %n"   --->   Operation 20 'read' 'n_read' <Predicate = true> <Delay = 0.00>
ST_1 : Operation 21 [1/1] (0.00ns)   --->   "%sext_ln70_cast = sext i62 %sext_ln70_read"   --->   Operation 21 'sext' 'sext_ln70_cast' <Predicate = true> <Delay = 0.00>
ST_1 : Operation 22 [1/1] (0.00ns)   --->   "%specmemcore_ln0 = specmemcore void @_ssdm_op_SpecMemCore, i32 %local_x, i64 666, i64 22, i64 18446744073709551615"   --->   Operation 22 'specmemcore' 'specmemcore_ln0' <Predicate = true> <Delay = 0.00>
ST_1 : Operation 23 [1/1] (0.00ns)   --->   "%specinterface_ln0 = specinterface void @_ssdm_op_SpecInterface, i32 %gmem1, void @empty_10, i32 0, i32 0, void @empty, i32 0, i32 65536, void @empty_2, void @empty_1, void @empty, i32 16, i32 16, i32 16, i32 16, void @empty, void @empty, i32 4294967295, i32 0"   --->   Operation 23 'specinterface' 'specinterface_ln0' <Predicate = true> <Delay = 0.00>
ST_1 : Operation 24 [1/1] (0.00ns)   --->   "%specinterface_ln0 = specinterface void @_ssdm_op_SpecInterface, i32 %gmem0, void @empty_10, i32 0, i32 0, void @empty, i32 0, i32 65536, void @empty_0, void @empty_1, void @empty, i32 16, i32 16, i32 16, i32 16, void @empty, void @empty, i32 4294967295, i32 0"   --->   Operation 24 'specinterface' 'specinterface_ln0' <Predicate = true> <Delay = 0.00>
ST_1 : Operation 25 [1/1] (0.42ns)   --->   "%store_ln70 = store i17 0, i17 %i" [hls-design/ntt-kernel.cpp:70]   --->   Operation 25 'store' 'store_ln70' <Predicate = true> <Delay = 0.42>
ST_1 : Operation 26 [1/1] (0.00ns)   --->   "%br_ln0 = br void %for.inc"   --->   Operation 26 'br' 'br_ln0' <Predicate = true> <Delay = 0.00>
ST_1 : Operation 27 [1/1] (0.00ns)   --->   "%i_2 = load i17 %i" [hls-design/ntt-kernel.cpp:70]   --->   Operation 27 'load' 'i_2' <Predicate = true> <Delay = 0.00>
ST_1 : Operation 28 [1/1] (0.00ns)   --->   "%specbitsmap_ln0 = specbitsmap void @_ssdm_op_SpecBitsMap, i32 %gmem1"   --->   Operation 28 'specbitsmap' 'specbitsmap_ln0' <Predicate = true> <Delay = 0.00>
ST_1 : Operation 29 [1/1] (0.00ns)   --->   "%specbitsmap_ln0 = specbitsmap void @_ssdm_op_SpecBitsMap, i32 %gmem0"   --->   Operation 29 'specbitsmap' 'specbitsmap_ln0' <Predicate = true> <Delay = 0.00>
ST_1 : Operation 30 [1/1] (0.00ns)   --->   "%zext_ln70_1 = zext i17 %i_2" [hls-design/ntt-kernel.cpp:70]   --->   Operation 30 'zext' 'zext_ln70_1' <Predicate = true> <Delay = 0.00>
ST_1 : Operation 31 [1/1] (1.01ns)   --->   "%icmp_ln70 = icmp_slt  i32 %zext_ln70_1, i32 %n_read" [hls-design/ntt-kernel.cpp:70]   --->   Operation 31 'icmp' 'icmp_ln70' <Predicate = true> <Delay = 1.01> <CoreInst = "Cmp">   --->   Core 9 'Cmp' <Latency = 0> <II = 1> <Delay = 1.01> <FuncUnit> <Opcode : 'icmp'> <InPorts = 2> <OutPorts = 1>
ST_1 : Operation 32 [1/1] (0.86ns)   --->   "%add_ln70 = add i17 %i_2, i17 1" [hls-design/ntt-kernel.cpp:70]   --->   Operation 32 'add' 'add_ln70' <Predicate = true> <Delay = 0.86> <CoreInst = "Adder">   --->   Core 1 'Adder' <Latency = 0> <II = 1> <Delay = 0.86> <FuncUnit> <Opcode : 'add' 'sub'> <InPorts = 2> <OutPorts = 1>
ST_1 : Operation 33 [1/1] (0.00ns)   --->   "%br_ln70 = br i1 %icmp_ln70, void %for.cond9.preheader.exitStub, void %for.inc.split" [hls-design/ntt-kernel.cpp:70]   --->   Operation 33 'br' 'br_ln70' <Predicate = true> <Delay = 0.00>
ST_1 : Operation 34 [1/1] (0.42ns)   --->   "%store_ln70 = store i17 %add_ln70, i17 %i" [hls-design/ntt-kernel.cpp:70]   --->   Operation 34 'store' 'store_ln70' <Predicate = (icmp_ln70)> <Delay = 0.42>

State 2 <SV = 1> <Delay = 7.30>
ST_2 : Operation 35 [1/1] (0.00ns)   --->   "%gmem1_addr = getelementptr i32 %gmem1, i64 %sext_ln70_cast" [hls-design/ntt-kernel.cpp:70]   --->   Operation 35 'getelementptr' 'gmem1_addr' <Predicate = true> <Delay = 0.00>
ST_2 : Operation 36 [1/1] (7.30ns)   --->   "%gmem1_addr_read = read i32 @_ssdm_op_Read.m_axi.p1i32, i32 %gmem1_addr" [hls-design/ntt-kernel.cpp:73]   --->   Operation 36 'read' 'gmem1_addr_read' <Predicate = true> <Delay = 7.30> <CoreInst = "m_axi">   --->   Core 121 'm_axi' <Latency = 0> <II = 1> <Delay = 1.00> <Adapter> <Opcode : 'read' 'write' 'readreq' 'writereq' 'writeresp'>

State 3 <SV = 2> <Delay = 2.10>
ST_3 : Operation 37 [1/1] (1.01ns)   --->   "%add_ln73 = add i32 %gmem1_addr_read, i32 %phi_mul1_read" [hls-design/ntt-kernel.cpp:73]   --->   Operation 37 'add' 'add_ln73' <Predicate = true> <Delay = 1.01> <CoreInst = "Adder">   --->   Core 1 'Adder' <Latency = 0> <II = 1> <Delay = 1.01> <FuncUnit> <Opcode : 'add' 'sub'> <InPorts = 2> <OutPorts = 1>
ST_3 : Operation 38 [1/1] (0.00ns)   --->   "%shl_ln1 = bitconcatenate i34 @_ssdm_op_BitConcatenate.i34.i32.i2, i32 %add_ln73, i2 0" [hls-design/ntt-kernel.cpp:73]   --->   Operation 38 'bitconcatenate' 'shl_ln1' <Predicate = true> <Delay = 0.00>
ST_3 : Operation 39 [1/1] (0.00ns)   --->   "%zext_ln73 = zext i34 %shl_ln1" [hls-design/ntt-kernel.cpp:73]   --->   Operation 39 'zext' 'zext_ln73' <Predicate = true> <Delay = 0.00>
ST_3 : Operation 40 [1/1] (1.08ns)   --->   "%add_ln73_1 = add i64 %zext_ln73, i64 %x_read" [hls-design/ntt-kernel.cpp:73]   --->   Operation 40 'add' 'add_ln73_1' <Predicate = true> <Delay = 1.08> <CoreInst = "Adder">   --->   Core 1 'Adder' <Latency = 0> <II = 1> <Delay = 1.08> <FuncUnit> <Opcode : 'add' 'sub'> <InPorts = 2> <OutPorts = 1>
ST_3 : Operation 41 [1/1] (0.00ns)   --->   "%trunc_ln2 = partselect i62 @_ssdm_op_PartSelect.i62.i64.i32.i32, i64 %add_ln73_1, i32 2, i32 63" [hls-design/ntt-kernel.cpp:73]   --->   Operation 41 'partselect' 'trunc_ln2' <Predicate = true> <Delay = 0.00>
ST_3 : Operation 42 [1/1] (0.00ns)   --->   "%sext_ln73 = sext i62 %trunc_ln2" [hls-design/ntt-kernel.cpp:73]   --->   Operation 42 'sext' 'sext_ln73' <Predicate = true> <Delay = 0.00>
ST_3 : Operation 43 [1/1] (0.00ns)   --->   "%gmem0_addr = getelementptr i32 %gmem0, i64 %sext_ln73" [hls-design/ntt-kernel.cpp:73]   --->   Operation 43 'getelementptr' 'gmem0_addr' <Predicate = true> <Delay = 0.00>

State 4 <SV = 3> <Delay = 7.30>
ST_4 : Operation 44 [8/8] (7.30ns)   --->   "%gmem0_load_req = readreq i1 @_ssdm_op_ReadReq.m_axi.i32P1A, i32 %gmem0_addr, i32 1" [hls-design/ntt-kernel.cpp:73]   --->   Operation 44 'readreq' 'gmem0_load_req' <Predicate = true> <Delay = 7.30> <CoreInst = "m_axi">   --->   Core 121 'm_axi' <Latency = 0> <II = 1> <Delay = 1.00> <Adapter> <Opcode : 'read' 'write' 'readreq' 'writereq' 'writeresp'>

State 5 <SV = 4> <Delay = 7.30>
ST_5 : Operation 45 [7/8] (7.30ns)   --->   "%gmem0_load_req = readreq i1 @_ssdm_op_ReadReq.m_axi.i32P1A, i32 %gmem0_addr, i32 1" [hls-design/ntt-kernel.cpp:73]   --->   Operation 45 'readreq' 'gmem0_load_req' <Predicate = true> <Delay = 7.30> <CoreInst = "m_axi">   --->   Core 121 'm_axi' <Latency = 0> <II = 1> <Delay = 1.00> <Adapter> <Opcode : 'read' 'write' 'readreq' 'writereq' 'writeresp'>

State 6 <SV = 5> <Delay = 7.30>
ST_6 : Operation 46 [6/8] (7.30ns)   --->   "%gmem0_load_req = readreq i1 @_ssdm_op_ReadReq.m_axi.i32P1A, i32 %gmem0_addr, i32 1" [hls-design/ntt-kernel.cpp:73]   --->   Operation 46 'readreq' 'gmem0_load_req' <Predicate = true> <Delay = 7.30> <CoreInst = "m_axi">   --->   Core 121 'm_axi' <Latency = 0> <II = 1> <Delay = 1.00> <Adapter> <Opcode : 'read' 'write' 'readreq' 'writereq' 'writeresp'>

State 7 <SV = 6> <Delay = 7.30>
ST_7 : Operation 47 [5/8] (7.30ns)   --->   "%gmem0_load_req = readreq i1 @_ssdm_op_ReadReq.m_axi.i32P1A, i32 %gmem0_addr, i32 1" [hls-design/ntt-kernel.cpp:73]   --->   Operation 47 'readreq' 'gmem0_load_req' <Predicate = true> <Delay = 7.30> <CoreInst = "m_axi">   --->   Core 121 'm_axi' <Latency = 0> <II = 1> <Delay = 1.00> <Adapter> <Opcode : 'read' 'write' 'readreq' 'writereq' 'writeresp'>

State 8 <SV = 7> <Delay = 7.30>
ST_8 : Operation 48 [4/8] (7.30ns)   --->   "%gmem0_load_req = readreq i1 @_ssdm_op_ReadReq.m_axi.i32P1A, i32 %gmem0_addr, i32 1" [hls-design/ntt-kernel.cpp:73]   --->   Operation 48 'readreq' 'gmem0_load_req' <Predicate = true> <Delay = 7.30> <CoreInst = "m_axi">   --->   Core 121 'm_axi' <Latency = 0> <II = 1> <Delay = 1.00> <Adapter> <Opcode : 'read' 'write' 'readreq' 'writereq' 'writeresp'>

State 9 <SV = 8> <Delay = 7.30>
ST_9 : Operation 49 [3/8] (7.30ns)   --->   "%gmem0_load_req = readreq i1 @_ssdm_op_ReadReq.m_axi.i32P1A, i32 %gmem0_addr, i32 1" [hls-design/ntt-kernel.cpp:73]   --->   Operation 49 'readreq' 'gmem0_load_req' <Predicate = true> <Delay = 7.30> <CoreInst = "m_axi">   --->   Core 121 'm_axi' <Latency = 0> <II = 1> <Delay = 1.00> <Adapter> <Opcode : 'read' 'write' 'readreq' 'writereq' 'writeresp'>

State 10 <SV = 9> <Delay = 7.30>
ST_10 : Operation 50 [2/8] (7.30ns)   --->   "%gmem0_load_req = readreq i1 @_ssdm_op_ReadReq.m_axi.i32P1A, i32 %gmem0_addr, i32 1" [hls-design/ntt-kernel.cpp:73]   --->   Operation 50 'readreq' 'gmem0_load_req' <Predicate = true> <Delay = 7.30> <CoreInst = "m_axi">   --->   Core 121 'm_axi' <Latency = 0> <II = 1> <Delay = 1.00> <Adapter> <Opcode : 'read' 'write' 'readreq' 'writereq' 'writeresp'>

State 11 <SV = 10> <Delay = 7.30>
ST_11 : Operation 51 [1/8] (7.30ns)   --->   "%gmem0_load_req = readreq i1 @_ssdm_op_ReadReq.m_axi.i32P1A, i32 %gmem0_addr, i32 1" [hls-design/ntt-kernel.cpp:73]   --->   Operation 51 'readreq' 'gmem0_load_req' <Predicate = true> <Delay = 7.30> <CoreInst = "m_axi">   --->   Core 121 'm_axi' <Latency = 0> <II = 1> <Delay = 1.00> <Adapter> <Opcode : 'read' 'write' 'readreq' 'writereq' 'writeresp'>

State 12 <SV = 11> <Delay = 7.30>
ST_12 : Operation 52 [1/1] (7.30ns)   --->   "%gmem0_addr_read = read i32 @_ssdm_op_Read.m_axi.i32P1A, i32 %gmem0_addr" [hls-design/ntt-kernel.cpp:73]   --->   Operation 52 'read' 'gmem0_addr_read' <Predicate = true> <Delay = 7.30> <CoreInst = "m_axi">   --->   Core 121 'm_axi' <Latency = 0> <II = 1> <Delay = 1.00> <Adapter> <Opcode : 'read' 'write' 'readreq' 'writereq' 'writeresp'>
ST_12 : Operation 60 [1/1] (0.00ns)   --->   "%ret_ln0 = ret"   --->   Operation 60 'ret' 'ret_ln0' <Predicate = (!icmp_ln70)> <Delay = 0.00>

State 13 <SV = 12> <Delay = 1.23>
ST_13 : Operation 53 [1/1] (0.00ns)   --->   "%zext_ln70 = zext i17 %i_2" [hls-design/ntt-kernel.cpp:70]   --->   Operation 53 'zext' 'zext_ln70' <Predicate = true> <Delay = 0.00>
ST_13 : Operation 54 [1/1] (0.00ns)   --->   "%specpipeline_ln71 = specpipeline void @_ssdm_op_SpecPipeline, i32 1, i32 0, i32 0, i32 0, void @empty" [hls-design/ntt-kernel.cpp:71]   --->   Operation 54 'specpipeline' 'specpipeline_ln71' <Predicate = true> <Delay = 0.00>
ST_13 : Operation 55 [1/1] (0.00ns)   --->   "%speclooptripcount_ln72 = speclooptripcount void @_ssdm_op_SpecLoopTripCount, i64 256, i64 65536, i64 32896" [hls-design/ntt-kernel.cpp:72]   --->   Operation 55 'speclooptripcount' 'speclooptripcount_ln72' <Predicate = true> <Delay = 0.00>
ST_13 : Operation 56 [1/1] (0.00ns)   --->   "%specloopname_ln70 = specloopname void @_ssdm_op_SpecLoopName, void @empty_16" [hls-design/ntt-kernel.cpp:70]   --->   Operation 56 'specloopname' 'specloopname_ln70' <Predicate = true> <Delay = 0.00>
ST_13 : Operation 57 [1/1] (0.00ns)   --->   "%local_x_addr = getelementptr i32 %local_x, i64 0, i64 %zext_ln70" [hls-design/ntt-kernel.cpp:73]   --->   Operation 57 'getelementptr' 'local_x_addr' <Predicate = true> <Delay = 0.00>
ST_13 : Operation 58 [1/1] (1.23ns)   --->   "%store_ln73 = store i32 %gmem0_addr_read, i16 %local_x_addr" [hls-design/ntt-kernel.cpp:73]   --->   Operation 58 'store' 'store_ln73' <Predicate = true> <Delay = 1.23> <CoreInst = "RAM_2P_BRAM">   --->   Core 94 'RAM_2P_BRAM' <Latency = 1> <II = 1> <Delay = 1.23> <Storage> <Opcode : 'load' 'store'> <Ports = 2> <Width = 32> <Depth = 65536> <RAM>
ST_13 : Operation 59 [1/1] (0.00ns)   --->   "%br_ln70 = br void %for.inc" [hls-design/ntt-kernel.cpp:70]   --->   Operation 59 'br' 'br_ln70' <Predicate = true> <Delay = 0.00>


============================================================
+ Verbose Summary: Timing violations
============================================================
Target clock period: 10.000ns, clock uncertainty: 2.700ns.

 <State 1>: 1.870ns
The critical path consists of the following:
	'store' operation 0 bit ('store_ln70', hls-design/ntt-kernel.cpp:70) of constant 0 on local variable 'i', hls-design/ntt-kernel.cpp:70 [17]  (0.427 ns)
	'load' operation 17 bit ('i', hls-design/ntt-kernel.cpp:70) on local variable 'i', hls-design/ntt-kernel.cpp:70 [20]  (0.000 ns)
	'icmp' operation 1 bit ('icmp_ln70', hls-design/ntt-kernel.cpp:70) [24]  (1.016 ns)
	'store' operation 0 bit ('store_ln70', hls-design/ntt-kernel.cpp:70) of variable 'add_ln70', hls-design/ntt-kernel.cpp:70 on local variable 'i', hls-design/ntt-kernel.cpp:70 [45]  (0.427 ns)

 <State 2>: 7.300ns
The critical path consists of the following:
	'getelementptr' operation 32 bit ('gmem1_addr', hls-design/ntt-kernel.cpp:70) [28]  (0.000 ns)
	bus read operation ('gmem1_addr_read', hls-design/ntt-kernel.cpp:73) on port 'gmem1' (hls-design/ntt-kernel.cpp:73) [33]  (7.300 ns)

 <State 3>: 2.101ns
The critical path consists of the following:
	'add' operation 32 bit ('add_ln73', hls-design/ntt-kernel.cpp:73) [34]  (1.016 ns)
	'add' operation 64 bit ('add_ln73_1', hls-design/ntt-kernel.cpp:73) [37]  (1.085 ns)

 <State 4>: 7.300ns
The critical path consists of the following:
	bus request operation ('gmem0_load_req', hls-design/ntt-kernel.cpp:73) on port 'gmem0' (hls-design/ntt-kernel.cpp:73) [41]  (7.300 ns)

 <State 5>: 7.300ns
The critical path consists of the following:
	bus request operation ('gmem0_load_req', hls-design/ntt-kernel.cpp:73) on port 'gmem0' (hls-design/ntt-kernel.cpp:73) [41]  (7.300 ns)

 <State 6>: 7.300ns
The critical path consists of the following:
	bus request operation ('gmem0_load_req', hls-design/ntt-kernel.cpp:73) on port 'gmem0' (hls-design/ntt-kernel.cpp:73) [41]  (7.300 ns)

 <State 7>: 7.300ns
The critical path consists of the following:
	bus request operation ('gmem0_load_req', hls-design/ntt-kernel.cpp:73) on port 'gmem0' (hls-design/ntt-kernel.cpp:73) [41]  (7.300 ns)

 <State 8>: 7.300ns
The critical path consists of the following:
	bus request operation ('gmem0_load_req', hls-design/ntt-kernel.cpp:73) on port 'gmem0' (hls-design/ntt-kernel.cpp:73) [41]  (7.300 ns)

 <State 9>: 7.300ns
The critical path consists of the following:
	bus request operation ('gmem0_load_req', hls-design/ntt-kernel.cpp:73) on port 'gmem0' (hls-design/ntt-kernel.cpp:73) [41]  (7.300 ns)

 <State 10>: 7.300ns
The critical path consists of the following:
	bus request operation ('gmem0_load_req', hls-design/ntt-kernel.cpp:73) on port 'gmem0' (hls-design/ntt-kernel.cpp:73) [41]  (7.300 ns)

 <State 11>: 7.300ns
The critical path consists of the following:
	bus request operation ('gmem0_load_req', hls-design/ntt-kernel.cpp:73) on port 'gmem0' (hls-design/ntt-kernel.cpp:73) [41]  (7.300 ns)

 <State 12>: 7.300ns
The critical path consists of the following:
	bus read operation ('gmem0_addr_read', hls-design/ntt-kernel.cpp:73) on port 'gmem0' (hls-design/ntt-kernel.cpp:73) [42]  (7.300 ns)

 <State 13>: 1.237ns
The critical path consists of the following:
	'getelementptr' operation 16 bit ('local_x_addr', hls-design/ntt-kernel.cpp:73) [43]  (0.000 ns)
	'store' operation 0 bit ('store_ln73', hls-design/ntt-kernel.cpp:73) of variable 'gmem0_addr_read', hls-design/ntt-kernel.cpp:73 on array 'local_x' [44]  (1.237 ns)


============================================================
+ Verbose Summary: Binding
============================================================
N/A
* FSMD analyzer results:
  - Output states:
 - Input state : 
  - Chain level:
	State 1
	State 2
	State 3
	State 4
	State 5
	State 6
	State 7
	State 8
	State 9
	State 10
	State 11
	State 12
	State 13


============================================================
+ Verbose Summary: Datapath Resource usage 
============================================================
N/A
