

================================================================
== Vitis HLS Report for 'ntt_kernel_Pipeline_WRITE_BACK_LOOP'
================================================================
* Date:           Thu Jun  4 11:24:40 2026

* Version:        2023.2 (Build 4023990 on Oct 11 2023)
* Project:        hls-design
* Solution:       ntt-asic (Vivado IP Flow Target)
* Product family: zynquplus
* Target device:  xck26-sfvc784-2LV-c


================================================================
== Performance Estimates
================================================================
+ Timing: 
    * Summary: 
    +--------+----------+----------+------------+
    |  Clock |  Target  | Estimated| Uncertainty|
    +--------+----------+----------+------------+
    |ap_clk  |  10.00 ns|  7.300 ns|     2.70 ns|
    +--------+----------+----------+------------+

+ Latency: 
    * Summary: 
    +---------+---------+----------+-----------+-----+------+---------+
    |  Latency (cycles) |  Latency (absolute)  |  Interval  | Pipeline|
    |   min   |   max   |    min   |    max    | min |  max |   Type  |
    +---------+---------+----------+-----------+-----+------+---------+
    |      259|     4099|  2.590 us|  40.990 us|  259|  4099|       no|
    +---------+---------+----------+-----------+-----+------+---------+

    + Detail: 
        * Instance: 
        N/A

        * Loop: 
        +-------------------+---------+---------+----------+-----------+-----------+------------+----------+
        |                   |  Latency (cycles) | Iteration|  Initiation Interval  |    Trip    |          |
        |     Loop Name     |   min   |   max   |  Latency |  achieved |   target  |    Count   | Pipelined|
        +-------------------+---------+---------+----------+-----------+-----------+------------+----------+
        |- WRITE_BACK_LOOP  |      257|     4097|         3|          1|          1|  256 ~ 4096|       yes|
        +-------------------+---------+---------+----------+-----------+-----------+------------+----------+

============================================================
+ Verbose Summary: Synthesis Manager
============================================================
InlineROM: 1
ExposeGlobal: 0
============================================================
+ Verbose Summary: CDFG Model
============================================================
IsTopModel: 0
ResetActiveHigh: 1
IsCombinational: 0
IsDatapathOnly: 0
HasWiredReturn: 1
HasMFsm: 2
HasVarLatency: 1
IsPipeline: 0
IsRtlPipelined: 0
IsInstanceOverlapped: 0
IsDontTouch: 0
HasImplIP: 0
IsGatedGlobalClock: 0

+ Individual pipeline summary: 
  * Pipeline-0: initiation interval (II) = 1, depth = 3


============================================================
+ Verbose Summary: Schedule
============================================================
* Number of FSM states : 3
* Pipeline : 1
  Pipeline-0 : II = 1, D = 3, States = { 1 2 3 }
* Dataflow Pipeline: 0

* FSM state transitions: 
1 --> 2 
2 --> 3 
3 --> 

* FSM state operations: 

State 1 <SV = 0> <Delay = 1.87>
ST_1 : Operation 6 [1/1] (0.00ns)   --->   "%i = alloca i32 1" [hls-design/ntt-kernel.cpp:170]   --->   Operation 6 'alloca' 'i' <Predicate = true> <Delay = 0.00>
ST_1 : Operation 7 [1/1] (0.00ns)   --->   "%use_ping_as_input_read = read i1 @_ssdm_op_Read.ap_auto.i1, i1 %use_ping_as_input"   --->   Operation 7 'read' 'use_ping_as_input_read' <Predicate = true> <Delay = 0.00>
ST_1 : Operation 8 [1/1] (0.00ns)   --->   "%sext_ln170_read = read i62 @_ssdm_op_Read.ap_auto.i62, i62 %sext_ln170"   --->   Operation 8 'read' 'sext_ln170_read' <Predicate = true> <Delay = 0.00>
ST_1 : Operation 9 [1/1] (0.00ns)   --->   "%n_read = read i32 @_ssdm_op_Read.ap_auto.i32, i32 %n"   --->   Operation 9 'read' 'n_read' <Predicate = true> <Delay = 0.00>
ST_1 : Operation 10 [1/1] (0.00ns)   --->   "%sext_ln170_cast = sext i62 %sext_ln170_read"   --->   Operation 10 'sext' 'sext_ln170_cast' <Predicate = true> <Delay = 0.00>
ST_1 : Operation 11 [1/1] (0.00ns)   --->   "%specmemcore_ln0 = specmemcore void @_ssdm_op_SpecMemCore, i32 %pong, i64 666, i64 22, i64 18446744073709551615"   --->   Operation 11 'specmemcore' 'specmemcore_ln0' <Predicate = true> <Delay = 0.00>
ST_1 : Operation 12 [1/1] (0.00ns)   --->   "%specmemcore_ln0 = specmemcore void @_ssdm_op_SpecMemCore, i32 %pong_1, i64 666, i64 22, i64 18446744073709551615"   --->   Operation 12 'specmemcore' 'specmemcore_ln0' <Predicate = true> <Delay = 0.00>
ST_1 : Operation 13 [1/1] (0.00ns)   --->   "%specmemcore_ln0 = specmemcore void @_ssdm_op_SpecMemCore, i32 %pong_2, i64 666, i64 22, i64 18446744073709551615"   --->   Operation 13 'specmemcore' 'specmemcore_ln0' <Predicate = true> <Delay = 0.00>
ST_1 : Operation 14 [1/1] (0.00ns)   --->   "%specmemcore_ln0 = specmemcore void @_ssdm_op_SpecMemCore, i32 %pong_3, i64 666, i64 22, i64 18446744073709551615"   --->   Operation 14 'specmemcore' 'specmemcore_ln0' <Predicate = true> <Delay = 0.00>
ST_1 : Operation 15 [1/1] (0.00ns)   --->   "%specmemcore_ln0 = specmemcore void @_ssdm_op_SpecMemCore, i32 %pong_4, i64 666, i64 22, i64 18446744073709551615"   --->   Operation 15 'specmemcore' 'specmemcore_ln0' <Predicate = true> <Delay = 0.00>
ST_1 : Operation 16 [1/1] (0.00ns)   --->   "%specmemcore_ln0 = specmemcore void @_ssdm_op_SpecMemCore, i32 %pong_5, i64 666, i64 22, i64 18446744073709551615"   --->   Operation 16 'specmemcore' 'specmemcore_ln0' <Predicate = true> <Delay = 0.00>
ST_1 : Operation 17 [1/1] (0.00ns)   --->   "%specmemcore_ln0 = specmemcore void @_ssdm_op_SpecMemCore, i32 %pong_6, i64 666, i64 22, i64 18446744073709551615"   --->   Operation 17 'specmemcore' 'specmemcore_ln0' <Predicate = true> <Delay = 0.00>
ST_1 : Operation 18 [1/1] (0.00ns)   --->   "%specmemcore_ln0 = specmemcore void @_ssdm_op_SpecMemCore, i32 %pong_7, i64 666, i64 22, i64 18446744073709551615"   --->   Operation 18 'specmemcore' 'specmemcore_ln0' <Predicate = true> <Delay = 0.00>
ST_1 : Operation 19 [1/1] (0.00ns)   --->   "%specmemcore_ln0 = specmemcore void @_ssdm_op_SpecMemCore, i32 %ping, i64 666, i64 22, i64 18446744073709551615"   --->   Operation 19 'specmemcore' 'specmemcore_ln0' <Predicate = true> <Delay = 0.00>
ST_1 : Operation 20 [1/1] (0.00ns)   --->   "%specmemcore_ln0 = specmemcore void @_ssdm_op_SpecMemCore, i32 %ping_1, i64 666, i64 22, i64 18446744073709551615"   --->   Operation 20 'specmemcore' 'specmemcore_ln0' <Predicate = true> <Delay = 0.00>
ST_1 : Operation 21 [1/1] (0.00ns)   --->   "%specmemcore_ln0 = specmemcore void @_ssdm_op_SpecMemCore, i32 %ping_2, i64 666, i64 22, i64 18446744073709551615"   --->   Operation 21 'specmemcore' 'specmemcore_ln0' <Predicate = true> <Delay = 0.00>
ST_1 : Operation 22 [1/1] (0.00ns)   --->   "%specmemcore_ln0 = specmemcore void @_ssdm_op_SpecMemCore, i32 %ping_3, i64 666, i64 22, i64 18446744073709551615"   --->   Operation 22 'specmemcore' 'specmemcore_ln0' <Predicate = true> <Delay = 0.00>
ST_1 : Operation 23 [1/1] (0.00ns)   --->   "%specmemcore_ln0 = specmemcore void @_ssdm_op_SpecMemCore, i32 %ping_4, i64 666, i64 22, i64 18446744073709551615"   --->   Operation 23 'specmemcore' 'specmemcore_ln0' <Predicate = true> <Delay = 0.00>
ST_1 : Operation 24 [1/1] (0.00ns)   --->   "%specmemcore_ln0 = specmemcore void @_ssdm_op_SpecMemCore, i32 %ping_5, i64 666, i64 22, i64 18446744073709551615"   --->   Operation 24 'specmemcore' 'specmemcore_ln0' <Predicate = true> <Delay = 0.00>
ST_1 : Operation 25 [1/1] (0.00ns)   --->   "%specmemcore_ln0 = specmemcore void @_ssdm_op_SpecMemCore, i32 %ping_6, i64 666, i64 22, i64 18446744073709551615"   --->   Operation 25 'specmemcore' 'specmemcore_ln0' <Predicate = true> <Delay = 0.00>
ST_1 : Operation 26 [1/1] (0.00ns)   --->   "%specmemcore_ln0 = specmemcore void @_ssdm_op_SpecMemCore, i32 %ping_7, i64 666, i64 22, i64 18446744073709551615"   --->   Operation 26 'specmemcore' 'specmemcore_ln0' <Predicate = true> <Delay = 0.00>
ST_1 : Operation 27 [1/1] (0.00ns)   --->   "%specinterface_ln0 = specinterface void @_ssdm_op_SpecInterface, i32 %gmem0, void @empty_13, i32 0, i32 0, void @empty_14, i32 0, i32 65536, void @empty_15, void @empty_16, void @empty_14, i32 16, i32 16, i32 16, i32 16, void @empty_14, void @empty_14, i32 4294967295, i32 0"   --->   Operation 27 'specinterface' 'specinterface_ln0' <Predicate = true> <Delay = 0.00>
ST_1 : Operation 28 [1/1] (0.42ns)   --->   "%store_ln170 = store i13 0, i13 %i" [hls-design/ntt-kernel.cpp:170]   --->   Operation 28 'store' 'store_ln170' <Predicate = true> <Delay = 0.42>
ST_1 : Operation 29 [1/1] (0.00ns)   --->   "%br_ln0 = br void %for.body96"   --->   Operation 29 'br' 'br_ln0' <Predicate = true> <Delay = 0.00>
ST_1 : Operation 30 [1/1] (0.00ns)   --->   "%i_1 = load i13 %i" [hls-design/ntt-kernel.cpp:170]   --->   Operation 30 'load' 'i_1' <Predicate = true> <Delay = 0.00>
ST_1 : Operation 31 [1/1] (0.00ns)   --->   "%specbitsmap_ln0 = specbitsmap void @_ssdm_op_SpecBitsMap, i32 %gmem0"   --->   Operation 31 'specbitsmap' 'specbitsmap_ln0' <Predicate = true> <Delay = 0.00>
ST_1 : Operation 32 [1/1] (0.00ns)   --->   "%zext_ln170 = zext i13 %i_1" [hls-design/ntt-kernel.cpp:170]   --->   Operation 32 'zext' 'zext_ln170' <Predicate = true> <Delay = 0.00>
ST_1 : Operation 33 [1/1] (1.01ns)   --->   "%icmp_ln170 = icmp_slt  i32 %zext_ln170, i32 %n_read" [hls-design/ntt-kernel.cpp:170]   --->   Operation 33 'icmp' 'icmp_ln170' <Predicate = true> <Delay = 1.01> <CoreInst = "Cmp">   --->   Core 9 'Cmp' <Latency = 0> <II = 1> <Delay = 1.01> <FuncUnit> <Opcode : 'icmp'> <InPorts = 2> <OutPorts = 1>
ST_1 : Operation 34 [1/1] (0.82ns)   --->   "%add_ln170 = add i13 %i_1, i13 1" [hls-design/ntt-kernel.cpp:170]   --->   Operation 34 'add' 'add_ln170' <Predicate = true> <Delay = 0.82> <CoreInst = "Adder">   --->   Core 1 'Adder' <Latency = 0> <II = 1> <Delay = 0.82> <FuncUnit> <Opcode : 'add' 'sub'> <InPorts = 2> <OutPorts = 1>
ST_1 : Operation 35 [1/1] (0.00ns)   --->   "%br_ln170 = br i1 %icmp_ln170, void %for.inc113.loopexit.exitStub, void %for.body96.split_ifconv" [hls-design/ntt-kernel.cpp:170]   --->   Operation 35 'br' 'br_ln170' <Predicate = true> <Delay = 0.00>
ST_1 : Operation 36 [1/1] (0.00ns)   --->   "%trunc_ln170 = trunc i13 %i_1" [hls-design/ntt-kernel.cpp:170]   --->   Operation 36 'trunc' 'trunc_ln170' <Predicate = (icmp_ln170)> <Delay = 0.00>
ST_1 : Operation 37 [1/1] (0.00ns)   --->   "%lshr_ln5 = partselect i9 @_ssdm_op_PartSelect.i9.i13.i32.i32, i13 %i_1, i32 3, i32 11" [hls-design/ntt-kernel.cpp:170]   --->   Operation 37 'partselect' 'lshr_ln5' <Predicate = (icmp_ln170)> <Delay = 0.00>
ST_1 : Operation 38 [1/1] (0.00ns)   --->   "%zext_ln170_1 = zext i9 %lshr_ln5" [hls-design/ntt-kernel.cpp:170]   --->   Operation 38 'zext' 'zext_ln170_1' <Predicate = (icmp_ln170)> <Delay = 0.00>
ST_1 : Operation 39 [1/1] (0.00ns)   --->   "%ping_addr = getelementptr i32 %ping, i64 0, i64 %zext_ln170_1" [hls-design/ntt-kernel.cpp:174]   --->   Operation 39 'getelementptr' 'ping_addr' <Predicate = (icmp_ln170 & use_ping_as_input_read)> <Delay = 0.00>
ST_1 : Operation 40 [1/1] (0.00ns)   --->   "%ping_1_addr = getelementptr i32 %ping_1, i64 0, i64 %zext_ln170_1" [hls-design/ntt-kernel.cpp:174]   --->   Operation 40 'getelementptr' 'ping_1_addr' <Predicate = (icmp_ln170 & use_ping_as_input_read)> <Delay = 0.00>
ST_1 : Operation 41 [1/1] (0.00ns)   --->   "%ping_2_addr = getelementptr i32 %ping_2, i64 0, i64 %zext_ln170_1" [hls-design/ntt-kernel.cpp:174]   --->   Operation 41 'getelementptr' 'ping_2_addr' <Predicate = (icmp_ln170 & use_ping_as_input_read)> <Delay = 0.00>
ST_1 : Operation 42 [1/1] (0.00ns)   --->   "%ping_3_addr = getelementptr i32 %ping_3, i64 0, i64 %zext_ln170_1" [hls-design/ntt-kernel.cpp:174]   --->   Operation 42 'getelementptr' 'ping_3_addr' <Predicate = (icmp_ln170 & use_ping_as_input_read)> <Delay = 0.00>
ST_1 : Operation 43 [1/1] (0.00ns)   --->   "%ping_4_addr = getelementptr i32 %ping_4, i64 0, i64 %zext_ln170_1" [hls-design/ntt-kernel.cpp:174]   --->   Operation 43 'getelementptr' 'ping_4_addr' <Predicate = (icmp_ln170 & use_ping_as_input_read)> <Delay = 0.00>
ST_1 : Operation 44 [1/1] (0.00ns)   --->   "%ping_5_addr = getelementptr i32 %ping_5, i64 0, i64 %zext_ln170_1" [hls-design/ntt-kernel.cpp:174]   --->   Operation 44 'getelementptr' 'ping_5_addr' <Predicate = (icmp_ln170 & use_ping_as_input_read)> <Delay = 0.00>
ST_1 : Operation 45 [1/1] (0.00ns)   --->   "%ping_6_addr = getelementptr i32 %ping_6, i64 0, i64 %zext_ln170_1" [hls-design/ntt-kernel.cpp:174]   --->   Operation 45 'getelementptr' 'ping_6_addr' <Predicate = (icmp_ln170 & use_ping_as_input_read)> <Delay = 0.00>
ST_1 : Operation 46 [1/1] (0.00ns)   --->   "%ping_7_addr = getelementptr i32 %ping_7, i64 0, i64 %zext_ln170_1" [hls-design/ntt-kernel.cpp:174]   --->   Operation 46 'getelementptr' 'ping_7_addr' <Predicate = (icmp_ln170 & use_ping_as_input_read)> <Delay = 0.00>
ST_1 : Operation 47 [2/2] (1.23ns)   --->   "%ping_load = load i9 %ping_addr" [hls-design/ntt-kernel.cpp:174]   --->   Operation 47 'load' 'ping_load' <Predicate = (icmp_ln170 & use_ping_as_input_read)> <Delay = 1.23> <CoreInst = "RAM_2P_BRAM">   --->   Core 94 'RAM_2P_BRAM' <Latency = 1> <II = 1> <Delay = 1.23> <Storage> <Opcode : 'load' 'store'> <Ports = 2> <Width = 32> <Depth = 512> <RAM>
ST_1 : Operation 48 [2/2] (1.23ns)   --->   "%ping_1_load = load i9 %ping_1_addr" [hls-design/ntt-kernel.cpp:174]   --->   Operation 48 'load' 'ping_1_load' <Predicate = (icmp_ln170 & use_ping_as_input_read)> <Delay = 1.23> <CoreInst = "RAM_2P_BRAM">   --->   Core 94 'RAM_2P_BRAM' <Latency = 1> <II = 1> <Delay = 1.23> <Storage> <Opcode : 'load' 'store'> <Ports = 2> <Width = 32> <Depth = 512> <RAM>
ST_1 : Operation 49 [2/2] (1.23ns)   --->   "%ping_2_load = load i9 %ping_2_addr" [hls-design/ntt-kernel.cpp:174]   --->   Operation 49 'load' 'ping_2_load' <Predicate = (icmp_ln170 & use_ping_as_input_read)> <Delay = 1.23> <CoreInst = "RAM_2P_BRAM">   --->   Core 94 'RAM_2P_BRAM' <Latency = 1> <II = 1> <Delay = 1.23> <Storage> <Opcode : 'load' 'store'> <Ports = 2> <Width = 32> <Depth = 512> <RAM>
ST_1 : Operation 50 [2/2] (1.23ns)   --->   "%ping_3_load = load i9 %ping_3_addr" [hls-design/ntt-kernel.cpp:174]   --->   Operation 50 'load' 'ping_3_load' <Predicate = (icmp_ln170 & use_ping_as_input_read)> <Delay = 1.23> <CoreInst = "RAM_2P_BRAM">   --->   Core 94 'RAM_2P_BRAM' <Latency = 1> <II = 1> <Delay = 1.23> <Storage> <Opcode : 'load' 'store'> <Ports = 2> <Width = 32> <Depth = 512> <RAM>
ST_1 : Operation 51 [2/2] (1.23ns)   --->   "%ping_4_load = load i9 %ping_4_addr" [hls-design/ntt-kernel.cpp:174]   --->   Operation 51 'load' 'ping_4_load' <Predicate = (icmp_ln170 & use_ping_as_input_read)> <Delay = 1.23> <CoreInst = "RAM_2P_BRAM">   --->   Core 94 'RAM_2P_BRAM' <Latency = 1> <II = 1> <Delay = 1.23> <Storage> <Opcode : 'load' 'store'> <Ports = 2> <Width = 32> <Depth = 512> <RAM>
ST_1 : Operation 52 [2/2] (1.23ns)   --->   "%ping_5_load = load i9 %ping_5_addr" [hls-design/ntt-kernel.cpp:174]   --->   Operation 52 'load' 'ping_5_load' <Predicate = (icmp_ln170 & use_ping_as_input_read)> <Delay = 1.23> <CoreInst = "RAM_2P_BRAM">   --->   Core 94 'RAM_2P_BRAM' <Latency = 1> <II = 1> <Delay = 1.23> <Storage> <Opcode : 'load' 'store'> <Ports = 2> <Width = 32> <Depth = 512> <RAM>
ST_1 : Operation 53 [2/2] (1.23ns)   --->   "%ping_6_load = load i9 %ping_6_addr" [hls-design/ntt-kernel.cpp:174]   --->   Operation 53 'load' 'ping_6_load' <Predicate = (icmp_ln170 & use_ping_as_input_read)> <Delay = 1.23> <CoreInst = "RAM_2P_BRAM">   --->   Core 94 'RAM_2P_BRAM' <Latency = 1> <II = 1> <Delay = 1.23> <Storage> <Opcode : 'load' 'store'> <Ports = 2> <Width = 32> <Depth = 512> <RAM>
ST_1 : Operation 54 [2/2] (1.23ns)   --->   "%ping_7_load = load i9 %ping_7_addr" [hls-design/ntt-kernel.cpp:174]   --->   Operation 54 'load' 'ping_7_load' <Predicate = (icmp_ln170 & use_ping_as_input_read)> <Delay = 1.23> <CoreInst = "RAM_2P_BRAM">   --->   Core 94 'RAM_2P_BRAM' <Latency = 1> <II = 1> <Delay = 1.23> <Storage> <Opcode : 'load' 'store'> <Ports = 2> <Width = 32> <Depth = 512> <RAM>
ST_1 : Operation 55 [1/1] (0.00ns)   --->   "%pong_addr = getelementptr i32 %pong, i64 0, i64 %zext_ln170_1" [hls-design/ntt-kernel.cpp:176]   --->   Operation 55 'getelementptr' 'pong_addr' <Predicate = (icmp_ln170 & !use_ping_as_input_read)> <Delay = 0.00>
ST_1 : Operation 56 [1/1] (0.00ns)   --->   "%pong_1_addr = getelementptr i32 %pong_1, i64 0, i64 %zext_ln170_1" [hls-design/ntt-kernel.cpp:176]   --->   Operation 56 'getelementptr' 'pong_1_addr' <Predicate = (icmp_ln170 & !use_ping_as_input_read)> <Delay = 0.00>
ST_1 : Operation 57 [1/1] (0.00ns)   --->   "%pong_2_addr = getelementptr i32 %pong_2, i64 0, i64 %zext_ln170_1" [hls-design/ntt-kernel.cpp:176]   --->   Operation 57 'getelementptr' 'pong_2_addr' <Predicate = (icmp_ln170 & !use_ping_as_input_read)> <Delay = 0.00>
ST_1 : Operation 58 [1/1] (0.00ns)   --->   "%pong_3_addr = getelementptr i32 %pong_3, i64 0, i64 %zext_ln170_1" [hls-design/ntt-kernel.cpp:176]   --->   Operation 58 'getelementptr' 'pong_3_addr' <Predicate = (icmp_ln170 & !use_ping_as_input_read)> <Delay = 0.00>
ST_1 : Operation 59 [1/1] (0.00ns)   --->   "%pong_4_addr = getelementptr i32 %pong_4, i64 0, i64 %zext_ln170_1" [hls-design/ntt-kernel.cpp:176]   --->   Operation 59 'getelementptr' 'pong_4_addr' <Predicate = (icmp_ln170 & !use_ping_as_input_read)> <Delay = 0.00>
ST_1 : Operation 60 [1/1] (0.00ns)   --->   "%pong_5_addr = getelementptr i32 %pong_5, i64 0, i64 %zext_ln170_1" [hls-design/ntt-kernel.cpp:176]   --->   Operation 60 'getelementptr' 'pong_5_addr' <Predicate = (icmp_ln170 & !use_ping_as_input_read)> <Delay = 0.00>
ST_1 : Operation 61 [1/1] (0.00ns)   --->   "%pong_6_addr = getelementptr i32 %pong_6, i64 0, i64 %zext_ln170_1" [hls-design/ntt-kernel.cpp:176]   --->   Operation 61 'getelementptr' 'pong_6_addr' <Predicate = (icmp_ln170 & !use_ping_as_input_read)> <Delay = 0.00>
ST_1 : Operation 62 [1/1] (0.00ns)   --->   "%pong_7_addr = getelementptr i32 %pong_7, i64 0, i64 %zext_ln170_1" [hls-design/ntt-kernel.cpp:176]   --->   Operation 62 'getelementptr' 'pong_7_addr' <Predicate = (icmp_ln170 & !use_ping_as_input_read)> <Delay = 0.00>
ST_1 : Operation 63 [2/2] (1.23ns)   --->   "%pong_load = load i9 %pong_addr" [hls-design/ntt-kernel.cpp:176]   --->   Operation 63 'load' 'pong_load' <Predicate = (icmp_ln170 & !use_ping_as_input_read)> <Delay = 1.23> <CoreInst = "RAM_2P_BRAM">   --->   Core 94 'RAM_2P_BRAM' <Latency = 1> <II = 1> <Delay = 1.23> <Storage> <Opcode : 'load' 'store'> <Ports = 2> <Width = 32> <Depth = 512> <RAM>
ST_1 : Operation 64 [2/2] (1.23ns)   --->   "%pong_1_load = load i9 %pong_1_addr" [hls-design/ntt-kernel.cpp:176]   --->   Operation 64 'load' 'pong_1_load' <Predicate = (icmp_ln170 & !use_ping_as_input_read)> <Delay = 1.23> <CoreInst = "RAM_2P_BRAM">   --->   Core 94 'RAM_2P_BRAM' <Latency = 1> <II = 1> <Delay = 1.23> <Storage> <Opcode : 'load' 'store'> <Ports = 2> <Width = 32> <Depth = 512> <RAM>
ST_1 : Operation 65 [2/2] (1.23ns)   --->   "%pong_2_load = load i9 %pong_2_addr" [hls-design/ntt-kernel.cpp:176]   --->   Operation 65 'load' 'pong_2_load' <Predicate = (icmp_ln170 & !use_ping_as_input_read)> <Delay = 1.23> <CoreInst = "RAM_2P_BRAM">   --->   Core 94 'RAM_2P_BRAM' <Latency = 1> <II = 1> <Delay = 1.23> <Storage> <Opcode : 'load' 'store'> <Ports = 2> <Width = 32> <Depth = 512> <RAM>
ST_1 : Operation 66 [2/2] (1.23ns)   --->   "%pong_3_load = load i9 %pong_3_addr" [hls-design/ntt-kernel.cpp:176]   --->   Operation 66 'load' 'pong_3_load' <Predicate = (icmp_ln170 & !use_ping_as_input_read)> <Delay = 1.23> <CoreInst = "RAM_2P_BRAM">   --->   Core 94 'RAM_2P_BRAM' <Latency = 1> <II = 1> <Delay = 1.23> <Storage> <Opcode : 'load' 'store'> <Ports = 2> <Width = 32> <Depth = 512> <RAM>
ST_1 : Operation 67 [2/2] (1.23ns)   --->   "%pong_4_load = load i9 %pong_4_addr" [hls-design/ntt-kernel.cpp:176]   --->   Operation 67 'load' 'pong_4_load' <Predicate = (icmp_ln170 & !use_ping_as_input_read)> <Delay = 1.23> <CoreInst = "RAM_2P_BRAM">   --->   Core 94 'RAM_2P_BRAM' <Latency = 1> <II = 1> <Delay = 1.23> <Storage> <Opcode : 'load' 'store'> <Ports = 2> <Width = 32> <Depth = 512> <RAM>
ST_1 : Operation 68 [2/2] (1.23ns)   --->   "%pong_5_load = load i9 %pong_5_addr" [hls-design/ntt-kernel.cpp:176]   --->   Operation 68 'load' 'pong_5_load' <Predicate = (icmp_ln170 & !use_ping_as_input_read)> <Delay = 1.23> <CoreInst = "RAM_2P_BRAM">   --->   Core 94 'RAM_2P_BRAM' <Latency = 1> <II = 1> <Delay = 1.23> <Storage> <Opcode : 'load' 'store'> <Ports = 2> <Width = 32> <Depth = 512> <RAM>
ST_1 : Operation 69 [2/2] (1.23ns)   --->   "%pong_6_load = load i9 %pong_6_addr" [hls-design/ntt-kernel.cpp:176]   --->   Operation 69 'load' 'pong_6_load' <Predicate = (icmp_ln170 & !use_ping_as_input_read)> <Delay = 1.23> <CoreInst = "RAM_2P_BRAM">   --->   Core 94 'RAM_2P_BRAM' <Latency = 1> <II = 1> <Delay = 1.23> <Storage> <Opcode : 'load' 'store'> <Ports = 2> <Width = 32> <Depth = 512> <RAM>
ST_1 : Operation 70 [2/2] (1.23ns)   --->   "%pong_7_load = load i9 %pong_7_addr" [hls-design/ntt-kernel.cpp:176]   --->   Operation 70 'load' 'pong_7_load' <Predicate = (icmp_ln170 & !use_ping_as_input_read)> <Delay = 1.23> <CoreInst = "RAM_2P_BRAM">   --->   Core 94 'RAM_2P_BRAM' <Latency = 1> <II = 1> <Delay = 1.23> <Storage> <Opcode : 'load' 'store'> <Ports = 2> <Width = 32> <Depth = 512> <RAM>
ST_1 : Operation 71 [1/1] (0.42ns)   --->   "%store_ln170 = store i13 %add_ln170, i13 %i" [hls-design/ntt-kernel.cpp:170]   --->   Operation 71 'store' 'store_ln170' <Predicate = (icmp_ln170)> <Delay = 0.42>

State 2 <SV = 1> <Delay = 2.40>
ST_2 : Operation 72 [1/2] (1.23ns)   --->   "%ping_load = load i9 %ping_addr" [hls-design/ntt-kernel.cpp:174]   --->   Operation 72 'load' 'ping_load' <Predicate = (use_ping_as_input_read)> <Delay = 1.23> <CoreInst = "RAM_2P_BRAM">   --->   Core 94 'RAM_2P_BRAM' <Latency = 1> <II = 1> <Delay = 1.23> <Storage> <Opcode : 'load' 'store'> <Ports = 2> <Width = 32> <Depth = 512> <RAM>
ST_2 : Operation 73 [1/2] (1.23ns)   --->   "%ping_1_load = load i9 %ping_1_addr" [hls-design/ntt-kernel.cpp:174]   --->   Operation 73 'load' 'ping_1_load' <Predicate = (use_ping_as_input_read)> <Delay = 1.23> <CoreInst = "RAM_2P_BRAM">   --->   Core 94 'RAM_2P_BRAM' <Latency = 1> <II = 1> <Delay = 1.23> <Storage> <Opcode : 'load' 'store'> <Ports = 2> <Width = 32> <Depth = 512> <RAM>
ST_2 : Operation 74 [1/2] (1.23ns)   --->   "%ping_2_load = load i9 %ping_2_addr" [hls-design/ntt-kernel.cpp:174]   --->   Operation 74 'load' 'ping_2_load' <Predicate = (use_ping_as_input_read)> <Delay = 1.23> <CoreInst = "RAM_2P_BRAM">   --->   Core 94 'RAM_2P_BRAM' <Latency = 1> <II = 1> <Delay = 1.23> <Storage> <Opcode : 'load' 'store'> <Ports = 2> <Width = 32> <Depth = 512> <RAM>
ST_2 : Operation 75 [1/2] (1.23ns)   --->   "%ping_3_load = load i9 %ping_3_addr" [hls-design/ntt-kernel.cpp:174]   --->   Operation 75 'load' 'ping_3_load' <Predicate = (use_ping_as_input_read)> <Delay = 1.23> <CoreInst = "RAM_2P_BRAM">   --->   Core 94 'RAM_2P_BRAM' <Latency = 1> <II = 1> <Delay = 1.23> <Storage> <Opcode : 'load' 'store'> <Ports = 2> <Width = 32> <Depth = 512> <RAM>
ST_2 : Operation 76 [1/2] (1.23ns)   --->   "%ping_4_load = load i9 %ping_4_addr" [hls-design/ntt-kernel.cpp:174]   --->   Operation 76 'load' 'ping_4_load' <Predicate = (use_ping_as_input_read)> <Delay = 1.23> <CoreInst = "RAM_2P_BRAM">   --->   Core 94 'RAM_2P_BRAM' <Latency = 1> <II = 1> <Delay = 1.23> <Storage> <Opcode : 'load' 'store'> <Ports = 2> <Width = 32> <Depth = 512> <RAM>
ST_2 : Operation 77 [1/2] (1.23ns)   --->   "%ping_5_load = load i9 %ping_5_addr" [hls-design/ntt-kernel.cpp:174]   --->   Operation 77 'load' 'ping_5_load' <Predicate = (use_ping_as_input_read)> <Delay = 1.23> <CoreInst = "RAM_2P_BRAM">   --->   Core 94 'RAM_2P_BRAM' <Latency = 1> <II = 1> <Delay = 1.23> <Storage> <Opcode : 'load' 'store'> <Ports = 2> <Width = 32> <Depth = 512> <RAM>
ST_2 : Operation 78 [1/2] (1.23ns)   --->   "%ping_6_load = load i9 %ping_6_addr" [hls-design/ntt-kernel.cpp:174]   --->   Operation 78 'load' 'ping_6_load' <Predicate = (use_ping_as_input_read)> <Delay = 1.23> <CoreInst = "RAM_2P_BRAM">   --->   Core 94 'RAM_2P_BRAM' <Latency = 1> <II = 1> <Delay = 1.23> <Storage> <Opcode : 'load' 'store'> <Ports = 2> <Width = 32> <Depth = 512> <RAM>
ST_2 : Operation 79 [1/2] (1.23ns)   --->   "%ping_7_load = load i9 %ping_7_addr" [hls-design/ntt-kernel.cpp:174]   --->   Operation 79 'load' 'ping_7_load' <Predicate = (use_ping_as_input_read)> <Delay = 1.23> <CoreInst = "RAM_2P_BRAM">   --->   Core 94 'RAM_2P_BRAM' <Latency = 1> <II = 1> <Delay = 1.23> <Storage> <Opcode : 'load' 'store'> <Ports = 2> <Width = 32> <Depth = 512> <RAM>
ST_2 : Operation 80 [1/1] (0.72ns)   --->   "%tmp = sparsemux i32 @_ssdm_op_SparseMux.ap_auto.8i32.i32.i3, i3 0, i32 %ping_load, i3 1, i32 %ping_1_load, i3 2, i32 %ping_2_load, i3 3, i32 %ping_3_load, i3 4, i32 %ping_4_load, i3 5, i32 %ping_5_load, i3 6, i32 %ping_6_load, i3 7, i32 %ping_7_load, i32 0, i3 %trunc_ln170" [hls-design/ntt-kernel.cpp:174]   --->   Operation 80 'sparsemux' 'tmp' <Predicate = (use_ping_as_input_read)> <Delay = 0.72> <CoreInst = "SparseMux">   --->   Core 147 'SparseMux' <Latency = 0> <II = 1> <Delay = 0.72> <FuncUnit> <Opcode : 'sparsemux'> <InPorts = 2> <OutPorts = 1>
ST_2 : Operation 81 [1/2] (1.23ns)   --->   "%pong_load = load i9 %pong_addr" [hls-design/ntt-kernel.cpp:176]   --->   Operation 81 'load' 'pong_load' <Predicate = (!use_ping_as_input_read)> <Delay = 1.23> <CoreInst = "RAM_2P_BRAM">   --->   Core 94 'RAM_2P_BRAM' <Latency = 1> <II = 1> <Delay = 1.23> <Storage> <Opcode : 'load' 'store'> <Ports = 2> <Width = 32> <Depth = 512> <RAM>
ST_2 : Operation 82 [1/2] (1.23ns)   --->   "%pong_1_load = load i9 %pong_1_addr" [hls-design/ntt-kernel.cpp:176]   --->   Operation 82 'load' 'pong_1_load' <Predicate = (!use_ping_as_input_read)> <Delay = 1.23> <CoreInst = "RAM_2P_BRAM">   --->   Core 94 'RAM_2P_BRAM' <Latency = 1> <II = 1> <Delay = 1.23> <Storage> <Opcode : 'load' 'store'> <Ports = 2> <Width = 32> <Depth = 512> <RAM>
ST_2 : Operation 83 [1/2] (1.23ns)   --->   "%pong_2_load = load i9 %pong_2_addr" [hls-design/ntt-kernel.cpp:176]   --->   Operation 83 'load' 'pong_2_load' <Predicate = (!use_ping_as_input_read)> <Delay = 1.23> <CoreInst = "RAM_2P_BRAM">   --->   Core 94 'RAM_2P_BRAM' <Latency = 1> <II = 1> <Delay = 1.23> <Storage> <Opcode : 'load' 'store'> <Ports = 2> <Width = 32> <Depth = 512> <RAM>
ST_2 : Operation 84 [1/2] (1.23ns)   --->   "%pong_3_load = load i9 %pong_3_addr" [hls-design/ntt-kernel.cpp:176]   --->   Operation 84 'load' 'pong_3_load' <Predicate = (!use_ping_as_input_read)> <Delay = 1.23> <CoreInst = "RAM_2P_BRAM">   --->   Core 94 'RAM_2P_BRAM' <Latency = 1> <II = 1> <Delay = 1.23> <Storage> <Opcode : 'load' 'store'> <Ports = 2> <Width = 32> <Depth = 512> <RAM>
ST_2 : Operation 85 [1/2] (1.23ns)   --->   "%pong_4_load = load i9 %pong_4_addr" [hls-design/ntt-kernel.cpp:176]   --->   Operation 85 'load' 'pong_4_load' <Predicate = (!use_ping_as_input_read)> <Delay = 1.23> <CoreInst = "RAM_2P_BRAM">   --->   Core 94 'RAM_2P_BRAM' <Latency = 1> <II = 1> <Delay = 1.23> <Storage> <Opcode : 'load' 'store'> <Ports = 2> <Width = 32> <Depth = 512> <RAM>
ST_2 : Operation 86 [1/2] (1.23ns)   --->   "%pong_5_load = load i9 %pong_5_addr" [hls-design/ntt-kernel.cpp:176]   --->   Operation 86 'load' 'pong_5_load' <Predicate = (!use_ping_as_input_read)> <Delay = 1.23> <CoreInst = "RAM_2P_BRAM">   --->   Core 94 'RAM_2P_BRAM' <Latency = 1> <II = 1> <Delay = 1.23> <Storage> <Opcode : 'load' 'store'> <Ports = 2> <Width = 32> <Depth = 512> <RAM>
ST_2 : Operation 87 [1/2] (1.23ns)   --->   "%pong_6_load = load i9 %pong_6_addr" [hls-design/ntt-kernel.cpp:176]   --->   Operation 87 'load' 'pong_6_load' <Predicate = (!use_ping_as_input_read)> <Delay = 1.23> <CoreInst = "RAM_2P_BRAM">   --->   Core 94 'RAM_2P_BRAM' <Latency = 1> <II = 1> <Delay = 1.23> <Storage> <Opcode : 'load' 'store'> <Ports = 2> <Width = 32> <Depth = 512> <RAM>
ST_2 : Operation 88 [1/2] (1.23ns)   --->   "%pong_7_load = load i9 %pong_7_addr" [hls-design/ntt-kernel.cpp:176]   --->   Operation 88 'load' 'pong_7_load' <Predicate = (!use_ping_as_input_read)> <Delay = 1.23> <CoreInst = "RAM_2P_BRAM">   --->   Core 94 'RAM_2P_BRAM' <Latency = 1> <II = 1> <Delay = 1.23> <Storage> <Opcode : 'load' 'store'> <Ports = 2> <Width = 32> <Depth = 512> <RAM>
ST_2 : Operation 89 [1/1] (0.72ns)   --->   "%tmp_1 = sparsemux i32 @_ssdm_op_SparseMux.ap_auto.8i32.i32.i3, i3 0, i32 %pong_load, i3 1, i32 %pong_1_load, i3 2, i32 %pong_2_load, i3 3, i32 %pong_3_load, i3 4, i32 %pong_4_load, i3 5, i32 %pong_5_load, i3 6, i32 %pong_6_load, i3 7, i32 %pong_7_load, i32 0, i3 %trunc_ln170" [hls-design/ntt-kernel.cpp:176]   --->   Operation 89 'sparsemux' 'tmp_1' <Predicate = (!use_ping_as_input_read)> <Delay = 0.72> <CoreInst = "SparseMux">   --->   Core 147 'SparseMux' <Latency = 0> <II = 1> <Delay = 0.72> <FuncUnit> <Opcode : 'sparsemux'> <InPorts = 2> <OutPorts = 1>
ST_2 : Operation 90 [1/1] (0.44ns)   --->   "%storereflowmerge = select i1 %use_ping_as_input_read, i32 %tmp, i32 %tmp_1" [hls-design/ntt-kernel.cpp:174]   --->   Operation 90 'select' 'storereflowmerge' <Predicate = true> <Delay = 0.44> <CoreInst = "Sel">   --->   Core 73 'Sel' <Latency = 0> <II = 1> <Delay = 0.44> <FuncUnit> <Opcode : 'select'> <InPorts = 3> <OutPorts = 1>
ST_2 : Operation 97 [1/1] (0.00ns)   --->   "%ret_ln0 = ret"   --->   Operation 97 'ret' 'ret_ln0' <Predicate = (!icmp_ln170)> <Delay = 0.00>

State 3 <SV = 2> <Delay = 7.30>
ST_3 : Operation 91 [1/1] (0.00ns)   --->   "%gmem0_addr = getelementptr i32 %gmem0, i64 %sext_ln170_cast" [hls-design/ntt-kernel.cpp:170]   --->   Operation 91 'getelementptr' 'gmem0_addr' <Predicate = true> <Delay = 0.00>
ST_3 : Operation 92 [1/1] (0.00ns)   --->   "%specpipeline_ln171 = specpipeline void @_ssdm_op_SpecPipeline, i32 1, i32 0, i32 0, i32 0, void @empty_14" [hls-design/ntt-kernel.cpp:171]   --->   Operation 92 'specpipeline' 'specpipeline_ln171' <Predicate = true> <Delay = 0.00>
ST_3 : Operation 93 [1/1] (0.00ns)   --->   "%speclooptripcount_ln172 = speclooptripcount void @_ssdm_op_SpecLoopTripCount, i64 256, i64 4096, i64 2176" [hls-design/ntt-kernel.cpp:172]   --->   Operation 93 'speclooptripcount' 'speclooptripcount_ln172' <Predicate = true> <Delay = 0.00>
ST_3 : Operation 94 [1/1] (0.00ns)   --->   "%specloopname_ln170 = specloopname void @_ssdm_op_SpecLoopName, void @empty_36" [hls-design/ntt-kernel.cpp:170]   --->   Operation 94 'specloopname' 'specloopname_ln170' <Predicate = true> <Delay = 0.00>
ST_3 : Operation 95 [1/1] (7.30ns)   --->   "%write_ln170 = write void @_ssdm_op_Write.m_axi.p1i32, i32 %gmem0_addr, i32 %storereflowmerge, i4 15" [hls-design/ntt-kernel.cpp:170]   --->   Operation 95 'write' 'write_ln170' <Predicate = true> <Delay = 7.30> <CoreInst = "m_axi">   --->   Core 121 'm_axi' <Latency = 0> <II = 1> <Delay = 1.00> <Adapter> <Opcode : 'read' 'write' 'readreq' 'writereq' 'writeresp'>
ST_3 : Operation 96 [1/1] (0.00ns)   --->   "%br_ln170 = br void %for.body96" [hls-design/ntt-kernel.cpp:170]   --->   Operation 96 'br' 'br_ln170' <Predicate = true> <Delay = 0.00>


============================================================
+ Verbose Summary: Timing violations
============================================================
Target clock period: 10.000ns, clock uncertainty: 2.700ns.

 <State 1>: 1.870ns
The critical path consists of the following:
	'store' operation 0 bit ('store_ln170', hls-design/ntt-kernel.cpp:170) of constant 0 on local variable 'i', hls-design/ntt-kernel.cpp:170 [43]  (0.427 ns)
	'load' operation 13 bit ('i', hls-design/ntt-kernel.cpp:170) on local variable 'i', hls-design/ntt-kernel.cpp:170 [46]  (0.000 ns)
	'icmp' operation 1 bit ('icmp_ln170', hls-design/ntt-kernel.cpp:170) [49]  (1.016 ns)
	'store' operation 0 bit ('store_ln170', hls-design/ntt-kernel.cpp:170) of variable 'add_ln170', hls-design/ntt-kernel.cpp:170 on local variable 'i', hls-design/ntt-kernel.cpp:170 [96]  (0.427 ns)

 <State 2>: 2.407ns
The critical path consists of the following:
	'load' operation 32 bit ('ping_load', hls-design/ntt-kernel.cpp:174) on array 'ping' [68]  (1.237 ns)
	'sparsemux' operation 32 bit ('tmp', hls-design/ntt-kernel.cpp:174) [76]  (0.721 ns)
	'select' operation 32 bit ('storereflowmerge', hls-design/ntt-kernel.cpp:174) [94]  (0.449 ns)

 <State 3>: 7.300ns
The critical path consists of the following:
	'getelementptr' operation 32 bit ('gmem0_addr', hls-design/ntt-kernel.cpp:170) [53]  (0.000 ns)
	bus write operation ('write_ln170', hls-design/ntt-kernel.cpp:170) on port 'gmem0' (hls-design/ntt-kernel.cpp:170) [95]  (7.300 ns)


============================================================
+ Verbose Summary: Binding
============================================================
N/A
* FSMD analyzer results:
  - Output states:
 - Input state : 
  - Chain level:
	State 1
	State 2
	State 3


============================================================
+ Verbose Summary: Datapath Resource usage 
============================================================
N/A
