

================================================================
== Vitis HLS Report for 'ntt_kernel_Pipeline_BUTTERFLY_LOOP'
================================================================
* Date:           Thu May 28 14:13:15 2026

* Version:        2023.2 (Build 4023990 on Oct 11 2023)
* Project:        hls-design
* Solution:       ntt-asic (Vivado IP Flow Target)
* Product family: zynquplus
* Target device:  xck26-sfvc784-2LV-c


================================================================
== Performance Estimates
================================================================
+ Timing: 
    * Summary: 
    +--------+----------+----------+------------+
    |  Clock |  Target  | Estimated| Uncertainty|
    +--------+----------+----------+------------+
    |ap_clk  |  10.00 ns|  7.300 ns|     2.70 ns|
    +--------+----------+----------+------------+

+ Latency: 
    * Summary: 
    +---------+---------+-----------+----------+-----+-------+---------+
    |  Latency (cycles) |  Latency (absolute)  |   Interval  | Pipeline|
    |   min   |   max   |    min    |    max   | min |  max  |   Type  |
    +---------+---------+-----------+----------+-----+-------+---------+
    |        9|    98310|  90.000 ns|  0.983 ms|    9|  98310|       no|
    +---------+---------+-----------+----------+-----+-------+---------+

    + Detail: 
        * Instance: 
        N/A

        * Loop: 
        +------------------+---------+---------+----------+-----------+-----------+-----------+----------+
        |                  |  Latency (cycles) | Iteration|  Initiation Interval  |    Trip   |          |
        |     Loop Name    |   min   |   max   |  Latency |  achieved |   target  |   Count   | Pipelined|
        +------------------+---------+---------+----------+-----------+-----------+-----------+----------+
        |- BUTTERFLY_LOOP  |        7|    98308|         8|          3|          1|  1 ~ 32768|       yes|
        +------------------+---------+---------+----------+-----------+-----------+-----------+----------+

============================================================
+ Verbose Summary: Synthesis Manager
============================================================
InlineROM: 1
ExposeGlobal: 0
============================================================
+ Verbose Summary: CDFG Model
============================================================
IsTopModel: 0
ResetActiveHigh: 1
IsCombinational: 0
IsDatapathOnly: 0
HasWiredReturn: 1
HasMFsm: 2
HasVarLatency: 1
IsPipeline: 0
IsRtlPipelined: 0
IsInstanceOverlapped: 0
IsDontTouch: 0
HasImplIP: 0
IsGatedGlobalClock: 0

+ Individual pipeline summary: 
  * Pipeline-0: initiation interval (II) = 3, depth = 8


============================================================
+ Verbose Summary: Schedule
============================================================
* Number of FSM states : 8
* Pipeline : 1
  Pipeline-0 : II = 3, D = 8, States = { 1 2 3 4 5 6 7 8 }
* Dataflow Pipeline: 0

* FSM state transitions: 
1 --> 2 
2 --> 3 
3 --> 4 
4 --> 5 
5 --> 6 
6 --> 7 
7 --> 8 
8 --> 

* FSM state operations: 

State 1 <SV = 0> <Delay = 2.35>
ST_1 : Operation 11 [1/1] (0.00ns)   --->   "%j = alloca i32 1" [hls-design/ntt-kernel.cpp:85]   --->   Operation 11 'alloca' 'j' <Predicate = true> <Delay = 0.00>
ST_1 : Operation 12 [1/1] (0.00ns)   --->   "%q_read = read i32 @_ssdm_op_Read.ap_auto.i32, i32 %q"   --->   Operation 12 'read' 'q_read' <Predicate = true> <Delay = 0.00>
ST_1 : Operation 13 [1/1] (0.00ns)   --->   "%conv5_i_read = read i32 @_ssdm_op_Read.ap_auto.i32, i32 %conv5_i"   --->   Operation 13 'read' 'conv5_i_read' <Predicate = true> <Delay = 0.00>
ST_1 : Operation 14 [1/1] (0.00ns)   --->   "%q_inv_read = read i32 @_ssdm_op_Read.ap_auto.i32, i32 %q_inv"   --->   Operation 14 'read' 'q_inv_read' <Predicate = true> <Delay = 0.00>
ST_1 : Operation 15 [1/1] (0.00ns)   --->   "%tmp = read i16 @_ssdm_op_Read.ap_auto.i16, i16 %empty"   --->   Operation 15 'read' 'tmp' <Predicate = true> <Delay = 0.00>
ST_1 : Operation 16 [1/1] (0.00ns)   --->   "%tmp_1 = read i16 @_ssdm_op_Read.ap_auto.i16, i16 %empty_23"   --->   Operation 16 'read' 'tmp_1' <Predicate = true> <Delay = 0.00>
ST_1 : Operation 17 [1/1] (0.00ns)   --->   "%sext_ln85_read = read i62 @_ssdm_op_Read.ap_auto.i62, i62 %sext_ln85"   --->   Operation 17 'read' 'sext_ln85_read' <Predicate = true> <Delay = 0.00>
ST_1 : Operation 18 [1/1] (0.00ns)   --->   "%length_read = read i32 @_ssdm_op_Read.ap_auto.i32, i32 %length_r"   --->   Operation 18 'read' 'length_read' <Predicate = true> <Delay = 0.00>
ST_1 : Operation 19 [1/1] (0.00ns)   --->   "%conv5_i_cast = zext i32 %conv5_i_read"   --->   Operation 19 'zext' 'conv5_i_cast' <Predicate = true> <Delay = 0.00>
ST_1 : Operation 20 [1/1] (0.00ns)   --->   "%sext_ln85_cast = sext i62 %sext_ln85_read"   --->   Operation 20 'sext' 'sext_ln85_cast' <Predicate = true> <Delay = 0.00>
ST_1 : Operation 21 [1/1] (0.00ns)   --->   "%specmemcore_ln0 = specmemcore void @_ssdm_op_SpecMemCore, i32 %local_x, i64 666, i64 22, i64 18446744073709551615"   --->   Operation 21 'specmemcore' 'specmemcore_ln0' <Predicate = true> <Delay = 0.00>
ST_1 : Operation 22 [1/1] (0.00ns)   --->   "%specinterface_ln0 = specinterface void @_ssdm_op_SpecInterface, i32 %gmem2, void @empty_10, i32 0, i32 0, void @empty, i32 0, i32 65535, void @empty_3, void @empty_1, void @empty, i32 16, i32 16, i32 16, i32 16, void @empty, void @empty, i32 4294967295, i32 0"   --->   Operation 22 'specinterface' 'specinterface_ln0' <Predicate = true> <Delay = 0.00>
ST_1 : Operation 23 [1/1] (0.42ns)   --->   "%store_ln85 = store i32 0, i32 %j" [hls-design/ntt-kernel.cpp:85]   --->   Operation 23 'store' 'store_ln85' <Predicate = true> <Delay = 0.42>
ST_1 : Operation 24 [1/1] (0.00ns)   --->   "%br_ln0 = br void %for.body21"   --->   Operation 24 'br' 'br_ln0' <Predicate = true> <Delay = 0.00>
ST_1 : Operation 25 [1/1] (0.00ns)   --->   "%j_1 = load i32 %j" [hls-design/ntt-kernel.cpp:85]   --->   Operation 25 'load' 'j_1' <Predicate = true> <Delay = 0.00>
ST_1 : Operation 26 [1/1] (0.00ns)   --->   "%specbitsmap_ln0 = specbitsmap void @_ssdm_op_SpecBitsMap, i32 %gmem2"   --->   Operation 26 'specbitsmap' 'specbitsmap_ln0' <Predicate = true> <Delay = 0.00>
ST_1 : Operation 27 [1/1] (1.01ns)   --->   "%icmp_ln85 = icmp_eq  i32 %j_1, i32 %length_read" [hls-design/ntt-kernel.cpp:85]   --->   Operation 27 'icmp' 'icmp_ln85' <Predicate = true> <Delay = 1.01> <CoreInst = "Cmp">   --->   Core 9 'Cmp' <Latency = 0> <II = 1> <Delay = 1.01> <FuncUnit> <Opcode : 'icmp'> <InPorts = 2> <OutPorts = 1>
ST_1 : Operation 28 [1/1] (1.01ns)   --->   "%add_ln85 = add i32 %j_1, i32 1" [hls-design/ntt-kernel.cpp:85]   --->   Operation 28 'add' 'add_ln85' <Predicate = true> <Delay = 1.01> <CoreInst = "Adder">   --->   Core 1 'Adder' <Latency = 0> <II = 1> <Delay = 1.01> <FuncUnit> <Opcode : 'add' 'sub'> <InPorts = 2> <OutPorts = 1>
ST_1 : Operation 29 [1/1] (0.00ns)   --->   "%br_ln85 = br i1 %icmp_ln85, void %for.body21.split, void %for.inc44.loopexit.exitStub" [hls-design/ntt-kernel.cpp:85]   --->   Operation 29 'br' 'br_ln85' <Predicate = true> <Delay = 0.00>
ST_1 : Operation 30 [1/1] (0.00ns)   --->   "%trunc_ln85 = trunc i32 %j_1" [hls-design/ntt-kernel.cpp:85]   --->   Operation 30 'trunc' 'trunc_ln85' <Predicate = (!icmp_ln85)> <Delay = 0.00>
ST_1 : Operation 31 [1/1] (0.85ns)   --->   "%add_ln92 = add i16 %trunc_ln85, i16 %tmp_1" [hls-design/ntt-kernel.cpp:92]   --->   Operation 31 'add' 'add_ln92' <Predicate = (!icmp_ln85)> <Delay = 0.85> <CoreInst = "Adder">   --->   Core 1 'Adder' <Latency = 0> <II = 1> <Delay = 0.85> <FuncUnit> <Opcode : 'add' 'sub'> <InPorts = 2> <OutPorts = 1>
ST_1 : Operation 32 [1/1] (0.00ns) (grouped into TernaryAdder)   --->   "%add_ln93_1 = add i16 %trunc_ln85, i16 %tmp" [hls-design/ntt-kernel.cpp:93]   --->   Operation 32 'add' 'add_ln93_1' <Predicate = (!icmp_ln85)> <Delay = 0.00> <CoreInst = "TAddSub">   --->   Core 10 'TAddSub' <Latency = 0> <II = 1> <Delay = 0.34> <IPBlock> <Opcode : '' 'add' 'sub'> <InPorts = 3> <OutPorts = 1> <Sync> <CReg>
ST_1 : Operation 33 [1/1] (0.68ns) (root node of TernaryAdder)   --->   "%add_ln93 = add i16 %add_ln93_1, i16 %tmp_1" [hls-design/ntt-kernel.cpp:93]   --->   Operation 33 'add' 'add_ln93' <Predicate = (!icmp_ln85)> <Delay = 0.68> <CoreInst = "TAddSub">   --->   Core 10 'TAddSub' <Latency = 0> <II = 1> <Delay = 0.34> <IPBlock> <Opcode : '' 'add' 'sub'> <InPorts = 3> <OutPorts = 1> <Sync> <CReg>
ST_1 : Operation 34 [1/1] (0.00ns)   --->   "%zext_ln93 = zext i16 %add_ln93" [hls-design/ntt-kernel.cpp:93]   --->   Operation 34 'zext' 'zext_ln93' <Predicate = (!icmp_ln85)> <Delay = 0.00>
ST_1 : Operation 35 [1/1] (0.00ns)   --->   "%local_x_addr_1 = getelementptr i32 %local_x, i64 0, i64 %zext_ln93" [hls-design/ntt-kernel.cpp:93]   --->   Operation 35 'getelementptr' 'local_x_addr_1' <Predicate = (!icmp_ln85)> <Delay = 0.00>
ST_1 : Operation 36 [2/2] (1.23ns)   --->   "%v = load i16 %local_x_addr_1" [hls-design/ntt-kernel.cpp:93]   --->   Operation 36 'load' 'v' <Predicate = (!icmp_ln85)> <Delay = 1.23> <CoreInst = "RAM_2P_BRAM">   --->   Core 94 'RAM_2P_BRAM' <Latency = 1> <II = 1> <Delay = 1.23> <Storage> <Opcode : 'load' 'store'> <Ports = 2> <Width = 32> <Depth = 65536> <RAM>
ST_1 : Operation 37 [1/1] (0.42ns)   --->   "%store_ln85 = store i32 %add_ln85, i32 %j" [hls-design/ntt-kernel.cpp:85]   --->   Operation 37 'store' 'store_ln85' <Predicate = (!icmp_ln85)> <Delay = 0.42>

State 2 <SV = 1> <Delay = 7.30>
ST_2 : Operation 38 [1/1] (0.00ns)   --->   "%gmem2_addr = getelementptr i32 %gmem2, i64 %sext_ln85_cast" [hls-design/ntt-kernel.cpp:85]   --->   Operation 38 'getelementptr' 'gmem2_addr' <Predicate = (!icmp_ln85)> <Delay = 0.00>
ST_2 : Operation 39 [1/1] (7.30ns)   --->   "%twiddle = read i32 @_ssdm_op_Read.m_axi.p1i32, i32 %gmem2_addr" [hls-design/ntt-kernel.cpp:90]   --->   Operation 39 'read' 'twiddle' <Predicate = (!icmp_ln85)> <Delay = 7.30> <CoreInst = "m_axi">   --->   Core 121 'm_axi' <Latency = 0> <II = 1> <Delay = 1.00> <Adapter> <Opcode : 'read' 'write' 'readreq' 'writereq' 'writeresp'>
ST_2 : Operation 40 [1/2] (1.23ns)   --->   "%v = load i16 %local_x_addr_1" [hls-design/ntt-kernel.cpp:93]   --->   Operation 40 'load' 'v' <Predicate = (!icmp_ln85)> <Delay = 1.23> <CoreInst = "RAM_2P_BRAM">   --->   Core 94 'RAM_2P_BRAM' <Latency = 1> <II = 1> <Delay = 1.23> <Storage> <Opcode : 'load' 'store'> <Ports = 2> <Width = 32> <Depth = 65536> <RAM>

State 3 <SV = 2> <Delay = 3.42>
ST_3 : Operation 41 [1/1] (0.00ns)   --->   "%zext_ln26 = zext i32 %v" [hls-design/ntt-kernel.cpp:26->hls-design/ntt-kernel.cpp:95]   --->   Operation 41 'zext' 'zext_ln26' <Predicate = (!icmp_ln85)> <Delay = 0.00>
ST_3 : Operation 42 [1/1] (0.00ns)   --->   "%zext_ln26_1 = zext i32 %twiddle" [hls-design/ntt-kernel.cpp:26->hls-design/ntt-kernel.cpp:95]   --->   Operation 42 'zext' 'zext_ln26_1' <Predicate = (!icmp_ln85)> <Delay = 0.00>
ST_3 : Operation 43 [1/1] (3.42ns)   --->   "%ab = mul i64 %zext_ln26, i64 %zext_ln26_1" [hls-design/ntt-kernel.cpp:26->hls-design/ntt-kernel.cpp:95]   --->   Operation 43 'mul' 'ab' <Predicate = (!icmp_ln85)> <Delay = 3.42> <CoreInst = "Multiplier">   --->   Core 3 'Multiplier' <Latency = 0> <II = 1> <Delay = 3.42> <FuncUnit> <Opcode : 'mul'> <InPorts = 2> <OutPorts = 1>
ST_3 : Operation 44 [1/1] (0.00ns)   --->   "%ab_low = trunc i64 %ab" [hls-design/ntt-kernel.cpp:27->hls-design/ntt-kernel.cpp:95]   --->   Operation 44 'trunc' 'ab_low' <Predicate = (!icmp_ln85)> <Delay = 0.00>

State 4 <SV = 3> <Delay = 3.42>
ST_4 : Operation 45 [1/1] (0.00ns)   --->   "%zext_ln92 = zext i16 %add_ln92" [hls-design/ntt-kernel.cpp:92]   --->   Operation 45 'zext' 'zext_ln92' <Predicate = true> <Delay = 0.00>
ST_4 : Operation 46 [1/1] (0.00ns)   --->   "%local_x_addr = getelementptr i32 %local_x, i64 0, i64 %zext_ln92" [hls-design/ntt-kernel.cpp:92]   --->   Operation 46 'getelementptr' 'local_x_addr' <Predicate = true> <Delay = 0.00>
ST_4 : Operation 47 [2/2] (1.23ns)   --->   "%u = load i16 %local_x_addr" [hls-design/ntt-kernel.cpp:92]   --->   Operation 47 'load' 'u' <Predicate = true> <Delay = 1.23> <CoreInst = "RAM_2P_BRAM">   --->   Core 94 'RAM_2P_BRAM' <Latency = 1> <II = 1> <Delay = 1.23> <Storage> <Opcode : 'load' 'store'> <Ports = 2> <Width = 32> <Depth = 65536> <RAM>
ST_4 : Operation 48 [1/1] (3.42ns)   --->   "%m = mul i32 %ab_low, i32 %q_inv_read" [hls-design/ntt-kernel.cpp:28->hls-design/ntt-kernel.cpp:95]   --->   Operation 48 'mul' 'm' <Predicate = true> <Delay = 3.42> <CoreInst = "Multiplier">   --->   Core 3 'Multiplier' <Latency = 0> <II = 1> <Delay = 3.42> <FuncUnit> <Opcode : 'mul'> <InPorts = 2> <OutPorts = 1>

State 5 <SV = 4> <Delay = 4.50>
ST_5 : Operation 49 [1/2] (1.23ns)   --->   "%u = load i16 %local_x_addr" [hls-design/ntt-kernel.cpp:92]   --->   Operation 49 'load' 'u' <Predicate = true> <Delay = 1.23> <CoreInst = "RAM_2P_BRAM">   --->   Core 94 'RAM_2P_BRAM' <Latency = 1> <II = 1> <Delay = 1.23> <Storage> <Opcode : 'load' 'store'> <Ports = 2> <Width = 32> <Depth = 65536> <RAM>
ST_5 : Operation 50 [1/1] (0.00ns)   --->   "%zext_ln29 = zext i32 %m" [hls-design/ntt-kernel.cpp:29->hls-design/ntt-kernel.cpp:95]   --->   Operation 50 'zext' 'zext_ln29' <Predicate = true> <Delay = 0.00>
ST_5 : Operation 51 [1/1] (3.42ns)   --->   "%mq = mul i64 %zext_ln29, i64 %conv5_i_cast" [hls-design/ntt-kernel.cpp:29->hls-design/ntt-kernel.cpp:95]   --->   Operation 51 'mul' 'mq' <Predicate = true> <Delay = 3.42> <CoreInst = "Multiplier">   --->   Core 3 'Multiplier' <Latency = 0> <II = 1> <Delay = 3.42> <FuncUnit> <Opcode : 'mul'> <InPorts = 2> <OutPorts = 1>
ST_5 : Operation 52 [1/1] (1.08ns)   --->   "%add_ln30 = add i64 %mq, i64 %ab" [hls-design/ntt-kernel.cpp:30->hls-design/ntt-kernel.cpp:95]   --->   Operation 52 'add' 'add_ln30' <Predicate = true> <Delay = 1.08> <CoreInst = "Adder">   --->   Core 1 'Adder' <Latency = 0> <II = 1> <Delay = 1.08> <FuncUnit> <Opcode : 'add' 'sub'> <InPorts = 2> <OutPorts = 1>
ST_5 : Operation 53 [1/1] (0.00ns)   --->   "%t = partselect i32 @_ssdm_op_PartSelect.i32.i64.i32.i32, i64 %add_ln30, i32 32, i32 63" [hls-design/ntt-kernel.cpp:30->hls-design/ntt-kernel.cpp:95]   --->   Operation 53 'partselect' 't' <Predicate = true> <Delay = 0.00>
ST_5 : Operation 73 [1/1] (0.00ns)   --->   "%ret_ln0 = ret"   --->   Operation 73 'ret' 'ret_ln0' <Predicate = (icmp_ln85)> <Delay = 0.00>

State 6 <SV = 5> <Delay = 5.18>
ST_6 : Operation 54 [1/1] (1.01ns)   --->   "%icmp_ln31 = icmp_ult  i32 %t, i32 %q_read" [hls-design/ntt-kernel.cpp:31->hls-design/ntt-kernel.cpp:95]   --->   Operation 54 'icmp' 'icmp_ln31' <Predicate = true> <Delay = 1.01> <CoreInst = "Cmp">   --->   Core 9 'Cmp' <Latency = 0> <II = 1> <Delay = 1.01> <FuncUnit> <Opcode : 'icmp'> <InPorts = 2> <OutPorts = 1>
ST_6 : Operation 55 [1/1] (0.00ns) (grouped into LUT with out node t_1)   --->   "%xor_ln31 = xor i1 %icmp_ln31, i1 1" [hls-design/ntt-kernel.cpp:31->hls-design/ntt-kernel.cpp:95]   --->   Operation 55 'xor' 'xor_ln31' <Predicate = true> <Delay = 0.00> <CoreInst = "LogicGate">   --->   Core 74 'LogicGate' <Latency = 0> <II = 1> <Delay = 0.28> <FuncUnit> <Opcode : 'and' 'or' 'xor'> <InPorts = 2> <OutPorts = 1>
ST_6 : Operation 56 [1/1] (1.01ns)   --->   "%sub_ln31 = sub i32 %t, i32 %q_read" [hls-design/ntt-kernel.cpp:31->hls-design/ntt-kernel.cpp:95]   --->   Operation 56 'sub' 'sub_ln31' <Predicate = true> <Delay = 1.01> <CoreInst = "Adder">   --->   Core 1 'Adder' <Latency = 0> <II = 1> <Delay = 1.01> <FuncUnit> <Opcode : 'add' 'sub'> <InPorts = 2> <OutPorts = 1>
ST_6 : Operation 57 [1/1] (0.44ns) (out node of the LUT)   --->   "%t_1 = select i1 %xor_ln31, i32 %sub_ln31, i32 %t" [hls-design/ntt-kernel.cpp:31->hls-design/ntt-kernel.cpp:95]   --->   Operation 57 'select' 't_1' <Predicate = true> <Delay = 0.44> <CoreInst = "Sel">   --->   Core 73 'Sel' <Latency = 0> <II = 1> <Delay = 0.44> <FuncUnit> <Opcode : 'select'> <InPorts = 3> <OutPorts = 1>
ST_6 : Operation 58 [1/1] (1.01ns)   --->   "%res = add i32 %u, i32 %t_1" [hls-design/ntt-kernel.cpp:15->hls-design/ntt-kernel.cpp:96]   --->   Operation 58 'add' 'res' <Predicate = true> <Delay = 1.01> <CoreInst = "Adder">   --->   Core 1 'Adder' <Latency = 0> <II = 1> <Delay = 1.01> <FuncUnit> <Opcode : 'add' 'sub'> <InPorts = 2> <OutPorts = 1>
ST_6 : Operation 59 [1/1] (1.01ns)   --->   "%icmp_ln16 = icmp_ult  i32 %res, i32 %q_read" [hls-design/ntt-kernel.cpp:16->hls-design/ntt-kernel.cpp:96]   --->   Operation 59 'icmp' 'icmp_ln16' <Predicate = true> <Delay = 1.01> <CoreInst = "Cmp">   --->   Core 9 'Cmp' <Latency = 0> <II = 1> <Delay = 1.01> <FuncUnit> <Opcode : 'icmp'> <InPorts = 2> <OutPorts = 1>
ST_6 : Operation 60 [1/1] (0.00ns) (grouped into LUT with out node select_ln16)   --->   "%xor_ln16 = xor i1 %icmp_ln16, i1 1" [hls-design/ntt-kernel.cpp:16->hls-design/ntt-kernel.cpp:96]   --->   Operation 60 'xor' 'xor_ln16' <Predicate = true> <Delay = 0.00> <CoreInst = "LogicGate">   --->   Core 74 'LogicGate' <Latency = 0> <II = 1> <Delay = 0.28> <FuncUnit> <Opcode : 'and' 'or' 'xor'> <InPorts = 2> <OutPorts = 1>
ST_6 : Operation 61 [1/1] (1.01ns)   --->   "%sub_ln16 = sub i32 %res, i32 %q_read" [hls-design/ntt-kernel.cpp:16->hls-design/ntt-kernel.cpp:96]   --->   Operation 61 'sub' 'sub_ln16' <Predicate = true> <Delay = 1.01> <CoreInst = "Adder">   --->   Core 1 'Adder' <Latency = 0> <II = 1> <Delay = 1.01> <FuncUnit> <Opcode : 'add' 'sub'> <InPorts = 2> <OutPorts = 1>
ST_6 : Operation 62 [1/1] (0.44ns) (out node of the LUT)   --->   "%select_ln16 = select i1 %xor_ln16, i32 %sub_ln16, i32 %res" [hls-design/ntt-kernel.cpp:16->hls-design/ntt-kernel.cpp:96]   --->   Operation 62 'select' 'select_ln16' <Predicate = true> <Delay = 0.44> <CoreInst = "Sel">   --->   Core 73 'Sel' <Latency = 0> <II = 1> <Delay = 0.44> <FuncUnit> <Opcode : 'select'> <InPorts = 3> <OutPorts = 1>
ST_6 : Operation 63 [1/1] (1.23ns)   --->   "%store_ln96 = store i32 %select_ln16, i16 %local_x_addr" [hls-design/ntt-kernel.cpp:96]   --->   Operation 63 'store' 'store_ln96' <Predicate = true> <Delay = 1.23> <CoreInst = "RAM_2P_BRAM">   --->   Core 94 'RAM_2P_BRAM' <Latency = 1> <II = 1> <Delay = 1.23> <Storage> <Opcode : 'load' 'store'> <Ports = 2> <Width = 32> <Depth = 65536> <RAM>
ST_6 : Operation 64 [1/1] (1.01ns)   --->   "%icmp_ln21 = icmp_ult  i32 %u, i32 %t_1" [hls-design/ntt-kernel.cpp:21->hls-design/ntt-kernel.cpp:97]   --->   Operation 64 'icmp' 'icmp_ln21' <Predicate = true> <Delay = 1.01> <CoreInst = "Cmp">   --->   Core 9 'Cmp' <Latency = 0> <II = 1> <Delay = 1.01> <FuncUnit> <Opcode : 'icmp'> <InPorts = 2> <OutPorts = 1>
ST_6 : Operation 65 [1/1] (1.01ns)   --->   "%add_ln21 = add i32 %u, i32 %q_read" [hls-design/ntt-kernel.cpp:21->hls-design/ntt-kernel.cpp:97]   --->   Operation 65 'add' 'add_ln21' <Predicate = true> <Delay = 1.01> <CoreInst = "Adder">   --->   Core 1 'Adder' <Latency = 0> <II = 1> <Delay = 1.01> <FuncUnit> <Opcode : 'add' 'sub'> <InPorts = 2> <OutPorts = 1>
ST_6 : Operation 66 [1/1] (0.00ns) (grouped into LUT with out node sub_ln21)   --->   "%select_ln21 = select i1 %icmp_ln21, i32 %add_ln21, i32 %u" [hls-design/ntt-kernel.cpp:21->hls-design/ntt-kernel.cpp:97]   --->   Operation 66 'select' 'select_ln21' <Predicate = true> <Delay = 0.00> <CoreInst = "Sel">   --->   Core 73 'Sel' <Latency = 0> <II = 1> <Delay = 0.44> <FuncUnit> <Opcode : 'select'> <InPorts = 3> <OutPorts = 1>
ST_6 : Operation 67 [1/1] (1.01ns) (out node of the LUT)   --->   "%sub_ln21 = sub i32 %select_ln21, i32 %t_1" [hls-design/ntt-kernel.cpp:21->hls-design/ntt-kernel.cpp:97]   --->   Operation 67 'sub' 'sub_ln21' <Predicate = true> <Delay = 1.01> <CoreInst = "Adder">   --->   Core 1 'Adder' <Latency = 0> <II = 1> <Delay = 1.01> <FuncUnit> <Opcode : 'add' 'sub'> <InPorts = 2> <OutPorts = 1>

State 7 <SV = 6> <Delay = 0.00>

State 8 <SV = 7> <Delay = 1.23>
ST_8 : Operation 68 [1/1] (0.00ns)   --->   "%specpipeline_ln86 = specpipeline void @_ssdm_op_SpecPipeline, i32 1, i32 0, i32 0, i32 0, void @empty" [hls-design/ntt-kernel.cpp:86]   --->   Operation 68 'specpipeline' 'specpipeline_ln86' <Predicate = true> <Delay = 0.00>
ST_8 : Operation 69 [1/1] (0.00ns)   --->   "%speclooptripcount_ln87 = speclooptripcount void @_ssdm_op_SpecLoopTripCount, i64 1, i64 32768, i64 16384" [hls-design/ntt-kernel.cpp:87]   --->   Operation 69 'speclooptripcount' 'speclooptripcount_ln87' <Predicate = true> <Delay = 0.00>
ST_8 : Operation 70 [1/1] (0.00ns)   --->   "%specloopname_ln85 = specloopname void @_ssdm_op_SpecLoopName, void @empty_4" [hls-design/ntt-kernel.cpp:85]   --->   Operation 70 'specloopname' 'specloopname_ln85' <Predicate = true> <Delay = 0.00>
ST_8 : Operation 71 [1/1] (1.23ns)   --->   "%store_ln97 = store i32 %sub_ln21, i16 %local_x_addr_1" [hls-design/ntt-kernel.cpp:97]   --->   Operation 71 'store' 'store_ln97' <Predicate = true> <Delay = 1.23> <CoreInst = "RAM_2P_BRAM">   --->   Core 94 'RAM_2P_BRAM' <Latency = 1> <II = 1> <Delay = 1.23> <Storage> <Opcode : 'load' 'store'> <Ports = 2> <Width = 32> <Depth = 65536> <RAM>
ST_8 : Operation 72 [1/1] (0.00ns)   --->   "%br_ln85 = br void %for.body21" [hls-design/ntt-kernel.cpp:85]   --->   Operation 72 'br' 'br_ln85' <Predicate = true> <Delay = 0.00>


============================================================
+ Verbose Summary: Timing violations
============================================================
Target clock period: 10.000ns, clock uncertainty: 2.700ns.

 <State 1>: 2.351ns
The critical path consists of the following:
	'store' operation 0 bit ('store_ln85', hls-design/ntt-kernel.cpp:85) of constant 0 on local variable 'j', hls-design/ntt-kernel.cpp:85 [22]  (0.427 ns)
	'load' operation 32 bit ('j', hls-design/ntt-kernel.cpp:85) on local variable 'j', hls-design/ntt-kernel.cpp:85 [25]  (0.000 ns)
	'add' operation 16 bit ('add_ln93_1', hls-design/ntt-kernel.cpp:93) [41]  (0.000 ns)
	'add' operation 16 bit ('add_ln93', hls-design/ntt-kernel.cpp:93) [42]  (0.687 ns)
	'getelementptr' operation 16 bit ('local_x_addr_1', hls-design/ntt-kernel.cpp:93) [44]  (0.000 ns)
	'load' operation 32 bit ('v', hls-design/ntt-kernel.cpp:93) on array 'local_x' [45]  (1.237 ns)

 <State 2>: 7.300ns
The critical path consists of the following:
	'getelementptr' operation 32 bit ('gmem2_addr', hls-design/ntt-kernel.cpp:85) [31]  (0.000 ns)
	bus read operation ('twiddle', hls-design/ntt-kernel.cpp:90) on port 'gmem2' (hls-design/ntt-kernel.cpp:90) [36]  (7.300 ns)

 <State 3>: 3.420ns
The critical path consists of the following:
	'mul' operation 64 bit ('ab', hls-design/ntt-kernel.cpp:26->hls-design/ntt-kernel.cpp:95) [48]  (3.420 ns)

 <State 4>: 3.420ns
The critical path consists of the following:
	'mul' operation 32 bit ('m', hls-design/ntt-kernel.cpp:28->hls-design/ntt-kernel.cpp:95) [50]  (3.420 ns)

 <State 5>: 4.505ns
The critical path consists of the following:
	'mul' operation 64 bit ('mq', hls-design/ntt-kernel.cpp:29->hls-design/ntt-kernel.cpp:95) [52]  (3.420 ns)
	'add' operation 64 bit ('add_ln30', hls-design/ntt-kernel.cpp:30->hls-design/ntt-kernel.cpp:95) [53]  (1.085 ns)

 <State 6>: 5.183ns
The critical path consists of the following:
	'icmp' operation 1 bit ('icmp_ln31', hls-design/ntt-kernel.cpp:31->hls-design/ntt-kernel.cpp:95) [55]  (1.016 ns)
	'xor' operation 1 bit ('xor_ln31', hls-design/ntt-kernel.cpp:31->hls-design/ntt-kernel.cpp:95) [56]  (0.000 ns)
	'select' operation 32 bit ('t', hls-design/ntt-kernel.cpp:31->hls-design/ntt-kernel.cpp:95) [58]  (0.449 ns)
	'add' operation 32 bit ('res', hls-design/ntt-kernel.cpp:15->hls-design/ntt-kernel.cpp:96) [59]  (1.016 ns)
	'icmp' operation 1 bit ('icmp_ln16', hls-design/ntt-kernel.cpp:16->hls-design/ntt-kernel.cpp:96) [60]  (1.016 ns)
	'xor' operation 1 bit ('xor_ln16', hls-design/ntt-kernel.cpp:16->hls-design/ntt-kernel.cpp:96) [61]  (0.000 ns)
	'select' operation 32 bit ('select_ln16', hls-design/ntt-kernel.cpp:16->hls-design/ntt-kernel.cpp:96) [63]  (0.449 ns)
	'store' operation 0 bit ('store_ln96', hls-design/ntt-kernel.cpp:96) of variable 'select_ln16', hls-design/ntt-kernel.cpp:16->hls-design/ntt-kernel.cpp:96 on array 'local_x' [64]  (1.237 ns)

 <State 7>: 0.000ns
The critical path consists of the following:

 <State 8>: 1.237ns
The critical path consists of the following:
	'store' operation 0 bit ('store_ln97', hls-design/ntt-kernel.cpp:97) of variable 'sub_ln21', hls-design/ntt-kernel.cpp:21->hls-design/ntt-kernel.cpp:97 on array 'local_x' [69]  (1.237 ns)


============================================================
+ Verbose Summary: Binding
============================================================
N/A
* FSMD analyzer results:
  - Output states:
 - Input state : 
  - Chain level:
	State 1
	State 2
	State 3
	State 4
	State 5
	State 6
	State 7
	State 8


============================================================
+ Verbose Summary: Datapath Resource usage 
============================================================
N/A
