

================================================================
== Vitis HLS Report for 'ntt_kernel'
================================================================
* Date:           Mon Jun  1 21:40:40 2026

* Version:        2023.2 (Build 4023990 on Oct 11 2023)
* Project:        hls-design
* Solution:       ntt-asic (Vivado IP Flow Target)
* Product family: zynquplus
* Target device:  xck26-sfvc784-2LV-c


================================================================
== Performance Estimates
================================================================
+ Timing: 
    * Summary: 
    +--------+----------+----------+------------+
    |  Clock |  Target  | Estimated| Uncertainty|
    +--------+----------+----------+------------+
    |ap_clk  |  10.00 ns|  7.300 ns|     2.70 ns|
    +--------+----------+----------+------------+

+ Latency: 
    * Summary: 
    +---------+---------+-----------+-----------+------+---------+---------+
    |  Latency (cycles) |   Latency (absolute)  |    Interval    | Pipeline|
    |   min   |   max   |    min    |    max    |  min |   max   |   Type  |
    +---------+---------+-----------+-----------+------+---------+---------+
    |     2208|  5313790|  22.080 us|  53.138 ms|  2209|  5313791|       no|
    +---------+---------+-----------+-----------+------+---------+---------+

    + Detail: 
        * Instance: 
        N/A

        * Loop: 
        +---------------+---------+---------+---------------+-----------+-----------+--------+----------+
        |               |  Latency (cycles) |   Iteration   |  Initiation Interval  |  Trip  |          |
        |   Loop Name   |   min   |   max   |    Latency    |  achieved |   target  |  Count | Pipelined|
        +---------------+---------+---------+---------------+-----------+-----------+--------+----------+
        |- BATCH_LOOP   |     1938|  5309680|  1938 ~ 331855|          -|          -|  1 ~ 16|        no|
        | + STAGE_LOOP  |     1668|   319536|   1668 ~ 26628|          -|          -|  1 ~ 12|        no|
        +---------------+---------+---------+---------------+-----------+-----------+--------+----------+

============================================================
+ Verbose Summary: Synthesis Manager
============================================================
InlineROM: 1
ExposeGlobal: 0
============================================================
+ Verbose Summary: CDFG Model
============================================================
IsTopModel: 1
ResetActiveHigh: 1
IsCombinational: 0
IsDatapathOnly: 0
HasWiredReturn: 1
HasMFsm: 0
HasVarLatency: 1
IsPipeline: 0
IsRtlPipelined: 0
IsInstanceOverlapped: 0
IsDontTouch: 0
HasImplIP: 0
IsGatedGlobalClock: 0


============================================================
+ Verbose Summary: Schedule
============================================================
* Number of FSM states : 34
* Pipeline : 0
* Dataflow Pipeline: 0

* FSM state transitions: 
1 --> 2 
2 --> 3 
3 --> 4 
4 --> 5 
5 --> 6 
6 --> 7 
7 --> 8 
8 --> 9 
9 --> 10 
10 --> 11 
11 --> 12 
12 --> 13 24 
13 --> 14 
14 --> 15 
15 --> 16 
16 --> 17 
17 --> 18 
18 --> 19 
19 --> 20 
20 --> 21 
21 --> 22 
22 --> 23 
23 --> 24 
24 --> 25 
25 --> 26 27 
26 --> 25 
27 --> 28 
28 --> 29 
29 --> 30 
30 --> 31 
31 --> 32 
32 --> 33 
33 --> 34 
34 --> 12 

* FSM state operations: 

State 1 <SV = 0> <Delay = 3.45>
ST_1 : Operation 35 [1/1] (0.00ns)   --->   "%phi_mul = alloca i32 1"   --->   Operation 35 'alloca' 'phi_mul' <Predicate = true> <Delay = 0.00>
ST_1 : Operation 36 [1/1] (0.00ns)   --->   "%b = alloca i32 1" [hls-design/ntt-kernel.cpp:97]   --->   Operation 36 'alloca' 'b' <Predicate = true> <Delay = 0.00>
ST_1 : Operation 37 [1/1] (1.00ns)   --->   "%n_read = read i32 @_ssdm_op_Read.s_axilite.i32, i32 %n" [hls-design/ntt-kernel.cpp:51]   --->   Operation 37 'read' 'n_read' <Predicate = true> <Delay = 1.00> <CoreInst = "s_axilite">   --->   Core 122 's_axilite' <Latency = 0> <II = 1> <Delay = 1.00> <Adapter> <Opcode : 'read' 'write'>
ST_1 : Operation 38 [1/1] (1.00ns)   --->   "%batch_size_read = read i32 @_ssdm_op_Read.s_axilite.i32, i32 %batch_size" [hls-design/ntt-kernel.cpp:51]   --->   Operation 38 'read' 'batch_size_read' <Predicate = true> <Delay = 1.00> <CoreInst = "s_axilite">   --->   Core 122 's_axilite' <Latency = 0> <II = 1> <Delay = 1.00> <Adapter> <Opcode : 'read' 'write'>
ST_1 : Operation 39 [1/1] (1.00ns)   --->   "%q_inv_read = read i32 @_ssdm_op_Read.s_axilite.i32, i32 %q_inv" [hls-design/ntt-kernel.cpp:51]   --->   Operation 39 'read' 'q_inv_read' <Predicate = true> <Delay = 1.00> <CoreInst = "s_axilite">   --->   Core 122 's_axilite' <Latency = 0> <II = 1> <Delay = 1.00> <Adapter> <Opcode : 'read' 'write'>
ST_1 : Operation 40 [1/1] (1.00ns)   --->   "%q_read = read i32 @_ssdm_op_Read.s_axilite.i32, i32 %q" [hls-design/ntt-kernel.cpp:51]   --->   Operation 40 'read' 'q_read' <Predicate = true> <Delay = 1.00> <CoreInst = "s_axilite">   --->   Core 122 's_axilite' <Latency = 0> <II = 1> <Delay = 1.00> <Adapter> <Opcode : 'read' 'write'>
ST_1 : Operation 41 [1/1] (1.00ns)   --->   "%twiddles_read = read i64 @_ssdm_op_Read.s_axilite.i64, i64 %twiddles" [hls-design/ntt-kernel.cpp:51]   --->   Operation 41 'read' 'twiddles_read' <Predicate = true> <Delay = 1.00> <CoreInst = "s_axilite">   --->   Core 122 's_axilite' <Latency = 0> <II = 1> <Delay = 1.00> <Adapter> <Opcode : 'read' 'write'>
ST_1 : Operation 42 [1/1] (1.00ns)   --->   "%psi_powers_read = read i64 @_ssdm_op_Read.s_axilite.i64, i64 %psi_powers" [hls-design/ntt-kernel.cpp:51]   --->   Operation 42 'read' 'psi_powers_read' <Predicate = true> <Delay = 1.00> <CoreInst = "s_axilite">   --->   Core 122 's_axilite' <Latency = 0> <II = 1> <Delay = 1.00> <Adapter> <Opcode : 'read' 'write'>
ST_1 : Operation 43 [1/1] (1.00ns)   --->   "%x_read = read i64 @_ssdm_op_Read.s_axilite.i64, i64 %x" [hls-design/ntt-kernel.cpp:51]   --->   Operation 43 'read' 'x_read' <Predicate = true> <Delay = 1.00> <CoreInst = "s_axilite">   --->   Core 122 's_axilite' <Latency = 0> <II = 1> <Delay = 1.00> <Adapter> <Opcode : 'read' 'write'>
ST_1 : Operation 44 [1/1] (0.00ns)   --->   "%trunc_ln51 = trunc i32 %n_read" [hls-design/ntt-kernel.cpp:51]   --->   Operation 44 'trunc' 'trunc_ln51' <Predicate = true> <Delay = 0.00>
ST_1 : Operation 45 [1/1] (0.00ns)   --->   "%local_twiddles = alloca i64 1" [hls-design/ntt-kernel.cpp:72]   --->   Operation 45 'alloca' 'local_twiddles' <Predicate = true> <Delay = 0.00> <CoreInst = "RAM_2P_BRAM">   --->   Core 94 'RAM_2P_BRAM' <Latency = 1> <II = 1> <Delay = 1.23> <Storage> <Opcode : 'load' 'store'> <Ports = 2> <Width = 32> <Depth = 4096> <RAM>
ST_1 : Operation 46 [1/1] (0.00ns)   --->   "%local_psi = alloca i64 1" [hls-design/ntt-kernel.cpp:74]   --->   Operation 46 'alloca' 'local_psi' <Predicate = true> <Delay = 0.00> <CoreInst = "RAM_2P_BRAM">   --->   Core 94 'RAM_2P_BRAM' <Latency = 1> <II = 1> <Delay = 1.23> <Storage> <Opcode : 'load' 'store'> <Ports = 2> <Width = 12> <Depth = 4096> <RAM>
ST_1 : Operation 47 [1/1] (0.00ns)   --->   "%ping = alloca i64 1" [hls-design/ntt-kernel.cpp:78]   --->   Operation 47 'alloca' 'ping' <Predicate = true> <Delay = 0.00> <CoreInst = "RAM_2P_BRAM">   --->   Core 94 'RAM_2P_BRAM' <Latency = 1> <II = 1> <Delay = 1.23> <Storage> <Opcode : 'load' 'store'> <Ports = 2> <Width = 32> <Depth = 4096> <RAM>
ST_1 : Operation 48 [1/1] (0.00ns)   --->   "%pong = alloca i64 1" [hls-design/ntt-kernel.cpp:80]   --->   Operation 48 'alloca' 'pong' <Predicate = true> <Delay = 0.00> <CoreInst = "RAM_2P_BRAM">   --->   Core 94 'RAM_2P_BRAM' <Latency = 1> <II = 1> <Delay = 1.23> <Storage> <Opcode : 'load' 'store'> <Ports = 2> <Width = 32> <Depth = 4096> <RAM>
ST_1 : Operation 49 [1/1] (0.00ns)   --->   "%burst_buffer = alloca i64 1" [hls-design/ntt-kernel.cpp:102]   --->   Operation 49 'alloca' 'burst_buffer' <Predicate = true> <Delay = 0.00>
ST_1 : Operation 50 [1/1] (1.01ns)   --->   "%sub = add i32 %n_read, i32 4294967295" [hls-design/ntt-kernel.cpp:51]   --->   Operation 50 'add' 'sub' <Predicate = true> <Delay = 1.01> <CoreInst = "Adder">   --->   Core 1 'Adder' <Latency = 0> <II = 1> <Delay = 1.01> <FuncUnit> <Opcode : 'add' 'sub'> <InPorts = 2> <OutPorts = 1>
ST_1 : Operation 51 [1/1] (0.00ns)   --->   "%trunc_ln84 = trunc i32 %sub" [hls-design/ntt-kernel.cpp:84]   --->   Operation 51 'trunc' 'trunc_ln84' <Predicate = true> <Delay = 0.00>
ST_1 : Operation 52 [1/1] (1.01ns)   --->   "%icmp_ln84 = icmp_sgt  i32 %sub, i32 0" [hls-design/ntt-kernel.cpp:84]   --->   Operation 52 'icmp' 'icmp_ln84' <Predicate = true> <Delay = 1.01> <CoreInst = "Cmp">   --->   Core 9 'Cmp' <Latency = 0> <II = 1> <Delay = 1.01> <FuncUnit> <Opcode : 'icmp'> <InPorts = 2> <OutPorts = 1>
ST_1 : Operation 53 [1/1] (0.00ns)   --->   "%trunc_ln1 = partselect i62 @_ssdm_op_PartSelect.i62.i64.i32.i32, i64 %twiddles_read, i32 2, i32 63" [hls-design/ntt-kernel.cpp:84]   --->   Operation 53 'partselect' 'trunc_ln1' <Predicate = true> <Delay = 0.00>
ST_1 : Operation 54 [1/1] (0.41ns)   --->   "%empty = select i1 %icmp_ln84, i31 %trunc_ln84, i31 0" [hls-design/ntt-kernel.cpp:84]   --->   Operation 54 'select' 'empty' <Predicate = true> <Delay = 0.41> <CoreInst = "Sel">   --->   Core 73 'Sel' <Latency = 0> <II = 1> <Delay = 0.41> <FuncUnit> <Opcode : 'select'> <InPorts = 3> <OutPorts = 1>
ST_1 : Operation 55 [1/1] (1.01ns)   --->   "%icmp_ln91 = icmp_sgt  i32 %n_read, i32 0" [hls-design/ntt-kernel.cpp:91]   --->   Operation 55 'icmp' 'icmp_ln91' <Predicate = true> <Delay = 1.01> <CoreInst = "Cmp">   --->   Core 9 'Cmp' <Latency = 0> <II = 1> <Delay = 1.01> <FuncUnit> <Opcode : 'icmp'> <InPorts = 2> <OutPorts = 1>
ST_1 : Operation 56 [1/1] (0.00ns)   --->   "%trunc_ln2 = partselect i62 @_ssdm_op_PartSelect.i62.i64.i32.i32, i64 %psi_powers_read, i32 2, i32 63" [hls-design/ntt-kernel.cpp:91]   --->   Operation 56 'partselect' 'trunc_ln2' <Predicate = true> <Delay = 0.00>
ST_1 : Operation 57 [1/1] (0.41ns)   --->   "%empty_38 = select i1 %icmp_ln91, i31 %trunc_ln51, i31 0" [hls-design/ntt-kernel.cpp:91]   --->   Operation 57 'select' 'empty_38' <Predicate = true> <Delay = 0.41> <CoreInst = "Sel">   --->   Core 73 'Sel' <Latency = 0> <II = 1> <Delay = 0.41> <FuncUnit> <Opcode : 'select'> <InPorts = 3> <OutPorts = 1>
ST_1 : Operation 58 [1/1] (0.00ns)   --->   "%half_n = partselect i31 @_ssdm_op_PartSelect.i31.i32.i32.i32, i32 %n_read, i32 1, i32 31" [hls-design/ntt-kernel.cpp:51]   --->   Operation 58 'partselect' 'half_n' <Predicate = true> <Delay = 0.00>
ST_1 : Operation 59 [1/1] (0.42ns)   --->   "%store_ln97 = store i31 0, i31 %b" [hls-design/ntt-kernel.cpp:97]   --->   Operation 59 'store' 'store_ln97' <Predicate = true> <Delay = 0.42>
ST_1 : Operation 60 [1/1] (0.42ns)   --->   "%store_ln0 = store i62 0, i62 %phi_mul"   --->   Operation 60 'store' 'store_ln0' <Predicate = true> <Delay = 0.42>

State 2 <SV = 1> <Delay = 7.30>
ST_2 : Operation 61 [1/1] (0.00ns)   --->   "%sext_ln84 = sext i62 %trunc_ln1" [hls-design/ntt-kernel.cpp:84]   --->   Operation 61 'sext' 'sext_ln84' <Predicate = true> <Delay = 0.00>
ST_2 : Operation 62 [1/1] (0.00ns)   --->   "%gmem2_addr = getelementptr i32 %gmem2, i64 %sext_ln84" [hls-design/ntt-kernel.cpp:84]   --->   Operation 62 'getelementptr' 'gmem2_addr' <Predicate = true> <Delay = 0.00>
ST_2 : Operation 63 [1/1] (0.00ns)   --->   "%zext_ln84 = zext i31 %empty" [hls-design/ntt-kernel.cpp:84]   --->   Operation 63 'zext' 'zext_ln84' <Predicate = true> <Delay = 0.00>
ST_2 : Operation 64 [8/8] (7.30ns)   --->   "%empty_37 = readreq i1 @_ssdm_op_ReadReq.m_axi.p1i32, i32 %gmem2_addr, i32 %zext_ln84" [hls-design/ntt-kernel.cpp:84]   --->   Operation 64 'readreq' 'empty_37' <Predicate = true> <Delay = 7.30> <CoreInst = "m_axi">   --->   Core 121 'm_axi' <Latency = 0> <II = 1> <Delay = 1.00> <Adapter> <Opcode : 'read' 'write' 'readreq' 'writereq' 'writeresp'>
ST_2 : Operation 65 [1/1] (0.00ns)   --->   "%sext_ln91 = sext i62 %trunc_ln2" [hls-design/ntt-kernel.cpp:91]   --->   Operation 65 'sext' 'sext_ln91' <Predicate = true> <Delay = 0.00>
ST_2 : Operation 66 [1/1] (0.00ns)   --->   "%gmem1_addr = getelementptr i32 %gmem1, i64 %sext_ln91" [hls-design/ntt-kernel.cpp:91]   --->   Operation 66 'getelementptr' 'gmem1_addr' <Predicate = true> <Delay = 0.00>
ST_2 : Operation 67 [1/1] (0.00ns)   --->   "%zext_ln91 = zext i31 %empty_38" [hls-design/ntt-kernel.cpp:91]   --->   Operation 67 'zext' 'zext_ln91' <Predicate = true> <Delay = 0.00>
ST_2 : Operation 68 [8/8] (7.30ns)   --->   "%empty_39 = readreq i1 @_ssdm_op_ReadReq.m_axi.p1i32, i32 %gmem1_addr, i32 %zext_ln91" [hls-design/ntt-kernel.cpp:91]   --->   Operation 68 'readreq' 'empty_39' <Predicate = true> <Delay = 7.30> <CoreInst = "m_axi">   --->   Core 121 'm_axi' <Latency = 0> <II = 1> <Delay = 1.00> <Adapter> <Opcode : 'read' 'write' 'readreq' 'writereq' 'writeresp'>

State 3 <SV = 2> <Delay = 7.30>
ST_3 : Operation 69 [7/8] (7.30ns)   --->   "%empty_37 = readreq i1 @_ssdm_op_ReadReq.m_axi.p1i32, i32 %gmem2_addr, i32 %zext_ln84" [hls-design/ntt-kernel.cpp:84]   --->   Operation 69 'readreq' 'empty_37' <Predicate = true> <Delay = 7.30> <CoreInst = "m_axi">   --->   Core 121 'm_axi' <Latency = 0> <II = 1> <Delay = 1.00> <Adapter> <Opcode : 'read' 'write' 'readreq' 'writereq' 'writeresp'>
ST_3 : Operation 70 [7/8] (7.30ns)   --->   "%empty_39 = readreq i1 @_ssdm_op_ReadReq.m_axi.p1i32, i32 %gmem1_addr, i32 %zext_ln91" [hls-design/ntt-kernel.cpp:91]   --->   Operation 70 'readreq' 'empty_39' <Predicate = true> <Delay = 7.30> <CoreInst = "m_axi">   --->   Core 121 'm_axi' <Latency = 0> <II = 1> <Delay = 1.00> <Adapter> <Opcode : 'read' 'write' 'readreq' 'writereq' 'writeresp'>

State 4 <SV = 3> <Delay = 7.30>
ST_4 : Operation 71 [6/8] (7.30ns)   --->   "%empty_37 = readreq i1 @_ssdm_op_ReadReq.m_axi.p1i32, i32 %gmem2_addr, i32 %zext_ln84" [hls-design/ntt-kernel.cpp:84]   --->   Operation 71 'readreq' 'empty_37' <Predicate = true> <Delay = 7.30> <CoreInst = "m_axi">   --->   Core 121 'm_axi' <Latency = 0> <II = 1> <Delay = 1.00> <Adapter> <Opcode : 'read' 'write' 'readreq' 'writereq' 'writeresp'>
ST_4 : Operation 72 [6/8] (7.30ns)   --->   "%empty_39 = readreq i1 @_ssdm_op_ReadReq.m_axi.p1i32, i32 %gmem1_addr, i32 %zext_ln91" [hls-design/ntt-kernel.cpp:91]   --->   Operation 72 'readreq' 'empty_39' <Predicate = true> <Delay = 7.30> <CoreInst = "m_axi">   --->   Core 121 'm_axi' <Latency = 0> <II = 1> <Delay = 1.00> <Adapter> <Opcode : 'read' 'write' 'readreq' 'writereq' 'writeresp'>

State 5 <SV = 4> <Delay = 7.30>
ST_5 : Operation 73 [5/8] (7.30ns)   --->   "%empty_37 = readreq i1 @_ssdm_op_ReadReq.m_axi.p1i32, i32 %gmem2_addr, i32 %zext_ln84" [hls-design/ntt-kernel.cpp:84]   --->   Operation 73 'readreq' 'empty_37' <Predicate = true> <Delay = 7.30> <CoreInst = "m_axi">   --->   Core 121 'm_axi' <Latency = 0> <II = 1> <Delay = 1.00> <Adapter> <Opcode : 'read' 'write' 'readreq' 'writereq' 'writeresp'>
ST_5 : Operation 74 [5/8] (7.30ns)   --->   "%empty_39 = readreq i1 @_ssdm_op_ReadReq.m_axi.p1i32, i32 %gmem1_addr, i32 %zext_ln91" [hls-design/ntt-kernel.cpp:91]   --->   Operation 74 'readreq' 'empty_39' <Predicate = true> <Delay = 7.30> <CoreInst = "m_axi">   --->   Core 121 'm_axi' <Latency = 0> <II = 1> <Delay = 1.00> <Adapter> <Opcode : 'read' 'write' 'readreq' 'writereq' 'writeresp'>

State 6 <SV = 5> <Delay = 7.30>
ST_6 : Operation 75 [4/8] (7.30ns)   --->   "%empty_37 = readreq i1 @_ssdm_op_ReadReq.m_axi.p1i32, i32 %gmem2_addr, i32 %zext_ln84" [hls-design/ntt-kernel.cpp:84]   --->   Operation 75 'readreq' 'empty_37' <Predicate = true> <Delay = 7.30> <CoreInst = "m_axi">   --->   Core 121 'm_axi' <Latency = 0> <II = 1> <Delay = 1.00> <Adapter> <Opcode : 'read' 'write' 'readreq' 'writereq' 'writeresp'>
ST_6 : Operation 76 [4/8] (7.30ns)   --->   "%empty_39 = readreq i1 @_ssdm_op_ReadReq.m_axi.p1i32, i32 %gmem1_addr, i32 %zext_ln91" [hls-design/ntt-kernel.cpp:91]   --->   Operation 76 'readreq' 'empty_39' <Predicate = true> <Delay = 7.30> <CoreInst = "m_axi">   --->   Core 121 'm_axi' <Latency = 0> <II = 1> <Delay = 1.00> <Adapter> <Opcode : 'read' 'write' 'readreq' 'writereq' 'writeresp'>

State 7 <SV = 6> <Delay = 7.30>
ST_7 : Operation 77 [3/8] (7.30ns)   --->   "%empty_37 = readreq i1 @_ssdm_op_ReadReq.m_axi.p1i32, i32 %gmem2_addr, i32 %zext_ln84" [hls-design/ntt-kernel.cpp:84]   --->   Operation 77 'readreq' 'empty_37' <Predicate = true> <Delay = 7.30> <CoreInst = "m_axi">   --->   Core 121 'm_axi' <Latency = 0> <II = 1> <Delay = 1.00> <Adapter> <Opcode : 'read' 'write' 'readreq' 'writereq' 'writeresp'>
ST_7 : Operation 78 [3/8] (7.30ns)   --->   "%empty_39 = readreq i1 @_ssdm_op_ReadReq.m_axi.p1i32, i32 %gmem1_addr, i32 %zext_ln91" [hls-design/ntt-kernel.cpp:91]   --->   Operation 78 'readreq' 'empty_39' <Predicate = true> <Delay = 7.30> <CoreInst = "m_axi">   --->   Core 121 'm_axi' <Latency = 0> <II = 1> <Delay = 1.00> <Adapter> <Opcode : 'read' 'write' 'readreq' 'writereq' 'writeresp'>

State 8 <SV = 7> <Delay = 7.30>
ST_8 : Operation 79 [2/8] (7.30ns)   --->   "%empty_37 = readreq i1 @_ssdm_op_ReadReq.m_axi.p1i32, i32 %gmem2_addr, i32 %zext_ln84" [hls-design/ntt-kernel.cpp:84]   --->   Operation 79 'readreq' 'empty_37' <Predicate = true> <Delay = 7.30> <CoreInst = "m_axi">   --->   Core 121 'm_axi' <Latency = 0> <II = 1> <Delay = 1.00> <Adapter> <Opcode : 'read' 'write' 'readreq' 'writereq' 'writeresp'>
ST_8 : Operation 80 [2/8] (7.30ns)   --->   "%empty_39 = readreq i1 @_ssdm_op_ReadReq.m_axi.p1i32, i32 %gmem1_addr, i32 %zext_ln91" [hls-design/ntt-kernel.cpp:91]   --->   Operation 80 'readreq' 'empty_39' <Predicate = true> <Delay = 7.30> <CoreInst = "m_axi">   --->   Core 121 'm_axi' <Latency = 0> <II = 1> <Delay = 1.00> <Adapter> <Opcode : 'read' 'write' 'readreq' 'writereq' 'writeresp'>

State 9 <SV = 8> <Delay = 7.30>
ST_9 : Operation 81 [1/8] (7.30ns)   --->   "%empty_37 = readreq i1 @_ssdm_op_ReadReq.m_axi.p1i32, i32 %gmem2_addr, i32 %zext_ln84" [hls-design/ntt-kernel.cpp:84]   --->   Operation 81 'readreq' 'empty_37' <Predicate = true> <Delay = 7.30> <CoreInst = "m_axi">   --->   Core 121 'm_axi' <Latency = 0> <II = 1> <Delay = 1.00> <Adapter> <Opcode : 'read' 'write' 'readreq' 'writereq' 'writeresp'>
ST_9 : Operation 82 [1/8] (7.30ns)   --->   "%empty_39 = readreq i1 @_ssdm_op_ReadReq.m_axi.p1i32, i32 %gmem1_addr, i32 %zext_ln91" [hls-design/ntt-kernel.cpp:91]   --->   Operation 82 'readreq' 'empty_39' <Predicate = true> <Delay = 7.30> <CoreInst = "m_axi">   --->   Core 121 'm_axi' <Latency = 0> <II = 1> <Delay = 1.00> <Adapter> <Opcode : 'read' 'write' 'readreq' 'writereq' 'writeresp'>

State 10 <SV = 9> <Delay = 1.44>
ST_10 : Operation 83 [2/2] (1.44ns)   --->   "%call_ln51 = call void @ntt_kernel_Pipeline_CACHE_TWIDDLES_LOOP, i32 %gmem2, i32 %sub, i62 %trunc_ln1, i32 %local_twiddles" [hls-design/ntt-kernel.cpp:51]   --->   Operation 83 'call' 'call_ln51' <Predicate = true> <Delay = 1.44> <CoreType = "Generic">   --->   Core 0 '' <Latency = 0> <II = 1> <Delay = 1.00> <Generic> <Opcode : >
ST_10 : Operation 84 [2/2] (1.44ns)   --->   "%call_ln51 = call void @ntt_kernel_Pipeline_CACHE_PSI_LOOP, i32 %gmem1, i32 %n_read, i62 %trunc_ln2, i12 %local_psi" [hls-design/ntt-kernel.cpp:51]   --->   Operation 84 'call' 'call_ln51' <Predicate = true> <Delay = 1.44> <CoreType = "Generic">   --->   Core 0 '' <Latency = 0> <II = 1> <Delay = 1.00> <Generic> <Opcode : >

State 11 <SV = 10> <Delay = 0.00>
ST_11 : Operation 85 [1/1] (0.00ns)   --->   "%spectopmodule_ln51 = spectopmodule void @_ssdm_op_SpecTopModule, void @empty_8" [hls-design/ntt-kernel.cpp:51]   --->   Operation 85 'spectopmodule' 'spectopmodule_ln51' <Predicate = true> <Delay = 0.00>
ST_11 : Operation 86 [1/1] (0.00ns)   --->   "%specinterface_ln0 = specinterface void @_ssdm_op_SpecInterface, i32 %gmem0, void @empty_9, i32 0, i32 0, void @empty_22, i32 0, i32 65536, void @empty_6, void @empty_21, void @empty_22, i32 16, i32 16, i32 16, i32 16, void @empty_22, void @empty_22, i32 4294967295, i32 0"   --->   Operation 86 'specinterface' 'specinterface_ln0' <Predicate = true> <Delay = 0.00>
ST_11 : Operation 87 [1/1] (0.00ns)   --->   "%specbitsmap_ln0 = specbitsmap void @_ssdm_op_SpecBitsMap, i32 %gmem0"   --->   Operation 87 'specbitsmap' 'specbitsmap_ln0' <Predicate = true> <Delay = 0.00>
ST_11 : Operation 88 [1/1] (0.00ns)   --->   "%specinterface_ln0 = specinterface void @_ssdm_op_SpecInterface, i32 %gmem1, void @empty_9, i32 0, i32 0, void @empty_22, i32 0, i32 4096, void @empty_5, void @empty_21, void @empty_22, i32 16, i32 16, i32 16, i32 16, void @empty_22, void @empty_22, i32 4294967295, i32 0"   --->   Operation 88 'specinterface' 'specinterface_ln0' <Predicate = true> <Delay = 0.00>
ST_11 : Operation 89 [1/1] (0.00ns)   --->   "%specbitsmap_ln0 = specbitsmap void @_ssdm_op_SpecBitsMap, i32 %gmem1"   --->   Operation 89 'specbitsmap' 'specbitsmap_ln0' <Predicate = true> <Delay = 0.00>
ST_11 : Operation 90 [1/1] (0.00ns)   --->   "%specinterface_ln0 = specinterface void @_ssdm_op_SpecInterface, i32 %gmem2, void @empty_9, i32 0, i32 0, void @empty_22, i32 0, i32 4096, void @empty_4, void @empty_21, void @empty_22, i32 16, i32 16, i32 16, i32 16, void @empty_22, void @empty_22, i32 4294967295, i32 0"   --->   Operation 90 'specinterface' 'specinterface_ln0' <Predicate = true> <Delay = 0.00>
ST_11 : Operation 91 [1/1] (0.00ns)   --->   "%specbitsmap_ln0 = specbitsmap void @_ssdm_op_SpecBitsMap, i32 %gmem2"   --->   Operation 91 'specbitsmap' 'specbitsmap_ln0' <Predicate = true> <Delay = 0.00>
ST_11 : Operation 92 [1/1] (0.00ns)   --->   "%specinterface_ln0 = specinterface void @_ssdm_op_SpecInterface, i64 %x, void @empty_3, i32 0, i32 0, void @empty_22, i32 0, i32 0, void @empty_2, void @empty_1, void @empty_22, i32 0, i32 0, i32 0, i32 0, void @empty_22, void @empty_0, i32 4294967295, i32 0"   --->   Operation 92 'specinterface' 'specinterface_ln0' <Predicate = true> <Delay = 0.00>
ST_11 : Operation 93 [1/1] (0.00ns)   --->   "%specinterface_ln0 = specinterface void @_ssdm_op_SpecInterface, i64 %x, void @empty, i32 0, i32 0, void @empty_22, i32 0, i32 0, void @empty_22, void @empty_22, void @empty_22, i32 0, i32 0, i32 0, i32 0, void @empty_22, void @empty_0, i32 4294967295, i32 0"   --->   Operation 93 'specinterface' 'specinterface_ln0' <Predicate = true> <Delay = 0.00>
ST_11 : Operation 94 [1/1] (0.00ns)   --->   "%specinterface_ln0 = specinterface void @_ssdm_op_SpecInterface, i64 %psi_powers, void @empty_3, i32 0, i32 0, void @empty_22, i32 0, i32 0, void @empty_2, void @empty_15, void @empty_22, i32 0, i32 0, i32 0, i32 0, void @empty_22, void @empty_0, i32 4294967295, i32 0"   --->   Operation 94 'specinterface' 'specinterface_ln0' <Predicate = true> <Delay = 0.00>
ST_11 : Operation 95 [1/1] (0.00ns)   --->   "%specinterface_ln0 = specinterface void @_ssdm_op_SpecInterface, i64 %psi_powers, void @empty, i32 0, i32 0, void @empty_22, i32 0, i32 0, void @empty_22, void @empty_22, void @empty_22, i32 0, i32 0, i32 0, i32 0, void @empty_22, void @empty_0, i32 4294967295, i32 0"   --->   Operation 95 'specinterface' 'specinterface_ln0' <Predicate = true> <Delay = 0.00>
ST_11 : Operation 96 [1/1] (0.00ns)   --->   "%specinterface_ln0 = specinterface void @_ssdm_op_SpecInterface, i64 %twiddles, void @empty_3, i32 0, i32 0, void @empty_22, i32 0, i32 0, void @empty_2, void @empty_16, void @empty_22, i32 0, i32 0, i32 0, i32 0, void @empty_22, void @empty_0, i32 4294967295, i32 0"   --->   Operation 96 'specinterface' 'specinterface_ln0' <Predicate = true> <Delay = 0.00>
ST_11 : Operation 97 [1/1] (0.00ns)   --->   "%specinterface_ln0 = specinterface void @_ssdm_op_SpecInterface, i64 %twiddles, void @empty, i32 0, i32 0, void @empty_22, i32 0, i32 0, void @empty_22, void @empty_22, void @empty_22, i32 0, i32 0, i32 0, i32 0, void @empty_22, void @empty_0, i32 4294967295, i32 0"   --->   Operation 97 'specinterface' 'specinterface_ln0' <Predicate = true> <Delay = 0.00>
ST_11 : Operation 98 [1/1] (0.00ns)   --->   "%specbitsmap_ln0 = specbitsmap void @_ssdm_op_SpecBitsMap, i32 %q"   --->   Operation 98 'specbitsmap' 'specbitsmap_ln0' <Predicate = true> <Delay = 0.00>
ST_11 : Operation 99 [1/1] (0.00ns)   --->   "%specinterface_ln0 = specinterface void @_ssdm_op_SpecInterface, i32 %q, void @empty_3, i32 0, i32 0, void @empty_22, i32 0, i32 0, void @empty_2, void @empty_17, void @empty_22, i32 0, i32 0, i32 0, i32 0, void @empty_22, void @empty_22, i32 4294967295, i32 0"   --->   Operation 99 'specinterface' 'specinterface_ln0' <Predicate = true> <Delay = 0.00>
ST_11 : Operation 100 [1/1] (0.00ns)   --->   "%specinterface_ln0 = specinterface void @_ssdm_op_SpecInterface, i32 %q, void @empty, i32 0, i32 0, void @empty_22, i32 0, i32 0, void @empty_22, void @empty_22, void @empty_22, i32 0, i32 0, i32 0, i32 0, void @empty_22, void @empty_22, i32 4294967295, i32 0"   --->   Operation 100 'specinterface' 'specinterface_ln0' <Predicate = true> <Delay = 0.00>
ST_11 : Operation 101 [1/1] (0.00ns)   --->   "%specbitsmap_ln0 = specbitsmap void @_ssdm_op_SpecBitsMap, i32 %q_inv"   --->   Operation 101 'specbitsmap' 'specbitsmap_ln0' <Predicate = true> <Delay = 0.00>
ST_11 : Operation 102 [1/1] (0.00ns)   --->   "%specinterface_ln0 = specinterface void @_ssdm_op_SpecInterface, i32 %q_inv, void @empty_3, i32 0, i32 0, void @empty_22, i32 0, i32 0, void @empty_2, void @empty_18, void @empty_22, i32 0, i32 0, i32 0, i32 0, void @empty_22, void @empty_22, i32 4294967295, i32 0"   --->   Operation 102 'specinterface' 'specinterface_ln0' <Predicate = true> <Delay = 0.00>
ST_11 : Operation 103 [1/1] (0.00ns)   --->   "%specinterface_ln0 = specinterface void @_ssdm_op_SpecInterface, i32 %q_inv, void @empty, i32 0, i32 0, void @empty_22, i32 0, i32 0, void @empty_22, void @empty_22, void @empty_22, i32 0, i32 0, i32 0, i32 0, void @empty_22, void @empty_22, i32 4294967295, i32 0"   --->   Operation 103 'specinterface' 'specinterface_ln0' <Predicate = true> <Delay = 0.00>
ST_11 : Operation 104 [1/1] (0.00ns)   --->   "%specbitsmap_ln0 = specbitsmap void @_ssdm_op_SpecBitsMap, i32 %batch_size"   --->   Operation 104 'specbitsmap' 'specbitsmap_ln0' <Predicate = true> <Delay = 0.00>
ST_11 : Operation 105 [1/1] (0.00ns)   --->   "%specinterface_ln0 = specinterface void @_ssdm_op_SpecInterface, i32 %batch_size, void @empty_3, i32 0, i32 0, void @empty_22, i32 0, i32 0, void @empty_2, void @empty_19, void @empty_22, i32 0, i32 0, i32 0, i32 0, void @empty_22, void @empty_22, i32 4294967295, i32 0"   --->   Operation 105 'specinterface' 'specinterface_ln0' <Predicate = true> <Delay = 0.00>
ST_11 : Operation 106 [1/1] (0.00ns)   --->   "%specinterface_ln0 = specinterface void @_ssdm_op_SpecInterface, i32 %batch_size, void @empty, i32 0, i32 0, void @empty_22, i32 0, i32 0, void @empty_22, void @empty_22, void @empty_22, i32 0, i32 0, i32 0, i32 0, void @empty_22, void @empty_22, i32 4294967295, i32 0"   --->   Operation 106 'specinterface' 'specinterface_ln0' <Predicate = true> <Delay = 0.00>
ST_11 : Operation 107 [1/1] (0.00ns)   --->   "%specbitsmap_ln0 = specbitsmap void @_ssdm_op_SpecBitsMap, i32 %n"   --->   Operation 107 'specbitsmap' 'specbitsmap_ln0' <Predicate = true> <Delay = 0.00>
ST_11 : Operation 108 [1/1] (0.00ns)   --->   "%specinterface_ln0 = specinterface void @_ssdm_op_SpecInterface, i32 %n, void @empty_3, i32 0, i32 0, void @empty_22, i32 0, i32 0, void @empty_2, void @empty_20, void @empty_22, i32 0, i32 0, i32 0, i32 0, void @empty_22, void @empty_22, i32 4294967295, i32 0"   --->   Operation 108 'specinterface' 'specinterface_ln0' <Predicate = true> <Delay = 0.00>
ST_11 : Operation 109 [1/1] (0.00ns)   --->   "%specinterface_ln0 = specinterface void @_ssdm_op_SpecInterface, i32 %n, void @empty, i32 0, i32 0, void @empty_22, i32 0, i32 0, void @empty_22, void @empty_22, void @empty_22, i32 0, i32 0, i32 0, i32 0, void @empty_22, void @empty_22, i32 4294967295, i32 0"   --->   Operation 109 'specinterface' 'specinterface_ln0' <Predicate = true> <Delay = 0.00>
ST_11 : Operation 110 [1/1] (0.00ns)   --->   "%specinterface_ln0 = specinterface void @_ssdm_op_SpecInterface, i32 0, void @empty_3, i32 0, i32 0, void @empty_22, i32 0, i32 0, void @empty_2, void @empty_22, void @empty_22, i32 0, i32 0, i32 0, i32 0, void @empty_22, void @empty_22, i32 4294967295, i32 0"   --->   Operation 110 'specinterface' 'specinterface_ln0' <Predicate = true> <Delay = 0.00>
ST_11 : Operation 111 [1/1] (0.00ns)   --->   "%specmemcore_ln73 = specmemcore void @_ssdm_op_SpecMemCore, i32 %local_twiddles, i64 666, i64 22, i64 18446744073709551615" [hls-design/ntt-kernel.cpp:73]   --->   Operation 111 'specmemcore' 'specmemcore_ln73' <Predicate = true> <Delay = 0.00>
ST_11 : Operation 112 [1/1] (0.00ns)   --->   "%specmemcore_ln75 = specmemcore void @_ssdm_op_SpecMemCore, i12 %local_psi, i64 666, i64 22, i64 18446744073709551615" [hls-design/ntt-kernel.cpp:75]   --->   Operation 112 'specmemcore' 'specmemcore_ln75' <Predicate = true> <Delay = 0.00>
ST_11 : Operation 113 [1/1] (0.00ns)   --->   "%specmemcore_ln79 = specmemcore void @_ssdm_op_SpecMemCore, i32 %ping, i64 666, i64 22, i64 18446744073709551615" [hls-design/ntt-kernel.cpp:79]   --->   Operation 113 'specmemcore' 'specmemcore_ln79' <Predicate = true> <Delay = 0.00>
ST_11 : Operation 114 [1/1] (0.00ns)   --->   "%specmemcore_ln81 = specmemcore void @_ssdm_op_SpecMemCore, i32 %pong, i64 666, i64 22, i64 18446744073709551615" [hls-design/ntt-kernel.cpp:81]   --->   Operation 114 'specmemcore' 'specmemcore_ln81' <Predicate = true> <Delay = 0.00>
ST_11 : Operation 115 [1/2] (0.00ns)   --->   "%call_ln51 = call void @ntt_kernel_Pipeline_CACHE_TWIDDLES_LOOP, i32 %gmem2, i32 %sub, i62 %trunc_ln1, i32 %local_twiddles" [hls-design/ntt-kernel.cpp:51]   --->   Operation 115 'call' 'call_ln51' <Predicate = true> <Delay = 0.00> <CoreType = "Generic">   --->   Core 0 '' <Latency = 0> <II = 1> <Delay = 1.00> <Generic> <Opcode : >
ST_11 : Operation 116 [1/2] (0.00ns)   --->   "%call_ln51 = call void @ntt_kernel_Pipeline_CACHE_PSI_LOOP, i32 %gmem1, i32 %n_read, i62 %trunc_ln2, i12 %local_psi" [hls-design/ntt-kernel.cpp:51]   --->   Operation 116 'call' 'call_ln51' <Predicate = true> <Delay = 0.00> <CoreType = "Generic">   --->   Core 0 '' <Latency = 0> <II = 1> <Delay = 1.00> <Generic> <Opcode : >
ST_11 : Operation 117 [1/1] (0.00ns)   --->   "%zext_ln97 = zext i32 %n_read" [hls-design/ntt-kernel.cpp:97]   --->   Operation 117 'zext' 'zext_ln97' <Predicate = true> <Delay = 0.00>
ST_11 : Operation 118 [1/1] (0.00ns)   --->   "%br_ln97 = br void %BURST_READ_LOOP" [hls-design/ntt-kernel.cpp:97]   --->   Operation 118 'br' 'br_ln97' <Predicate = true> <Delay = 0.00>

State 12 <SV = 11> <Delay = 1.08>
ST_12 : Operation 119 [1/1] (0.00ns)   --->   "%phi_mul_load = load i62 %phi_mul" [hls-design/ntt-kernel.cpp:97]   --->   Operation 119 'load' 'phi_mul_load' <Predicate = true> <Delay = 0.00>
ST_12 : Operation 120 [1/1] (0.00ns)   --->   "%b_1 = load i31 %b" [hls-design/ntt-kernel.cpp:97]   --->   Operation 120 'load' 'b_1' <Predicate = true> <Delay = 0.00>
ST_12 : Operation 121 [1/1] (1.08ns)   --->   "%add_ln97_2 = add i62 %phi_mul_load, i62 %zext_ln97" [hls-design/ntt-kernel.cpp:97]   --->   Operation 121 'add' 'add_ln97_2' <Predicate = true> <Delay = 1.08> <CoreInst = "Adder">   --->   Core 1 'Adder' <Latency = 0> <II = 1> <Delay = 1.08> <FuncUnit> <Opcode : 'add' 'sub'> <InPorts = 2> <OutPorts = 1>
ST_12 : Operation 122 [1/1] (0.00ns)   --->   "%zext_ln97_1 = zext i31 %b_1" [hls-design/ntt-kernel.cpp:97]   --->   Operation 122 'zext' 'zext_ln97_1' <Predicate = true> <Delay = 0.00>
ST_12 : Operation 123 [1/1] (1.01ns)   --->   "%icmp_ln97 = icmp_slt  i32 %zext_ln97_1, i32 %batch_size_read" [hls-design/ntt-kernel.cpp:97]   --->   Operation 123 'icmp' 'icmp_ln97' <Predicate = true> <Delay = 1.01> <CoreInst = "Cmp">   --->   Core 9 'Cmp' <Latency = 0> <II = 1> <Delay = 1.01> <FuncUnit> <Opcode : 'icmp'> <InPorts = 2> <OutPorts = 1>
ST_12 : Operation 124 [1/1] (1.00ns)   --->   "%add_ln97_1 = add i31 %b_1, i31 1" [hls-design/ntt-kernel.cpp:97]   --->   Operation 124 'add' 'add_ln97_1' <Predicate = true> <Delay = 1.00> <CoreInst = "Adder">   --->   Core 1 'Adder' <Latency = 0> <II = 1> <Delay = 1.00> <FuncUnit> <Opcode : 'add' 'sub'> <InPorts = 2> <OutPorts = 1>
ST_12 : Operation 125 [1/1] (0.00ns)   --->   "%br_ln97 = br i1 %icmp_ln97, void %for.end115.loopexit, void %BURST_READ_LOOP.split" [hls-design/ntt-kernel.cpp:97]   --->   Operation 125 'br' 'br_ln97' <Predicate = true> <Delay = 0.00>
ST_12 : Operation 126 [1/1] (0.00ns)   --->   "%speclooptripcount_ln98 = speclooptripcount void @_ssdm_op_SpecLoopTripCount, i64 1, i64 16, i64 8" [hls-design/ntt-kernel.cpp:98]   --->   Operation 126 'speclooptripcount' 'speclooptripcount_ln98' <Predicate = (icmp_ln97)> <Delay = 0.00>
ST_12 : Operation 127 [1/1] (0.00ns)   --->   "%specloopname_ln97 = specloopname void @_ssdm_op_SpecLoopName, void @empty_27" [hls-design/ntt-kernel.cpp:97]   --->   Operation 127 'specloopname' 'specloopname_ln97' <Predicate = (icmp_ln97)> <Delay = 0.00>
ST_12 : Operation 128 [1/1] (0.00ns)   --->   "%shl_ln = bitconcatenate i64 @_ssdm_op_BitConcatenate.i64.i62.i2, i62 %phi_mul_load, i2 0" [hls-design/ntt-kernel.cpp:97]   --->   Operation 128 'bitconcatenate' 'shl_ln' <Predicate = (icmp_ln97)> <Delay = 0.00>
ST_12 : Operation 129 [1/1] (1.08ns)   --->   "%add_ln97 = add i64 %shl_ln, i64 %x_read" [hls-design/ntt-kernel.cpp:97]   --->   Operation 129 'add' 'add_ln97' <Predicate = (icmp_ln97)> <Delay = 1.08> <CoreInst = "Adder">   --->   Core 1 'Adder' <Latency = 0> <II = 1> <Delay = 1.08> <FuncUnit> <Opcode : 'add' 'sub'> <InPorts = 2> <OutPorts = 1>
ST_12 : Operation 130 [1/1] (0.00ns)   --->   "%br_ln103 = br i1 %icmp_ln91, void %STAGE_LOOP, void %for.body23.lr.ph" [hls-design/ntt-kernel.cpp:103]   --->   Operation 130 'br' 'br_ln103' <Predicate = (icmp_ln97)> <Delay = 0.00>
ST_12 : Operation 131 [1/1] (0.00ns)   --->   "%ret_ln175 = ret" [hls-design/ntt-kernel.cpp:175]   --->   Operation 131 'ret' 'ret_ln175' <Predicate = (!icmp_ln97)> <Delay = 0.00>

State 13 <SV = 12> <Delay = 7.30>
ST_13 : Operation 132 [1/1] (0.00ns)   --->   "%trunc_ln4 = partselect i62 @_ssdm_op_PartSelect.i62.i64.i32.i32, i64 %add_ln97, i32 2, i32 63" [hls-design/ntt-kernel.cpp:103]   --->   Operation 132 'partselect' 'trunc_ln4' <Predicate = true> <Delay = 0.00>
ST_13 : Operation 133 [1/1] (0.00ns)   --->   "%sext_ln103 = sext i62 %trunc_ln4" [hls-design/ntt-kernel.cpp:103]   --->   Operation 133 'sext' 'sext_ln103' <Predicate = true> <Delay = 0.00>
ST_13 : Operation 134 [1/1] (0.00ns)   --->   "%gmem0_addr = getelementptr i32 %gmem0, i64 %sext_ln103" [hls-design/ntt-kernel.cpp:103]   --->   Operation 134 'getelementptr' 'gmem0_addr' <Predicate = true> <Delay = 0.00>
ST_13 : Operation 135 [8/8] (7.30ns)   --->   "%empty_40 = readreq i1 @_ssdm_op_ReadReq.m_axi.p1i32, i32 %gmem0_addr, i32 %n_read" [hls-design/ntt-kernel.cpp:103]   --->   Operation 135 'readreq' 'empty_40' <Predicate = true> <Delay = 7.30> <CoreInst = "m_axi">   --->   Core 121 'm_axi' <Latency = 0> <II = 1> <Delay = 1.00> <Adapter> <Opcode : 'read' 'write' 'readreq' 'writereq' 'writeresp'>

State 14 <SV = 13> <Delay = 7.30>
ST_14 : Operation 136 [7/8] (7.30ns)   --->   "%empty_40 = readreq i1 @_ssdm_op_ReadReq.m_axi.p1i32, i32 %gmem0_addr, i32 %n_read" [hls-design/ntt-kernel.cpp:103]   --->   Operation 136 'readreq' 'empty_40' <Predicate = true> <Delay = 7.30> <CoreInst = "m_axi">   --->   Core 121 'm_axi' <Latency = 0> <II = 1> <Delay = 1.00> <Adapter> <Opcode : 'read' 'write' 'readreq' 'writereq' 'writeresp'>

State 15 <SV = 14> <Delay = 7.30>
ST_15 : Operation 137 [6/8] (7.30ns)   --->   "%empty_40 = readreq i1 @_ssdm_op_ReadReq.m_axi.p1i32, i32 %gmem0_addr, i32 %n_read" [hls-design/ntt-kernel.cpp:103]   --->   Operation 137 'readreq' 'empty_40' <Predicate = true> <Delay = 7.30> <CoreInst = "m_axi">   --->   Core 121 'm_axi' <Latency = 0> <II = 1> <Delay = 1.00> <Adapter> <Opcode : 'read' 'write' 'readreq' 'writereq' 'writeresp'>

State 16 <SV = 15> <Delay = 7.30>
ST_16 : Operation 138 [5/8] (7.30ns)   --->   "%empty_40 = readreq i1 @_ssdm_op_ReadReq.m_axi.p1i32, i32 %gmem0_addr, i32 %n_read" [hls-design/ntt-kernel.cpp:103]   --->   Operation 138 'readreq' 'empty_40' <Predicate = true> <Delay = 7.30> <CoreInst = "m_axi">   --->   Core 121 'm_axi' <Latency = 0> <II = 1> <Delay = 1.00> <Adapter> <Opcode : 'read' 'write' 'readreq' 'writereq' 'writeresp'>

State 17 <SV = 16> <Delay = 7.30>
ST_17 : Operation 139 [4/8] (7.30ns)   --->   "%empty_40 = readreq i1 @_ssdm_op_ReadReq.m_axi.p1i32, i32 %gmem0_addr, i32 %n_read" [hls-design/ntt-kernel.cpp:103]   --->   Operation 139 'readreq' 'empty_40' <Predicate = true> <Delay = 7.30> <CoreInst = "m_axi">   --->   Core 121 'm_axi' <Latency = 0> <II = 1> <Delay = 1.00> <Adapter> <Opcode : 'read' 'write' 'readreq' 'writereq' 'writeresp'>

State 18 <SV = 17> <Delay = 7.30>
ST_18 : Operation 140 [3/8] (7.30ns)   --->   "%empty_40 = readreq i1 @_ssdm_op_ReadReq.m_axi.p1i32, i32 %gmem0_addr, i32 %n_read" [hls-design/ntt-kernel.cpp:103]   --->   Operation 140 'readreq' 'empty_40' <Predicate = true> <Delay = 7.30> <CoreInst = "m_axi">   --->   Core 121 'm_axi' <Latency = 0> <II = 1> <Delay = 1.00> <Adapter> <Opcode : 'read' 'write' 'readreq' 'writereq' 'writeresp'>

State 19 <SV = 18> <Delay = 7.30>
ST_19 : Operation 141 [2/8] (7.30ns)   --->   "%empty_40 = readreq i1 @_ssdm_op_ReadReq.m_axi.p1i32, i32 %gmem0_addr, i32 %n_read" [hls-design/ntt-kernel.cpp:103]   --->   Operation 141 'readreq' 'empty_40' <Predicate = true> <Delay = 7.30> <CoreInst = "m_axi">   --->   Core 121 'm_axi' <Latency = 0> <II = 1> <Delay = 1.00> <Adapter> <Opcode : 'read' 'write' 'readreq' 'writereq' 'writeresp'>

State 20 <SV = 19> <Delay = 7.30>
ST_20 : Operation 142 [1/8] (7.30ns)   --->   "%empty_40 = readreq i1 @_ssdm_op_ReadReq.m_axi.p1i32, i32 %gmem0_addr, i32 %n_read" [hls-design/ntt-kernel.cpp:103]   --->   Operation 142 'readreq' 'empty_40' <Predicate = true> <Delay = 7.30> <CoreInst = "m_axi">   --->   Core 121 'm_axi' <Latency = 0> <II = 1> <Delay = 1.00> <Adapter> <Opcode : 'read' 'write' 'readreq' 'writereq' 'writeresp'>

State 21 <SV = 20> <Delay = 1.43>
ST_21 : Operation 143 [2/2] (1.43ns)   --->   "%call_ln51 = call void @ntt_kernel_Pipeline_BURST_READ_LOOP, i32 %gmem0, i31 %trunc_ln51, i62 %trunc_ln4, i32 %burst_buffer" [hls-design/ntt-kernel.cpp:51]   --->   Operation 143 'call' 'call_ln51' <Predicate = true> <Delay = 1.43> <CoreType = "Generic">   --->   Core 0 '' <Latency = 0> <II = 1> <Delay = 1.00> <Generic> <Opcode : >

State 22 <SV = 21> <Delay = 0.00>
ST_22 : Operation 144 [1/2] (0.00ns)   --->   "%call_ln51 = call void @ntt_kernel_Pipeline_BURST_READ_LOOP, i32 %gmem0, i31 %trunc_ln51, i62 %trunc_ln4, i32 %burst_buffer" [hls-design/ntt-kernel.cpp:51]   --->   Operation 144 'call' 'call_ln51' <Predicate = true> <Delay = 0.00> <CoreType = "Generic">   --->   Core 0 '' <Latency = 0> <II = 1> <Delay = 1.00> <Generic> <Opcode : >

State 23 <SV = 22> <Delay = 1.43>
ST_23 : Operation 145 [2/2] (1.43ns)   --->   "%call_ln51 = call void @ntt_kernel_Pipeline_PERMUTE_LOOP, i31 %trunc_ln51, i12 %local_psi, i32 %burst_buffer, i32 %ping" [hls-design/ntt-kernel.cpp:51]   --->   Operation 145 'call' 'call_ln51' <Predicate = true> <Delay = 1.43> <CoreType = "Generic">   --->   Core 0 '' <Latency = 0> <II = 1> <Delay = 1.00> <Generic> <Opcode : >

State 24 <SV = 23> <Delay = 0.42>
ST_24 : Operation 146 [1/2] (0.00ns)   --->   "%call_ln51 = call void @ntt_kernel_Pipeline_PERMUTE_LOOP, i31 %trunc_ln51, i12 %local_psi, i32 %burst_buffer, i32 %ping" [hls-design/ntt-kernel.cpp:51]   --->   Operation 146 'call' 'call_ln51' <Predicate = (icmp_ln91)> <Delay = 0.00> <CoreType = "Generic">   --->   Core 0 '' <Latency = 0> <II = 1> <Delay = 1.00> <Generic> <Opcode : >
ST_24 : Operation 147 [1/1] (0.00ns)   --->   "%br_ln0 = br void %STAGE_LOOP"   --->   Operation 147 'br' 'br_ln0' <Predicate = (icmp_ln91)> <Delay = 0.00>
ST_24 : Operation 148 [1/1] (0.42ns)   --->   "%br_ln121 = br void %for.cond45" [hls-design/ntt-kernel.cpp:121]   --->   Operation 148 'br' 'br_ln121' <Predicate = true> <Delay = 0.42>

State 25 <SV = 24> <Delay = 3.38>
ST_25 : Operation 149 [1/1] (0.00ns)   --->   "%offset = phi i32 0, void %STAGE_LOOP, i32 %offset_1, void %FLATTENED_BUTTERFLY_LOOP"   --->   Operation 149 'phi' 'offset' <Predicate = true> <Delay = 0.00>
ST_25 : Operation 150 [1/1] (0.00ns)   --->   "%use_ping_as_input = phi i1 1, void %STAGE_LOOP, i1 %use_ping_as_input_1, void %FLATTENED_BUTTERFLY_LOOP"   --->   Operation 150 'phi' 'use_ping_as_input' <Predicate = true> <Delay = 0.00>
ST_25 : Operation 151 [1/1] (0.00ns)   --->   "%stage = phi i32 0, void %STAGE_LOOP, i32 %stage_1, void %FLATTENED_BUTTERFLY_LOOP"   --->   Operation 151 'phi' 'stage' <Predicate = true> <Delay = 0.00>
ST_25 : Operation 152 [1/1] (0.00ns)   --->   "%length = phi i32 1, void %STAGE_LOOP, i32 %length_1, void %FLATTENED_BUTTERFLY_LOOP"   --->   Operation 152 'phi' 'length' <Predicate = true> <Delay = 0.00>
ST_25 : Operation 153 [1/1] (1.01ns)   --->   "%icmp_ln121 = icmp_slt  i32 %length, i32 %n_read" [hls-design/ntt-kernel.cpp:121]   --->   Operation 153 'icmp' 'icmp_ln121' <Predicate = true> <Delay = 1.01> <CoreInst = "Cmp">   --->   Core 9 'Cmp' <Latency = 0> <II = 1> <Delay = 1.01> <FuncUnit> <Opcode : 'icmp'> <InPorts = 2> <OutPorts = 1>
ST_25 : Operation 154 [1/1] (1.01ns)   --->   "%stage_1 = add i32 %stage, i32 1"   --->   Operation 154 'add' 'stage_1' <Predicate = true> <Delay = 1.01> <CoreInst = "Adder">   --->   Core 1 'Adder' <Latency = 0> <II = 1> <Delay = 1.01> <FuncUnit> <Opcode : 'add' 'sub'> <InPorts = 2> <OutPorts = 1>
ST_25 : Operation 155 [1/1] (0.00ns)   --->   "%br_ln121 = br i1 %icmp_ln121, void %WRITE_BACK_LOOP, void %FLATTENED_BUTTERFLY_LOOP" [hls-design/ntt-kernel.cpp:121]   --->   Operation 155 'br' 'br_ln121' <Predicate = true> <Delay = 0.00>
ST_25 : Operation 156 [1/1] (0.00ns)   --->   "%trunc_ln121 = trunc i32 %offset" [hls-design/ntt-kernel.cpp:121]   --->   Operation 156 'trunc' 'trunc_ln121' <Predicate = (icmp_ln121)> <Delay = 0.00>
ST_25 : Operation 157 [1/1] (0.00ns)   --->   "%trunc_ln121_1 = trunc i32 %length" [hls-design/ntt-kernel.cpp:121]   --->   Operation 157 'trunc' 'trunc_ln121_1' <Predicate = (icmp_ln121)> <Delay = 0.00>
ST_25 : Operation 158 [1/1] (0.80ns)   --->   "%sub53 = add i12 %trunc_ln121_1, i12 4095" [hls-design/ntt-kernel.cpp:121]   --->   Operation 158 'add' 'sub53' <Predicate = (icmp_ln121)> <Delay = 0.80> <CoreInst = "Adder">   --->   Core 1 'Adder' <Latency = 0> <II = 1> <Delay = 0.80> <FuncUnit> <Opcode : 'add' 'sub'> <InPorts = 2> <OutPorts = 1>
ST_25 : Operation 159 [2/2] (2.37ns)   --->   "%call_ln51 = call void @ntt_kernel_Pipeline_FLATTENED_BUTTERFLY_LOOP, i31 %half_n, i12 %sub53, i32 %stage, i32 %stage_1, i12 %trunc_ln121_1, i12 %trunc_ln121, i32 %local_twiddles, i32 %ping, i32 %pong, i1 %use_ping_as_input, i32 %q_inv_read, i32 %q_read, i32 %q_read" [hls-design/ntt-kernel.cpp:51]   --->   Operation 159 'call' 'call_ln51' <Predicate = (icmp_ln121)> <Delay = 2.37> <CoreType = "Generic">   --->   Core 0 '' <Latency = 0> <II = 1> <Delay = 1.00> <Generic> <Opcode : >
ST_25 : Operation 160 [1/1] (1.01ns)   --->   "%offset_1 = add i32 %length, i32 %offset" [hls-design/ntt-kernel.cpp:159]   --->   Operation 160 'add' 'offset_1' <Predicate = (icmp_ln121)> <Delay = 1.01> <CoreInst = "Adder">   --->   Core 1 'Adder' <Latency = 0> <II = 1> <Delay = 1.01> <FuncUnit> <Opcode : 'add' 'sub'> <InPorts = 2> <OutPorts = 1>
ST_25 : Operation 161 [1/1] (0.28ns)   --->   "%use_ping_as_input_1 = xor i1 %use_ping_as_input, i1 1" [hls-design/ntt-kernel.cpp:161]   --->   Operation 161 'xor' 'use_ping_as_input_1' <Predicate = (icmp_ln121)> <Delay = 0.28> <CoreInst = "LogicGate">   --->   Core 74 'LogicGate' <Latency = 0> <II = 1> <Delay = 0.28> <FuncUnit> <Opcode : 'and' 'or' 'xor'> <InPorts = 2> <OutPorts = 1>
ST_25 : Operation 162 [1/1] (0.00ns)   --->   "%length_1 = shl i32 %length, i32 1" [hls-design/ntt-kernel.cpp:121]   --->   Operation 162 'shl' 'length_1' <Predicate = (icmp_ln121)> <Delay = 0.00>
ST_25 : Operation 163 [1/1] (0.00ns)   --->   "%trunc_ln6 = partselect i62 @_ssdm_op_PartSelect.i62.i64.i32.i32, i64 %add_ln97, i32 2, i32 63" [hls-design/ntt-kernel.cpp:165]   --->   Operation 163 'partselect' 'trunc_ln6' <Predicate = (!icmp_ln121)> <Delay = 0.00>
ST_25 : Operation 164 [1/1] (0.42ns)   --->   "%store_ln97 = store i31 %add_ln97_1, i31 %b" [hls-design/ntt-kernel.cpp:97]   --->   Operation 164 'store' 'store_ln97' <Predicate = (!icmp_ln121)> <Delay = 0.42>
ST_25 : Operation 165 [1/1] (0.42ns)   --->   "%store_ln97 = store i62 %add_ln97_2, i62 %phi_mul" [hls-design/ntt-kernel.cpp:97]   --->   Operation 165 'store' 'store_ln97' <Predicate = (!icmp_ln121)> <Delay = 0.42>

State 26 <SV = 25> <Delay = 0.00>
ST_26 : Operation 166 [1/1] (0.00ns)   --->   "%speclooptripcount_ln122 = speclooptripcount void @_ssdm_op_SpecLoopTripCount, i64 1, i64 12, i64 6" [hls-design/ntt-kernel.cpp:122]   --->   Operation 166 'speclooptripcount' 'speclooptripcount_ln122' <Predicate = true> <Delay = 0.00>
ST_26 : Operation 167 [1/1] (0.00ns)   --->   "%specloopname_ln121 = specloopname void @_ssdm_op_SpecLoopName, void @empty_25" [hls-design/ntt-kernel.cpp:121]   --->   Operation 167 'specloopname' 'specloopname_ln121' <Predicate = true> <Delay = 0.00>
ST_26 : Operation 168 [1/2] (0.00ns)   --->   "%call_ln51 = call void @ntt_kernel_Pipeline_FLATTENED_BUTTERFLY_LOOP, i31 %half_n, i12 %sub53, i32 %stage, i32 %stage_1, i12 %trunc_ln121_1, i12 %trunc_ln121, i32 %local_twiddles, i32 %ping, i32 %pong, i1 %use_ping_as_input, i32 %q_inv_read, i32 %q_read, i32 %q_read" [hls-design/ntt-kernel.cpp:51]   --->   Operation 168 'call' 'call_ln51' <Predicate = true> <Delay = 0.00> <CoreType = "Generic">   --->   Core 0 '' <Latency = 0> <II = 1> <Delay = 1.00> <Generic> <Opcode : >
ST_26 : Operation 169 [1/1] (0.00ns)   --->   "%br_ln121 = br void %for.cond45" [hls-design/ntt-kernel.cpp:121]   --->   Operation 169 'br' 'br_ln121' <Predicate = true> <Delay = 0.00>

State 27 <SV = 25> <Delay = 7.30>
ST_27 : Operation 170 [1/1] (0.00ns)   --->   "%sext_ln165 = sext i62 %trunc_ln6" [hls-design/ntt-kernel.cpp:165]   --->   Operation 170 'sext' 'sext_ln165' <Predicate = true> <Delay = 0.00>
ST_27 : Operation 171 [1/1] (0.00ns)   --->   "%gmem0_addr_1 = getelementptr i32 %gmem0, i64 %sext_ln165" [hls-design/ntt-kernel.cpp:165]   --->   Operation 171 'getelementptr' 'gmem0_addr_1' <Predicate = true> <Delay = 0.00>
ST_27 : Operation 172 [1/1] (7.30ns)   --->   "%empty_41 = writereq i1 @_ssdm_op_WriteReq.m_axi.p1i32, i32 %gmem0_addr_1, i32 %zext_ln91" [hls-design/ntt-kernel.cpp:165]   --->   Operation 172 'writereq' 'empty_41' <Predicate = true> <Delay = 7.30> <CoreInst = "m_axi">   --->   Core 121 'm_axi' <Latency = 0> <II = 1> <Delay = 1.00> <Adapter> <Opcode : 'read' 'write' 'readreq' 'writereq' 'writeresp'>

State 28 <SV = 26> <Delay = 1.44>
ST_28 : Operation 173 [2/2] (1.44ns)   --->   "%call_ln51 = call void @ntt_kernel_Pipeline_WRITE_BACK_LOOP, i32 %gmem0, i32 %n_read, i62 %trunc_ln6, i32 %ping, i32 %pong, i1 %use_ping_as_input" [hls-design/ntt-kernel.cpp:51]   --->   Operation 173 'call' 'call_ln51' <Predicate = true> <Delay = 1.44> <CoreType = "Generic">   --->   Core 0 '' <Latency = 0> <II = 1> <Delay = 1.00> <Generic> <Opcode : >

State 29 <SV = 27> <Delay = 0.00>
ST_29 : Operation 174 [1/2] (0.00ns)   --->   "%call_ln51 = call void @ntt_kernel_Pipeline_WRITE_BACK_LOOP, i32 %gmem0, i32 %n_read, i62 %trunc_ln6, i32 %ping, i32 %pong, i1 %use_ping_as_input" [hls-design/ntt-kernel.cpp:51]   --->   Operation 174 'call' 'call_ln51' <Predicate = true> <Delay = 0.00> <CoreType = "Generic">   --->   Core 0 '' <Latency = 0> <II = 1> <Delay = 1.00> <Generic> <Opcode : >

State 30 <SV = 28> <Delay = 7.30>
ST_30 : Operation 175 [5/5] (7.30ns)   --->   "%empty_42 = writeresp i1 @_ssdm_op_WriteResp.m_axi.p1i32, i32 %gmem0_addr_1" [hls-design/ntt-kernel.cpp:174]   --->   Operation 175 'writeresp' 'empty_42' <Predicate = true> <Delay = 7.30> <CoreInst = "m_axi">   --->   Core 121 'm_axi' <Latency = 0> <II = 1> <Delay = 1.00> <Adapter> <Opcode : 'read' 'write' 'readreq' 'writereq' 'writeresp'>

State 31 <SV = 29> <Delay = 7.30>
ST_31 : Operation 176 [4/5] (7.30ns)   --->   "%empty_42 = writeresp i1 @_ssdm_op_WriteResp.m_axi.p1i32, i32 %gmem0_addr_1" [hls-design/ntt-kernel.cpp:174]   --->   Operation 176 'writeresp' 'empty_42' <Predicate = true> <Delay = 7.30> <CoreInst = "m_axi">   --->   Core 121 'm_axi' <Latency = 0> <II = 1> <Delay = 1.00> <Adapter> <Opcode : 'read' 'write' 'readreq' 'writereq' 'writeresp'>

State 32 <SV = 30> <Delay = 7.30>
ST_32 : Operation 177 [3/5] (7.30ns)   --->   "%empty_42 = writeresp i1 @_ssdm_op_WriteResp.m_axi.p1i32, i32 %gmem0_addr_1" [hls-design/ntt-kernel.cpp:174]   --->   Operation 177 'writeresp' 'empty_42' <Predicate = true> <Delay = 7.30> <CoreInst = "m_axi">   --->   Core 121 'm_axi' <Latency = 0> <II = 1> <Delay = 1.00> <Adapter> <Opcode : 'read' 'write' 'readreq' 'writereq' 'writeresp'>

State 33 <SV = 31> <Delay = 7.30>
ST_33 : Operation 178 [2/5] (7.30ns)   --->   "%empty_42 = writeresp i1 @_ssdm_op_WriteResp.m_axi.p1i32, i32 %gmem0_addr_1" [hls-design/ntt-kernel.cpp:174]   --->   Operation 178 'writeresp' 'empty_42' <Predicate = true> <Delay = 7.30> <CoreInst = "m_axi">   --->   Core 121 'm_axi' <Latency = 0> <II = 1> <Delay = 1.00> <Adapter> <Opcode : 'read' 'write' 'readreq' 'writereq' 'writeresp'>

State 34 <SV = 32> <Delay = 7.30>
ST_34 : Operation 179 [1/5] (7.30ns)   --->   "%empty_42 = writeresp i1 @_ssdm_op_WriteResp.m_axi.p1i32, i32 %gmem0_addr_1" [hls-design/ntt-kernel.cpp:174]   --->   Operation 179 'writeresp' 'empty_42' <Predicate = true> <Delay = 7.30> <CoreInst = "m_axi">   --->   Core 121 'm_axi' <Latency = 0> <II = 1> <Delay = 1.00> <Adapter> <Opcode : 'read' 'write' 'readreq' 'writereq' 'writeresp'>
ST_34 : Operation 180 [1/1] (0.00ns)   --->   "%br_ln97 = br void %BURST_READ_LOOP" [hls-design/ntt-kernel.cpp:97]   --->   Operation 180 'br' 'br_ln97' <Predicate = true> <Delay = 0.00>


============================================================
+ Verbose Summary: Timing violations
============================================================
Target clock period: 10.000ns, clock uncertainty: 2.700ns.

 <State 1>: 3.450ns
The critical path consists of the following:
	s_axi read operation ('n_read', hls-design/ntt-kernel.cpp:51) on port 'n' (hls-design/ntt-kernel.cpp:51) [13]  (1.000 ns)
	'add' operation 32 bit ('sub', hls-design/ntt-kernel.cpp:51) [56]  (1.016 ns)
	'icmp' operation 1 bit ('icmp_ln84', hls-design/ntt-kernel.cpp:84) [58]  (1.016 ns)
	'select' operation 31 bit ('empty', hls-design/ntt-kernel.cpp:84) [62]  (0.418 ns)

 <State 2>: 7.300ns
The critical path consists of the following:
	'getelementptr' operation 32 bit ('gmem2_addr', hls-design/ntt-kernel.cpp:84) [61]  (0.000 ns)
	bus request operation ('empty_37', hls-design/ntt-kernel.cpp:84) on port 'gmem2' (hls-design/ntt-kernel.cpp:84) [64]  (7.300 ns)

 <State 3>: 7.300ns
The critical path consists of the following:
	bus request operation ('empty_37', hls-design/ntt-kernel.cpp:84) on port 'gmem2' (hls-design/ntt-kernel.cpp:84) [64]  (7.300 ns)

 <State 4>: 7.300ns
The critical path consists of the following:
	bus request operation ('empty_37', hls-design/ntt-kernel.cpp:84) on port 'gmem2' (hls-design/ntt-kernel.cpp:84) [64]  (7.300 ns)

 <State 5>: 7.300ns
The critical path consists of the following:
	bus request operation ('empty_37', hls-design/ntt-kernel.cpp:84) on port 'gmem2' (hls-design/ntt-kernel.cpp:84) [64]  (7.300 ns)

 <State 6>: 7.300ns
The critical path consists of the following:
	bus request operation ('empty_37', hls-design/ntt-kernel.cpp:84) on port 'gmem2' (hls-design/ntt-kernel.cpp:84) [64]  (7.300 ns)

 <State 7>: 7.300ns
The critical path consists of the following:
	bus request operation ('empty_37', hls-design/ntt-kernel.cpp:84) on port 'gmem2' (hls-design/ntt-kernel.cpp:84) [64]  (7.300 ns)

 <State 8>: 7.300ns
The critical path consists of the following:
	bus request operation ('empty_37', hls-design/ntt-kernel.cpp:84) on port 'gmem2' (hls-design/ntt-kernel.cpp:84) [64]  (7.300 ns)

 <State 9>: 7.300ns
The critical path consists of the following:
	bus request operation ('empty_37', hls-design/ntt-kernel.cpp:84) on port 'gmem2' (hls-design/ntt-kernel.cpp:84) [64]  (7.300 ns)

 <State 10>: 1.443ns
The critical path consists of the following:
	'call' operation 0 bit ('call_ln51', hls-design/ntt-kernel.cpp:51) to 'ntt_kernel_Pipeline_CACHE_TWIDDLES_LOOP' [65]  (1.443 ns)

 <State 11>: 0.000ns
The critical path consists of the following:

 <State 12>: 1.088ns
The critical path consists of the following:
	'load' operation 62 bit ('phi_mul_load', hls-design/ntt-kernel.cpp:97) on local variable 'phi_mul' [80]  (0.000 ns)
	'add' operation 62 bit ('add_ln97_2', hls-design/ntt-kernel.cpp:97) [82]  (1.088 ns)

 <State 13>: 7.300ns
The critical path consists of the following:
	'getelementptr' operation 32 bit ('gmem0_addr', hls-design/ntt-kernel.cpp:103) [96]  (0.000 ns)
	bus request operation ('empty_40', hls-design/ntt-kernel.cpp:103) on port 'gmem0' (hls-design/ntt-kernel.cpp:103) [97]  (7.300 ns)

 <State 14>: 7.300ns
The critical path consists of the following:
	bus request operation ('empty_40', hls-design/ntt-kernel.cpp:103) on port 'gmem0' (hls-design/ntt-kernel.cpp:103) [97]  (7.300 ns)

 <State 15>: 7.300ns
The critical path consists of the following:
	bus request operation ('empty_40', hls-design/ntt-kernel.cpp:103) on port 'gmem0' (hls-design/ntt-kernel.cpp:103) [97]  (7.300 ns)

 <State 16>: 7.300ns
The critical path consists of the following:
	bus request operation ('empty_40', hls-design/ntt-kernel.cpp:103) on port 'gmem0' (hls-design/ntt-kernel.cpp:103) [97]  (7.300 ns)

 <State 17>: 7.300ns
The critical path consists of the following:
	bus request operation ('empty_40', hls-design/ntt-kernel.cpp:103) on port 'gmem0' (hls-design/ntt-kernel.cpp:103) [97]  (7.300 ns)

 <State 18>: 7.300ns
The critical path consists of the following:
	bus request operation ('empty_40', hls-design/ntt-kernel.cpp:103) on port 'gmem0' (hls-design/ntt-kernel.cpp:103) [97]  (7.300 ns)

 <State 19>: 7.300ns
The critical path consists of the following:
	bus request operation ('empty_40', hls-design/ntt-kernel.cpp:103) on port 'gmem0' (hls-design/ntt-kernel.cpp:103) [97]  (7.300 ns)

 <State 20>: 7.300ns
The critical path consists of the following:
	bus request operation ('empty_40', hls-design/ntt-kernel.cpp:103) on port 'gmem0' (hls-design/ntt-kernel.cpp:103) [97]  (7.300 ns)

 <State 21>: 1.433ns
The critical path consists of the following:
	'call' operation 0 bit ('call_ln51', hls-design/ntt-kernel.cpp:51) to 'ntt_kernel_Pipeline_BURST_READ_LOOP' [98]  (1.433 ns)

 <State 22>: 0.000ns
The critical path consists of the following:

 <State 23>: 1.433ns
The critical path consists of the following:
	'call' operation 0 bit ('call_ln51', hls-design/ntt-kernel.cpp:51) to 'ntt_kernel_Pipeline_PERMUTE_LOOP' [99]  (1.433 ns)

 <State 24>: 0.427ns
The critical path consists of the following:
	multiplexor before 'phi' operation 32 bit ('offset') with incoming values : ('offset', hls-design/ntt-kernel.cpp:159) [104]  (0.427 ns)

 <State 25>: 3.389ns
The critical path consists of the following:
	'phi' operation 32 bit ('stage') with incoming values : ('stage') [106]  (0.000 ns)
	'add' operation 32 bit ('stage') [109]  (1.016 ns)
	'call' operation 0 bit ('call_ln51', hls-design/ntt-kernel.cpp:51) to 'ntt_kernel_Pipeline_FLATTENED_BUTTERFLY_LOOP' [117]  (2.373 ns)

 <State 26>: 0.000ns
The critical path consists of the following:

 <State 27>: 7.300ns
The critical path consists of the following:
	'getelementptr' operation 32 bit ('gmem0_addr_1', hls-design/ntt-kernel.cpp:165) [125]  (0.000 ns)
	bus request operation ('empty_41', hls-design/ntt-kernel.cpp:165) on port 'gmem0' (hls-design/ntt-kernel.cpp:165) [126]  (7.300 ns)

 <State 28>: 1.443ns
The critical path consists of the following:
	'call' operation 0 bit ('call_ln51', hls-design/ntt-kernel.cpp:51) to 'ntt_kernel_Pipeline_WRITE_BACK_LOOP' [127]  (1.443 ns)

 <State 29>: 0.000ns
The critical path consists of the following:

 <State 30>: 7.300ns
The critical path consists of the following:
	bus response operation ('empty_42', hls-design/ntt-kernel.cpp:174) on port 'gmem0' (hls-design/ntt-kernel.cpp:174) [128]  (7.300 ns)

 <State 31>: 7.300ns
The critical path consists of the following:
	bus response operation ('empty_42', hls-design/ntt-kernel.cpp:174) on port 'gmem0' (hls-design/ntt-kernel.cpp:174) [128]  (7.300 ns)

 <State 32>: 7.300ns
The critical path consists of the following:
	bus response operation ('empty_42', hls-design/ntt-kernel.cpp:174) on port 'gmem0' (hls-design/ntt-kernel.cpp:174) [128]  (7.300 ns)

 <State 33>: 7.300ns
The critical path consists of the following:
	bus response operation ('empty_42', hls-design/ntt-kernel.cpp:174) on port 'gmem0' (hls-design/ntt-kernel.cpp:174) [128]  (7.300 ns)

 <State 34>: 7.300ns
The critical path consists of the following:
	bus response operation ('empty_42', hls-design/ntt-kernel.cpp:174) on port 'gmem0' (hls-design/ntt-kernel.cpp:174) [128]  (7.300 ns)


============================================================
+ Verbose Summary: Binding
============================================================
N/A
* FSMD analyzer results:
  - Output states:
 - Input state : 
  - Chain level:
	State 1
	State 2
	State 3
	State 4
	State 5
	State 6
	State 7
	State 8
	State 9
	State 10
	State 11
	State 12
	State 13
	State 14
	State 15
	State 16
	State 17
	State 18
	State 19
	State 20
	State 21
	State 22
	State 23
	State 24
	State 25
	State 26
	State 27
	State 28
	State 29
	State 30
	State 31
	State 32
	State 33
	State 34


============================================================
+ Verbose Summary: Datapath Resource usage 
============================================================
N/A
