

================================================================
== Vitis HLS Report for 'ntt_kernel_Pipeline_WRITE_BACK_LOOP'
================================================================
* Date:           Thu May 28 14:13:15 2026

* Version:        2023.2 (Build 4023990 on Oct 11 2023)
* Project:        hls-design
* Solution:       ntt-asic (Vivado IP Flow Target)
* Product family: zynquplus
* Target device:  xck26-sfvc784-2LV-c


================================================================
== Performance Estimates
================================================================
+ Timing: 
    * Summary: 
    +--------+----------+----------+------------+
    |  Clock |  Target  | Estimated| Uncertainty|
    +--------+----------+----------+------------+
    |ap_clk  |  10.00 ns|  7.300 ns|     2.70 ns|
    +--------+----------+----------+------------+

+ Latency: 
    * Summary: 
    +---------+---------+----------+----------+-----+-------+---------+
    |  Latency (cycles) |  Latency (absolute) |   Interval  | Pipeline|
    |   min   |   max   |    min   |    max   | min |  max  |   Type  |
    +---------+---------+----------+----------+-----+-------+---------+
    |      259|    65539|  2.590 us|  0.655 ms|  259|  65539|       no|
    +---------+---------+----------+----------+-----+-------+---------+

    + Detail: 
        * Instance: 
        N/A

        * Loop: 
        +-------------------+---------+---------+----------+-----------+-----------+-------------+----------+
        |                   |  Latency (cycles) | Iteration|  Initiation Interval  |     Trip    |          |
        |     Loop Name     |   min   |   max   |  Latency |  achieved |   target  |    Count    | Pipelined|
        +-------------------+---------+---------+----------+-----------+-----------+-------------+----------+
        |- WRITE_BACK_LOOP  |      257|    65537|         3|          1|          1|  256 ~ 65536|       yes|
        +-------------------+---------+---------+----------+-----------+-----------+-------------+----------+

============================================================
+ Verbose Summary: Synthesis Manager
============================================================
InlineROM: 1
ExposeGlobal: 0
============================================================
+ Verbose Summary: CDFG Model
============================================================
IsTopModel: 0
ResetActiveHigh: 1
IsCombinational: 0
IsDatapathOnly: 0
HasWiredReturn: 1
HasMFsm: 2
HasVarLatency: 1
IsPipeline: 0
IsRtlPipelined: 0
IsInstanceOverlapped: 0
IsDontTouch: 0
HasImplIP: 0
IsGatedGlobalClock: 0

+ Individual pipeline summary: 
  * Pipeline-0: initiation interval (II) = 1, depth = 3


============================================================
+ Verbose Summary: Schedule
============================================================
* Number of FSM states : 3
* Pipeline : 1
  Pipeline-0 : II = 1, D = 3, States = { 1 2 3 }
* Dataflow Pipeline: 0

* FSM state transitions: 
1 --> 2 
2 --> 3 
3 --> 

* FSM state operations: 

State 1 <SV = 0> <Delay = 1.87>
ST_1 : Operation 6 [1/1] (0.00ns)   --->   "%i = alloca i32 1" [hls-design/ntt-kernel.cpp:104]   --->   Operation 6 'alloca' 'i' <Predicate = true> <Delay = 0.00>
ST_1 : Operation 7 [1/1] (0.00ns)   --->   "%sext_ln104_read = read i62 @_ssdm_op_Read.ap_auto.i62, i62 %sext_ln104"   --->   Operation 7 'read' 'sext_ln104_read' <Predicate = true> <Delay = 0.00>
ST_1 : Operation 8 [1/1] (0.00ns)   --->   "%n_read = read i32 @_ssdm_op_Read.ap_auto.i32, i32 %n"   --->   Operation 8 'read' 'n_read' <Predicate = true> <Delay = 0.00>
ST_1 : Operation 9 [1/1] (0.00ns)   --->   "%sext_ln104_cast = sext i62 %sext_ln104_read"   --->   Operation 9 'sext' 'sext_ln104_cast' <Predicate = true> <Delay = 0.00>
ST_1 : Operation 10 [1/1] (0.00ns)   --->   "%specmemcore_ln0 = specmemcore void @_ssdm_op_SpecMemCore, i32 %local_x, i64 666, i64 22, i64 18446744073709551615"   --->   Operation 10 'specmemcore' 'specmemcore_ln0' <Predicate = true> <Delay = 0.00>
ST_1 : Operation 11 [1/1] (0.00ns)   --->   "%specinterface_ln0 = specinterface void @_ssdm_op_SpecInterface, i32 %gmem0, void @empty_10, i32 0, i32 0, void @empty, i32 0, i32 65536, void @empty_0, void @empty_1, void @empty, i32 16, i32 16, i32 16, i32 16, void @empty, void @empty, i32 4294967295, i32 0"   --->   Operation 11 'specinterface' 'specinterface_ln0' <Predicate = true> <Delay = 0.00>
ST_1 : Operation 12 [1/1] (0.42ns)   --->   "%store_ln104 = store i17 0, i17 %i" [hls-design/ntt-kernel.cpp:104]   --->   Operation 12 'store' 'store_ln104' <Predicate = true> <Delay = 0.42>
ST_1 : Operation 13 [1/1] (0.00ns)   --->   "%br_ln0 = br void %for.inc62"   --->   Operation 13 'br' 'br_ln0' <Predicate = true> <Delay = 0.00>
ST_1 : Operation 14 [1/1] (0.00ns)   --->   "%i_1 = load i17 %i" [hls-design/ntt-kernel.cpp:104]   --->   Operation 14 'load' 'i_1' <Predicate = true> <Delay = 0.00>
ST_1 : Operation 15 [1/1] (0.00ns)   --->   "%specbitsmap_ln0 = specbitsmap void @_ssdm_op_SpecBitsMap, i32 %gmem0"   --->   Operation 15 'specbitsmap' 'specbitsmap_ln0' <Predicate = true> <Delay = 0.00>
ST_1 : Operation 16 [1/1] (0.00ns)   --->   "%zext_ln104_1 = zext i17 %i_1" [hls-design/ntt-kernel.cpp:104]   --->   Operation 16 'zext' 'zext_ln104_1' <Predicate = true> <Delay = 0.00>
ST_1 : Operation 17 [1/1] (1.01ns)   --->   "%icmp_ln104 = icmp_slt  i32 %zext_ln104_1, i32 %n_read" [hls-design/ntt-kernel.cpp:104]   --->   Operation 17 'icmp' 'icmp_ln104' <Predicate = true> <Delay = 1.01> <CoreInst = "Cmp">   --->   Core 9 'Cmp' <Latency = 0> <II = 1> <Delay = 1.01> <FuncUnit> <Opcode : 'icmp'> <InPorts = 2> <OutPorts = 1>
ST_1 : Operation 18 [1/1] (0.86ns)   --->   "%add_ln104 = add i17 %i_1, i17 1" [hls-design/ntt-kernel.cpp:104]   --->   Operation 18 'add' 'add_ln104' <Predicate = true> <Delay = 0.86> <CoreInst = "Adder">   --->   Core 1 'Adder' <Latency = 0> <II = 1> <Delay = 0.86> <FuncUnit> <Opcode : 'add' 'sub'> <InPorts = 2> <OutPorts = 1>
ST_1 : Operation 19 [1/1] (0.00ns)   --->   "%br_ln104 = br i1 %icmp_ln104, void %for.inc65.loopexit.exitStub, void %for.inc62.split" [hls-design/ntt-kernel.cpp:104]   --->   Operation 19 'br' 'br_ln104' <Predicate = true> <Delay = 0.00>
ST_1 : Operation 20 [1/1] (0.00ns)   --->   "%zext_ln104 = zext i17 %i_1" [hls-design/ntt-kernel.cpp:104]   --->   Operation 20 'zext' 'zext_ln104' <Predicate = (icmp_ln104)> <Delay = 0.00>
ST_1 : Operation 21 [1/1] (0.00ns)   --->   "%local_x_addr = getelementptr i32 %local_x, i64 0, i64 %zext_ln104" [hls-design/ntt-kernel.cpp:107]   --->   Operation 21 'getelementptr' 'local_x_addr' <Predicate = (icmp_ln104)> <Delay = 0.00>
ST_1 : Operation 22 [2/2] (1.23ns)   --->   "%local_x_load = load i16 %local_x_addr" [hls-design/ntt-kernel.cpp:107]   --->   Operation 22 'load' 'local_x_load' <Predicate = (icmp_ln104)> <Delay = 1.23> <CoreInst = "RAM_2P_BRAM">   --->   Core 94 'RAM_2P_BRAM' <Latency = 1> <II = 1> <Delay = 1.23> <Storage> <Opcode : 'load' 'store'> <Ports = 2> <Width = 32> <Depth = 65536> <RAM>
ST_1 : Operation 23 [1/1] (0.42ns)   --->   "%store_ln104 = store i17 %add_ln104, i17 %i" [hls-design/ntt-kernel.cpp:104]   --->   Operation 23 'store' 'store_ln104' <Predicate = (icmp_ln104)> <Delay = 0.42>

State 2 <SV = 1> <Delay = 1.23>
ST_2 : Operation 24 [1/2] (1.23ns)   --->   "%local_x_load = load i16 %local_x_addr" [hls-design/ntt-kernel.cpp:107]   --->   Operation 24 'load' 'local_x_load' <Predicate = true> <Delay = 1.23> <CoreInst = "RAM_2P_BRAM">   --->   Core 94 'RAM_2P_BRAM' <Latency = 1> <II = 1> <Delay = 1.23> <Storage> <Opcode : 'load' 'store'> <Ports = 2> <Width = 32> <Depth = 65536> <RAM>
ST_2 : Operation 31 [1/1] (0.00ns)   --->   "%ret_ln0 = ret"   --->   Operation 31 'ret' 'ret_ln0' <Predicate = (!icmp_ln104)> <Delay = 0.00>

State 3 <SV = 2> <Delay = 7.30>
ST_3 : Operation 25 [1/1] (0.00ns)   --->   "%gmem0_addr = getelementptr i32 %gmem0, i64 %sext_ln104_cast" [hls-design/ntt-kernel.cpp:104]   --->   Operation 25 'getelementptr' 'gmem0_addr' <Predicate = true> <Delay = 0.00>
ST_3 : Operation 26 [1/1] (0.00ns)   --->   "%specpipeline_ln105 = specpipeline void @_ssdm_op_SpecPipeline, i32 1, i32 0, i32 0, i32 0, void @empty" [hls-design/ntt-kernel.cpp:105]   --->   Operation 26 'specpipeline' 'specpipeline_ln105' <Predicate = true> <Delay = 0.00>
ST_3 : Operation 27 [1/1] (0.00ns)   --->   "%speclooptripcount_ln106 = speclooptripcount void @_ssdm_op_SpecLoopTripCount, i64 256, i64 65536, i64 32896" [hls-design/ntt-kernel.cpp:106]   --->   Operation 27 'speclooptripcount' 'speclooptripcount_ln106' <Predicate = true> <Delay = 0.00>
ST_3 : Operation 28 [1/1] (0.00ns)   --->   "%specloopname_ln104 = specloopname void @_ssdm_op_SpecLoopName, void @empty_19" [hls-design/ntt-kernel.cpp:104]   --->   Operation 28 'specloopname' 'specloopname_ln104' <Predicate = true> <Delay = 0.00>
ST_3 : Operation 29 [1/1] (7.30ns)   --->   "%write_ln107 = write void @_ssdm_op_Write.m_axi.p1i32, i32 %gmem0_addr, i32 %local_x_load, i4 15" [hls-design/ntt-kernel.cpp:107]   --->   Operation 29 'write' 'write_ln107' <Predicate = true> <Delay = 7.30> <CoreInst = "m_axi">   --->   Core 121 'm_axi' <Latency = 0> <II = 1> <Delay = 1.00> <Adapter> <Opcode : 'read' 'write' 'readreq' 'writereq' 'writeresp'>
ST_3 : Operation 30 [1/1] (0.00ns)   --->   "%br_ln104 = br void %for.inc62" [hls-design/ntt-kernel.cpp:104]   --->   Operation 30 'br' 'br_ln104' <Predicate = true> <Delay = 0.00>


============================================================
+ Verbose Summary: Binding
============================================================
STG Binding: 
---------------- STG Properties BEGIN ----------------
- Is combinational: 0
- Is one-state seq: 0
- Is datapath-only: 0
- Is pipelined: 0
- Is top level: 0
Port [ Return ] is wired: 1; IO mode=ap_ctrl_hs:ce=0
Port [ gmem0]:  wired=1; compound=1; hidden=0; nouse=0; global=0; static=0; extern=0; dir=1; type=4; pingpong=0; private_global=0; IO mode=m_axi:ce=0
Port [ n]:  wired=1; compound=0; hidden=0; nouse=0; global=0; static=0; extern=0; dir=0; type=0; pingpong=0; private_global=0; IO mode=ap_none:ce=0
Port [ sext_ln104]:  wired=1; compound=0; hidden=0; nouse=0; global=0; static=0; extern=0; dir=0; type=0; pingpong=0; private_global=0; IO mode=ap_none:ce=0
Port [ local_x]:  wired=1; compound=1; hidden=0; nouse=0; global=0; static=0; extern=0; dir=0; type=1; pingpong=0; private_global=0; MemPort=[13]; IO mode=ap_memory:ce=0
---------------- STG Properties END ------------------

---------------- Datapath Model BEGIN ----------------

<LifeTime>
<method=bitvector/>
i                       (alloca           ) [ 0100]
sext_ln104_read         (read             ) [ 0000]
n_read                  (read             ) [ 0000]
sext_ln104_cast         (sext             ) [ 0111]
specmemcore_ln0         (specmemcore      ) [ 0000]
specinterface_ln0       (specinterface    ) [ 0000]
store_ln104             (store            ) [ 0000]
br_ln0                  (br               ) [ 0000]
i_1                     (load             ) [ 0000]
specbitsmap_ln0         (specbitsmap      ) [ 0000]
zext_ln104_1            (zext             ) [ 0000]
icmp_ln104              (icmp             ) [ 0110]
add_ln104               (add              ) [ 0000]
br_ln104                (br               ) [ 0000]
zext_ln104              (zext             ) [ 0000]
local_x_addr            (getelementptr    ) [ 0110]
store_ln104             (store            ) [ 0000]
local_x_load            (load             ) [ 0101]
gmem0_addr              (getelementptr    ) [ 0000]
specpipeline_ln105      (specpipeline     ) [ 0000]
speclooptripcount_ln106 (speclooptripcount) [ 0000]
specloopname_ln104      (specloopname     ) [ 0000]
write_ln107             (write            ) [ 0000]
br_ln104                (br               ) [ 0000]
ret_ln0                 (ret              ) [ 0000]
</LifeTime>

<model>

<comp_list>
<comp id="0" class="1000" name="gmem0">
<pin_list>
<pin id="1" dir="1" index="0" bw="1" slack="0"/>
</pin_list>
<bind>
<StgValue><ssdm name="gmem0"/></StgValue>
</bind>
</comp>

<comp id="2" class="1000" name="n">
<pin_list>
<pin id="3" dir="1" index="0" bw="1" slack="0"/>
</pin_list>
<bind>
<StgValue><ssdm name="n"/></StgValue>
</bind>
</comp>

<comp id="4" class="1000" name="sext_ln104">
<pin_list>
<pin id="5" dir="1" index="0" bw="1" slack="0"/>
</pin_list>
<bind>
<StgValue><ssdm name="sext_ln104"/></StgValue>
</bind>
</comp>

<comp id="6" class="1000" name="local_x">
<pin_list>
<pin id="7" dir="1" index="0" bw="1" slack="0"/>
</pin_list>
<bind>
<StgValue><ssdm name="local_x"/><MemPortTyVec>1 3 </MemPortTyVec>
</StgValue>
</bind>
</comp>

<comp id="8" class="1001" name="const_8">
<pin_list>
<pin id="9" dir="1" index="0" bw="1" slack="0"/>
</pin_list>
<bind>
<StgValue><ssdm name=""/></StgValue>
</bind>
</comp>

<comp id="10" class="1001" name="const_10">
<pin_list>
<pin id="11" dir="1" index="0" bw="1" slack="0"/>
</pin_list>
<bind>
<StgValue><ssdm name="_ssdm_op_Read.ap_auto.i62"/></StgValue>
</bind>
</comp>

<comp id="12" class="1001" name="const_12">
<pin_list>
<pin id="13" dir="1" index="0" bw="1" slack="0"/>
</pin_list>
<bind>
<StgValue><ssdm name="_ssdm_op_Read.ap_auto.i32"/></StgValue>
</bind>
</comp>

<comp id="14" class="1001" name="const_14">
<pin_list>
<pin id="15" dir="1" index="0" bw="1" slack="2147483647"/>
</pin_list>
<bind>
<StgValue><ssdm name="_ssdm_op_SpecMemCore"/></StgValue>
</bind>
</comp>

<comp id="16" class="1001" name="const_16">
<pin_list>
<pin id="17" dir="1" index="0" bw="1" slack="2147483647"/>
</pin_list>
<bind>
<StgValue><ssdm name=""/></StgValue>
</bind>
</comp>

<comp id="18" class="1001" name="const_18">
<pin_list>
<pin id="19" dir="1" index="0" bw="1" slack="2147483647"/>
</pin_list>
<bind>
<StgValue><ssdm name=""/></StgValue>
</bind>
</comp>

<comp id="20" class="1001" name="const_20">
<pin_list>
<pin id="21" dir="1" index="0" bw="1" slack="2147483647"/>
</pin_list>
<bind>
<StgValue><ssdm name=""/></StgValue>
</bind>
</comp>

<comp id="22" class="1001" name="const_22">
<pin_list>
<pin id="23" dir="1" index="0" bw="1" slack="2147483647"/>
</pin_list>
<bind>
<StgValue><ssdm name="_ssdm_op_SpecInterface"/></StgValue>
</bind>
</comp>

<comp id="24" class="1001" name="const_24">
<pin_list>
<pin id="25" dir="1" index="0" bw="1" slack="2147483647"/>
</pin_list>
<bind>
<StgValue><ssdm name="empty_10"/></StgValue>
</bind>
</comp>

<comp id="26" class="1001" name="const_26">
<pin_list>
<pin id="27" dir="1" index="0" bw="1" slack="2147483647"/>
</pin_list>
<bind>
<StgValue><ssdm name=""/></StgValue>
</bind>
</comp>

<comp id="28" class="1001" name="const_28">
<pin_list>
<pin id="29" dir="1" index="0" bw="1" slack="2147483647"/>
</pin_list>
<bind>
<StgValue><ssdm name="empty"/></StgValue>
</bind>
</comp>

<comp id="30" class="1001" name="const_30">
<pin_list>
<pin id="31" dir="1" index="0" bw="1" slack="2147483647"/>
</pin_list>
<bind>
<StgValue><ssdm name=""/></StgValue>
</bind>
</comp>

<comp id="32" class="1001" name="const_32">
<pin_list>
<pin id="33" dir="1" index="0" bw="1" slack="2147483647"/>
</pin_list>
<bind>
<StgValue><ssdm name="empty_0"/></StgValue>
</bind>
</comp>

<comp id="34" class="1001" name="const_34">
<pin_list>
<pin id="35" dir="1" index="0" bw="1" slack="2147483647"/>
</pin_list>
<bind>
<StgValue><ssdm name="empty_1"/></StgValue>
</bind>
</comp>

<comp id="36" class="1001" name="const_36">
<pin_list>
<pin id="37" dir="1" index="0" bw="1" slack="2147483647"/>
</pin_list>
<bind>
<StgValue><ssdm name=""/></StgValue>
</bind>
</comp>

<comp id="38" class="1001" name="const_38">
<pin_list>
<pin id="39" dir="1" index="0" bw="1" slack="2147483647"/>
</pin_list>
<bind>
<StgValue><ssdm name=""/></StgValue>
</bind>
</comp>

<comp id="40" class="1001" name="const_40">
<pin_list>
<pin id="41" dir="1" index="0" bw="1" slack="0"/>
</pin_list>
<bind>
<StgValue><ssdm name=""/></StgValue>
</bind>
</comp>

<comp id="42" class="1001" name="const_42">
<pin_list>
<pin id="43" dir="1" index="0" bw="1" slack="2147483647"/>
</pin_list>
<bind>
<StgValue><ssdm name="_ssdm_op_SpecBitsMap"/></StgValue>
</bind>
</comp>

<comp id="44" class="1001" name="const_44">
<pin_list>
<pin id="45" dir="1" index="0" bw="1" slack="0"/>
</pin_list>
<bind>
<StgValue><ssdm name=""/></StgValue>
</bind>
</comp>

<comp id="46" class="1001" name="const_46">
<pin_list>
<pin id="47" dir="1" index="0" bw="1" slack="0"/>
</pin_list>
<bind>
<StgValue><ssdm name=""/></StgValue>
</bind>
</comp>

<comp id="48" class="1001" name="const_48">
<pin_list>
<pin id="49" dir="1" index="0" bw="1" slack="2147483647"/>
</pin_list>
<bind>
<StgValue><ssdm name="_ssdm_op_SpecPipeline"/></StgValue>
</bind>
</comp>

<comp id="50" class="1001" name="const_50">
<pin_list>
<pin id="51" dir="1" index="0" bw="1" slack="2147483647"/>
</pin_list>
<bind>
<StgValue><ssdm name="_ssdm_op_SpecLoopTripCount"/></StgValue>
</bind>
</comp>

<comp id="52" class="1001" name="const_52">
<pin_list>
<pin id="53" dir="1" index="0" bw="1" slack="2147483647"/>
</pin_list>
<bind>
<StgValue><ssdm name=""/></StgValue>
</bind>
</comp>

<comp id="54" class="1001" name="const_54">
<pin_list>
<pin id="55" dir="1" index="0" bw="1" slack="2147483647"/>
</pin_list>
<bind>
<StgValue><ssdm name=""/></StgValue>
</bind>
</comp>

<comp id="56" class="1001" name="const_56">
<pin_list>
<pin id="57" dir="1" index="0" bw="1" slack="2147483647"/>
</pin_list>
<bind>
<StgValue><ssdm name=""/></StgValue>
</bind>
</comp>

<comp id="58" class="1001" name="const_58">
<pin_list>
<pin id="59" dir="1" index="0" bw="1" slack="2147483647"/>
</pin_list>
<bind>
<StgValue><ssdm name="_ssdm_op_SpecLoopName"/></StgValue>
</bind>
</comp>

<comp id="60" class="1001" name="const_60">
<pin_list>
<pin id="61" dir="1" index="0" bw="1" slack="2147483647"/>
</pin_list>
<bind>
<StgValue><ssdm name="empty_19"/></StgValue>
</bind>
</comp>

<comp id="62" class="1001" name="const_62">
<pin_list>
<pin id="63" dir="1" index="0" bw="1" slack="0"/>
</pin_list>
<bind>
<StgValue><ssdm name="_ssdm_op_Write.m_axi.p1i32"/></StgValue>
</bind>
</comp>

<comp id="64" class="1001" name="const_64">
<pin_list>
<pin id="65" dir="1" index="0" bw="1" slack="0"/>
</pin_list>
<bind>
<StgValue><ssdm name=""/></StgValue>
</bind>
</comp>

<comp id="66" class="1004" name="i_fu_66">
<pin_list>
<pin id="67" dir="0" index="0" bw="1" slack="0"/>
<pin id="68" dir="1" index="1" bw="17" slack="0"/>
</pin_list>
<bind>
<opcode="alloca(26) " fcode="alloca"/>
<opset="i/1 "/>
</bind>
</comp>

<comp id="70" class="1004" name="sext_ln104_read_read_fu_70">
<pin_list>
<pin id="71" dir="0" index="0" bw="62" slack="0"/>
<pin id="72" dir="0" index="1" bw="62" slack="0"/>
<pin id="73" dir="1" index="2" bw="62" slack="0"/>
</pin_list>
<bind>
<opcode="read(1150) " fcode="read"/>
<opset="sext_ln104_read/1 "/>
</bind>
</comp>

<comp id="76" class="1004" name="n_read_read_fu_76">
<pin_list>
<pin id="77" dir="0" index="0" bw="32" slack="0"/>
<pin id="78" dir="0" index="1" bw="32" slack="0"/>
<pin id="79" dir="1" index="2" bw="32" slack="0"/>
</pin_list>
<bind>
<opcode="read(1150) " fcode="read"/>
<opset="n_read/1 "/>
</bind>
</comp>

<comp id="82" class="1004" name="write_ln107_write_fu_82">
<pin_list>
<pin id="83" dir="0" index="0" bw="0" slack="0"/>
<pin id="84" dir="0" index="1" bw="32" slack="0"/>
<pin id="85" dir="0" index="2" bw="32" slack="1"/>
<pin id="86" dir="0" index="3" bw="1" slack="0"/>
<pin id="87" dir="1" index="4" bw="0" slack="2147483647"/>
</pin_list>
<bind>
<opcode="write(1151) " fcode="write"/>
<opset="write_ln107/3 "/>
</bind>
</comp>

<comp id="90" class="1004" name="local_x_addr_gep_fu_90">
<pin_list>
<pin id="91" dir="0" index="0" bw="32" slack="0"/>
<pin id="92" dir="0" index="1" bw="1" slack="0"/>
<pin id="93" dir="0" index="2" bw="17" slack="0"/>
<pin id="94" dir="1" index="3" bw="16" slack="0"/>
</pin_list>
<bind>
<opcode="getelementptr(29) " fcode="getelementptr"/>
<opset="local_x_addr/1 "/>
</bind>
</comp>

<comp id="97" class="1004" name="grp_access_fu_97">
<pin_list>
<pin id="98" dir="0" index="0" bw="16" slack="0"/>
<pin id="99" dir="0" index="1" bw="32" slack="2147483647"/>
<pin id="100" dir="0" index="2" bw="0" slack="2147483647"/>
<pin id="101" dir="1" index="3" bw="32" slack="1"/>
</pin_list>
<bind>
<opcode="load(27) " fcode="load"/>
<opset="local_x_load/1 "/>
</bind>
</comp>

<comp id="103" class="1004" name="sext_ln104_cast_fu_103">
<pin_list>
<pin id="104" dir="0" index="0" bw="62" slack="0"/>
<pin id="105" dir="1" index="1" bw="64" slack="2"/>
</pin_list>
<bind>
<opcode="sext(35) " fcode="sext"/>
<opset="sext_ln104_cast/1 "/>
</bind>
</comp>

<comp id="107" class="1004" name="store_ln104_store_fu_107">
<pin_list>
<pin id="108" dir="0" index="0" bw="1" slack="0"/>
<pin id="109" dir="0" index="1" bw="17" slack="0"/>
<pin id="110" dir="1" index="2" bw="0" slack="2147483647"/>
</pin_list>
<bind>
<opcode="store(28) " fcode="store"/>
<opset="store_ln104/1 "/>
</bind>
</comp>

<comp id="112" class="1004" name="i_1_load_fu_112">
<pin_list>
<pin id="113" dir="0" index="0" bw="17" slack="0"/>
<pin id="114" dir="1" index="1" bw="17" slack="0"/>
</pin_list>
<bind>
<opcode="load(27) " fcode="load"/>
<opset="i_1/1 "/>
</bind>
</comp>

<comp id="115" class="1004" name="zext_ln104_1_fu_115">
<pin_list>
<pin id="116" dir="0" index="0" bw="17" slack="0"/>
<pin id="117" dir="1" index="1" bw="32" slack="0"/>
</pin_list>
<bind>
<opcode="zext(34) " fcode="zext"/>
<opset="zext_ln104_1/1 "/>
</bind>
</comp>

<comp id="119" class="1004" name="icmp_ln104_fu_119">
<pin_list>
<pin id="120" dir="0" index="0" bw="17" slack="0"/>
<pin id="121" dir="0" index="1" bw="32" slack="0"/>
<pin id="122" dir="1" index="2" bw="1" slack="1"/>
</pin_list>
<bind>
<opcode="icmp(45) " fcode="icmp"/>
<opset="icmp_ln104/1 "/>
</bind>
</comp>

<comp id="125" class="1004" name="add_ln104_fu_125">
<pin_list>
<pin id="126" dir="0" index="0" bw="17" slack="0"/>
<pin id="127" dir="0" index="1" bw="1" slack="0"/>
<pin id="128" dir="1" index="2" bw="17" slack="0"/>
</pin_list>
<bind>
<opcode="add(8) " fcode="add"/>
<opset="add_ln104/1 "/>
</bind>
</comp>

<comp id="131" class="1004" name="zext_ln104_fu_131">
<pin_list>
<pin id="132" dir="0" index="0" bw="17" slack="0"/>
<pin id="133" dir="1" index="1" bw="64" slack="0"/>
</pin_list>
<bind>
<opcode="zext(34) " fcode="zext"/>
<opset="zext_ln104/1 "/>
</bind>
</comp>

<comp id="136" class="1004" name="store_ln104_store_fu_136">
<pin_list>
<pin id="137" dir="0" index="0" bw="17" slack="0"/>
<pin id="138" dir="0" index="1" bw="17" slack="0"/>
<pin id="139" dir="1" index="2" bw="0" slack="2147483647"/>
</pin_list>
<bind>
<opcode="store(28) " fcode="store"/>
<opset="store_ln104/1 "/>
</bind>
</comp>

<comp id="141" class="1004" name="gmem0_addr_fu_141">
<pin_list>
<pin id="142" dir="0" index="0" bw="32" slack="0"/>
<pin id="143" dir="0" index="1" bw="62" slack="2"/>
<pin id="144" dir="1" index="2" bw="32" slack="0"/>
</pin_list>
<bind>
<opcode="getelementptr(29) " fcode="getelementptr"/>
<opset="gmem0_addr/3 "/>
</bind>
</comp>

<comp id="147" class="1005" name="i_reg_147">
<pin_list>
<pin id="148" dir="0" index="0" bw="17" slack="0"/>
<pin id="149" dir="1" index="1" bw="17" slack="0"/>
</pin_list>
<bind>
<opset="i "/>
</bind>
</comp>

<comp id="154" class="1005" name="sext_ln104_cast_reg_154">
<pin_list>
<pin id="155" dir="0" index="0" bw="64" slack="2"/>
<pin id="156" dir="1" index="1" bw="64" slack="2"/>
</pin_list>
<bind>
<opset="sext_ln104_cast "/>
</bind>
</comp>

<comp id="159" class="1005" name="icmp_ln104_reg_159">
<pin_list>
<pin id="160" dir="0" index="0" bw="1" slack="1"/>
<pin id="161" dir="1" index="1" bw="1" slack="2147483647"/>
</pin_list>
<bind>
<opset="icmp_ln104 "/>
</bind>
</comp>

<comp id="163" class="1005" name="local_x_addr_reg_163">
<pin_list>
<pin id="164" dir="0" index="0" bw="16" slack="1"/>
<pin id="165" dir="1" index="1" bw="16" slack="1"/>
</pin_list>
<bind>
<opset="local_x_addr "/>
</bind>
</comp>

<comp id="168" class="1005" name="local_x_load_reg_168">
<pin_list>
<pin id="169" dir="0" index="0" bw="32" slack="1"/>
<pin id="170" dir="1" index="1" bw="32" slack="1"/>
</pin_list>
<bind>
<opset="local_x_load "/>
</bind>
</comp>

</comp_list>

<net_list>
<net id="69"><net_src comp="8" pin="0"/><net_sink comp="66" pin=0"/></net>

<net id="74"><net_src comp="10" pin="0"/><net_sink comp="70" pin=0"/></net>

<net id="75"><net_src comp="4" pin="0"/><net_sink comp="70" pin=1"/></net>

<net id="80"><net_src comp="12" pin="0"/><net_sink comp="76" pin=0"/></net>

<net id="81"><net_src comp="2" pin="0"/><net_sink comp="76" pin=1"/></net>

<net id="88"><net_src comp="62" pin="0"/><net_sink comp="82" pin=0"/></net>

<net id="89"><net_src comp="64" pin="0"/><net_sink comp="82" pin=3"/></net>

<net id="95"><net_src comp="6" pin="0"/><net_sink comp="90" pin=0"/></net>

<net id="96"><net_src comp="46" pin="0"/><net_sink comp="90" pin=1"/></net>

<net id="102"><net_src comp="90" pin="3"/><net_sink comp="97" pin=0"/></net>

<net id="106"><net_src comp="70" pin="2"/><net_sink comp="103" pin=0"/></net>

<net id="111"><net_src comp="40" pin="0"/><net_sink comp="107" pin=0"/></net>

<net id="118"><net_src comp="112" pin="1"/><net_sink comp="115" pin=0"/></net>

<net id="123"><net_src comp="115" pin="1"/><net_sink comp="119" pin=0"/></net>

<net id="124"><net_src comp="76" pin="2"/><net_sink comp="119" pin=1"/></net>

<net id="129"><net_src comp="112" pin="1"/><net_sink comp="125" pin=0"/></net>

<net id="130"><net_src comp="44" pin="0"/><net_sink comp="125" pin=1"/></net>

<net id="134"><net_src comp="112" pin="1"/><net_sink comp="131" pin=0"/></net>

<net id="135"><net_src comp="131" pin="1"/><net_sink comp="90" pin=2"/></net>

<net id="140"><net_src comp="125" pin="2"/><net_sink comp="136" pin=0"/></net>

<net id="145"><net_src comp="0" pin="0"/><net_sink comp="141" pin=0"/></net>

<net id="146"><net_src comp="141" pin="2"/><net_sink comp="82" pin=1"/></net>

<net id="150"><net_src comp="66" pin="1"/><net_sink comp="147" pin=0"/></net>

<net id="151"><net_src comp="147" pin="1"/><net_sink comp="107" pin=1"/></net>

<net id="152"><net_src comp="147" pin="1"/><net_sink comp="112" pin=0"/></net>

<net id="153"><net_src comp="147" pin="1"/><net_sink comp="136" pin=1"/></net>

<net id="157"><net_src comp="103" pin="1"/><net_sink comp="154" pin=0"/></net>

<net id="158"><net_src comp="154" pin="1"/><net_sink comp="141" pin=1"/></net>

<net id="162"><net_src comp="119" pin="2"/><net_sink comp="159" pin=0"/></net>

<net id="166"><net_src comp="90" pin="3"/><net_sink comp="163" pin=0"/></net>

<net id="167"><net_src comp="163" pin="1"/><net_sink comp="97" pin=0"/></net>

<net id="171"><net_src comp="97" pin="3"/><net_sink comp="168" pin=0"/></net>

<net id="172"><net_src comp="168" pin="1"/><net_sink comp="82" pin=2"/></net>

</net_list>

</model> 
---------------- Datapath Model END ------------------

* FSMD analyzer results:
  - Output states:
	Port: gmem0 | {3 }
 - Input state : 
	Port: ntt_kernel_Pipeline_WRITE_BACK_LOOP : n | {1 }
	Port: ntt_kernel_Pipeline_WRITE_BACK_LOOP : sext_ln104 | {1 }
	Port: ntt_kernel_Pipeline_WRITE_BACK_LOOP : local_x | {1 2 }
  - Chain level:
	State 1
		store_ln104 : 1
		i_1 : 1
		zext_ln104_1 : 2
		icmp_ln104 : 3
		add_ln104 : 2
		br_ln104 : 4
		zext_ln104 : 2
		local_x_addr : 3
		local_x_load : 4
		store_ln104 : 3
	State 2
	State 3
		write_ln107 : 1


============================================================
+ Verbose Summary: Datapath Resource usage 
============================================================

* Functional unit list:
|----------|----------------------------|---------|---------|
| Operation|       Functional Unit      |    FF   |   LUT   |
|----------|----------------------------|---------|---------|
|   icmp   |      icmp_ln104_fu_119     |    0    |    39   |
|----------|----------------------------|---------|---------|
|    add   |      add_ln104_fu_125      |    0    |    24   |
|----------|----------------------------|---------|---------|
|   read   | sext_ln104_read_read_fu_70 |    0    |    0    |
|          |      n_read_read_fu_76     |    0    |    0    |
|----------|----------------------------|---------|---------|
|   write  |   write_ln107_write_fu_82  |    0    |    0    |
|----------|----------------------------|---------|---------|
|   sext   |   sext_ln104_cast_fu_103   |    0    |    0    |
|----------|----------------------------|---------|---------|
|   zext   |     zext_ln104_1_fu_115    |    0    |    0    |
|          |      zext_ln104_fu_131     |    0    |    0    |
|----------|----------------------------|---------|---------|
|   Total  |                            |    0    |    63   |
|----------|----------------------------|---------|---------|

Memories:
N/A

* Register list:
+-----------------------+--------+
|                       |   FF   |
+-----------------------+--------+
|       i_reg_147       |   17   |
|   icmp_ln104_reg_159  |    1   |
|  local_x_addr_reg_163 |   16   |
|  local_x_load_reg_168 |   32   |
|sext_ln104_cast_reg_154|   64   |
+-----------------------+--------+
|         Total         |   130  |
+-----------------------+--------+

* Multiplexer (MUX) list: 
|------------------|------|------|------|--------||---------||---------|
|       Comp       |  Pin | Size |  BW  | S x BW ||  Delay  ||   LUT   |
|------------------|------|------|------|--------||---------||---------|
| grp_access_fu_97 |  p0  |   2  |  16  |   32   ||    9    |
|------------------|------|------|------|--------||---------||---------|
|       Total      |      |      |      |   32   ||  0.427  ||    9    |
|------------------|------|------|------|--------||---------||---------|



* Summary:
+-----------+--------+--------+--------+
|           |  Delay |   FF   |   LUT  |
+-----------+--------+--------+--------+
|  Function |    -   |    0   |   63   |
|   Memory  |    -   |    -   |    -   |
|Multiplexer|    0   |    -   |    9   |
|  Register |    -   |   130  |    -   |
+-----------+--------+--------+--------+
|   Total   |    0   |   130  |   72   |
+-----------+--------+--------+--------+
