================================================================
== Vivado Place & Route Results
================================================================
+ General Information:
    * Date:            Thu Jun 04 11:33:36 EDT 2026
    * Version:         2023.2 (Build 4023990 on Oct 11 2023)
    * Project:         hls-design
    * Solution:        ntt-asic (Vivado IP Flow Target)
    * Product family:  zynquplus
    * Target device:   xck26-sfvc784-2LV-c


================================================================
== Run Constraints & Options
================================================================
+ Design Constraints & Options:
    * Place & Route target clock:  10 ns
    * C-Synthesis target clock:    10 ns
    * C-Synthesis uncertainty:     27%

+ RTL Synthesis Options:
    * config_export -vivado_synth_strategy:     default
    * config_export -vivado_synth_design_args:  -directive sdx_optimization_effort_high

+ Place & Route Options:
    * config_export -vivado_impl_strategy:  default
    * config_export -vivado_phys_opt:       none

+ Reporting Options:
    * config_export -vivado_report_level:      2
    * config_export -vivado_max_timing_paths:  10


================================================================
== Place & Route Resource Summary
================================================================
LUT:              9609
FF:               8383
DSP:              7
BRAM:             47
URAM:             1
SRL:              256


================================================================
== Place & Route Timing Summary
================================================================
* Timing was met
+----------------+-------------+
| Timing         | Period (ns) |
+----------------+-------------+
| Target         | 10.000      |
| Post-Synthesis | 5.932       |
| Post-Route     | 9.006       |
+----------------+-------------+


================================================================
== Place & Route Resources
================================================================
+---------------------------------------------------------------+------+------+-----+------+------+-----+--------+------+---------+----------+--------+
| Name                                                          | LUT  | FF   | DSP | BRAM | URAM | SRL | Pragma | Impl | Latency | Variable | Source |
+---------------------------------------------------------------+------+------+-----+------+------+-----+--------+------+---------+----------+--------+
| inst                                                          | 9609 | 8383 | 7   | 47   | 1    |     |        |      |         |          |        |
|   (inst)                                                      | 125  | 912  |     |      |      |     |        |      |         |          |        |
|   burst_buffer_U                                              |      |      |     |      | 1    |     |        |      |         |          |        |
|   control_s_axi_U                                             | 439  | 376  |     |      |      |     |        |      |         |          |        |
|   gmem0_m_axi_U                                               | 1301 | 1924 |     | 2    |      |     |        |      |         |          |        |
|   gmem1_m_axi_U                                               | 627  | 852  |     | 1    |      |     |        |      |         |          |        |
|   gmem2_m_axi_U                                               | 529  | 852  |     | 1    |      |     |        |      |         |          |        |
|   grp_ntt_kernel_Pipeline_BURST_READ_LOOP_fu_364              | 52   | 74   |     |      |      |     |        |      |         |          |        |
|     (grp_ntt_kernel_Pipeline_BURST_READ_LOOP_fu_364)          | 22   | 72   |     |      |      |     |        |      |         |          |        |
|   grp_ntt_kernel_Pipeline_CACHE_PSI_LOOP_fu_355               | 46   | 54   |     |      |      |     |        |      |         |          |        |
|     (grp_ntt_kernel_Pipeline_CACHE_PSI_LOOP_fu_355)           | 12   | 52   |     |      |      |     |        |      |         |          |        |
|   grp_ntt_kernel_Pipeline_CACHE_TWIDDLES_LOOP_fu_343          | 76   | 92   |     |      |      |     |        |      |         |          |        |
|     (grp_ntt_kernel_Pipeline_CACHE_TWIDDLES_LOOP_fu_343)      | 8    | 90   |     |      |      |     |        |      |         |          |        |
|   grp_ntt_kernel_Pipeline_FLATTENED_BUTTERFLY_LOOP_fu_388     | 5314 | 3152 | 7   |      |      |     |        |      |         |          |        |
|     (grp_ntt_kernel_Pipeline_FLATTENED_BUTTERFLY_LOOP_fu_388) | 910  | 2837 |     |      |      |     |        |      |         |          |        |
|     add_64ns_64ns_64_2_1_U41                                  | 64   | 41   |     |      |      |     |        |      |         |          |        |
|     add_64ns_64ns_64_2_1_U42                                  | 114  | 33   |     |      |      |     |        |      |         |          |        |
|     add_64ns_64ns_64_2_1_U45                                  | 64   | 49   |     |      |      |     |        |      |         |          |        |
|     add_64ns_64ns_64_2_1_U48                                  | 2189 | 41   |     |      |      |     |        |      |         |          |        |
|     flow_control_loop_pipe_sequential_init_U                  | 784  | 4    |     |      |      |     |        |      |         |          |        |
|     mul_32ns_32ns_64_4_1_U27                                  | 209  | 98   | 4   |      |      |     |        |      |         |          |        |
|     mul_32s_32s_32_4_1_U28                                    | 47   | 49   | 3   |      |      |     |        |      |         |          |        |
|     sparsemux_17_3_32_1_1_U30                                 | 64   |      |     |      |      |     |        |      |         |          |        |
|     sparsemux_17_3_32_1_1_U31                                 | 64   |      |     |      |      |     |        |      |         |          |        |
|     sparsemux_17_3_32_1_1_U33                                 | 64   |      |     |      |      |     |        |      |         |          |        |
|     sparsemux_17_3_32_1_1_U34                                 | 64   |      |     |      |      |     |        |      |         |          |        |
|     sparsemux_17_3_32_1_1_U37                                 | 64   |      |     |      |      |     |        |      |         |          |        |
|     sparsemux_17_3_32_1_1_U38                                 | 64   |      |     |      |      |     |        |      |         |          |        |
|     sparsemux_17_3_32_1_1_U39                                 | 64   |      |     |      |      |     |        |      |         |          |        |
|     sparsemux_17_3_32_1_1_U40                                 | 64   |      |     |      |      |     |        |      |         |          |        |
|     sparsemux_17_3_32_1_1_U43                                 | 64   |      |     |      |      |     |        |      |         |          |        |
|     sparsemux_17_3_32_1_1_U44                                 | 64   |      |     |      |      |     |        |      |         |          |        |
|     sparsemux_17_3_32_1_1_U49                                 | 64   |      |     |      |      |     |        |      |         |          |        |
|     sparsemux_17_3_32_1_1_U50                                 | 64   |      |     |      |      |     |        |      |         |          |        |
|     sparsemux_9_2_32_1_1_U29                                  | 32   |      |     |      |      |     |        |      |         |          |        |
|     sparsemux_9_2_32_1_1_U32                                  | 32   |      |     |      |      |     |        |      |         |          |        |
|     sparsemux_9_2_32_1_1_U35                                  | 32   |      |     |      |      |     |        |      |         |          |        |
|     sparsemux_9_2_32_1_1_U36                                  | 32   |      |     |      |      |     |        |      |         |          |        |
|     sparsemux_9_3_32_1_1_U46                                  | 32   |      |     |      |      |     |        |      |         |          |        |
|     sparsemux_9_3_32_1_1_U47                                  | 32   |      |     |      |      |     |        |      |         |          |        |
|   grp_ntt_kernel_Pipeline_PERMUTE_LOOP_fu_373                 | 51   | 42   |     |      |      |     |        |      |         |          |        |
|     (grp_ntt_kernel_Pipeline_PERMUTE_LOOP_fu_373)             | 16   | 40   |     |      |      |     |        |      |         |          |        |
|     flow_control_loop_pipe_sequential_init_U                  | 35   | 2    |     |      |      |     |        |      |         |          |        |
|   grp_ntt_kernel_Pipeline_WRITE_BACK_LOOP_fu_423              | 319  | 53   |     |      |      |     |        |      |         |          |        |
|     (grp_ntt_kernel_Pipeline_WRITE_BACK_LOOP_fu_423)          | 139  | 51   |     |      |      |     |        |      |         |          |        |
|     flow_control_loop_pipe_sequential_init_U                  | 180  | 2    |     |      |      |     |        |      |         |          |        |
|   local_psi_U                                                 | 1    |      |     | 3    |      |     |        |      |         |          |        |
|   local_twiddles_1_U                                          |      |      |     | 2    |      |     |        |      |         |          |        |
|   local_twiddles_2_U                                          |      |      |     | 2    |      |     |        |      |         |          |        |
|   local_twiddles_3_U                                          |      |      |     | 2    |      |     |        |      |         |          |        |
|   local_twiddles_U                                            | 2    |      |     | 2    |      |     |        |      |         |          |        |
|   ping_1_U                                                    | 16   |      |     | 2    |      |     |        |      |         |          |        |
|   ping_2_U                                                    | 121  |      |     | 2    |      |     |        |      |         |          |        |
|   ping_3_U                                                    | 17   |      |     | 2    |      |     |        |      |         |          |        |
|   ping_4_U                                                    | 52   |      |     | 2    |      |     |        |      |         |          |        |
|   ping_5_U                                                    | 16   |      |     | 2    |      |     |        |      |         |          |        |
|   ping_6_U                                                    | 16   |      |     | 2    |      |     |        |      |         |          |        |
|   ping_7_U                                                    | 16   |      |     | 2    |      |     |        |      |         |          |        |
|   ping_U                                                      | 40   |      |     | 2    |      |     |        |      |         |          |        |
|   pong_1_U                                                    | 16   |      |     | 2    |      |     |        |      |         |          |        |
|   pong_2_U                                                    | 20   |      |     | 2    |      |     |        |      |         |          |        |
|   pong_3_U                                                    | 16   |      |     | 2    |      |     |        |      |         |          |        |
|   pong_4_U                                                    | 96   |      |     | 2    |      |     |        |      |         |          |        |
|   pong_5_U                                                    | 31   |      |     | 2    |      |     |        |      |         |          |        |
|   pong_6_U                                                    | 29   |      |     | 2    |      |     |        |      |         |          |        |
|   pong_7_U                                                    | 269  |      |     | 2    |      |     |        |      |         |          |        |
|   pong_U                                                      | 40   |      |     | 2    |      |     |        |      |         |          |        |
+---------------------------------------------------------------+------+------+-----+------+------+-----+--------+------+---------+----------+--------+


================================================================
== Place & Route Fail Fast
================================================================
+-----------------------------------------------------------+-----------+--------+--------+
| Criteria                                                  | Guideline | Actual | Status |
+-----------------------------------------------------------+-----------+--------+--------+
| LUT                                                       | 70%       | 8.20%  | OK     |
| FD                                                        | 50%       | 3.58%  | OK     |
| LUTRAM+SRL                                                | 25%       | 0.44%  | OK     |
| CARRY8                                                    | 25%       | 2.34%  | OK     |
| MUXF7                                                     | 15%       | 0.80%  | OK     |
| DSP                                                       | 80%       | 0.56%  | OK     |
| RAMB/FIFO                                                 | 80%       | 16.32% | OK     |
| URAM                                                      | 80%       | 1.56%  | OK     |
| DSP+RAMB+URAM (Avg)                                       | 70%       | 6.15%  | OK     |
| BUFGCE* + BUFGCTRL                                        | 24        | 0      | OK     |
| DONT_TOUCH (cells/nets)                                   | 0         | 0      | OK     |
| MARK_DEBUG (nets)                                         | 0         | 0      | OK     |
| Control Sets                                              | 2196      | 179    | OK     |
| Average Fanout for modules > 100k cells                   | 4         | 2.57   | OK     |
| Max Average Fanout for modules > 100k cells               | 4         | 0      | OK     |
| Non-FD high fanout nets > 10k loads                       | 0         | 0      | OK     |
+-----------------------------------------------------------+-----------+--------+--------+
| TIMING-6 (No common primary clock between related clocks) | 0         | 0      | OK     |
| TIMING-7 (No common node between related clocks)          | 0         | 0      | OK     |
| TIMING-8 (No common period between related clocks)        | 0         | 0      | OK     |
| TIMING-14 (LUT on the clock tree)                         | 0         | 0      | OK     |
| TIMING-35 (No common node in paths with the same clock)   | 0         | 0      | OK     |
+-----------------------------------------------------------+-----------+--------+--------+
| Number of paths above max LUT budgeting (0.391ns)         | 0         | 0      | OK     |
| Number of paths above max Net budgeting (0.263ns)         | 0         | 0      | OK     |
+-----------------------------------------------------------+-----------+--------+--------+


================================================================
== Place & Route Timing Paths
================================================================
* Timing was met
+-------+-------+--------------------------------------------------------------------------------------------------+-------------------------------------+--------------+------------+----------------+----------------+--------------+
| Path  | SLACK | STARTPOINT PIN                                                                                   | ENDPOINT PIN                        | LOGIC LEVELS | MAX FANOUT | DATAPATH DELAY | DATAPATH LOGIC | DATAPATH NET |
|       |       |                                                                                                  |                                     |              |            |                |          DELAY |        DELAY |
+-------+-------+--------------------------------------------------------------------------------------------------+-------------------------------------+--------------+------------+----------------+----------------+--------------+
| Path1 | 0.994 | grp_ntt_kernel_Pipeline_FLATTENED_BUTTERFLY_LOOP_fu_388/add_64ns_64ns_64_2_1_U45/ain_s1_reg[1]/C | ping_6_U/ram_reg_bram_0/DINADIN[11] |           20 |        147 |          8.570 |          2.936 |        5.634 |
| Path2 | 0.996 | grp_ntt_kernel_Pipeline_FLATTENED_BUTTERFLY_LOOP_fu_388/add_64ns_64ns_64_2_1_U45/ain_s1_reg[1]/C | ping_6_U/ram_reg_bram_0/DINADIN[20] |           20 |        147 |          8.586 |          3.028 |        5.558 |
| Path3 | 1.035 | grp_ntt_kernel_Pipeline_FLATTENED_BUTTERFLY_LOOP_fu_388/add_64ns_64ns_64_2_1_U45/ain_s1_reg[1]/C | ping_U/ram_reg_bram_0/DINADIN[24]   |           20 |        147 |          8.506 |          2.839 |        5.667 |
| Path4 | 1.040 | grp_ntt_kernel_Pipeline_FLATTENED_BUTTERFLY_LOOP_fu_388/add_64ns_64ns_64_2_1_U45/ain_s1_reg[0]/C | ping_5_U/ram_reg_bram_0/DINADIN[3]  |           18 |         64 |          8.500 |          3.268 |        5.232 |
| Path5 | 1.056 | grp_ntt_kernel_Pipeline_FLATTENED_BUTTERFLY_LOOP_fu_388/add_64ns_64ns_64_2_1_U45/ain_s1_reg[1]/C | ping_4_U/ram_reg_bram_0/DINADIN[1]  |           20 |        147 |          8.449 |          2.946 |        5.503 |
+-------+-------+--------------------------------------------------------------------------------------------------+-------------------------------------+--------------+------------+----------------+----------------+--------------+

    +-------------------------------------------------------------------------------------------------------------------+------------------------+
    | Path1 Cells                                                                                                       | Primitive Type         |
    +-------------------------------------------------------------------------------------------------------------------+------------------------+
    | grp_ntt_kernel_Pipeline_FLATTENED_BUTTERFLY_LOOP_fu_388/add_64ns_64ns_64_2_1_U45/ain_s1_reg[1]                    | REGISTER.SDR.FDRE      |
    | grp_ntt_kernel_Pipeline_FLATTENED_BUTTERFLY_LOOP_fu_388/add_64ns_64ns_64_2_1_U42/u2/out_v_1_reg_4653[15]_i_91     | CLB.LUT.LUT2           |
    | add_64ns_64ns_64_2_1_U42/u2/out_v_1_reg_4653_reg[15]_i_44                                                         | CLB.CARRY.CARRY8       |
    | add_64ns_64ns_64_2_1_U42/u2/out_v_1_reg_4653_reg[23]_i_43                                                         | CLB.CARRY.CARRY8       |
    | add_64ns_64ns_64_2_1_U42/u2/out_v_1_reg_4653_reg[31]_i_69                                                         | CLB.CARRY.CARRY8       |
    | grp_ntt_kernel_Pipeline_FLATTENED_BUTTERFLY_LOOP_fu_388/add_64ns_64ns_64_2_1_U42/u2/out_v_1_reg_4653_reg[31]_i_29 | CLB.CARRY.CARRY8       |
    | grp_ntt_kernel_Pipeline_FLATTENED_BUTTERFLY_LOOP_fu_388/add_64ns_64ns_64_2_1_U48/out_v_1_reg_4653[31]_i_157       | CLB.LUT.LUT4           |
    | grp_ntt_kernel_Pipeline_FLATTENED_BUTTERFLY_LOOP_fu_388/add_64ns_64ns_64_2_1_U42/u2/out_v_1_reg_4653_reg[31]_i_89 | CLB.CARRY.CARRY8       |
    | grp_ntt_kernel_Pipeline_FLATTENED_BUTTERFLY_LOOP_fu_388/add_64ns_64ns_64_2_1_U42/u2/out_v_1_reg_4653[15]_i_43     | CLB.LUT.LUT1           |
    | grp_ntt_kernel_Pipeline_FLATTENED_BUTTERFLY_LOOP_fu_388/add_64ns_64ns_64_2_1_U42/u2/out_v_1_reg_4653_reg[15]_i_26 | CLB.CARRY.CARRY8       |
    | pong_7_U/ram_reg_bram_0_i_620                                                                                     | CLB.LUT.LUT2           |
    | pong_7_U/ram_reg_bram_0_i_404                                                                                     | CLB.CARRY.CARRY8       |
    | pong_7_U/ram_reg_bram_0_i_385                                                                                     | CLB.CARRY.CARRY8       |
    | pong_7_U/ram_reg_bram_0_i_365                                                                                     | CLB.CARRY.CARRY8       |
    | grp_ntt_kernel_Pipeline_FLATTENED_BUTTERFLY_LOOP_fu_388/add_64ns_64ns_64_2_1_U48/ram_reg_bram_0_i_306             | CLB.CARRY.CARRY8       |
    | grp_ntt_kernel_Pipeline_FLATTENED_BUTTERFLY_LOOP_fu_388/add_64ns_64ns_64_2_1_U48/ram_reg_bram_0_i_458             | CLB.LUT.LUT4           |
    | grp_ntt_kernel_Pipeline_FLATTENED_BUTTERFLY_LOOP_fu_388/add_64ns_64ns_64_2_1_U48/ram_reg_bram_0_i_308             | CLB.CARRY.CARRY8       |
    | pong_5_U/ram_reg_bram_0_i_278__1                                                                                  | CLB.LUT.LUT4           |
    | grp_ntt_kernel_Pipeline_FLATTENED_BUTTERFLY_LOOP_fu_388/add_64ns_64ns_64_2_1_U48/ram_reg_bram_0_i_223__0          | CLB.LUT.LUT6           |
    | grp_ntt_kernel_Pipeline_FLATTENED_BUTTERFLY_LOOP_fu_388/add_64ns_64ns_64_2_1_U48/ram_reg_bram_0_i_94__1           | CLB.LUT.LUT6           |
    | grp_ntt_kernel_Pipeline_FLATTENED_BUTTERFLY_LOOP_fu_388/add_64ns_64ns_64_2_1_U48/ram_reg_bram_0_i_41__9           | CLB.LUT.LUT3           |
    | ping_6_U/ram_reg_bram_0                                                                                           | BLOCKRAM.BRAM.RAMB36E2 |
    +-------------------------------------------------------------------------------------------------------------------+------------------------+

    +-------------------------------------------------------------------------------------------------------------------+------------------------+
    | Path2 Cells                                                                                                       | Primitive Type         |
    +-------------------------------------------------------------------------------------------------------------------+------------------------+
    | grp_ntt_kernel_Pipeline_FLATTENED_BUTTERFLY_LOOP_fu_388/add_64ns_64ns_64_2_1_U45/ain_s1_reg[1]                    | REGISTER.SDR.FDRE      |
    | grp_ntt_kernel_Pipeline_FLATTENED_BUTTERFLY_LOOP_fu_388/add_64ns_64ns_64_2_1_U42/u2/out_v_1_reg_4653[15]_i_91     | CLB.LUT.LUT2           |
    | add_64ns_64ns_64_2_1_U42/u2/out_v_1_reg_4653_reg[15]_i_44                                                         | CLB.CARRY.CARRY8       |
    | add_64ns_64ns_64_2_1_U42/u2/out_v_1_reg_4653_reg[23]_i_43                                                         | CLB.CARRY.CARRY8       |
    | add_64ns_64ns_64_2_1_U42/u2/out_v_1_reg_4653_reg[31]_i_69                                                         | CLB.CARRY.CARRY8       |
    | grp_ntt_kernel_Pipeline_FLATTENED_BUTTERFLY_LOOP_fu_388/add_64ns_64ns_64_2_1_U42/u2/out_v_1_reg_4653_reg[31]_i_29 | CLB.CARRY.CARRY8       |
    | grp_ntt_kernel_Pipeline_FLATTENED_BUTTERFLY_LOOP_fu_388/add_64ns_64ns_64_2_1_U48/out_v_1_reg_4653[31]_i_157       | CLB.LUT.LUT4           |
    | grp_ntt_kernel_Pipeline_FLATTENED_BUTTERFLY_LOOP_fu_388/add_64ns_64ns_64_2_1_U42/u2/out_v_1_reg_4653_reg[31]_i_89 | CLB.CARRY.CARRY8       |
    | grp_ntt_kernel_Pipeline_FLATTENED_BUTTERFLY_LOOP_fu_388/add_64ns_64ns_64_2_1_U42/u2/out_v_1_reg_4653[15]_i_43     | CLB.LUT.LUT1           |
    | grp_ntt_kernel_Pipeline_FLATTENED_BUTTERFLY_LOOP_fu_388/add_64ns_64ns_64_2_1_U42/u2/out_v_1_reg_4653_reg[15]_i_26 | CLB.CARRY.CARRY8       |
    | pong_7_U/ram_reg_bram_0_i_620                                                                                     | CLB.LUT.LUT2           |
    | pong_7_U/ram_reg_bram_0_i_404                                                                                     | CLB.CARRY.CARRY8       |
    | pong_7_U/ram_reg_bram_0_i_385                                                                                     | CLB.CARRY.CARRY8       |
    | pong_7_U/ram_reg_bram_0_i_365                                                                                     | CLB.CARRY.CARRY8       |
    | grp_ntt_kernel_Pipeline_FLATTENED_BUTTERFLY_LOOP_fu_388/add_64ns_64ns_64_2_1_U48/ram_reg_bram_0_i_306             | CLB.CARRY.CARRY8       |
    | grp_ntt_kernel_Pipeline_FLATTENED_BUTTERFLY_LOOP_fu_388/add_64ns_64ns_64_2_1_U48/ram_reg_bram_0_i_458             | CLB.LUT.LUT4           |
    | grp_ntt_kernel_Pipeline_FLATTENED_BUTTERFLY_LOOP_fu_388/add_64ns_64ns_64_2_1_U48/ram_reg_bram_0_i_308             | CLB.CARRY.CARRY8       |
    | pong_5_U/ram_reg_bram_0_i_258__2                                                                                  | CLB.LUT.LUT4           |
    | grp_ntt_kernel_Pipeline_FLATTENED_BUTTERFLY_LOOP_fu_388/add_64ns_64ns_64_2_1_U48/ram_reg_bram_0_i_187__0          | CLB.LUT.LUT6           |
    | grp_ntt_kernel_Pipeline_FLATTENED_BUTTERFLY_LOOP_fu_388/add_64ns_64ns_64_2_1_U48/ram_reg_bram_0_i_85__4           | CLB.LUT.LUT6           |
    | grp_ntt_kernel_Pipeline_FLATTENED_BUTTERFLY_LOOP_fu_388/add_64ns_64ns_64_2_1_U48/ram_reg_bram_0_i_32__9           | CLB.LUT.LUT3           |
    | ping_6_U/ram_reg_bram_0                                                                                           | BLOCKRAM.BRAM.RAMB36E2 |
    +-------------------------------------------------------------------------------------------------------------------+------------------------+

    +-------------------------------------------------------------------------------------------------------------------+------------------------+
    | Path3 Cells                                                                                                       | Primitive Type         |
    +-------------------------------------------------------------------------------------------------------------------+------------------------+
    | grp_ntt_kernel_Pipeline_FLATTENED_BUTTERFLY_LOOP_fu_388/add_64ns_64ns_64_2_1_U45/ain_s1_reg[1]                    | REGISTER.SDR.FDRE      |
    | grp_ntt_kernel_Pipeline_FLATTENED_BUTTERFLY_LOOP_fu_388/add_64ns_64ns_64_2_1_U42/u2/out_v_1_reg_4653[15]_i_91     | CLB.LUT.LUT2           |
    | add_64ns_64ns_64_2_1_U42/u2/out_v_1_reg_4653_reg[15]_i_44                                                         | CLB.CARRY.CARRY8       |
    | add_64ns_64ns_64_2_1_U42/u2/out_v_1_reg_4653_reg[23]_i_43                                                         | CLB.CARRY.CARRY8       |
    | add_64ns_64ns_64_2_1_U42/u2/out_v_1_reg_4653_reg[31]_i_69                                                         | CLB.CARRY.CARRY8       |
    | grp_ntt_kernel_Pipeline_FLATTENED_BUTTERFLY_LOOP_fu_388/add_64ns_64ns_64_2_1_U42/u2/out_v_1_reg_4653_reg[31]_i_29 | CLB.CARRY.CARRY8       |
    | grp_ntt_kernel_Pipeline_FLATTENED_BUTTERFLY_LOOP_fu_388/add_64ns_64ns_64_2_1_U48/out_v_1_reg_4653[31]_i_157       | CLB.LUT.LUT4           |
    | grp_ntt_kernel_Pipeline_FLATTENED_BUTTERFLY_LOOP_fu_388/add_64ns_64ns_64_2_1_U42/u2/out_v_1_reg_4653_reg[31]_i_89 | CLB.CARRY.CARRY8       |
    | grp_ntt_kernel_Pipeline_FLATTENED_BUTTERFLY_LOOP_fu_388/add_64ns_64ns_64_2_1_U42/u2/out_v_1_reg_4653[15]_i_43     | CLB.LUT.LUT1           |
    | grp_ntt_kernel_Pipeline_FLATTENED_BUTTERFLY_LOOP_fu_388/add_64ns_64ns_64_2_1_U42/u2/out_v_1_reg_4653_reg[15]_i_26 | CLB.CARRY.CARRY8       |
    | pong_7_U/ram_reg_bram_0_i_620                                                                                     | CLB.LUT.LUT2           |
    | pong_7_U/ram_reg_bram_0_i_404                                                                                     | CLB.CARRY.CARRY8       |
    | pong_7_U/ram_reg_bram_0_i_385                                                                                     | CLB.CARRY.CARRY8       |
    | pong_7_U/ram_reg_bram_0_i_365                                                                                     | CLB.CARRY.CARRY8       |
    | grp_ntt_kernel_Pipeline_FLATTENED_BUTTERFLY_LOOP_fu_388/add_64ns_64ns_64_2_1_U48/ram_reg_bram_0_i_306             | CLB.CARRY.CARRY8       |
    | grp_ntt_kernel_Pipeline_FLATTENED_BUTTERFLY_LOOP_fu_388/add_64ns_64ns_64_2_1_U48/ram_reg_bram_0_i_458             | CLB.LUT.LUT4           |
    | grp_ntt_kernel_Pipeline_FLATTENED_BUTTERFLY_LOOP_fu_388/add_64ns_64ns_64_2_1_U48/ram_reg_bram_0_i_308             | CLB.CARRY.CARRY8       |
    | grp_ntt_kernel_Pipeline_FLATTENED_BUTTERFLY_LOOP_fu_388/add_64ns_64ns_64_2_1_U48/ram_reg_bram_0_i_248__4          | CLB.LUT.LUT4           |
    | grp_ntt_kernel_Pipeline_FLATTENED_BUTTERFLY_LOOP_fu_388/add_64ns_64ns_64_2_1_U48/ram_reg_bram_0_i_174__3          | CLB.LUT.LUT6           |
    | grp_ntt_kernel_Pipeline_FLATTENED_BUTTERFLY_LOOP_fu_388/add_64ns_64ns_64_2_1_U48/ram_reg_bram_0_i_81__7           | CLB.LUT.LUT6           |
    | grp_ntt_kernel_Pipeline_FLATTENED_BUTTERFLY_LOOP_fu_388/add_64ns_64ns_64_2_1_U48/ram_reg_bram_0_i_28__15          | CLB.LUT.LUT3           |
    | ping_U/ram_reg_bram_0                                                                                             | BLOCKRAM.BRAM.RAMB36E2 |
    +-------------------------------------------------------------------------------------------------------------------+------------------------+

    +--------------------------------------------------------------------------------------------------------------------+------------------------+
    | Path4 Cells                                                                                                        | Primitive Type         |
    +--------------------------------------------------------------------------------------------------------------------+------------------------+
    | grp_ntt_kernel_Pipeline_FLATTENED_BUTTERFLY_LOOP_fu_388/add_64ns_64ns_64_2_1_U45/ain_s1_reg[0]                     | REGISTER.SDR.FDRE      |
    | grp_ntt_kernel_Pipeline_FLATTENED_BUTTERFLY_LOOP_fu_388/add_64ns_64ns_64_2_1_U48/u2/out_v_3_reg_4693[15]_i_92      | CLB.LUT.LUT2           |
    | add_64ns_64ns_64_2_1_U48/u2/out_v_3_reg_4693_reg[15]_i_44                                                          | CLB.CARRY.CARRY8       |
    | add_64ns_64ns_64_2_1_U48/u2/out_v_3_reg_4693_reg[23]_i_41                                                          | CLB.CARRY.CARRY8       |
    | add_64ns_64ns_64_2_1_U48/u2/out_v_3_reg_4693_reg[31]_i_67                                                          | CLB.CARRY.CARRY8       |
    | grp_ntt_kernel_Pipeline_FLATTENED_BUTTERFLY_LOOP_fu_388/add_64ns_64ns_64_2_1_U48/u2/out_v_3_reg_4693[31]_i_164     | CLB.LUT.LUT4           |
    | grp_ntt_kernel_Pipeline_FLATTENED_BUTTERFLY_LOOP_fu_388/add_64ns_64ns_64_2_1_U48/u2/out_v_3_reg_4693_reg[31]_i_109 | CLB.CARRY.CARRY8       |
    | grp_ntt_kernel_Pipeline_FLATTENED_BUTTERFLY_LOOP_fu_388/add_64ns_64ns_64_2_1_U48/u2/out_v_3_reg_4693[15]_i_43      | CLB.LUT.LUT1           |
    | grp_ntt_kernel_Pipeline_FLATTENED_BUTTERFLY_LOOP_fu_388/add_64ns_64ns_64_2_1_U48/u2/out_v_3_reg_4693_reg[15]_i_26  | CLB.CARRY.CARRY8       |
    | grp_ntt_kernel_Pipeline_FLATTENED_BUTTERFLY_LOOP_fu_388/add_64ns_64ns_64_2_1_U48/u2/out_v_3_reg_4693_reg[23]_i_25  | CLB.CARRY.CARRY8       |
    | pong_7_U/ram_reg_bram_0_i_274__2                                                                                   | CLB.LUT.LUT2           |
    | pong_7_U/ram_reg_bram_0_i_198                                                                                      | CLB.CARRY.CARRY8       |
    | pong_7_U/ram_reg_bram_0_i_196                                                                                      | CLB.CARRY.CARRY8       |
    | grp_ntt_kernel_Pipeline_FLATTENED_BUTTERFLY_LOOP_fu_388/add_64ns_64ns_64_2_1_U48/ram_reg_bram_0_i_189              | CLB.CARRY.CARRY8       |
    | grp_ntt_kernel_Pipeline_FLATTENED_BUTTERFLY_LOOP_fu_388/add_64ns_64ns_64_2_1_U48/ram_reg_bram_0_i_224__1           | CLB.LUT.LUT4           |
    | pong_7_U/ram_reg_bram_0_i_190                                                                                      | CLB.CARRY.CARRY8       |
    | pong_7_U/ram_reg_bram_0_i_171__8                                                                                   | CLB.LUT.LUT4           |
    | grp_ntt_kernel_Pipeline_FLATTENED_BUTTERFLY_LOOP_fu_388/add_64ns_64ns_64_2_1_U48/ram_reg_bram_0_i_102__9           | CLB.LUT.LUT6           |
    | grp_ntt_kernel_Pipeline_FLATTENED_BUTTERFLY_LOOP_fu_388/add_64ns_64ns_64_2_1_U48/ram_reg_bram_0_i_49__10           | CLB.LUT.LUT3           |
    | ping_5_U/ram_reg_bram_0                                                                                            | BLOCKRAM.BRAM.RAMB36E2 |
    +--------------------------------------------------------------------------------------------------------------------+------------------------+

    +-------------------------------------------------------------------------------------------------------------------+------------------------+
    | Path5 Cells                                                                                                       | Primitive Type         |
    +-------------------------------------------------------------------------------------------------------------------+------------------------+
    | grp_ntt_kernel_Pipeline_FLATTENED_BUTTERFLY_LOOP_fu_388/add_64ns_64ns_64_2_1_U45/ain_s1_reg[1]                    | REGISTER.SDR.FDRE      |
    | grp_ntt_kernel_Pipeline_FLATTENED_BUTTERFLY_LOOP_fu_388/add_64ns_64ns_64_2_1_U42/u2/out_v_1_reg_4653[15]_i_91     | CLB.LUT.LUT2           |
    | add_64ns_64ns_64_2_1_U42/u2/out_v_1_reg_4653_reg[15]_i_44                                                         | CLB.CARRY.CARRY8       |
    | add_64ns_64ns_64_2_1_U42/u2/out_v_1_reg_4653_reg[23]_i_43                                                         | CLB.CARRY.CARRY8       |
    | add_64ns_64ns_64_2_1_U42/u2/out_v_1_reg_4653_reg[31]_i_69                                                         | CLB.CARRY.CARRY8       |
    | grp_ntt_kernel_Pipeline_FLATTENED_BUTTERFLY_LOOP_fu_388/add_64ns_64ns_64_2_1_U42/u2/out_v_1_reg_4653_reg[31]_i_29 | CLB.CARRY.CARRY8       |
    | grp_ntt_kernel_Pipeline_FLATTENED_BUTTERFLY_LOOP_fu_388/add_64ns_64ns_64_2_1_U48/out_v_1_reg_4653[31]_i_157       | CLB.LUT.LUT4           |
    | grp_ntt_kernel_Pipeline_FLATTENED_BUTTERFLY_LOOP_fu_388/add_64ns_64ns_64_2_1_U42/u2/out_v_1_reg_4653_reg[31]_i_89 | CLB.CARRY.CARRY8       |
    | grp_ntt_kernel_Pipeline_FLATTENED_BUTTERFLY_LOOP_fu_388/add_64ns_64ns_64_2_1_U42/u2/out_v_1_reg_4653[15]_i_43     | CLB.LUT.LUT1           |
    | grp_ntt_kernel_Pipeline_FLATTENED_BUTTERFLY_LOOP_fu_388/add_64ns_64ns_64_2_1_U42/u2/out_v_1_reg_4653_reg[15]_i_26 | CLB.CARRY.CARRY8       |
    | pong_7_U/ram_reg_bram_0_i_620                                                                                     | CLB.LUT.LUT2           |
    | pong_7_U/ram_reg_bram_0_i_404                                                                                     | CLB.CARRY.CARRY8       |
    | pong_7_U/ram_reg_bram_0_i_385                                                                                     | CLB.CARRY.CARRY8       |
    | pong_7_U/ram_reg_bram_0_i_365                                                                                     | CLB.CARRY.CARRY8       |
    | grp_ntt_kernel_Pipeline_FLATTENED_BUTTERFLY_LOOP_fu_388/add_64ns_64ns_64_2_1_U48/ram_reg_bram_0_i_306             | CLB.CARRY.CARRY8       |
    | grp_ntt_kernel_Pipeline_FLATTENED_BUTTERFLY_LOOP_fu_388/add_64ns_64ns_64_2_1_U48/ram_reg_bram_0_i_458             | CLB.LUT.LUT4           |
    | grp_ntt_kernel_Pipeline_FLATTENED_BUTTERFLY_LOOP_fu_388/add_64ns_64ns_64_2_1_U48/ram_reg_bram_0_i_308             | CLB.CARRY.CARRY8       |
    | pong_7_U/ram_reg_bram_0_i_300__0                                                                                  | CLB.LUT.LUT4           |
    | grp_ntt_kernel_Pipeline_FLATTENED_BUTTERFLY_LOOP_fu_388/ram_reg_bram_0_i_293__1                                   | CLB.LUT.LUT6           |
    | grp_ntt_kernel_Pipeline_FLATTENED_BUTTERFLY_LOOP_fu_388/add_64ns_64ns_64_2_1_U48/ram_reg_bram_0_i_104             | CLB.LUT.LUT5           |
    | grp_ntt_kernel_Pipeline_FLATTENED_BUTTERFLY_LOOP_fu_388/add_64ns_64ns_64_2_1_U48/ram_reg_bram_0_i_51__11          | CLB.LUT.LUT3           |
    | ping_4_U/ram_reg_bram_0                                                                                           | BLOCKRAM.BRAM.RAMB36E2 |
    +-------------------------------------------------------------------------------------------------------------------+------------------------+


================================================================
== Place & Route Vivado Reports
================================================================
+--------------------------+--------------------------------------------------------------------+
| Report Type              | Report Location                                                    |
+--------------------------+--------------------------------------------------------------------+
| design_analysis          | impl/verilog/report/ntt_kernel_design_analysis_routed.rpt          |
| failfast                 | impl/verilog/report/ntt_kernel_failfast_routed.rpt                 |
| status                   | impl/verilog/report/ntt_kernel_status_routed.rpt                   |
| timing                   | impl/verilog/report/ntt_kernel_timing_routed.rpt                   |
| timing_paths             | impl/verilog/report/ntt_kernel_timing_paths_routed.rpt             |
| utilization              | impl/verilog/report/ntt_kernel_utilization_routed.rpt              |
| utilization_hierarchical | impl/verilog/report/ntt_kernel_utilization_hierarchical_routed.rpt |
+--------------------------+--------------------------------------------------------------------+


