
===========================================================================
report_checks -unconstrained
===========================================================================
======================= min_tt_025C_1v80 Corner ===================================

Startpoint: u_engine.g_banks[3].u_ram.u_macro
            (falling edge-triggered flip-flop clocked by wb_clk)
Endpoint: u_engine.g_banks[2].u_ram.u_macro
          (falling edge-triggered flip-flop clocked by wb_clk)
Path Group: wb_clk
Path Type: max

Fanout         Cap        Slew       Delay        Time   Description
---------------------------------------------------------------------------------------------
                                 12.500000   12.500000   clock wb_clk (fall edge)
                                  0.000000   12.500000   clock source latency
     2    0.232694    0.000000    0.000000   12.500000 v wb_clk_i (in)
                                                         wb_clk_i (net)
                      0.049029    0.024515   12.524514 v clkbuf_0_wb_clk_i/A (sky130_fd_sc_hd__clkbuf_16)
     3    0.108596    0.082962    0.195459   12.719973 v clkbuf_0_wb_clk_i/X (sky130_fd_sc_hd__clkbuf_16)
                                                         clknet_0_wb_clk_i (net)
                      0.084134    0.007551   12.727525 v clkbuf_1_1_0_wb_clk_i/A (sky130_fd_sc_hd__clkbuf_8)
     3    0.082127    0.095735    0.212814   12.940338 v clkbuf_1_1_0_wb_clk_i/X (sky130_fd_sc_hd__clkbuf_8)
                                                         clknet_1_1_0_wb_clk_i (net)
                      0.096256    0.005705   12.946043 v clkbuf_2_3_0_wb_clk_i/A (sky130_fd_sc_hd__clkbuf_8)
     2    0.063343    0.082704    0.201569   13.147613 v clkbuf_2_3_0_wb_clk_i/X (sky130_fd_sc_hd__clkbuf_8)
                                                         clknet_2_3_0_wb_clk_i (net)
                      0.084410    0.009501   13.157113 v clkbuf_3_7_0_wb_clk_i/A (sky130_fd_sc_hd__clkbuf_8)
     2    0.065879    0.083829    0.201043   13.358156 v clkbuf_3_7_0_wb_clk_i/X (sky130_fd_sc_hd__clkbuf_8)
                                                         clknet_3_7_0_wb_clk_i (net)
                      0.085128    0.008357   13.366512 v clkbuf_4_14_0_wb_clk_i/A (sky130_fd_sc_hd__clkbuf_8)
     6    0.109807    0.121279    0.234480   13.600993 v clkbuf_4_14_0_wb_clk_i/X (sky130_fd_sc_hd__clkbuf_8)
                                                         clknet_4_14_0_wb_clk_i (net)
                      0.121739    0.006081   13.607074 v clkbuf_6_59_0_wb_clk_i/A (sky130_fd_sc_hd__clkbuf_8)
    10    0.244837    0.252059    0.329766   13.936840 v clkbuf_6_59_0_wb_clk_i/X (sky130_fd_sc_hd__clkbuf_8)
                                                         clknet_6_59_0_wb_clk_i (net)
                      0.357389    0.049176   13.986016 v u_engine.g_banks[3].u_ram.u_macro/clk1 (sky130_sram_1kbyte_1rw1r_32x256_8)
     1    0.009622    0.006454    0.383331   14.369347 ^ u_engine.g_banks[3].u_ram.u_macro/dout1[3] (sky130_sram_1kbyte_1rw1r_32x256_8)
                                                         u_engine.bank_rdata[3][3] (net)
                      0.004840    0.000283   14.369631 ^ wire1/A (sky130_fd_sc_hd__buf_2)
     2    0.118135    0.567651    0.436412   14.806042 ^ wire1/X (sky130_fd_sc_hd__buf_2)
                                                         net109 (net)
                      0.569551    0.027121   14.833163 ^ wire1356/A (sky130_fd_sc_hd__buf_4)
     1    0.038829    0.120236    0.278843   15.112006 ^ wire1356/X (sky130_fd_sc_hd__buf_4)
                                                         net1356 (net)
                      0.120739    0.005588   15.117595 ^ wire1355/A (sky130_fd_sc_hd__buf_12)
     4    0.175929    0.205208    0.232266   15.349860 ^ wire1355/X (sky130_fd_sc_hd__buf_12)
                                                         net1355 (net)
                      0.208330    0.020263   15.370124 ^ fanout1347/A (sky130_fd_sc_hd__buf_2)
     2    0.062665    0.304468    0.341178   15.711301 ^ fanout1347/X (sky130_fd_sc_hd__buf_2)
                                                         net1347 (net)
                      0.304552    0.004222   15.715524 ^ fanout1346/A (sky130_fd_sc_hd__buf_2)
     4    0.050202    0.246142    0.324103   16.039627 ^ fanout1346/X (sky130_fd_sc_hd__buf_2)
                                                         net1346 (net)
                      0.246248    0.004249   16.043877 ^ _66960_/A1 (sky130_fd_sc_hd__a211o_1)
     1    0.011089    0.107458    0.214961   16.258837 ^ _66960_/X (sky130_fd_sc_hd__a211o_1)
                                                         _26501_ (net)
                      0.107458    0.000391   16.259228 ^ _66961_/B1 (sky130_fd_sc_hd__o21a_2)
     3    0.028302    0.155274    0.232486   16.491713 ^ _66961_/X (sky130_fd_sc_hd__o21a_2)
                                                         _26502_ (net)
                      0.155274    0.000400   16.492113 ^ _66969_/A (sky130_fd_sc_hd__xor2_4)
     3    0.017066    0.175009    0.204491   16.696604 ^ _66969_/X (sky130_fd_sc_hd__xor2_4)
                                                         _26510_ (net)
                      0.175009    0.000330   16.696934 ^ _66971_/A (sky130_fd_sc_hd__xnor2_2)
     3    0.009731    0.174346    0.154563   16.851496 ^ _66971_/Y (sky130_fd_sc_hd__xnor2_2)
                                                         _26512_ (net)
                      0.174346    0.000071   16.851568 ^ _67040_/A1 (sky130_fd_sc_hd__a22o_1)
     2    0.009497    0.103126    0.209811   17.061378 ^ _67040_/X (sky130_fd_sc_hd__a22o_1)
                                                         _26580_ (net)
                      0.103126    0.000171   17.061548 ^ _67140_/A2 (sky130_fd_sc_hd__a21o_1)
     2    0.013351    0.122384    0.184562   17.246111 ^ _67140_/X (sky130_fd_sc_hd__a21o_1)
                                                         _26679_ (net)
                      0.122384    0.000311   17.246422 ^ _67202_/A2 (sky130_fd_sc_hd__a21bo_1)
     2    0.017567    0.152864    0.207303   17.453724 ^ _67202_/X (sky130_fd_sc_hd__a21bo_1)
                                                         _26740_ (net)
                      0.152864    0.000595   17.454319 ^ _67352_/A1 (sky130_fd_sc_hd__a21o_4)
     2    0.024269    0.077562    0.176389   17.630709 ^ _67352_/X (sky130_fd_sc_hd__a21o_4)
                                                         _26889_ (net)
                      0.077567    0.000723   17.631432 ^ _67384_/A2 (sky130_fd_sc_hd__a21oi_4)
     3    0.020856    0.065796    0.080901   17.712332 v _67384_/Y (sky130_fd_sc_hd__a21oi_4)
                                                         _26920_ (net)
                      0.065826    0.001110   17.713442 v _67533_/A (sky130_fd_sc_hd__or3_4)
     2    0.011765    0.077487    0.408049   18.121490 v _67533_/X (sky130_fd_sc_hd__or3_4)
                                                         _27067_ (net)
                      0.077487    0.000348   18.121840 v _67667_/A1 (sky130_fd_sc_hd__a211o_4)
     3    0.010293    0.058079    0.341311   18.463150 v _67667_/X (sky130_fd_sc_hd__a211o_4)
                                                         _27199_ (net)
                      0.058079    0.000119   18.463268 v _67966_/A2 (sky130_fd_sc_hd__a2111o_1)
     3    0.014757    0.115469    0.477217   18.940485 v _67966_/X (sky130_fd_sc_hd__a2111o_1)
                                                         _27494_ (net)
                      0.115470    0.000549   18.941034 v _68135_/A1 (sky130_fd_sc_hd__a2111o_1)
     2    0.012826    0.107035    0.442936   19.383970 v _68135_/X (sky130_fd_sc_hd__a2111o_1)
                                                         _27661_ (net)
                      0.107035    0.000375   19.384346 v _68312_/B2 (sky130_fd_sc_hd__a221o_1)
     3    0.018422    0.126275    0.421288   19.805634 v _68312_/X (sky130_fd_sc_hd__a221o_1)
                                                         _27836_ (net)
                      0.126278    0.000755   19.806389 v _68457_/A2 (sky130_fd_sc_hd__o31a_1)
     4    0.023251    0.130394    0.395991   20.202379 v _68457_/X (sky130_fd_sc_hd__o31a_1)
                                                         _27979_ (net)
                      0.130399    0.001009   20.203388 v _68494_/A2 (sky130_fd_sc_hd__o211a_4)
     5    0.049025    0.095959    0.326651   20.530039 v _68494_/X (sky130_fd_sc_hd__o211a_4)
                                                         _28015_ (net)
                      0.095990    0.001629   20.531668 v _68555_/B1 (sky130_fd_sc_hd__a21oi_4)
     3    0.018899    0.176744    0.188626   20.720293 ^ _68555_/Y (sky130_fd_sc_hd__a21oi_4)
                                                         _28073_ (net)
                      0.176745    0.000748   20.721041 ^ _68556_/B (sky130_fd_sc_hd__or2_4)
     2    0.010836    0.049528    0.160290   20.881330 ^ _68556_/X (sky130_fd_sc_hd__or2_4)
                                                         _28074_ (net)
                      0.049528    0.000085   20.881416 ^ _69048_/C1 (sky130_fd_sc_hd__o221ai_2)
     1    0.002976    0.115372    0.073648   20.955065 v _69048_/Y (sky130_fd_sc_hd__o221ai_2)
                                                         _28518_ (net)
                      0.115372    0.000030   20.955093 v _69049_/A1 (sky130_fd_sc_hd__mux2_4)
     1    0.003386    0.050438    0.277913   21.233007 v _69049_/X (sky130_fd_sc_hd__mux2_4)
                                                         _28519_ (net)
                      0.050438    0.000043   21.233049 v _69050_/B1 (sky130_fd_sc_hd__a22o_1)
     1    0.004522    0.048021    0.185416   21.418467 v _69050_/X (sky130_fd_sc_hd__a22o_1)
                                                         _28520_ (net)
                      0.048021    0.000044   21.418510 v _69057_/B2 (sky130_fd_sc_hd__a221o_4)
     1    0.235108    0.321562    0.616245   22.034756 v _69057_/X (sky130_fd_sc_hd__a221o_4)
                                                         u_engine.g_banks[2].u_ram.wdata[26] (net)
                      0.562893    0.138757   22.173512 v u_engine.g_banks[2].u_ram.u_macro/din0[26] (sky130_sram_1kbyte_1rw1r_32x256_8)
                                             22.173512   data arrival time

                                 25.000000   25.000000   clock wb_clk (rise edge)
                                  0.000000   25.000000   clock source latency
     2    0.233731    0.000000    0.000000   25.000000 ^ wb_clk_i (in)
                                                         wb_clk_i (net)
                      0.049435    0.024718   25.024717 ^ clkbuf_0_wb_clk_i/A (sky130_fd_sc_hd__clkbuf_16)
     3    0.109599    0.123395    0.191235   25.215952 ^ clkbuf_0_wb_clk_i/X (sky130_fd_sc_hd__clkbuf_16)
                                                         clknet_0_wb_clk_i (net)
                      0.124160    0.007708   25.223660 ^ clkbuf_1_1_0_wb_clk_i/A (sky130_fd_sc_hd__clkbuf_8)
     3    0.083130    0.150008    0.233227   25.456886 ^ clkbuf_1_1_0_wb_clk_i/X (sky130_fd_sc_hd__clkbuf_8)
                                                         clknet_1_1_0_wb_clk_i (net)
                      0.151419    0.011642   25.468529 ^ clkbuf_2_2_0_wb_clk_i/A (sky130_fd_sc_hd__clkbuf_8)
     2    0.022058    0.054734    0.172250   25.640779 ^ clkbuf_2_2_0_wb_clk_i/X (sky130_fd_sc_hd__clkbuf_8)
                                                         clknet_2_2_0_wb_clk_i (net)
                      0.054791    0.001458   25.642237 ^ clkbuf_3_5_0_wb_clk_i/A (sky130_fd_sc_hd__clkbuf_8)
     3    0.084178    0.152373    0.207406   25.849644 ^ clkbuf_3_5_0_wb_clk_i/X (sky130_fd_sc_hd__clkbuf_8)
                                                         clknet_3_5_0_wb_clk_i (net)
                      0.153737    0.011578   25.861221 ^ clkbuf_4_10_0_wb_clk_i/A (sky130_fd_sc_hd__clkbuf_8)
     7    0.103158    0.183047    0.267647   26.128868 ^ clkbuf_4_10_0_wb_clk_i/X (sky130_fd_sc_hd__clkbuf_8)
                                                         clknet_4_10_0_wb_clk_i (net)
                      0.183078    0.001991   26.130859 ^ clkbuf_6_42_0_wb_clk_i/A (sky130_fd_sc_hd__clkbuf_8)
     6    0.199012    0.342062    0.372898   26.503757 ^ clkbuf_6_42_0_wb_clk_i/X (sky130_fd_sc_hd__clkbuf_8)
                                                         clknet_6_42_0_wb_clk_i (net)
                      0.464263    0.036566   26.540325 ^ u_engine.g_banks[2].u_ram.u_macro/clk0 (sky130_sram_1kbyte_1rw1r_32x256_8)
                                 -0.250000   26.290325   clock uncertainty
                                  0.000000   26.290325   clock reconvergence pessimism
                                 -0.103000   26.187325   library setup time
                                             26.187325   data required time
---------------------------------------------------------------------------------------------
                                             26.187325   data required time
                                            -22.173512   data arrival time
---------------------------------------------------------------------------------------------
                                              4.013813   slack (MET)




===========================================================================
report_checks --slack_max -0.01
============================================================================
======================= min_tt_025C_1v80 Corner ===================================

No paths found.


===========================================================================
 report_check_types -max_slew -max_cap -max_fanout -violators
============================================================================
======================= min_tt_025C_1v80 Corner ===================================

max capacitance

Pin                                        Limit         Cap       Slack
------------------------------------------------------------------------
u_engine.u_zstore.g_zrams[0].u_ram.u_macro/dout0[21]    0.027560    0.057408   -0.029848 (VIOLATED)
u_engine.u_zstore.g_zrams[1].u_ram.u_macro/dout0[3]    0.027560    0.054498   -0.026938 (VIOLATED)
u_engine.u_zstore.g_zrams[0].u_ram.u_macro/dout0[20]    0.027560    0.052693   -0.025133 (VIOLATED)
u_engine.u_zstore.g_zrams[1].u_ram.u_macro/dout1[2]    0.027560    0.051698   -0.024138 (VIOLATED)
u_engine.u_zstore.g_zrams[1].u_ram.u_macro/dout0[22]    0.027560    0.049082   -0.021522 (VIOLATED)
u_engine.u_zstore.g_zrams[1].u_ram.u_macro/dout1[0]    0.027560    0.048861   -0.021301 (VIOLATED)
u_engine.u_zstore.g_zrams[1].u_ram.u_macro/dout1[3]    0.027560    0.048172   -0.020612 (VIOLATED)
u_engine.u_zstore.g_zrams[0].u_ram.u_macro/dout0[4]    0.027560    0.047359   -0.019799 (VIOLATED)
u_engine.u_zstore.g_zrams[1].u_ram.u_macro/dout1[4]    0.027560    0.046999   -0.019439 (VIOLATED)
u_engine.u_zstore.g_zrams[0].u_ram.u_macro/dout0[19]    0.027560    0.046386   -0.018826 (VIOLATED)
u_engine.u_zstore.g_zrams[0].u_ram.u_macro/dout0[2]    0.027560    0.045927   -0.018367 (VIOLATED)
u_engine.u_zstore.g_zrams[0].u_ram.u_macro/dout1[5]    0.027560    0.045733   -0.018173 (VIOLATED)
u_engine.u_zstore.g_zrams[0].u_ram.u_macro/dout1[9]    0.027560    0.044361   -0.016801 (VIOLATED)
u_engine.u_zstore.g_zrams[1].u_ram.u_macro/dout1[17]    0.027560    0.044017   -0.016457 (VIOLATED)
u_engine.u_zstore.g_zrams[1].u_ram.u_macro/dout1[20]    0.027560    0.043145   -0.015585 (VIOLATED)
u_engine.u_zstore.g_zrams[1].u_ram.u_macro/dout0[19]    0.027560    0.042864   -0.015304 (VIOLATED)
u_engine.g_banks[3].u_ram.u_macro/dout1[24]    0.027560    0.042552   -0.014992 (VIOLATED)
u_engine.u_zstore.g_zrams[1].u_ram.u_macro/dout1[8]    0.027560    0.042399   -0.014839 (VIOLATED)
u_engine.u_zstore.g_zrams[1].u_ram.u_macro/dout1[13]    0.027560    0.041844   -0.014284 (VIOLATED)
u_engine.u_zstore.g_zrams[0].u_ram.u_macro/dout0[1]    0.027560    0.041379   -0.013819 (VIOLATED)
u_engine.u_zstore.g_zrams[0].u_ram.u_macro/dout1[17]    0.027560    0.040437   -0.012877 (VIOLATED)
u_engine.u_zstore.g_zrams[1].u_ram.u_macro/dout1[6]    0.027560    0.039815   -0.012255 (VIOLATED)
u_engine.u_zstore.g_zrams[0].u_ram.u_macro/dout1[20]    0.027560    0.039750   -0.012190 (VIOLATED)
u_engine.u_zstore.g_zrams[0].u_ram.u_macro/dout1[0]    0.027560    0.039527   -0.011967 (VIOLATED)
u_engine.u_zstore.g_zrams[0].u_ram.u_macro/dout0[5]    0.027560    0.039291   -0.011731 (VIOLATED)
u_engine.u_zstore.g_zrams[1].u_ram.u_macro/dout1[22]    0.027560    0.039224   -0.011664 (VIOLATED)
u_engine.u_zstore.g_zrams[0].u_ram.u_macro/dout1[13]    0.027560    0.038477   -0.010917 (VIOLATED)
u_engine.u_zstore.g_zrams[1].u_ram.u_macro/dout0[20]    0.027560    0.037906   -0.010346 (VIOLATED)
u_engine.g_banks[3].u_ram.u_macro/dout1[15]    0.027560    0.037868   -0.010308 (VIOLATED)
u_engine.u_zstore.g_zrams[0].u_ram.u_macro/dout0[3]    0.027560    0.037671   -0.010111 (VIOLATED)
u_engine.u_zstore.g_zrams[0].u_ram.u_macro/dout1[6]    0.027560    0.037666   -0.010106 (VIOLATED)
u_engine.u_zstore.g_zrams[0].u_ram.u_macro/dout1[22]    0.027560    0.037586   -0.010026 (VIOLATED)
u_engine.u_zstore.g_zrams[1].u_ram.u_macro/dout0[4]    0.027560    0.037322   -0.009762 (VIOLATED)
u_engine.u_zstore.g_zrams[0].u_ram.u_macro/dout1[4]    0.027560    0.037050   -0.009490 (VIOLATED)
u_engine.u_zstore.g_zrams[0].u_ram.u_macro/dout0[10]    0.027560    0.036988   -0.009428 (VIOLATED)
u_engine.u_zstore.g_zrams[0].u_ram.u_macro/dout1[29]    0.027560    0.036358   -0.008798 (VIOLATED)
u_engine.u_zstore.g_zrams[0].u_ram.u_macro/dout1[8]    0.027560    0.036111   -0.008551 (VIOLATED)
u_engine.u_zstore.g_zrams[0].u_ram.u_macro/dout0[6]    0.027560    0.036054   -0.008494 (VIOLATED)
u_engine.u_zstore.g_zrams[1].u_ram.u_macro/dout0[2]    0.027560    0.035422   -0.007862 (VIOLATED)
u_engine.u_zstore.g_zrams[0].u_ram.u_macro/dout0[22]    0.027560    0.034966   -0.007406 (VIOLATED)
u_engine.u_zstore.g_zrams[0].u_ram.u_macro/dout0[0]    0.027560    0.033964   -0.006404 (VIOLATED)
u_engine.u_zstore.g_zrams[0].u_ram.u_macro/dout1[1]    0.027560    0.033889   -0.006329 (VIOLATED)
u_engine.g_banks[1].u_ram.u_macro/dout1[25]    0.027560    0.033829   -0.006269 (VIOLATED)
u_engine.u_zstore.g_zrams[0].u_ram.u_macro/dout1[2]    0.027560    0.033801   -0.006241 (VIOLATED)
u_engine.u_zstore.g_zrams[0].u_ram.u_macro/dout0[7]    0.027560    0.033633   -0.006073 (VIOLATED)
u_engine.u_zstore.g_zrams[0].u_ram.u_macro/dout1[3]    0.027560    0.033457   -0.005897 (VIOLATED)
u_engine.u_zstore.g_zrams[1].u_ram.u_macro/dout0[18]    0.027560    0.033362   -0.005802 (VIOLATED)
u_engine.u_zstore.g_zrams[1].u_ram.u_macro/dout1[5]    0.027560    0.033183   -0.005623 (VIOLATED)
u_engine.u_zstore.g_zrams[1].u_ram.u_macro/dout1[9]    0.027560    0.033176   -0.005616 (VIOLATED)
u_engine.u_zstore.g_zrams[0].u_ram.u_macro/dout0[23]    0.027560    0.033131   -0.005571 (VIOLATED)
u_engine.u_zstore.g_zrams[1].u_ram.u_macro/dout0[17]    0.027560    0.032734   -0.005174 (VIOLATED)
u_engine.g_banks[1].u_ram.u_macro/dout1[18]    0.027560    0.032704   -0.005144 (VIOLATED)
u_engine.u_zstore.g_zrams[0].u_ram.u_macro/dout0[8]    0.027560    0.032304   -0.004744 (VIOLATED)
u_engine.u_zstore.g_zrams[0].u_ram.u_macro/dout1[19]    0.027560    0.032065   -0.004505 (VIOLATED)
u_engine.u_zstore.g_zrams[1].u_ram.u_macro/dout1[16]    0.027560    0.031831   -0.004271 (VIOLATED)
u_engine.g_banks[3].u_ram.u_macro/dout1[8]    0.027560    0.031792   -0.004232 (VIOLATED)
u_engine.g_banks[1].u_ram.u_macro/dout1[19]    0.027560    0.031738   -0.004178 (VIOLATED)
u_engine.g_banks[3].u_ram.u_macro/dout1[9]    0.027560    0.031440   -0.003880 (VIOLATED)
u_engine.g_banks[3].u_ram.u_macro/dout1[0]    0.027560    0.031335   -0.003775 (VIOLATED)
u_engine.g_banks[1].u_ram.u_macro/dout1[16]    0.027560    0.031300   -0.003740 (VIOLATED)
u_engine.g_banks[2].u_ram.u_macro/dout1[13]    0.027560    0.031161   -0.003601 (VIOLATED)
u_engine.g_banks[3].u_ram.u_macro/dout1[13]    0.027560    0.031071   -0.003511 (VIOLATED)
u_engine.u_zstore.g_zrams[1].u_ram.u_macro/dout1[15]    0.027560    0.030553   -0.002993 (VIOLATED)
u_engine.u_zstore.g_zrams[0].u_ram.u_macro/dout1[30]    0.027560    0.030541   -0.002981 (VIOLATED)
u_engine.g_banks[0].u_ram.u_macro/dout1[7]    0.027560    0.030520   -0.002960 (VIOLATED)
u_engine.u_zstore.g_zrams[0].u_ram.u_macro/dout1[27]    0.027560    0.030230   -0.002670 (VIOLATED)
u_engine.g_banks[3].u_ram.u_macro/dout1[2]    0.027560    0.029541   -0.001981 (VIOLATED)
u_engine.g_banks[0].u_ram.u_macro/dout1[15]    0.027560    0.029502   -0.001942 (VIOLATED)
u_engine.u_zstore.g_zrams[0].u_ram.u_macro/dout1[18]    0.027560    0.029469   -0.001909 (VIOLATED)
u_engine.u_zstore.g_zrams[0].u_ram.u_macro/dout1[24]    0.027560    0.029444   -0.001884 (VIOLATED)
u_engine.u_zstore.g_zrams[0].u_ram.u_macro/dout1[28]    0.027560    0.029264   -0.001704 (VIOLATED)
u_engine.g_banks[1].u_ram.u_macro/dout1[13]    0.027560    0.029235   -0.001675 (VIOLATED)
u_engine.g_banks[0].u_ram.u_macro/dout1[18]    0.027560    0.029007   -0.001447 (VIOLATED)
u_engine.u_zstore.g_zrams[0].u_ram.u_macro/dout0[24]    0.027560    0.028948   -0.001388 (VIOLATED)
u_engine.u_zstore.g_zrams[1].u_ram.u_macro/dout1[1]    0.027560    0.028636   -0.001076 (VIOLATED)
u_engine.g_banks[3].u_ram.u_macro/dout1[23]    0.027560    0.028569   -0.001009 (VIOLATED)
u_engine.g_banks[1].u_ram.u_macro/dout1[10]    0.027560    0.028560   -0.001000 (VIOLATED)
u_engine.u_zstore.g_zrams[0].u_ram.u_macro/dout1[12]    0.027560    0.028379   -0.000819 (VIOLATED)
u_engine.g_banks[2].u_ram.u_macro/dout1[14]    0.027560    0.028017   -0.000457 (VIOLATED)
u_engine.g_banks[3].u_ram.u_macro/dout1[5]    0.027560    0.027608   -0.000048 (VIOLATED)
u_engine.g_banks[3].u_ram.u_macro/dout1[4]    0.027560    0.027604   -0.000044 (VIOLATED)



===========================================================================
report_parasitic_annotation -report_unannotated
============================================================================
Found 669 unannotated drivers.
 clkload0/Y
 clkload1/Y
 clkload10/X
 clkload100/Y
 clkload101/Y
 clkload102/Y
 clkload103/Y
 clkload104/Y
 clkload105/X
 clkload106/X
 clkload107/Y
 clkload108/Y
 clkload109/X
 clkload11/X
 clkload110/Y
 clkload111/Y
 clkload112/Y
 clkload113/Y
 clkload114/Y
 clkload115/Y
 clkload116/Y
 clkload117/Y
 clkload118/Y
 clkload119/X
 clkload12/Y
 clkload120/Y
 clkload121/X
 clkload122/X
 clkload123/X
 clkload124/X
 clkload125/Y
 clkload126/Y
 clkload127/Y
 clkload128/Y
 clkload129/Y
 clkload13/Y
 clkload130/Y
 clkload131/Y
 clkload132/Y
 clkload133/Y
 clkload134/Y
 clkload135/X
 clkload136/Y
 clkload137/Y
 clkload138/Y
 clkload139/Y
 clkload14/Y
 clkload140/Y
 clkload141/Y
 clkload142/Y
 clkload143/Y
 clkload144/Y
 clkload145/Y
 clkload146/Y
 clkload147/Y
 clkload148/Y
 clkload149/Y
 clkload15/Y
 clkload150/Y
 clkload151/Y
 clkload152/Y
 clkload153/Y
 clkload154/Y
 clkload155/Y
 clkload156/Y
 clkload157/Y
 clkload158/Y
 clkload159/Y
 clkload16/X
 clkload160/Y
 clkload161/Y
 clkload162/Y
 clkload163/Y
 clkload164/Y
 clkload165/Y
 clkload166/X
 clkload167/Y
 clkload168/Y
 clkload169/Y
 clkload17/Y
 clkload170/Y
 clkload171/Y
 clkload172/Y
 clkload173/Y
 clkload174/Y
 clkload175/Y
 clkload176/Y
 clkload177/Y
 clkload178/Y
 clkload179/Y
 clkload18/Y
 clkload180/Y
 clkload181/Y
 clkload182/Y
 clkload183/Y
 clkload184/Y
 clkload185/Y
 clkload186/Y
 clkload187/Y
 clkload188/Y
 clkload189/Y
 clkload19/Y
 clkload190/Y
 clkload191/X
 clkload192/Y
 clkload193/Y
 clkload194/Y
 clkload195/Y
 clkload196/Y
 clkload197/Y
 clkload198/Y
 clkload199/Y
 clkload2/Y
 clkload20/Y
 clkload200/Y
 clkload201/Y
 clkload202/Y
 clkload203/Y
 clkload204/Y
 clkload205/Y
 clkload206/Y
 clkload207/Y
 clkload208/X
 clkload209/Y
 clkload21/Y
 clkload210/Y
 clkload211/Y
 clkload212/X
 clkload213/X
 clkload214/Y
 clkload215/Y
 clkload216/Y
 clkload217/Y
 clkload218/Y
 clkload219/Y
 clkload22/Y
 clkload220/Y
 clkload221/Y
 clkload222/Y
 clkload223/Y
 clkload224/Y
 clkload225/Y
 clkload226/Y
 clkload227/Y
 clkload228/Y
 clkload229/Y
 clkload23/Y
 clkload230/Y
 clkload231/Y
 clkload232/Y
 clkload233/X
 clkload234/X
 clkload235/Y
 clkload236/Y
 clkload237/Y
 clkload238/X
 clkload239/Y
 clkload24/Y
 clkload240/Y
 clkload241/Y
 clkload242/Y
 clkload243/Y
 clkload244/Y
 clkload245/Y
 clkload246/Y
 clkload247/Y
 clkload248/Y
 clkload249/Y
 clkload25/Y
 clkload250/Y
 clkload251/Y
 clkload252/Y
 clkload253/Y
 clkload254/Y
 clkload255/Y
 clkload256/Y
 clkload257/Y
 clkload258/Y
 clkload259/Y
 clkload26/Y
 clkload260/Y
 clkload261/X
 clkload262/Y
 clkload263/Y
 clkload264/Y
 clkload265/X
 clkload266/Y
 clkload267/Y
 clkload268/Y
 clkload269/Y
 clkload27/Y
 clkload270/Y
 clkload271/Y
 clkload272/Y
 clkload273/Y
 clkload274/X
 clkload275/Y
 clkload276/Y
 clkload277/Y
 clkload278/Y
 clkload279/Y
 clkload28/Y
 clkload280/Y
 clkload281/Y
 clkload282/Y
 clkload283/Y
 clkload284/X
 clkload285/X
 clkload286/Y
 clkload287/Y
 clkload288/Y
 clkload289/Y
 clkload29/Y
 clkload290/Y
 clkload291/Y
 clkload292/Y
 clkload293/Y
 clkload294/Y
 clkload295/Y
 clkload296/Y
 clkload297/Y
 clkload298/Y
 clkload299/Y
 clkload3/Y
 clkload30/X
 clkload300/Y
 clkload301/X
 clkload302/X
 clkload303/Y
 clkload304/Y
 clkload305/Y
 clkload306/Y
 clkload307/X
 clkload308/Y
 clkload309/Y
 clkload31/Y
 clkload310/Y
 clkload311/Y
 clkload312/Y
 clkload313/Y
 clkload314/Y
 clkload315/Y
 clkload316/X
 clkload317/Y
 clkload318/Y
 clkload319/Y
 clkload32/X
 clkload320/Y
 clkload321/Y
 clkload322/X
 clkload323/Y
 clkload324/Y
 clkload325/Y
 clkload326/Y
 clkload327/Y
 clkload328/Y
 clkload329/X
 clkload33/Y
 clkload330/Y
 clkload331/Y
 clkload332/Y
 clkload333/Y
 clkload334/Y
 clkload335/Y
 clkload336/Y
 clkload337/Y
 clkload338/Y
 clkload339/Y
 clkload34/Y
 clkload340/Y
 clkload341/Y
 clkload342/Y
 clkload343/X
 clkload344/Y
 clkload345/X
 clkload346/Y
 clkload347/Y
 clkload348/Y
 clkload349/Y
 clkload35/Y
 clkload350/Y
 clkload351/Y
 clkload352/Y
 clkload353/Y
 clkload354/Y
 clkload355/Y
 clkload356/Y
 clkload357/Y
 clkload358/Y
 clkload359/Y
 clkload36/Y
 clkload360/Y
 clkload361/Y
 clkload362/Y
 clkload363/Y
 clkload364/Y
 clkload365/Y
 clkload366/Y
 clkload367/Y
 clkload368/Y
 clkload369/Y
 clkload37/Y
 clkload370/Y
 clkload371/Y
 clkload372/Y
 clkload373/X
 clkload374/Y
 clkload375/Y
 clkload376/Y
 clkload377/Y
 clkload378/Y
 clkload379/Y
 clkload38/Y
 clkload380/Y
 clkload381/Y
 clkload382/Y
 clkload383/X
 clkload384/Y
 clkload385/X
 clkload386/Y
 clkload387/Y
 clkload388/X
 clkload389/Y
 clkload39/Y
 clkload390/Y
 clkload391/Y
 clkload392/Y
 clkload393/Y
 clkload394/Y
 clkload395/Y
 clkload396/Y
 clkload397/Y
 clkload398/Y
 clkload399/Y
 clkload4/Y
 clkload40/Y
 clkload400/Y
 clkload401/Y
 clkload402/X
 clkload403/X
 clkload404/Y
 clkload405/Y
 clkload406/Y
 clkload407/Y
 clkload408/X
 clkload409/X
 clkload41/Y
 clkload410/X
 clkload411/Y
 clkload412/Y
 clkload413/Y
 clkload414/Y
 clkload415/Y
 clkload416/Y
 clkload417/Y
 clkload418/X
 clkload419/Y
 clkload42/Y
 clkload420/Y
 clkload421/Y
 clkload422/Y
 clkload423/Y
 clkload424/Y
 clkload425/Y
 clkload426/Y
 clkload427/Y
 clkload428/Y
 clkload429/X
 clkload43/Y
 clkload430/Y
 clkload431/Y
 clkload432/Y
 clkload433/X
 clkload434/Y
 clkload435/Y
 clkload436/Y
 clkload437/Y
 clkload438/Y
 clkload439/Y
 clkload44/Y
 clkload440/Y
 clkload441/Y
 clkload442/Y
 clkload443/Y
 clkload444/Y
 clkload445/Y
 clkload446/Y
 clkload447/Y
 clkload448/Y
 clkload449/Y
 clkload45/Y
 clkload450/Y
 clkload451/Y
 clkload452/Y
 clkload453/Y
 clkload454/Y
 clkload455/Y
 clkload456/Y
 clkload457/Y
 clkload458/Y
 clkload459/Y
 clkload46/Y
 clkload460/Y
 clkload461/Y
 clkload462/Y
 clkload463/Y
 clkload464/Y
 clkload465/X
 clkload466/Y
 clkload467/Y
 clkload468/Y
 clkload469/Y
 clkload47/Y
 clkload470/X
 clkload471/X
 clkload472/Y
 clkload473/Y
 clkload474/Y
 clkload475/Y
 clkload476/Y
 clkload477/Y
 clkload478/Y
 clkload479/Y
 clkload48/Y
 clkload480/Y
 clkload481/Y
 clkload482/X
 clkload483/Y
 clkload484/Y
 clkload485/X
 clkload486/Y
 clkload487/Y
 clkload488/Y
 clkload489/Y
 clkload49/Y
 clkload490/Y
 clkload491/Y
 clkload492/Y
 clkload493/Y
 clkload494/Y
 clkload495/Y
 clkload496/Y
 clkload497/Y
 clkload498/Y
 clkload499/Y
 clkload5/Y
 clkload50/X
 clkload500/X
 clkload501/Y
 clkload502/Y
 clkload503/Y
 clkload504/Y
 clkload505/Y
 clkload506/X
 clkload507/X
 clkload508/X
 clkload51/Y
 clkload52/Y
 clkload53/Y
 clkload54/Y
 clkload55/Y
 clkload56/Y
 clkload57/Y
 clkload58/Y
 clkload59/Y
 clkload6/Y
 clkload60/Y
 clkload61/Y
 clkload62/Y
 clkload63/Y
 clkload64/Y
 clkload65/Y
 clkload66/Y
 clkload67/Y
 clkload68/Y
 clkload69/Y
 clkload7/Y
 clkload70/Y
 clkload71/Y
 clkload72/Y
 clkload73/Y
 clkload74/X
 clkload75/X
 clkload76/Y
 clkload77/X
 clkload78/Y
 clkload79/Y
 clkload8/Y
 clkload80/X
 clkload81/Y
 clkload82/Y
 clkload83/Y
 clkload84/Y
 clkload85/Y
 clkload86/X
 clkload87/Y
 clkload88/Y
 clkload89/Y
 clkload9/Y
 clkload90/Y
 clkload91/Y
 clkload92/Y
 clkload93/X
 clkload94/Y
 clkload95/Y
 clkload96/Y
 clkload97/Y
 clkload98/Y
 clkload99/Y
 ntt_user_macro_3322/HI
 ntt_user_macro_3323/HI
 u_engine.g_banks\[0\].u_ram.u_macro/dout0[0]
 u_engine.g_banks\[0\].u_ram.u_macro/dout0[10]
 u_engine.g_banks\[0\].u_ram.u_macro/dout0[11]
 u_engine.g_banks\[0\].u_ram.u_macro/dout0[12]
 u_engine.g_banks\[0\].u_ram.u_macro/dout0[13]
 u_engine.g_banks\[0\].u_ram.u_macro/dout0[14]
 u_engine.g_banks\[0\].u_ram.u_macro/dout0[15]
 u_engine.g_banks\[0\].u_ram.u_macro/dout0[16]
 u_engine.g_banks\[0\].u_ram.u_macro/dout0[17]
 u_engine.g_banks\[0\].u_ram.u_macro/dout0[18]
 u_engine.g_banks\[0\].u_ram.u_macro/dout0[19]
 u_engine.g_banks\[0\].u_ram.u_macro/dout0[1]
 u_engine.g_banks\[0\].u_ram.u_macro/dout0[20]
 u_engine.g_banks\[0\].u_ram.u_macro/dout0[21]
 u_engine.g_banks\[0\].u_ram.u_macro/dout0[22]
 u_engine.g_banks\[0\].u_ram.u_macro/dout0[23]
 u_engine.g_banks\[0\].u_ram.u_macro/dout0[24]
 u_engine.g_banks\[0\].u_ram.u_macro/dout0[25]
 u_engine.g_banks\[0\].u_ram.u_macro/dout0[26]
 u_engine.g_banks\[0\].u_ram.u_macro/dout0[27]
 u_engine.g_banks\[0\].u_ram.u_macro/dout0[28]
 u_engine.g_banks\[0\].u_ram.u_macro/dout0[29]
 u_engine.g_banks\[0\].u_ram.u_macro/dout0[2]
 u_engine.g_banks\[0\].u_ram.u_macro/dout0[30]
 u_engine.g_banks\[0\].u_ram.u_macro/dout0[31]
 u_engine.g_banks\[0\].u_ram.u_macro/dout0[3]
 u_engine.g_banks\[0\].u_ram.u_macro/dout0[4]
 u_engine.g_banks\[0\].u_ram.u_macro/dout0[5]
 u_engine.g_banks\[0\].u_ram.u_macro/dout0[6]
 u_engine.g_banks\[0\].u_ram.u_macro/dout0[7]
 u_engine.g_banks\[0\].u_ram.u_macro/dout0[8]
 u_engine.g_banks\[0\].u_ram.u_macro/dout0[9]
 u_engine.g_banks\[0\].u_ram.u_macro_3316/HI
 u_engine.g_banks\[0\].u_ram.u_macro_3324/LO
 u_engine.g_banks\[0\].u_ram.u_macro_3325/LO
 u_engine.g_banks\[0\].u_ram.u_macro_3326/LO
 u_engine.g_banks\[0\].u_ram.u_macro_3327/LO
 u_engine.g_banks\[1\].u_ram.u_macro/dout0[0]
 u_engine.g_banks\[1\].u_ram.u_macro/dout0[10]
 u_engine.g_banks\[1\].u_ram.u_macro/dout0[11]
 u_engine.g_banks\[1\].u_ram.u_macro/dout0[12]
 u_engine.g_banks\[1\].u_ram.u_macro/dout0[13]
 u_engine.g_banks\[1\].u_ram.u_macro/dout0[14]
 u_engine.g_banks\[1\].u_ram.u_macro/dout0[15]
 u_engine.g_banks\[1\].u_ram.u_macro/dout0[16]
 u_engine.g_banks\[1\].u_ram.u_macro/dout0[17]
 u_engine.g_banks\[1\].u_ram.u_macro/dout0[18]
 u_engine.g_banks\[1\].u_ram.u_macro/dout0[19]
 u_engine.g_banks\[1\].u_ram.u_macro/dout0[1]
 u_engine.g_banks\[1\].u_ram.u_macro/dout0[20]
 u_engine.g_banks\[1\].u_ram.u_macro/dout0[21]
 u_engine.g_banks\[1\].u_ram.u_macro/dout0[22]
 u_engine.g_banks\[1\].u_ram.u_macro/dout0[23]
 u_engine.g_banks\[1\].u_ram.u_macro/dout0[24]
 u_engine.g_banks\[1\].u_ram.u_macro/dout0[25]
 u_engine.g_banks\[1\].u_ram.u_macro/dout0[26]
 u_engine.g_banks\[1\].u_ram.u_macro/dout0[27]
 u_engine.g_banks\[1\].u_ram.u_macro/dout0[28]
 u_engine.g_banks\[1\].u_ram.u_macro/dout0[29]
 u_engine.g_banks\[1\].u_ram.u_macro/dout0[2]
 u_engine.g_banks\[1\].u_ram.u_macro/dout0[30]
 u_engine.g_banks\[1\].u_ram.u_macro/dout0[31]
 u_engine.g_banks\[1\].u_ram.u_macro/dout0[3]
 u_engine.g_banks\[1\].u_ram.u_macro/dout0[4]
 u_engine.g_banks\[1\].u_ram.u_macro/dout0[5]
 u_engine.g_banks\[1\].u_ram.u_macro/dout0[6]
 u_engine.g_banks\[1\].u_ram.u_macro/dout0[7]
 u_engine.g_banks\[1\].u_ram.u_macro/dout0[8]
 u_engine.g_banks\[1\].u_ram.u_macro/dout0[9]
 u_engine.g_banks\[1\].u_ram.u_macro_3317/HI
 u_engine.g_banks\[1\].u_ram.u_macro_3328/LO
 u_engine.g_banks\[1\].u_ram.u_macro_3329/LO
 u_engine.g_banks\[1\].u_ram.u_macro_3330/LO
 u_engine.g_banks\[1\].u_ram.u_macro_3331/LO
 u_engine.g_banks\[2\].u_ram.u_macro/dout0[0]
 u_engine.g_banks\[2\].u_ram.u_macro/dout0[10]
 u_engine.g_banks\[2\].u_ram.u_macro/dout0[11]
 u_engine.g_banks\[2\].u_ram.u_macro/dout0[12]
 u_engine.g_banks\[2\].u_ram.u_macro/dout0[13]
 u_engine.g_banks\[2\].u_ram.u_macro/dout0[14]
 u_engine.g_banks\[2\].u_ram.u_macro/dout0[15]
 u_engine.g_banks\[2\].u_ram.u_macro/dout0[16]
 u_engine.g_banks\[2\].u_ram.u_macro/dout0[17]
 u_engine.g_banks\[2\].u_ram.u_macro/dout0[18]
 u_engine.g_banks\[2\].u_ram.u_macro/dout0[19]
 u_engine.g_banks\[2\].u_ram.u_macro/dout0[1]
 u_engine.g_banks\[2\].u_ram.u_macro/dout0[20]
 u_engine.g_banks\[2\].u_ram.u_macro/dout0[21]
 u_engine.g_banks\[2\].u_ram.u_macro/dout0[22]
 u_engine.g_banks\[2\].u_ram.u_macro/dout0[23]
 u_engine.g_banks\[2\].u_ram.u_macro/dout0[24]
 u_engine.g_banks\[2\].u_ram.u_macro/dout0[25]
 u_engine.g_banks\[2\].u_ram.u_macro/dout0[26]
 u_engine.g_banks\[2\].u_ram.u_macro/dout0[27]
 u_engine.g_banks\[2\].u_ram.u_macro/dout0[28]
 u_engine.g_banks\[2\].u_ram.u_macro/dout0[29]
 u_engine.g_banks\[2\].u_ram.u_macro/dout0[2]
 u_engine.g_banks\[2\].u_ram.u_macro/dout0[30]
 u_engine.g_banks\[2\].u_ram.u_macro/dout0[31]
 u_engine.g_banks\[2\].u_ram.u_macro/dout0[3]
 u_engine.g_banks\[2\].u_ram.u_macro/dout0[4]
 u_engine.g_banks\[2\].u_ram.u_macro/dout0[5]
 u_engine.g_banks\[2\].u_ram.u_macro/dout0[6]
 u_engine.g_banks\[2\].u_ram.u_macro/dout0[7]
 u_engine.g_banks\[2\].u_ram.u_macro/dout0[8]
 u_engine.g_banks\[2\].u_ram.u_macro/dout0[9]
 u_engine.g_banks\[2\].u_ram.u_macro_3318/HI
 u_engine.g_banks\[2\].u_ram.u_macro_3332/LO
 u_engine.g_banks\[2\].u_ram.u_macro_3333/LO
 u_engine.g_banks\[2\].u_ram.u_macro_3334/LO
 u_engine.g_banks\[2\].u_ram.u_macro_3335/LO
 u_engine.g_banks\[3\].u_ram.u_macro/dout0[0]
 u_engine.g_banks\[3\].u_ram.u_macro/dout0[10]
 u_engine.g_banks\[3\].u_ram.u_macro/dout0[11]
 u_engine.g_banks\[3\].u_ram.u_macro/dout0[12]
 u_engine.g_banks\[3\].u_ram.u_macro/dout0[13]
 u_engine.g_banks\[3\].u_ram.u_macro/dout0[14]
 u_engine.g_banks\[3\].u_ram.u_macro/dout0[15]
 u_engine.g_banks\[3\].u_ram.u_macro/dout0[16]
 u_engine.g_banks\[3\].u_ram.u_macro/dout0[17]
 u_engine.g_banks\[3\].u_ram.u_macro/dout0[18]
 u_engine.g_banks\[3\].u_ram.u_macro/dout0[19]
 u_engine.g_banks\[3\].u_ram.u_macro/dout0[1]
 u_engine.g_banks\[3\].u_ram.u_macro/dout0[20]
 u_engine.g_banks\[3\].u_ram.u_macro/dout0[21]
 u_engine.g_banks\[3\].u_ram.u_macro/dout0[22]
 u_engine.g_banks\[3\].u_ram.u_macro/dout0[23]
 u_engine.g_banks\[3\].u_ram.u_macro/dout0[24]
 u_engine.g_banks\[3\].u_ram.u_macro/dout0[25]
 u_engine.g_banks\[3\].u_ram.u_macro/dout0[26]
 u_engine.g_banks\[3\].u_ram.u_macro/dout0[27]
 u_engine.g_banks\[3\].u_ram.u_macro/dout0[28]
 u_engine.g_banks\[3\].u_ram.u_macro/dout0[29]
 u_engine.g_banks\[3\].u_ram.u_macro/dout0[2]
 u_engine.g_banks\[3\].u_ram.u_macro/dout0[30]
 u_engine.g_banks\[3\].u_ram.u_macro/dout0[31]
 u_engine.g_banks\[3\].u_ram.u_macro/dout0[3]
 u_engine.g_banks\[3\].u_ram.u_macro/dout0[4]
 u_engine.g_banks\[3\].u_ram.u_macro/dout0[5]
 u_engine.g_banks\[3\].u_ram.u_macro/dout0[6]
 u_engine.g_banks\[3\].u_ram.u_macro/dout0[7]
 u_engine.g_banks\[3\].u_ram.u_macro/dout0[8]
 u_engine.g_banks\[3\].u_ram.u_macro/dout0[9]
 u_engine.g_banks\[3\].u_ram.u_macro_3319/HI
 u_engine.g_banks\[3\].u_ram.u_macro_3336/LO
 u_engine.g_banks\[3\].u_ram.u_macro_3337/LO
 u_engine.g_banks\[3\].u_ram.u_macro_3338/LO
 u_engine.g_banks\[3\].u_ram.u_macro_3339/LO
 u_engine.u_zstore.g_zrams\[0\].u_ram.u_macro_3320/HI
 u_engine.u_zstore.g_zrams\[0\].u_ram.u_macro_3340/LO
 u_engine.u_zstore.g_zrams\[0\].u_ram.u_macro_3341/LO
 u_engine.u_zstore.g_zrams\[0\].u_ram.u_macro_3342/LO
 u_engine.u_zstore.g_zrams\[0\].u_ram.u_macro_3343/LO
 u_engine.u_zstore.g_zrams\[1\].u_ram.u_macro_3321/HI
 u_engine.u_zstore.g_zrams\[1\].u_ram.u_macro_3344/LO
 u_engine.u_zstore.g_zrams\[1\].u_ram.u_macro_3345/LO
 u_engine.u_zstore.g_zrams\[1\].u_ram.u_macro_3346/LO
 u_engine.u_zstore.g_zrams\[1\].u_ram.u_macro_3347/LO
Found 0 partially unannotated drivers.

===========================================================================
max slew violation count 0
max fanout violation count 0
max cap violation count 81
============================================================================

===========================================================================
check_setup -verbose -unconstrained_endpoints -multiple_clock -no_clock -no_input_delay -loops -generated_clocks
===========================================================================
Warning: There is 1 input port missing set_input_delay.
  wb_rst_i
Warning: There are 32 unconstrained endpoints.
  irq[1]
  irq[2]
  u_engine.g_banks[0].u_ram.u_macro/csb1
  u_engine.g_banks[0].u_ram.u_macro/wmask0[0]
  u_engine.g_banks[0].u_ram.u_macro/wmask0[1]
  u_engine.g_banks[0].u_ram.u_macro/wmask0[2]
  u_engine.g_banks[0].u_ram.u_macro/wmask0[3]
  u_engine.g_banks[1].u_ram.u_macro/csb1
  u_engine.g_banks[1].u_ram.u_macro/wmask0[0]
  u_engine.g_banks[1].u_ram.u_macro/wmask0[1]
  u_engine.g_banks[1].u_ram.u_macro/wmask0[2]
  u_engine.g_banks[1].u_ram.u_macro/wmask0[3]
  u_engine.g_banks[2].u_ram.u_macro/csb1
  u_engine.g_banks[2].u_ram.u_macro/wmask0[0]
  u_engine.g_banks[2].u_ram.u_macro/wmask0[1]
  u_engine.g_banks[2].u_ram.u_macro/wmask0[2]
  u_engine.g_banks[2].u_ram.u_macro/wmask0[3]
  u_engine.g_banks[3].u_ram.u_macro/csb1
  u_engine.g_banks[3].u_ram.u_macro/wmask0[0]
  u_engine.g_banks[3].u_ram.u_macro/wmask0[1]
  u_engine.g_banks[3].u_ram.u_macro/wmask0[2]
  u_engine.g_banks[3].u_ram.u_macro/wmask0[3]
  u_engine.u_zstore.g_zrams[0].u_ram.u_macro/csb1
  u_engine.u_zstore.g_zrams[0].u_ram.u_macro/wmask0[0]
  u_engine.u_zstore.g_zrams[0].u_ram.u_macro/wmask0[1]
  u_engine.u_zstore.g_zrams[0].u_ram.u_macro/wmask0[2]
  u_engine.u_zstore.g_zrams[0].u_ram.u_macro/wmask0[3]
  u_engine.u_zstore.g_zrams[1].u_ram.u_macro/csb1
  u_engine.u_zstore.g_zrams[1].u_ram.u_macro/wmask0[0]
  u_engine.u_zstore.g_zrams[1].u_ram.u_macro/wmask0[1]
  u_engine.u_zstore.g_zrams[1].u_ram.u_macro/wmask0[2]
  u_engine.u_zstore.g_zrams[1].u_ram.u_macro/wmask0[3]
