Clock: wb_clk
Sources: wb_clk_i 
Generated: no
Virtual: yes
Propagated: no
Period: 25.000000

===========================================================================
report_clock_properties
============================================================================
Clock                   Period          Waveform
----------------------------------------------------
wb_clk               25.000000    0.000000 12.500000

===========================================================================
report_clock_latency
============================================================================
Clock wb_clk
rise -> rise
    min     max
0.000000 0.000000 source latency
1.349781         network latency _71765_/CLK
        1.858925 network latency _75257_/CLK
---------------
1.349781 1.858925 latency
        0.509144 skew

fall -> fall
    min     max
0.000000 0.000000 source latency
1.269343         network latency _71765_/CLK
        1.675727 network latency _75257_/CLK
---------------
1.269343 1.675727 latency
        0.406384 skew



===========================================================================
report_clock_min_period
============================================================================
wb_clk period_min = 10.19 fmax = 98.12
