┏━━━━━━━┳━━━━━━━━━┳━━━━━━━━━━┳━━━━━━━━━━━━━━━━━━━━━━━━━━━━━━━━━━━━━━━━━━━━━━━━┳━━━━━━━━━━━━━━━━━┳━━━━━━━┓
┃ P / R ┃ Partial ┃ Required ┃ Net                                            ┃ Pin             ┃ Layer ┃
┡━━━━━━━╇━━━━━━━━━╇━━━━━━━━━━╇━━━━━━━━━━━━━━━━━━━━━━━━━━━━━━━━━━━━━━━━━━━━━━━━╇━━━━━━━━━━━━━━━━━╇━━━━━━━┩
│ 9.13  │ 3650.98 │ 400.00   │ u_engine.u_bf_l1a.u_mm.a[2\]                   │ _75176_/D       │ met3  │
│ 5.31  │ 2123.35 │ 400.00   │ _30500_                                        │ wire869/A       │ met3  │
│ 4.93  │ 1971.52 │ 400.00   │ net3311                                        │ _74296_/RESET_B │ met3  │
│ 4.72  │ 1886.80 │ 400.00   │ u_engine.ext_rbank[0\]                         │ wire822/A       │ met3  │
│ 4.62  │ 1849.50 │ 400.00   │ net3187                                        │ wire3186/A      │ met3  │
│ 4.04  │ 1616.26 │ 400.00   │ _30479_                                        │ wire711/A       │ met3  │
│ 4.02  │ 1607.34 │ 400.00   │ _29394_                                        │ wire730/A       │ met3  │
│ 3.67  │ 1469.83 │ 400.00   │ net3032                                        │ _61205_/D       │ met1  │
│ 3.51  │ 1405.00 │ 400.00   │ net1706                                        │ fanout1699/A    │ met3  │
│ 3.35  │ 1338.78 │ 400.00   │ net2343                                        │ fanout2341/A    │ met2  │
│ 3.30  │ 1321.86 │ 400.00   │ _30474_                                        │ wire741/A       │ met3  │
│ 3.30  │ 1320.08 │ 400.00   │ net2369                                        │ fanout2366/A    │ met3  │
│ 3.27  │ 1307.05 │ 400.00   │ net950                                         │ wire949/A       │ met3  │
│ 3.24  │ 1296.95 │ 400.00   │ net137                                         │ _73794_/D       │ met3  │
│ 3.20  │ 1281.78 │ 400.00   │ u_engine.g_banks[3\].u_ram.waddr[6\]           │ wire724/A       │ met3  │
│ 3.00  │ 1198.51 │ 400.00   │ _30347_                                        │ wire757/A       │ met3  │
│ 2.89  │ 1155.54 │ 400.00   │ net1706                                        │ fanout1703/A    │ met3  │
│ 2.84  │ 1135.39 │ 400.00   │ u_engine.u_zstore.gs_sel                       │ _35795_/B1_N    │ met1  │
│ 2.73  │ 1092.51 │ 400.00   │ net1283                                        │ _71346_/C       │ met3  │
│ 2.69  │ 1076.97 │ 400.00   │ start                                          │ hold2596/A      │ met1  │
│ 2.64  │ 1054.01 │ 400.00   │ u_engine.bank_rdata[3\][8\]                    │ wire1300/A      │ met3  │
│ 2.60  │ 1038.42 │ 400.00   │ _01229_                                        │ _71773_/D       │ met2  │
│ 2.55  │ 1018.53 │ 400.00   │ _00397_                                        │ _74473_/D       │ met1  │
│ 2.38  │ 952.61  │ 400.00   │ u_engine.l1a_a[5\]                             │ _65809_/B       │ met1  │
│ 2.33  │ 930.19  │ 400.00   │ _01220_                                        │ _71764_/D       │ met2  │
│ 2.28  │ 912.92  │ 400.00   │ u_engine.l1a_a[11\]                            │ _74684_/D       │ met1  │
│ 2.27  │ 906.86  │ 400.00   │ _01224_                                        │ _71768_/D       │ met2  │
│ 2.25  │ 899.97  │ 400.00   │ net1216                                        │ _70110_/A0      │ met1  │
│ 2.10  │ 841.66  │ 400.00   │ _00078_                                        │ wire137/A       │ met3  │
│ 2.06  │ 822.56  │ 400.00   │ net2277                                        │ _65688_/C       │ met3  │
│ 2.06  │ 822.56  │ 400.00   │ net2277                                        │ fanout2274/A    │ met3  │
│ 2.05  │ 818.75  │ 400.00   │ _00404_                                        │ _74479_/D       │ met1  │
│ 1.94  │ 777.97  │ 400.00   │ _26756_                                        │ _69286_/A2_N    │ met1  │
│ 1.93  │ 771.48  │ 400.00   │ u_engine.g_banks[3\].u_ram.wdata[7\]           │ wire402/A       │ met2  │
│ 1.88  │ 750.67  │ 400.00   │ mem_addr[1\]                                   │ _66560_/A1      │ met1  │
│ 1.87  │ 746.33  │ 400.00   │ u_engine.l1a_a[7\]                             │ _65851_/B       │ met3  │
│ 1.87  │ 746.33  │ 400.00   │ u_engine.l1a_a[7\]                             │ _65852_/B       │ met3  │
│ 1.87  │ 746.33  │ 400.00   │ u_engine.l1a_a[7\]                             │ _74680_/D       │ met3  │
│ 1.86  │ 742.44  │ 400.00   │ net2937                                        │ _49135_/A2      │ met1  │
│ 1.85  │ 741.10  │ 400.00   │ net1437                                        │ _66962_/B2      │ met3  │
│ 1.85  │ 741.10  │ 400.00   │ net1437                                        │ _66979_/A       │ met3  │
│ 1.85  │ 741.10  │ 400.00   │ net1437                                        │ _66996_/B2      │ met3  │
│ 1.85  │ 741.10  │ 400.00   │ net1437                                        │ _67012_/A       │ met3  │
│ 1.85  │ 741.10  │ 400.00   │ net1437                                        │ fanout1432/A    │ met3  │
│ 1.80  │ 721.64  │ 400.00   │ net3240                                        │ _48423_/C       │ met1  │
│ 1.80  │ 721.06  │ 400.00   │ mem_target                                     │ wire3231/A      │ met1  │
│ 1.80  │ 719.77  │ 400.00   │ net942                                         │ wire941/A       │ met1  │
│ 1.80  │ 719.08  │ 400.00   │ net137                                         │ _73794_/D       │ met2  │
│ 1.79  │ 716.28  │ 400.00   │ net2997                                        │ _40766_/B       │ met1  │
│ 1.79  │ 714.21  │ 400.00   │ net935                                         │ wire934/A       │ met1  │
│ 1.78  │ 712.70  │ 400.00   │ net1122                                        │ wire1121/A      │ met1  │
│ 1.78  │ 710.16  │ 400.00   │ net1452                                        │ _66891_/B       │ met3  │
│ 1.72  │ 688.11  │ 400.00   │ net917                                         │ _70233_/A1      │ met1  │
│ 1.71  │ 684.75  │ 400.00   │ u_engine.u_bf_l2c.u_mm.m_s2[25\]               │ _38455_/A_N     │ met1  │
│ 1.61  │ 643.57  │ 400.00   │ u_engine.bank_rdata[1\][5\]                    │ wire1977/A      │ met3  │
│ 1.60  │ 639.56  │ 400.00   │ _26578_                                        │ _67044_/A_N     │ met1  │
│ 1.59  │ 635.91  │ 400.00   │ u_engine.bank_rdata[1\][9\]                    │ wire1930/A      │ met3  │
│ 1.58  │ 632.55  │ 400.00   │ u_engine.u_zstore.g_zrams[1\].u_ram.rdata1[6\] │ wire929/A       │ met1  │
│ 1.58  │ 630.67  │ 400.00   │ _00060_                                        │ _73778_/D       │ met1  │
│ 1.57  │ 627.83  │ 400.00   │ net2722                                        │ _54795_/A       │ met1  │
│ 1.54  │ 616.64  │ 400.00   │ net2360                                        │ fanout2358/A    │ met2  │
│ 1.53  │ 613.17  │ 400.00   │ net2946                                        │ _58708_/A       │ met1  │
│ 1.48  │ 592.04  │ 400.00   │ u_engine.l1a_a[3\]                             │ _65767_/B       │ met1  │
│ 1.46  │ 583.09  │ 400.00   │ u_engine.u_zstore.e_l1[1\]                     │ wire1146/A      │ met1  │
│ 1.42  │ 568.03  │ 400.00   │ u_engine.g_banks[2\].u_ram.wdata[19\]          │ wire262/A       │ met3  │
│ 1.42  │ 4654.35 │ 3288.40  │ _00001_                                        │ _76080_/D       │ met4  │
│ 1.40  │ 559.27  │ 400.00   │ net1756                                        │ fanout1755/A    │ met2  │
│ 1.39  │ 554.83  │ 400.00   │ net1998                                        │ fanout1996/A    │ met1  │
│ 1.38  │ 551.81  │ 400.00   │ net1172                                        │ wire1171/A      │ met1  │
│ 1.36  │ 545.97  │ 400.00   │ u_engine.u_bf_l2d.mm_b[18\]                    │ _72536_/D       │ met1  │
│ 1.34  │ 537.30  │ 400.00   │ net2621                                        │ _56822_/A2      │ met1  │
│ 1.34  │ 536.00  │ 400.00   │ net2920                                        │ _50782_/B1      │ met1  │
│ 1.34  │ 536.00  │ 400.00   │ net2920                                        │ _50783_/A_N     │ met1  │
│ 1.34  │ 4403.94 │ 3288.40  │ _00367_                                        │ _73760_/D       │ met4  │
│ 1.33  │ 533.44  │ 400.00   │ net1983                                        │ _67070_/A       │ met1  │
│ 1.31  │ 524.82  │ 400.00   │ u_engine.g_banks[2\].raddr_i[0\]               │ wire564/A       │ met2  │
│ 1.27  │ 507.29  │ 400.00   │ net3125                                        │ wire3124/A      │ met1  │
│ 1.27  │ 4162.16 │ 3288.40  │ _00377_                                        │ _73740_/D       │ met4  │
│ 1.27  │ 506.11  │ 400.00   │ _00776_                                        │ _75243_/D       │ met1  │
│ 1.26  │ 502.78  │ 400.00   │ u_engine.u_bf_l2d.u_mm.t_s1[14\]               │ hold2486/A      │ met1  │
│ 1.25  │ 501.22  │ 400.00   │ _25596_                                        │ _65932_/A       │ met1  │
│ 1.25  │ 498.15  │ 400.00   │ u_engine.g_banks[0\].u_ram.wdata[0\]           │ wire522/A       │ met3  │
│ 1.23  │ 493.74  │ 400.00   │ u_engine.g_banks[2\].u_ram.wdata[9\]           │ wire383/A       │ met3  │
│ 1.23  │ 492.97  │ 400.00   │ net1152                                        │ _70272_/A0      │ met1  │
│ 1.23  │ 492.06  │ 400.00   │ u_engine.bank_rdata[1\][8\]                    │ wire1942/A      │ met3  │
│ 1.22  │ 488.03  │ 400.00   │ _25717_                                        │ _66074_/A       │ met1  │
│ 1.20  │ 480.91  │ 400.00   │ net1683                                        │ fanout1682/A    │ met2  │
│ 1.19  │ 474.86  │ 400.00   │ u_engine.u_bf_l2c.u_mm.a[12\]                  │ _73403_/D       │ met2  │
│ 1.17  │ 466.44  │ 400.00   │ u_engine.u_bf_l2c.u_mm.m_s2[22\]               │ _38542_/B       │ met1  │
│ 1.15  │ 461.47  │ 400.00   │ net2760                                        │ _52646_/C       │ met1  │
│ 1.15  │ 460.31  │ 400.00   │ net1995                                        │ _66993_/A       │ met2  │
│ 1.15  │ 458.51  │ 400.00   │ u_engine.g_banks[0\].u_ram.waddr[2\]           │ wire628/A       │ met1  │
│ 1.14  │ 454.33  │ 400.00   │ net847                                         │ _64770_/B2      │ met1  │
│ 1.13  │ 451.31  │ 400.00   │ u_engine.u_bf_l2d.u_mm.m_s2[8\]                │ hold2317/A      │ met1  │
│ 1.13  │ 451.03  │ 400.00   │ _19318_                                        │ _59417_/C       │ met1  │
│ 1.12  │ 449.61  │ 400.00   │ u_engine.u_bf_l1a.u_mm.t_s1[30\]               │ hold2200/A      │ met1  │
│ 1.11  │ 445.25  │ 400.00   │ _11647_                                        │ _51397_/A       │ met1  │
│ 1.11  │ 443.23  │ 400.00   │ u_engine.g_banks[3\].u_ram.wdata[2\]           │ wire470/A       │ met2  │
│ 1.11  │ 442.19  │ 400.00   │ u_engine.u_bf_l1a.mm_b[7\]                     │ _75213_/D       │ met2  │
│ 1.10  │ 440.83  │ 400.00   │ u_engine.bank_rdata[1\][9\]                    │ wire1930/A      │ met4  │
│ 1.10  │ 440.16  │ 400.00   │ net577                                         │ wire576/A       │ met3  │
│ 1.10  │ 439.67  │ 400.00   │ net3396                                        │ _74564_/D       │ met1  │
│ 1.10  │ 438.25  │ 400.00   │ u_engine.l1b_a[7\]                             │ _73802_/D       │ met1  │
│ 1.09  │ 437.73  │ 400.00   │ net466                                         │ wire465/A       │ met2  │
│ 1.09  │ 436.33  │ 400.00   │ net3093                                        │ _39406_/D       │ met1  │
│ 1.08  │ 433.86  │ 400.00   │ _01234_                                        │ _71778_/D       │ met2  │
│ 1.08  │ 3005.08 │ 2771.60  │ u_engine.u_bf_l2c.u_mm.a[24\]                  │ _73415_/D       │ met4  │
│ 1.08  │ 432.80  │ 400.00   │ u_engine.g_banks[2\].u_ram.wdata[0\]           │ wire535/A       │ met2  │
│ 1.08  │ 432.00  │ 400.00   │ net2786                                        │ _51599_/A       │ met1  │
│ 1.07  │ 427.94  │ 400.00   │ net2972                                        │ _48812_/A       │ met1  │
│ 1.07  │ 426.01  │ 400.00   │ u_engine.bank_rdata[3\][7\]                    │ wire1311/A      │ met3  │
│ 1.06  │ 425.34  │ 400.00   │ net1692                                        │ _71316_/A2      │ met3  │
│ 1.06  │ 424.89  │ 400.00   │ u_engine.u_bf_l2d.u_mm.t_s1[12\]               │ hold2322/A      │ met1  │
│ 1.06  │ 2918.73 │ 2753.36  │ net447                                         │ _73747_/D       │ met4  │
│ 1.05  │ 420.83  │ 400.00   │ net386                                         │ wire385/A       │ met3  │
│ 1.05  │ 420.76  │ 400.00   │ _00001_                                        │ _76080_/D       │ met3  │
│ 1.05  │ 419.08  │ 400.00   │ u_engine.u_bf_l1b.u_mm.b_lo[9\]                │ _47849_/A       │ met2  │
│ 1.05  │ 418.13  │ 400.00   │ net100                                         │ output100/A     │ met1  │
│ 1.04  │ 414.99  │ 400.00   │ net922                                         │ wire921/A       │ met1  │
│ 1.04  │ 414.78  │ 400.00   │ _00085_                                        │ _73772_/D       │ met1  │
│ 1.04  │ 414.65  │ 400.00   │ _27203_                                        │ _69789_/A2      │ met1  │
│ 1.04  │ 3408.38 │ 3288.40  │ u_engine.u_bf_l1a.mm_b[0\]                     │ _75206_/D       │ met3  │
│ 1.03  │ 413.44  │ 400.00   │ net3042                                        │ _62651_/C       │ met1  │
│ 1.03  │ 412.61  │ 400.00   │ u_engine.u_bf_l1b.u_mm.b_lo[0\]                │ _47828_/A       │ met1  │
│ 1.03  │ 410.01  │ 400.00   │ net1722                                        │ fanout1721/A    │ met2  │
│ 1.01  │ 404.74  │ 400.00   │ net985                                         │ wire984/A       │ met1  │
└───────┴─────────┴──────────┴────────────────────────────────────────────────┴─────────────────┴───────┘
