Starting…
Running 'Verilator.Lint' at 'ntt_user_macro/runs/CI2609_a8dfbd2_v1/01-verilator-lint'…
Logging subprocess to [repr.filename]'ntt_user_macro/runs/CI2609_a8dfbd2_v1/01-verilator-lint/verilator-lint.log'[/repr.filename]…
Running 'Checker.LintTimingConstructs' at 'ntt_user_macro/runs/CI2609_a8dfbd2_v1/02-checker-linttimingconstructs'…
Check for Lint Timing Errors clear.
Running 'Checker.LintErrors' at 'ntt_user_macro/runs/CI2609_a8dfbd2_v1/03-checker-linterrors'…
Check for Lint errors clear.
Running 'Checker.LintWarnings' at 'ntt_user_macro/runs/CI2609_a8dfbd2_v1/04-checker-lintwarnings'…
199 Lint warnings found.
Running 'Yosys.JsonHeader' at 'ntt_user_macro/runs/CI2609_a8dfbd2_v1/05-yosys-jsonheader'…
Logging subprocess to [repr.filename]'ntt_user_macro/runs/CI2609_a8dfbd2_v1/05-yosys-jsonheader/yosys-jsonheader.log'[/repr.filename]…
Running 'Yosys.Synthesis' at 'ntt_user_macro/runs/CI2609_a8dfbd2_v1/06-yosys-synthesis'…
Logging subprocess to [repr.filename]'ntt_user_macro/runs/CI2609_a8dfbd2_v1/06-yosys-synthesis/yosys-synthesis.log'[/repr.filename]…
Parsing synthesis checks…
Running 'Checker.YosysUnmappedCells' at 'ntt_user_macro/runs/CI2609_a8dfbd2_v1/07-checker-yosysunmappedcells'…
Check for Unmapped Yosys instances clear.
Running 'Checker.YosysSynthChecks' at 'ntt_user_macro/runs/CI2609_a8dfbd2_v1/08-checker-yosyssynthchecks'…
Check for Yosys check errors clear.
Running 'Checker.NetlistAssignStatements' at 'ntt_user_macro/runs/CI2609_a8dfbd2_v1/09-checker-netlistassignstatements'…
Running 'OpenROAD.CheckSDCFiles' at 'ntt_user_macro/runs/CI2609_a8dfbd2_v1/10-openroad-checksdcfiles'…
Running 'OpenROAD.CheckMacroInstances' at 'ntt_user_macro/runs/CI2609_a8dfbd2_v1/11-openroad-checkmacroinstances'…
Logging subprocess to [repr.filename]'ntt_user_macro/runs/CI2609_a8dfbd2_v1/11-openroad-checkmacroinstances/openroad-checkmacroinstances.log'[/repr.filename]…
Running 'OpenROAD.STAPrePNR' at 'ntt_user_macro/runs/CI2609_a8dfbd2_v1/12-openroad-staprepnr'…
Starting STA for the nom_tt_025C_1v80 timing corner…
Starting STA for the nom_ss_100C_1v60 timing corner…
Starting STA for the nom_ff_n40C_1v95 timing corner…
Skipping corner min_tt_025C_1v80 for STA (identical to nom_tt_025C_1v80 at this stage)…
Skipping corner min_ss_100C_1v60 for STA (identical to nom_ss_100C_1v60 at this stage)…
Skipping corner min_ff_n40C_1v95 for STA (identical to nom_ff_n40C_1v95 at this stage)…
Logging subprocess to [repr.filename]'ntt_user_macro/runs/CI2609_a8dfbd2_v1/12-openroad-staprepnr/nom_tt_025C_1v80/sta.log'[/repr.filename]…
Skipping corner max_tt_025C_1v80 for STA (identical to nom_tt_025C_1v80 at this stage)…
Skipping corner max_ss_100C_1v60 for STA (identical to nom_ss_100C_1v60 at this stage)…
Skipping corner max_ff_n40C_1v95 for STA (identical to nom_ff_n40C_1v95 at this stage)…
Logging subprocess to [repr.filename]'ntt_user_macro/runs/CI2609_a8dfbd2_v1/12-openroad-staprepnr/nom_ff_n40C_1v95/sta.log'[/repr.filename]…
Logging subprocess to [repr.filename]'ntt_user_macro/runs/CI2609_a8dfbd2_v1/12-openroad-staprepnr/nom_ss_100C_1v60/sta.log'[/repr.filename]…
Finished STA for the nom_ss_100C_1v60 timing corner.
Finished STA for the nom_tt_025C_1v80 timing corner.
Finished STA for the nom_ff_n40C_1v95 timing corner.
Running 'OpenROAD.Floorplan' at 'ntt_user_macro/runs/CI2609_a8dfbd2_v1/13-openroad-floorplan'…
Logging subprocess to [repr.filename]'ntt_user_macro/runs/CI2609_a8dfbd2_v1/13-openroad-floorplan/openroad-floorplan.log'[/repr.filename]…
[STA-1140] /Users/jui-teng/nyu/Dillithium-NTT-Caravel-a8dfbd2/macros/sky130_sram_1kbyte_1rw1r_32x256_8/sky130_sram_1kbyte_1rw1r_32x256_8_TT_1p8V_25C_relaxed_slew.lib line 1, library sky130_sram_1kbyte_1rw1r_32x256_8_TT_1p8V_25C_lib already exists.
Running 'Odb.CheckMacroAntennaProperties' at 'ntt_user_macro/runs/CI2609_a8dfbd2_v1/14-odb-checkmacroantennaproperties'…
Logging subprocess to [repr.filename]'ntt_user_macro/runs/CI2609_a8dfbd2_v1/14-odb-checkmacroantennaproperties/odb-checkmacroantennaproperties.log'[/repr.filename]…
Cell 'sky130_sram_1kbyte_1rw1r_32x256_8' has (57) input pin(s) without antenna gate information. They might not be connected to a gate.
Cell 'sky130_sram_1kbyte_1rw1r_32x256_8' has (64) output pin(s) without antenna diffusion information. They might not be driven.
Running 'Odb.SetPowerConnections' at 'ntt_user_macro/runs/CI2609_a8dfbd2_v1/15-odb-setpowerconnections'…
Logging subprocess to [repr.filename]'ntt_user_macro/runs/CI2609_a8dfbd2_v1/15-odb-setpowerconnections/odb-setpowerconnections.log'[/repr.filename]…
Running 'Odb.ManualMacroPlacement' at 'ntt_user_macro/runs/CI2609_a8dfbd2_v1/16-odb-manualmacroplacement'…
Logging subprocess to [repr.filename]'ntt_user_macro/runs/CI2609_a8dfbd2_v1/16-odb-manualmacroplacement/odb-manualmacroplacement.log'[/repr.filename]…
Running 'OpenROAD.CutRows' at 'ntt_user_macro/runs/CI2609_a8dfbd2_v1/17-openroad-cutrows'…
Logging subprocess to [repr.filename]'ntt_user_macro/runs/CI2609_a8dfbd2_v1/17-openroad-cutrows/openroad-cutrows.log'[/repr.filename]…
[STA-1140] /Users/jui-teng/nyu/Dillithium-NTT-Caravel-a8dfbd2/macros/sky130_sram_1kbyte_1rw1r_32x256_8/sky130_sram_1kbyte_1rw1r_32x256_8_TT_1p8V_25C_relaxed_slew.lib line 1, library sky130_sram_1kbyte_1rw1r_32x256_8_TT_1p8V_25C_lib already exists.
Running 'OpenROAD.TapEndcapInsertion' at 'ntt_user_macro/runs/CI2609_a8dfbd2_v1/18-openroad-tapendcapinsertion'…
Logging subprocess to [repr.filename]'ntt_user_macro/runs/CI2609_a8dfbd2_v1/18-openroad-tapendcapinsertion/openroad-tapendcapinsertion.log'[/repr.filename]…
[STA-1140] /Users/jui-teng/nyu/Dillithium-NTT-Caravel-a8dfbd2/macros/sky130_sram_1kbyte_1rw1r_32x256_8/sky130_sram_1kbyte_1rw1r_32x256_8_TT_1p8V_25C_relaxed_slew.lib line 1, library sky130_sram_1kbyte_1rw1r_32x256_8_TT_1p8V_25C_lib already exists.
Running 'Odb.AddPDNObstructions' at 'ntt_user_macro/runs/CI2609_a8dfbd2_v1/19-odb-addpdnobstructions'…
'PDN_OBSTRUCTIONS' is not defined. Skipping 'Odb.AddPDNObstructions'…
Running 'OpenROAD.GeneratePDN' at 'ntt_user_macro/runs/CI2609_a8dfbd2_v1/20-openroad-generatepdn'…
'FP_PDN_CFG' not explicitly set, setting it to /nix/store/qx9hc4l6vr4pbhihbl6i832pf0ng5mlv-python3-3.11.9-env/lib/python3.11/site-packages/librelane/scripts/openroad/common/pdn_cfg.tcl…
Logging subprocess to [repr.filename]'ntt_user_macro/runs/CI2609_a8dfbd2_v1/20-openroad-generatepdn/openroad-generatepdn.log'[/repr.filename]…
[STA-1140] /Users/jui-teng/nyu/Dillithium-NTT-Caravel-a8dfbd2/macros/sky130_sram_1kbyte_1rw1r_32x256_8/sky130_sram_1kbyte_1rw1r_32x256_8_TT_1p8V_25C_relaxed_slew.lib line 1, library sky130_sram_1kbyte_1rw1r_32x256_8_TT_1p8V_25C_lib already exists.
Running 'Odb.RemovePDNObstructions' at 'ntt_user_macro/runs/CI2609_a8dfbd2_v1/21-odb-removepdnobstructions'…
'PDN_OBSTRUCTIONS' is not defined. Skipping 'Odb.RemovePDNObstructions'…
Running 'Odb.AddRoutingObstructions' at 'ntt_user_macro/runs/CI2609_a8dfbd2_v1/22-odb-addroutingobstructions'…
'ROUTING_OBSTRUCTIONS' is not defined. Skipping 'Odb.AddRoutingObstructions'…
Running 'OpenROAD.GlobalPlacementSkipIO' at 'ntt_user_macro/runs/CI2609_a8dfbd2_v1/23-openroad-globalplacementskipio'…
Logging subprocess to [repr.filename]'ntt_user_macro/runs/CI2609_a8dfbd2_v1/23-openroad-globalplacementskipio/openroad-globalplacementskipio.log'[/repr.filename]…
[STA-1140] /Users/jui-teng/nyu/Dillithium-NTT-Caravel-a8dfbd2/macros/sky130_sram_1kbyte_1rw1r_32x256_8/sky130_sram_1kbyte_1rw1r_32x256_8_TT_1p8V_25C_relaxed_slew.lib line 1, library sky130_sram_1kbyte_1rw1r_32x256_8_TT_1p8V_25C_lib already exists.
Running 'OpenROAD.IOPlacement' at 'ntt_user_macro/runs/CI2609_a8dfbd2_v1/24-openroad-ioplacement'…
Logging subprocess to [repr.filename]'ntt_user_macro/runs/CI2609_a8dfbd2_v1/24-openroad-ioplacement/openroad-ioplacement.log'[/repr.filename]…
[STA-1140] /Users/jui-teng/nyu/Dillithium-NTT-Caravel-a8dfbd2/macros/sky130_sram_1kbyte_1rw1r_32x256_8/sky130_sram_1kbyte_1rw1r_32x256_8_TT_1p8V_25C_relaxed_slew.lib line 1, library sky130_sram_1kbyte_1rw1r_32x256_8_TT_1p8V_25C_lib already exists.
Running 'Odb.CustomIOPlacement' at 'ntt_user_macro/runs/CI2609_a8dfbd2_v1/25-odb-customioplacement'…
No custom floorplan file configured, skipping…
Running 'Odb.ApplyDEFTemplate' at 'ntt_user_macro/runs/CI2609_a8dfbd2_v1/26-odb-applydeftemplate'…
No DEF template provided, skipping…
Running 'OpenROAD.GlobalPlacement' at 'ntt_user_macro/runs/CI2609_a8dfbd2_v1/27-openroad-globalplacement'…
Logging subprocess to [repr.filename]'ntt_user_macro/runs/CI2609_a8dfbd2_v1/27-openroad-globalplacement/openroad-globalplacement.log'[/repr.filename]…
[STA-1140] /Users/jui-teng/nyu/Dillithium-NTT-Caravel-a8dfbd2/macros/sky130_sram_1kbyte_1rw1r_32x256_8/sky130_sram_1kbyte_1rw1r_32x256_8_TT_1p8V_25C_relaxed_slew.lib line 1, library sky130_sram_1kbyte_1rw1r_32x256_8_TT_1p8V_25C_lib already exists.
Running 'Odb.WriteVerilogHeader' at 'ntt_user_macro/runs/CI2609_a8dfbd2_v1/28-odb-writeverilogheader'…
Logging subprocess to [repr.filename]'ntt_user_macro/runs/CI2609_a8dfbd2_v1/28-odb-writeverilogheader/odb-writeverilogheader.log'[/repr.filename]…
Running 'Checker.PowerGridViolations' at 'ntt_user_macro/runs/CI2609_a8dfbd2_v1/29-checker-powergridviolations'…
Check for power grid violations (as reported by OpenROAD PSM- you may ignore these if LVS passes) clear.
Running 'OpenROAD.STAMidPNR' at 'ntt_user_macro/runs/CI2609_a8dfbd2_v1/30-openroad-stamidpnr'…
Logging subprocess to [repr.filename]'ntt_user_macro/runs/CI2609_a8dfbd2_v1/30-openroad-stamidpnr/openroad-stamidpnr.log'[/repr.filename]…
[STA-1140] /Users/jui-teng/nyu/Dillithium-NTT-Caravel-a8dfbd2/macros/sky130_sram_1kbyte_1rw1r_32x256_8/sky130_sram_1kbyte_1rw1r_32x256_8_TT_1p8V_25C_relaxed_slew.lib line 1, library sky130_sram_1kbyte_1rw1r_32x256_8_TT_1p8V_25C_lib already exists.
[GRT-0097] No global routing found for nets.
Running 'OpenROAD.RepairDesignPostGPL' at 'ntt_user_macro/runs/CI2609_a8dfbd2_v1/31-openroad-repairdesignpostgpl'…
Logging subprocess to [repr.filename]'ntt_user_macro/runs/CI2609_a8dfbd2_v1/31-openroad-repairdesignpostgpl/openroad-repairdesignpostgpl.log'[/repr.filename]…
[STA-1140] /Users/jui-teng/nyu/Dillithium-NTT-Caravel-a8dfbd2/macros/sky130_sram_1kbyte_1rw1r_32x256_8/sky130_sram_1kbyte_1rw1r_32x256_8_TT_1p8V_25C_relaxed_slew.lib line 1, library sky130_sram_1kbyte_1rw1r_32x256_8_TT_1p8V_25C_lib already exists.
[STA-1140] /Users/jui-teng/nyu/Dillithium-NTT-Caravel-a8dfbd2/macros/sky130_sram_1kbyte_1rw1r_32x256_8/sky130_sram_1kbyte_1rw1r_32x256_8_TT_1p8V_25C_relaxed_slew.lib line 1, library sky130_sram_1kbyte_1rw1r_32x256_8_TT_1p8V_25C_lib already exists.
[RSZ-0065] max wire length less than 6335u increases wire delays.
Running 'Odb.ManualGlobalPlacement' at 'ntt_user_macro/runs/CI2609_a8dfbd2_v1/32-odb-manualglobalplacement'…
'MANUAL_GLOBAL_PLACEMENTS' not set, skipping…
Running 'OpenROAD.DetailedPlacement' at 'ntt_user_macro/runs/CI2609_a8dfbd2_v1/33-openroad-detailedplacement'…
Logging subprocess to [repr.filename]'ntt_user_macro/runs/CI2609_a8dfbd2_v1/33-openroad-detailedplacement/openroad-detailedplacement.log'[/repr.filename]…
[STA-1140] /Users/jui-teng/nyu/Dillithium-NTT-Caravel-a8dfbd2/macros/sky130_sram_1kbyte_1rw1r_32x256_8/sky130_sram_1kbyte_1rw1r_32x256_8_TT_1p8V_25C_relaxed_slew.lib line 1, library sky130_sram_1kbyte_1rw1r_32x256_8_TT_1p8V_25C_lib already exists.
Running 'OpenROAD.CTS' at 'ntt_user_macro/runs/CI2609_a8dfbd2_v1/34-openroad-cts'…
Logging subprocess to [repr.filename]'ntt_user_macro/runs/CI2609_a8dfbd2_v1/34-openroad-cts/openroad-cts.log'[/repr.filename]…
[STA-1140] /Users/jui-teng/nyu/Dillithium-NTT-Caravel-a8dfbd2/macros/sky130_sram_1kbyte_1rw1r_32x256_8/sky130_sram_1kbyte_1rw1r_32x256_8_TT_1p8V_25C_relaxed_slew.lib line 1, library sky130_sram_1kbyte_1rw1r_32x256_8_TT_1p8V_25C_lib already exists.
[STA-1140] /Users/jui-teng/nyu/Dillithium-NTT-Caravel-a8dfbd2/macros/sky130_sram_1kbyte_1rw1r_32x256_8/sky130_sram_1kbyte_1rw1r_32x256_8_TT_1p8V_25C_relaxed_slew.lib line 1, library sky130_sram_1kbyte_1rw1r_32x256_8_TT_1p8V_25C_lib already exists.
Running 'OpenROAD.STAMidPNR-1' at 'ntt_user_macro/runs/CI2609_a8dfbd2_v1/35-openroad-stamidpnr-1'…
Logging subprocess to [repr.filename]'ntt_user_macro/runs/CI2609_a8dfbd2_v1/35-openroad-stamidpnr-1/openroad-stamidpnr-1.log'[/repr.filename]…
[STA-1140] /Users/jui-teng/nyu/Dillithium-NTT-Caravel-a8dfbd2/macros/sky130_sram_1kbyte_1rw1r_32x256_8/sky130_sram_1kbyte_1rw1r_32x256_8_TT_1p8V_25C_relaxed_slew.lib line 1, library sky130_sram_1kbyte_1rw1r_32x256_8_TT_1p8V_25C_lib already exists.
[GRT-0097] No global routing found for nets.
Running 'OpenROAD.ResizerTimingPostCTS' at 'ntt_user_macro/runs/CI2609_a8dfbd2_v1/36-openroad-resizertimingpostcts'…
Logging subprocess to [repr.filename]'ntt_user_macro/runs/CI2609_a8dfbd2_v1/36-openroad-resizertimingpostcts/openroad-resizertimingpostcts.log'[/repr.filename]…
[STA-1140] /Users/jui-teng/nyu/Dillithium-NTT-Caravel-a8dfbd2/macros/sky130_sram_1kbyte_1rw1r_32x256_8/sky130_sram_1kbyte_1rw1r_32x256_8_TT_1p8V_25C_relaxed_slew.lib line 1, library sky130_sram_1kbyte_1rw1r_32x256_8_TT_1p8V_25C_lib already exists.
[STA-1140] /Users/jui-teng/nyu/Dillithium-NTT-Caravel-a8dfbd2/macros/sky130_sram_1kbyte_1rw1r_32x256_8/sky130_sram_1kbyte_1rw1r_32x256_8_TT_1p8V_25C_relaxed_slew.lib line 1, library sky130_sram_1kbyte_1rw1r_32x256_8_TT_1p8V_25C_lib already exists.
[RSZ-0062] Unable to repair all setup violations.
Running 'OpenROAD.STAMidPNR-2' at 'ntt_user_macro/runs/CI2609_a8dfbd2_v1/37-openroad-stamidpnr-2'…
Logging subprocess to [repr.filename]'ntt_user_macro/runs/CI2609_a8dfbd2_v1/37-openroad-stamidpnr-2/openroad-stamidpnr-2.log'[/repr.filename]…
[STA-1140] /Users/jui-teng/nyu/Dillithium-NTT-Caravel-a8dfbd2/macros/sky130_sram_1kbyte_1rw1r_32x256_8/sky130_sram_1kbyte_1rw1r_32x256_8_TT_1p8V_25C_relaxed_slew.lib line 1, library sky130_sram_1kbyte_1rw1r_32x256_8_TT_1p8V_25C_lib already exists.
[GRT-0097] No global routing found for nets.
Running 'OpenROAD.GlobalRouting' at 'ntt_user_macro/runs/CI2609_a8dfbd2_v1/38-openroad-globalrouting'…
Logging subprocess to [repr.filename]'ntt_user_macro/runs/CI2609_a8dfbd2_v1/38-openroad-globalrouting/openroad-globalrouting.log'[/repr.filename]…
[STA-1140] /Users/jui-teng/nyu/Dillithium-NTT-Caravel-a8dfbd2/macros/sky130_sram_1kbyte_1rw1r_32x256_8/sky130_sram_1kbyte_1rw1r_32x256_8_TT_1p8V_25C_relaxed_slew.lib line 1, library sky130_sram_1kbyte_1rw1r_32x256_8_TT_1p8V_25C_lib already exists.
Running 'OpenROAD.CheckAntennas' at 'ntt_user_macro/runs/CI2609_a8dfbd2_v1/39-openroad-checkantennas'…
Logging subprocess to [repr.filename]'ntt_user_macro/runs/CI2609_a8dfbd2_v1/39-openroad-checkantennas/openroad-checkantennas.log'[/repr.filename]…
[STA-1140] /Users/jui-teng/nyu/Dillithium-NTT-Caravel-a8dfbd2/macros/sky130_sram_1kbyte_1rw1r_32x256_8/sky130_sram_1kbyte_1rw1r_32x256_8_TT_1p8V_25C_relaxed_slew.lib line 1, library sky130_sram_1kbyte_1rw1r_32x256_8_TT_1p8V_25C_lib already exists.
Running 'OpenROAD.RepairDesignPostGRT' at 'ntt_user_macro/runs/CI2609_a8dfbd2_v1/40-openroad-repairdesignpostgrt'…
Logging subprocess to [repr.filename]'ntt_user_macro/runs/CI2609_a8dfbd2_v1/40-openroad-repairdesignpostgrt/openroad-repairdesignpostgrt.log'[/repr.filename]…
[STA-1140] /Users/jui-teng/nyu/Dillithium-NTT-Caravel-a8dfbd2/macros/sky130_sram_1kbyte_1rw1r_32x256_8/sky130_sram_1kbyte_1rw1r_32x256_8_TT_1p8V_25C_relaxed_slew.lib line 1, library sky130_sram_1kbyte_1rw1r_32x256_8_TT_1p8V_25C_lib already exists.
[STA-1140] /Users/jui-teng/nyu/Dillithium-NTT-Caravel-a8dfbd2/macros/sky130_sram_1kbyte_1rw1r_32x256_8/sky130_sram_1kbyte_1rw1r_32x256_8_TT_1p8V_25C_relaxed_slew.lib line 1, library sky130_sram_1kbyte_1rw1r_32x256_8_TT_1p8V_25C_lib already exists.
Running 'Odb.DiodesOnPorts' at 'ntt_user_macro/runs/CI2609_a8dfbd2_v1/41-odb-diodesonports'…
'DIODE_ON_PORTS' is set to 'none': skipping…
Gating variable for step 'Odb.HeuristicDiodeInsertion' set to 'False'- the step will be skipped.
Skipping step 'Heuristic Diode Insertion'…
Running 'OpenROAD.RepairAntennas' at 'ntt_user_macro/runs/CI2609_a8dfbd2_v1/42-openroad-repairantennas'…
Running 'DiodeInsertion' at 'ntt_user_macro/runs/CI2609_a8dfbd2_v1/42-openroad-repairantennas/1-diodeinsertion'…
Logging subprocess to [repr.filename]'ntt_user_macro/runs/CI2609_a8dfbd2_v1/42-openroad-repairantennas/1-diodeinsertion/diodeinsertion.log'[/repr.filename]…
[STA-1140] /Users/jui-teng/nyu/Dillithium-NTT-Caravel-a8dfbd2/macros/sky130_sram_1kbyte_1rw1r_32x256_8/sky130_sram_1kbyte_1rw1r_32x256_8_TT_1p8V_25C_relaxed_slew.lib line 1, library sky130_sram_1kbyte_1rw1r_32x256_8_TT_1p8V_25C_lib already exists.
Running 'OpenROAD.CheckAntennas' at 'ntt_user_macro/runs/CI2609_a8dfbd2_v1/42-openroad-repairantennas/2-openroad-checkantennas'…
Logging subprocess to [repr.filename]'ntt_user_macro/runs/CI2609_a8dfbd2_v1/42-openroad-repairantennas/2-openroad-checkantennas/openroad-checkantennas.log'[/repr.filename]…
[STA-1140] /Users/jui-teng/nyu/Dillithium-NTT-Caravel-a8dfbd2/macros/sky130_sram_1kbyte_1rw1r_32x256_8/sky130_sram_1kbyte_1rw1r_32x256_8_TT_1p8V_25C_relaxed_slew.lib line 1, library sky130_sram_1kbyte_1rw1r_32x256_8_TT_1p8V_25C_lib already exists.
Running 'OpenROAD.ResizerTimingPostGRT' at 'ntt_user_macro/runs/CI2609_a8dfbd2_v1/43-openroad-resizertimingpostgrt'…
Logging subprocess to [repr.filename]'ntt_user_macro/runs/CI2609_a8dfbd2_v1/43-openroad-resizertimingpostgrt/openroad-resizertimingpostgrt.log'[/repr.filename]…
[STA-1140] /Users/jui-teng/nyu/Dillithium-NTT-Caravel-a8dfbd2/macros/sky130_sram_1kbyte_1rw1r_32x256_8/sky130_sram_1kbyte_1rw1r_32x256_8_TT_1p8V_25C_relaxed_slew.lib line 1, library sky130_sram_1kbyte_1rw1r_32x256_8_TT_1p8V_25C_lib already exists.
[STA-1140] /Users/jui-teng/nyu/Dillithium-NTT-Caravel-a8dfbd2/macros/sky130_sram_1kbyte_1rw1r_32x256_8/sky130_sram_1kbyte_1rw1r_32x256_8_TT_1p8V_25C_relaxed_slew.lib line 1, library sky130_sram_1kbyte_1rw1r_32x256_8_TT_1p8V_25C_lib already exists.
[RSZ-0062] Unable to repair all setup violations.
Running 'OpenROAD.STAMidPNR-3' at 'ntt_user_macro/runs/CI2609_a8dfbd2_v1/44-openroad-stamidpnr-3'…
Logging subprocess to [repr.filename]'ntt_user_macro/runs/CI2609_a8dfbd2_v1/44-openroad-stamidpnr-3/openroad-stamidpnr-3.log'[/repr.filename]…
[STA-1140] /Users/jui-teng/nyu/Dillithium-NTT-Caravel-a8dfbd2/macros/sky130_sram_1kbyte_1rw1r_32x256_8/sky130_sram_1kbyte_1rw1r_32x256_8_TT_1p8V_25C_relaxed_slew.lib line 1, library sky130_sram_1kbyte_1rw1r_32x256_8_TT_1p8V_25C_lib already exists.
Running 'OpenROAD.DetailedRouting' at 'ntt_user_macro/runs/CI2609_a8dfbd2_v1/45-openroad-detailedrouting'…
Running TritonRoute with 10 threads…
Logging subprocess to [repr.filename]'ntt_user_macro/runs/CI2609_a8dfbd2_v1/45-openroad-detailedrouting/openroad-detailedrouting.log'[/repr.filename]…
[STA-1140] /Users/jui-teng/nyu/Dillithium-NTT-Caravel-a8dfbd2/macros/sky130_sram_1kbyte_1rw1r_32x256_8/sky130_sram_1kbyte_1rw1r_32x256_8_TT_1p8V_25C_relaxed_slew.lib line 1, library sky130_sram_1kbyte_1rw1r_32x256_8_TT_1p8V_25C_lib already exists.
[DRT-0349] LEF58_ENCLOSURE with no CUTCLASS is not supported. Skipping for layer mcon
[DRT-0349] LEF58_ENCLOSURE with no CUTCLASS is not supported. Skipping for layer mcon
[DRT-0349] LEF58_ENCLOSURE with no CUTCLASS is not supported. Skipping for layer via
[DRT-0349] LEF58_ENCLOSURE with no CUTCLASS is not supported. Skipping for layer via
[DRT-0349] LEF58_ENCLOSURE with no CUTCLASS is not supported. Skipping for layer via2
[DRT-0349] LEF58_ENCLOSURE with no CUTCLASS is not supported. Skipping for layer via2
[DRT-0349] LEF58_ENCLOSURE with no CUTCLASS is not supported. Skipping for layer via3
[DRT-0349] LEF58_ENCLOSURE with no CUTCLASS is not supported. Skipping for layer via3
[DRT-0349] LEF58_ENCLOSURE with no CUTCLASS is not supported. Skipping for layer via4
[DRT-0349] LEF58_ENCLOSURE with no CUTCLASS is not supported. Skipping for layer via4
Running 'Odb.RemoveRoutingObstructions' at 'ntt_user_macro/runs/CI2609_a8dfbd2_v1/46-odb-removeroutingobstructions'…
'ROUTING_OBSTRUCTIONS' is not defined. Skipping 'Odb.RemoveRoutingObstructions'…
Running 'OpenROAD.CheckAntennas-1' at 'ntt_user_macro/runs/CI2609_a8dfbd2_v1/47-openroad-checkantennas-1'…
Logging subprocess to [repr.filename]'ntt_user_macro/runs/CI2609_a8dfbd2_v1/47-openroad-checkantennas-1/openroad-checkantennas-1.log'[/repr.filename]…
[STA-1140] /Users/jui-teng/nyu/Dillithium-NTT-Caravel-a8dfbd2/macros/sky130_sram_1kbyte_1rw1r_32x256_8/sky130_sram_1kbyte_1rw1r_32x256_8_TT_1p8V_25C_relaxed_slew.lib line 1, library sky130_sram_1kbyte_1rw1r_32x256_8_TT_1p8V_25C_lib already exists.
Running 'Checker.TrDRC' at 'ntt_user_macro/runs/CI2609_a8dfbd2_v1/48-checker-trdrc'…
Check for Routing DRC errors clear.
Running 'Odb.ReportDisconnectedPins' at 'ntt_user_macro/runs/CI2609_a8dfbd2_v1/49-odb-reportdisconnectedpins'…
Logging subprocess to [repr.filename]'ntt_user_macro/runs/CI2609_a8dfbd2_v1/49-odb-reportdisconnectedpins/odb-reportdisconnectedpins.log'[/repr.filename]…
Running 'Checker.DisconnectedPins' at 'ntt_user_macro/runs/CI2609_a8dfbd2_v1/50-checker-disconnectedpins'…
Check for critical disconnected pins clear.
Running 'Odb.ReportWireLength' at 'ntt_user_macro/runs/CI2609_a8dfbd2_v1/51-odb-reportwirelength'…
Logging subprocess to [repr.filename]'ntt_user_macro/runs/CI2609_a8dfbd2_v1/51-odb-reportwirelength/odb-reportwirelength.log'[/repr.filename]…
Running 'Checker.WireLength' at 'ntt_user_macro/runs/CI2609_a8dfbd2_v1/52-checker-wirelength'…
Threshold for Threshold-surpassing long wires is not set. The checker will be skipped.
Running 'OpenROAD.FillInsertion' at 'ntt_user_macro/runs/CI2609_a8dfbd2_v1/53-openroad-fillinsertion'…
Logging subprocess to [repr.filename]'ntt_user_macro/runs/CI2609_a8dfbd2_v1/53-openroad-fillinsertion/openroad-fillinsertion.log'[/repr.filename]…
[STA-1140] /Users/jui-teng/nyu/Dillithium-NTT-Caravel-a8dfbd2/macros/sky130_sram_1kbyte_1rw1r_32x256_8/sky130_sram_1kbyte_1rw1r_32x256_8_TT_1p8V_25C_relaxed_slew.lib line 1, library sky130_sram_1kbyte_1rw1r_32x256_8_TT_1p8V_25C_lib already exists.
Running 'Odb.CellFrequencyTables' at 'ntt_user_macro/runs/CI2609_a8dfbd2_v1/54-odb-cellfrequencytables'…
Logging subprocess to [repr.filename]'ntt_user_macro/runs/CI2609_a8dfbd2_v1/54-odb-cellfrequencytables/buffer_list.txt'[/repr.filename]…
Logging subprocess to [repr.filename]'ntt_user_macro/runs/CI2609_a8dfbd2_v1/54-odb-cellfrequencytables/odb-cellfrequencytables.log'[/repr.filename]…
Running 'OpenROAD.RCX' at 'ntt_user_macro/runs/CI2609_a8dfbd2_v1/55-openroad-rcx'…
Running RCX for corners matching nom_* (/Users/jui-teng/nyu/Dillithium-NTT-Caravel-a8dfbd2/openlane/ntt_user_macro/runs/CI2609_a8dfbd2_v1/55-openroad-rcx/nom/rcx.log)…
Running RCX for corners matching min_* (/Users/jui-teng/nyu/Dillithium-NTT-Caravel-a8dfbd2/openlane/ntt_user_macro/runs/CI2609_a8dfbd2_v1/55-openroad-rcx/min/rcx.log)…
Running RCX for corners matching max_* (/Users/jui-teng/nyu/Dillithium-NTT-Caravel-a8dfbd2/openlane/ntt_user_macro/runs/CI2609_a8dfbd2_v1/55-openroad-rcx/max/rcx.log)…
Logging subprocess to [repr.filename]'ntt_user_macro/runs/CI2609_a8dfbd2_v1/55-openroad-rcx/nom/rcx.log'[/repr.filename]…
Logging subprocess to [repr.filename]'ntt_user_macro/runs/CI2609_a8dfbd2_v1/55-openroad-rcx/min/rcx.log'[/repr.filename]…
Logging subprocess to [repr.filename]'ntt_user_macro/runs/CI2609_a8dfbd2_v1/55-openroad-rcx/max/rcx.log'[/repr.filename]…
Finished RCX for corners matching min_*.
Finished RCX for corners matching nom_*.
Finished RCX for corners matching max_*.
Running 'OpenROAD.STAPostPNR' at 'ntt_user_macro/runs/CI2609_a8dfbd2_v1/56-openroad-stapostpnr'…
Starting STA for the nom_tt_025C_1v80 timing corner…
Starting STA for the nom_ss_100C_1v60 timing corner…
Starting STA for the nom_ff_n40C_1v95 timing corner…
Starting STA for the min_tt_025C_1v80 timing corner…
Starting STA for the min_ss_100C_1v60 timing corner…
Logging subprocess to [repr.filename]'ntt_user_macro/runs/CI2609_a8dfbd2_v1/56-openroad-stapostpnr/nom_tt_025C_1v80/sta.log'[/repr.filename]…
Starting STA for the min_ff_n40C_1v95 timing corner…
Logging subprocess to [repr.filename]'ntt_user_macro/runs/CI2609_a8dfbd2_v1/56-openroad-stapostpnr/nom_ff_n40C_1v95/sta.log'[/repr.filename]…
Starting STA for the max_tt_025C_1v80 timing corner…
Logging subprocess to [repr.filename]'ntt_user_macro/runs/CI2609_a8dfbd2_v1/56-openroad-stapostpnr/nom_ss_100C_1v60/sta.log'[/repr.filename]…
Starting STA for the max_ss_100C_1v60 timing corner…
Logging subprocess to [repr.filename]'ntt_user_macro/runs/CI2609_a8dfbd2_v1/56-openroad-stapostpnr/min_tt_025C_1v80/sta.log'[/repr.filename]…
Starting STA for the max_ff_n40C_1v95 timing corner…
Logging subprocess to [repr.filename]'ntt_user_macro/runs/CI2609_a8dfbd2_v1/56-openroad-stapostpnr/min_ss_100C_1v60/sta.log'[/repr.filename]…
Logging subprocess to [repr.filename]'ntt_user_macro/runs/CI2609_a8dfbd2_v1/56-openroad-stapostpnr/max_ss_100C_1v60/sta.log'[/repr.filename]…
Logging subprocess to [repr.filename]'ntt_user_macro/runs/CI2609_a8dfbd2_v1/56-openroad-stapostpnr/max_tt_025C_1v80/sta.log'[/repr.filename]…
Logging subprocess to [repr.filename]'ntt_user_macro/runs/CI2609_a8dfbd2_v1/56-openroad-stapostpnr/min_ff_n40C_1v95/sta.log'[/repr.filename]…
Logging subprocess to [repr.filename]'ntt_user_macro/runs/CI2609_a8dfbd2_v1/56-openroad-stapostpnr/max_ff_n40C_1v95/sta.log'[/repr.filename]…
Finished STA for the min_ss_100C_1v60 timing corner.
Logging subprocess to [repr.filename]'ntt_user_macro/runs/CI2609_a8dfbd2_v1/56-openroad-stapostpnr/min_ss_100C_1v60/filter_unannotated.log'[/repr.filename]…
Finished STA for the min_tt_025C_1v80 timing corner.
Logging subprocess to [repr.filename]'ntt_user_macro/runs/CI2609_a8dfbd2_v1/56-openroad-stapostpnr/min_tt_025C_1v80/filter_unannotated.log'[/repr.filename]…
Finished STA for the min_ff_n40C_1v95 timing corner.
Logging subprocess to [repr.filename]'ntt_user_macro/runs/CI2609_a8dfbd2_v1/56-openroad-stapostpnr/min_ff_n40C_1v95/filter_unannotated.log'[/repr.filename]…
Finished STA for the nom_ss_100C_1v60 timing corner.
Logging subprocess to [repr.filename]'ntt_user_macro/runs/CI2609_a8dfbd2_v1/56-openroad-stapostpnr/nom_ss_100C_1v60/filter_unannotated.log'[/repr.filename]…
Finished STA for the nom_tt_025C_1v80 timing corner.
Logging subprocess to [repr.filename]'ntt_user_macro/runs/CI2609_a8dfbd2_v1/56-openroad-stapostpnr/nom_tt_025C_1v80/filter_unannotated.log'[/repr.filename]…
Finished STA for the nom_ff_n40C_1v95 timing corner.
Logging subprocess to [repr.filename]'ntt_user_macro/runs/CI2609_a8dfbd2_v1/56-openroad-stapostpnr/nom_ff_n40C_1v95/filter_unannotated.log'[/repr.filename]…
Finished STA for the max_tt_025C_1v80 timing corner.
Logging subprocess to [repr.filename]'ntt_user_macro/runs/CI2609_a8dfbd2_v1/56-openroad-stapostpnr/max_tt_025C_1v80/filter_unannotated.log'[/repr.filename]…
Finished STA for the max_ss_100C_1v60 timing corner.
Logging subprocess to [repr.filename]'ntt_user_macro/runs/CI2609_a8dfbd2_v1/56-openroad-stapostpnr/max_ss_100C_1v60/filter_unannotated.log'[/repr.filename]…
Finished STA for the max_ff_n40C_1v95 timing corner.
Logging subprocess to [repr.filename]'ntt_user_macro/runs/CI2609_a8dfbd2_v1/56-openroad-stapostpnr/max_ff_n40C_1v95/filter_unannotated.log'[/repr.filename]…
Running 'OpenROAD.IRDropReport' at 'ntt_user_macro/runs/CI2609_a8dfbd2_v1/57-openroad-irdropreport'…
'VSRC_LOC_FILES' was not given a value, which may make the results of IR drop analysis inaccurate. If you are not integrating a top-level chip for manufacture, you may ignore this warning, otherwise, see the documentation for 'VSRC_LOC_FILES'.
Logging subprocess to [repr.filename]'ntt_user_macro/runs/CI2609_a8dfbd2_v1/57-openroad-irdropreport/openroad-irdropreport.log'[/repr.filename]…
[STA-1140] /Users/jui-teng/nyu/Dillithium-NTT-Caravel-a8dfbd2/macros/sky130_sram_1kbyte_1rw1r_32x256_8/sky130_sram_1kbyte_1rw1r_32x256_8_TT_1p8V_25C_relaxed_slew.lib line 1, library sky130_sram_1kbyte_1rw1r_32x256_8_TT_1p8V_25C_lib already exists.
[INFO PSM-0040] All shapes on net vccd1 are connected.
########## IR report #################
Net              : vccd1
Corner           : nom_tt_025C_1v80
Supply voltage   : 1.80e+00 V
Worstcase voltage: 1.80e+00 V
Average voltage  : 1.80e+00 V
Average IR drop  : 8.47e-06 V
Worstcase IR drop: 5.58e-04 V
Percentage drop  : 0.03 %
######################################
[INFO PSM-0040] All shapes on net vssd1 are connected.
########## IR report #################
Net              : vssd1
Corner           : nom_tt_025C_1v80
Supply voltage   : 0.00e+00 V
Worstcase voltage: 5.54e-04 V
Average voltage  : 8.74e-06 V
Average IR drop  : 8.74e-06 V
Worstcase IR drop: 5.54e-04 V
Percentage drop  : 0.03 %
######################################

Gating variable for step 'Magic.StreamOut' set to 'False'- the step will be skipped.
Skipping step 'GDSII Stream Out (Magic)'…
Running 'KLayout.StreamOut' at 'ntt_user_macro/runs/CI2609_a8dfbd2_v1/58-klayout-streamout'…
Logging subprocess to [repr.filename]'ntt_user_macro/runs/CI2609_a8dfbd2_v1/58-klayout-streamout/klayout-streamout.log'[/repr.filename]…
Running 'Magic.WriteLEF' at 'ntt_user_macro/runs/CI2609_a8dfbd2_v1/59-magic-writelef'…
Logging subprocess to [repr.filename]'ntt_user_macro/runs/CI2609_a8dfbd2_v1/59-magic-writelef/magic-writelef.log'[/repr.filename]…
Error while reading cell "sky130_fd_bd_sram__openram_dp_cell_cap_row" (byte position 258016): Unknown layer/datatype in boundary, layer=33 type=42

Error while reading cell "sky130_fd_bd_sram__openram_dp_cell_cap_row" (byte position 258720): Unknown layer/datatype in boundary, layer=33 type=43

Error while reading cell "sky130_fd_bd_sram__openram_dp_cell_cap_row" (byte position 259680): Unknown layer/datatype in boundary, layer=22 type=21

Error while reading cell "sky130_fd_bd_sram__openram_dp_cell_dummy" (byte position 268684): Unknown layer/datatype in boundary, layer=33 type=42

Error while reading cell "sky130_fd_bd_sram__openram_dp_cell_dummy" (byte position 272460): Unknown layer/datatype in boundary, layer=33 type=43

Error while reading cell "sky130_fd_bd_sram__openram_dp_cell_dummy" (byte position 276652): Unknown layer/datatype in boundary, layer=22 type=21

Error while reading cell "sky130_fd_bd_sram__openram_dp_cell_dummy" (byte position 281452): Unknown layer/datatype in boundary, layer=22 type=22

Error while reading cell "sky130_fd_bd_sram__openram_dp_cell_dummy" (byte position 283500): Unknown layer/datatype in boundary, layer=235 type=0

Error while reading cell "sky130_fd_bd_sram__openram_dp_cell_replica" (byte position 294780): Unknown layer/datatype in boundary, layer=33 type=42

Error while reading cell "sky130_fd_bd_sram__openram_dp_cell_replica" (byte position 298556): Unknown layer/datatype in boundary, layer=33 type=43

Error while reading cell "sky130_fd_bd_sram__openram_dp_cell_replica" (byte position 302748): Unknown layer/datatype in boundary, layer=22 type=21

Error while reading cell "sky130_fd_bd_sram__openram_dp_cell_replica" (byte position 309212): Unknown layer/datatype in boundary, layer=22 type=22

Error while reading cell "sky130_fd_bd_sram__openram_dp_cell_replica" (byte position 311388): Unknown layer/datatype in boundary, layer=235 type=0

Error while reading cell "sky130_fd_bd_sram__openram_dp_cell" (byte position 325430): Unknown layer/datatype in boundary, layer=33 type=42

Error while reading cell "sky130_fd_bd_sram__openram_dp_cell" (byte position 329206): Unknown layer/datatype in boundary, layer=33 type=43

Error while reading cell "sky130_fd_bd_sram__openram_dp_cell" (byte position 333398): Unknown layer/datatype in boundary, layer=22 type=21

Error while reading cell "sky130_fd_bd_sram__openram_dp_cell" (byte position 339862): Unknown layer/datatype in boundary, layer=22 type=22

Error while reading cell "sky130_fd_bd_sram__openram_dp_cell" (byte position 342038): Unknown layer/datatype in boundary, layer=235 type=0

Running 'Odb.CheckDesignAntennaProperties' at 'ntt_user_macro/runs/CI2609_a8dfbd2_v1/60-odb-checkdesignantennaproperties'…
Logging subprocess to [repr.filename]'ntt_user_macro/runs/CI2609_a8dfbd2_v1/60-odb-checkdesignantennaproperties/odb-checkdesignantennaproperties.log'[/repr.filename]…
Cell 'ntt_user_macro' has (2) output pin(s) without antenna diffusion information. They might not be driven.
Gating variable for step 'KLayout.XOR' set to 'False'- the step will be skipped.
Gating variable for step 'KLayout.XOR' set to 'False'- the step will be skipped.
Skipping step 'KLayout vs. Magic XOR'…
Gating variable for step 'Checker.XOR' set to 'False'- the step will be skipped.
Gating variable for step 'Checker.XOR' set to 'False'- the step will be skipped.
Skipping step 'XOR Difference Checker'…
Gating variable for step 'Magic.DRC' set to 'False'- the step will be skipped.
Skipping step 'DRC'…
Running 'KLayout.DRC' at 'ntt_user_macro/runs/CI2609_a8dfbd2_v1/61-klayout-drc'…
Running KLayout DRC with 10 threads…
Logging subprocess to [repr.filename]'ntt_user_macro/runs/CI2609_a8dfbd2_v1/61-klayout-drc/klayout-drc.log'[/repr.filename]…
Logging subprocess to [repr.filename]'ntt_user_macro/runs/CI2609_a8dfbd2_v1/61-klayout-drc/xml_drc_report_to_json.log'[/repr.filename]…
Gating variable for step 'Checker.MagicDRC' set to 'False'- the step will be skipped.
Skipping step 'Magic DRC Checker'…
Running 'Checker.KLayoutDRC' at 'ntt_user_macro/runs/CI2609_a8dfbd2_v1/62-checker-klayoutdrc'…
Check for KLayout DRC errors clear.
Running 'Magic.SpiceExtraction' at 'ntt_user_macro/runs/CI2609_a8dfbd2_v1/63-magic-spiceextraction'…
Logging subprocess to [repr.filename]'ntt_user_macro/runs/CI2609_a8dfbd2_v1/63-magic-spiceextraction/magic-spiceextraction.log'[/repr.filename]…
Running 'Checker.IllegalOverlap' at 'ntt_user_macro/runs/CI2609_a8dfbd2_v1/64-checker-illegaloverlap'…
Check for Magic Illegal Overlap errors clear.
Running 'Netgen.LVS' at 'ntt_user_macro/runs/CI2609_a8dfbd2_v1/65-netgen-lvs'…
Logging subprocess to [repr.filename]'ntt_user_macro/runs/CI2609_a8dfbd2_v1/65-netgen-lvs/netgen-lvs.log'[/repr.filename]…
Running 'Checker.LVS' at 'ntt_user_macro/runs/CI2609_a8dfbd2_v1/66-checker-lvs'…
Check for LVS errors clear.
Gating variable for step 'Yosys.EQY' set to 'False'- the step will be skipped.
Skipping step 'Equivalence Check'…
Running 'Checker.SetupViolations' at 'ntt_user_macro/runs/CI2609_a8dfbd2_v1/67-checker-setupviolations'…
Setup violations found in the following corners:
* max_ss_100C_1v60
* min_ss_100C_1v60
* nom_ss_100C_1v60
No setup violations found
Running 'Checker.HoldViolations' at 'ntt_user_macro/runs/CI2609_a8dfbd2_v1/68-checker-holdviolations'…
Hold violations found in the following corners:
* max_ss_100C_1v60
* min_ss_100C_1v60
* nom_ss_100C_1v60
No hold violations found
Running 'Checker.MaxSlewViolations' at 'ntt_user_macro/runs/CI2609_a8dfbd2_v1/69-checker-maxslewviolations'…
Max Slew violations found in the following corners:
* max_ss_100C_1v60
* max_tt_025C_1v80
* min_ss_100C_1v60
* nom_ss_100C_1v60
* nom_tt_025C_1v80
No max slew violations found
Running 'Checker.MaxCapViolations' at 'ntt_user_macro/runs/CI2609_a8dfbd2_v1/70-checker-maxcapviolations'…
Max Cap violations found in the following corners:
* max_ff_n40C_1v95
* max_ss_100C_1v60
* max_tt_025C_1v80
* min_ff_n40C_1v95
* min_ss_100C_1v60
* min_tt_025C_1v80
* nom_ff_n40C_1v95
* nom_ss_100C_1v60
* nom_tt_025C_1v80
No max cap violations found
Running 'Misc.ReportManufacturability' at 'ntt_user_macro/runs/CI2609_a8dfbd2_v1/71-misc-reportmanufacturability'…
magic__drc_error__count not reported. Magic.DRC may have been skipped.
Saving views to '/Users/jui-teng/nyu/Dillithium-NTT-Caravel-a8dfbd2/openlane/ntt_user_macro/runs/CI2609_a8dfbd2_v1/final'…
Flow complete.
