Copyright 1986-2022 Xilinx, Inc. All Rights Reserved. Copyright 2022-2023 Advanced Micro Devices, Inc. All Rights Reserved.
---------------------------------------------------------------------------------------------------------------------------------------------
| Tool Version : Vivado v.2023.2 (lin64) Build 4029153 Fri Oct 13 20:13:54 MDT 2023
| Date         : Mon Jun  1 21:47:38 2026
| Host         : ecs02.poly.edu running 64-bit Red Hat Enterprise Linux release 8.10 (Ootpa)
| Command      : report_drc -file bd_0_wrapper_drc_routed.rpt -pb bd_0_wrapper_drc_routed.pb -rpx bd_0_wrapper_drc_routed.rpx
| Design       : bd_0_wrapper
| Device       : xck26-sfvc784-2LV-c
| Speed File   : -2LV
| Design State : Fully Routed
---------------------------------------------------------------------------------------------------------------------------------------------

Report DRC

Table of Contents
-----------------
1. REPORT SUMMARY
2. REPORT DETAILS

1. REPORT SUMMARY
-----------------
            Netlist: netlist
          Floorplan: checkpoint_bd_0_wrapper
      Design limits: <entire design considered>
           Ruledeck: default
             Max violations: <unlimited>
             Violations found: 11
+-----------+----------+------------------------+------------+
| Rule      | Severity | Description            | Violations |
+-----------+----------+------------------------+------------+
| DPOP-3    | Warning  | PREG Output pipelining | 3          |
| DPOP-4    | Warning  | MREG Output pipelining | 7          |
| RTSTAT-10 | Warning  | No routable loads      | 1          |
+-----------+----------+------------------------+------------+

2. REPORT DETAILS
-----------------
DPOP-3#1 Warning
PREG Output pipelining  
DSP bd_0_i/hls_inst/inst/grp_ntt_kernel_Pipeline_FLATTENED_BUTTERFLY_LOOP_fu_322/mul_32ns_32ns_64_4_1_U17/tmp_product output bd_0_i/hls_inst/inst/grp_ntt_kernel_Pipeline_FLATTENED_BUTTERFLY_LOOP_fu_322/mul_32ns_32ns_64_4_1_U17/tmp_product/P[47:0] is not pipelined (PREG=0). Pipelining the DSP48 output will improve performance and often saves power so it is suggested whenever possible to fully pipeline this function.  If this DSP48 function was inferred, it is suggested to describe an additional register stage after this function.  If the DSP48 was instantiated in the design, it is suggested to set the PREG attribute to 1.
Related violations: <none>

DPOP-3#2 Warning
PREG Output pipelining  
DSP bd_0_i/hls_inst/inst/grp_ntt_kernel_Pipeline_FLATTENED_BUTTERFLY_LOOP_fu_322/mul_32ns_32ns_64_4_1_U17/tmp_product__0 output bd_0_i/hls_inst/inst/grp_ntt_kernel_Pipeline_FLATTENED_BUTTERFLY_LOOP_fu_322/mul_32ns_32ns_64_4_1_U17/tmp_product__0/P[47:0] is not pipelined (PREG=0). Pipelining the DSP48 output will improve performance and often saves power so it is suggested whenever possible to fully pipeline this function.  If this DSP48 function was inferred, it is suggested to describe an additional register stage after this function.  If the DSP48 was instantiated in the design, it is suggested to set the PREG attribute to 1.
Related violations: <none>

DPOP-3#3 Warning
PREG Output pipelining  
DSP bd_0_i/hls_inst/inst/grp_ntt_kernel_Pipeline_FLATTENED_BUTTERFLY_LOOP_fu_322/mul_32s_32s_32_4_1_U18/tmp_product__0 output bd_0_i/hls_inst/inst/grp_ntt_kernel_Pipeline_FLATTENED_BUTTERFLY_LOOP_fu_322/mul_32s_32s_32_4_1_U18/tmp_product__0/P[47:0] is not pipelined (PREG=0). Pipelining the DSP48 output will improve performance and often saves power so it is suggested whenever possible to fully pipeline this function.  If this DSP48 function was inferred, it is suggested to describe an additional register stage after this function.  If the DSP48 was instantiated in the design, it is suggested to set the PREG attribute to 1.
Related violations: <none>

DPOP-4#1 Warning
MREG Output pipelining  
DSP bd_0_i/hls_inst/inst/grp_ntt_kernel_Pipeline_FLATTENED_BUTTERFLY_LOOP_fu_322/mul_32ns_32ns_64_4_1_U17/buff0_reg multiplier stage bd_0_i/hls_inst/inst/grp_ntt_kernel_Pipeline_FLATTENED_BUTTERFLY_LOOP_fu_322/mul_32ns_32ns_64_4_1_U17/buff0_reg/P[47:0] is not pipelined (MREG=0). Pipelining the multiplier function will improve performance and will save significant power so it is suggested whenever possible to fully pipeline this function.  If this multiplier was inferred, it is suggested to describe an additional register stage after this function.  If there is no registered adder/accumulator following the multiply function, two pipeline stages are suggested to allow both the MREG and PREG registers to be used.  If the DSP48 was instantiated in the design, it is suggested to set both the MREG and PREG attributes to 1 when performing multiply functions.
Related violations: <none>

DPOP-4#2 Warning
MREG Output pipelining  
DSP bd_0_i/hls_inst/inst/grp_ntt_kernel_Pipeline_FLATTENED_BUTTERFLY_LOOP_fu_322/mul_32ns_32ns_64_4_1_U17/buff0_reg__0 multiplier stage bd_0_i/hls_inst/inst/grp_ntt_kernel_Pipeline_FLATTENED_BUTTERFLY_LOOP_fu_322/mul_32ns_32ns_64_4_1_U17/buff0_reg__0/P[47:0] is not pipelined (MREG=0). Pipelining the multiplier function will improve performance and will save significant power so it is suggested whenever possible to fully pipeline this function.  If this multiplier was inferred, it is suggested to describe an additional register stage after this function.  If there is no registered adder/accumulator following the multiply function, two pipeline stages are suggested to allow both the MREG and PREG registers to be used.  If the DSP48 was instantiated in the design, it is suggested to set both the MREG and PREG attributes to 1 when performing multiply functions.
Related violations: <none>

DPOP-4#3 Warning
MREG Output pipelining  
DSP bd_0_i/hls_inst/inst/grp_ntt_kernel_Pipeline_FLATTENED_BUTTERFLY_LOOP_fu_322/mul_32ns_32ns_64_4_1_U17/tmp_product multiplier stage bd_0_i/hls_inst/inst/grp_ntt_kernel_Pipeline_FLATTENED_BUTTERFLY_LOOP_fu_322/mul_32ns_32ns_64_4_1_U17/tmp_product/P[47:0] is not pipelined (MREG=0). Pipelining the multiplier function will improve performance and will save significant power so it is suggested whenever possible to fully pipeline this function.  If this multiplier was inferred, it is suggested to describe an additional register stage after this function.  If there is no registered adder/accumulator following the multiply function, two pipeline stages are suggested to allow both the MREG and PREG registers to be used.  If the DSP48 was instantiated in the design, it is suggested to set both the MREG and PREG attributes to 1 when performing multiply functions.
Related violations: <none>

DPOP-4#4 Warning
MREG Output pipelining  
DSP bd_0_i/hls_inst/inst/grp_ntt_kernel_Pipeline_FLATTENED_BUTTERFLY_LOOP_fu_322/mul_32ns_32ns_64_4_1_U17/tmp_product__0 multiplier stage bd_0_i/hls_inst/inst/grp_ntt_kernel_Pipeline_FLATTENED_BUTTERFLY_LOOP_fu_322/mul_32ns_32ns_64_4_1_U17/tmp_product__0/P[47:0] is not pipelined (MREG=0). Pipelining the multiplier function will improve performance and will save significant power so it is suggested whenever possible to fully pipeline this function.  If this multiplier was inferred, it is suggested to describe an additional register stage after this function.  If there is no registered adder/accumulator following the multiply function, two pipeline stages are suggested to allow both the MREG and PREG registers to be used.  If the DSP48 was instantiated in the design, it is suggested to set both the MREG and PREG attributes to 1 when performing multiply functions.
Related violations: <none>

DPOP-4#5 Warning
MREG Output pipelining  
DSP bd_0_i/hls_inst/inst/grp_ntt_kernel_Pipeline_FLATTENED_BUTTERFLY_LOOP_fu_322/mul_32s_32s_32_4_1_U18/buff0_reg multiplier stage bd_0_i/hls_inst/inst/grp_ntt_kernel_Pipeline_FLATTENED_BUTTERFLY_LOOP_fu_322/mul_32s_32s_32_4_1_U18/buff0_reg/P[47:0] is not pipelined (MREG=0). Pipelining the multiplier function will improve performance and will save significant power so it is suggested whenever possible to fully pipeline this function.  If this multiplier was inferred, it is suggested to describe an additional register stage after this function.  If there is no registered adder/accumulator following the multiply function, two pipeline stages are suggested to allow both the MREG and PREG registers to be used.  If the DSP48 was instantiated in the design, it is suggested to set both the MREG and PREG attributes to 1 when performing multiply functions.
Related violations: <none>

DPOP-4#6 Warning
MREG Output pipelining  
DSP bd_0_i/hls_inst/inst/grp_ntt_kernel_Pipeline_FLATTENED_BUTTERFLY_LOOP_fu_322/mul_32s_32s_32_4_1_U18/tmp_product multiplier stage bd_0_i/hls_inst/inst/grp_ntt_kernel_Pipeline_FLATTENED_BUTTERFLY_LOOP_fu_322/mul_32s_32s_32_4_1_U18/tmp_product/P[47:0] is not pipelined (MREG=0). Pipelining the multiplier function will improve performance and will save significant power so it is suggested whenever possible to fully pipeline this function.  If this multiplier was inferred, it is suggested to describe an additional register stage after this function.  If there is no registered adder/accumulator following the multiply function, two pipeline stages are suggested to allow both the MREG and PREG registers to be used.  If the DSP48 was instantiated in the design, it is suggested to set both the MREG and PREG attributes to 1 when performing multiply functions.
Related violations: <none>

DPOP-4#7 Warning
MREG Output pipelining  
DSP bd_0_i/hls_inst/inst/grp_ntt_kernel_Pipeline_FLATTENED_BUTTERFLY_LOOP_fu_322/mul_32s_32s_32_4_1_U18/tmp_product__0 multiplier stage bd_0_i/hls_inst/inst/grp_ntt_kernel_Pipeline_FLATTENED_BUTTERFLY_LOOP_fu_322/mul_32s_32s_32_4_1_U18/tmp_product__0/P[47:0] is not pipelined (MREG=0). Pipelining the multiplier function will improve performance and will save significant power so it is suggested whenever possible to fully pipeline this function.  If this multiplier was inferred, it is suggested to describe an additional register stage after this function.  If there is no registered adder/accumulator following the multiply function, two pipeline stages are suggested to allow both the MREG and PREG registers to be used.  If the DSP48 was instantiated in the design, it is suggested to set both the MREG and PREG attributes to 1 when performing multiply functions.
Related violations: <none>

RTSTAT-10#1 Warning
No routable loads  
147 net(s) have no routable loads. The problem bus(es) and/or net(s) are bd_0_i/hls_inst/inst/gmem0_m_axi_U/bus_write/wreq_throttle/data_fifo/U_fifo_srl/dout_reg[36]_0[0],
bd_0_i/hls_inst/inst/gmem0_m_axi_U/bus_write/wreq_throttle/data_fifo/U_fifo_srl/dout_reg[36]_0[10],
bd_0_i/hls_inst/inst/gmem0_m_axi_U/bus_write/wreq_throttle/data_fifo/U_fifo_srl/dout_reg[36]_0[11],
bd_0_i/hls_inst/inst/gmem0_m_axi_U/bus_write/wreq_throttle/data_fifo/U_fifo_srl/dout_reg[36]_0[12],
bd_0_i/hls_inst/inst/gmem0_m_axi_U/bus_write/wreq_throttle/data_fifo/U_fifo_srl/dout_reg[36]_0[13],
bd_0_i/hls_inst/inst/gmem0_m_axi_U/bus_write/wreq_throttle/data_fifo/U_fifo_srl/dout_reg[36]_0[1],
bd_0_i/hls_inst/inst/gmem0_m_axi_U/bus_write/wreq_throttle/data_fifo/U_fifo_srl/dout_reg[36]_0[2],
bd_0_i/hls_inst/inst/gmem0_m_axi_U/bus_write/wreq_throttle/data_fifo/U_fifo_srl/dout_reg[36]_0[3],
bd_0_i/hls_inst/inst/gmem0_m_axi_U/bus_write/wreq_throttle/data_fifo/U_fifo_srl/dout_reg[36]_0[4],
bd_0_i/hls_inst/inst/gmem0_m_axi_U/bus_write/wreq_throttle/data_fifo/U_fifo_srl/dout_reg[36]_0[5],
bd_0_i/hls_inst/inst/gmem0_m_axi_U/bus_write/wreq_throttle/data_fifo/U_fifo_srl/dout_reg[36]_0[6],
bd_0_i/hls_inst/inst/gmem0_m_axi_U/bus_write/wreq_throttle/data_fifo/U_fifo_srl/dout_reg[36]_0[7],
bd_0_i/hls_inst/inst/gmem0_m_axi_U/bus_write/wreq_throttle/data_fifo/U_fifo_srl/dout_reg[36]_0[8],
bd_0_i/hls_inst/inst/gmem0_m_axi_U/bus_write/wreq_throttle/data_fifo/U_fifo_srl/dout_reg[36]_0[9],
bd_0_i/hls_inst/inst/gmem0_m_axi_U/bus_write/wreq_throttle/rs_req/data_p1_reg[67]_0[65:0]
 (the first 15 of 42 listed nets/buses).
Related violations: <none>


