Copyright 1986-2022 Xilinx, Inc. All Rights Reserved. Copyright 2022-2023 Advanced Micro Devices, Inc. All Rights Reserved.
---------------------------------------------------------------------------------------------------------------------------------------------
| Tool Version : Vivado v.2023.2 (lin64) Build 4029153 Fri Oct 13 20:13:54 MDT 2023
| Date         : Mon Jun  1 21:47:13 2026
| Host         : ecs02.poly.edu running 64-bit Red Hat Enterprise Linux release 8.10 (Ootpa)
| Command      : report_control_sets -verbose -file bd_0_wrapper_control_sets_placed.rpt
| Design       : bd_0_wrapper
| Device       : xck26
---------------------------------------------------------------------------------------------------------------------------------------------

Control Set Information

Table of Contents
-----------------
1. Summary
2. Histogram
3. Flip-Flop Distribution
4. Detailed Control Set Information

1. Summary
----------

+----------------------------------------------------------+-------+
|                          Status                          | Count |
+----------------------------------------------------------+-------+
| Total control sets                                       |   149 |
|    Minimum number of control sets                        |   149 |
|    Addition due to synthesis replication                 |     0 |
|    Addition due to physical synthesis replication        |     0 |
| Unused register locations in slices containing registers |   192 |
+----------------------------------------------------------+-------+
* Control sets can be merged at opt_design using control_set_merge or merge_equivalent_drivers
** Run report_qor_suggestions for automated merging and remapping suggestions


2. Histogram
------------

+--------------------+-------+
|       Fanout       | Count |
+--------------------+-------+
| Total control sets |   149 |
| >= 0 to < 4        |    15 |
| >= 4 to < 6        |    29 |
| >= 6 to < 8        |     1 |
| >= 8 to < 10       |    11 |
| >= 10 to < 12      |     4 |
| >= 12 to < 14      |     9 |
| >= 14 to < 16      |     0 |
| >= 16              |    80 |
+--------------------+-------+
* Control sets can be remapped at either synth_design or opt_design


3. Flip-Flop Distribution
-------------------------

+--------------+-----------------------+------------------------+-----------------+--------------+
| Clock Enable | Synchronous Set/Reset | Asynchronous Set/Reset | Total Registers | Total Slices |
+--------------+-----------------------+------------------------+-----------------+--------------+
| No           | No                    | No                     |             293 |           84 |
| No           | No                    | Yes                    |               0 |            0 |
| No           | Yes                   | No                     |             233 |           84 |
| Yes          | No                    | No                     |            2094 |          308 |
| Yes          | No                    | Yes                    |               0 |            0 |
| Yes          | Yes                   | No                     |            3084 |          485 |
+--------------+-----------------------+------------------------+-----------------+--------------+


4. Detailed Control Set Information
-----------------------------------

+--------------+---------------------------------------------------------------------------------------------------------------------------------------------------------------------------+--------------------------------------------------------------------------------------------------------------------------------------------------------------------------------------+------------------+----------------+--------------+
| Clock Signal |                                                                               Enable Signal                                                                               |                                                                                   Set/Reset Signal                                                                                   | Slice Load Count | Bel Load Count | Bels / Slice |
+--------------+---------------------------------------------------------------------------------------------------------------------------------------------------------------------------+--------------------------------------------------------------------------------------------------------------------------------------------------------------------------------------+------------------+----------------+--------------+
|  ap_clk      | bd_0_i/hls_inst/inst/gmem0_m_axi_U/store_unit/fifo_wreq/U_fifo_srl/push                                                                                                   |                                                                                                                                                                                      |                1 |              1 |         1.00 |
|  ap_clk      | bd_0_i/hls_inst/inst/gmem0_m_axi_U/store_unit/fifo_wrsp/U_fifo_srl/pop                                                                                                    | ap_rst_n                                                                                                                                                                             |                1 |              1 |         1.00 |
|  ap_clk      | bd_0_i/hls_inst/inst/gmem0_m_axi_U/bus_write/wreq_burst_conv/push_0                                                                                                       |                                                                                                                                                                                      |                1 |              1 |         1.00 |
|  ap_clk      | bd_0_i/hls_inst/inst/gmem1_m_axi_U/bus_read/rreq_burst_conv/push                                                                                                          |                                                                                                                                                                                      |                1 |              1 |         1.00 |
|  ap_clk      | bd_0_i/hls_inst/inst/gmem2_m_axi_U/bus_read/rreq_burst_conv/push                                                                                                          |                                                                                                                                                                                      |                1 |              1 |         1.00 |
|  ap_clk      | bd_0_i/hls_inst/inst/gmem1_m_axi_U/bus_read/rs_rdata/pop                                                                                                                  | ap_rst_n                                                                                                                                                                             |                1 |              1 |         1.00 |
|  ap_clk      | bd_0_i/hls_inst/inst/gmem0_m_axi_U/bus_read/rreq_burst_conv/push                                                                                                          |                                                                                                                                                                                      |                1 |              1 |         1.00 |
|  ap_clk      | bd_0_i/hls_inst/inst/gmem0_m_axi_U/bus_read/rs_rdata/pop                                                                                                                  | ap_rst_n                                                                                                                                                                             |                1 |              1 |         1.00 |
|  ap_clk      | bd_0_i/hls_inst/inst/gmem2_m_axi_U/bus_read/rs_rdata/pop                                                                                                                  | ap_rst_n                                                                                                                                                                             |                1 |              1 |         1.00 |
|  ap_clk      | bd_0_i/hls_inst/inst/gmem0_m_axi_U/bus_write/fifo_resp/U_fifo_srl/pop                                                                                                     | ap_rst_n                                                                                                                                                                             |                1 |              1 |         1.00 |
|  ap_clk      | bd_0_i/hls_inst/inst/gmem0_m_axi_U/store_unit/fifo_wreq/raddr[1]_i_1_n_4                                                                                                  | ap_rst_n                                                                                                                                                                             |                1 |              2 |         2.00 |
|  ap_clk      | bd_0_i/hls_inst/inst/control_s_axi_U/int_ier10_out                                                                                                                        | ap_rst_n                                                                                                                                                                             |                1 |              2 |         2.00 |
|  ap_clk      | bd_0_i/hls_inst/inst/gmem0_m_axi_U/load_unit/fifo_rreq/raddr[2]_i_1__1_n_4                                                                                                | ap_rst_n                                                                                                                                                                             |                2 |              3 |         1.50 |
|  ap_clk      | bd_0_i/hls_inst/inst/gmem1_m_axi_U/load_unit/fifo_rreq/raddr[2]_i_1__6_n_4                                                                                                | ap_rst_n                                                                                                                                                                             |                2 |              3 |         1.50 |
|  ap_clk      | bd_0_i/hls_inst/inst/gmem2_m_axi_U/load_unit/fifo_rreq/raddr[2]_i_1__8_n_4                                                                                                | ap_rst_n                                                                                                                                                                             |                1 |              3 |         3.00 |
|  ap_clk      | bd_0_i/hls_inst/inst/gmem0_m_axi_U/store_unit/buff_wdata/U_fifo_mem/WEBWE[0]                                                                                              | ap_rst_n                                                                                                                                                                             |                1 |              4 |         4.00 |
|  ap_clk      | bd_0_i/hls_inst/inst/gmem2_m_axi_U/bus_read/fifo_burst/raddr[3]_i_1__6_n_4                                                                                                | ap_rst_n                                                                                                                                                                             |                1 |              4 |         4.00 |
|  ap_clk      | bd_0_i/hls_inst/inst/gmem1_m_axi_U/load_unit/fifo_rreq/mOutPtr[3]_i_1__12_n_4                                                                                             | ap_rst_n                                                                                                                                                                             |                1 |              4 |         4.00 |
|  ap_clk      | bd_0_i/hls_inst/inst/gmem0_m_axi_U/store_unit/fifo_wrsp/U_fifo_srl/raddr_reg[0][0]                                                                                        | ap_rst_n                                                                                                                                                                             |                1 |              4 |         4.00 |
|  ap_clk      | bd_0_i/hls_inst/inst/gmem0_m_axi_U/bus_write/fifo_burst/U_fifo_srl/pop_0                                                                                                  | ap_rst_n                                                                                                                                                                             |                1 |              4 |         4.00 |
|  ap_clk      | bd_0_i/hls_inst/inst/gmem0_m_axi_U/bus_write/fifo_burst/U_fifo_srl/empty_n_reg[0]                                                                                         | ap_rst_n                                                                                                                                                                             |                1 |              4 |         4.00 |
|  ap_clk      | bd_0_i/hls_inst/inst/gmem1_m_axi_U/bus_read/fifo_burst/raddr[3]_i_1__5_n_4                                                                                                | ap_rst_n                                                                                                                                                                             |                1 |              4 |         4.00 |
|  ap_clk      | bd_0_i/hls_inst/inst/gmem0_m_axi_U/store_unit/user_resp/mOutPtr[3]_i_1__4_n_4                                                                                             | ap_rst_n                                                                                                                                                                             |                2 |              4 |         2.00 |
|  ap_clk      | bd_0_i/hls_inst/inst/gmem0_m_axi_U/bus_write/wreq_throttle/data_fifo/raddr[3]_i_1__4_n_4                                                                                  | ap_rst_n                                                                                                                                                                             |                1 |              4 |         4.00 |
|  ap_clk      | bd_0_i/hls_inst/inst/gmem0_m_axi_U/bus_read/fifo_burst/raddr[3]_i_1__1_n_4                                                                                                | ap_rst_n                                                                                                                                                                             |                1 |              4 |         4.00 |
|  ap_clk      | bd_0_i/hls_inst/inst/gmem0_m_axi_U/load_unit/fifo_rreq/mOutPtr[3]_i_1__5_n_4                                                                                              | ap_rst_n                                                                                                                                                                             |                1 |              4 |         4.00 |
|  ap_clk      | bd_0_i/hls_inst/inst/gmem0_m_axi_U/bus_write/fifo_resp/raddr[3]_i_1__2_n_4                                                                                                | ap_rst_n                                                                                                                                                                             |                1 |              4 |         4.00 |
|  ap_clk      | bd_0_i/hls_inst/inst/gmem0_m_axi_U/bus_write/wreq_burst_conv/push                                                                                                         |                                                                                                                                                                                      |                1 |              4 |         4.00 |
|  ap_clk      | bd_0_i/hls_inst/inst/gmem0_m_axi_U/bus_write/wreq_throttle/req_fifo/raddr[3]_i_1__3_n_4                                                                                   | ap_rst_n                                                                                                                                                                             |                1 |              4 |         4.00 |
|  ap_clk      | bd_0_i/hls_inst/inst/gmem0_m_axi_U/store_unit/fifo_wreq/mOutPtr[3]_i_1__1_n_4                                                                                             | ap_rst_n                                                                                                                                                                             |                2 |              4 |         2.00 |
|  ap_clk      | bd_0_i/hls_inst/inst/gmem2_m_axi_U/load_unit/fifo_rreq/mOutPtr[3]_i_1__16_n_4                                                                                             | ap_rst_n                                                                                                                                                                             |                1 |              4 |         4.00 |
|  ap_clk      | bd_0_i/hls_inst/inst/gmem0_m_axi_U/bus_write/wreq_throttle/data_fifo/U_fifo_srl/WVALID_Dummy_reg[0]                                                                       | ap_rst_n                                                                                                                                                                             |                1 |              5 |         5.00 |
|  ap_clk      | bd_0_i/hls_inst/inst/gmem0_m_axi_U/store_unit/buff_wdata/mOutPtr[4]_i_1__0_n_4                                                                                            | ap_rst_n                                                                                                                                                                             |                1 |              5 |         5.00 |
|  ap_clk      | bd_0_i/hls_inst/inst/gmem0_m_axi_U/store_unit/fifo_wrsp/U_fifo_srl/s_ready_t_reg[0]                                                                                       | ap_rst_n                                                                                                                                                                             |                2 |              5 |         2.50 |
|  ap_clk      | bd_0_i/hls_inst/inst/gmem0_m_axi_U/bus_write/fifo_burst/U_fifo_srl/E[0]                                                                                                   | ap_rst_n                                                                                                                                                                             |                2 |              5 |         2.50 |
|  ap_clk      | bd_0_i/hls_inst/inst/gmem0_m_axi_U/bus_write/wreq_throttle/req_fifo/mOutPtr[4]_i_1__5_n_4                                                                                 | ap_rst_n                                                                                                                                                                             |                1 |              5 |         5.00 |
|  ap_clk      | bd_0_i/hls_inst/inst/gmem2_m_axi_U/bus_read/fifo_burst/mOutPtr[4]_i_1__12_n_4                                                                                             | ap_rst_n                                                                                                                                                                             |                2 |              5 |         2.50 |
|  ap_clk      | bd_0_i/hls_inst/inst/gmem0_m_axi_U/bus_write/fifo_resp/mOutPtr[4]_i_1__4_n_4                                                                                              | ap_rst_n                                                                                                                                                                             |                2 |              5 |         2.50 |
|  ap_clk      | bd_0_i/hls_inst/inst/gmem1_m_axi_U/bus_read/fifo_rctl/mOutPtr[4]_i_1__10_n_4                                                                                              | ap_rst_n                                                                                                                                                                             |                1 |              5 |         5.00 |
|  ap_clk      | bd_0_i/hls_inst/inst/gmem0_m_axi_U/bus_read/fifo_burst/mOutPtr[4]_i_1__3_n_4                                                                                              | ap_rst_n                                                                                                                                                                             |                1 |              5 |         5.00 |
|  ap_clk      | bd_0_i/hls_inst/inst/gmem0_m_axi_U/bus_write/wreq_throttle/data_fifo/mOutPtr[4]_i_1__6_n_4                                                                                | ap_rst_n                                                                                                                                                                             |                1 |              5 |         5.00 |
|  ap_clk      | bd_0_i/hls_inst/inst/gmem1_m_axi_U/bus_read/fifo_burst/mOutPtr[4]_i_1__9_n_4                                                                                              | ap_rst_n                                                                                                                                                                             |                1 |              5 |         5.00 |
|  ap_clk      | bd_0_i/hls_inst/inst/gmem0_m_axi_U/bus_read/fifo_rctl/mOutPtr[4]_i_1__7_n_4                                                                                               | ap_rst_n                                                                                                                                                                             |                1 |              5 |         5.00 |
|  ap_clk      | bd_0_i/hls_inst/inst/gmem2_m_axi_U/bus_read/fifo_rctl/mOutPtr[4]_i_1__13_n_4                                                                                              | ap_rst_n                                                                                                                                                                             |                1 |              5 |         5.00 |
|  ap_clk      | bd_0_i/hls_inst/inst/control_s_axi_U/waddr                                                                                                                                |                                                                                                                                                                                      |                1 |              7 |         7.00 |
|  ap_clk      | bd_0_i/hls_inst/inst/gmem0_m_axi_U/bus_write/wreq_burst_conv/could_multi_bursts.last_loop                                                                                 | ap_rst_n                                                                                                                                                                             |                3 |              8 |         2.67 |
|  ap_clk      | bd_0_i/hls_inst/inst/gmem0_m_axi_U/bus_read/rreq_burst_conv/could_multi_bursts.last_loop                                                                                  | ap_rst_n                                                                                                                                                                             |                3 |              8 |         2.67 |
|  ap_clk      | bd_0_i/hls_inst/inst/gmem1_m_axi_U/bus_read/rreq_burst_conv/could_multi_bursts.last_loop                                                                                  | ap_rst_n                                                                                                                                                                             |                3 |              8 |         2.67 |
|  ap_clk      | bd_0_i/hls_inst/inst/gmem1_m_axi_U/load_unit/buff_rdata/U_fifo_mem/WEBWE[0]                                                                                               | ap_rst_n                                                                                                                                                                             |                2 |              8 |         4.00 |
|  ap_clk      | bd_0_i/hls_inst/inst/gmem0_m_axi_U/load_unit/buff_rdata/U_fifo_mem/WEBWE[0]                                                                                               | ap_rst_n                                                                                                                                                                             |                2 |              8 |         4.00 |
|  ap_clk      | bd_0_i/hls_inst/inst/gmem2_m_axi_U/load_unit/buff_rdata/U_fifo_mem/WEBWE[0]                                                                                               | ap_rst_n                                                                                                                                                                             |                2 |              8 |         4.00 |
|  ap_clk      | bd_0_i/hls_inst/inst/gmem0_m_axi_U/bus_write/wreq_throttle/data_fifo/full_n_reg_1[0]                                                                                      | bd_0_i/hls_inst/inst/gmem0_m_axi_U/bus_write/fifo_burst/U_fifo_srl/ap_rst_n_0[0]                                                                                                     |                2 |              8 |         4.00 |
|  ap_clk      | bd_0_i/hls_inst/inst/gmem2_m_axi_U/bus_read/rreq_burst_conv/could_multi_bursts.last_loop                                                                                  | ap_rst_n                                                                                                                                                                             |                3 |              8 |         2.67 |
|  ap_clk      | bd_0_i/hls_inst/inst/gmem2_m_axi_U/load_unit/buff_rdata/mOutPtr[8]_i_1__1_n_4                                                                                             | ap_rst_n                                                                                                                                                                             |                3 |              9 |         3.00 |
|  ap_clk      | bd_0_i/hls_inst/inst/gmem1_m_axi_U/load_unit/buff_rdata/mOutPtr[8]_i_1__0_n_4                                                                                             | ap_rst_n                                                                                                                                                                             |                3 |              9 |         3.00 |
|  ap_clk      | bd_0_i/hls_inst/inst/gmem0_m_axi_U/load_unit/buff_rdata/mOutPtr[8]_i_1_n_4                                                                                                | ap_rst_n                                                                                                                                                                             |                2 |              9 |         4.50 |
|  ap_clk      | bd_0_i/hls_inst/inst/gmem1_m_axi_U/bus_read/rreq_burst_conv/rs_req/p_15_in                                                                                                | bd_0_i/hls_inst/inst/gmem1_m_axi_U/bus_read/rreq_burst_conv/sect_addr_buf[11]_i_1__1_n_4                                                                                             |                2 |             10 |         5.00 |
|  ap_clk      | bd_0_i/hls_inst/inst/gmem2_m_axi_U/bus_read/rreq_burst_conv/rs_req/p_15_in                                                                                                | bd_0_i/hls_inst/inst/gmem2_m_axi_U/bus_read/rreq_burst_conv/sect_addr_buf[11]_i_1__2_n_4                                                                                             |                3 |             10 |         3.33 |
|  ap_clk      | bd_0_i/hls_inst/inst/gmem0_m_axi_U/bus_write/wreq_burst_conv/rs_req/p_15_in                                                                                               | bd_0_i/hls_inst/inst/gmem0_m_axi_U/bus_write/wreq_burst_conv/sect_addr_buf[11]_i_1_n_4                                                                                               |                3 |             10 |         3.33 |
|  ap_clk      | bd_0_i/hls_inst/inst/gmem0_m_axi_U/bus_read/rreq_burst_conv/rs_req/p_15_in                                                                                                | bd_0_i/hls_inst/inst/gmem0_m_axi_U/bus_read/rreq_burst_conv/sect_addr_buf[11]_i_1__0_n_4                                                                                             |                3 |             10 |         3.33 |
|  ap_clk      |                                                                                                                                                                           | bd_0_i/hls_inst/inst/grp_ntt_kernel_Pipeline_PERMUTE_LOOP_fu_314/flow_control_loop_pipe_sequential_init_U/ap_loop_init                                                               |                1 |             12 |        12.00 |
|  ap_clk      | bd_0_i/hls_inst/inst/gmem1_m_axi_U/load_unit/buff_rdata/ap_block_pp0_stage0_subdone                                                                                       | bd_0_i/hls_inst/inst/grp_ntt_kernel_Pipeline_CACHE_PSI_LOOP_fu_296/flow_control_loop_pipe_sequential_init_U/grp_ntt_kernel_Pipeline_CACHE_PSI_LOOP_fu_296_ap_start_reg_reg           |                4 |             12 |         3.00 |
|  ap_clk      | bd_0_i/hls_inst/inst/gmem0_m_axi_U/load_unit/buff_rdata/ap_block_pp0_stage0_subdone                                                                                       | bd_0_i/hls_inst/inst/grp_ntt_kernel_Pipeline_BURST_READ_LOOP_fu_305/flow_control_loop_pipe_sequential_init_U/grp_ntt_kernel_Pipeline_BURST_READ_LOOP_fu_305_ap_start_reg_reg         |                3 |             12 |         4.00 |
|  ap_clk      | bd_0_i/hls_inst/inst/gmem2_m_axi_U/load_unit/buff_rdata/ap_block_pp0_stage0_subdone                                                                                       | bd_0_i/hls_inst/inst/grp_ntt_kernel_Pipeline_CACHE_TWIDDLES_LOOP_fu_287/flow_control_loop_pipe_sequential_init_U/grp_ntt_kernel_Pipeline_CACHE_TWIDDLES_LOOP_fu_287_ap_start_reg_reg |                1 |             12 |        12.00 |
|  ap_clk      | bd_0_i/hls_inst/inst/grp_ntt_kernel_Pipeline_PERMUTE_LOOP_fu_314/flow_control_loop_pipe_sequential_init_U/grp_ntt_kernel_Pipeline_PERMUTE_LOOP_fu_314_ap_start_reg_reg[0] | bd_0_i/hls_inst/inst/grp_ntt_kernel_Pipeline_PERMUTE_LOOP_fu_314/flow_control_loop_pipe_sequential_init_U/SR[0]                                                                      |                3 |             13 |         4.33 |
|  ap_clk      | bd_0_i/hls_inst/inst/grp_ntt_kernel_Pipeline_CACHE_TWIDDLES_LOOP_fu_287/flow_control_loop_pipe_sequential_init_U/E[0]                                                     | bd_0_i/hls_inst/inst/grp_ntt_kernel_Pipeline_CACHE_TWIDDLES_LOOP_fu_287/flow_control_loop_pipe_sequential_init_U/SR[0]                                                               |                3 |             13 |         4.33 |
|  ap_clk      | bd_0_i/hls_inst/inst/grp_ntt_kernel_Pipeline_CACHE_PSI_LOOP_fu_296/flow_control_loop_pipe_sequential_init_U/E[0]                                                          | bd_0_i/hls_inst/inst/grp_ntt_kernel_Pipeline_CACHE_PSI_LOOP_fu_296/flow_control_loop_pipe_sequential_init_U/SR[0]                                                                    |                3 |             13 |         4.33 |
|  ap_clk      | bd_0_i/hls_inst/inst/grp_ntt_kernel_Pipeline_BURST_READ_LOOP_fu_305/flow_control_loop_pipe_sequential_init_U/E[0]                                                         | bd_0_i/hls_inst/inst/grp_ntt_kernel_Pipeline_BURST_READ_LOOP_fu_305/flow_control_loop_pipe_sequential_init_U/SR[0]                                                                   |                3 |             13 |         4.33 |
|  ap_clk      | bd_0_i/hls_inst/inst/grp_ntt_kernel_Pipeline_WRITE_BACK_LOOP_fu_341/flow_control_loop_pipe_sequential_init_U/E[0]                                                         | bd_0_i/hls_inst/inst/grp_ntt_kernel_Pipeline_WRITE_BACK_LOOP_fu_341/flow_control_loop_pipe_sequential_init_U/SR[0]                                                                   |                3 |             13 |         4.33 |
|  ap_clk      | bd_0_i/hls_inst/inst/grp_ntt_kernel_Pipeline_FLATTENED_BUTTERFLY_LOOP_fu_322/ap_CS_fsm_reg[1]_1[0]                                                                        |                                                                                                                                                                                      |                8 |             24 |         3.00 |
|  ap_clk      | bd_0_i/hls_inst/inst/gmem1_m_axi_U/load_unit/buff_rdata/ap_block_pp0_stage0_subdone                                                                                       |                                                                                                                                                                                      |                8 |             25 |         3.12 |
|  ap_clk      | bd_0_i/hls_inst/inst/grp_ntt_kernel_Pipeline_FLATTENED_BUTTERFLY_LOOP_fu_322/flow_control_loop_pipe_sequential_init_U/E[0]                                                | bd_0_i/hls_inst/inst/grp_ntt_kernel_Pipeline_FLATTENED_BUTTERFLY_LOOP_fu_322/flow_control_loop_pipe_sequential_init_U/SR[0]                                                          |                5 |             30 |         6.00 |
|  ap_clk      | bd_0_i/hls_inst/inst/ap_CS_fsm_state2                                                                                                                                     |                                                                                                                                                                                      |                7 |             31 |         4.43 |
|  ap_clk      | bd_0_i/hls_inst/inst/ap_CS_fsm_state1                                                                                                                                     | bd_0_i/hls_inst/inst/control_s_axi_U/ap_CS_fsm_reg[0][0]                                                                                                                             |                5 |             31 |         6.20 |
|  ap_clk      | bd_0_i/hls_inst/inst/ap_CS_fsm_state1                                                                                                                                     | bd_0_i/hls_inst/inst/control_s_axi_U/ap_CS_fsm_reg[0]_0                                                                                                                              |                9 |             31 |         3.44 |
|  ap_clk      | bd_0_i/hls_inst/inst/control_s_axi_U/int_batch_size[31]_i_1_n_4                                                                                                           | ap_rst_n                                                                                                                                                                             |               12 |             32 |         2.67 |
|  ap_clk      | bd_0_i/hls_inst/inst/ap_CS_fsm_state11                                                                                                                                    |                                                                                                                                                                                      |                9 |             32 |         3.56 |
|  ap_clk      | bd_0_i/hls_inst/inst/grp_ntt_kernel_Pipeline_FLATTENED_BUTTERFLY_LOOP_fu_322/ap_CS_fsm_pp0_stage12                                                                        |                                                                                                                                                                                      |                4 |             32 |         8.00 |
|  ap_clk      | bd_0_i/hls_inst/inst/control_s_axi_U/int_n[31]_i_1_n_4                                                                                                                    | ap_rst_n                                                                                                                                                                             |               12 |             32 |         2.67 |
|  ap_clk      | bd_0_i/hls_inst/inst/control_s_axi_U/int_x[63]_i_1_n_4                                                                                                                    | ap_rst_n                                                                                                                                                                             |               22 |             32 |         1.45 |
|  ap_clk      | bd_0_i/hls_inst/inst/control_s_axi_U/int_x[31]_i_1_n_4                                                                                                                    | ap_rst_n                                                                                                                                                                             |               12 |             32 |         2.67 |
|  ap_clk      | bd_0_i/hls_inst/inst/control_s_axi_U/int_twiddles[63]_i_1_n_4                                                                                                             | ap_rst_n                                                                                                                                                                             |               11 |             32 |         2.91 |
|  ap_clk      | bd_0_i/hls_inst/inst/control_s_axi_U/int_twiddles[31]_i_1_n_4                                                                                                             | ap_rst_n                                                                                                                                                                             |               18 |             32 |         1.78 |
|  ap_clk      | bd_0_i/hls_inst/inst/control_s_axi_U/int_q_inv[31]_i_1_n_4                                                                                                                | ap_rst_n                                                                                                                                                                             |               12 |             32 |         2.67 |
|  ap_clk      | bd_0_i/hls_inst/inst/control_s_axi_U/ar_hs                                                                                                                                | bd_0_i/hls_inst/inst/control_s_axi_U/rdata[31]_i_1_n_4                                                                                                                               |               28 |             32 |         1.14 |
|  ap_clk      | bd_0_i/hls_inst/inst/control_s_axi_U/int_q[31]_i_1_n_4                                                                                                                    | ap_rst_n                                                                                                                                                                             |               11 |             32 |         2.91 |
|  ap_clk      | bd_0_i/hls_inst/inst/control_s_axi_U/int_psi_powers[63]_i_1_n_4                                                                                                           | ap_rst_n                                                                                                                                                                             |               18 |             32 |         1.78 |
|  ap_clk      | bd_0_i/hls_inst/inst/control_s_axi_U/int_psi_powers[31]_i_1_n_4                                                                                                           | ap_rst_n                                                                                                                                                                             |               22 |             32 |         1.45 |
|  ap_clk      | bd_0_i/hls_inst/inst/gmem0_m_axi_U/bus_read/rs_rdata/load_p1                                                                                                              |                                                                                                                                                                                      |                5 |             33 |         6.60 |
|  ap_clk      | bd_0_i/hls_inst/inst/gmem1_m_axi_U/bus_read/rs_rdata/load_p1                                                                                                              |                                                                                                                                                                                      |                5 |             33 |         6.60 |
|  ap_clk      | bd_0_i/hls_inst/inst/gmem0_m_axi_U/store_unit/buff_wdata/E[0]                                                                                                             |                                                                                                                                                                                      |                9 |             33 |         3.67 |
|  ap_clk      | bd_0_i/hls_inst/inst/gmem2_m_axi_U/bus_read/rs_rdata/load_p2                                                                                                              |                                                                                                                                                                                      |                5 |             33 |         6.60 |
|  ap_clk      | bd_0_i/hls_inst/inst/gmem0_m_axi_U/bus_read/rs_rdata/load_p2                                                                                                              |                                                                                                                                                                                      |                5 |             33 |         6.60 |
|  ap_clk      | bd_0_i/hls_inst/inst/gmem2_m_axi_U/bus_read/rs_rdata/load_p1                                                                                                              |                                                                                                                                                                                      |                5 |             33 |         6.60 |
|  ap_clk      | bd_0_i/hls_inst/inst/gmem1_m_axi_U/bus_read/rs_rdata/load_p2                                                                                                              |                                                                                                                                                                                      |                5 |             33 |         6.60 |
|  ap_clk      | bd_0_i/hls_inst/inst/gmem0_m_axi_U/bus_write/wreq_throttle/data_fifo/U_fifo_srl/push                                                                                      |                                                                                                                                                                                      |                3 |             37 |        12.33 |
|  ap_clk      | bd_0_i/hls_inst/inst/gmem0_m_axi_U/bus_write/wreq_throttle/data_fifo/U_fifo_srl/pop                                                                                       | ap_rst_n                                                                                                                                                                             |                6 |             37 |         6.17 |
|  ap_clk      | bd_0_i/hls_inst/inst/gmem2_m_axi_U/load_unit/buff_rdata/ap_block_pp0_stage0_subdone                                                                                       |                                                                                                                                                                                      |               11 |             45 |         4.09 |
|  ap_clk      | bd_0_i/hls_inst/inst/gmem0_m_axi_U/load_unit/buff_rdata/ap_block_pp0_stage0_subdone                                                                                       |                                                                                                                                                                                      |                8 |             45 |         5.62 |
|  ap_clk      | bd_0_i/hls_inst/inst/gmem0_m_axi_U/bus_read/rreq_burst_conv/rs_req/E[0]                                                                                                   | ap_rst_n                                                                                                                                                                             |               12 |             53 |         4.42 |
|  ap_clk      | bd_0_i/hls_inst/inst/gmem1_m_axi_U/bus_read/rreq_burst_conv/rs_req/E[0]                                                                                                   | ap_rst_n                                                                                                                                                                             |               10 |             53 |         5.30 |
|  ap_clk      | bd_0_i/hls_inst/inst/gmem0_m_axi_U/bus_write/wreq_burst_conv/rs_req/E[0]                                                                                                  | ap_rst_n                                                                                                                                                                             |                9 |             53 |         5.89 |
|  ap_clk      | bd_0_i/hls_inst/inst/gmem2_m_axi_U/bus_read/rreq_burst_conv/rs_req/E[0]                                                                                                   | ap_rst_n                                                                                                                                                                             |               10 |             53 |         5.30 |
|  ap_clk      | bd_0_i/hls_inst/inst/grp_ntt_kernel_Pipeline_FLATTENED_BUTTERFLY_LOOP_fu_322/ap_CS_fsm_pp0_stage0                                                                         |                                                                                                                                                                                      |               20 |             57 |         2.85 |
|  ap_clk      | bd_0_i/hls_inst/inst/reg_3620                                                                                                                                             |                                                                                                                                                                                      |               20 |             62 |         3.10 |
|  ap_clk      | bd_0_i/hls_inst/inst/grp_ntt_kernel_Pipeline_FLATTENED_BUTTERFLY_LOOP_fu_322/ab_reg_5820                                                                                  |                                                                                                                                                                                      |               14 |             64 |         4.57 |
|  ap_clk      | bd_0_i/hls_inst/inst/gmem0_m_axi_U/bus_write/wreq_throttle/data_fifo/U_fifo_srl/E[0]                                                                                      |                                                                                                                                                                                      |                9 |             66 |         7.33 |
|  ap_clk      | bd_0_i/hls_inst/inst/gmem0_m_axi_U/bus_write/wreq_throttle/req_fifo/U_fifo_srl/push                                                                                       |                                                                                                                                                                                      |                5 |             66 |        13.20 |
|  ap_clk      | bd_0_i/hls_inst/inst/gmem0_m_axi_U/bus_write/wreq_throttle/rs_req/load_p1                                                                                                 |                                                                                                                                                                                      |                9 |             66 |         7.33 |
|  ap_clk      | bd_0_i/hls_inst/inst/gmem0_m_axi_U/bus_write/wreq_throttle/req_fifo/U_fifo_srl/pop                                                                                        | ap_rst_n                                                                                                                                                                             |               13 |             66 |         5.08 |
|  ap_clk      | bd_0_i/hls_inst/inst/gmem0_m_axi_U/bus_read/rreq_burst_conv/ost_ctrl_valid                                                                                                | ap_rst_n                                                                                                                                                                             |               10 |             71 |         7.10 |
|  ap_clk      | bd_0_i/hls_inst/inst/gmem0_m_axi_U/bus_write/wreq_burst_conv/ost_ctrl_valid                                                                                               | ap_rst_n                                                                                                                                                                             |               12 |             71 |         5.92 |
|  ap_clk      | bd_0_i/hls_inst/inst/gmem2_m_axi_U/bus_read/rreq_burst_conv/ost_ctrl_valid                                                                                                | ap_rst_n                                                                                                                                                                             |               10 |             71 |         7.10 |
|  ap_clk      | bd_0_i/hls_inst/inst/gmem1_m_axi_U/bus_read/rreq_burst_conv/ost_ctrl_valid                                                                                                | ap_rst_n                                                                                                                                                                             |                9 |             71 |         7.89 |
|  ap_clk      | bd_0_i/hls_inst/inst/grp_ntt_kernel_Pipeline_FLATTENED_BUTTERFLY_LOOP_fu_322/flow_control_loop_pipe_sequential_init_U/ap_CS_fsm_reg[25][0]                                | bd_0_i/hls_inst/inst/grp_ntt_kernel_Pipeline_FLATTENED_BUTTERFLY_LOOP_fu_322/flow_control_loop_pipe_sequential_init_U/ap_CS_fsm_reg[23]                                              |               17 |             76 |         4.47 |
|  ap_clk      | bd_0_i/hls_inst/inst/gmem2_m_axi_U/bus_read/rreq_burst_conv/rs_req/p_15_in                                                                                                | ap_rst_n                                                                                                                                                                             |               20 |             77 |         3.85 |
|  ap_clk      | bd_0_i/hls_inst/inst/gmem0_m_axi_U/bus_read/rreq_burst_conv/rs_req/p_15_in                                                                                                | ap_rst_n                                                                                                                                                                             |               17 |             77 |         4.53 |
|  ap_clk      | bd_0_i/hls_inst/inst/gmem0_m_axi_U/bus_write/wreq_burst_conv/rs_req/p_15_in                                                                                               | ap_rst_n                                                                                                                                                                             |               16 |             77 |         4.81 |
|  ap_clk      | bd_0_i/hls_inst/inst/gmem1_m_axi_U/bus_read/rreq_burst_conv/rs_req/p_15_in                                                                                                | ap_rst_n                                                                                                                                                                             |               18 |             77 |         4.28 |
|  ap_clk      | bd_0_i/hls_inst/inst/gmem0_m_axi_U/load_unit/fifo_rreq/E[0]                                                                                                               | ap_rst_n                                                                                                                                                                             |               20 |             92 |         4.60 |
|  ap_clk      | bd_0_i/hls_inst/inst/gmem2_m_axi_U/bus_read/rreq_burst_conv/rs_req/load_p1                                                                                                |                                                                                                                                                                                      |               17 |             92 |         5.41 |
|  ap_clk      | bd_0_i/hls_inst/inst/gmem2_m_axi_U/load_unit/E[0]                                                                                                                         |                                                                                                                                                                                      |               17 |             92 |         5.41 |
|  ap_clk      | bd_0_i/hls_inst/inst/gmem1_m_axi_U/load_unit/fifo_rreq/E[0]                                                                                                               | ap_rst_n                                                                                                                                                                             |               25 |             92 |         3.68 |
|  ap_clk      | bd_0_i/hls_inst/inst/gmem0_m_axi_U/bus_write/wreq_burst_conv/rs_req/load_p1                                                                                               |                                                                                                                                                                                      |               17 |             92 |         5.41 |
|  ap_clk      | bd_0_i/hls_inst/inst/gmem1_m_axi_U/load_unit/E[0]                                                                                                                         |                                                                                                                                                                                      |               20 |             92 |         4.60 |
|  ap_clk      | bd_0_i/hls_inst/inst/gmem1_m_axi_U/bus_read/rreq_burst_conv/rs_req/load_p1                                                                                                |                                                                                                                                                                                      |               20 |             92 |         4.60 |
|  ap_clk      | bd_0_i/hls_inst/inst/gmem0_m_axi_U/store_unit/fifo_wrsp/E[0]                                                                                                              | ap_rst_n                                                                                                                                                                             |               26 |             92 |         3.54 |
|  ap_clk      | bd_0_i/hls_inst/inst/gmem0_m_axi_U/load_unit/E[0]                                                                                                                         |                                                                                                                                                                                      |               17 |             92 |         5.41 |
|  ap_clk      | bd_0_i/hls_inst/inst/gmem2_m_axi_U/load_unit/fifo_rreq/E[0]                                                                                                               | ap_rst_n                                                                                                                                                                             |               17 |             92 |         5.41 |
|  ap_clk      | bd_0_i/hls_inst/inst/gmem0_m_axi_U/bus_read/rreq_burst_conv/rs_req/load_p1                                                                                                |                                                                                                                                                                                      |               17 |             92 |         5.41 |
|  ap_clk      | bd_0_i/hls_inst/inst/gmem0_m_axi_U/store_unit/tmp_valid_reg_0[0]                                                                                                          |                                                                                                                                                                                      |               17 |             92 |         5.41 |
|  ap_clk      | bd_0_i/hls_inst/inst/gmem1_m_axi_U/load_unit/fifo_rreq/U_fifo_srl/full_n_reg                                                                                              |                                                                                                                                                                                      |                6 |             93 |        15.50 |
|  ap_clk      | bd_0_i/hls_inst/inst/gmem2_m_axi_U/load_unit/fifo_rreq/U_fifo_srl/pop                                                                                                     | ap_rst_n                                                                                                                                                                             |               14 |             93 |         6.64 |
|  ap_clk      | bd_0_i/hls_inst/inst/gmem0_m_axi_U/store_unit/fifo_wreq/U_fifo_srl/pop                                                                                                    | ap_rst_n                                                                                                                                                                             |               28 |             93 |         3.32 |
|  ap_clk      | bd_0_i/hls_inst/inst/gmem1_m_axi_U/load_unit/fifo_rreq/U_fifo_srl/pop                                                                                                     | ap_rst_n                                                                                                                                                                             |               24 |             93 |         3.88 |
|  ap_clk      | bd_0_i/hls_inst/inst/gmem2_m_axi_U/load_unit/fifo_rreq/U_fifo_srl/full_n_reg                                                                                              |                                                                                                                                                                                      |                6 |             93 |        15.50 |
|  ap_clk      | bd_0_i/hls_inst/inst/ap_NS_fsm16_out                                                                                                                                      | bd_0_i/hls_inst/inst/control_s_axi_U/SR[0]                                                                                                                                           |               14 |             93 |         6.64 |
|  ap_clk      | bd_0_i/hls_inst/inst/gmem0_m_axi_U/store_unit/fifo_wreq/U_fifo_srl/push_0                                                                                                 |                                                                                                                                                                                      |                6 |             93 |        15.50 |
|  ap_clk      | bd_0_i/hls_inst/inst/gmem0_m_axi_U/load_unit/fifo_rreq/U_fifo_srl/pop                                                                                                     | ap_rst_n                                                                                                                                                                             |               22 |             94 |         4.27 |
|  ap_clk      | bd_0_i/hls_inst/inst/gmem0_m_axi_U/load_unit/fifo_rreq/U_fifo_srl/push                                                                                                    |                                                                                                                                                                                      |                6 |             94 |        15.67 |
|  ap_clk      | bd_0_i/hls_inst/inst/ap_CS_fsm_state25                                                                                                                                    |                                                                                                                                                                                      |               21 |            100 |         4.76 |
|  ap_clk      | bd_0_i/hls_inst/inst/gmem0_m_axi_U/bus_read/rreq_burst_conv/rs_req/next_req                                                                                               | ap_rst_n                                                                                                                                                                             |               25 |            112 |         4.48 |
|  ap_clk      | bd_0_i/hls_inst/inst/gmem0_m_axi_U/bus_write/wreq_burst_conv/rs_req/next_req                                                                                              | ap_rst_n                                                                                                                                                                             |               27 |            112 |         4.15 |
|  ap_clk      | bd_0_i/hls_inst/inst/gmem2_m_axi_U/bus_read/rreq_burst_conv/rs_req/next_req                                                                                               | ap_rst_n                                                                                                                                                                             |               26 |            112 |         4.31 |
|  ap_clk      | bd_0_i/hls_inst/inst/gmem1_m_axi_U/bus_read/rreq_burst_conv/rs_req/next_req                                                                                               | ap_rst_n                                                                                                                                                                             |               29 |            112 |         3.86 |
|  ap_clk      | bd_0_i/hls_inst/inst/ap_CS_fsm_state12                                                                                                                                    |                                                                                                                                                                                      |               21 |            155 |         7.38 |
|  ap_clk      |                                                                                                                                                                           | ap_rst_n                                                                                                                                                                             |               83 |            221 |         2.66 |
|  ap_clk      |                                                                                                                                                                           |                                                                                                                                                                                      |               84 |            293 |         3.49 |
|  ap_clk      | bd_0_i/hls_inst/inst/ap_CS_fsm_state1                                                                                                                                     |                                                                                                                                                                                      |               79 |            316 |         4.00 |
+--------------+---------------------------------------------------------------------------------------------------------------------------------------------------------------------------+--------------------------------------------------------------------------------------------------------------------------------------------------------------------------------------+------------------+----------------+--------------+


