
*** Running vivado
    with args -log bd_0_wrapper.vdi -applog -m64 -product Vivado -messageDb vivado.pb -mode batch -source bd_0_wrapper.tcl -notrace


****** Vivado v2023.2 (64-bit)
  **** SW Build 4029153 on Fri Oct 13 20:13:54 MDT 2023
  **** IP Build 4028589 on Sat Oct 14 00:45:43 MDT 2023
  **** SharedData Build 4025554 on Tue Oct 10 17:18:54 MDT 2023
    ** Copyright 1986-2022 Xilinx, Inc. All Rights Reserved.
    ** Copyright 2022-2023 Advanced Micro Devices, Inc. All Rights Reserved.

source bd_0_wrapper.tcl -notrace
Command: open_checkpoint /home/sg9109/Documents/hls-design/ntt-asic/impl/verilog/project.runs/impl_1/bd_0_wrapper.dcp
INFO: [Device 21-403] Loading part xck26-sfvc784-2LV-c
Netlist sorting complete. Time (s): cpu = 00:00:00.06 ; elapsed = 00:00:00.07 . Memory (MB): peak = 2575.059 ; gain = 0.000 ; free physical = 826160 ; free virtual = 1208058
INFO: [Netlist 29-17] Analyzing 237 Unisim elements for replacement
INFO: [Netlist 29-28] Unisim Transformation completed in 0 CPU seconds
INFO: [Project 1-479] Netlist was created with Vivado 2023.2
INFO: [Project 1-570] Preparing netlist for logic optimization
Read ShapeDB Complete: Time (s): cpu = 00:00:00.01 ; elapsed = 00:00:00.02 . Memory (MB): peak = 2575.059 ; gain = 0.000 ; free physical = 826150 ; free virtual = 1208029
INFO: [Timing 38-478] Restoring timing data from binary archive.
INFO: [Timing 38-479] Binary timing data restore complete.
INFO: [Project 1-856] Restoring constraints from binary archive.
INFO: [Project 1-853] Binary constraint restore complete.
Netlist sorting complete. Time (s): cpu = 00:00:00 ; elapsed = 00:00:00 . Memory (MB): peak = 3028.633 ; gain = 0.000 ; free physical = 825849 ; free virtual = 1207727
INFO: [Project 1-111] Unisim Transformation Summary:
  A total of 7 instances were transformed.
  DSP48E2 => DSP48E2 (DSP_ALU, DSP_A_B_DATA, DSP_C_DATA, DSP_MULTIPLIER, DSP_M_DATA, DSP_OUTPUT, DSP_PREADD, DSP_PREADD_DATA): 7 instances

INFO: [Project 1-604] Checkpoint was created with Vivado v2023.2 (64-bit) build 4029153
open_checkpoint: Time (s): cpu = 00:00:16 ; elapsed = 00:00:17 . Memory (MB): peak = 3028.668 ; gain = 1428.883 ; free physical = 825850 ; free virtual = 1207729
INFO: [IP_Flow 19-234] Refreshing IP repositories
INFO: [IP_Flow 19-1700] Loaded user IP repository '/home/sg9109/Documents/hls-design/ntt-asic/impl/ip'.
INFO: [IP_Flow 19-2313] Loaded Vivado IP repository '/eda/xilinx/Vivado/2023.2/data/ip'.
Command: opt_design
Attempting to get a license for feature 'Implementation' and/or device 'xck26'
INFO: [Common 17-349] Got license for feature 'Implementation' and/or device 'xck26'
Running DRC as a precondition to command opt_design

Starting DRC Task
INFO: [DRC 23-27] Running DRC with 8 threads
INFO: [Project 1-461] DRC finished with 0 Errors
INFO: [Project 1-462] Please refer to the DRC report (report_drc) for more information.

Time (s): cpu = 00:00:02 ; elapsed = 00:00:02 . Memory (MB): peak = 3117.445 ; gain = 85.844 ; free physical = 825850 ; free virtual = 1207729

Starting Cache Timing Information Task
Ending Cache Timing Information Task | Checksum: a90b5e4a

Time (s): cpu = 00:00:00.03 ; elapsed = 00:00:00.02 . Memory (MB): peak = 3117.445 ; gain = 0.000 ; free physical = 825844 ; free virtual = 1207723

Starting Logic Optimization Task

Phase 1 Initialization

Phase 1.1 Core Generation And Design Setup
Phase 1.1 Core Generation And Design Setup | Checksum: a90b5e4a

Time (s): cpu = 00:00:00 ; elapsed = 00:00:00 . Memory (MB): peak = 3366.328 ; gain = 0.000 ; free physical = 825555 ; free virtual = 1207435

Phase 1.2 Setup Constraints And Sort Netlist
Phase 1.2 Setup Constraints And Sort Netlist | Checksum: a90b5e4a

Time (s): cpu = 00:00:00 ; elapsed = 00:00:00.01 . Memory (MB): peak = 3366.328 ; gain = 0.000 ; free physical = 825555 ; free virtual = 1207435
Phase 1 Initialization | Checksum: a90b5e4a

Time (s): cpu = 00:00:00.01 ; elapsed = 00:00:00.01 . Memory (MB): peak = 3366.328 ; gain = 0.000 ; free physical = 825555 ; free virtual = 1207435

Phase 2 Timer Update And Timing Data Collection

Phase 2.1 Timer Update
Phase 2.1 Timer Update | Checksum: a90b5e4a

Time (s): cpu = 00:00:00.6 ; elapsed = 00:00:00.17 . Memory (MB): peak = 3366.328 ; gain = 0.000 ; free physical = 825553 ; free virtual = 1207432

Phase 2.2 Timing Data Collection
Phase 2.2 Timing Data Collection | Checksum: a90b5e4a

Time (s): cpu = 00:00:00.62 ; elapsed = 00:00:00.19 . Memory (MB): peak = 3366.328 ; gain = 0.000 ; free physical = 825550 ; free virtual = 1207430
Phase 2 Timer Update And Timing Data Collection | Checksum: a90b5e4a

Time (s): cpu = 00:00:00.62 ; elapsed = 00:00:00.19 . Memory (MB): peak = 3366.328 ; gain = 0.000 ; free physical = 825550 ; free virtual = 1207430

Phase 3 Retarget
INFO: [Opt 31-138] Pushed 1 inverter(s) to 2867 load pin(s).
INFO: [Opt 31-49] Retargeted 0 cell(s).
Phase 3 Retarget | Checksum: 1505d3332

Time (s): cpu = 00:00:01 ; elapsed = 00:00:00.56 . Memory (MB): peak = 3390.340 ; gain = 24.012 ; free physical = 825551 ; free virtual = 1207431
Retarget | Checksum: 1505d3332
INFO: [Opt 31-389] Phase Retarget created 0 cells and removed 1 cells

Phase 4 Constant propagation
INFO: [Opt 31-138] Pushed 0 inverter(s) to 0 load pin(s).
Phase 4 Constant propagation | Checksum: 161cf5647

Time (s): cpu = 00:00:01 ; elapsed = 00:00:00.61 . Memory (MB): peak = 3390.340 ; gain = 24.012 ; free physical = 825552 ; free virtual = 1207431
Constant propagation | Checksum: 161cf5647
INFO: [Opt 31-389] Phase Constant propagation created 0 cells and removed 0 cells

Phase 5 Sweep
Phase 5 Sweep | Checksum: fc53d4d3

Time (s): cpu = 00:00:01 ; elapsed = 00:00:00.72 . Memory (MB): peak = 3390.340 ; gain = 24.012 ; free physical = 825552 ; free virtual = 1207432
Sweep | Checksum: fc53d4d3
INFO: [Opt 31-389] Phase Sweep created 0 cells and removed 0 cells

Phase 6 BUFG optimization
INFO: [Opt 31-1077] Phase BUFG optimization inserted 0 global clock buffer(s) for CLOCK_LOW_FANOUT.
Phase 6 BUFG optimization | Checksum: fc53d4d3

Time (s): cpu = 00:00:01 ; elapsed = 00:00:00.75 . Memory (MB): peak = 3422.355 ; gain = 56.027 ; free physical = 825552 ; free virtual = 1207432
BUFG optimization | Checksum: fc53d4d3
INFO: [Opt 31-662] Phase BUFG optimization created 0 cells of which 0 are BUFGs and removed 0 cells.

Phase 7 Shift Register Optimization
WARNING: [Opt 31-1131] Can not pull register out from bd_0_i/hls_inst/inst/gmem0_m_axi_U/bus_read/fifo_burst/U_fifo_srl/mem_reg[14][0]_srl15 due to none static srl address bits
WARNING: [Opt 31-1131] Can not pull register out from bd_0_i/hls_inst/inst/gmem0_m_axi_U/bus_write/fifo_burst/U_fifo_srl/mem_reg[14][0]_srl15 due to none static srl address bits
WARNING: [Opt 31-1131] Can not pull register out from bd_0_i/hls_inst/inst/gmem0_m_axi_U/bus_write/fifo_burst/U_fifo_srl/mem_reg[14][1]_srl15 due to none static srl address bits
WARNING: [Opt 31-1131] Can not pull register out from bd_0_i/hls_inst/inst/gmem0_m_axi_U/bus_write/fifo_burst/U_fifo_srl/mem_reg[14][2]_srl15 due to none static srl address bits
WARNING: [Opt 31-1131] Can not pull register out from bd_0_i/hls_inst/inst/gmem0_m_axi_U/bus_write/fifo_burst/U_fifo_srl/mem_reg[14][3]_srl15 due to none static srl address bits
WARNING: [Opt 31-1131] Can not pull register out from bd_0_i/hls_inst/inst/gmem0_m_axi_U/bus_write/fifo_resp/U_fifo_srl/mem_reg[14][0]_srl15 due to none static srl address bits
WARNING: [Opt 31-1131] Can not pull register out from bd_0_i/hls_inst/inst/gmem0_m_axi_U/load_unit/fifo_rreq/U_fifo_srl/mem_reg[5][0]_srl6 due to none static srl address bits
WARNING: [Opt 31-1131] Can not pull register out from bd_0_i/hls_inst/inst/gmem0_m_axi_U/load_unit/fifo_rreq/U_fifo_srl/mem_reg[5][10]_srl6 due to none static srl address bits
WARNING: [Opt 31-1131] Can not pull register out from bd_0_i/hls_inst/inst/gmem0_m_axi_U/load_unit/fifo_rreq/U_fifo_srl/mem_reg[5][11]_srl6 due to none static srl address bits
WARNING: [Opt 31-1131] Can not pull register out from bd_0_i/hls_inst/inst/gmem0_m_axi_U/load_unit/fifo_rreq/U_fifo_srl/mem_reg[5][12]_srl6 due to none static srl address bits
WARNING: [Opt 31-1131] Can not pull register out from bd_0_i/hls_inst/inst/gmem0_m_axi_U/load_unit/fifo_rreq/U_fifo_srl/mem_reg[5][13]_srl6 due to none static srl address bits
WARNING: [Opt 31-1131] Can not pull register out from bd_0_i/hls_inst/inst/gmem0_m_axi_U/load_unit/fifo_rreq/U_fifo_srl/mem_reg[5][14]_srl6 due to none static srl address bits
WARNING: [Opt 31-1131] Can not pull register out from bd_0_i/hls_inst/inst/gmem0_m_axi_U/load_unit/fifo_rreq/U_fifo_srl/mem_reg[5][15]_srl6 due to none static srl address bits
WARNING: [Opt 31-1131] Can not pull register out from bd_0_i/hls_inst/inst/gmem0_m_axi_U/load_unit/fifo_rreq/U_fifo_srl/mem_reg[5][16]_srl6 due to none static srl address bits
WARNING: [Opt 31-1131] Can not pull register out from bd_0_i/hls_inst/inst/gmem0_m_axi_U/load_unit/fifo_rreq/U_fifo_srl/mem_reg[5][17]_srl6 due to none static srl address bits
WARNING: [Opt 31-1131] Can not pull register out from bd_0_i/hls_inst/inst/gmem0_m_axi_U/load_unit/fifo_rreq/U_fifo_srl/mem_reg[5][18]_srl6 due to none static srl address bits
WARNING: [Opt 31-1131] Can not pull register out from bd_0_i/hls_inst/inst/gmem0_m_axi_U/load_unit/fifo_rreq/U_fifo_srl/mem_reg[5][19]_srl6 due to none static srl address bits
WARNING: [Opt 31-1131] Can not pull register out from bd_0_i/hls_inst/inst/gmem0_m_axi_U/load_unit/fifo_rreq/U_fifo_srl/mem_reg[5][1]_srl6 due to none static srl address bits
WARNING: [Opt 31-1131] Can not pull register out from bd_0_i/hls_inst/inst/gmem0_m_axi_U/load_unit/fifo_rreq/U_fifo_srl/mem_reg[5][20]_srl6 due to none static srl address bits
WARNING: [Opt 31-1131] Can not pull register out from bd_0_i/hls_inst/inst/gmem0_m_axi_U/load_unit/fifo_rreq/U_fifo_srl/mem_reg[5][21]_srl6 due to none static srl address bits
WARNING: [Opt 31-1131] Can not pull register out from bd_0_i/hls_inst/inst/gmem0_m_axi_U/load_unit/fifo_rreq/U_fifo_srl/mem_reg[5][22]_srl6 due to none static srl address bits
WARNING: [Opt 31-1131] Can not pull register out from bd_0_i/hls_inst/inst/gmem0_m_axi_U/load_unit/fifo_rreq/U_fifo_srl/mem_reg[5][23]_srl6 due to none static srl address bits
WARNING: [Opt 31-1131] Can not pull register out from bd_0_i/hls_inst/inst/gmem0_m_axi_U/load_unit/fifo_rreq/U_fifo_srl/mem_reg[5][24]_srl6 due to none static srl address bits
WARNING: [Opt 31-1131] Can not pull register out from bd_0_i/hls_inst/inst/gmem0_m_axi_U/load_unit/fifo_rreq/U_fifo_srl/mem_reg[5][25]_srl6 due to none static srl address bits
WARNING: [Opt 31-1131] Can not pull register out from bd_0_i/hls_inst/inst/gmem0_m_axi_U/load_unit/fifo_rreq/U_fifo_srl/mem_reg[5][26]_srl6 due to none static srl address bits
WARNING: [Opt 31-1131] Can not pull register out from bd_0_i/hls_inst/inst/gmem0_m_axi_U/load_unit/fifo_rreq/U_fifo_srl/mem_reg[5][27]_srl6 due to none static srl address bits
WARNING: [Opt 31-1131] Can not pull register out from bd_0_i/hls_inst/inst/gmem0_m_axi_U/load_unit/fifo_rreq/U_fifo_srl/mem_reg[5][28]_srl6 due to none static srl address bits
WARNING: [Opt 31-1131] Can not pull register out from bd_0_i/hls_inst/inst/gmem0_m_axi_U/load_unit/fifo_rreq/U_fifo_srl/mem_reg[5][29]_srl6 due to none static srl address bits
WARNING: [Opt 31-1131] Can not pull register out from bd_0_i/hls_inst/inst/gmem0_m_axi_U/load_unit/fifo_rreq/U_fifo_srl/mem_reg[5][2]_srl6 due to none static srl address bits
WARNING: [Opt 31-1131] Can not pull register out from bd_0_i/hls_inst/inst/gmem0_m_axi_U/load_unit/fifo_rreq/U_fifo_srl/mem_reg[5][30]_srl6 due to none static srl address bits
WARNING: [Opt 31-1131] Can not pull register out from bd_0_i/hls_inst/inst/gmem0_m_axi_U/load_unit/fifo_rreq/U_fifo_srl/mem_reg[5][31]_srl6 due to none static srl address bits
WARNING: [Opt 31-1131] Can not pull register out from bd_0_i/hls_inst/inst/gmem0_m_axi_U/load_unit/fifo_rreq/U_fifo_srl/mem_reg[5][32]_srl6 due to none static srl address bits
WARNING: [Opt 31-1131] Can not pull register out from bd_0_i/hls_inst/inst/gmem0_m_axi_U/load_unit/fifo_rreq/U_fifo_srl/mem_reg[5][33]_srl6 due to none static srl address bits
WARNING: [Opt 31-1131] Can not pull register out from bd_0_i/hls_inst/inst/gmem0_m_axi_U/load_unit/fifo_rreq/U_fifo_srl/mem_reg[5][34]_srl6 due to none static srl address bits
WARNING: [Opt 31-1131] Can not pull register out from bd_0_i/hls_inst/inst/gmem0_m_axi_U/load_unit/fifo_rreq/U_fifo_srl/mem_reg[5][35]_srl6 due to none static srl address bits
WARNING: [Opt 31-1131] Can not pull register out from bd_0_i/hls_inst/inst/gmem0_m_axi_U/load_unit/fifo_rreq/U_fifo_srl/mem_reg[5][36]_srl6 due to none static srl address bits
WARNING: [Opt 31-1131] Can not pull register out from bd_0_i/hls_inst/inst/gmem0_m_axi_U/load_unit/fifo_rreq/U_fifo_srl/mem_reg[5][37]_srl6 due to none static srl address bits
WARNING: [Opt 31-1131] Can not pull register out from bd_0_i/hls_inst/inst/gmem0_m_axi_U/load_unit/fifo_rreq/U_fifo_srl/mem_reg[5][38]_srl6 due to none static srl address bits
WARNING: [Opt 31-1131] Can not pull register out from bd_0_i/hls_inst/inst/gmem0_m_axi_U/load_unit/fifo_rreq/U_fifo_srl/mem_reg[5][39]_srl6 due to none static srl address bits
WARNING: [Opt 31-1131] Can not pull register out from bd_0_i/hls_inst/inst/gmem0_m_axi_U/load_unit/fifo_rreq/U_fifo_srl/mem_reg[5][3]_srl6 due to none static srl address bits
WARNING: [Opt 31-1131] Can not pull register out from bd_0_i/hls_inst/inst/gmem0_m_axi_U/load_unit/fifo_rreq/U_fifo_srl/mem_reg[5][40]_srl6 due to none static srl address bits
WARNING: [Opt 31-1131] Can not pull register out from bd_0_i/hls_inst/inst/gmem0_m_axi_U/load_unit/fifo_rreq/U_fifo_srl/mem_reg[5][41]_srl6 due to none static srl address bits
WARNING: [Opt 31-1131] Can not pull register out from bd_0_i/hls_inst/inst/gmem0_m_axi_U/load_unit/fifo_rreq/U_fifo_srl/mem_reg[5][42]_srl6 due to none static srl address bits
WARNING: [Opt 31-1131] Can not pull register out from bd_0_i/hls_inst/inst/gmem0_m_axi_U/load_unit/fifo_rreq/U_fifo_srl/mem_reg[5][43]_srl6 due to none static srl address bits
WARNING: [Opt 31-1131] Can not pull register out from bd_0_i/hls_inst/inst/gmem0_m_axi_U/load_unit/fifo_rreq/U_fifo_srl/mem_reg[5][44]_srl6 due to none static srl address bits
WARNING: [Opt 31-1131] Can not pull register out from bd_0_i/hls_inst/inst/gmem0_m_axi_U/load_unit/fifo_rreq/U_fifo_srl/mem_reg[5][45]_srl6 due to none static srl address bits
WARNING: [Opt 31-1131] Can not pull register out from bd_0_i/hls_inst/inst/gmem0_m_axi_U/load_unit/fifo_rreq/U_fifo_srl/mem_reg[5][46]_srl6 due to none static srl address bits
WARNING: [Opt 31-1131] Can not pull register out from bd_0_i/hls_inst/inst/gmem0_m_axi_U/load_unit/fifo_rreq/U_fifo_srl/mem_reg[5][47]_srl6 due to none static srl address bits
WARNING: [Opt 31-1131] Can not pull register out from bd_0_i/hls_inst/inst/gmem0_m_axi_U/load_unit/fifo_rreq/U_fifo_srl/mem_reg[5][48]_srl6 due to none static srl address bits
WARNING: [Opt 31-1131] Can not pull register out from bd_0_i/hls_inst/inst/gmem0_m_axi_U/load_unit/fifo_rreq/U_fifo_srl/mem_reg[5][49]_srl6 due to none static srl address bits
WARNING: [Opt 31-1131] Can not pull register out from bd_0_i/hls_inst/inst/gmem0_m_axi_U/load_unit/fifo_rreq/U_fifo_srl/mem_reg[5][4]_srl6 due to none static srl address bits
WARNING: [Opt 31-1131] Can not pull register out from bd_0_i/hls_inst/inst/gmem0_m_axi_U/load_unit/fifo_rreq/U_fifo_srl/mem_reg[5][50]_srl6 due to none static srl address bits
WARNING: [Opt 31-1131] Can not pull register out from bd_0_i/hls_inst/inst/gmem0_m_axi_U/load_unit/fifo_rreq/U_fifo_srl/mem_reg[5][51]_srl6 due to none static srl address bits
WARNING: [Opt 31-1131] Can not pull register out from bd_0_i/hls_inst/inst/gmem0_m_axi_U/load_unit/fifo_rreq/U_fifo_srl/mem_reg[5][52]_srl6 due to none static srl address bits
WARNING: [Opt 31-1131] Can not pull register out from bd_0_i/hls_inst/inst/gmem0_m_axi_U/load_unit/fifo_rreq/U_fifo_srl/mem_reg[5][53]_srl6 due to none static srl address bits
WARNING: [Opt 31-1131] Can not pull register out from bd_0_i/hls_inst/inst/gmem0_m_axi_U/load_unit/fifo_rreq/U_fifo_srl/mem_reg[5][54]_srl6 due to none static srl address bits
WARNING: [Opt 31-1131] Can not pull register out from bd_0_i/hls_inst/inst/gmem0_m_axi_U/load_unit/fifo_rreq/U_fifo_srl/mem_reg[5][55]_srl6 due to none static srl address bits
WARNING: [Opt 31-1131] Can not pull register out from bd_0_i/hls_inst/inst/gmem0_m_axi_U/load_unit/fifo_rreq/U_fifo_srl/mem_reg[5][56]_srl6 due to none static srl address bits
WARNING: [Opt 31-1131] Can not pull register out from bd_0_i/hls_inst/inst/gmem0_m_axi_U/load_unit/fifo_rreq/U_fifo_srl/mem_reg[5][57]_srl6 due to none static srl address bits
WARNING: [Opt 31-1131] Can not pull register out from bd_0_i/hls_inst/inst/gmem0_m_axi_U/load_unit/fifo_rreq/U_fifo_srl/mem_reg[5][58]_srl6 due to none static srl address bits
WARNING: [Opt 31-1131] Can not pull register out from bd_0_i/hls_inst/inst/gmem0_m_axi_U/load_unit/fifo_rreq/U_fifo_srl/mem_reg[5][59]_srl6 due to none static srl address bits
WARNING: [Opt 31-1131] Can not pull register out from bd_0_i/hls_inst/inst/gmem0_m_axi_U/load_unit/fifo_rreq/U_fifo_srl/mem_reg[5][5]_srl6 due to none static srl address bits
WARNING: [Opt 31-1131] Can not pull register out from bd_0_i/hls_inst/inst/gmem0_m_axi_U/load_unit/fifo_rreq/U_fifo_srl/mem_reg[5][60]_srl6 due to none static srl address bits
WARNING: [Opt 31-1131] Can not pull register out from bd_0_i/hls_inst/inst/gmem0_m_axi_U/load_unit/fifo_rreq/U_fifo_srl/mem_reg[5][61]_srl6 due to none static srl address bits
WARNING: [Opt 31-1131] Can not pull register out from bd_0_i/hls_inst/inst/gmem0_m_axi_U/load_unit/fifo_rreq/U_fifo_srl/mem_reg[5][64]_srl6 due to none static srl address bits
WARNING: [Opt 31-1131] Can not pull register out from bd_0_i/hls_inst/inst/gmem0_m_axi_U/load_unit/fifo_rreq/U_fifo_srl/mem_reg[5][65]_srl6 due to none static srl address bits
WARNING: [Opt 31-1131] Can not pull register out from bd_0_i/hls_inst/inst/gmem0_m_axi_U/load_unit/fifo_rreq/U_fifo_srl/mem_reg[5][66]_srl6 due to none static srl address bits
WARNING: [Opt 31-1131] Can not pull register out from bd_0_i/hls_inst/inst/gmem0_m_axi_U/load_unit/fifo_rreq/U_fifo_srl/mem_reg[5][67]_srl6 due to none static srl address bits
WARNING: [Opt 31-1131] Can not pull register out from bd_0_i/hls_inst/inst/gmem0_m_axi_U/load_unit/fifo_rreq/U_fifo_srl/mem_reg[5][68]_srl6 due to none static srl address bits
WARNING: [Opt 31-1131] Can not pull register out from bd_0_i/hls_inst/inst/gmem0_m_axi_U/load_unit/fifo_rreq/U_fifo_srl/mem_reg[5][69]_srl6 due to none static srl address bits
WARNING: [Opt 31-1131] Can not pull register out from bd_0_i/hls_inst/inst/gmem0_m_axi_U/load_unit/fifo_rreq/U_fifo_srl/mem_reg[5][6]_srl6 due to none static srl address bits
WARNING: [Opt 31-1131] Can not pull register out from bd_0_i/hls_inst/inst/gmem0_m_axi_U/load_unit/fifo_rreq/U_fifo_srl/mem_reg[5][70]_srl6 due to none static srl address bits
WARNING: [Opt 31-1131] Can not pull register out from bd_0_i/hls_inst/inst/gmem0_m_axi_U/load_unit/fifo_rreq/U_fifo_srl/mem_reg[5][71]_srl6 due to none static srl address bits
WARNING: [Opt 31-1131] Can not pull register out from bd_0_i/hls_inst/inst/gmem0_m_axi_U/load_unit/fifo_rreq/U_fifo_srl/mem_reg[5][72]_srl6 due to none static srl address bits
WARNING: [Opt 31-1131] Can not pull register out from bd_0_i/hls_inst/inst/gmem0_m_axi_U/load_unit/fifo_rreq/U_fifo_srl/mem_reg[5][73]_srl6 due to none static srl address bits
WARNING: [Opt 31-1131] Can not pull register out from bd_0_i/hls_inst/inst/gmem0_m_axi_U/load_unit/fifo_rreq/U_fifo_srl/mem_reg[5][74]_srl6 due to none static srl address bits
WARNING: [Opt 31-1131] Can not pull register out from bd_0_i/hls_inst/inst/gmem0_m_axi_U/load_unit/fifo_rreq/U_fifo_srl/mem_reg[5][75]_srl6 due to none static srl address bits
WARNING: [Opt 31-1131] Can not pull register out from bd_0_i/hls_inst/inst/gmem0_m_axi_U/load_unit/fifo_rreq/U_fifo_srl/mem_reg[5][76]_srl6 due to none static srl address bits
WARNING: [Opt 31-1131] Can not pull register out from bd_0_i/hls_inst/inst/gmem0_m_axi_U/load_unit/fifo_rreq/U_fifo_srl/mem_reg[5][77]_srl6 due to none static srl address bits
WARNING: [Opt 31-1131] Can not pull register out from bd_0_i/hls_inst/inst/gmem0_m_axi_U/load_unit/fifo_rreq/U_fifo_srl/mem_reg[5][78]_srl6 due to none static srl address bits
WARNING: [Opt 31-1131] Can not pull register out from bd_0_i/hls_inst/inst/gmem0_m_axi_U/load_unit/fifo_rreq/U_fifo_srl/mem_reg[5][79]_srl6 due to none static srl address bits
WARNING: [Opt 31-1131] Can not pull register out from bd_0_i/hls_inst/inst/gmem0_m_axi_U/load_unit/fifo_rreq/U_fifo_srl/mem_reg[5][7]_srl6 due to none static srl address bits
WARNING: [Opt 31-1131] Can not pull register out from bd_0_i/hls_inst/inst/gmem0_m_axi_U/load_unit/fifo_rreq/U_fifo_srl/mem_reg[5][80]_srl6 due to none static srl address bits
WARNING: [Opt 31-1131] Can not pull register out from bd_0_i/hls_inst/inst/gmem0_m_axi_U/load_unit/fifo_rreq/U_fifo_srl/mem_reg[5][81]_srl6 due to none static srl address bits
WARNING: [Opt 31-1131] Can not pull register out from bd_0_i/hls_inst/inst/gmem0_m_axi_U/load_unit/fifo_rreq/U_fifo_srl/mem_reg[5][82]_srl6 due to none static srl address bits
WARNING: [Opt 31-1131] Can not pull register out from bd_0_i/hls_inst/inst/gmem0_m_axi_U/load_unit/fifo_rreq/U_fifo_srl/mem_reg[5][83]_srl6 due to none static srl address bits
WARNING: [Opt 31-1131] Can not pull register out from bd_0_i/hls_inst/inst/gmem0_m_axi_U/load_unit/fifo_rreq/U_fifo_srl/mem_reg[5][84]_srl6 due to none static srl address bits
WARNING: [Opt 31-1131] Can not pull register out from bd_0_i/hls_inst/inst/gmem0_m_axi_U/load_unit/fifo_rreq/U_fifo_srl/mem_reg[5][85]_srl6 due to none static srl address bits
WARNING: [Opt 31-1131] Can not pull register out from bd_0_i/hls_inst/inst/gmem0_m_axi_U/load_unit/fifo_rreq/U_fifo_srl/mem_reg[5][86]_srl6 due to none static srl address bits
WARNING: [Opt 31-1131] Can not pull register out from bd_0_i/hls_inst/inst/gmem0_m_axi_U/load_unit/fifo_rreq/U_fifo_srl/mem_reg[5][87]_srl6 due to none static srl address bits
WARNING: [Opt 31-1131] Can not pull register out from bd_0_i/hls_inst/inst/gmem0_m_axi_U/load_unit/fifo_rreq/U_fifo_srl/mem_reg[5][88]_srl6 due to none static srl address bits
WARNING: [Opt 31-1131] Can not pull register out from bd_0_i/hls_inst/inst/gmem0_m_axi_U/load_unit/fifo_rreq/U_fifo_srl/mem_reg[5][89]_srl6 due to none static srl address bits
WARNING: [Opt 31-1131] Can not pull register out from bd_0_i/hls_inst/inst/gmem0_m_axi_U/load_unit/fifo_rreq/U_fifo_srl/mem_reg[5][8]_srl6 due to none static srl address bits
WARNING: [Opt 31-1131] Can not pull register out from bd_0_i/hls_inst/inst/gmem0_m_axi_U/load_unit/fifo_rreq/U_fifo_srl/mem_reg[5][90]_srl6 due to none static srl address bits
WARNING: [Opt 31-1131] Can not pull register out from bd_0_i/hls_inst/inst/gmem0_m_axi_U/load_unit/fifo_rreq/U_fifo_srl/mem_reg[5][91]_srl6 due to none static srl address bits
WARNING: [Opt 31-1131] Can not pull register out from bd_0_i/hls_inst/inst/gmem0_m_axi_U/load_unit/fifo_rreq/U_fifo_srl/mem_reg[5][92]_srl6 due to none static srl address bits
WARNING: [Opt 31-1131] Can not pull register out from bd_0_i/hls_inst/inst/gmem0_m_axi_U/load_unit/fifo_rreq/U_fifo_srl/mem_reg[5][93]_srl6 due to none static srl address bits
WARNING: [Opt 31-1131] Can not pull register out from bd_0_i/hls_inst/inst/gmem0_m_axi_U/load_unit/fifo_rreq/U_fifo_srl/mem_reg[5][94]_srl6 due to none static srl address bits
WARNING: [Opt 31-1131] Can not pull register out from bd_0_i/hls_inst/inst/gmem0_m_axi_U/load_unit/fifo_rreq/U_fifo_srl/mem_reg[5][95]_srl6 due to none static srl address bits
WARNING: [Opt 31-1131] Can not pull register out from bd_0_i/hls_inst/inst/gmem0_m_axi_U/load_unit/fifo_rreq/U_fifo_srl/mem_reg[5][9]_srl6 due to none static srl address bits
INFO: [Common 17-14] Message 'Opt 31-1131' appears 100 times and further instances of the messages will be disabled. Use the Tcl command set_msg_config to change the current settings.
INFO: [Opt 31-1064] SRL Remap converted 0 SRLs to 0 registers and converted 0 registers of register chains to 0 SRLs
Phase 7 Shift Register Optimization | Checksum: fc53d4d3

Time (s): cpu = 00:00:01 ; elapsed = 00:00:00.77 . Memory (MB): peak = 3422.355 ; gain = 56.027 ; free physical = 825551 ; free virtual = 1207430
Shift Register Optimization | Checksum: fc53d4d3
INFO: [Opt 31-389] Phase Shift Register Optimization created 0 cells and removed 0 cells

Phase 8 Post Processing Netlist
Phase 8 Post Processing Netlist | Checksum: fc53d4d3

Time (s): cpu = 00:00:01 ; elapsed = 00:00:00.8 . Memory (MB): peak = 3422.355 ; gain = 56.027 ; free physical = 825551 ; free virtual = 1207431
Post Processing Netlist | Checksum: fc53d4d3
INFO: [Opt 31-389] Phase Post Processing Netlist created 0 cells and removed 0 cells

Phase 9 Finalization

Phase 9.1 Finalizing Design Cores and Updating Shapes
Phase 9.1 Finalizing Design Cores and Updating Shapes | Checksum: 54811b34

Time (s): cpu = 00:00:02 ; elapsed = 00:00:00.98 . Memory (MB): peak = 3422.355 ; gain = 56.027 ; free physical = 825549 ; free virtual = 1207429

Phase 9.2 Verifying Netlist Connectivity

Starting Connectivity Check Task

Time (s): cpu = 00:00:00.01 ; elapsed = 00:00:00.01 . Memory (MB): peak = 3422.355 ; gain = 0.000 ; free physical = 825549 ; free virtual = 1207429
Phase 9.2 Verifying Netlist Connectivity | Checksum: 54811b34

Time (s): cpu = 00:00:02 ; elapsed = 00:00:01 . Memory (MB): peak = 3422.355 ; gain = 56.027 ; free physical = 825549 ; free virtual = 1207429
Phase 9 Finalization | Checksum: 54811b34

Time (s): cpu = 00:00:02 ; elapsed = 00:00:01 . Memory (MB): peak = 3422.355 ; gain = 56.027 ; free physical = 825549 ; free virtual = 1207429
Opt_design Change Summary
=========================


-------------------------------------------------------------------------------------------------------------------------
|  Phase                        |  #Cells created  |  #Cells Removed  |  #Constrained objects preventing optimizations  |
-------------------------------------------------------------------------------------------------------------------------
|  Retarget                     |               0  |               1  |                                              0  |
|  Constant propagation         |               0  |               0  |                                              0  |
|  Sweep                        |               0  |               0  |                                              0  |
|  BUFG optimization            |               0  |               0  |                                              0  |
|  Shift Register Optimization  |               0  |               0  |                                              0  |
|  Post Processing Netlist      |               0  |               0  |                                              0  |
-------------------------------------------------------------------------------------------------------------------------


Ending Logic Optimization Task | Checksum: 54811b34

Time (s): cpu = 00:00:02 ; elapsed = 00:00:01 . Memory (MB): peak = 3422.355 ; gain = 56.027 ; free physical = 825549 ; free virtual = 1207429
INFO: [Constraints 18-11670] Building netlist checker database with flags, 0x8
Done building netlist checker database: Time (s): cpu = 00:00:00.01 ; elapsed = 00:00:00.01 . Memory (MB): peak = 3422.355 ; gain = 0.000 ; free physical = 825549 ; free virtual = 1207429

Starting Power Optimization Task
INFO: [Pwropt 34-132] Skipping clock gating for clocks with a period < 2.00 ns.
INFO: [Pwropt 34-9] Applying IDT optimizations ...
INFO: [Timing 38-35] Done setting XDC timing constraints.
INFO: [Pwropt 34-10] Applying ODC optimizations ...
Running Vector-less Activity Propagation...

Finished Running Vector-less Activity Propagation


Starting PowerOpt Patch Enables Task
INFO: [Pwropt 34-162] WRITE_MODE attribute of 0 BRAM(s) out of a total of 18 has been updated to save power. Run report_power_opt to get a complete listing of the BRAMs updated.
INFO: [Pwropt 34-201] Structural ODC has moved 1 WE to EN ports
Number of BRAM Ports augmented: 0 newly gated: 4 Total Ports: 36
Ending PowerOpt Patch Enables Task | Checksum: 75358494

Time (s): cpu = 00:00:00.09 ; elapsed = 00:00:00.09 . Memory (MB): peak = 4167.473 ; gain = 0.000 ; free physical = 824645 ; free virtual = 1206528
Ending Power Optimization Task | Checksum: 75358494

Time (s): cpu = 00:00:12 ; elapsed = 00:00:09 . Memory (MB): peak = 4167.473 ; gain = 745.117 ; free physical = 824640 ; free virtual = 1206523

Starting Final Cleanup Task
Ending Final Cleanup Task | Checksum: 75358494

Time (s): cpu = 00:00:00 ; elapsed = 00:00:00 . Memory (MB): peak = 4167.473 ; gain = 0.000 ; free physical = 824640 ; free virtual = 1206523

Starting Netlist Obfuscation Task
Netlist sorting complete. Time (s): cpu = 00:00:00 ; elapsed = 00:00:00 . Memory (MB): peak = 4167.473 ; gain = 0.000 ; free physical = 824640 ; free virtual = 1206523
Ending Netlist Obfuscation Task | Checksum: 50a17ffa

Time (s): cpu = 00:00:00 ; elapsed = 00:00:00.01 . Memory (MB): peak = 4167.473 ; gain = 0.000 ; free physical = 824640 ; free virtual = 1206523
INFO: [Common 17-83] Releasing license: Implementation
38 Infos, 100 Warnings, 0 Critical Warnings and 0 Errors encountered.
opt_design completed successfully
opt_design: Time (s): cpu = 00:00:18 ; elapsed = 00:00:14 . Memory (MB): peak = 4167.473 ; gain = 1138.805 ; free physical = 824640 ; free virtual = 1206523
INFO: [runtcl-4] Executing : report_drc -file bd_0_wrapper_drc_opted.rpt -pb bd_0_wrapper_drc_opted.pb -rpx bd_0_wrapper_drc_opted.rpx
Command: report_drc -file bd_0_wrapper_drc_opted.rpt -pb bd_0_wrapper_drc_opted.pb -rpx bd_0_wrapper_drc_opted.rpx
INFO: [IP_Flow 19-1839] IP Catalog is up to date.
INFO: [Timing 38-35] Done setting XDC timing constraints.
WARNING: [Timing 38-242] The property HD.CLK_SRC of clock port "ap_clk" is not set. In out-of-context mode, this prevents timing estimation for clock delay/skew
Resolution: Set the HD.CLK_SRC property of the out-of-context port to the location of the clock buffer instance in the top-level design
INFO: [DRC 23-27] Running DRC with 8 threads
INFO: [Vivado_Tcl 2-168] The results of DRC are in file /home/sg9109/Documents/hls-design/ntt-asic/impl/verilog/project.runs/impl_1/bd_0_wrapper_drc_opted.rpt.
report_drc completed successfully
report_drc: Time (s): cpu = 00:00:20 ; elapsed = 00:00:15 . Memory (MB): peak = 4792.594 ; gain = 625.121 ; free physical = 824362 ; free virtual = 1206248
INFO: [Timing 38-480] Writing timing data to binary archive.
Write ShapeDB Complete: Time (s): cpu = 00:00:00.08 ; elapsed = 00:00:00.02 . Memory (MB): peak = 4792.594 ; gain = 0.000 ; free physical = 824361 ; free virtual = 1206248
INFO: [Common 17-1381] The checkpoint '/home/sg9109/Documents/hls-design/ntt-asic/impl/verilog/project.runs/impl_1/bd_0_wrapper_opt.dcp' has been generated.
Command: place_design
Attempting to get a license for feature 'Implementation' and/or device 'xck26'
INFO: [Common 17-349] Got license for feature 'Implementation' and/or device 'xck26'
INFO: [Common 17-83] Releasing license: Implementation
INFO: [DRC 23-27] Running DRC with 8 threads
INFO: [Vivado_Tcl 4-198] DRC finished with 0 Errors
INFO: [Vivado_Tcl 4-199] Please refer to the DRC report (report_drc) for more information.
Running DRC as a precondition to command place_design
INFO: [DRC 23-27] Running DRC with 8 threads
INFO: [Vivado_Tcl 4-198] DRC finished with 0 Errors
INFO: [Vivado_Tcl 4-199] Please refer to the DRC report (report_drc) for more information.
INFO: [Place 30-611] Multithreading enabled for place_design using a maximum of 8 CPUs

Starting Placer Task

Phase 1 Placer Initialization

Phase 1.1 Placer Initialization Netlist Sorting
Netlist sorting complete. Time (s): cpu = 00:00:00 ; elapsed = 00:00:00 . Memory (MB): peak = 4792.594 ; gain = 0.000 ; free physical = 824497 ; free virtual = 1206397
Phase 1.1 Placer Initialization Netlist Sorting | Checksum: 2d25cc4a

Time (s): cpu = 00:00:00.01 ; elapsed = 00:00:00.02 . Memory (MB): peak = 4792.594 ; gain = 0.000 ; free physical = 824497 ; free virtual = 1206397
Netlist sorting complete. Time (s): cpu = 00:00:00 ; elapsed = 00:00:00 . Memory (MB): peak = 4792.594 ; gain = 0.000 ; free physical = 824497 ; free virtual = 1206397

Phase 1.2 IO Placement/ Clock Placement/ Build Placer Device
Phase 1.2 IO Placement/ Clock Placement/ Build Placer Device | Checksum: acd20d90

Time (s): cpu = 00:00:02 ; elapsed = 00:00:00.69 . Memory (MB): peak = 4792.594 ; gain = 0.000 ; free physical = 824488 ; free virtual = 1206396

Phase 1.3 Build Placer Netlist Model
Phase 1.3 Build Placer Netlist Model | Checksum: 1756daf5f

Time (s): cpu = 00:00:05 ; elapsed = 00:00:02 . Memory (MB): peak = 4792.594 ; gain = 0.000 ; free physical = 824486 ; free virtual = 1206400

Phase 1.4 Constrain Clocks/Macros
Phase 1.4 Constrain Clocks/Macros | Checksum: 1756daf5f

Time (s): cpu = 00:00:05 ; elapsed = 00:00:02 . Memory (MB): peak = 4792.594 ; gain = 0.000 ; free physical = 824485 ; free virtual = 1206399
Phase 1 Placer Initialization | Checksum: 1756daf5f

Time (s): cpu = 00:00:05 ; elapsed = 00:00:02 . Memory (MB): peak = 4792.594 ; gain = 0.000 ; free physical = 824485 ; free virtual = 1206399

Phase 2 Global Placement

Phase 2.1 Floorplanning

Phase 2.1.1 Partition Driven Placement

Phase 2.1.1.1 PBP: Partition Driven Placement
Phase 2.1.1.1 PBP: Partition Driven Placement | Checksum: 170d7e1f4

Time (s): cpu = 00:00:09 ; elapsed = 00:00:04 . Memory (MB): peak = 4792.594 ; gain = 0.000 ; free physical = 824472 ; free virtual = 1206396

Phase 2.1.1.2 PBP: Clock Region Placement
INFO: [Place 30-3164] Check ILP status : ILP-based clock placer is skipped.
Phase 2.1.1.2 PBP: Clock Region Placement | Checksum: 170d7e1f4

Time (s): cpu = 00:00:09 ; elapsed = 00:00:04 . Memory (MB): peak = 4792.594 ; gain = 0.000 ; free physical = 824471 ; free virtual = 1206396

Phase 2.1.1.3 PBP: Compute Congestion
Phase 2.1.1.3 PBP: Compute Congestion | Checksum: 170d7e1f4

Time (s): cpu = 00:00:19 ; elapsed = 00:00:07 . Memory (MB): peak = 5025.578 ; gain = 232.984 ; free physical = 824105 ; free virtual = 1206052

Phase 2.1.1.4 PBP: UpdateTiming
Phase 2.1.1.4 PBP: UpdateTiming | Checksum: 155701644

Time (s): cpu = 00:00:20 ; elapsed = 00:00:07 . Memory (MB): peak = 5057.594 ; gain = 265.000 ; free physical = 824102 ; free virtual = 1206052

Phase 2.1.1.5 PBP: Add part constraints
Phase 2.1.1.5 PBP: Add part constraints | Checksum: 155701644

Time (s): cpu = 00:00:20 ; elapsed = 00:00:07 . Memory (MB): peak = 5057.594 ; gain = 265.000 ; free physical = 824102 ; free virtual = 1206052
Phase 2.1.1 Partition Driven Placement | Checksum: 155701644

Time (s): cpu = 00:00:20 ; elapsed = 00:00:07 . Memory (MB): peak = 5057.594 ; gain = 265.000 ; free physical = 824102 ; free virtual = 1206052
Phase 2.1 Floorplanning | Checksum: c6bfe371

Time (s): cpu = 00:00:20 ; elapsed = 00:00:07 . Memory (MB): peak = 5057.594 ; gain = 265.000 ; free physical = 824102 ; free virtual = 1206052

Phase 2.2 Update Timing before SLR Path Opt
Phase 2.2 Update Timing before SLR Path Opt | Checksum: c6bfe371

Time (s): cpu = 00:00:20 ; elapsed = 00:00:07 . Memory (MB): peak = 5057.594 ; gain = 265.000 ; free physical = 824102 ; free virtual = 1206051

Phase 2.3 Post-Processing in Floorplanning
Phase 2.3 Post-Processing in Floorplanning | Checksum: c6bfe371

Time (s): cpu = 00:00:20 ; elapsed = 00:00:07 . Memory (MB): peak = 5057.594 ; gain = 265.000 ; free physical = 824102 ; free virtual = 1206052

Phase 2.4 Global Placement Core

Phase 2.4.1 UpdateTiming Before Physical Synthesis
Phase 2.4.1 UpdateTiming Before Physical Synthesis | Checksum: 11cc3994a

Time (s): cpu = 00:00:52 ; elapsed = 00:00:15 . Memory (MB): peak = 5100.598 ; gain = 308.004 ; free physical = 823875 ; free virtual = 1205843

Phase 2.4.2 Physical Synthesis In Placer
INFO: [Physopt 32-1035] Found 0 LUTNM shape to break, 87 LUT instances to create LUTNM shape
INFO: [Physopt 32-1044] Break lutnm for timing: one critical 0, two critical 0, total 0, new lutff created 0
INFO: [Physopt 32-1138] End 1 Pass. Optimized 29 nets or LUTs. Breaked 0 LUT, combined 29 existing LUTs and moved 0 existing LUT
INFO: [Physopt 32-1030] Pass 1. Identified 2 candidate driver sets for equivalent driver rewiring.
INFO: [Physopt 32-661] Optimized 1 net.  Re-placed 3 instances.
INFO: [Physopt 32-775] End 1 Pass. Optimized 1 net or cell. Created 0 new cell, deleted 0 existing cell and moved 3 existing cells
Netlist sorting complete. Time (s): cpu = 00:00:00.01 ; elapsed = 00:00:00.01 . Memory (MB): peak = 5100.598 ; gain = 0.000 ; free physical = 823875 ; free virtual = 1205843
INFO: [Physopt 32-65] No nets found for high-fanout optimization.
INFO: [Physopt 32-232] Optimized 0 net. Created 0 new instance.
INFO: [Physopt 32-775] End 1 Pass. Optimized 0 net or cell. Created 0 new cell, deleted 0 existing cell and moved 0 existing cell
INFO: [Physopt 32-670] No setup violation found.  DSP Register Optimization was not performed.
INFO: [Physopt 32-670] No setup violation found.  Shift Register to Pipeline Optimization was not performed.
INFO: [Physopt 32-670] No setup violation found.  Shift Register Optimization was not performed.
INFO: [Physopt 32-670] No setup violation found.  BRAM Register Optimization was not performed.
INFO: [Physopt 32-670] No setup violation found.  URAM Register Optimization was not performed.
INFO: [Physopt 32-949] No candidate nets found for dynamic/static region interface net replication
INFO: [Physopt 32-775] End 1 Pass. Optimized 0 net or cell. Created 0 new cell, deleted 0 existing cell and moved 0 existing cell
Netlist sorting complete. Time (s): cpu = 00:00:00 ; elapsed = 00:00:00 . Memory (MB): peak = 5100.598 ; gain = 0.000 ; free physical = 823873 ; free virtual = 1205840

Summary of Physical Synthesis Optimizations
============================================


-----------------------------------------------------------------------------------------------------------------------------------------------------------
|  Optimization                                     |  Added Cells  |  Removed Cells  |  Optimized Cells/Nets  |  Dont Touch  |  Iterations  |  Elapsed   |
-----------------------------------------------------------------------------------------------------------------------------------------------------------
|  LUT Combining                                    |            0  |             29  |                    29  |           0  |           1  |  00:00:00  |
|  Retime                                           |            0  |              0  |                     0  |           0  |           1  |  00:00:00  |
|  Equivalent Driver Rewiring                       |            0  |              0  |                     1  |           0  |           1  |  00:00:00  |
|  Very High Fanout                                 |            0  |              0  |                     0  |           0  |           1  |  00:00:00  |
|  DSP Register                                     |            0  |              0  |                     0  |           0  |           0  |  00:00:00  |
|  Shift Register to Pipeline                       |            0  |              0  |                     0  |           0  |           0  |  00:00:00  |
|  Shift Register                                   |            0  |              0  |                     0  |           0  |           0  |  00:00:00  |
|  BRAM Register                                    |            0  |              0  |                     0  |           0  |           0  |  00:00:00  |
|  URAM Register                                    |            0  |              0  |                     0  |           0  |           0  |  00:00:00  |
|  Dynamic/Static Region Interface Net Replication  |            0  |              0  |                     0  |           0  |           1  |  00:00:00  |
|  Total                                            |            0  |             29  |                    30  |           0  |           5  |  00:00:00  |
-----------------------------------------------------------------------------------------------------------------------------------------------------------


Phase 2.4.2 Physical Synthesis In Placer | Checksum: 17c04e7f2

Time (s): cpu = 00:00:54 ; elapsed = 00:00:16 . Memory (MB): peak = 5100.598 ; gain = 308.004 ; free physical = 823991 ; free virtual = 1205958
Phase 2.4 Global Placement Core | Checksum: 179d551ac

Time (s): cpu = 00:01:06 ; elapsed = 00:00:20 . Memory (MB): peak = 5100.598 ; gain = 308.004 ; free physical = 824142 ; free virtual = 1206110
Phase 2 Global Placement | Checksum: 179d551ac

Time (s): cpu = 00:01:06 ; elapsed = 00:00:20 . Memory (MB): peak = 5100.598 ; gain = 308.004 ; free physical = 824142 ; free virtual = 1206110

Phase 3 Detail Placement

Phase 3.1 Commit Multi Column Macros
Phase 3.1 Commit Multi Column Macros | Checksum: 10f0266ce

Time (s): cpu = 00:01:17 ; elapsed = 00:00:23 . Memory (MB): peak = 5100.598 ; gain = 308.004 ; free physical = 824271 ; free virtual = 1206241

Phase 3.2 Commit Most Macros & LUTRAMs
Phase 3.2 Commit Most Macros & LUTRAMs | Checksum: 988ea5ab

Time (s): cpu = 00:01:19 ; elapsed = 00:00:24 . Memory (MB): peak = 5100.598 ; gain = 308.004 ; free physical = 824256 ; free virtual = 1206226

Phase 3.3 Small Shape DP

Phase 3.3.1 Small Shape Clustering
Phase 3.3.1 Small Shape Clustering | Checksum: b7d00586

Time (s): cpu = 00:01:30 ; elapsed = 00:00:27 . Memory (MB): peak = 5100.598 ; gain = 308.004 ; free physical = 824196 ; free virtual = 1206166

Phase 3.3.2 Slice Area Swap

Phase 3.3.2.1 Slice Area Swap Initial
Phase 3.3.2.1 Slice Area Swap Initial | Checksum: 10995085d

Time (s): cpu = 00:01:31 ; elapsed = 00:00:27 . Memory (MB): peak = 5100.598 ; gain = 308.004 ; free physical = 824197 ; free virtual = 1206167
Phase 3.3.2 Slice Area Swap | Checksum: 10995085d

Time (s): cpu = 00:01:31 ; elapsed = 00:00:28 . Memory (MB): peak = 5100.598 ; gain = 308.004 ; free physical = 824197 ; free virtual = 1206167
Phase 3.3 Small Shape DP | Checksum: 18e9eddde

Time (s): cpu = 00:01:32 ; elapsed = 00:00:28 . Memory (MB): peak = 5100.598 ; gain = 308.004 ; free physical = 824186 ; free virtual = 1206156

Phase 3.4 Re-assign LUT pins
Phase 3.4 Re-assign LUT pins | Checksum: cd89c66a

Time (s): cpu = 00:01:33 ; elapsed = 00:00:28 . Memory (MB): peak = 5100.598 ; gain = 308.004 ; free physical = 824174 ; free virtual = 1206144

Phase 3.5 Pipeline Register Optimization
Phase 3.5 Pipeline Register Optimization | Checksum: d3bef864

Time (s): cpu = 00:01:33 ; elapsed = 00:00:28 . Memory (MB): peak = 5100.598 ; gain = 308.004 ; free physical = 824175 ; free virtual = 1206146
Phase 3 Detail Placement | Checksum: d3bef864

Time (s): cpu = 00:01:33 ; elapsed = 00:00:28 . Memory (MB): peak = 5100.598 ; gain = 308.004 ; free physical = 824175 ; free virtual = 1206146

Phase 4 Post Placement Optimization and Clean-Up

Phase 4.1 Post Commit Optimization
INFO: [Timing 38-35] Done setting XDC timing constraints.

Phase 4.1.1 Post Placement Optimization
Post Placement Optimization Initialization | Checksum: 1db4a62a9

Phase 4.1.1.1 BUFG Insertion

Starting Physical Synthesis Task

Phase 1 Physical Synthesis Initialization
INFO: [Physopt 32-721] Multithreading enabled for phys_opt_design using a maximum of 8 CPUs
INFO: [Physopt 32-619] Estimated Timing Summary | WNS=3.128 | TNS=0.000 |
Phase 1 Physical Synthesis Initialization | Checksum: 193ff82dd

Time (s): cpu = 00:00:00.42 ; elapsed = 00:00:00.14 . Memory (MB): peak = 5100.598 ; gain = 0.000 ; free physical = 824073 ; free virtual = 1206045
INFO: [Place 46-56] BUFG insertion identified 0 candidate nets. Inserted BUFG: 0, Replicated BUFG Driver: 0, Skipped due to Placement/Routing Conflicts: 0, Skipped due to Timing Degradation: 0, Skipped due to netlist editing failed: 0.
Ending Physical Synthesis Task | Checksum: 193ff82dd

Time (s): cpu = 00:00:00.49 ; elapsed = 00:00:00.22 . Memory (MB): peak = 5100.598 ; gain = 0.000 ; free physical = 824077 ; free virtual = 1206048
Phase 4.1.1.1 BUFG Insertion | Checksum: 1db4a62a9

Time (s): cpu = 00:01:51 ; elapsed = 00:00:34 . Memory (MB): peak = 5100.598 ; gain = 308.004 ; free physical = 824077 ; free virtual = 1206048

Phase 4.1.1.2 Post Placement Timing Optimization
INFO: [Place 30-746] Post Placement Timing Summary WNS=3.128. For the most accurate timing information please run report_timing.
Phase 4.1.1.2 Post Placement Timing Optimization | Checksum: 168c2f359

Time (s): cpu = 00:01:51 ; elapsed = 00:00:34 . Memory (MB): peak = 5100.598 ; gain = 308.004 ; free physical = 824076 ; free virtual = 1206048

Time (s): cpu = 00:01:51 ; elapsed = 00:00:34 . Memory (MB): peak = 5100.598 ; gain = 308.004 ; free physical = 824076 ; free virtual = 1206048
Phase 4.1 Post Commit Optimization | Checksum: 168c2f359

Time (s): cpu = 00:01:51 ; elapsed = 00:00:34 . Memory (MB): peak = 5100.598 ; gain = 308.004 ; free physical = 824077 ; free virtual = 1206048

Phase 4.2 Post Placement Cleanup
Phase 4.2 Post Placement Cleanup | Checksum: 168c2f359

Time (s): cpu = 00:02:04 ; elapsed = 00:00:39 . Memory (MB): peak = 5129.578 ; gain = 336.984 ; free physical = 823780 ; free virtual = 1205754

Phase 4.3 Placer Reporting

Phase 4.3.1 Print Estimated Congestion
INFO: [Place 30-612] Post-Placement Estimated Congestion 
 ________________________________________________________________________
|           | Global Congestion | Long Congestion   | Short Congestion  |
| Direction | Region Size       | Region Size       | Region Size       |
|___________|___________________|___________________|___________________|
|      North|                1x1|                1x1|                2x2|
|___________|___________________|___________________|___________________|
|      South|                1x1|                1x1|                1x1|
|___________|___________________|___________________|___________________|
|       East|                1x1|                1x1|                1x1|
|___________|___________________|___________________|___________________|
|       West|                1x1|                1x1|                4x4|
|___________|___________________|___________________|___________________|

Phase 4.3.1 Print Estimated Congestion | Checksum: 168c2f359

Time (s): cpu = 00:02:05 ; elapsed = 00:00:39 . Memory (MB): peak = 5129.578 ; gain = 336.984 ; free physical = 823781 ; free virtual = 1205755
Phase 4.3 Placer Reporting | Checksum: 168c2f359

Time (s): cpu = 00:02:05 ; elapsed = 00:00:39 . Memory (MB): peak = 5129.578 ; gain = 336.984 ; free physical = 823781 ; free virtual = 1205755

Phase 4.4 Final Placement Cleanup
Netlist sorting complete. Time (s): cpu = 00:00:00 ; elapsed = 00:00:00.01 . Memory (MB): peak = 5129.578 ; gain = 0.000 ; free physical = 823781 ; free virtual = 1205755

Time (s): cpu = 00:02:05 ; elapsed = 00:00:39 . Memory (MB): peak = 5129.578 ; gain = 336.984 ; free physical = 823781 ; free virtual = 1205755
Phase 4 Post Placement Optimization and Clean-Up | Checksum: 9663f9b0

Time (s): cpu = 00:02:05 ; elapsed = 00:00:39 . Memory (MB): peak = 5129.578 ; gain = 336.984 ; free physical = 823781 ; free virtual = 1205755
Ending Placer Task | Checksum: 41dc59cc

Time (s): cpu = 00:02:05 ; elapsed = 00:00:39 . Memory (MB): peak = 5129.578 ; gain = 336.984 ; free physical = 823784 ; free virtual = 1205758
77 Infos, 101 Warnings, 0 Critical Warnings and 0 Errors encountered.
place_design completed successfully
place_design: Time (s): cpu = 00:02:09 ; elapsed = 00:00:41 . Memory (MB): peak = 5129.578 ; gain = 336.984 ; free physical = 823784 ; free virtual = 1205758
INFO: [runtcl-4] Executing : report_io -file bd_0_wrapper_io_placed.rpt
report_io: Time (s): cpu = 00:00:00.15 ; elapsed = 00:00:00.32 . Memory (MB): peak = 5129.578 ; gain = 0.000 ; free physical = 823782 ; free virtual = 1205756
INFO: [runtcl-4] Executing : report_utilization -file bd_0_wrapper_utilization_placed.rpt -pb bd_0_wrapper_utilization_placed.pb
INFO: [runtcl-4] Executing : report_control_sets -verbose -file bd_0_wrapper_control_sets_placed.rpt
report_control_sets: Time (s): cpu = 00:00:00.05 ; elapsed = 00:00:00.2 . Memory (MB): peak = 5129.578 ; gain = 0.000 ; free physical = 823778 ; free virtual = 1205753
INFO: [Timing 38-480] Writing timing data to binary archive.
Write ShapeDB Complete: Time (s): cpu = 00:00:00.14 ; elapsed = 00:00:00.03 . Memory (MB): peak = 5129.578 ; gain = 0.000 ; free physical = 823777 ; free virtual = 1205752
Wrote PlaceDB: Time (s): cpu = 00:00:01 ; elapsed = 00:00:00.35 . Memory (MB): peak = 5129.578 ; gain = 0.000 ; free physical = 823773 ; free virtual = 1205757
Wrote PulsedLatchDB: Time (s): cpu = 00:00:00 ; elapsed = 00:00:00 . Memory (MB): peak = 5129.578 ; gain = 0.000 ; free physical = 823773 ; free virtual = 1205757
Writing XDEF routing.
Writing XDEF routing logical nets.
Writing XDEF routing special nets.
Wrote RouteStorage: Time (s): cpu = 00:00:00.25 ; elapsed = 00:00:00.13 . Memory (MB): peak = 5129.578 ; gain = 0.000 ; free physical = 823772 ; free virtual = 1205757
Wrote Netlist Cache: Time (s): cpu = 00:00:00.02 ; elapsed = 00:00:00.01 . Memory (MB): peak = 5129.578 ; gain = 0.000 ; free physical = 823771 ; free virtual = 1205757
Wrote Device Cache: Time (s): cpu = 00:00:00.03 ; elapsed = 00:00:00.02 . Memory (MB): peak = 5129.578 ; gain = 0.000 ; free physical = 823768 ; free virtual = 1205757
Write Physdb Complete: Time (s): cpu = 00:00:02 ; elapsed = 00:00:00.57 . Memory (MB): peak = 5129.578 ; gain = 0.000 ; free physical = 823767 ; free virtual = 1205756
INFO: [Common 17-1381] The checkpoint '/home/sg9109/Documents/hls-design/ntt-asic/impl/verilog/project.runs/impl_1/bd_0_wrapper_placed.dcp' has been generated.
Command: phys_opt_design
Attempting to get a license for feature 'Implementation' and/or device 'xck26'
INFO: [Common 17-349] Got license for feature 'Implementation' and/or device 'xck26'

Starting Initial Update Timing Task
WARNING: [Timing 38-242] The property HD.CLK_SRC of clock port "ap_clk" is not set. In out-of-context mode, this prevents timing estimation for clock delay/skew
Resolution: Set the HD.CLK_SRC property of the out-of-context port to the location of the clock buffer instance in the top-level design

Time (s): cpu = 00:00:03 ; elapsed = 00:00:00.75 . Memory (MB): peak = 5161.594 ; gain = 0.000 ; free physical = 823771 ; free virtual = 1205752
INFO: [Vivado_Tcl 4-383] Design worst setup slack (WNS) is greater than or equal to 0.000 ns. Skipping all physical synthesis optimizations.
INFO: [Vivado_Tcl 4-232] No setup violation found. The netlist was not modified.
INFO: [Common 17-83] Releasing license: Implementation
86 Infos, 102 Warnings, 0 Critical Warnings and 0 Errors encountered.
phys_opt_design completed successfully
INFO: [Timing 38-480] Writing timing data to binary archive.
Write ShapeDB Complete: Time (s): cpu = 00:00:00.11 ; elapsed = 00:00:00.02 . Memory (MB): peak = 5193.609 ; gain = 0.000 ; free physical = 823771 ; free virtual = 1205753
Wrote PlaceDB: Time (s): cpu = 00:00:01 ; elapsed = 00:00:00.33 . Memory (MB): peak = 5193.609 ; gain = 0.000 ; free physical = 823762 ; free virtual = 1205752
Wrote PulsedLatchDB: Time (s): cpu = 00:00:00 ; elapsed = 00:00:00 . Memory (MB): peak = 5193.609 ; gain = 0.000 ; free physical = 823763 ; free virtual = 1205753
Writing XDEF routing.
Writing XDEF routing logical nets.
Writing XDEF routing special nets.
Wrote RouteStorage: Time (s): cpu = 00:00:00.13 ; elapsed = 00:00:00.05 . Memory (MB): peak = 5193.609 ; gain = 0.000 ; free physical = 823763 ; free virtual = 1205754
Wrote Netlist Cache: Time (s): cpu = 00:00:00.02 ; elapsed = 00:00:00.01 . Memory (MB): peak = 5193.609 ; gain = 0.000 ; free physical = 823762 ; free virtual = 1205753
Wrote Device Cache: Time (s): cpu = 00:00:00.02 ; elapsed = 00:00:00.02 . Memory (MB): peak = 5193.609 ; gain = 0.000 ; free physical = 823758 ; free virtual = 1205753
Write Physdb Complete: Time (s): cpu = 00:00:01 ; elapsed = 00:00:00.46 . Memory (MB): peak = 5193.609 ; gain = 0.000 ; free physical = 823759 ; free virtual = 1205754
INFO: [Common 17-1381] The checkpoint '/home/sg9109/Documents/hls-design/ntt-asic/impl/verilog/project.runs/impl_1/bd_0_wrapper_physopt.dcp' has been generated.
Command: route_design
Attempting to get a license for feature 'Implementation' and/or device 'xck26'
INFO: [Common 17-349] Got license for feature 'Implementation' and/or device 'xck26'
Running DRC as a precondition to command route_design
INFO: [DRC 23-27] Running DRC with 8 threads
INFO: [Vivado_Tcl 4-198] DRC finished with 0 Errors
INFO: [Vivado_Tcl 4-199] Please refer to the DRC report (report_drc) for more information.


Starting Routing Task
INFO: [Route 35-254] Multithreading enabled for route_design using a maximum of 8 CPUs

Phase 1 Build RT Design
Checksum: PlaceDB: 206eef42 ConstDB: 0 ShapeSum: 216d6a8a RouteDB: 0
Nodegraph reading from file.  Time (s): cpu = 00:00:00.55 ; elapsed = 00:00:00.57 . Memory (MB): peak = 5225.625 ; gain = 0.000 ; free physical = 823755 ; free virtual = 1205741
WARNING: [Route 35-198] Port "m_axi_gmem2_bvalid" does not have an associated HD.PARTPIN_LOCS, which will prevent the partial routing of the signal "m_axi_gmem2_bvalid". Without this partial route, timing analysis to/from this port will not be accurate, and no routing information for this port can be exported.
WARNING: [Route 35-197] Clock port "ap_clk" does not have an associated HD.CLK_SRC. Without this constraint, timing analysis may not be accurate and upstream checks cannot be done to ensure correct clock placement.
WARNING: [Route 35-198] Port "ap_rst_n" does not have an associated HD.PARTPIN_LOCS, which will prevent the partial routing of the signal "ap_rst_n". Without this partial route, timing analysis to/from this port will not be accurate, and no routing information for this port can be exported.
WARNING: [Route 35-198] Port "m_axi_gmem1_arready" does not have an associated HD.PARTPIN_LOCS, which will prevent the partial routing of the signal "m_axi_gmem1_arready". Without this partial route, timing analysis to/from this port will not be accurate, and no routing information for this port can be exported.
WARNING: [Route 35-198] Port "s_axi_control_wdata[3]" does not have an associated HD.PARTPIN_LOCS, which will prevent the partial routing of the signal "s_axi_control_wdata[3]". Without this partial route, timing analysis to/from this port will not be accurate, and no routing information for this port can be exported.
WARNING: [Route 35-198] Port "s_axi_control_wstrb[0]" does not have an associated HD.PARTPIN_LOCS, which will prevent the partial routing of the signal "s_axi_control_wstrb[0]". Without this partial route, timing analysis to/from this port will not be accurate, and no routing information for this port can be exported.
WARNING: [Route 35-198] Port "s_axi_control_wdata[4]" does not have an associated HD.PARTPIN_LOCS, which will prevent the partial routing of the signal "s_axi_control_wdata[4]". Without this partial route, timing analysis to/from this port will not be accurate, and no routing information for this port can be exported.
WARNING: [Route 35-198] Port "s_axi_control_araddr[3]" does not have an associated HD.PARTPIN_LOCS, which will prevent the partial routing of the signal "s_axi_control_araddr[3]". Without this partial route, timing analysis to/from this port will not be accurate, and no routing information for this port can be exported.
WARNING: [Route 35-198] Port "s_axi_control_araddr[2]" does not have an associated HD.PARTPIN_LOCS, which will prevent the partial routing of the signal "s_axi_control_araddr[2]". Without this partial route, timing analysis to/from this port will not be accurate, and no routing information for this port can be exported.
WARNING: [Route 35-198] Port "s_axi_control_araddr[4]" does not have an associated HD.PARTPIN_LOCS, which will prevent the partial routing of the signal "s_axi_control_araddr[4]". Without this partial route, timing analysis to/from this port will not be accurate, and no routing information for this port can be exported.
WARNING: [Route 35-198] Port "s_axi_control_wdata[19]" does not have an associated HD.PARTPIN_LOCS, which will prevent the partial routing of the signal "s_axi_control_wdata[19]". Without this partial route, timing analysis to/from this port will not be accurate, and no routing information for this port can be exported.
WARNING: [Route 35-198] Port "s_axi_control_wstrb[2]" does not have an associated HD.PARTPIN_LOCS, which will prevent the partial routing of the signal "s_axi_control_wstrb[2]". Without this partial route, timing analysis to/from this port will not be accurate, and no routing information for this port can be exported.
WARNING: [Route 35-198] Port "s_axi_control_wdata[20]" does not have an associated HD.PARTPIN_LOCS, which will prevent the partial routing of the signal "s_axi_control_wdata[20]". Without this partial route, timing analysis to/from this port will not be accurate, and no routing information for this port can be exported.
WARNING: [Route 35-198] Port "s_axi_control_wdata[25]" does not have an associated HD.PARTPIN_LOCS, which will prevent the partial routing of the signal "s_axi_control_wdata[25]". Without this partial route, timing analysis to/from this port will not be accurate, and no routing information for this port can be exported.
WARNING: [Route 35-198] Port "s_axi_control_wstrb[3]" does not have an associated HD.PARTPIN_LOCS, which will prevent the partial routing of the signal "s_axi_control_wstrb[3]". Without this partial route, timing analysis to/from this port will not be accurate, and no routing information for this port can be exported.
WARNING: [Route 35-198] Port "s_axi_control_wdata[26]" does not have an associated HD.PARTPIN_LOCS, which will prevent the partial routing of the signal "s_axi_control_wdata[26]". Without this partial route, timing analysis to/from this port will not be accurate, and no routing information for this port can be exported.
WARNING: [Route 35-198] Port "s_axi_control_wdata[7]" does not have an associated HD.PARTPIN_LOCS, which will prevent the partial routing of the signal "s_axi_control_wdata[7]". Without this partial route, timing analysis to/from this port will not be accurate, and no routing information for this port can be exported.
WARNING: [Route 35-198] Port "s_axi_control_wdata[8]" does not have an associated HD.PARTPIN_LOCS, which will prevent the partial routing of the signal "s_axi_control_wdata[8]". Without this partial route, timing analysis to/from this port will not be accurate, and no routing information for this port can be exported.
WARNING: [Route 35-198] Port "s_axi_control_wstrb[1]" does not have an associated HD.PARTPIN_LOCS, which will prevent the partial routing of the signal "s_axi_control_wstrb[1]". Without this partial route, timing analysis to/from this port will not be accurate, and no routing information for this port can be exported.
WARNING: [Route 35-198] Port "s_axi_control_wdata[11]" does not have an associated HD.PARTPIN_LOCS, which will prevent the partial routing of the signal "s_axi_control_wdata[11]". Without this partial route, timing analysis to/from this port will not be accurate, and no routing information for this port can be exported.
WARNING: [Route 35-198] Port "s_axi_control_wdata[12]" does not have an associated HD.PARTPIN_LOCS, which will prevent the partial routing of the signal "s_axi_control_wdata[12]". Without this partial route, timing analysis to/from this port will not be accurate, and no routing information for this port can be exported.
WARNING: [Route 35-198] Port "s_axi_control_wdata[27]" does not have an associated HD.PARTPIN_LOCS, which will prevent the partial routing of the signal "s_axi_control_wdata[27]". Without this partial route, timing analysis to/from this port will not be accurate, and no routing information for this port can be exported.
WARNING: [Route 35-198] Port "s_axi_control_wdata[28]" does not have an associated HD.PARTPIN_LOCS, which will prevent the partial routing of the signal "s_axi_control_wdata[28]". Without this partial route, timing analysis to/from this port will not be accurate, and no routing information for this port can be exported.
WARNING: [Route 35-198] Port "s_axi_control_wdata[21]" does not have an associated HD.PARTPIN_LOCS, which will prevent the partial routing of the signal "s_axi_control_wdata[21]". Without this partial route, timing analysis to/from this port will not be accurate, and no routing information for this port can be exported.
WARNING: [Route 35-198] Port "s_axi_control_wdata[22]" does not have an associated HD.PARTPIN_LOCS, which will prevent the partial routing of the signal "s_axi_control_wdata[22]". Without this partial route, timing analysis to/from this port will not be accurate, and no routing information for this port can be exported.
WARNING: [Route 35-198] Port "s_axi_control_wdata[9]" does not have an associated HD.PARTPIN_LOCS, which will prevent the partial routing of the signal "s_axi_control_wdata[9]". Without this partial route, timing analysis to/from this port will not be accurate, and no routing information for this port can be exported.
WARNING: [Route 35-198] Port "s_axi_control_wdata[10]" does not have an associated HD.PARTPIN_LOCS, which will prevent the partial routing of the signal "s_axi_control_wdata[10]". Without this partial route, timing analysis to/from this port will not be accurate, and no routing information for this port can be exported.
WARNING: [Route 35-198] Port "s_axi_control_wdata[23]" does not have an associated HD.PARTPIN_LOCS, which will prevent the partial routing of the signal "s_axi_control_wdata[23]". Without this partial route, timing analysis to/from this port will not be accurate, and no routing information for this port can be exported.
WARNING: [Route 35-198] Port "s_axi_control_wdata[24]" does not have an associated HD.PARTPIN_LOCS, which will prevent the partial routing of the signal "s_axi_control_wdata[24]". Without this partial route, timing analysis to/from this port will not be accurate, and no routing information for this port can be exported.
WARNING: [Route 35-198] Port "s_axi_control_wdata[29]" does not have an associated HD.PARTPIN_LOCS, which will prevent the partial routing of the signal "s_axi_control_wdata[29]". Without this partial route, timing analysis to/from this port will not be accurate, and no routing information for this port can be exported.
WARNING: [Route 35-198] Port "s_axi_control_wdata[30]" does not have an associated HD.PARTPIN_LOCS, which will prevent the partial routing of the signal "s_axi_control_wdata[30]". Without this partial route, timing analysis to/from this port will not be accurate, and no routing information for this port can be exported.
WARNING: [Route 35-198] Port "s_axi_control_wdata[15]" does not have an associated HD.PARTPIN_LOCS, which will prevent the partial routing of the signal "s_axi_control_wdata[15]". Without this partial route, timing analysis to/from this port will not be accurate, and no routing information for this port can be exported.
WARNING: [Route 35-198] Port "s_axi_control_wdata[16]" does not have an associated HD.PARTPIN_LOCS, which will prevent the partial routing of the signal "s_axi_control_wdata[16]". Without this partial route, timing analysis to/from this port will not be accurate, and no routing information for this port can be exported.
WARNING: [Route 35-198] Port "s_axi_control_wdata[0]" does not have an associated HD.PARTPIN_LOCS, which will prevent the partial routing of the signal "s_axi_control_wdata[0]". Without this partial route, timing analysis to/from this port will not be accurate, and no routing information for this port can be exported.
WARNING: [Route 35-198] Port "s_axi_control_wdata[31]" does not have an associated HD.PARTPIN_LOCS, which will prevent the partial routing of the signal "s_axi_control_wdata[31]". Without this partial route, timing analysis to/from this port will not be accurate, and no routing information for this port can be exported.
WARNING: [Route 35-198] Port "m_axi_gmem0_awready" does not have an associated HD.PARTPIN_LOCS, which will prevent the partial routing of the signal "m_axi_gmem0_awready". Without this partial route, timing analysis to/from this port will not be accurate, and no routing information for this port can be exported.
WARNING: [Route 35-198] Port "s_axi_control_wdata[5]" does not have an associated HD.PARTPIN_LOCS, which will prevent the partial routing of the signal "s_axi_control_wdata[5]". Without this partial route, timing analysis to/from this port will not be accurate, and no routing information for this port can be exported.
WARNING: [Route 35-198] Port "s_axi_control_wdata[6]" does not have an associated HD.PARTPIN_LOCS, which will prevent the partial routing of the signal "s_axi_control_wdata[6]". Without this partial route, timing analysis to/from this port will not be accurate, and no routing information for this port can be exported.
WARNING: [Route 35-198] Port "s_axi_control_wdata[17]" does not have an associated HD.PARTPIN_LOCS, which will prevent the partial routing of the signal "s_axi_control_wdata[17]". Without this partial route, timing analysis to/from this port will not be accurate, and no routing information for this port can be exported.
WARNING: [Route 35-198] Port "s_axi_control_wdata[18]" does not have an associated HD.PARTPIN_LOCS, which will prevent the partial routing of the signal "s_axi_control_wdata[18]". Without this partial route, timing analysis to/from this port will not be accurate, and no routing information for this port can be exported.
WARNING: [Route 35-198] Port "s_axi_control_wdata[14]" does not have an associated HD.PARTPIN_LOCS, which will prevent the partial routing of the signal "s_axi_control_wdata[14]". Without this partial route, timing analysis to/from this port will not be accurate, and no routing information for this port can be exported.
WARNING: [Route 35-198] Port "s_axi_control_wdata[1]" does not have an associated HD.PARTPIN_LOCS, which will prevent the partial routing of the signal "s_axi_control_wdata[1]". Without this partial route, timing analysis to/from this port will not be accurate, and no routing information for this port can be exported.
WARNING: [Route 35-198] Port "s_axi_control_araddr[5]" does not have an associated HD.PARTPIN_LOCS, which will prevent the partial routing of the signal "s_axi_control_araddr[5]". Without this partial route, timing analysis to/from this port will not be accurate, and no routing information for this port can be exported.
WARNING: [Route 35-198] Port "s_axi_control_araddr[6]" does not have an associated HD.PARTPIN_LOCS, which will prevent the partial routing of the signal "s_axi_control_araddr[6]". Without this partial route, timing analysis to/from this port will not be accurate, and no routing information for this port can be exported.
WARNING: [Route 35-198] Port "s_axi_control_wdata[13]" does not have an associated HD.PARTPIN_LOCS, which will prevent the partial routing of the signal "s_axi_control_wdata[13]". Without this partial route, timing analysis to/from this port will not be accurate, and no routing information for this port can be exported.
WARNING: [Route 35-198] Port "m_axi_gmem2_arready" does not have an associated HD.PARTPIN_LOCS, which will prevent the partial routing of the signal "m_axi_gmem2_arready". Without this partial route, timing analysis to/from this port will not be accurate, and no routing information for this port can be exported.
WARNING: [Route 35-198] Port "s_axi_control_wdata[2]" does not have an associated HD.PARTPIN_LOCS, which will prevent the partial routing of the signal "s_axi_control_wdata[2]". Without this partial route, timing analysis to/from this port will not be accurate, and no routing information for this port can be exported.
WARNING: [Route 35-198] Port "m_axi_gmem0_bvalid" does not have an associated HD.PARTPIN_LOCS, which will prevent the partial routing of the signal "m_axi_gmem0_bvalid". Without this partial route, timing analysis to/from this port will not be accurate, and no routing information for this port can be exported.
WARNING: [Route 35-198] Port "s_axi_control_araddr[0]" does not have an associated HD.PARTPIN_LOCS, which will prevent the partial routing of the signal "s_axi_control_araddr[0]". Without this partial route, timing analysis to/from this port will not be accurate, and no routing information for this port can be exported.
WARNING: [Route 35-198] Port "s_axi_control_araddr[1]" does not have an associated HD.PARTPIN_LOCS, which will prevent the partial routing of the signal "s_axi_control_araddr[1]". Without this partial route, timing analysis to/from this port will not be accurate, and no routing information for this port can be exported.
WARNING: [Route 35-198] Port "s_axi_control_rready" does not have an associated HD.PARTPIN_LOCS, which will prevent the partial routing of the signal "s_axi_control_rready". Without this partial route, timing analysis to/from this port will not be accurate, and no routing information for this port can be exported.
WARNING: [Route 35-198] Port "s_axi_control_arvalid" does not have an associated HD.PARTPIN_LOCS, which will prevent the partial routing of the signal "s_axi_control_arvalid". Without this partial route, timing analysis to/from this port will not be accurate, and no routing information for this port can be exported.
WARNING: [Route 35-198] Port "s_axi_control_bready" does not have an associated HD.PARTPIN_LOCS, which will prevent the partial routing of the signal "s_axi_control_bready". Without this partial route, timing analysis to/from this port will not be accurate, and no routing information for this port can be exported.
WARNING: [Route 35-198] Port "s_axi_control_awvalid" does not have an associated HD.PARTPIN_LOCS, which will prevent the partial routing of the signal "s_axi_control_awvalid". Without this partial route, timing analysis to/from this port will not be accurate, and no routing information for this port can be exported.
WARNING: [Route 35-198] Port "s_axi_control_wvalid" does not have an associated HD.PARTPIN_LOCS, which will prevent the partial routing of the signal "s_axi_control_wvalid". Without this partial route, timing analysis to/from this port will not be accurate, and no routing information for this port can be exported.
WARNING: [Route 35-198] Port "s_axi_control_awaddr[0]" does not have an associated HD.PARTPIN_LOCS, which will prevent the partial routing of the signal "s_axi_control_awaddr[0]". Without this partial route, timing analysis to/from this port will not be accurate, and no routing information for this port can be exported.
WARNING: [Route 35-198] Port "s_axi_control_awaddr[1]" does not have an associated HD.PARTPIN_LOCS, which will prevent the partial routing of the signal "s_axi_control_awaddr[1]". Without this partial route, timing analysis to/from this port will not be accurate, and no routing information for this port can be exported.
WARNING: [Route 35-198] Port "s_axi_control_awaddr[2]" does not have an associated HD.PARTPIN_LOCS, which will prevent the partial routing of the signal "s_axi_control_awaddr[2]". Without this partial route, timing analysis to/from this port will not be accurate, and no routing information for this port can be exported.
WARNING: [Route 35-198] Port "s_axi_control_awaddr[3]" does not have an associated HD.PARTPIN_LOCS, which will prevent the partial routing of the signal "s_axi_control_awaddr[3]". Without this partial route, timing analysis to/from this port will not be accurate, and no routing information for this port can be exported.
WARNING: [Route 35-198] Port "s_axi_control_awaddr[4]" does not have an associated HD.PARTPIN_LOCS, which will prevent the partial routing of the signal "s_axi_control_awaddr[4]". Without this partial route, timing analysis to/from this port will not be accurate, and no routing information for this port can be exported.
WARNING: [Route 35-198] Port "s_axi_control_awaddr[5]" does not have an associated HD.PARTPIN_LOCS, which will prevent the partial routing of the signal "s_axi_control_awaddr[5]". Without this partial route, timing analysis to/from this port will not be accurate, and no routing information for this port can be exported.
WARNING: [Route 35-198] Port "s_axi_control_awaddr[6]" does not have an associated HD.PARTPIN_LOCS, which will prevent the partial routing of the signal "s_axi_control_awaddr[6]". Without this partial route, timing analysis to/from this port will not be accurate, and no routing information for this port can be exported.
WARNING: [Route 35-198] Port "m_axi_gmem0_wready" does not have an associated HD.PARTPIN_LOCS, which will prevent the partial routing of the signal "m_axi_gmem0_wready". Without this partial route, timing analysis to/from this port will not be accurate, and no routing information for this port can be exported.
WARNING: [Route 35-198] Port "m_axi_gmem0_arready" does not have an associated HD.PARTPIN_LOCS, which will prevent the partial routing of the signal "m_axi_gmem0_arready". Without this partial route, timing analysis to/from this port will not be accurate, and no routing information for this port can be exported.
WARNING: [Route 35-198] Port "m_axi_gmem2_rvalid" does not have an associated HD.PARTPIN_LOCS, which will prevent the partial routing of the signal "m_axi_gmem2_rvalid". Without this partial route, timing analysis to/from this port will not be accurate, and no routing information for this port can be exported.
WARNING: [Route 35-198] Port "m_axi_gmem2_rdata[1]" does not have an associated HD.PARTPIN_LOCS, which will prevent the partial routing of the signal "m_axi_gmem2_rdata[1]". Without this partial route, timing analysis to/from this port will not be accurate, and no routing information for this port can be exported.
WARNING: [Route 35-198] Port "m_axi_gmem2_rdata[30]" does not have an associated HD.PARTPIN_LOCS, which will prevent the partial routing of the signal "m_axi_gmem2_rdata[30]". Without this partial route, timing analysis to/from this port will not be accurate, and no routing information for this port can be exported.
WARNING: [Route 35-198] Port "m_axi_gmem2_rlast" does not have an associated HD.PARTPIN_LOCS, which will prevent the partial routing of the signal "m_axi_gmem2_rlast". Without this partial route, timing analysis to/from this port will not be accurate, and no routing information for this port can be exported.
WARNING: [Route 35-198] Port "m_axi_gmem2_rdata[6]" does not have an associated HD.PARTPIN_LOCS, which will prevent the partial routing of the signal "m_axi_gmem2_rdata[6]". Without this partial route, timing analysis to/from this port will not be accurate, and no routing information for this port can be exported.
WARNING: [Route 35-198] Port "m_axi_gmem2_rdata[12]" does not have an associated HD.PARTPIN_LOCS, which will prevent the partial routing of the signal "m_axi_gmem2_rdata[12]". Without this partial route, timing analysis to/from this port will not be accurate, and no routing information for this port can be exported.
WARNING: [Route 35-198] Port "m_axi_gmem2_rdata[15]" does not have an associated HD.PARTPIN_LOCS, which will prevent the partial routing of the signal "m_axi_gmem2_rdata[15]". Without this partial route, timing analysis to/from this port will not be accurate, and no routing information for this port can be exported.
WARNING: [Route 35-198] Port "m_axi_gmem2_rdata[21]" does not have an associated HD.PARTPIN_LOCS, which will prevent the partial routing of the signal "m_axi_gmem2_rdata[21]". Without this partial route, timing analysis to/from this port will not be accurate, and no routing information for this port can be exported.
WARNING: [Route 35-198] Port "m_axi_gmem2_rdata[22]" does not have an associated HD.PARTPIN_LOCS, which will prevent the partial routing of the signal "m_axi_gmem2_rdata[22]". Without this partial route, timing analysis to/from this port will not be accurate, and no routing information for this port can be exported.
WARNING: [Route 35-198] Port "m_axi_gmem2_rdata[29]" does not have an associated HD.PARTPIN_LOCS, which will prevent the partial routing of the signal "m_axi_gmem2_rdata[29]". Without this partial route, timing analysis to/from this port will not be accurate, and no routing information for this port can be exported.
WARNING: [Route 35-198] Port "m_axi_gmem2_rdata[7]" does not have an associated HD.PARTPIN_LOCS, which will prevent the partial routing of the signal "m_axi_gmem2_rdata[7]". Without this partial route, timing analysis to/from this port will not be accurate, and no routing information for this port can be exported.
WARNING: [Route 35-198] Port "m_axi_gmem2_rdata[14]" does not have an associated HD.PARTPIN_LOCS, which will prevent the partial routing of the signal "m_axi_gmem2_rdata[14]". Without this partial route, timing analysis to/from this port will not be accurate, and no routing information for this port can be exported.
WARNING: [Route 35-198] Port "m_axi_gmem2_rdata[17]" does not have an associated HD.PARTPIN_LOCS, which will prevent the partial routing of the signal "m_axi_gmem2_rdata[17]". Without this partial route, timing analysis to/from this port will not be accurate, and no routing information for this port can be exported.
WARNING: [Route 35-198] Port "m_axi_gmem2_rdata[20]" does not have an associated HD.PARTPIN_LOCS, which will prevent the partial routing of the signal "m_axi_gmem2_rdata[20]". Without this partial route, timing analysis to/from this port will not be accurate, and no routing information for this port can be exported.
WARNING: [Route 35-198] Port "m_axi_gmem2_rdata[23]" does not have an associated HD.PARTPIN_LOCS, which will prevent the partial routing of the signal "m_axi_gmem2_rdata[23]". Without this partial route, timing analysis to/from this port will not be accurate, and no routing information for this port can be exported.
WARNING: [Route 35-198] Port "m_axi_gmem2_rdata[24]" does not have an associated HD.PARTPIN_LOCS, which will prevent the partial routing of the signal "m_axi_gmem2_rdata[24]". Without this partial route, timing analysis to/from this port will not be accurate, and no routing information for this port can be exported.
WARNING: [Route 35-198] Port "m_axi_gmem2_rdata[26]" does not have an associated HD.PARTPIN_LOCS, which will prevent the partial routing of the signal "m_axi_gmem2_rdata[26]". Without this partial route, timing analysis to/from this port will not be accurate, and no routing information for this port can be exported.
WARNING: [Route 35-198] Port "m_axi_gmem2_rdata[28]" does not have an associated HD.PARTPIN_LOCS, which will prevent the partial routing of the signal "m_axi_gmem2_rdata[28]". Without this partial route, timing analysis to/from this port will not be accurate, and no routing information for this port can be exported.
WARNING: [Route 35-198] Port "m_axi_gmem2_rdata[4]" does not have an associated HD.PARTPIN_LOCS, which will prevent the partial routing of the signal "m_axi_gmem2_rdata[4]". Without this partial route, timing analysis to/from this port will not be accurate, and no routing information for this port can be exported.
WARNING: [Route 35-198] Port "m_axi_gmem2_rdata[0]" does not have an associated HD.PARTPIN_LOCS, which will prevent the partial routing of the signal "m_axi_gmem2_rdata[0]". Without this partial route, timing analysis to/from this port will not be accurate, and no routing information for this port can be exported.
WARNING: [Route 35-198] Port "m_axi_gmem2_rdata[10]" does not have an associated HD.PARTPIN_LOCS, which will prevent the partial routing of the signal "m_axi_gmem2_rdata[10]". Without this partial route, timing analysis to/from this port will not be accurate, and no routing information for this port can be exported.
WARNING: [Route 35-198] Port "m_axi_gmem2_rdata[13]" does not have an associated HD.PARTPIN_LOCS, which will prevent the partial routing of the signal "m_axi_gmem2_rdata[13]". Without this partial route, timing analysis to/from this port will not be accurate, and no routing information for this port can be exported.
WARNING: [Route 35-198] Port "m_axi_gmem2_rdata[16]" does not have an associated HD.PARTPIN_LOCS, which will prevent the partial routing of the signal "m_axi_gmem2_rdata[16]". Without this partial route, timing analysis to/from this port will not be accurate, and no routing information for this port can be exported.
WARNING: [Route 35-198] Port "m_axi_gmem2_rdata[19]" does not have an associated HD.PARTPIN_LOCS, which will prevent the partial routing of the signal "m_axi_gmem2_rdata[19]". Without this partial route, timing analysis to/from this port will not be accurate, and no routing information for this port can be exported.
WARNING: [Route 35-198] Port "m_axi_gmem2_rdata[27]" does not have an associated HD.PARTPIN_LOCS, which will prevent the partial routing of the signal "m_axi_gmem2_rdata[27]". Without this partial route, timing analysis to/from this port will not be accurate, and no routing information for this port can be exported.
WARNING: [Route 35-198] Port "m_axi_gmem2_rdata[31]" does not have an associated HD.PARTPIN_LOCS, which will prevent the partial routing of the signal "m_axi_gmem2_rdata[31]". Without this partial route, timing analysis to/from this port will not be accurate, and no routing information for this port can be exported.
WARNING: [Route 35-198] Port "m_axi_gmem2_rdata[5]" does not have an associated HD.PARTPIN_LOCS, which will prevent the partial routing of the signal "m_axi_gmem2_rdata[5]". Without this partial route, timing analysis to/from this port will not be accurate, and no routing information for this port can be exported.
WARNING: [Route 35-198] Port "m_axi_gmem2_rdata[11]" does not have an associated HD.PARTPIN_LOCS, which will prevent the partial routing of the signal "m_axi_gmem2_rdata[11]". Without this partial route, timing analysis to/from this port will not be accurate, and no routing information for this port can be exported.
WARNING: [Route 35-198] Port "m_axi_gmem2_rdata[18]" does not have an associated HD.PARTPIN_LOCS, which will prevent the partial routing of the signal "m_axi_gmem2_rdata[18]". Without this partial route, timing analysis to/from this port will not be accurate, and no routing information for this port can be exported.
WARNING: [Route 35-198] Port "m_axi_gmem2_rdata[25]" does not have an associated HD.PARTPIN_LOCS, which will prevent the partial routing of the signal "m_axi_gmem2_rdata[25]". Without this partial route, timing analysis to/from this port will not be accurate, and no routing information for this port can be exported.
WARNING: [Route 35-198] Port "m_axi_gmem2_rdata[2]" does not have an associated HD.PARTPIN_LOCS, which will prevent the partial routing of the signal "m_axi_gmem2_rdata[2]". Without this partial route, timing analysis to/from this port will not be accurate, and no routing information for this port can be exported.
WARNING: [Route 35-198] Port "m_axi_gmem2_rdata[3]" does not have an associated HD.PARTPIN_LOCS, which will prevent the partial routing of the signal "m_axi_gmem2_rdata[3]". Without this partial route, timing analysis to/from this port will not be accurate, and no routing information for this port can be exported.
WARNING: [Route 35-198] Port "m_axi_gmem2_rdata[8]" does not have an associated HD.PARTPIN_LOCS, which will prevent the partial routing of the signal "m_axi_gmem2_rdata[8]". Without this partial route, timing analysis to/from this port will not be accurate, and no routing information for this port can be exported.
WARNING: [Route 35-198] Port "m_axi_gmem2_rdata[9]" does not have an associated HD.PARTPIN_LOCS, which will prevent the partial routing of the signal "m_axi_gmem2_rdata[9]". Without this partial route, timing analysis to/from this port will not be accurate, and no routing information for this port can be exported.
WARNING: [Route 35-198] Port "m_axi_gmem0_rvalid" does not have an associated HD.PARTPIN_LOCS, which will prevent the partial routing of the signal "m_axi_gmem0_rvalid". Without this partial route, timing analysis to/from this port will not be accurate, and no routing information for this port can be exported.
WARNING: [Route 35-198] Port "m_axi_gmem1_rvalid" does not have an associated HD.PARTPIN_LOCS, which will prevent the partial routing of the signal "m_axi_gmem1_rvalid". Without this partial route, timing analysis to/from this port will not be accurate, and no routing information for this port can be exported.
WARNING: [Route 35-198] Port "m_axi_gmem0_rdata[22]" does not have an associated HD.PARTPIN_LOCS, which will prevent the partial routing of the signal "m_axi_gmem0_rdata[22]". Without this partial route, timing analysis to/from this port will not be accurate, and no routing information for this port can be exported.
INFO: [Common 17-14] Message 'Route 35-198' appears 100 times and further instances of the messages will be disabled. Use the Tcl command set_msg_config to change the current settings.
Post Restoration Checksum: NetGraph: 6726c4bd | NumContArr: 11a32500 | Constraints: c2a8fa9d | Timing: c2a8fa9d
Phase 1 Build RT Design | Checksum: 1fe1bdef7

Time (s): cpu = 00:00:07 ; elapsed = 00:00:04 . Memory (MB): peak = 5225.625 ; gain = 0.000 ; free physical = 823764 ; free virtual = 1205750

Phase 2 Router Initialization

Phase 2.1 Fix Topology Constraints
Phase 2.1 Fix Topology Constraints | Checksum: 1fe1bdef7

Time (s): cpu = 00:00:07 ; elapsed = 00:00:04 . Memory (MB): peak = 5225.625 ; gain = 0.000 ; free physical = 823764 ; free virtual = 1205749

Phase 2.2 Pre Route Cleanup
Phase 2.2 Pre Route Cleanup | Checksum: 1fe1bdef7

Time (s): cpu = 00:00:07 ; elapsed = 00:00:04 . Memory (MB): peak = 5225.625 ; gain = 0.000 ; free physical = 823764 ; free virtual = 1205749

Phase 2.3 Global Clock Net Routing
Phase 2.3 Global Clock Net Routing | Checksum: 1fe1bdef7

Time (s): cpu = 00:00:08 ; elapsed = 00:00:04 . Memory (MB): peak = 5225.625 ; gain = 0.000 ; free physical = 823766 ; free virtual = 1205752

Phase 2.4 Update Timing
Phase 2.4 Update Timing | Checksum: 232c5fc09

Time (s): cpu = 00:00:10 ; elapsed = 00:00:04 . Memory (MB): peak = 5225.625 ; gain = 0.000 ; free physical = 823765 ; free virtual = 1205751
INFO: [Route 35-416] Intermediate Timing Summary | WNS=3.366  | TNS=0.000  | WHS=0.040  | THS=0.000  |


Router Utilization Summary
  Global Vertical Routing Utilization    = 0 %
  Global Horizontal Routing Utilization  = 0 %
  Routable Net Status*
  *Does not include unroutable nets such as driverless and loadless.
  Run report_route_status for detailed report.
  Number of Failed Nets               = 8923
    (Failed Nets is the sum of unrouted and partially routed nets)
  Number of Unrouted Nets             = 8064
  Number of Partially Routed Nets     = 859
  Number of Node Overlaps             = 0

Phase 2 Router Initialization | Checksum: 220db93d7

Time (s): cpu = 00:00:13 ; elapsed = 00:00:06 . Memory (MB): peak = 5225.625 ; gain = 0.000 ; free physical = 823766 ; free virtual = 1205752

Phase 3 Initial Routing

Phase 3.1 Global Routing
Phase 3.1 Global Routing | Checksum: 220db93d7

Time (s): cpu = 00:00:13 ; elapsed = 00:00:06 . Memory (MB): peak = 5225.625 ; gain = 0.000 ; free physical = 823766 ; free virtual = 1205752

Phase 3.2 Initial Net Routing
Phase 3.2 Initial Net Routing | Checksum: 26d8c4037

Time (s): cpu = 00:00:17 ; elapsed = 00:00:07 . Memory (MB): peak = 5225.625 ; gain = 0.000 ; free physical = 823766 ; free virtual = 1205752
Phase 3 Initial Routing | Checksum: 2b7aca5a2

Time (s): cpu = 00:00:17 ; elapsed = 00:00:07 . Memory (MB): peak = 5225.625 ; gain = 0.000 ; free physical = 823766 ; free virtual = 1205752

Phase 4 Rip-up And Reroute

Phase 4.1 Global Iteration 0
 Number of Nodes with overlaps = 1151
 Number of Nodes with overlaps = 105
 Number of Nodes with overlaps = 25
 Number of Nodes with overlaps = 12
 Number of Nodes with overlaps = 5
 Number of Nodes with overlaps = 2
 Number of Nodes with overlaps = 1
 Number of Nodes with overlaps = 0
INFO: [Route 35-416] Intermediate Timing Summary | WNS=2.761  | TNS=0.000  | WHS=0.055  | THS=0.000  |

Phase 4.1 Global Iteration 0 | Checksum: 2aa017dd3

Time (s): cpu = 00:00:37 ; elapsed = 00:00:17 . Memory (MB): peak = 5225.625 ; gain = 0.000 ; free physical = 823758 ; free virtual = 1205747

Phase 4.2 Additional Iteration for Hold
Phase 4.2 Additional Iteration for Hold | Checksum: 21ba097ee

Time (s): cpu = 00:00:37 ; elapsed = 00:00:17 . Memory (MB): peak = 5225.625 ; gain = 0.000 ; free physical = 823755 ; free virtual = 1205744
Phase 4 Rip-up And Reroute | Checksum: 21ba097ee

Time (s): cpu = 00:00:37 ; elapsed = 00:00:17 . Memory (MB): peak = 5225.625 ; gain = 0.000 ; free physical = 823754 ; free virtual = 1205743

Phase 5 Delay and Skew Optimization

Phase 5.1 Delay CleanUp
Phase 5.1 Delay CleanUp | Checksum: 21ba097ee

Time (s): cpu = 00:00:37 ; elapsed = 00:00:17 . Memory (MB): peak = 5225.625 ; gain = 0.000 ; free physical = 823757 ; free virtual = 1205745

Phase 5.2 Clock Skew Optimization
Phase 5.2 Clock Skew Optimization | Checksum: 21ba097ee

Time (s): cpu = 00:00:37 ; elapsed = 00:00:17 . Memory (MB): peak = 5225.625 ; gain = 0.000 ; free physical = 823756 ; free virtual = 1205745
Phase 5 Delay and Skew Optimization | Checksum: 21ba097ee

Time (s): cpu = 00:00:37 ; elapsed = 00:00:17 . Memory (MB): peak = 5225.625 ; gain = 0.000 ; free physical = 823755 ; free virtual = 1205743

Phase 6 Post Hold Fix

Phase 6.1 Hold Fix Iter

Phase 6.1.1 Update Timing
Phase 6.1.1 Update Timing | Checksum: 1f8598b4f

Time (s): cpu = 00:00:39 ; elapsed = 00:00:18 . Memory (MB): peak = 5225.625 ; gain = 0.000 ; free physical = 823763 ; free virtual = 1205751
INFO: [Route 35-416] Intermediate Timing Summary | WNS=2.761  | TNS=0.000  | WHS=0.055  | THS=0.000  |

Phase 6.1 Hold Fix Iter | Checksum: 1f8598b4f

Time (s): cpu = 00:00:39 ; elapsed = 00:00:18 . Memory (MB): peak = 5225.625 ; gain = 0.000 ; free physical = 823763 ; free virtual = 1205751
Phase 6 Post Hold Fix | Checksum: 1f8598b4f

Time (s): cpu = 00:00:39 ; elapsed = 00:00:18 . Memory (MB): peak = 5225.625 ; gain = 0.000 ; free physical = 823763 ; free virtual = 1205751

Phase 7 Route finalize

Router Utilization Summary
  Global Vertical Routing Utilization    = 0.699148 %
  Global Horizontal Routing Utilization  = 0.864956 %
  Routable Net Status*
  *Does not include unroutable nets such as driverless and loadless.
  Run report_route_status for detailed report.
  Number of Failed Nets               = 0
    (Failed Nets is the sum of unrouted and partially routed nets)
  Number of Unrouted Nets             = 0
  Number of Partially Routed Nets     = 0
  Number of Node Overlaps             = 0

Phase 7 Route finalize | Checksum: 1f8598b4f

Time (s): cpu = 00:00:39 ; elapsed = 00:00:18 . Memory (MB): peak = 5225.625 ; gain = 0.000 ; free physical = 823763 ; free virtual = 1205751

Phase 8 Verifying routed nets

 Verification completed successfully
Phase 8 Verifying routed nets | Checksum: 1f8598b4f

Time (s): cpu = 00:00:39 ; elapsed = 00:00:18 . Memory (MB): peak = 5225.625 ; gain = 0.000 ; free physical = 823763 ; free virtual = 1205751

Phase 9 Depositing Routes
Phase 9 Depositing Routes | Checksum: 1f8598b4f

Time (s): cpu = 00:00:40 ; elapsed = 00:00:18 . Memory (MB): peak = 5225.625 ; gain = 0.000 ; free physical = 823759 ; free virtual = 1205748

Phase 10 Resolve XTalk
Phase 10 Resolve XTalk | Checksum: 1f8598b4f

Time (s): cpu = 00:00:40 ; elapsed = 00:00:18 . Memory (MB): peak = 5225.625 ; gain = 0.000 ; free physical = 823760 ; free virtual = 1205748

Phase 11 Post Router Timing
INFO: [Route 35-57] Estimated Timing Summary | WNS=2.761  | TNS=0.000  | WHS=0.055  | THS=0.000  |

INFO: [Route 35-327] The final timing numbers are based on the router estimated timing analysis. For a complete and accurate timing signoff, please run report_timing_summary.
Phase 11 Post Router Timing | Checksum: 1f8598b4f

Time (s): cpu = 00:00:41 ; elapsed = 00:00:18 . Memory (MB): peak = 5225.625 ; gain = 0.000 ; free physical = 823760 ; free virtual = 1205748
INFO: [Route 35-16] Router Completed Successfully

Phase 12 Post-Route Event Processing
Phase 12 Post-Route Event Processing | Checksum: e08d898e

Time (s): cpu = 00:00:41 ; elapsed = 00:00:19 . Memory (MB): peak = 5225.625 ; gain = 0.000 ; free physical = 823760 ; free virtual = 1205749
Ending Routing Task | Checksum: e08d898e

Time (s): cpu = 00:00:41 ; elapsed = 00:00:19 . Memory (MB): peak = 5225.625 ; gain = 0.000 ; free physical = 823760 ; free virtual = 1205748

Routing Is Done.
INFO: [Common 17-83] Releasing license: Implementation
101 Infos, 203 Warnings, 0 Critical Warnings and 0 Errors encountered.
route_design completed successfully
route_design: Time (s): cpu = 00:00:46 ; elapsed = 00:00:20 . Memory (MB): peak = 5225.625 ; gain = 32.016 ; free physical = 823761 ; free virtual = 1205749
INFO: [runtcl-4] Executing : report_drc -file bd_0_wrapper_drc_routed.rpt -pb bd_0_wrapper_drc_routed.pb -rpx bd_0_wrapper_drc_routed.rpx
Command: report_drc -file bd_0_wrapper_drc_routed.rpt -pb bd_0_wrapper_drc_routed.pb -rpx bd_0_wrapper_drc_routed.rpx
INFO: [IP_Flow 19-1839] IP Catalog is up to date.
WARNING: [Timing 38-242] The property HD.CLK_SRC of clock port "ap_clk" is not set. In out-of-context mode, this prevents timing estimation for clock delay/skew
Resolution: Set the HD.CLK_SRC property of the out-of-context port to the location of the clock buffer instance in the top-level design
INFO: [DRC 23-27] Running DRC with 8 threads
INFO: [Vivado_Tcl 2-168] The results of DRC are in file /home/sg9109/Documents/hls-design/ntt-asic/impl/verilog/project.runs/impl_1/bd_0_wrapper_drc_routed.rpt.
report_drc completed successfully
INFO: [runtcl-4] Executing : report_methodology -file bd_0_wrapper_methodology_drc_routed.rpt -pb bd_0_wrapper_methodology_drc_routed.pb -rpx bd_0_wrapper_methodology_drc_routed.rpx
Command: report_methodology -file bd_0_wrapper_methodology_drc_routed.rpt -pb bd_0_wrapper_methodology_drc_routed.pb -rpx bd_0_wrapper_methodology_drc_routed.rpx
INFO: [Timing 38-35] Done setting XDC timing constraints.
INFO: [DRC 23-133] Running Methodology with 8 threads
INFO: [Vivado_Tcl 2-1520] The results of Report Methodology are in file /home/sg9109/Documents/hls-design/ntt-asic/impl/verilog/project.runs/impl_1/bd_0_wrapper_methodology_drc_routed.rpt.
report_methodology completed successfully
INFO: [runtcl-4] Executing : report_power -file bd_0_wrapper_power_routed.rpt -pb bd_0_wrapper_power_summary_routed.pb -rpx bd_0_wrapper_power_routed.rpx
Command: report_power -file bd_0_wrapper_power_routed.rpt -pb bd_0_wrapper_power_summary_routed.pb -rpx bd_0_wrapper_power_routed.rpx
INFO: [Timing 38-35] Done setting XDC timing constraints.
Running Vector-less Activity Propagation...

Finished Running Vector-less Activity Propagation
111 Infos, 204 Warnings, 0 Critical Warnings and 0 Errors encountered.
report_power completed successfully
report_power: Time (s): cpu = 00:00:09 ; elapsed = 00:00:06 . Memory (MB): peak = 5249.637 ; gain = 24.012 ; free physical = 823593 ; free virtual = 1205563
INFO: [runtcl-4] Executing : report_route_status -file bd_0_wrapper_route_status.rpt -pb bd_0_wrapper_route_status.pb
INFO: [runtcl-4] Executing : report_timing_summary -max_paths 10 -report_unconstrained -file bd_0_wrapper_timing_summary_routed.rpt -pb bd_0_wrapper_timing_summary_routed.pb -rpx bd_0_wrapper_timing_summary_routed.rpx -warn_on_violation 
INFO: [Timing 38-91] UpdateTimingParams: Speed grade: -2LV, Temperature grade: C, Delay Type: min_max.
INFO: [Timing 38-191] Multithreading enabled for timing update using a maximum of 8 CPUs
INFO: [runtcl-4] Executing : report_incremental_reuse -file bd_0_wrapper_incremental_reuse_routed.rpt
INFO: [Vivado_Tcl 4-1062] Incremental flow is disabled. No incremental reuse Info to report.
INFO: [runtcl-4] Executing : report_clock_utilization -file bd_0_wrapper_clock_utilization_routed.rpt
INFO: [runtcl-4] Executing : report_bus_skew -warn_on_violation -file bd_0_wrapper_bus_skew_routed.rpt -pb bd_0_wrapper_bus_skew_routed.pb -rpx bd_0_wrapper_bus_skew_routed.rpx
INFO: [Timing 38-91] UpdateTimingParams: Speed grade: -2LV, Temperature grade: C, Delay Type: min_max.
INFO: [Timing 38-191] Multithreading enabled for timing update using a maximum of 8 CPUs
INFO: [Timing 38-480] Writing timing data to binary archive.
Write ShapeDB Complete: Time (s): cpu = 00:00:00.12 ; elapsed = 00:00:00.03 . Memory (MB): peak = 5249.637 ; gain = 0.000 ; free physical = 823590 ; free virtual = 1205565
Wrote PlaceDB: Time (s): cpu = 00:00:01 ; elapsed = 00:00:00.31 . Memory (MB): peak = 5249.637 ; gain = 0.000 ; free physical = 823408 ; free virtual = 1205391
Wrote PulsedLatchDB: Time (s): cpu = 00:00:00 ; elapsed = 00:00:00 . Memory (MB): peak = 5249.637 ; gain = 0.000 ; free physical = 823408 ; free virtual = 1205392
Writing XDEF routing.
Writing XDEF routing logical nets.
Writing XDEF routing special nets.
Wrote RouteStorage: Time (s): cpu = 00:00:00.23 ; elapsed = 00:00:00.12 . Memory (MB): peak = 5249.637 ; gain = 0.000 ; free physical = 823388 ; free virtual = 1205373
Wrote Netlist Cache: Time (s): cpu = 00:00:00.02 ; elapsed = 00:00:00.01 . Memory (MB): peak = 5249.637 ; gain = 0.000 ; free physical = 823388 ; free virtual = 1205374
Wrote Device Cache: Time (s): cpu = 00:00:00.01 ; elapsed = 00:00:00.01 . Memory (MB): peak = 5249.637 ; gain = 0.000 ; free physical = 823384 ; free virtual = 1205374
Write Physdb Complete: Time (s): cpu = 00:00:01 ; elapsed = 00:00:00.51 . Memory (MB): peak = 5249.637 ; gain = 0.000 ; free physical = 823383 ; free virtual = 1205372
INFO: [Common 17-1381] The checkpoint '/home/sg9109/Documents/hls-design/ntt-asic/impl/verilog/project.runs/impl_1/bd_0_wrapper_routed.dcp' has been generated.
INFO: [Common 17-206] Exiting Vivado at Mon Jun  1 21:47:52 2026...
