Copyright 1986-2022 Xilinx, Inc. All Rights Reserved. Copyright 2022-2023 Advanced Micro Devices, Inc. All Rights Reserved.
---------------------------------------------------------------------------------------------------------------------------------------------
| Tool Version : Vivado v.2023.2 (lin64) Build 4029153 Fri Oct 13 20:13:54 MDT 2023
| Date         : Thu Jun  4 11:29:52 2026
| Host         : ecs02.poly.edu running 64-bit Red Hat Enterprise Linux release 8.10 (Ootpa)
| Command      : report_design_analysis -file ./report/ntt_kernel_design_analysis_synth.rpt
| Design       : bd_0_wrapper
| Device       : xck26
| Design State : Synthesized
---------------------------------------------------------------------------------------------------------------------------------------------

Report Design Analysis

Table of Contents
-----------------
1. Setup Path Characteristics 1-1
2. Logic Level Distribution
3. Placer Final Level Congestion Reporting
4. SLR Net Crossing Reporting

1. Setup Path Characteristics 1-1
---------------------------------

+---------------------------+-------------------------------------------------------------------------------------------------------------------------------------------------------------------------------------------------------------------------------+
|      Characteristics      |                                                                                                            Path #1                                                                                                            |
+---------------------------+-------------------------------------------------------------------------------------------------------------------------------------------------------------------------------------------------------------------------------+
| Requirement               | 10.000                                                                                                                                                                                                                        |
| Path Delay                | 5.388                                                                                                                                                                                                                         |
| Logic Delay               | 2.863(54%)                                                                                                                                                                                                                    |
| Net Delay                 | 2.525(46%)                                                                                                                                                                                                                    |
| Clock Skew                | 0.006                                                                                                                                                                                                                         |
| Slack                     | 4.068                                                                                                                                                                                                                         |
| Clock Uncertainty         | 0.035                                                                                                                                                                                                                         |
| Clock Relationship        | Safely Timed                                                                                                                                                                                                                  |
| Clock Delay Group         | Same Clock                                                                                                                                                                                                                    |
| Logic Levels              | 24                                                                                                                                                                                                                            |
| Routes                    | NA                                                                                                                                                                                                                            |
| Logical Path              | FDRE/C-(8)-LUT2-(1)-CARRY8-CARRY8-CARRY8-LUT4-(1)-CARRY8-LUT3-(1)-CARRY8-CARRY8-CARRY8-CARRY8-LUT2-(2)-LUT3-(1)-CARRY8-LUT4-(2)-LUT5-(1)-CARRY8-CARRY8-CARRY8-CARRY8-LUT6-(1)-LUT6-(1)-LUT6-(1)-LUT3-(1)-RAMB36E2/DINADIN[30] |
| Start Point Clock         | ap_clk                                                                                                                                                                                                                        |
| End Point Clock           | ap_clk                                                                                                                                                                                                                        |
| DSP Block                 | None                                                                                                                                                                                                                          |
| RAM Registers             | None-None                                                                                                                                                                                                                     |
| IO Crossings              | 0                                                                                                                                                                                                                             |
| SLR Crossings             | 0                                                                                                                                                                                                                             |
| PBlocks                   | 0                                                                                                                                                                                                                             |
| High Fanout               | 8                                                                                                                                                                                                                             |
| Dont Touch                | 0                                                                                                                                                                                                                             |
| Mark Debug                | 0                                                                                                                                                                                                                             |
| Start Point Pin Primitive | FDRE/C                                                                                                                                                                                                                        |
| End Point Pin Primitive   | RAMB36E2/DINADIN[30]                                                                                                                                                                                                          |
| Start Point Pin           | ain_s1_reg[0]/C                                                                                                                                                                                                               |
| End Point Pin             | ram_reg_bram_0/DINADIN[30]                                                                                                                                                                                                    |
+---------------------------+-------------------------------------------------------------------------------------------------------------------------------------------------------------------------------------------------------------------------------+
* Bounding box calculated as % of dimensions for the target device (2818, 498)


2. Logic Level Distribution
---------------------------

+-----------------+-------------+----+----+----+----+----+----+----+----+----+-----+-----+----+----+-----+----+----+----+
| End Point Clock | Requirement |  3 |  5 |  8 |  9 | 10 | 11 | 14 | 15 | 16 |  17 |  18 | 19 | 20 |  21 | 22 | 23 | 24 |
+-----------------+-------------+----+----+----+----+----+----+----+----+----+-----+-----+----+----+-----+----+----+----+
| ap_clk          | 10.000ns    | 63 | 47 | 42 | 88 | 88 | 32 |  2 |  6 | 14 | 129 | 151 | 54 | 96 | 114 | 50 | 16 |  8 |
+-----------------+-------------+----+----+----+----+----+----+----+----+----+-----+-----+----+----+-----+----+----+----+
* Columns represent the logic levels per end point clock
** Distribution is for top worst 1000 paths


3. Placer Final Level Congestion Reporting
------------------------------------------

+-----------+------+-------+--------+---------------+---------------+-----+--------+------+------+------+------+-----+-------+-----+------------+
| Direction | Type | Level | Window | Combined LUTs | Avg LUT Input | LUT | LUTRAM | Flop | MUXF | RAMB | URAM | DSP | CARRY | SRL | Cell Names |
+-----------+------+-------+--------+---------------+---------------+-----+--------+------+------+------+------+-----+-------+-----+------------+
* The design has not been placed, hence congestion data is not available. The command report_design_analysis -congestion should be run only after place_design has completed.


4. SLR Net Crossing Reporting
-----------------------------

+------------+-----------------------------+
| Cell Names | Number of Nets crossing SLR |
+------------+-----------------------------+
* The current part is not an SSI device


