Copyright 1986-2022 Xilinx, Inc. All Rights Reserved. Copyright 2022-2023 Advanced Micro Devices, Inc. All Rights Reserved.
--------------------------------------------------------------------------------------------------------------------------------------------------
| Tool Version      : Vivado v.2023.2 (lin64) Build 4029153 Fri Oct 13 20:13:54 MDT 2023
| Date              : Mon Jun  1 21:48:15 2026
| Host              : ecs02.poly.edu running 64-bit Red Hat Enterprise Linux release 8.10 (Ootpa)
| Command           : report_timing_summary -file ./report/ntt_kernel_timing_routed.rpt
| Design            : bd_0_wrapper
| Device            : xck26-sfvc784
| Speed File        : -2LV  PRODUCTION 1.30 05-15-2022
| Design State      : Routed
| Temperature Grade : C
--------------------------------------------------------------------------------------------------------------------------------------------------

Timing Summary Report

------------------------------------------------------------------------------------------------
| Timer Settings
| --------------
------------------------------------------------------------------------------------------------

  Enable Multi Corner Analysis               :  Yes
  Enable Pessimism Removal                   :  Yes
  Pessimism Removal Resolution               :  Nearest Common Node
  Enable Input Delay Default Clock           :  No
  Enable Preset / Clear Arcs                 :  No
  Disable Flight Delays                      :  No
  Ignore I/O Paths                           :  No
  Timing Early Launch at Borrowing Latches   :  No
  Borrow Time for Max Delay Exceptions       :  Yes
  Merge Timing Exceptions                    :  Yes
  Inter-SLR Compensation                     :  Conservative

  Corner  Analyze    Analyze    
  Name    Max Paths  Min Paths  
  ------  ---------  ---------  
  Slow    Yes        Yes        
  Fast    Yes        Yes        


------------------------------------------------------------------------------------------------
| Report Methodology
| ------------------
------------------------------------------------------------------------------------------------

Rule       Severity  Description                    Violations  
---------  --------  -----------------------------  ----------  
TIMING-18  Warning   Missing input or output delay  540         

Note: This report is based on the most recent report_methodology run and may not be up-to-date. Run report_methodology on the current design for the latest report.



check_timing report

Table of Contents
-----------------
1. checking no_clock (0)
2. checking constant_clock (0)
3. checking pulse_width_clock (0)
4. checking unconstrained_internal_endpoints (0)
5. checking no_input_delay (166)
6. checking no_output_delay (350)
7. checking multiple_clock (0)
8. checking generated_clocks (0)
9. checking loops (0)
10. checking partial_input_delay (0)
11. checking partial_output_delay (0)
12. checking latch_loops (0)

1. checking no_clock (0)
------------------------
 There are 0 register/latch pins with no clock.


2. checking constant_clock (0)
------------------------------
 There are 0 register/latch pins with constant_clock.


3. checking pulse_width_clock (0)
---------------------------------
 There are 0 register/latch pins which need pulse_width check


4. checking unconstrained_internal_endpoints (0)
------------------------------------------------
 There are 0 pins that are not constrained for maximum delay.

 There are 0 pins that are not constrained for maximum delay due to constant clock.


5. checking no_input_delay (166)
--------------------------------
 There are 166 input ports with no input delay specified. (HIGH)

 There are 0 input ports with no input delay but user has a false path constraint.


6. checking no_output_delay (350)
---------------------------------
 There are 350 ports with no output delay specified. (HIGH)

 There are 0 ports with no output delay but user has a false path constraint

 There are 0 ports with no output delay but with a timing clock defined on it or propagating through it


7. checking multiple_clock (0)
------------------------------
 There are 0 register/latch pins with multiple clocks.


8. checking generated_clocks (0)
--------------------------------
 There are 0 generated clocks that are not connected to a clock source.


9. checking loops (0)
---------------------
 There are 0 combinational loops in the design.


10. checking partial_input_delay (0)
------------------------------------
 There are 0 input ports with partial input delay specified.


11. checking partial_output_delay (0)
-------------------------------------
 There are 0 ports with partial output delay specified.


12. checking latch_loops (0)
----------------------------
 There are 0 combinational latch loops in the design through latch input



------------------------------------------------------------------------------------------------
| Design Timing Summary
| ---------------------
------------------------------------------------------------------------------------------------

    WNS(ns)      TNS(ns)  TNS Failing Endpoints  TNS Total Endpoints      WHS(ns)      THS(ns)  THS Failing Endpoints  THS Total Endpoints     WPWS(ns)     TPWS(ns)  TPWS Failing Endpoints  TPWS Total Endpoints  
    -------      -------  ---------------------  -------------------      -------      -------  ---------------------  -------------------     --------     --------  ----------------------  --------------------  
      2.777        0.000                      0                13500        0.055        0.000                      0                13500        4.200        0.000                       0                  6233  


All user specified timing constraints are met.


------------------------------------------------------------------------------------------------
| Clock Summary
| -------------
------------------------------------------------------------------------------------------------

Clock   Waveform(ns)       Period(ns)      Frequency(MHz)
-----   ------------       ----------      --------------
ap_clk  {0.000 5.000}      10.000          100.000         


------------------------------------------------------------------------------------------------
| Intra Clock Table
| -----------------
------------------------------------------------------------------------------------------------

Clock             WNS(ns)      TNS(ns)  TNS Failing Endpoints  TNS Total Endpoints      WHS(ns)      THS(ns)  THS Failing Endpoints  THS Total Endpoints     WPWS(ns)     TPWS(ns)  TPWS Failing Endpoints  TPWS Total Endpoints  
-----             -------      -------  ---------------------  -------------------      -------      -------  ---------------------  -------------------     --------     --------  ----------------------  --------------------  
ap_clk              2.777        0.000                      0                13500        0.055        0.000                      0                13500        4.200        0.000                       0                  6233  


------------------------------------------------------------------------------------------------
| Inter Clock Table
| -----------------
------------------------------------------------------------------------------------------------

From Clock    To Clock          WNS(ns)      TNS(ns)  TNS Failing Endpoints  TNS Total Endpoints      WHS(ns)      THS(ns)  THS Failing Endpoints  THS Total Endpoints  
----------    --------          -------      -------  ---------------------  -------------------      -------      -------  ---------------------  -------------------  


------------------------------------------------------------------------------------------------
| Other Path Groups Table
| -----------------------
------------------------------------------------------------------------------------------------

Path Group    From Clock    To Clock          WNS(ns)      TNS(ns)  TNS Failing Endpoints  TNS Total Endpoints      WHS(ns)      THS(ns)  THS Failing Endpoints  THS Total Endpoints  
----------    ----------    --------          -------      -------  ---------------------  -------------------      -------      -------  ---------------------  -------------------  


------------------------------------------------------------------------------------------------
| Timing Details
| --------------
------------------------------------------------------------------------------------------------


---------------------------------------------------------------------------------------------------
From Clock:  ap_clk
  To Clock:  ap_clk

Setup :            0  Failing Endpoints,  Worst Slack        2.777ns,  Total Violation        0.000ns
Hold  :            0  Failing Endpoints,  Worst Slack        0.055ns,  Total Violation        0.000ns
PW    :            0  Failing Endpoints,  Worst Slack        4.200ns,  Total Violation        0.000ns
---------------------------------------------------------------------------------------------------


Max Delay Paths
--------------------------------------------------------------------------------------
Slack (MET) :             2.777ns  (required time - arrival time)
  Source:                 bd_0_i/hls_inst/inst/grp_ntt_kernel_Pipeline_FLATTENED_BUTTERFLY_LOOP_fu_322/add_64ns_64ns_64_2_1_U19/ain_s1_reg[8]/C
                            (rising edge-triggered cell FDRE clocked by ap_clk  {rise@0.000ns fall@5.000ns period=10.000ns})
  Destination:            bd_0_i/hls_inst/inst/ping_U/ram_reg_bram_2/DINADIN[4]
                            (rising edge-triggered cell RAMB36E2 clocked by ap_clk  {rise@0.000ns fall@5.000ns period=10.000ns})
  Path Group:             ap_clk
  Path Type:              Setup (Max at Slow Process Corner)
  Requirement:            10.000ns  (ap_clk rise@10.000ns - ap_clk rise@0.000ns)
  Data Path Delay:        6.726ns  (logic 2.758ns (41.006%)  route 3.968ns (58.994%))
  Logic Levels:           17  (CARRY8=10 LUT2=1 LUT3=2 LUT4=2 LUT6=2)
  Clock Path Skew:        0.005ns (DCD - SCD + CPR)
    Destination Clock Delay (DCD):    0.047ns = ( 10.047 - 10.000 ) 
    Source Clock Delay      (SCD):    0.042ns
    Clock Pessimism Removal (CPR):    0.000ns
  Clock Uncertainty:      0.035ns  ((TSJ^2 + TIJ^2)^1/2 + DJ) / 2 + PE
    Total System Jitter     (TSJ):    0.071ns
    Total Input Jitter      (TIJ):    0.000ns
    Discrete Jitter          (DJ):    0.000ns
    Phase Error              (PE):    0.000ns

    Location             Delay type                Incr(ns)  Path(ns)    Netlist Resource(s)
  -------------------------------------------------------------------    -------------------
                         (clock ap_clk rise edge)     0.000     0.000 r  
                                                      0.000     0.000 r  ap_clk (IN)
                         net (fo=6267, unset)         0.042     0.042    bd_0_i/hls_inst/inst/grp_ntt_kernel_Pipeline_FLATTENED_BUTTERFLY_LOOP_fu_322/add_64ns_64ns_64_2_1_U19/ap_clk
    SLICE_X22Y78         FDRE                                         r  bd_0_i/hls_inst/inst/grp_ntt_kernel_Pipeline_FLATTENED_BUTTERFLY_LOOP_fu_322/add_64ns_64ns_64_2_1_U19/ain_s1_reg[8]/C
  -------------------------------------------------------------------    -------------------
    SLICE_X22Y78         FDRE (Prop_FFF_SLICEL_C_Q)
                                                      0.113     0.155 r  bd_0_i/hls_inst/inst/grp_ntt_kernel_Pipeline_FLATTENED_BUTTERFLY_LOOP_fu_322/add_64ns_64ns_64_2_1_U19/ain_s1_reg[8]/Q
                         net (fo=2, routed)           0.478     0.633    bd_0_i/hls_inst/inst/grp_ntt_kernel_Pipeline_FLATTENED_BUTTERFLY_LOOP_fu_322/add_64ns_64ns_64_2_1_U19/u2/ram_reg_bram_2_i_14_0[8]
    SLICE_X24Y78         LUT2 (Prop_A6LUT_SLICEM_I0_O)
                                                      0.189     0.822 r  bd_0_i/hls_inst/inst/grp_ntt_kernel_Pipeline_FLATTENED_BUTTERFLY_LOOP_fu_322/add_64ns_64ns_64_2_1_U19/u2/dout0_carry__0_i_8/O
                         net (fo=1, routed)           0.017     0.839    bd_0_i/hls_inst/inst/grp_ntt_kernel_Pipeline_FLATTENED_BUTTERFLY_LOOP_fu_322/add_64ns_64ns_64_2_1_U19/u2/dout0_carry__0_i_8_n_4
    SLICE_X24Y78         CARRY8 (Prop_CARRY8_SLICEM_S[0]_CO[7])
                                                      0.281     1.120 r  bd_0_i/hls_inst/inst/grp_ntt_kernel_Pipeline_FLATTENED_BUTTERFLY_LOOP_fu_322/add_64ns_64ns_64_2_1_U19/u2/dout0_carry__0/CO[7]
                         net (fo=1, routed)           0.030     1.150    bd_0_i/hls_inst/inst/grp_ntt_kernel_Pipeline_FLATTENED_BUTTERFLY_LOOP_fu_322/add_64ns_64ns_64_2_1_U19/u2/dout0_carry__0_n_4
    SLICE_X24Y79         CARRY8 (Prop_CARRY8_SLICEM_CI_O[1])
                                                      0.106     1.256 r  bd_0_i/hls_inst/inst/grp_ntt_kernel_Pipeline_FLATTENED_BUTTERFLY_LOOP_fu_322/add_64ns_64ns_64_2_1_U19/u2/dout0_carry__1/O[1]
                         net (fo=4, routed)           0.432     1.688    bd_0_i/hls_inst/inst/grp_ntt_kernel_Pipeline_FLATTENED_BUTTERFLY_LOOP_fu_322/add_64ns_64ns_64_2_1_U19/u2/t_fu_370_p4[17]
    SLICE_X26Y78         LUT4 (Prop_A6LUT_SLICEL_I0_O)
                                                      0.152     1.840 r  bd_0_i/hls_inst/inst/grp_ntt_kernel_Pipeline_FLATTENED_BUTTERFLY_LOOP_fu_322/add_64ns_64ns_64_2_1_U19/u2/ram_reg_bram_0_i_201/O
                         net (fo=1, routed)           0.014     1.854    bd_0_i/hls_inst/inst/grp_ntt_kernel_Pipeline_FLATTENED_BUTTERFLY_LOOP_fu_322/add_64ns_64ns_64_2_1_U19/u2/ram_reg_bram_0_i_201_n_4
    SLICE_X26Y78         CARRY8 (Prop_CARRY8_SLICEL_S[0]_CO[7])
                                                      0.278     2.132 r  bd_0_i/hls_inst/inst/grp_ntt_kernel_Pipeline_FLATTENED_BUTTERFLY_LOOP_fu_322/add_64ns_64ns_64_2_1_U19/u2/ram_reg_bram_0_i_184/CO[7]
                         net (fo=1, routed)           0.030     2.162    bd_0_i/hls_inst/inst/grp_ntt_kernel_Pipeline_FLATTENED_BUTTERFLY_LOOP_fu_322/add_64ns_64ns_64_2_1_U19/u2/icmp_ln44_fu_380_p2
    SLICE_X26Y79         CARRY8 (Prop_CARRY8_SLICEL_CI_O[0])
                                                      0.078     2.240 r  bd_0_i/hls_inst/inst/grp_ntt_kernel_Pipeline_FLATTENED_BUTTERFLY_LOOP_fu_322/add_64ns_64ns_64_2_1_U19/u2/ram_reg_bram_0_i_167/O[0]
                         net (fo=33, routed)          0.471     2.711    bd_0_i/hls_inst/inst/grp_ntt_kernel_Pipeline_FLATTENED_BUTTERFLY_LOOP_fu_322/add_64ns_64ns_64_2_1_U19/u2/ram_reg_bram_0_i_167_n_19
    SLICE_X25Y75         LUT3 (Prop_A6LUT_SLICEM_I2_O)
                                                      0.083     2.794 r  bd_0_i/hls_inst/inst/grp_ntt_kernel_Pipeline_FLATTENED_BUTTERFLY_LOOP_fu_322/add_64ns_64ns_64_2_1_U19/u2/ram_reg_bram_0_i_175/O
                         net (fo=1, routed)           0.017     2.811    bd_0_i/hls_inst/inst/grp_ntt_kernel_Pipeline_FLATTENED_BUTTERFLY_LOOP_fu_322/add_64ns_64ns_64_2_1_U19/u2/ram_reg_bram_0_i_175_n_4
    SLICE_X25Y75         CARRY8 (Prop_CARRY8_SLICEM_S[0]_CO[7])
                                                      0.281     3.092 r  bd_0_i/hls_inst/inst/grp_ntt_kernel_Pipeline_FLATTENED_BUTTERFLY_LOOP_fu_322/add_64ns_64ns_64_2_1_U19/u2/ram_reg_bram_0_i_93/CO[7]
                         net (fo=1, routed)           0.030     3.122    bd_0_i/hls_inst/inst/grp_ntt_kernel_Pipeline_FLATTENED_BUTTERFLY_LOOP_fu_322/add_64ns_64ns_64_2_1_U19/u2/ram_reg_bram_0_i_93_n_4
    SLICE_X25Y76         CARRY8 (Prop_CARRY8_SLICEM_CI_O[1])
                                                      0.106     3.228 r  bd_0_i/hls_inst/inst/grp_ntt_kernel_Pipeline_FLATTENED_BUTTERFLY_LOOP_fu_322/add_64ns_64ns_64_2_1_U19/u2/ram_reg_bram_0_i_42/O[1]
                         net (fo=6, routed)           0.366     3.594    bd_0_i/hls_inst/inst/grp_ntt_kernel_Pipeline_FLATTENED_BUTTERFLY_LOOP_fu_322/add_64ns_64ns_64_2_1_U19/u2/t_1_fu_396_p3[9]
    SLICE_X26Y74         LUT4 (Prop_B6LUT_SLICEL_I0_O)
                                                      0.138     3.732 r  bd_0_i/hls_inst/inst/grp_ntt_kernel_Pipeline_FLATTENED_BUTTERFLY_LOOP_fu_322/add_64ns_64ns_64_2_1_U19/u2/ram_reg_bram_0_i_49/O
                         net (fo=1, routed)           0.013     3.745    bd_0_i/hls_inst/inst/grp_ntt_kernel_Pipeline_FLATTENED_BUTTERFLY_LOOP_fu_322/add_64ns_64ns_64_2_1_U19/u2/ram_reg_bram_0_i_49_n_4
    SLICE_X26Y74         CARRY8 (Prop_CARRY8_SLICEL_S[1]_CO[7])
                                                      0.261     4.006 r  bd_0_i/hls_inst/inst/grp_ntt_kernel_Pipeline_FLATTENED_BUTTERFLY_LOOP_fu_322/add_64ns_64ns_64_2_1_U19/u2/ram_reg_bram_0_i_34/CO[7]
                         net (fo=1, routed)           0.030     4.036    bd_0_i/hls_inst/inst/grp_ntt_kernel_Pipeline_FLATTENED_BUTTERFLY_LOOP_fu_322/add_64ns_64ns_64_2_1_U19/u2/ram_reg_bram_0_i_34_n_4
    SLICE_X26Y75         CARRY8 (Prop_CARRY8_SLICEL_CI_CO[7])
                                                      0.065     4.101 r  bd_0_i/hls_inst/inst/grp_ntt_kernel_Pipeline_FLATTENED_BUTTERFLY_LOOP_fu_322/add_64ns_64ns_64_2_1_U19/u2/ram_reg_bram_0_i_40/CO[7]
                         net (fo=1, routed)           0.030     4.131    bd_0_i/hls_inst/inst/grp_ntt_kernel_Pipeline_FLATTENED_BUTTERFLY_LOOP_fu_322/add_64ns_64ns_64_2_1_U19/u2/ram_reg_bram_0_i_40_n_4
    SLICE_X26Y76         CARRY8 (Prop_CARRY8_SLICEL_CI_O[3])
                                                      0.114     4.245 f  bd_0_i/hls_inst/inst/grp_ntt_kernel_Pipeline_FLATTENED_BUTTERFLY_LOOP_fu_322/add_64ns_64ns_64_2_1_U19/u2/ram_reg_bram_2_i_12/O[3]
                         net (fo=7, routed)           0.332     4.577    bd_0_i/hls_inst/inst/grp_ntt_kernel_Pipeline_FLATTENED_BUTTERFLY_LOOP_fu_322/add_64ns_64ns_64_2_1_U19/u2/ram_reg_bram_3[3]
    SLICE_X25Y79         LUT6 (Prop_H6LUT_SLICEM_I0_O)
                                                      0.154     4.731 r  bd_0_i/hls_inst/inst/grp_ntt_kernel_Pipeline_FLATTENED_BUTTERFLY_LOOP_fu_322/add_64ns_64ns_64_2_1_U19/u2/ram_reg_bram_0_i_71/O
                         net (fo=1, routed)           0.383     5.114    bd_0_i/hls_inst/inst/grp_ntt_kernel_Pipeline_FLATTENED_BUTTERFLY_LOOP_fu_322/add_64ns_64ns_64_2_1_U19/u2/ram_reg_bram_0_i_71_n_4
    SLICE_X24Y74         CARRY8 (Prop_CARRY8_SLICEM_DI[5]_CO[7])
                                                      0.124     5.238 r  bd_0_i/hls_inst/inst/grp_ntt_kernel_Pipeline_FLATTENED_BUTTERFLY_LOOP_fu_322/add_64ns_64ns_64_2_1_U19/u2/ram_reg_bram_0_i_36/CO[7]
                         net (fo=32, routed)          0.506     5.744    bd_0_i/hls_inst/inst/grp_ntt_kernel_Pipeline_FLATTENED_BUTTERFLY_LOOP_fu_322/add_64ns_64ns_64_2_1_U19/u2/icmp_ln11_1_fu_421_p2
    SLICE_X27Y73         LUT6 (Prop_F6LUT_SLICEL_I4_O)
                                                      0.081     5.825 r  bd_0_i/hls_inst/inst/grp_ntt_kernel_Pipeline_FLATTENED_BUTTERFLY_LOOP_fu_322/add_64ns_64ns_64_2_1_U19/u2/ram_reg_bram_2_i_5/O
                         net (fo=2, routed)           0.256     6.081    bd_0_i/hls_inst/inst/grp_ntt_kernel_Pipeline_FLATTENED_BUTTERFLY_LOOP_fu_322/add_64ns_64ns_64_2_1_U19/u2/grp_ntt_kernel_Pipeline_FLATTENED_BUTTERFLY_LOOP_fu_322_pong_d1[22]
    SLICE_X28Y74         LUT3 (Prop_C5LUT_SLICEM_I0_O)
                                                      0.154     6.235 r  bd_0_i/hls_inst/inst/grp_ntt_kernel_Pipeline_FLATTENED_BUTTERFLY_LOOP_fu_322/add_64ns_64ns_64_2_1_U19/u2/ram_reg_bram_2_i_6__0/O
                         net (fo=1, routed)           0.533     6.768    bd_0_i/hls_inst/inst/ping_U/ping_d1[22]
    RAMB36_X0Y20         RAMB36E2                                     r  bd_0_i/hls_inst/inst/ping_U/ram_reg_bram_2/DINADIN[4]
  -------------------------------------------------------------------    -------------------

                         (clock ap_clk rise edge)    10.000    10.000 r  
                                                      0.000    10.000 r  ap_clk (IN)
                         net (fo=6267, unset)         0.047    10.047    bd_0_i/hls_inst/inst/ping_U/ap_clk
    RAMB36_X0Y20         RAMB36E2                                     r  bd_0_i/hls_inst/inst/ping_U/ram_reg_bram_2/CLKARDCLK
                         clock pessimism              0.000    10.047    
                         clock uncertainty           -0.035    10.012    
    RAMB36_X0Y20         RAMB36E2 (Setup_RAMB36E2_RAMB36_CLKARDCLK_DINADIN[4])
                                                     -0.467     9.545    bd_0_i/hls_inst/inst/ping_U/ram_reg_bram_2
  -------------------------------------------------------------------
                         required time                          9.545    
                         arrival time                          -6.768    
  -------------------------------------------------------------------
                         slack                                  2.777    





Min Delay Paths
--------------------------------------------------------------------------------------
Slack (MET) :             0.055ns  (arrival time - required time)
  Source:                 bd_0_i/hls_inst/inst/gmem0_m_axi_U/store_unit/fifo_wreq/U_fifo_srl/dout_reg[35]/C
                            (rising edge-triggered cell FDRE clocked by ap_clk  {rise@0.000ns fall@5.000ns period=10.000ns})
  Destination:            bd_0_i/hls_inst/inst/gmem0_m_axi_U/store_unit/tmp_addr_reg[37]/D
                            (rising edge-triggered cell FDRE clocked by ap_clk  {rise@0.000ns fall@5.000ns period=10.000ns})
  Path Group:             ap_clk
  Path Type:              Hold (Min at Slow Process Corner)
  Requirement:            0.000ns  (ap_clk rise@0.000ns - ap_clk rise@0.000ns)
  Data Path Delay:        0.171ns  (logic 0.112ns (65.497%)  route 0.059ns (34.503%))
  Logic Levels:           0  
  Clock Path Skew:        0.013ns (DCD - SCD - CPR)
    Destination Clock Delay (DCD):    0.042ns
    Source Clock Delay      (SCD):    0.029ns
    Clock Pessimism Removal (CPR):    -0.000ns

    Location             Delay type                Incr(ns)  Path(ns)    Netlist Resource(s)
  -------------------------------------------------------------------    -------------------
                         (clock ap_clk rise edge)     0.000     0.000 r  
                                                      0.000     0.000 r  ap_clk (IN)
                         net (fo=6267, unset)         0.029     0.029    bd_0_i/hls_inst/inst/gmem0_m_axi_U/store_unit/fifo_wreq/U_fifo_srl/ap_clk
    SLICE_X36Y100        FDRE                                         r  bd_0_i/hls_inst/inst/gmem0_m_axi_U/store_unit/fifo_wreq/U_fifo_srl/dout_reg[35]/C
  -------------------------------------------------------------------    -------------------
    SLICE_X36Y100        FDRE (Prop_HFF_SLICEL_C_Q)
                                                      0.112     0.141 r  bd_0_i/hls_inst/inst/gmem0_m_axi_U/store_unit/fifo_wreq/U_fifo_srl/dout_reg[35]/Q
                         net (fo=1, routed)           0.059     0.200    bd_0_i/hls_inst/inst/gmem0_m_axi_U/store_unit/fifo_wreq_n_64
    SLICE_X36Y100        FDRE                                         r  bd_0_i/hls_inst/inst/gmem0_m_axi_U/store_unit/tmp_addr_reg[37]/D
  -------------------------------------------------------------------    -------------------

                         (clock ap_clk rise edge)     0.000     0.000 r  
                                                      0.000     0.000 r  ap_clk (IN)
                         net (fo=6267, unset)         0.042     0.042    bd_0_i/hls_inst/inst/gmem0_m_axi_U/store_unit/ap_clk
    SLICE_X36Y100        FDRE                                         r  bd_0_i/hls_inst/inst/gmem0_m_axi_U/store_unit/tmp_addr_reg[37]/C
                         clock pessimism              0.000     0.042    
    SLICE_X36Y100        FDRE (Hold_HFF2_SLICEL_C_D)
                                                      0.103     0.145    bd_0_i/hls_inst/inst/gmem0_m_axi_U/store_unit/tmp_addr_reg[37]
  -------------------------------------------------------------------
                         required time                         -0.145    
                         arrival time                           0.200    
  -------------------------------------------------------------------
                         slack                                  0.055    





Pulse Width Checks
--------------------------------------------------------------------------------------
Clock Name:         ap_clk
Waveform(ns):       { 0.000 5.000 }
Period(ns):         10.000
Sources:            { ap_clk }

Check Type        Corner  Lib Pin      Reference Pin  Required(ns)  Actual(ns)  Slack(ns)  Location       Pin
Min Period        n/a     URAM288/CLK  n/a            2.471         10.000      7.529      URAM288_X0Y16  bd_0_i/hls_inst/inst/burst_buffer_U/ram_reg_uram_0/CLK
Low Pulse Width   Slow    URAM288/CLK  n/a            0.800         5.000       4.200      URAM288_X0Y16  bd_0_i/hls_inst/inst/burst_buffer_U/ram_reg_uram_0/CLK
High Pulse Width  Slow    URAM288/CLK  n/a            0.800         5.000       4.200      URAM288_X0Y16  bd_0_i/hls_inst/inst/burst_buffer_U/ram_reg_uram_0/CLK



