Copyright 1986-2022 Xilinx, Inc. All Rights Reserved. Copyright 2022-2023 Advanced Micro Devices, Inc. All Rights Reserved.
---------------------------------------------------------------------------------------------------------------------------------------------
| Tool Version : Vivado v.2023.2 (lin64) Build 4029153 Fri Oct 13 20:13:54 MDT 2023
| Date         : Mon Jun  1 21:48:16 2026
| Host         : ecs02.poly.edu running 64-bit Red Hat Enterprise Linux release 8.10 (Ootpa)
| Command      : report_design_analysis -file ./report/ntt_kernel_design_analysis_routed.rpt
| Design       : bd_0_wrapper
| Device       : xck26
| Design State : Routed
---------------------------------------------------------------------------------------------------------------------------------------------

Report Design Analysis

Table of Contents
-----------------
1. Setup Path Characteristics 1-1
2. Logic Level Distribution
3. Placer Final Level Congestion Reporting
4. Router Initial Congestion
5. SLR Net Crossing Reporting

1. Setup Path Characteristics 1-1
---------------------------------

+---------------------------+--------------------------------------------------------------------------------------------------------------------------------------------------------------------------+
|      Characteristics      |                                                                                  Path #1                                                                                 |
+---------------------------+--------------------------------------------------------------------------------------------------------------------------------------------------------------------------+
| Requirement               | 10.000                                                                                                                                                                   |
| Path Delay                | 6.726                                                                                                                                                                    |
| Logic Delay               | 2.758(42%)                                                                                                                                                               |
| Net Delay                 | 3.968(58%)                                                                                                                                                               |
| Clock Skew                | 0.005                                                                                                                                                                    |
| Slack                     | 2.777                                                                                                                                                                    |
| Clock Uncertainty         | 0.035                                                                                                                                                                    |
| Clock Relationship        | Safely Timed                                                                                                                                                             |
| Clock Delay Group         | Same Clock                                                                                                                                                               |
| Logic Levels              | 17                                                                                                                                                                       |
| Routes                    | 9                                                                                                                                                                        |
| Logical Path              | FDRE/C-(2)-LUT2-(1)-CARRY8-CARRY8-LUT4-(1)-CARRY8-CARRY8-LUT3-(1)-CARRY8-CARRY8-LUT4-(1)-CARRY8-CARRY8-CARRY8-LUT6-(1)-CARRY8-(32)-LUT6-(2)-LUT3-(1)-RAMB36E2/DINADIN[4] |
| Start Point Clock         | ap_clk                                                                                                                                                                   |
| End Point Clock           | ap_clk                                                                                                                                                                   |
| DSP Block                 | None                                                                                                                                                                     |
| RAM Registers             | None-None                                                                                                                                                                |
| IO Crossings              | 1                                                                                                                                                                        |
| SLR Crossings             | 0                                                                                                                                                                        |
| PBlocks                   | 0                                                                                                                                                                        |
| High Fanout               | 32                                                                                                                                                                       |
| Dont Touch                | 0                                                                                                                                                                        |
| Mark Debug                | 0                                                                                                                                                                        |
| Start Point Pin Primitive | FDRE/C                                                                                                                                                                   |
| End Point Pin Primitive   | RAMB36E2/DINADIN[4]                                                                                                                                                      |
| Start Point Pin           | ain_s1_reg[8]/C                                                                                                                                                          |
| End Point Pin             | ram_reg_bram_2/DINADIN[4]                                                                                                                                                |
+---------------------------+--------------------------------------------------------------------------------------------------------------------------------------------------------------------------+
* Bounding box calculated as % of dimensions for the target device (2818, 498)


2. Logic Level Distribution
---------------------------

+-----------------+-------------+----+----+----+-----+-----+----+-----+----+----+----+----+----+----+
| End Point Clock | Requirement |  1 |  2 |  3 |  4  |  5  |  6 |  7  |  8 | 14 | 15 | 16 | 17 | 18 |
+-----------------+-------------+----+----+----+-----+-----+----+-----+----+----+----+----+----+----+
| ap_clk          | 10.000ns    | 54 | 46 | 69 | 258 | 199 | 43 | 142 | 57 |  3 |  5 | 58 | 58 |  8 |
+-----------------+-------------+----+----+----+-----+-----+----+-----+----+----+----+----+----+----+
* Columns represent the logic levels per end point clock
** Distribution is for top worst 1000 paths


3. Placer Final Level Congestion Reporting
------------------------------------------

+-----------+------+-------+--------+---------------+---------------+-----+--------+------+------+------+------+-----+-------+-----+------------+
| Direction | Type | Level | Window | Combined LUTs | Avg LUT Input | LUT | LUTRAM | Flop | MUXF | RAMB | URAM | DSP | CARRY | SRL | Cell Names |
+-----------+------+-------+--------+---------------+---------------+-----+--------+------+------+------+------+-----+-------+-----+------------+
* No congestion windows are found above level 5


4. Router Initial Congestion
----------------------------

+-----------+------+-------+--------+---------------+---------------+-----+--------+------+------+------+------+-----+-------+-----+------------+-------------+
| Direction | Type | Level | Window | Combined LUTs | Avg LUT Input | LUT | LUTRAM | Flop | MUXF | RAMB | URAM | DSP | CARRY | SRL | Cell Names | Sub Windows |
+-----------+------+-------+--------+---------------+---------------+-----+--------+------+------+------+------+-----+-------+-----+------------+-------------+
* No effective congestion windows are found above level 5


5. SLR Net Crossing Reporting
-----------------------------

+------------+-----------------------------+
| Cell Names | Number of Nets crossing SLR |
+------------+-----------------------------+
* The current part is not an SSI device


