Copyright 1986-2022 Xilinx, Inc. All Rights Reserved. Copyright 2022-2023 Advanced Micro Devices, Inc. All Rights Reserved.
--------------------------------------------------------------------------------------------------------------------------------------------------
| Tool Version      : Vivado v.2023.2 (lin64) Build 4029153 Fri Oct 13 20:13:54 MDT 2023
| Date              : Mon Jun  1 21:45:32 2026
| Host              : ecs02.poly.edu running 64-bit Red Hat Enterprise Linux release 8.10 (Ootpa)
| Command           : report_timing_summary -file ./report/ntt_kernel_timing_synth.rpt
| Design            : bd_0_wrapper
| Device            : xck26-sfvc784
| Speed File        : -2LV  PRODUCTION 1.30 05-15-2022
| Design State      : Synthesized
| Temperature Grade : C
--------------------------------------------------------------------------------------------------------------------------------------------------

Timing Summary Report

------------------------------------------------------------------------------------------------
| Timer Settings
| --------------
------------------------------------------------------------------------------------------------

  Enable Multi Corner Analysis               :  Yes
  Enable Pessimism Removal                   :  Yes
  Pessimism Removal Resolution               :  Nearest Common Node
  Enable Input Delay Default Clock           :  No
  Enable Preset / Clear Arcs                 :  No
  Disable Flight Delays                      :  No
  Ignore I/O Paths                           :  No
  Timing Early Launch at Borrowing Latches   :  No
  Borrow Time for Max Delay Exceptions       :  Yes
  Merge Timing Exceptions                    :  Yes
  Inter-SLR Compensation                     :  Conservative

  Corner  Analyze    Analyze    
  Name    Max Paths  Min Paths  
  ------  ---------  ---------  
  Slow    Yes        Yes        
  Fast    Yes        Yes        


------------------------------------------------------------------------------------------------
| Report Methodology
| ------------------
------------------------------------------------------------------------------------------------

No report available as report_methodology has not been run prior. Run report_methodology on the current design for the summary of methodology violations.



check_timing report

Table of Contents
-----------------
1. checking no_clock (0)
2. checking constant_clock (0)
3. checking pulse_width_clock (0)
4. checking unconstrained_internal_endpoints (0)
5. checking no_input_delay (166)
6. checking no_output_delay (350)
7. checking multiple_clock (0)
8. checking generated_clocks (0)
9. checking loops (0)
10. checking partial_input_delay (0)
11. checking partial_output_delay (0)
12. checking latch_loops (0)

1. checking no_clock (0)
------------------------
 There are 0 register/latch pins with no clock.


2. checking constant_clock (0)
------------------------------
 There are 0 register/latch pins with constant_clock.


3. checking pulse_width_clock (0)
---------------------------------
 There are 0 register/latch pins which need pulse_width check


4. checking unconstrained_internal_endpoints (0)
------------------------------------------------
 There are 0 pins that are not constrained for maximum delay.

 There are 0 pins that are not constrained for maximum delay due to constant clock.


5. checking no_input_delay (166)
--------------------------------
 There are 166 input ports with no input delay specified. (HIGH)

 There are 0 input ports with no input delay but user has a false path constraint.


6. checking no_output_delay (350)
---------------------------------
 There are 350 ports with no output delay specified. (HIGH)

 There are 0 ports with no output delay but user has a false path constraint

 There are 0 ports with no output delay but with a timing clock defined on it or propagating through it


7. checking multiple_clock (0)
------------------------------
 There are 0 register/latch pins with multiple clocks.


8. checking generated_clocks (0)
--------------------------------
 There are 0 generated clocks that are not connected to a clock source.


9. checking loops (0)
---------------------
 There are 0 combinational loops in the design.


10. checking partial_input_delay (0)
------------------------------------
 There are 0 input ports with partial input delay specified.


11. checking partial_output_delay (0)
-------------------------------------
 There are 0 ports with partial output delay specified.


12. checking latch_loops (0)
----------------------------
 There are 0 combinational latch loops in the design through latch input



------------------------------------------------------------------------------------------------
| Design Timing Summary
| ---------------------
------------------------------------------------------------------------------------------------

    WNS(ns)      TNS(ns)  TNS Failing Endpoints  TNS Total Endpoints      WHS(ns)      THS(ns)  THS Failing Endpoints  THS Total Endpoints     WPWS(ns)     TPWS(ns)  TPWS Failing Endpoints  TPWS Total Endpoints  
    -------      -------  ---------------------  -------------------      -------      -------  ---------------------  -------------------     --------     --------  ----------------------  --------------------  
      4.821        0.000                      0                13497        0.084        0.000                      0                13497        4.200        0.000                       0                  6233  


All user specified timing constraints are met.


------------------------------------------------------------------------------------------------
| Clock Summary
| -------------
------------------------------------------------------------------------------------------------

Clock   Waveform(ns)       Period(ns)      Frequency(MHz)
-----   ------------       ----------      --------------
ap_clk  {0.000 5.000}      10.000          100.000         


------------------------------------------------------------------------------------------------
| Intra Clock Table
| -----------------
------------------------------------------------------------------------------------------------

Clock             WNS(ns)      TNS(ns)  TNS Failing Endpoints  TNS Total Endpoints      WHS(ns)      THS(ns)  THS Failing Endpoints  THS Total Endpoints     WPWS(ns)     TPWS(ns)  TPWS Failing Endpoints  TPWS Total Endpoints  
-----             -------      -------  ---------------------  -------------------      -------      -------  ---------------------  -------------------     --------     --------  ----------------------  --------------------  
ap_clk              4.821        0.000                      0                13497        0.084        0.000                      0                13497        4.200        0.000                       0                  6233  


------------------------------------------------------------------------------------------------
| Inter Clock Table
| -----------------
------------------------------------------------------------------------------------------------

From Clock    To Clock          WNS(ns)      TNS(ns)  TNS Failing Endpoints  TNS Total Endpoints      WHS(ns)      THS(ns)  THS Failing Endpoints  THS Total Endpoints  
----------    --------          -------      -------  ---------------------  -------------------      -------      -------  ---------------------  -------------------  


------------------------------------------------------------------------------------------------
| Other Path Groups Table
| -----------------------
------------------------------------------------------------------------------------------------

Path Group    From Clock    To Clock          WNS(ns)      TNS(ns)  TNS Failing Endpoints  TNS Total Endpoints      WHS(ns)      THS(ns)  THS Failing Endpoints  THS Total Endpoints  
----------    ----------    --------          -------      -------  ---------------------  -------------------      -------      -------  ---------------------  -------------------  


------------------------------------------------------------------------------------------------
| Timing Details
| --------------
------------------------------------------------------------------------------------------------


---------------------------------------------------------------------------------------------------
From Clock:  ap_clk
  To Clock:  ap_clk

Setup :            0  Failing Endpoints,  Worst Slack        4.821ns,  Total Violation        0.000ns
Hold  :            0  Failing Endpoints,  Worst Slack        0.084ns,  Total Violation        0.000ns
PW    :            0  Failing Endpoints,  Worst Slack        4.200ns,  Total Violation        0.000ns
---------------------------------------------------------------------------------------------------


Max Delay Paths
--------------------------------------------------------------------------------------
Slack (MET) :             4.821ns  (required time - arrival time)
  Source:                 bd_0_i/hls_inst/inst/grp_ntt_kernel_Pipeline_FLATTENED_BUTTERFLY_LOOP_fu_322/add_64ns_64ns_64_2_1_U19/carry_s1_reg/C
                            (rising edge-triggered cell FDRE clocked by ap_clk  {rise@0.000ns fall@5.000ns period=10.000ns})
  Destination:            bd_0_i/hls_inst/inst/ping_U/ram_reg_bram_3/DINADIN[0]
                            (rising edge-triggered cell RAMB36E2 clocked by ap_clk  {rise@0.000ns fall@5.000ns period=10.000ns})
  Path Group:             ap_clk
  Path Type:              Setup (Max at Slow Process Corner)
  Requirement:            10.000ns  (ap_clk rise@10.000ns - ap_clk rise@0.000ns)
  Data Path Delay:        4.685ns  (logic 2.538ns (54.173%)  route 2.147ns (45.827%))
  Logic Levels:           17  (CARRY8=10 LUT2=1 LUT3=2 LUT4=3 LUT6=1)
  Clock Path Skew:        0.006ns (DCD - SCD + CPR)
    Destination Clock Delay (DCD):    0.047ns = ( 10.047 - 10.000 ) 
    Source Clock Delay      (SCD):    0.041ns
    Clock Pessimism Removal (CPR):    0.000ns
  Clock Uncertainty:      0.035ns  ((TSJ^2 + TIJ^2)^1/2 + DJ) / 2 + PE
    Total System Jitter     (TSJ):    0.071ns
    Total Input Jitter      (TIJ):    0.000ns
    Discrete Jitter          (DJ):    0.000ns
    Phase Error              (PE):    0.000ns

    Location             Delay type                Incr(ns)  Path(ns)    Netlist Resource(s)
  -------------------------------------------------------------------    -------------------
                         (clock ap_clk rise edge)     0.000     0.000 r  
                                                      0.000     0.000 r  ap_clk (IN)
                         net (fo=6267, unset)         0.041     0.041    bd_0_i/hls_inst/inst/grp_ntt_kernel_Pipeline_FLATTENED_BUTTERFLY_LOOP_fu_322/add_64ns_64ns_64_2_1_U19/ap_clk
                         FDRE                                         r  bd_0_i/hls_inst/inst/grp_ntt_kernel_Pipeline_FLATTENED_BUTTERFLY_LOOP_fu_322/add_64ns_64ns_64_2_1_U19/carry_s1_reg/C
  -------------------------------------------------------------------    -------------------
                         FDRE (Prop_FDRE_C_Q)         0.113     0.154 r  bd_0_i/hls_inst/inst/grp_ntt_kernel_Pipeline_FLATTENED_BUTTERFLY_LOOP_fu_322/add_64ns_64ns_64_2_1_U19/carry_s1_reg/Q
                         net (fo=1, unplaced)         0.154     0.308    bd_0_i/hls_inst/inst/grp_ntt_kernel_Pipeline_FLATTENED_BUTTERFLY_LOOP_fu_322/add_64ns_64ns_64_2_1_U19/u2/carry_s1
                         LUT2 (Prop_LUT2_I1_O)        0.058     0.366 r  bd_0_i/hls_inst/inst/grp_ntt_kernel_Pipeline_FLATTENED_BUTTERFLY_LOOP_fu_322/add_64ns_64ns_64_2_1_U19/u2/dout0_carry_i_8/O
                         net (fo=1, unplaced)         0.022     0.388    bd_0_i/hls_inst/inst/grp_ntt_kernel_Pipeline_FLATTENED_BUTTERFLY_LOOP_fu_322/add_64ns_64ns_64_2_1_U19/u2/dout0_carry_i_8_n_4
                         CARRY8 (Prop_CARRY8_S[0]_CO[7])
                                                      0.286     0.674 r  bd_0_i/hls_inst/inst/grp_ntt_kernel_Pipeline_FLATTENED_BUTTERFLY_LOOP_fu_322/add_64ns_64ns_64_2_1_U19/u2/dout0_carry/CO[7]
                         net (fo=1, unplaced)         0.006     0.680    bd_0_i/hls_inst/inst/grp_ntt_kernel_Pipeline_FLATTENED_BUTTERFLY_LOOP_fu_322/add_64ns_64ns_64_2_1_U19/u2/dout0_carry_n_4
                         CARRY8 (Prop_CARRY8_CI_CO[7])
                                                      0.073     0.753 r  bd_0_i/hls_inst/inst/grp_ntt_kernel_Pipeline_FLATTENED_BUTTERFLY_LOOP_fu_322/add_64ns_64ns_64_2_1_U19/u2/dout0_carry__0/CO[7]
                         net (fo=1, unplaced)         0.006     0.759    bd_0_i/hls_inst/inst/grp_ntt_kernel_Pipeline_FLATTENED_BUTTERFLY_LOOP_fu_322/add_64ns_64ns_64_2_1_U19/u2/dout0_carry__0_n_4
                         CARRY8 (Prop_CARRY8_CI_O[5])
                                                      0.161     0.920 f  bd_0_i/hls_inst/inst/grp_ntt_kernel_Pipeline_FLATTENED_BUTTERFLY_LOOP_fu_322/add_64ns_64ns_64_2_1_U19/u2/dout0_carry__1/O[5]
                         net (fo=4, unplaced)         0.167     1.087    bd_0_i/hls_inst/inst/grp_ntt_kernel_Pipeline_FLATTENED_BUTTERFLY_LOOP_fu_322/add_64ns_64ns_64_2_1_U19/u2/t_fu_370_p4[21]
                         LUT4 (Prop_LUT4_I1_O)        0.135     1.222 r  bd_0_i/hls_inst/inst/grp_ntt_kernel_Pipeline_FLATTENED_BUTTERFLY_LOOP_fu_322/add_64ns_64ns_64_2_1_U19/u2/ram_reg_bram_0_i_191/O
                         net (fo=1, unplaced)         0.228     1.450    bd_0_i/hls_inst/inst/grp_ntt_kernel_Pipeline_FLATTENED_BUTTERFLY_LOOP_fu_322/add_64ns_64ns_64_2_1_U19/u2/ram_reg_bram_0_i_191_n_4
                         CARRY8 (Prop_CARRY8_DI[2]_CO[7])
                                                      0.166     1.616 r  bd_0_i/hls_inst/inst/grp_ntt_kernel_Pipeline_FLATTENED_BUTTERFLY_LOOP_fu_322/add_64ns_64ns_64_2_1_U19/u2/ram_reg_bram_0_i_184/CO[7]
                         net (fo=1, unplaced)         0.006     1.622    bd_0_i/hls_inst/inst/grp_ntt_kernel_Pipeline_FLATTENED_BUTTERFLY_LOOP_fu_322/add_64ns_64ns_64_2_1_U19/u2/icmp_ln44_fu_380_p2
                         CARRY8 (Prop_CARRY8_CI_O[0])
                                                      0.078     1.700 r  bd_0_i/hls_inst/inst/grp_ntt_kernel_Pipeline_FLATTENED_BUTTERFLY_LOOP_fu_322/add_64ns_64ns_64_2_1_U19/u2/ram_reg_bram_0_i_167/O[0]
                         net (fo=33, unplaced)        0.271     1.971    bd_0_i/hls_inst/inst/grp_ntt_kernel_Pipeline_FLATTENED_BUTTERFLY_LOOP_fu_322/add_64ns_64ns_64_2_1_U19/u2/ram_reg_bram_0_i_167_n_19
                         LUT3 (Prop_LUT3_I2_O)        0.058     2.029 r  bd_0_i/hls_inst/inst/grp_ntt_kernel_Pipeline_FLATTENED_BUTTERFLY_LOOP_fu_322/add_64ns_64ns_64_2_1_U19/u2/ram_reg_bram_0_i_175/O
                         net (fo=1, unplaced)         0.022     2.051    bd_0_i/hls_inst/inst/grp_ntt_kernel_Pipeline_FLATTENED_BUTTERFLY_LOOP_fu_322/add_64ns_64ns_64_2_1_U19/u2/ram_reg_bram_0_i_175_n_4
                         CARRY8 (Prop_CARRY8_S[0]_CO[7])
                                                      0.286     2.337 r  bd_0_i/hls_inst/inst/grp_ntt_kernel_Pipeline_FLATTENED_BUTTERFLY_LOOP_fu_322/add_64ns_64ns_64_2_1_U19/u2/ram_reg_bram_0_i_93/CO[7]
                         net (fo=1, unplaced)         0.006     2.343    bd_0_i/hls_inst/inst/grp_ntt_kernel_Pipeline_FLATTENED_BUTTERFLY_LOOP_fu_322/add_64ns_64ns_64_2_1_U19/u2/ram_reg_bram_0_i_93_n_4
                         CARRY8 (Prop_CARRY8_CI_O[1])
                                                      0.106     2.449 r  bd_0_i/hls_inst/inst/grp_ntt_kernel_Pipeline_FLATTENED_BUTTERFLY_LOOP_fu_322/add_64ns_64ns_64_2_1_U19/u2/ram_reg_bram_0_i_42/O[1]
                         net (fo=6, unplaced)         0.231     2.680    bd_0_i/hls_inst/inst/grp_ntt_kernel_Pipeline_FLATTENED_BUTTERFLY_LOOP_fu_322/add_64ns_64ns_64_2_1_U19/u2/t_1_fu_396_p3[9]
                         LUT4 (Prop_LUT4_I0_O)        0.058     2.738 r  bd_0_i/hls_inst/inst/grp_ntt_kernel_Pipeline_FLATTENED_BUTTERFLY_LOOP_fu_322/add_64ns_64ns_64_2_1_U19/u2/ram_reg_bram_0_i_49/O
                         net (fo=1, unplaced)         0.021     2.759    bd_0_i/hls_inst/inst/grp_ntt_kernel_Pipeline_FLATTENED_BUTTERFLY_LOOP_fu_322/add_64ns_64ns_64_2_1_U19/u2/ram_reg_bram_0_i_49_n_4
                         CARRY8 (Prop_CARRY8_S[1]_CO[7])
                                                      0.269     3.028 r  bd_0_i/hls_inst/inst/grp_ntt_kernel_Pipeline_FLATTENED_BUTTERFLY_LOOP_fu_322/add_64ns_64ns_64_2_1_U19/u2/ram_reg_bram_0_i_34/CO[7]
                         net (fo=1, unplaced)         0.006     3.034    bd_0_i/hls_inst/inst/grp_ntt_kernel_Pipeline_FLATTENED_BUTTERFLY_LOOP_fu_322/add_64ns_64ns_64_2_1_U19/u2/ram_reg_bram_0_i_34_n_4
                         CARRY8 (Prop_CARRY8_CI_O[5])
                                                      0.161     3.195 f  bd_0_i/hls_inst/inst/grp_ntt_kernel_Pipeline_FLATTENED_BUTTERFLY_LOOP_fu_322/add_64ns_64ns_64_2_1_U19/u2/ram_reg_bram_0_i_40/O[5]
                         net (fo=7, unplaced)         0.180     3.375    bd_0_i/hls_inst/inst/grp_ntt_kernel_Pipeline_FLATTENED_BUTTERFLY_LOOP_fu_322/add_64ns_64ns_64_2_1_U19/u2/ram_reg_bram_2[5]
                         LUT4 (Prop_LUT4_I1_O)        0.135     3.510 r  bd_0_i/hls_inst/inst/grp_ntt_kernel_Pipeline_FLATTENED_BUTTERFLY_LOOP_fu_322/add_64ns_64ns_64_2_1_U19/u2/ram_reg_bram_0_i_57/O
                         net (fo=1, unplaced)         0.228     3.738    bd_0_i/hls_inst/inst/grp_ntt_kernel_Pipeline_FLATTENED_BUTTERFLY_LOOP_fu_322/add_64ns_64ns_64_2_1_U19/u2/ram_reg_bram_0_i_57_n_4
                         CARRY8 (Prop_CARRY8_DI[2]_CO[7])
                                                      0.166     3.904 r  bd_0_i/hls_inst/inst/grp_ntt_kernel_Pipeline_FLATTENED_BUTTERFLY_LOOP_fu_322/add_64ns_64ns_64_2_1_U19/u2/ram_reg_bram_0_i_35/CO[7]
                         net (fo=32, unplaced)        0.147     4.051    bd_0_i/hls_inst/inst/grp_ntt_kernel_Pipeline_FLATTENED_BUTTERFLY_LOOP_fu_322/add_64ns_64ns_64_2_1_U19/u2/icmp_ln11_fu_410_p2
                         LUT6 (Prop_LUT6_I3_O)        0.137     4.188 r  bd_0_i/hls_inst/inst/grp_ntt_kernel_Pipeline_FLATTENED_BUTTERFLY_LOOP_fu_322/add_64ns_64ns_64_2_1_U19/u2/ram_reg_bram_3_i_5/O
                         net (fo=2, unplaced)         0.211     4.399    bd_0_i/hls_inst/inst/grp_ntt_kernel_Pipeline_FLATTENED_BUTTERFLY_LOOP_fu_322/add_64ns_64ns_64_2_1_U19/u2/grp_ntt_kernel_Pipeline_FLATTENED_BUTTERFLY_LOOP_fu_322_pong_d1[27]
                         LUT3 (Prop_LUT3_I0_O)        0.092     4.491 r  bd_0_i/hls_inst/inst/grp_ntt_kernel_Pipeline_FLATTENED_BUTTERFLY_LOOP_fu_322/add_64ns_64ns_64_2_1_U19/u2/ram_reg_bram_3_i_5__0/O
                         net (fo=1, unplaced)         0.235     4.726    bd_0_i/hls_inst/inst/ping_U/ping_d1[27]
                         RAMB36E2                                     r  bd_0_i/hls_inst/inst/ping_U/ram_reg_bram_3/DINADIN[0]
  -------------------------------------------------------------------    -------------------

                         (clock ap_clk rise edge)    10.000    10.000 r  
                                                      0.000    10.000 r  ap_clk (IN)
                         net (fo=6267, unset)         0.047    10.047    bd_0_i/hls_inst/inst/ping_U/ap_clk
                         RAMB36E2                                     r  bd_0_i/hls_inst/inst/ping_U/ram_reg_bram_3/CLKARDCLK
                         clock pessimism              0.000    10.047    
                         clock uncertainty           -0.035    10.012    
                         RAMB36E2 (Setup_RAMB36E2_CLKARDCLK_DINADIN[0])
                                                     -0.465     9.547    bd_0_i/hls_inst/inst/ping_U/ram_reg_bram_3
  -------------------------------------------------------------------
                         required time                          9.547    
                         arrival time                          -4.726    
  -------------------------------------------------------------------
                         slack                                  4.821    





Min Delay Paths
--------------------------------------------------------------------------------------
Slack (MET) :             0.084ns  (arrival time - required time)
  Source:                 bd_0_i/hls_inst/inst/gmem0_m_axi_U/load_unit/buff_rdata/U_fifo_mem/raddr_reg_reg[4]/C
                            (rising edge-triggered cell FDRE clocked by ap_clk  {rise@0.000ns fall@5.000ns period=10.000ns})
  Destination:            bd_0_i/hls_inst/inst/gmem0_m_axi_U/load_unit/buff_rdata/U_fifo_mem/mem_reg/ADDRARDADDR[9]
                            (rising edge-triggered cell RAMB18E2 clocked by ap_clk  {rise@0.000ns fall@5.000ns period=10.000ns})
  Path Group:             ap_clk
  Path Type:              Hold (Min at Fast Process Corner)
  Requirement:            0.000ns  (ap_clk rise@0.000ns - ap_clk rise@0.000ns)
  Data Path Delay:        0.136ns  (logic 0.084ns (61.765%)  route 0.052ns (38.235%))
  Logic Levels:           0  
  Clock Path Skew:        0.045ns (DCD - SCD - CPR)
    Destination Clock Delay (DCD):    0.059ns
    Source Clock Delay      (SCD):    0.014ns
    Clock Pessimism Removal (CPR):    -0.000ns

    Location             Delay type                Incr(ns)  Path(ns)    Netlist Resource(s)
  -------------------------------------------------------------------    -------------------
                         (clock ap_clk rise edge)     0.000     0.000 r  
                                                      0.000     0.000 r  ap_clk (IN)
                         net (fo=6267, unset)         0.014     0.014    bd_0_i/hls_inst/inst/gmem0_m_axi_U/load_unit/buff_rdata/U_fifo_mem/ap_clk
                         FDRE                                         r  bd_0_i/hls_inst/inst/gmem0_m_axi_U/load_unit/buff_rdata/U_fifo_mem/raddr_reg_reg[4]/C
  -------------------------------------------------------------------    -------------------
                         FDRE (Prop_FDRE_C_Q)         0.084     0.098 r  bd_0_i/hls_inst/inst/gmem0_m_axi_U/load_unit/buff_rdata/U_fifo_mem/raddr_reg_reg[4]/Q
                         net (fo=1, unplaced)         0.052     0.150    bd_0_i/hls_inst/inst/gmem0_m_axi_U/load_unit/buff_rdata/U_fifo_mem/raddr_reg[4]
                         RAMB18E2                                     r  bd_0_i/hls_inst/inst/gmem0_m_axi_U/load_unit/buff_rdata/U_fifo_mem/mem_reg/ADDRARDADDR[9]
  -------------------------------------------------------------------    -------------------

                         (clock ap_clk rise edge)     0.000     0.000 r  
                                                      0.000     0.000 r  ap_clk (IN)
                         net (fo=6267, unset)         0.059     0.059    bd_0_i/hls_inst/inst/gmem0_m_axi_U/load_unit/buff_rdata/U_fifo_mem/ap_clk
                         RAMB18E2                                     r  bd_0_i/hls_inst/inst/gmem0_m_axi_U/load_unit/buff_rdata/U_fifo_mem/mem_reg/CLKARDCLK
                         clock pessimism              0.000     0.059    
                         RAMB18E2 (Hold_RAMB18E2_CLKARDCLK_ADDRARDADDR[9])
                                                      0.007     0.066    bd_0_i/hls_inst/inst/gmem0_m_axi_U/load_unit/buff_rdata/U_fifo_mem/mem_reg
  -------------------------------------------------------------------
                         required time                         -0.066    
                         arrival time                           0.150    
  -------------------------------------------------------------------
                         slack                                  0.084    





Pulse Width Checks
--------------------------------------------------------------------------------------
Clock Name:         ap_clk
Waveform(ns):       { 0.000 5.000 }
Period(ns):         10.000
Sources:            { ap_clk }

Check Type        Corner  Lib Pin      Reference Pin  Required(ns)  Actual(ns)  Slack(ns)  Location  Pin
Min Period        n/a     URAM288/CLK  n/a            2.471         10.000      7.529                bd_0_i/hls_inst/inst/burst_buffer_U/ram_reg_uram_0/CLK
Low Pulse Width   Slow    URAM288/CLK  n/a            0.800         5.000       4.200                bd_0_i/hls_inst/inst/burst_buffer_U/ram_reg_uram_0/CLK
High Pulse Width  Slow    URAM288/CLK  n/a            0.800         5.000       4.200                bd_0_i/hls_inst/inst/burst_buffer_U/ram_reg_uram_0/CLK



