Copyright 1986-2022 Xilinx, Inc. All Rights Reserved. Copyright 2022-2023 Advanced Micro Devices, Inc. All Rights Reserved.
---------------------------------------------------------------------------------------------------------------------------------------------
| Tool Version : Vivado v.2023.2 (lin64) Build 4029153 Fri Oct 13 20:13:54 MDT 2023
| Date         : Mon Jun  1 21:45:10 2026
| Host         : ecs02.poly.edu running 64-bit Red Hat Enterprise Linux release 8.10 (Ootpa)
| Command      : report_utilization -hierarchical -hierarchical_depth 6 -file ./report/ntt_kernel_utilization_hierarchical_synth.rpt
| Design       : bd_0_wrapper
| Device       : xck26-sfvc784-2LV-c
| Speed File   : -2LV
| Design State : Synthesized
---------------------------------------------------------------------------------------------------------------------------------------------

Utilization Design Information

Table of Contents
-----------------
1. Utilization by Hierarchy

1. Utilization by Hierarchy
---------------------------

+---------------------------------------------------------------------+-------------------------------------------------------------------------+------------+------------+---------+------+------+--------+--------+------+------------+
|                               Instance                              |                                  Module                                 | Total LUTs | Logic LUTs | LUTRAMs | SRLs |  FFs | RAMB36 | RAMB18 | URAM | DSP Blocks |
+---------------------------------------------------------------------+-------------------------------------------------------------------------+------------+------------+---------+------+------+--------+--------+------+------------+
| bd_0_wrapper                                                        |                                                                   (top) |       4283 |       3798 |       0 |  485 | 5704 |     13 |      5 |    1 |          7 |
|   bd_0_i                                                            |                                                                    bd_0 |       4283 |       3798 |       0 |  485 | 5704 |     13 |      5 |    1 |          7 |
|     hls_inst                                                        |                                                         bd_0_hls_inst_0 |       4283 |       3798 |       0 |  485 | 5704 |     13 |      5 |    1 |          7 |
|       (hls_inst)                                                    |                                                         bd_0_hls_inst_0 |          0 |          0 |       0 |    0 |    0 |      0 |      0 |    0 |          0 |
|       inst                                                          |                                              bd_0_hls_inst_0_ntt_kernel |       4283 |       3798 |       0 |  485 | 5704 |     13 |      5 |    1 |          7 |
|         (inst)                                                      |                                              bd_0_hls_inst_0_ntt_kernel |        123 |        123 |       0 |    0 |  970 |      0 |      0 |    0 |          0 |
|         burst_buffer_U                                              |                   bd_0_hls_inst_0_ntt_kernel_burst_buffer_RAM_AUTO_1R1W |          1 |          1 |       0 |    0 |    0 |      0 |      0 |    1 |          0 |
|         control_s_axi_U                                             |                                bd_0_hls_inst_0_ntt_kernel_control_s_axi |        443 |        443 |       0 |    0 |  376 |      0 |      0 |    0 |          0 |
|         gmem0_m_axi_U                                               |                                  bd_0_hls_inst_0_ntt_kernel_gmem0_m_axi |       1454 |       1157 |       0 |  297 | 1924 |      0 |      2 |    0 |          0 |
|           bus_read                                                  |                             bd_0_hls_inst_0_ntt_kernel_gmem0_m_axi_read |        386 |        385 |       0 |    1 |  616 |      0 |      0 |    0 |          0 |
|             fifo_burst                                              |          bd_0_hls_inst_0_ntt_kernel_gmem0_m_axi_fifo__parameterized1_13 |         17 |         16 |       0 |    1 |   13 |      0 |      0 |    0 |          0 |
|             fifo_rctl                                               |          bd_0_hls_inst_0_ntt_kernel_gmem0_m_axi_fifo__parameterized1_14 |          9 |          9 |       0 |    0 |    8 |      0 |      0 |    0 |          0 |
|             rreq_burst_conv                                         |               bd_0_hls_inst_0_ntt_kernel_gmem0_m_axi_burst_converter_15 |        320 |        320 |       0 |    0 |  524 |      0 |      0 |    0 |          0 |
|             rs_rdata                                                |        bd_0_hls_inst_0_ntt_kernel_gmem0_m_axi_reg_slice__parameterized2 |         40 |         40 |       0 |    0 |   71 |      0 |      0 |    0 |          0 |
|           bus_write                                                 |                            bd_0_hls_inst_0_ntt_kernel_gmem0_m_axi_write |        595 |        487 |       0 |  108 |  838 |      0 |      0 |    0 |          0 |
|             (bus_write)                                             |                            bd_0_hls_inst_0_ntt_kernel_gmem0_m_axi_write |          6 |          6 |       0 |    0 |   10 |      0 |      0 |    0 |          0 |
|             fifo_burst                                              |             bd_0_hls_inst_0_ntt_kernel_gmem0_m_axi_fifo__parameterized4 |         24 |         20 |       0 |    4 |   16 |      0 |      0 |    0 |          0 |
|             fifo_resp                                               |          bd_0_hls_inst_0_ntt_kernel_gmem0_m_axi_fifo__parameterized1_11 |         17 |         16 |       0 |    1 |   13 |      0 |      0 |    0 |          0 |
|             rs_resp                                                 |        bd_0_hls_inst_0_ntt_kernel_gmem0_m_axi_reg_slice__parameterized1 |          4 |          4 |       0 |    0 |    5 |      0 |      0 |    0 |          0 |
|             wreq_burst_conv                                         |                  bd_0_hls_inst_0_ntt_kernel_gmem0_m_axi_burst_converter |        322 |        322 |       0 |    0 |  524 |      0 |      0 |    0 |          0 |
|             wreq_throttle                                           |                         bd_0_hls_inst_0_ntt_kernel_gmem0_m_axi_throttle |        222 |        119 |       0 |  103 |  270 |      0 |      0 |    0 |          0 |
|           load_unit                                                 |                             bd_0_hls_inst_0_ntt_kernel_gmem0_m_axi_load |        236 |        142 |       0 |   94 |  234 |      0 |      1 |    0 |          0 |
|             (load_unit)                                             |                             bd_0_hls_inst_0_ntt_kernel_gmem0_m_axi_load |          1 |          1 |       0 |    0 |   94 |      0 |      0 |    0 |          0 |
|             buff_rdata                                              |             bd_0_hls_inst_0_ntt_kernel_gmem0_m_axi_fifo__parameterized3 |         40 |         40 |       0 |    0 |   36 |      0 |      1 |    0 |          0 |
|             fifo_rreq                                               |                           bd_0_hls_inst_0_ntt_kernel_gmem0_m_axi_fifo_9 |        195 |        101 |       0 |   94 |  104 |      0 |      0 |    0 |          0 |
|           store_unit                                                |                            bd_0_hls_inst_0_ntt_kernel_gmem0_m_axi_store |        237 |        143 |       0 |   94 |  236 |      0 |      1 |    0 |          0 |
|             (store_unit)                                            |                            bd_0_hls_inst_0_ntt_kernel_gmem0_m_axi_store |          1 |          1 |       0 |    0 |   93 |      0 |      0 |    0 |          0 |
|             buff_wdata                                              |             bd_0_hls_inst_0_ntt_kernel_gmem0_m_axi_fifo__parameterized0 |         13 |         13 |       0 |    0 |   20 |      0 |      1 |    0 |          0 |
|             fifo_wreq                                               |                             bd_0_hls_inst_0_ntt_kernel_gmem0_m_axi_fifo |        196 |        103 |       0 |   93 |  103 |      0 |      0 |    0 |          0 |
|             fifo_wrsp                                               |             bd_0_hls_inst_0_ntt_kernel_gmem0_m_axi_fifo__parameterized1 |         19 |         18 |       0 |    1 |   13 |      0 |      0 |    0 |          0 |
|             user_resp                                               |             bd_0_hls_inst_0_ntt_kernel_gmem0_m_axi_fifo__parameterized2 |          8 |          8 |       0 |    0 |    7 |      0 |      0 |    0 |          0 |
|         gmem1_m_axi_U                                               |                                  bd_0_hls_inst_0_ntt_kernel_gmem1_m_axi |        676 |        582 |       0 |   94 |  852 |      0 |      1 |    0 |          0 |
|           bus_read                                                  |                             bd_0_hls_inst_0_ntt_kernel_gmem1_m_axi_read |        386 |        385 |       0 |    1 |  616 |      0 |      0 |    0 |          0 |
|             fifo_burst                                              |             bd_0_hls_inst_0_ntt_kernel_gmem1_m_axi_fifo__parameterized1 |         17 |         16 |       0 |    1 |   13 |      0 |      0 |    0 |          0 |
|             fifo_rctl                                               |           bd_0_hls_inst_0_ntt_kernel_gmem1_m_axi_fifo__parameterized1_8 |          9 |          9 |       0 |    0 |    8 |      0 |      0 |    0 |          0 |
|             rreq_burst_conv                                         |                  bd_0_hls_inst_0_ntt_kernel_gmem1_m_axi_burst_converter |        320 |        320 |       0 |    0 |  524 |      0 |      0 |    0 |          0 |
|             rs_rdata                                                |        bd_0_hls_inst_0_ntt_kernel_gmem1_m_axi_reg_slice__parameterized2 |         40 |         40 |       0 |    0 |   71 |      0 |      0 |    0 |          0 |
|           bus_write                                                 |                            bd_0_hls_inst_0_ntt_kernel_gmem1_m_axi_write |          2 |          2 |       0 |    0 |    3 |      0 |      0 |    0 |          0 |
|             rs_resp                                                 |        bd_0_hls_inst_0_ntt_kernel_gmem1_m_axi_reg_slice__parameterized1 |          2 |          2 |       0 |    0 |    3 |      0 |      0 |    0 |          0 |
|           load_unit                                                 |                             bd_0_hls_inst_0_ntt_kernel_gmem1_m_axi_load |        288 |        195 |       0 |   93 |  233 |      0 |      1 |    0 |          0 |
|             (load_unit)                                             |                             bd_0_hls_inst_0_ntt_kernel_gmem1_m_axi_load |          1 |          1 |       0 |    0 |   94 |      0 |      0 |    0 |          0 |
|             buff_rdata                                              |             bd_0_hls_inst_0_ntt_kernel_gmem1_m_axi_fifo__parameterized3 |         40 |         40 |       0 |    0 |   36 |      0 |      1 |    0 |          0 |
|             fifo_rreq                                               |                             bd_0_hls_inst_0_ntt_kernel_gmem1_m_axi_fifo |        247 |        154 |       0 |   93 |  103 |      0 |      0 |    0 |          0 |
|         gmem2_m_axi_U                                               |                                  bd_0_hls_inst_0_ntt_kernel_gmem2_m_axi |        576 |        482 |       0 |   94 |  852 |      0 |      1 |    0 |          0 |
|           bus_read                                                  |                             bd_0_hls_inst_0_ntt_kernel_gmem2_m_axi_read |        386 |        385 |       0 |    1 |  616 |      0 |      0 |    0 |          0 |
|             fifo_burst                                              |             bd_0_hls_inst_0_ntt_kernel_gmem2_m_axi_fifo__parameterized1 |         17 |         16 |       0 |    1 |   13 |      0 |      0 |    0 |          0 |
|             fifo_rctl                                               |           bd_0_hls_inst_0_ntt_kernel_gmem2_m_axi_fifo__parameterized1_7 |          9 |          9 |       0 |    0 |    8 |      0 |      0 |    0 |          0 |
|             rreq_burst_conv                                         |                  bd_0_hls_inst_0_ntt_kernel_gmem2_m_axi_burst_converter |        320 |        320 |       0 |    0 |  524 |      0 |      0 |    0 |          0 |
|             rs_rdata                                                |        bd_0_hls_inst_0_ntt_kernel_gmem2_m_axi_reg_slice__parameterized2 |         40 |         40 |       0 |    0 |   71 |      0 |      0 |    0 |          0 |
|           bus_write                                                 |                            bd_0_hls_inst_0_ntt_kernel_gmem2_m_axi_write |          2 |          2 |       0 |    0 |    3 |      0 |      0 |    0 |          0 |
|             rs_resp                                                 |        bd_0_hls_inst_0_ntt_kernel_gmem2_m_axi_reg_slice__parameterized1 |          2 |          2 |       0 |    0 |    3 |      0 |      0 |    0 |          0 |
|           load_unit                                                 |                             bd_0_hls_inst_0_ntt_kernel_gmem2_m_axi_load |        188 |         95 |       0 |   93 |  233 |      0 |      1 |    0 |          0 |
|             (load_unit)                                             |                             bd_0_hls_inst_0_ntt_kernel_gmem2_m_axi_load |          1 |          1 |       0 |    0 |   94 |      0 |      0 |    0 |          0 |
|             buff_rdata                                              |             bd_0_hls_inst_0_ntt_kernel_gmem2_m_axi_fifo__parameterized3 |         40 |         40 |       0 |    0 |   36 |      0 |      1 |    0 |          0 |
|             fifo_rreq                                               |                             bd_0_hls_inst_0_ntt_kernel_gmem2_m_axi_fifo |        147 |         54 |       0 |   93 |  103 |      0 |      0 |    0 |          0 |
|         grp_ntt_kernel_Pipeline_BURST_READ_LOOP_fu_305              |          bd_0_hls_inst_0_ntt_kernel_ntt_kernel_Pipeline_BURST_READ_LOOP |         51 |         51 |       0 |    0 |   74 |      0 |      0 |    0 |          0 |
|           (grp_ntt_kernel_Pipeline_BURST_READ_LOOP_fu_305)          |          bd_0_hls_inst_0_ntt_kernel_ntt_kernel_Pipeline_BURST_READ_LOOP |         21 |         21 |       0 |    0 |   72 |      0 |      0 |    0 |          0 |
|           flow_control_loop_pipe_sequential_init_U                  |     bd_0_hls_inst_0_ntt_kernel_flow_control_loop_pipe_sequential_init_6 |         30 |         30 |       0 |    0 |    2 |      0 |      0 |    0 |          0 |
|         grp_ntt_kernel_Pipeline_CACHE_PSI_LOOP_fu_296               |           bd_0_hls_inst_0_ntt_kernel_ntt_kernel_Pipeline_CACHE_PSI_LOOP |         45 |         45 |       0 |    0 |   54 |      0 |      0 |    0 |          0 |
|           (grp_ntt_kernel_Pipeline_CACHE_PSI_LOOP_fu_296)           |           bd_0_hls_inst_0_ntt_kernel_ntt_kernel_Pipeline_CACHE_PSI_LOOP |         11 |         11 |       0 |    0 |   52 |      0 |      0 |    0 |          0 |
|           flow_control_loop_pipe_sequential_init_U                  |     bd_0_hls_inst_0_ntt_kernel_flow_control_loop_pipe_sequential_init_5 |         34 |         34 |       0 |    0 |    2 |      0 |      0 |    0 |          0 |
|         grp_ntt_kernel_Pipeline_CACHE_TWIDDLES_LOOP_fu_287          |      bd_0_hls_inst_0_ntt_kernel_ntt_kernel_Pipeline_CACHE_TWIDDLES_LOOP |         44 |         44 |       0 |    0 |   74 |      0 |      0 |    0 |          0 |
|           (grp_ntt_kernel_Pipeline_CACHE_TWIDDLES_LOOP_fu_287)      |      bd_0_hls_inst_0_ntt_kernel_ntt_kernel_Pipeline_CACHE_TWIDDLES_LOOP |         12 |         12 |       0 |    0 |   72 |      0 |      0 |    0 |          0 |
|           flow_control_loop_pipe_sequential_init_U                  |     bd_0_hls_inst_0_ntt_kernel_flow_control_loop_pipe_sequential_init_4 |         32 |         32 |       0 |    0 |    2 |      0 |      0 |    0 |          0 |
|         grp_ntt_kernel_Pipeline_FLATTENED_BUTTERFLY_LOOP_fu_322     | bd_0_hls_inst_0_ntt_kernel_ntt_kernel_Pipeline_FLATTENED_BUTTERFLY_LOOP |        627 |        627 |       0 |    0 |  436 |      0 |      0 |    0 |          7 |
|           (grp_ntt_kernel_Pipeline_FLATTENED_BUTTERFLY_LOOP_fu_322) | bd_0_hls_inst_0_ntt_kernel_ntt_kernel_Pipeline_FLATTENED_BUTTERFLY_LOOP |        101 |        101 |       0 |    0 |  222 |      0 |      0 |    0 |          0 |
|           add_64ns_64ns_64_2_1_U19                                  |                         bd_0_hls_inst_0_ntt_kernel_add_64ns_64ns_64_2_1 |        259 |        259 |       0 |    0 |   65 |      0 |      0 |    0 |          0 |
|             (add_64ns_64ns_64_2_1_U19)                              |                         bd_0_hls_inst_0_ntt_kernel_add_64ns_64ns_64_2_1 |          8 |          8 |       0 |    0 |   65 |      0 |      0 |    0 |          0 |
|             u1                                                      |              bd_0_hls_inst_0_ntt_kernel_add_64ns_64ns_64_2_1_comb_adder |         32 |         32 |       0 |    0 |    0 |      0 |      0 |    0 |          0 |
|             u2                                                      |            bd_0_hls_inst_0_ntt_kernel_add_64ns_64ns_64_2_1_comb_adder_3 |        219 |        219 |       0 |    0 |    0 |      0 |      0 |    0 |          0 |
|           flow_control_loop_pipe_sequential_init_U                  |     bd_0_hls_inst_0_ntt_kernel_flow_control_loop_pipe_sequential_init_2 |        157 |        157 |       0 |    0 |    2 |      0 |      0 |    0 |          0 |
|           mul_32ns_32ns_64_4_1_U17                                  |                         bd_0_hls_inst_0_ntt_kernel_mul_32ns_32ns_64_4_1 |         63 |         63 |       0 |    0 |   98 |      0 |      0 |    0 |          4 |
|           mul_32s_32s_32_4_1_U18                                    |                           bd_0_hls_inst_0_ntt_kernel_mul_32s_32s_32_4_1 |         47 |         47 |       0 |    0 |   49 |      0 |      0 |    0 |          3 |
|         grp_ntt_kernel_Pipeline_PERMUTE_LOOP_fu_314                 |             bd_0_hls_inst_0_ntt_kernel_ntt_kernel_Pipeline_PERMUTE_LOOP |         38 |         38 |       0 |    0 |   42 |      0 |      0 |    0 |          0 |
|           (grp_ntt_kernel_Pipeline_PERMUTE_LOOP_fu_314)             |             bd_0_hls_inst_0_ntt_kernel_ntt_kernel_Pipeline_PERMUTE_LOOP |          7 |          7 |       0 |    0 |   40 |      0 |      0 |    0 |          0 |
|           flow_control_loop_pipe_sequential_init_U                  |     bd_0_hls_inst_0_ntt_kernel_flow_control_loop_pipe_sequential_init_1 |         31 |         31 |       0 |    0 |    2 |      0 |      0 |    0 |          0 |
|         grp_ntt_kernel_Pipeline_WRITE_BACK_LOOP_fu_341              |          bd_0_hls_inst_0_ntt_kernel_ntt_kernel_Pipeline_WRITE_BACK_LOOP |         71 |         71 |       0 |    0 |   50 |      0 |      0 |    0 |          0 |
|           (grp_ntt_kernel_Pipeline_WRITE_BACK_LOOP_fu_341)          |          bd_0_hls_inst_0_ntt_kernel_ntt_kernel_Pipeline_WRITE_BACK_LOOP |         26 |         26 |       0 |    0 |   48 |      0 |      0 |    0 |          0 |
|           flow_control_loop_pipe_sequential_init_U                  |       bd_0_hls_inst_0_ntt_kernel_flow_control_loop_pipe_sequential_init |         45 |         45 |       0 |    0 |    2 |      0 |      0 |    0 |          0 |
|         local_psi_U                                                 |                   bd_0_hls_inst_0_ntt_kernel_local_psi_RAM_2P_BRAM_1R1W |          1 |          1 |       0 |    0 |    0 |      1 |      1 |    0 |          0 |
|         local_twiddles_U                                            |              bd_0_hls_inst_0_ntt_kernel_local_twiddles_RAM_2P_BRAM_1R1W |          0 |          0 |       0 |    0 |    0 |      4 |      0 |    0 |          0 |
|         ping_U                                                      |                        bd_0_hls_inst_0_ntt_kernel_ping_RAM_2P_BRAM_1R1W |        124 |        124 |       0 |    0 |    0 |      4 |      0 |    0 |          0 |
|         pong_U                                                      |                      bd_0_hls_inst_0_ntt_kernel_ping_RAM_2P_BRAM_1R1W_0 |          9 |          9 |       0 |    0 |    0 |      4 |      0 |    0 |          0 |
+---------------------------------------------------------------------+-------------------------------------------------------------------------+------------+------------+---------+------+------+--------+--------+------+------------+


