

================================================================
== Synthesis Summary Report of 'ntt_kernel'
================================================================
+ General Information: 
    * Date:           Thu May 28 14:13:16 2026
    * Version:        2023.2 (Build 4023990 on Oct 11 2023)
    * Project:        hls-design
    * Solution:       ntt-asic (Vivado IP Flow Target)
    * Product family: zynquplus
    * Target device:  xck26-sfvc784-2LV-c
    

+ Performance & Resource Estimates: 
    
    PS: '+' for module; 'o' for loop; '*' for dataflow
    +------------------------------------------+------+------+--------------+-----------+-------------+--------------+-------+----------+-----------+---------+-----------+-----------+-----+
    |                  Modules                 | Issue|      |   Latency    |  Latency  |  Iteration  |              |  Trip |          |           |         |           |           |     |
    |                  & Loops                 | Type | Slack|   (cycles)   |    (ns)   |   Latency   |   Interval   | Count | Pipelined|   BRAM    |   DSP   |     FF    |    LUT    | URAM|
    +------------------------------------------+------+------+--------------+-----------+-------------+--------------+-------+----------+-----------+---------+-----------+-----------+-----+
    |+ ntt_kernel                              |     -|  0.00|  824778425410|  8.248e+12|            -|  824778425411|      -|        no|  128 (44%)|  7 (~0%)|  5063 (2%)|  5208 (4%)|    -|
    | o BATCH_LOOP                             |     -|  7.30|  824778425409|  8.248e+12|  51548651588|             -|     16|        no|          -|        -|          -|          -|    -|
    |  + ntt_kernel_Pipeline_PERMUTE_LOOP      |     -|  0.00|         65549|  6.555e+05|            -|         65549|      -|        no|          -|        -|  251 (~0%)|  272 (~0%)|    -|
    |   o PERMUTE_LOOP                         |     -|  7.30|         65547|  6.555e+05|           13|             1|  65536|       yes|          -|        -|          -|          -|    -|
    |  + ntt_kernel_Pipeline_WRITE_BACK_LOOP   |     -|  0.00|         65539|  6.554e+05|            -|         65539|      -|        no|          -|        -|   54 (~0%)|  112 (~0%)|    -|
    |   o WRITE_BACK_LOOP                      |     -|  7.30|         65537|  6.554e+05|            3|             1|  65536|       yes|          -|        -|          -|          -|    -|
    |  o STAGE_LOOP                            |     -|  7.30|   51548520480|  5.155e+11|   3221782530|             -|     16|        no|          -|        -|          -|          -|    -|
    |   o BLOCK_LOOP                           |     -|  7.30|    3221782528|  3.222e+10|        98321|             -|  32768|        no|          -|        -|          -|          -|    -|
    |    + ntt_kernel_Pipeline_BUTTERFLY_LOOP  |     -|  0.00|         98310|  9.831e+05|            -|         98310|      -|        no|          -|  7 (~0%)|  474 (~0%)|  862 (~0%)|    -|
    |     o BUTTERFLY_LOOP                     |    II|  7.30|         98308|  9.831e+05|            8|             3|  32768|       yes|          -|        -|          -|          -|    -|
    +------------------------------------------+------+------+--------------+-----------+-------------+--------------+-------+----------+-----------+---------+-----------+-----------+-----+


================================================================
== HW Interfaces
================================================================
* M_AXI
+-------------+------------+---------------+---------+--------+----------+-----------+--------------+--------------+-------------+-------------+-------------------+
| Interface   | Data Width | Address Width | Latency | Offset | Register | Max Widen | Max Read     | Max Write    | Num Read    | Num Write   | Resource Estimate |
|             | (SW->HW)   |               |         |        |          | Bitwidth  | Burst Length | Burst Length | Outstanding | Outstanding |                   |
+-------------+------------+---------------+---------+--------+----------+-----------+--------------+--------------+-------------+-------------+-------------------+
| m_axi_gmem0 | 32 -> 32   | 64            | 0       | slave  | 0        | 0         | 16           | 16           | 16          | 16          | BRAM=4            |
| m_axi_gmem1 | 32 -> 32   | 64            | 0       | slave  | 0        | 0         | 16           | 16           | 16          | 16          | BRAM=4            |
| m_axi_gmem2 | 32 -> 32   | 64            | 0       | slave  | 0        | 0         | 16           | 16           | 16          | 16          | BRAM=4            |
+-------------+------------+---------------+---------+--------+----------+-----------+--------------+--------------+-------------+-------------+-------------------+

* S_AXILITE Interfaces
+---------------+------------+---------------+--------+----------+
| Interface     | Data Width | Address Width | Offset | Register |
+---------------+------------+---------------+--------+----------+
| s_axi_control | 32         | 7             | 16     | 0        |
+---------------+------------+---------------+--------+----------+

* S_AXILITE Registers
+---------------+--------------+--------+-------+--------+----------------------------------+----------------------------------------------------------------------+
| Interface     | Register     | Offset | Width | Access | Description                      | Bit Fields                                                           |
+---------------+--------------+--------+-------+--------+----------------------------------+----------------------------------------------------------------------+
| s_axi_control | CTRL         | 0x00   | 32    | RW     | Control signals                  | 0=AP_START 1=AP_DONE 2=AP_IDLE 3=AP_READY 7=AUTO_RESTART 9=INTERRUPT |
| s_axi_control | GIER         | 0x04   | 32    | RW     | Global Interrupt Enable Register | 0=Enable                                                             |
| s_axi_control | IP_IER       | 0x08   | 32    | RW     | IP Interrupt Enable Register     | 0=CHAN0_INT_EN 1=CHAN1_INT_EN                                        |
| s_axi_control | IP_ISR       | 0x0c   | 32    | RW     | IP Interrupt Status Register     | 0=CHAN0_INT_ST 1=CHAN1_INT_ST                                        |
| s_axi_control | x_1          | 0x10   | 32    | W      | Data signal of x                 |                                                                      |
| s_axi_control | x_2          | 0x14   | 32    | W      | Data signal of x                 |                                                                      |
| s_axi_control | psi_powers_1 | 0x1c   | 32    | W      | Data signal of psi_powers        |                                                                      |
| s_axi_control | psi_powers_2 | 0x20   | 32    | W      | Data signal of psi_powers        |                                                                      |
| s_axi_control | twiddles_1   | 0x28   | 32    | W      | Data signal of twiddles          |                                                                      |
| s_axi_control | twiddles_2   | 0x2c   | 32    | W      | Data signal of twiddles          |                                                                      |
| s_axi_control | q            | 0x34   | 32    | W      | Data signal of q                 |                                                                      |
| s_axi_control | q_inv        | 0x3c   | 32    | W      | Data signal of q_inv             |                                                                      |
| s_axi_control | batch_size   | 0x44   | 32    | W      | Data signal of batch_size        |                                                                      |
| s_axi_control | n            | 0x4c   | 32    | W      | Data signal of n                 |                                                                      |
+---------------+--------------+--------+-------+--------+----------------------------------+----------------------------------------------------------------------+

* TOP LEVEL CONTROL
+-----------+------------+-----------+
| Interface | Type       | Ports     |
+-----------+------------+-----------+
| ap_clk    | clock      | ap_clk    |
| ap_rst_n  | reset      | ap_rst_n  |
| interrupt | interrupt  | interrupt |
| ap_ctrl   | ap_ctrl_hs |           |
+-----------+------------+-----------+


================================================================
== SW I/O Information
================================================================
* Top Function Arguments
+------------+-----------+----------------------+
| Argument   | Direction | Datatype             |
+------------+-----------+----------------------+
| x          | inout     | unsigned int*        |
| psi_powers | in        | unsigned int const * |
| twiddles   | in        | unsigned int const * |
| q          | in        | unsigned int         |
| q_inv      | in        | unsigned int         |
| batch_size | in        | int                  |
| n          | in        | int                  |
+------------+-----------+----------------------+

* SW-to-HW Mapping
+------------+---------------+-----------+----------+----------------------------------------+
| Argument   | HW Interface  | HW Type   | HW Usage | HW Info                                |
+------------+---------------+-----------+----------+----------------------------------------+
| x          | m_axi_gmem0   | interface |          |                                        |
| x          | s_axi_control | register  | offset   | name=x_1 offset=0x10 range=32          |
| x          | s_axi_control | register  | offset   | name=x_2 offset=0x14 range=32          |
| psi_powers | m_axi_gmem1   | interface |          |                                        |
| psi_powers | s_axi_control | register  | offset   | name=psi_powers_1 offset=0x1c range=32 |
| psi_powers | s_axi_control | register  | offset   | name=psi_powers_2 offset=0x20 range=32 |
| twiddles   | m_axi_gmem2   | interface |          |                                        |
| twiddles   | s_axi_control | register  | offset   | name=twiddles_1 offset=0x28 range=32   |
| twiddles   | s_axi_control | register  | offset   | name=twiddles_2 offset=0x2c range=32   |
| q          | s_axi_control | register  |          | name=q offset=0x34 range=32            |
| q_inv      | s_axi_control | register  |          | name=q_inv offset=0x3c range=32        |
| batch_size | s_axi_control | register  |          | name=batch_size offset=0x44 range=32   |
| n          | s_axi_control | register  |          | name=n offset=0x4c range=32            |
+------------+---------------+-----------+----------+----------------------------------------+


================================================================
== M_AXI Burst Information
================================================================
 Note: All burst requests might be further partitioned into multiple requests during RTL generation based on max_read_burst_length or max_write_burst_length settings.

* Inferred Burst Summary
+--------------+-----------+----------+-------+-----------------+----------------------------------+
| HW Interface | Direction | Length   | Width | Loop            | Loop Location                    |
+--------------+-----------+----------+-------+-----------------+----------------------------------+
| m_axi_gmem0  | write     | variable | 32    | WRITE_BACK_LOOP | hls-design/ntt-kernel.cpp:104:26 |
| m_axi_gmem1  | read      | variable | 32    | PERMUTE_LOOP    | hls-design/ntt-kernel.cpp:70:16  |
| m_axi_gmem2  | read      | variable | 32    | BUTTERFLY_LOOP  | hls-design/ntt-kernel.cpp:85:18  |
+--------------+-----------+----------+-------+-----------------+----------------------------------+

* All M_AXI Variable Accesses
+--------------+------------+----------------------------------+-----------+--------------+----------+-----------------+----------------------------------+------------+-------------------------------------------------------------------------------------------------------+
| HW Interface | Variable   | Access Location                  | Direction | Burst Status | Length   | Loop            | Loop Location                    | Resolution | Problem                                                                                               |
+--------------+------------+----------------------------------+-----------+--------------+----------+-----------------+----------------------------------+------------+-------------------------------------------------------------------------------------------------------+
| m_axi_gmem0  | x          | hls-design/ntt-kernel.cpp:73:15  | read      | Fail         |          | PERMUTE_LOOP    | hls-design/ntt-kernel.cpp:70:16  | 214-229    | Could not analyze pattern                                                                             |
| m_axi_gmem0  | x          | hls-design/ntt-kernel.cpp:107:22 | write     | Widen Fail   |          | WRITE_BACK_LOOP | hls-design/ntt-kernel.cpp:104:26 | 214-353    | Could not widen since type i32 size is greater than or equal to the max_widen_bitwidth threshold of 0 |
| m_axi_gmem0  | x          | hls-design/ntt-kernel.cpp:107:22 | write     | Fail         |          |                 |                                  | 214-231    | Access is clobbered by load                                                                           |
| m_axi_gmem0  | x          | hls-design/ntt-kernel.cpp:107:22 | write     | Inferred     | variable | WRITE_BACK_LOOP | hls-design/ntt-kernel.cpp:104:26 |            |                                                                                                       |
| m_axi_gmem1  | psi_powers | hls-design/ntt-kernel.cpp:73:32  | read      | Widen Fail   |          | PERMUTE_LOOP    | hls-design/ntt-kernel.cpp:70:16  | 214-353    | Could not widen since type i32 size is greater than or equal to the max_widen_bitwidth threshold of 0 |
| m_axi_gmem1  | psi_powers | hls-design/ntt-kernel.cpp:73:32  | read      | Fail         |          | BATCH_LOOP      | hls-design/ntt-kernel.cpp:59:14  | 214-229    | Could not analyze pattern                                                                             |
| m_axi_gmem1  | psi_powers | hls-design/ntt-kernel.cpp:73:32  | read      | Inferred     | variable | PERMUTE_LOOP    | hls-design/ntt-kernel.cpp:70:16  |            |                                                                                                       |
| m_axi_gmem2  | twiddles   | hls-design/ntt-kernel.cpp:90:19  | read      | Widen Fail   |          | BUTTERFLY_LOOP  | hls-design/ntt-kernel.cpp:85:18  | 214-353    | Could not widen since type i32 size is greater than or equal to the max_widen_bitwidth threshold of 0 |
| m_axi_gmem2  | twiddles   | hls-design/ntt-kernel.cpp:90:19  | read      | Inferred     | variable | BUTTERFLY_LOOP  | hls-design/ntt-kernel.cpp:85:18  |            |                                                                                                       |
+--------------+------------+----------------------------------+-----------+--------------+----------+-----------------+----------------------------------+------------+-------------------------------------------------------------------------------------------------------+

    * Resolution URL: docs.xilinx.com/access/sources/dita/topic?Doc_Version=2023.2%20English&url=ug1448-hls-guidance&resourceid=XXX-YYY.html (replace XXX-YYY with column value)

================================================================
== Bind Op Report
================================================================
+----------------------------------------+-----+--------+------------+-----+--------+---------+
| Name                                   | DSP | Pragma | Variable   | Op  | Impl   | Latency |
+----------------------------------------+-----+--------+------------+-----+--------+---------+
| + ntt_kernel                           | 7   |        |            |     |        |         |
|   add_ln59_2_fu_370_p2                 |     |        | add_ln59_2 | add | fabric | 0       |
|   add_ln59_3_fu_375_p2                 |     |        | add_ln59_3 | add | fabric | 0       |
|   add_ln59_1_fu_380_p2                 |     |        | add_ln59_1 | add | fabric | 0       |
|   add_ln59_fu_392_p2                   |     |        | add_ln59   | add | fabric | 0       |
|   add_ln82_fu_438_p2                   |     |        | add_ln82   | add | fabric | 0       |
|   add_ln82_1_fu_505_p2                 |     |        | add_ln82_1 | add | fabric | 0       |
|   offset_1_fu_510_p2                   |     |        | offset_1   | add | fabric | 0       |
|  + ntt_kernel_Pipeline_PERMUTE_LOOP    | 0   |        |            |     |        |         |
|    add_ln70_fu_172_p2                  |     |        | add_ln70   | add | fabric | 0       |
|    add_ln73_fu_189_p2                  |     |        | add_ln73   | add | fabric | 0       |
|    add_ln73_1_fu_205_p2                |     |        | add_ln73_1 | add | fabric | 0       |
|  + ntt_kernel_Pipeline_BUTTERFLY_LOOP  | 7   |        |            |     |        |         |
|    add_ln85_fu_186_p2                  |     |        | add_ln85   | add | fabric | 0       |
|    add_ln92_fu_196_p2                  |     |        | add_ln92   | add | fabric | 0       |
|    mul_32ns_32ns_64_1_1_U8             | 4   |        | ab         | mul | auto   | 0       |
|    mul_32s_32s_32_1_1_U9               | 3   |        | m          | mul | auto   | 0       |
|    mul_32ns_32ns_64_1_1_U8             | 4   |        | mq         | mul | auto   | 0       |
|    add_ln30_fu_250_p2                  |     |        | add_ln30   | add | fabric | 0       |
|    sub_ln31_fu_275_p2                  |     |        | sub_ln31   | sub | fabric | 0       |
|    res_fu_286_p2                       |     |        | res        | add | fabric | 0       |
|    sub_ln16_fu_302_p2                  |     |        | sub_ln16   | sub | fabric | 0       |
|    add_ln21_fu_321_p2                  |     |        | add_ln21   | add | fabric | 0       |
|    sub_ln21_fu_332_p2                  |     |        | sub_ln21   | sub | fabric | 0       |
|  + ntt_kernel_Pipeline_WRITE_BACK_LOOP | 0   |        |            |     |        |         |
|    add_ln104_fu_125_p2                 |     |        | add_ln104  | add | fabric | 0       |
+----------------------------------------+-----+--------+------------+-----+--------+---------+


================================================================
== Storage Report
================================================================
+-------------------+--------------+-----------+------+------+--------+----------+------+---------+------------------+
| Name              | Usage        | Type      | BRAM | URAM | Pragma | Variable | Impl | Latency | Bitwidth, Depth, |
|                   |              |           |      |      |        |          |      |         | Banks            |
+-------------------+--------------+-----------+------+------+--------+----------+------+---------+------------------+
| + ntt_kernel      |              |           | 128  | 0    |        |          |      |         |                  |
|   control_s_axi_U | interface    | s_axilite |      |      |        |          |      |         |                  |
|   gmem0_m_axi_U   | interface    | m_axi     | 4    |      |        |          |      |         |                  |
|   gmem1_m_axi_U   | interface    | m_axi     | 4    |      |        |          |      |         |                  |
|   gmem2_m_axi_U   | interface    | m_axi     | 4    |      |        |          |      |         |                  |
|   local_x_U       | ram_2p array |           | 116  |      | yes    | local_x  | bram | 1       | 32, 65536, 1     |
+-------------------+--------------+-----------+------+------+--------+----------+------+---------+------------------+


================================================================
== Pragma Report
================================================================
* Valid Pragma Syntax
+----------------+------------------------------------------------+--------------------------------------------------------+
| Type           | Options                                        | Location                                               |
+----------------+------------------------------------------------+--------------------------------------------------------+
| inline         |                                                | hls-design/ntt-kernel.cpp:14 in mod_add                |
| inline         |                                                | hls-design/ntt-kernel.cpp:20 in mod_sub                |
| inline         |                                                | hls-design/ntt-kernel.cpp:25 in mod_mul                |
| interface      | m_axi port=x bundle=gmem0 depth=65536          | hls-design/ntt-kernel.cpp:48 in ntt_kernel, x          |
| interface      | m_axi port=psi_powers bundle=gmem1 depth=65536 | hls-design/ntt-kernel.cpp:49 in ntt_kernel, psi_powers |
| interface      | m_axi port=twiddles bundle=gmem2 depth=65535   | hls-design/ntt-kernel.cpp:50 in ntt_kernel, twiddles   |
| interface      | s_axilite port=q bundle=control                | hls-design/ntt-kernel.cpp:53 in ntt_kernel, q          |
| interface      | s_axilite port=q_inv bundle=control            | hls-design/ntt-kernel.cpp:54 in ntt_kernel, q_inv      |
| interface      | s_axilite port=batch_size bundle=control       | hls-design/ntt-kernel.cpp:55 in ntt_kernel, batch_size |
| interface      | s_axilite port=n bundle=control                | hls-design/ntt-kernel.cpp:56 in ntt_kernel, n          |
| interface      | s_axilite port=return bundle=control           | hls-design/ntt-kernel.cpp:57 in ntt_kernel, return     |
| loop_tripcount | min=1 max=16                                   | hls-design/ntt-kernel.cpp:61 in ntt_kernel             |
| bind_storage   | variable=local_x type=ram_2p impl=bram         | hls-design/ntt-kernel.cpp:67 in ntt_kernel, local_x    |
| pipeline       | II=1                                           | hls-design/ntt-kernel.cpp:71 in ntt_kernel             |
| loop_tripcount | min=256 max=65536                              | hls-design/ntt-kernel.cpp:72 in ntt_kernel             |
| loop_tripcount | min=1 max=16                                   | hls-design/ntt-kernel.cpp:80 in ntt_kernel             |
| loop_tripcount | min=1 max=32768                                | hls-design/ntt-kernel.cpp:83 in ntt_kernel             |
| pipeline       | II=1                                           | hls-design/ntt-kernel.cpp:86 in ntt_kernel             |
| loop_tripcount | min=1 max=32768                                | hls-design/ntt-kernel.cpp:87 in ntt_kernel             |
| dependence     | variable=local_x array inter false             | hls-design/ntt-kernel.cpp:88 in ntt_kernel, local_x    |
| pipeline       | II=1                                           | hls-design/ntt-kernel.cpp:105 in ntt_kernel            |
| loop_tripcount | min=256 max=65536                              | hls-design/ntt-kernel.cpp:106 in ntt_kernel            |
+----------------+------------------------------------------------+--------------------------------------------------------+


