================================================================
== Design Size Report
================================================================

* Total Instructions per Compilation Phase
+---------------+-----------------------------+--------------+----------------------------------------------------------------------------------------+
| Phase         | Step                        | Instructions | Description                                                                            |
+---------------+-----------------------------+--------------+----------------------------------------------------------------------------------------+
| Compile/Link  |                             |   260        | After all functions are compiled and linked into a single design                       |
|               |                             |              |                                                                                        |
| Unroll/Inline |                             |              | After user unroll and inline pragmas are applied                                       |
|               | (1) unroll                  |   525        | user unroll pragmas are applied                                                        |
|               | (2) simplification          |   450        | simplification of applied user unroll pragmas                                          |
|               | (3) inline                  |   455        | user inline pragmas are applied                                                        |
|               | (4) simplification          |   428        | simplification of applied user inline pragmas                                          |
|               |                             |              |                                                                                        |
| Array/Struct  |                             |              | After user array partition and struct aggregate/disaggregate pragmas are applied       |
|               | (1) array partition         | 1,342        | user array partition pragmas are applied                                               |
|               | (2) simplification          | 1,177        | simplification of applied user array partition & struct aggregate/disaggregate pragmas |
|               | (3) aggregate/disaggregate  | 1,177        | user struct aggregate/disaggregate pragmas are applied                                 |
|               | (4) array reshape           | 1,177        | apply array reshape pragmas                                                            |
|               | (5) access patterns         | 1,187        | array access pattern optmizations                                                      |
|               |                             |              |                                                                                        |
| Performance   |                             |              | After transformations are applied to meet performance pragma targets                   |
|               | (1) loop simplification     | 1,184        | loop and instruction simplification                                                    |
|               | (2) parallelization         | 1,182        | loops are unrolled or pipelined to meet performance targets                            |
|               | (3) array partition         | 1,182        | arrays are partitioned to meet performance targets                                     |
|               | (4) simplification          | 1,182        | simplification of design after performance transformations                             |
|               |                             |              |                                                                                        |
| HW Transforms |                             |              | After hardware transfomations                                                          |
|               | (1) lowering                | 1,202        | initial conversion to HW specific instructions                                         |
|               | (2) optimizations           | 1,219        | high level synthesis optimizations                                                     |
+---------------+-----------------------------+--------------+----------------------------------------------------------------------------------------+

* Instructions per Function for each Compilation Phase
+--------------+-------------------+--------------+---------------+--------------+-------------+---------------+
| Function     | Location          | Compile/Link | Unroll/Inline | Array/Struct | Performance | HW Transforms |
+--------------+-------------------+--------------+---------------+--------------+-------------+---------------+
| + ntt_kernel | ntt-kernel.cpp:51 | 260          | 428           | 1,187        | 1,182       | 1,219         |
|    mod_mul   | ntt-kernel.cpp:19 |  26          |               |              |             |               |
|    mod_add   | ntt-kernel.cpp:8  |  10          |               |              |             |               |
|    mod_sub   | ntt-kernel.cpp:14 |   9          |               |              |             |               |
+--------------+-------------------+--------------+---------------+--------------+-------------+---------------+

* Design Size Message Settings
+---------------------------------------------+--------+------------------------------------------------------------------+
| Message Setting                             | Value  | Description                                                      |
+---------------------------------------------+--------+------------------------------------------------------------------+
| config_compile -design_size_maximum_warning | 100000 | Show a warning when total design instructions exceeds this value |
+---------------------------------------------+--------+------------------------------------------------------------------+


