

================================================================
== Vitis HLS Report for 'ntt_kernel'
================================================================
* Date:           Thu Jun  4 11:24:42 2026

* Version:        2023.2 (Build 4023990 on Oct 11 2023)
* Project:        hls-design
* Solution:       ntt-asic (Vivado IP Flow Target)
* Product family: zynquplus
* Target device:  xck26-sfvc784-2LV-c


================================================================
== Performance Estimates
================================================================
+ Timing: 
    * Summary: 
    +--------+----------+----------+------------+
    |  Clock |  Target  | Estimated| Uncertainty|
    +--------+----------+----------+------------+
    |ap_clk  |  10.00 ns|  7.300 ns|     2.70 ns|
    +--------+----------+----------+------------+

+ Latency: 
    * Summary: 
    +---------+---------+-----------+-----------+------+---------+---------+
    |  Latency (cycles) |   Latency (absolute)  |    Interval    | Pipeline|
    |   min   |   max   |    min    |    max    |  min |   max   |   Type  |
    +---------+---------+-----------+-----------+------+---------+---------+
    |     1169|  2073022|  11.690 us|  20.730 ms|  1170|  2073023|       no|
    +---------+---------+-----------+-----------+------+---------+---------+

    + Detail: 
        * Instance: 
        +---------------------------------------------------------+----------------------------------------------+---------+---------+----------+-----------+-----+------+---------+
        |                                                         |                                              |  Latency (cycles) |  Latency (absolute)  |  Interval  | Pipeline|
        |                         Instance                        |                    Module                    |   min   |   max   |    min   |    max    | min |  max |   Type  |
        +---------------------------------------------------------+----------------------------------------------+---------+---------+----------+-----------+-----+------+---------+
        |grp_ntt_kernel_Pipeline_CACHE_TWIDDLES_LOOP_fu_343       |ntt_kernel_Pipeline_CACHE_TWIDDLES_LOOP       |      258|     4098|  2.580 us|  40.980 us|  258|  4098|       no|
        |grp_ntt_kernel_Pipeline_CACHE_PSI_LOOP_fu_355            |ntt_kernel_Pipeline_CACHE_PSI_LOOP            |      259|     4099|  2.590 us|  40.990 us|  259|  4099|       no|
        |grp_ntt_kernel_Pipeline_BURST_READ_LOOP_fu_364           |ntt_kernel_Pipeline_BURST_READ_LOOP           |      259|     4099|  2.590 us|  40.990 us|  259|  4099|       no|
        |grp_ntt_kernel_Pipeline_PERMUTE_LOOP_fu_373              |ntt_kernel_Pipeline_PERMUTE_LOOP              |      259|     4099|  2.590 us|  40.990 us|  259|  4099|       no|
        |grp_ntt_kernel_Pipeline_FLATTENED_BUTTERFLY_LOOP_fu_388  |ntt_kernel_Pipeline_FLATTENED_BUTTERFLY_LOOP  |      627|     9747|  6.270 us|  97.470 us|  627|  9747|       no|
        |grp_ntt_kernel_Pipeline_WRITE_BACK_LOOP_fu_423           |ntt_kernel_Pipeline_WRITE_BACK_LOOP           |      259|     4099|  2.590 us|  40.990 us|  259|  4099|       no|
        +---------------------------------------------------------+----------------------------------------------+---------+---------+----------+-----------+-----+------+---------+

        * Loop: 
        +---------------+---------+---------+--------------+-----------+-----------+--------+----------+
        |               |  Latency (cycles) |   Iteration  |  Initiation Interval  |  Trip  |          |
        |   Loop Name   |   min   |   max   |    Latency   |  achieved |   target  |  Count | Pipelined|
        +---------------+---------+---------+--------------+-----------+-----------+--------+----------+
        |- BATCH_LOOP   |      899|  2068912|  899 ~ 129307|          -|          -|  1 ~ 16|        no|
        | + STAGE_LOOP  |      629|   116988|    629 ~ 9749|          -|          -|  1 ~ 12|        no|
        +---------------+---------+---------+--------------+-----------+-----------+--------+----------+



================================================================
== Utilization Estimates
================================================================
* Summary: 
+-----------------+---------+------+--------+--------+-----+
|       Name      | BRAM_18K|  DSP |   FF   |   LUT  | URAM|
+-----------------+---------+------+--------+--------+-----+
|DSP              |        -|     -|       -|       -|    -|
|Expression       |        -|     -|       0|     501|    -|
|FIFO             |        -|     -|       -|       -|    -|
|Instance         |       12|     7|    7033|    9981|    0|
|Memory           |       51|     -|       0|       0|    0|
|Multiplexer      |        -|     -|       -|    1755|    -|
|Register         |        -|     -|    1064|       -|    -|
+-----------------+---------+------+--------+--------+-----+
|Total            |       63|     7|    8097|   12237|    0|
+-----------------+---------+------+--------+--------+-----+
|Available        |      288|  1248|  234240|  117120|   64|
+-----------------+---------+------+--------+--------+-----+
|Utilization (%)  |       21|    ~0|       3|      10|    0|
+-----------------+---------+------+--------+--------+-----+

+ Detail: 
    * Instance: 
    +---------------------------------------------------------+----------------------------------------------+---------+----+------+------+-----+
    |                         Instance                        |                    Module                    | BRAM_18K| DSP|  FF  |  LUT | URAM|
    +---------------------------------------------------------+----------------------------------------------+---------+----+------+------+-----+
    |control_s_axi_U                                          |control_s_axi                                 |        0|   0|   398|   680|    0|
    |gmem0_m_axi_U                                            |gmem0_m_axi                                   |        4|   0|   830|   694|    0|
    |gmem1_m_axi_U                                            |gmem1_m_axi                                   |        4|   0|   830|   694|    0|
    |gmem2_m_axi_U                                            |gmem2_m_axi                                   |        4|   0|   830|   694|    0|
    |grp_ntt_kernel_Pipeline_BURST_READ_LOOP_fu_364           |ntt_kernel_Pipeline_BURST_READ_LOOP           |        0|   0|    76|   107|    0|
    |grp_ntt_kernel_Pipeline_CACHE_PSI_LOOP_fu_355            |ntt_kernel_Pipeline_CACHE_PSI_LOOP            |        0|   0|    56|   108|    0|
    |grp_ntt_kernel_Pipeline_CACHE_TWIDDLES_LOOP_fu_343       |ntt_kernel_Pipeline_CACHE_TWIDDLES_LOOP       |        0|   0|    92|   126|    0|
    |grp_ntt_kernel_Pipeline_FLATTENED_BUTTERFLY_LOOP_fu_388  |ntt_kernel_Pipeline_FLATTENED_BUTTERFLY_LOOP  |        0|   7|  3826|  6556|    0|
    |grp_ntt_kernel_Pipeline_PERMUTE_LOOP_fu_373              |ntt_kernel_Pipeline_PERMUTE_LOOP              |        0|   0|    42|    96|    0|
    |grp_ntt_kernel_Pipeline_WRITE_BACK_LOOP_fu_423           |ntt_kernel_Pipeline_WRITE_BACK_LOOP           |        0|   0|    53|   226|    0|
    +---------------------------------------------------------+----------------------------------------------+---------+----+------+------+-----+
    |Total                                                    |                                              |       12|   7|  7033|  9981|    0|
    +---------------------------------------------------------+----------------------------------------------+---------+----+------+------+-----+

    * DSP: 
    N/A

    * Memory: 
    +--------------------+---------------------------------+---------+---+----+-----+------+-----+------+-------------+
    |       Memory       |              Module             | BRAM_18K| FF| LUT| URAM| Words| Bits| Banks| W*Bits*Banks|
    +--------------------+---------------------------------+---------+---+----+-----+------+-----+------+-------------+
    |burst_buffer_U      |burst_buffer_RAM_AUTO_1R1W       |        8|  0|   0|    0|  4096|   32|     1|       131072|
    |local_psi_U         |local_psi_RAM_2P_BRAM_1R1W       |        3|  0|   0|    0|  4096|   12|     1|        49152|
    |local_twiddles_U    |local_twiddles_RAM_2P_BRAM_1R1W  |        2|  0|   0|    0|  1024|   32|     1|        32768|
    |local_twiddles_1_U  |local_twiddles_RAM_2P_BRAM_1R1W  |        2|  0|   0|    0|  1024|   32|     1|        32768|
    |local_twiddles_2_U  |local_twiddles_RAM_2P_BRAM_1R1W  |        2|  0|   0|    0|  1024|   32|     1|        32768|
    |local_twiddles_3_U  |local_twiddles_RAM_2P_BRAM_1R1W  |        2|  0|   0|    0|  1024|   32|     1|        32768|
    |ping_U              |ping_RAM_2P_BRAM_1R1W            |        2|  0|   0|    0|   512|   32|     1|        16384|
    |ping_1_U            |ping_RAM_2P_BRAM_1R1W            |        2|  0|   0|    0|   512|   32|     1|        16384|
    |ping_2_U            |ping_RAM_2P_BRAM_1R1W            |        2|  0|   0|    0|   512|   32|     1|        16384|
    |ping_3_U            |ping_RAM_2P_BRAM_1R1W            |        2|  0|   0|    0|   512|   32|     1|        16384|
    |ping_4_U            |ping_RAM_2P_BRAM_1R1W            |        2|  0|   0|    0|   512|   32|     1|        16384|
    |ping_5_U            |ping_RAM_2P_BRAM_1R1W            |        2|  0|   0|    0|   512|   32|     1|        16384|
    |ping_6_U            |ping_RAM_2P_BRAM_1R1W            |        2|  0|   0|    0|   512|   32|     1|        16384|
    |ping_7_U            |ping_RAM_2P_BRAM_1R1W            |        2|  0|   0|    0|   512|   32|     1|        16384|
    |pong_U              |ping_RAM_2P_BRAM_1R1W            |        2|  0|   0|    0|   512|   32|     1|        16384|
    |pong_1_U            |ping_RAM_2P_BRAM_1R1W            |        2|  0|   0|    0|   512|   32|     1|        16384|
    |pong_2_U            |ping_RAM_2P_BRAM_1R1W            |        2|  0|   0|    0|   512|   32|     1|        16384|
    |pong_3_U            |ping_RAM_2P_BRAM_1R1W            |        2|  0|   0|    0|   512|   32|     1|        16384|
    |pong_4_U            |ping_RAM_2P_BRAM_1R1W            |        2|  0|   0|    0|   512|   32|     1|        16384|
    |pong_5_U            |ping_RAM_2P_BRAM_1R1W            |        2|  0|   0|    0|   512|   32|     1|        16384|
    |pong_6_U            |ping_RAM_2P_BRAM_1R1W            |        2|  0|   0|    0|   512|   32|     1|        16384|
    |pong_7_U            |ping_RAM_2P_BRAM_1R1W            |        2|  0|   0|    0|   512|   32|     1|        16384|
    +--------------------+---------------------------------+---------+---+----+-----+------+-----+------+-------------+
    |Total               |                                 |       51|  0|   0|    0| 20480|  684|    22|       573440|
    +--------------------+---------------------------------+---------+---+----+-----+------+-----+------+-------------+

    * FIFO: 
    N/A

    * Expression: 
    +----------------------------------+----------+----+---+----+------------+------------+
    |           Variable Name          | Operation| DSP| FF| LUT| Bitwidth P0| Bitwidth P1|
    +----------------------------------+----------+----+---+----+------------+------------+
    |add_ln100_1_fu_597_p2             |         +|   0|  0|  38|          31|           1|
    |add_ln100_2_fu_583_p2             |         +|   0|  0|  69|          62|          62|
    |add_ln100_fu_611_p2               |         +|   0|  0|  71|          64|          64|
    |add_ln127_fu_642_p2               |         +|   0|  0|  19|          12|           2|
    |offset_1_fu_654_p2                |         +|   0|  0|  39|          32|          32|
    |sub_fu_468_p2                     |         +|   0|  0|  39|          32|           2|
    |ap_block_state24_on_subcall_done  |       and|   0|  0|   2|           1|           1|
    |icmp_ln100_fu_592_p2              |      icmp|   0|  0|  39|          32|          32|
    |icmp_ln124_fu_627_p2              |      icmp|   0|  0|  39|          32|          32|
    |icmp_ln87_fu_478_p2               |      icmp|   0|  0|  39|          32|           1|
    |icmp_ln94_fu_502_p2               |      icmp|   0|  0|  39|          32|           1|
    |ap_block_state11_on_subcall_done  |        or|   0|  0|   2|           1|           1|
    |ap_block_state2_io                |        or|   0|  0|   2|           1|           1|
    |empty_57_fu_518_p3                |    select|   0|  0|  31|           1|          31|
    |empty_fu_494_p3                   |    select|   0|  0|  31|           1|          31|
    |use_ping_as_input_1_fu_660_p2     |       xor|   0|  0|   2|           1|           2|
    +----------------------------------+----------+----+---+----+------------+------------+
    |Total                             |          |   0|  0| 501|         367|         296|
    +----------------------------------+----------+----+---+----+------------+------------+

    * Multiplexer: 
    +---------------------------+-----+-----------+-----+-----------+
    |            Name           | LUT | Input Size| Bits| Total Bits|
    +---------------------------+-----+-----------+-----+-----------+
    |ap_NS_fsm                  |  159|         35|    1|         35|
    |b_fu_150                   |    9|          2|   31|         62|
    |burst_buffer_address0      |   14|          3|   12|         36|
    |burst_buffer_ce0           |   14|          3|    1|          3|
    |burst_buffer_we0           |    9|          2|    1|          2|
    |gmem0_ARADDR               |   14|          3|   64|        192|
    |gmem0_ARLEN                |   14|          3|   32|         96|
    |gmem0_ARVALID              |   14|          3|    1|          3|
    |gmem0_AWADDR               |   14|          3|   64|        192|
    |gmem0_AWLEN                |   14|          3|   32|         96|
    |gmem0_AWVALID              |   14|          3|    1|          3|
    |gmem0_BREADY               |   14|          3|    1|          3|
    |gmem0_RREADY               |    9|          2|    1|          2|
    |gmem0_WVALID               |    9|          2|    1|          2|
    |gmem0_blk_n_AR             |    9|          2|    1|          2|
    |gmem0_blk_n_AW             |    9|          2|    1|          2|
    |gmem0_blk_n_B              |    9|          2|    1|          2|
    |gmem1_ARADDR               |   14|          3|   64|        192|
    |gmem1_ARLEN                |   14|          3|   32|         96|
    |gmem1_ARVALID              |   14|          3|    1|          3|
    |gmem1_RREADY               |    9|          2|    1|          2|
    |gmem1_blk_n_AR             |    9|          2|    1|          2|
    |gmem2_ARADDR               |   14|          3|   64|        192|
    |gmem2_ARLEN                |   14|          3|   32|         96|
    |gmem2_ARVALID              |   14|          3|    1|          3|
    |gmem2_RREADY               |    9|          2|    1|          2|
    |gmem2_blk_n_AR             |    9|          2|    1|          2|
    |length_reg_332             |    9|          2|   32|         64|
    |local_psi_ce0              |    9|          2|    1|          2|
    |local_psi_ce1              |    9|          2|    1|          2|
    |local_psi_we1              |    9|          2|    1|          2|
    |local_twiddles_1_address1  |   14|          3|   10|         30|
    |local_twiddles_1_ce0       |    9|          2|    1|          2|
    |local_twiddles_1_ce1       |   14|          3|    1|          3|
    |local_twiddles_1_we1       |    9|          2|    1|          2|
    |local_twiddles_2_address1  |   14|          3|   10|         30|
    |local_twiddles_2_ce0       |    9|          2|    1|          2|
    |local_twiddles_2_ce1       |   14|          3|    1|          3|
    |local_twiddles_2_we1       |    9|          2|    1|          2|
    |local_twiddles_3_address1  |   14|          3|   10|         30|
    |local_twiddles_3_ce0       |    9|          2|    1|          2|
    |local_twiddles_3_ce1       |   14|          3|    1|          3|
    |local_twiddles_3_we1       |    9|          2|    1|          2|
    |local_twiddles_address1    |   14|          3|   10|         30|
    |local_twiddles_ce0         |    9|          2|    1|          2|
    |local_twiddles_ce1         |   14|          3|    1|          3|
    |local_twiddles_we1         |    9|          2|    1|          2|
    |offset_reg_309             |    9|          2|   32|         64|
    |phi_mul_fu_146             |    9|          2|   62|        124|
    |ping_1_address0            |   14|          3|    9|         27|
    |ping_1_address1            |   14|          3|    9|         27|
    |ping_1_ce0                 |   14|          3|    1|          3|
    |ping_1_ce1                 |   14|          3|    1|          3|
    |ping_1_d1                  |   14|          3|   32|         96|
    |ping_1_we1                 |   14|          3|    1|          3|
    |ping_2_address0            |   14|          3|    9|         27|
    |ping_2_address1            |   14|          3|    9|         27|
    |ping_2_ce0                 |   14|          3|    1|          3|
    |ping_2_ce1                 |   14|          3|    1|          3|
    |ping_2_d1                  |   14|          3|   32|         96|
    |ping_2_we1                 |   14|          3|    1|          3|
    |ping_3_address0            |   14|          3|    9|         27|
    |ping_3_address1            |   14|          3|    9|         27|
    |ping_3_ce0                 |   14|          3|    1|          3|
    |ping_3_ce1                 |   14|          3|    1|          3|
    |ping_3_d1                  |   14|          3|   32|         96|
    |ping_3_we1                 |   14|          3|    1|          3|
    |ping_4_address0            |   14|          3|    9|         27|
    |ping_4_address1            |   14|          3|    9|         27|
    |ping_4_ce0                 |   14|          3|    1|          3|
    |ping_4_ce1                 |   14|          3|    1|          3|
    |ping_4_d1                  |   14|          3|   32|         96|
    |ping_4_we1                 |   14|          3|    1|          3|
    |ping_5_address0            |   14|          3|    9|         27|
    |ping_5_address1            |   14|          3|    9|         27|
    |ping_5_ce0                 |   14|          3|    1|          3|
    |ping_5_ce1                 |   14|          3|    1|          3|
    |ping_5_d1                  |   14|          3|   32|         96|
    |ping_5_we1                 |   14|          3|    1|          3|
    |ping_6_address0            |   14|          3|    9|         27|
    |ping_6_address1            |   14|          3|    9|         27|
    |ping_6_ce0                 |   14|          3|    1|          3|
    |ping_6_ce1                 |   14|          3|    1|          3|
    |ping_6_d1                  |   14|          3|   32|         96|
    |ping_6_we1                 |   14|          3|    1|          3|
    |ping_7_address0            |   14|          3|    9|         27|
    |ping_7_address1            |   14|          3|    9|         27|
    |ping_7_ce0                 |   14|          3|    1|          3|
    |ping_7_ce1                 |   14|          3|    1|          3|
    |ping_7_d1                  |   14|          3|   32|         96|
    |ping_7_we1                 |   14|          3|    1|          3|
    |ping_address0              |   14|          3|    9|         27|
    |ping_address1              |   14|          3|    9|         27|
    |ping_ce0                   |   14|          3|    1|          3|
    |ping_ce1                   |   14|          3|    1|          3|
    |ping_d1                    |   14|          3|   32|         96|
    |ping_we1                   |   14|          3|    1|          3|
    |pong_1_address0            |   14|          3|    9|         27|
    |pong_1_ce0                 |   14|          3|    1|          3|
    |pong_1_ce1                 |    9|          2|    1|          2|
    |pong_1_we1                 |    9|          2|    1|          2|
    |pong_2_address0            |   14|          3|    9|         27|
    |pong_2_ce0                 |   14|          3|    1|          3|
    |pong_2_ce1                 |    9|          2|    1|          2|
    |pong_2_we1                 |    9|          2|    1|          2|
    |pong_3_address0            |   14|          3|    9|         27|
    |pong_3_ce0                 |   14|          3|    1|          3|
    |pong_3_ce1                 |    9|          2|    1|          2|
    |pong_3_we1                 |    9|          2|    1|          2|
    |pong_4_address0            |   14|          3|    9|         27|
    |pong_4_ce0                 |   14|          3|    1|          3|
    |pong_4_ce1                 |    9|          2|    1|          2|
    |pong_4_we1                 |    9|          2|    1|          2|
    |pong_5_address0            |   14|          3|    9|         27|
    |pong_5_ce0                 |   14|          3|    1|          3|
    |pong_5_ce1                 |    9|          2|    1|          2|
    |pong_5_we1                 |    9|          2|    1|          2|
    |pong_6_address0            |   14|          3|    9|         27|
    |pong_6_ce0                 |   14|          3|    1|          3|
    |pong_6_ce1                 |    9|          2|    1|          2|
    |pong_6_we1                 |    9|          2|    1|          2|
    |pong_7_address0            |   14|          3|    9|         27|
    |pong_7_ce0                 |   14|          3|    1|          3|
    |pong_7_ce1                 |    9|          2|    1|          2|
    |pong_7_we1                 |    9|          2|    1|          2|
    |pong_address0              |   14|          3|    9|         27|
    |pong_ce0                   |   14|          3|    1|          3|
    |pong_ce1                   |    9|          2|    1|          2|
    |pong_we1                   |    9|          2|    1|          2|
    |use_ping_as_input_reg_320  |    9|          2|    1|          2|
    +---------------------------+-----+-----------+-----+-----------+
    |Total                      | 1755|        380| 1146|       3275|
    +---------------------------+-----+-----------+-----+-----------+

    * Register: 
    +----------------------------------------------------------------------+----+----+-----+-----------+
    |                                 Name                                 | FF | LUT| Bits| Const Bits|
    +----------------------------------------------------------------------+----+----+-----+-----------+
    |add_ln100_1_reg_812                                                   |  31|   0|   31|          0|
    |add_ln100_2_reg_804                                                   |  62|   0|   62|          0|
    |add_ln100_reg_817                                                     |  64|   0|   64|          0|
    |add_ln127_reg_840                                                     |  12|   0|   12|          0|
    |ap_CS_fsm                                                             |  34|   0|   34|          0|
    |b_fu_150                                                              |  31|   0|   31|          0|
    |batch_size_read_reg_714                                               |  32|   0|   32|          0|
    |empty_57_reg_767                                                      |  31|   0|   31|          0|
    |empty_reg_752                                                         |  31|   0|   31|          0|
    |grp_ntt_kernel_Pipeline_BURST_READ_LOOP_fu_364_ap_start_reg           |   1|   0|    1|          0|
    |grp_ntt_kernel_Pipeline_CACHE_PSI_LOOP_fu_355_ap_start_reg            |   1|   0|    1|          0|
    |grp_ntt_kernel_Pipeline_CACHE_TWIDDLES_LOOP_fu_343_ap_start_reg       |   1|   0|    1|          0|
    |grp_ntt_kernel_Pipeline_FLATTENED_BUTTERFLY_LOOP_fu_388_ap_start_reg  |   1|   0|    1|          0|
    |grp_ntt_kernel_Pipeline_PERMUTE_LOOP_fu_373_ap_start_reg              |   1|   0|    1|          0|
    |grp_ntt_kernel_Pipeline_WRITE_BACK_LOOP_fu_423_ap_start_reg           |   1|   0|    1|          0|
    |half_n_reg_772                                                        |  31|   0|   31|          0|
    |icmp_ln94_reg_757                                                     |   1|   0|    1|          0|
    |length_1_reg_860                                                      |  31|   0|   32|          1|
    |length_reg_332                                                        |  32|   0|   32|          0|
    |n_read_reg_705                                                        |  32|   0|   32|          0|
    |offset_1_reg_850                                                      |  32|   0|   32|          0|
    |offset_reg_309                                                        |  32|   0|   32|          0|
    |phi_mul_fu_146                                                        |  62|   0|   62|          0|
    |q_inv_read_reg_719                                                    |  32|   0|   32|          0|
    |q_read_reg_724                                                        |  32|   0|   32|          0|
    |reg_458                                                               |  62|   0|   62|          0|
    |sub_reg_741                                                           |  32|   0|   32|          0|
    |trunc_ln124_1_reg_835                                                 |  12|   0|   12|          0|
    |trunc_ln124_reg_830                                                   |  12|   0|   12|          0|
    |trunc_ln127_reg_845                                                   |  11|   0|   11|          0|
    |trunc_ln1_reg_746                                                     |  62|   0|   62|          0|
    |trunc_ln2_reg_761                                                     |  62|   0|   62|          0|
    |trunc_ln51_reg_735                                                    |  31|   0|   31|          0|
    |use_ping_as_input_1_reg_855                                           |   1|   0|    1|          0|
    |use_ping_as_input_reg_320                                             |   1|   0|    1|          0|
    |x_read_reg_730                                                        |  64|   0|   64|          0|
    |zext_ln100_reg_799                                                    |  32|   0|   62|         30|
    |zext_ln94_reg_793                                                     |  31|   0|   32|          1|
    +----------------------------------------------------------------------+----+----+-----+-----------+
    |Total                                                                 |1064|   0| 1096|         32|
    +----------------------------------------------------------------------+----+----+-----+-----------+



================================================================
== Interface
================================================================
* Summary: 
+-----------------------+-----+-----+------------+--------------+--------------+
|       RTL Ports       | Dir | Bits|  Protocol  | Source Object|    C Type    |
+-----------------------+-----+-----+------------+--------------+--------------+
|s_axi_control_AWVALID  |   in|    1|       s_axi|       control|        scalar|
|s_axi_control_AWREADY  |  out|    1|       s_axi|       control|        scalar|
|s_axi_control_AWADDR   |   in|    7|       s_axi|       control|        scalar|
|s_axi_control_WVALID   |   in|    1|       s_axi|       control|        scalar|
|s_axi_control_WREADY   |  out|    1|       s_axi|       control|        scalar|
|s_axi_control_WDATA    |   in|   32|       s_axi|       control|        scalar|
|s_axi_control_WSTRB    |   in|    4|       s_axi|       control|        scalar|
|s_axi_control_ARVALID  |   in|    1|       s_axi|       control|        scalar|
|s_axi_control_ARREADY  |  out|    1|       s_axi|       control|        scalar|
|s_axi_control_ARADDR   |   in|    7|       s_axi|       control|        scalar|
|s_axi_control_RVALID   |  out|    1|       s_axi|       control|        scalar|
|s_axi_control_RREADY   |   in|    1|       s_axi|       control|        scalar|
|s_axi_control_RDATA    |  out|   32|       s_axi|       control|        scalar|
|s_axi_control_RRESP    |  out|    2|       s_axi|       control|        scalar|
|s_axi_control_BVALID   |  out|    1|       s_axi|       control|        scalar|
|s_axi_control_BREADY   |   in|    1|       s_axi|       control|        scalar|
|s_axi_control_BRESP    |  out|    2|       s_axi|       control|        scalar|
|ap_clk                 |   in|    1|  ap_ctrl_hs|    ntt_kernel|  return value|
|ap_rst_n               |   in|    1|  ap_ctrl_hs|    ntt_kernel|  return value|
|interrupt              |  out|    1|  ap_ctrl_hs|    ntt_kernel|  return value|
|m_axi_gmem0_AWVALID    |  out|    1|       m_axi|         gmem0|       pointer|
|m_axi_gmem0_AWREADY    |   in|    1|       m_axi|         gmem0|       pointer|
|m_axi_gmem0_AWADDR     |  out|   64|       m_axi|         gmem0|       pointer|
|m_axi_gmem0_AWID       |  out|    1|       m_axi|         gmem0|       pointer|
|m_axi_gmem0_AWLEN      |  out|    8|       m_axi|         gmem0|       pointer|
|m_axi_gmem0_AWSIZE     |  out|    3|       m_axi|         gmem0|       pointer|
|m_axi_gmem0_AWBURST    |  out|    2|       m_axi|         gmem0|       pointer|
|m_axi_gmem0_AWLOCK     |  out|    2|       m_axi|         gmem0|       pointer|
|m_axi_gmem0_AWCACHE    |  out|    4|       m_axi|         gmem0|       pointer|
|m_axi_gmem0_AWPROT     |  out|    3|       m_axi|         gmem0|       pointer|
|m_axi_gmem0_AWQOS      |  out|    4|       m_axi|         gmem0|       pointer|
|m_axi_gmem0_AWREGION   |  out|    4|       m_axi|         gmem0|       pointer|
|m_axi_gmem0_AWUSER     |  out|    1|       m_axi|         gmem0|       pointer|
|m_axi_gmem0_WVALID     |  out|    1|       m_axi|         gmem0|       pointer|
|m_axi_gmem0_WREADY     |   in|    1|       m_axi|         gmem0|       pointer|
|m_axi_gmem0_WDATA      |  out|   32|       m_axi|         gmem0|       pointer|
|m_axi_gmem0_WSTRB      |  out|    4|       m_axi|         gmem0|       pointer|
|m_axi_gmem0_WLAST      |  out|    1|       m_axi|         gmem0|       pointer|
|m_axi_gmem0_WID        |  out|    1|       m_axi|         gmem0|       pointer|
|m_axi_gmem0_WUSER      |  out|    1|       m_axi|         gmem0|       pointer|
|m_axi_gmem0_ARVALID    |  out|    1|       m_axi|         gmem0|       pointer|
|m_axi_gmem0_ARREADY    |   in|    1|       m_axi|         gmem0|       pointer|
|m_axi_gmem0_ARADDR     |  out|   64|       m_axi|         gmem0|       pointer|
|m_axi_gmem0_ARID       |  out|    1|       m_axi|         gmem0|       pointer|
|m_axi_gmem0_ARLEN      |  out|    8|       m_axi|         gmem0|       pointer|
|m_axi_gmem0_ARSIZE     |  out|    3|       m_axi|         gmem0|       pointer|
|m_axi_gmem0_ARBURST    |  out|    2|       m_axi|         gmem0|       pointer|
|m_axi_gmem0_ARLOCK     |  out|    2|       m_axi|         gmem0|       pointer|
|m_axi_gmem0_ARCACHE    |  out|    4|       m_axi|         gmem0|       pointer|
|m_axi_gmem0_ARPROT     |  out|    3|       m_axi|         gmem0|       pointer|
|m_axi_gmem0_ARQOS      |  out|    4|       m_axi|         gmem0|       pointer|
|m_axi_gmem0_ARREGION   |  out|    4|       m_axi|         gmem0|       pointer|
|m_axi_gmem0_ARUSER     |  out|    1|       m_axi|         gmem0|       pointer|
|m_axi_gmem0_RVALID     |   in|    1|       m_axi|         gmem0|       pointer|
|m_axi_gmem0_RREADY     |  out|    1|       m_axi|         gmem0|       pointer|
|m_axi_gmem0_RDATA      |   in|   32|       m_axi|         gmem0|       pointer|
|m_axi_gmem0_RLAST      |   in|    1|       m_axi|         gmem0|       pointer|
|m_axi_gmem0_RID        |   in|    1|       m_axi|         gmem0|       pointer|
|m_axi_gmem0_RUSER      |   in|    1|       m_axi|         gmem0|       pointer|
|m_axi_gmem0_RRESP      |   in|    2|       m_axi|         gmem0|       pointer|
|m_axi_gmem0_BVALID     |   in|    1|       m_axi|         gmem0|       pointer|
|m_axi_gmem0_BREADY     |  out|    1|       m_axi|         gmem0|       pointer|
|m_axi_gmem0_BRESP      |   in|    2|       m_axi|         gmem0|       pointer|
|m_axi_gmem0_BID        |   in|    1|       m_axi|         gmem0|       pointer|
|m_axi_gmem0_BUSER      |   in|    1|       m_axi|         gmem0|       pointer|
|m_axi_gmem1_AWVALID    |  out|    1|       m_axi|         gmem1|       pointer|
|m_axi_gmem1_AWREADY    |   in|    1|       m_axi|         gmem1|       pointer|
|m_axi_gmem1_AWADDR     |  out|   64|       m_axi|         gmem1|       pointer|
|m_axi_gmem1_AWID       |  out|    1|       m_axi|         gmem1|       pointer|
|m_axi_gmem1_AWLEN      |  out|    8|       m_axi|         gmem1|       pointer|
|m_axi_gmem1_AWSIZE     |  out|    3|       m_axi|         gmem1|       pointer|
|m_axi_gmem1_AWBURST    |  out|    2|       m_axi|         gmem1|       pointer|
|m_axi_gmem1_AWLOCK     |  out|    2|       m_axi|         gmem1|       pointer|
|m_axi_gmem1_AWCACHE    |  out|    4|       m_axi|         gmem1|       pointer|
|m_axi_gmem1_AWPROT     |  out|    3|       m_axi|         gmem1|       pointer|
|m_axi_gmem1_AWQOS      |  out|    4|       m_axi|         gmem1|       pointer|
|m_axi_gmem1_AWREGION   |  out|    4|       m_axi|         gmem1|       pointer|
|m_axi_gmem1_AWUSER     |  out|    1|       m_axi|         gmem1|       pointer|
|m_axi_gmem1_WVALID     |  out|    1|       m_axi|         gmem1|       pointer|
|m_axi_gmem1_WREADY     |   in|    1|       m_axi|         gmem1|       pointer|
|m_axi_gmem1_WDATA      |  out|   32|       m_axi|         gmem1|       pointer|
|m_axi_gmem1_WSTRB      |  out|    4|       m_axi|         gmem1|       pointer|
|m_axi_gmem1_WLAST      |  out|    1|       m_axi|         gmem1|       pointer|
|m_axi_gmem1_WID        |  out|    1|       m_axi|         gmem1|       pointer|
|m_axi_gmem1_WUSER      |  out|    1|       m_axi|         gmem1|       pointer|
|m_axi_gmem1_ARVALID    |  out|    1|       m_axi|         gmem1|       pointer|
|m_axi_gmem1_ARREADY    |   in|    1|       m_axi|         gmem1|       pointer|
|m_axi_gmem1_ARADDR     |  out|   64|       m_axi|         gmem1|       pointer|
|m_axi_gmem1_ARID       |  out|    1|       m_axi|         gmem1|       pointer|
|m_axi_gmem1_ARLEN      |  out|    8|       m_axi|         gmem1|       pointer|
|m_axi_gmem1_ARSIZE     |  out|    3|       m_axi|         gmem1|       pointer|
|m_axi_gmem1_ARBURST    |  out|    2|       m_axi|         gmem1|       pointer|
|m_axi_gmem1_ARLOCK     |  out|    2|       m_axi|         gmem1|       pointer|
|m_axi_gmem1_ARCACHE    |  out|    4|       m_axi|         gmem1|       pointer|
|m_axi_gmem1_ARPROT     |  out|    3|       m_axi|         gmem1|       pointer|
|m_axi_gmem1_ARQOS      |  out|    4|       m_axi|         gmem1|       pointer|
|m_axi_gmem1_ARREGION   |  out|    4|       m_axi|         gmem1|       pointer|
|m_axi_gmem1_ARUSER     |  out|    1|       m_axi|         gmem1|       pointer|
|m_axi_gmem1_RVALID     |   in|    1|       m_axi|         gmem1|       pointer|
|m_axi_gmem1_RREADY     |  out|    1|       m_axi|         gmem1|       pointer|
|m_axi_gmem1_RDATA      |   in|   32|       m_axi|         gmem1|       pointer|
|m_axi_gmem1_RLAST      |   in|    1|       m_axi|         gmem1|       pointer|
|m_axi_gmem1_RID        |   in|    1|       m_axi|         gmem1|       pointer|
|m_axi_gmem1_RUSER      |   in|    1|       m_axi|         gmem1|       pointer|
|m_axi_gmem1_RRESP      |   in|    2|       m_axi|         gmem1|       pointer|
|m_axi_gmem1_BVALID     |   in|    1|       m_axi|         gmem1|       pointer|
|m_axi_gmem1_BREADY     |  out|    1|       m_axi|         gmem1|       pointer|
|m_axi_gmem1_BRESP      |   in|    2|       m_axi|         gmem1|       pointer|
|m_axi_gmem1_BID        |   in|    1|       m_axi|         gmem1|       pointer|
|m_axi_gmem1_BUSER      |   in|    1|       m_axi|         gmem1|       pointer|
|m_axi_gmem2_AWVALID    |  out|    1|       m_axi|         gmem2|       pointer|
|m_axi_gmem2_AWREADY    |   in|    1|       m_axi|         gmem2|       pointer|
|m_axi_gmem2_AWADDR     |  out|   64|       m_axi|         gmem2|       pointer|
|m_axi_gmem2_AWID       |  out|    1|       m_axi|         gmem2|       pointer|
|m_axi_gmem2_AWLEN      |  out|    8|       m_axi|         gmem2|       pointer|
|m_axi_gmem2_AWSIZE     |  out|    3|       m_axi|         gmem2|       pointer|
|m_axi_gmem2_AWBURST    |  out|    2|       m_axi|         gmem2|       pointer|
|m_axi_gmem2_AWLOCK     |  out|    2|       m_axi|         gmem2|       pointer|
|m_axi_gmem2_AWCACHE    |  out|    4|       m_axi|         gmem2|       pointer|
|m_axi_gmem2_AWPROT     |  out|    3|       m_axi|         gmem2|       pointer|
|m_axi_gmem2_AWQOS      |  out|    4|       m_axi|         gmem2|       pointer|
|m_axi_gmem2_AWREGION   |  out|    4|       m_axi|         gmem2|       pointer|
|m_axi_gmem2_AWUSER     |  out|    1|       m_axi|         gmem2|       pointer|
|m_axi_gmem2_WVALID     |  out|    1|       m_axi|         gmem2|       pointer|
|m_axi_gmem2_WREADY     |   in|    1|       m_axi|         gmem2|       pointer|
|m_axi_gmem2_WDATA      |  out|   32|       m_axi|         gmem2|       pointer|
|m_axi_gmem2_WSTRB      |  out|    4|       m_axi|         gmem2|       pointer|
|m_axi_gmem2_WLAST      |  out|    1|       m_axi|         gmem2|       pointer|
|m_axi_gmem2_WID        |  out|    1|       m_axi|         gmem2|       pointer|
|m_axi_gmem2_WUSER      |  out|    1|       m_axi|         gmem2|       pointer|
|m_axi_gmem2_ARVALID    |  out|    1|       m_axi|         gmem2|       pointer|
|m_axi_gmem2_ARREADY    |   in|    1|       m_axi|         gmem2|       pointer|
|m_axi_gmem2_ARADDR     |  out|   64|       m_axi|         gmem2|       pointer|
|m_axi_gmem2_ARID       |  out|    1|       m_axi|         gmem2|       pointer|
|m_axi_gmem2_ARLEN      |  out|    8|       m_axi|         gmem2|       pointer|
|m_axi_gmem2_ARSIZE     |  out|    3|       m_axi|         gmem2|       pointer|
|m_axi_gmem2_ARBURST    |  out|    2|       m_axi|         gmem2|       pointer|
|m_axi_gmem2_ARLOCK     |  out|    2|       m_axi|         gmem2|       pointer|
|m_axi_gmem2_ARCACHE    |  out|    4|       m_axi|         gmem2|       pointer|
|m_axi_gmem2_ARPROT     |  out|    3|       m_axi|         gmem2|       pointer|
|m_axi_gmem2_ARQOS      |  out|    4|       m_axi|         gmem2|       pointer|
|m_axi_gmem2_ARREGION   |  out|    4|       m_axi|         gmem2|       pointer|
|m_axi_gmem2_ARUSER     |  out|    1|       m_axi|         gmem2|       pointer|
|m_axi_gmem2_RVALID     |   in|    1|       m_axi|         gmem2|       pointer|
|m_axi_gmem2_RREADY     |  out|    1|       m_axi|         gmem2|       pointer|
|m_axi_gmem2_RDATA      |   in|   32|       m_axi|         gmem2|       pointer|
|m_axi_gmem2_RLAST      |   in|    1|       m_axi|         gmem2|       pointer|
|m_axi_gmem2_RID        |   in|    1|       m_axi|         gmem2|       pointer|
|m_axi_gmem2_RUSER      |   in|    1|       m_axi|         gmem2|       pointer|
|m_axi_gmem2_RRESP      |   in|    2|       m_axi|         gmem2|       pointer|
|m_axi_gmem2_BVALID     |   in|    1|       m_axi|         gmem2|       pointer|
|m_axi_gmem2_BREADY     |  out|    1|       m_axi|         gmem2|       pointer|
|m_axi_gmem2_BRESP      |   in|    2|       m_axi|         gmem2|       pointer|
|m_axi_gmem2_BID        |   in|    1|       m_axi|         gmem2|       pointer|
|m_axi_gmem2_BUSER      |   in|    1|       m_axi|         gmem2|       pointer|
+-----------------------+-----+-----+------------+--------------+--------------+

