

================================================================
== Vitis HLS Report for 'ntt_kernel_Pipeline_FLATTENED_BUTTERFLY_LOOP'
================================================================
* Date:           Mon Jun  1 21:40:41 2026

* Version:        2023.2 (Build 4023990 on Oct 11 2023)
* Project:        hls-design
* Solution:       ntt-asic (Vivado IP Flow Target)
* Product family: zynquplus
* Target device:  xck26-sfvc784-2LV-c


================================================================
== Performance Estimates
================================================================
+ Timing: 
    * Summary: 
    +--------+----------+----------+------------+
    |  Clock |  Target  | Estimated| Uncertainty|
    +--------+----------+----------+------------+
    |ap_clk  |  10.00 ns|  6.108 ns|     2.70 ns|
    +--------+----------+----------+------------+

+ Latency: 
    * Summary: 
    +---------+---------+-----------+----------+------+-------+---------+
    |  Latency (cycles) |  Latency (absolute)  |   Interval   | Pipeline|
    |   min   |   max   |    min    |    max   |  min |  max  |   Type  |
    +---------+---------+-----------+----------+------+-------+---------+
    |     1666|    26626|  16.660 us|  0.266 ms|  1666|  26626|       no|
    +---------+---------+-----------+----------+------+-------+---------+

    + Detail: 
        * Instance: 
        N/A

        * Loop: 
        +----------------------------+---------+---------+----------+-----------+-----------+------------+----------+
        |                            |  Latency (cycles) | Iteration|  Initiation Interval  |    Trip    |          |
        |          Loop Name         |   min   |   max   |  Latency |  achieved |   target  |    Count   | Pipelined|
        +----------------------------+---------+---------+----------+-----------+-----------+------------+----------+
        |- FLATTENED_BUTTERFLY_LOOP  |     1664|    26624|        14|         13|          1|  128 ~ 2048|       yes|
        +----------------------------+---------+---------+----------+-----------+-----------+------------+----------+



================================================================
== Utilization Estimates
================================================================
* Summary: 
+-----------------+---------+------+--------+--------+-----+
|       Name      | BRAM_18K|  DSP |   FF   |   LUT  | URAM|
+-----------------+---------+------+--------+--------+-----+
|DSP              |        -|     -|       -|       -|    -|
|Expression       |        -|     -|       0|     870|    -|
|FIFO             |        -|     -|       -|       -|    -|
|Instance         |        -|     7|       0|     165|    -|
|Memory           |        -|     -|       -|       -|    -|
|Multiplexer      |        -|     -|       -|     215|    -|
|Register         |        -|     -|     363|       -|    -|
+-----------------+---------+------+--------+--------+-----+
|Total            |        0|     7|     363|    1250|    0|
+-----------------+---------+------+--------+--------+-----+
|Available        |      288|  1248|  234240|  117120|   64|
+-----------------+---------+------+--------+--------+-----+
|Utilization (%)  |        0|    ~0|      ~0|       1|    0|
+-----------------+---------+------+--------+--------+-----+

+ Detail: 
    * Instance: 
    +--------------------------+----------------------+---------+----+---+----+-----+
    |         Instance         |        Module        | BRAM_18K| DSP| FF| LUT| URAM|
    +--------------------------+----------------------+---------+----+---+----+-----+
    |add_64ns_64ns_64_2_1_U19  |add_64ns_64ns_64_2_1  |        0|   0|  0|  71|    0|
    |mul_32ns_32ns_64_4_1_U17  |mul_32ns_32ns_64_4_1  |        0|   4|  0|  47|    0|
    |mul_32s_32s_32_4_1_U18    |mul_32s_32s_32_4_1    |        0|   3|  0|  47|    0|
    +--------------------------+----------------------+---------+----+---+----+-----+
    |Total                     |                      |        0|   7|  0| 165|    0|
    +--------------------------+----------------------+---------+----+---+----+-----+

    * DSP: 
    N/A

    * Memory: 
    N/A

    * FIFO: 
    N/A

    * Expression: 
    +-----------------------+----------+----+---+----+------------+------------+
    |     Variable Name     | Operation| DSP| FF| LUT| Bitwidth P0| Bitwidth P1|
    +-----------------------+----------+----+---+----+------------+------------+
    |add_ln133_fu_312_p2    |         +|   0|  0|  17|          12|          12|
    |add_ln134_fu_283_p2    |         +|   0|  0|  19|          12|          12|
    |add_ln16_fu_454_p2     |         +|   0|  0|  39|          32|          32|
    |idx1_fu_307_p2         |         +|   0|  0|  19|          12|          12|
    |idx2_fu_317_p2         |         +|   0|  0|  17|          12|          12|
    |res_fu_404_p2          |         +|   0|  0|  39|          32|          32|
    |step_2_fu_257_p2       |         +|   0|  0|  37|          30|           1|
    |out_v_fu_467_p2        |         -|   0|  0|  39|          32|          32|
    |sub_ln11_fu_433_p2     |         -|   0|  0|  39|          32|          32|
    |sub_ln44_fu_391_p2     |         -|   0|  0|  39|          32|          32|
    |j_fu_271_p2            |       and|   0|  0|  12|          12|          12|
    |icmp_ln11_1_fu_421_p2  |      icmp|   0|  0|  39|          32|          32|
    |icmp_ln11_fu_410_p2    |      icmp|   0|  0|  39|          32|          32|
    |icmp_ln126_fu_251_p2   |      icmp|   0|  0|  38|          31|          31|
    |icmp_ln16_fu_448_p2    |      icmp|   0|  0|  39|          32|          32|
    |icmp_ln44_fu_380_p2    |      icmp|   0|  0|  39|          32|          32|
    |lshr_ln131_fu_277_p2   |      lshr|   0|  0|  96|          32|          32|
    |or_ln11_fu_427_p2      |        or|   0|  0|   2|           1|           1|
    |out_u_fu_438_p3        |    select|   0|  0|  32|           1|          32|
    |select_ln16_fu_459_p3  |    select|   0|  0|  32|           1|          32|
    |t_1_fu_396_p3          |    select|   0|  0|  32|           1|          32|
    |u_2_fu_365_p3          |    select|   0|  0|  32|           1|          32|
    |v_2_fu_334_p3          |    select|   0|  0|  32|           1|          32|
    |i_fu_299_p2            |       shl|   0|  0|  96|          32|          32|
    |ap_enable_pp0          |       xor|   0|  0|   2|           1|           2|
    |xor_ln11_fu_415_p2     |       xor|   0|  0|   2|           1|           2|
    |xor_ln44_fu_385_p2     |       xor|   0|  0|   2|           1|           2|
    +-----------------------+----------+----+---+----+------------+------------+
    |Total                  |          |   0|  0| 870|         482|         611|
    +-----------------------+----------+----+---+----+------------+------------+

    * Multiplexer: 
    +-----------------------------+----+-----------+-----+-----------+
    |             Name            | LUT| Input Size| Bits| Total Bits|
    +-----------------------------+----+-----------+-----+-----------+
    |ap_NS_fsm                    |  65|         14|    1|         14|
    |ap_done_int                  |   9|          2|    1|          2|
    |ap_enable_reg_pp0_iter0      |   9|          2|    1|          2|
    |ap_enable_reg_pp0_iter0_reg  |   9|          2|    1|          2|
    |ap_enable_reg_pp0_iter1      |   9|          2|    1|          2|
    |ap_sig_allocacmp_step_1      |   9|          2|   30|         60|
    |grp_fu_227_p0                |  14|          3|   32|         96|
    |grp_fu_227_p1                |  14|          3|   32|         96|
    |ping_address1                |  20|          4|   12|         48|
    |ping_d1                      |  14|          3|   32|         96|
    |pong_address1                |  20|          4|   12|         48|
    |pong_d1                      |  14|          3|   32|         96|
    |step_fu_100                  |   9|          2|   30|         60|
    +-----------------------------+----+-----------+-----+-----------+
    |Total                        | 215|         46|  217|        622|
    +-----------------------------+----+-----------+-----+-----------+

    * Register: 
    +-----------------------------+----+----+-----+-----------+
    |             Name            | FF | LUT| Bits| Const Bits|
    +-----------------------------+----+----+-----+-----------+
    |ab_reg_582                   |  64|   0|   64|          0|
    |ap_CS_fsm                    |  13|   0|   13|          0|
    |ap_done_reg                  |   1|   0|    1|          0|
    |ap_enable_reg_pp0_iter0_reg  |   1|   0|    1|          0|
    |ap_enable_reg_pp0_iter1      |   1|   0|    1|          0|
    |conv5_i_cast_reg_510         |  32|   0|   64|         32|
    |icmp_ln126_reg_515           |   1|   0|    1|          0|
    |j_reg_519                    |  12|   0|   12|          0|
    |lshr_ln131_reg_525           |  32|   0|   32|          0|
    |out_v_reg_602                |  32|   0|   32|          0|
    |ping_addr_1_reg_545          |  12|   0|   12|          0|
    |ping_addr_reg_540            |  12|   0|   12|          0|
    |pong_addr_1_reg_556          |  12|   0|   12|          0|
    |pong_addr_reg_551            |  12|   0|   12|          0|
    |step_fu_100                  |  30|   0|   30|          0|
    |twiddle_reg_535              |  32|   0|   32|          0|
    |u_1_reg_567                  |  32|   0|   32|          0|
    |u_reg_562                    |  32|   0|   32|          0|
    +-----------------------------+----+----+-----+-----------+
    |Total                        | 363|   0|  395|         32|
    +-----------------------------+----+----+-----+-----------+



================================================================
== Interface
================================================================
* Summary: 
+-------------------------+-----+-----+------------+----------------------------------------------+--------------+
|        RTL Ports        | Dir | Bits|  Protocol  |                 Source Object                |    C Type    |
+-------------------------+-----+-----+------------+----------------------------------------------+--------------+
|ap_clk                   |   in|    1|  ap_ctrl_hs|  ntt_kernel_Pipeline_FLATTENED_BUTTERFLY_LOOP|  return value|
|ap_rst                   |   in|    1|  ap_ctrl_hs|  ntt_kernel_Pipeline_FLATTENED_BUTTERFLY_LOOP|  return value|
|ap_start                 |   in|    1|  ap_ctrl_hs|  ntt_kernel_Pipeline_FLATTENED_BUTTERFLY_LOOP|  return value|
|ap_done                  |  out|    1|  ap_ctrl_hs|  ntt_kernel_Pipeline_FLATTENED_BUTTERFLY_LOOP|  return value|
|ap_idle                  |  out|    1|  ap_ctrl_hs|  ntt_kernel_Pipeline_FLATTENED_BUTTERFLY_LOOP|  return value|
|ap_ready                 |  out|    1|  ap_ctrl_hs|  ntt_kernel_Pipeline_FLATTENED_BUTTERFLY_LOOP|  return value|
|half_n                   |   in|   31|     ap_none|                                        half_n|        scalar|
|sub53                    |   in|   12|     ap_none|                                         sub53|        scalar|
|stage                    |   in|   32|     ap_none|                                         stage|        scalar|
|stage_1                  |   in|   32|     ap_none|                                       stage_1|        scalar|
|empty_29                 |   in|   12|     ap_none|                                      empty_29|        scalar|
|empty                    |   in|   12|     ap_none|                                         empty|        scalar|
|local_twiddles_address0  |  out|   12|   ap_memory|                                local_twiddles|         array|
|local_twiddles_ce0       |  out|    1|   ap_memory|                                local_twiddles|         array|
|local_twiddles_q0        |   in|   32|   ap_memory|                                local_twiddles|         array|
|ping_address0            |  out|   12|   ap_memory|                                          ping|         array|
|ping_ce0                 |  out|    1|   ap_memory|                                          ping|         array|
|ping_q0                  |   in|   32|   ap_memory|                                          ping|         array|
|ping_address1            |  out|   12|   ap_memory|                                          ping|         array|
|ping_ce1                 |  out|    1|   ap_memory|                                          ping|         array|
|ping_we1                 |  out|    1|   ap_memory|                                          ping|         array|
|ping_d1                  |  out|   32|   ap_memory|                                          ping|         array|
|ping_q1                  |   in|   32|   ap_memory|                                          ping|         array|
|pong_address0            |  out|   12|   ap_memory|                                          pong|         array|
|pong_ce0                 |  out|    1|   ap_memory|                                          pong|         array|
|pong_q0                  |   in|   32|   ap_memory|                                          pong|         array|
|pong_address1            |  out|   12|   ap_memory|                                          pong|         array|
|pong_ce1                 |  out|    1|   ap_memory|                                          pong|         array|
|pong_we1                 |  out|    1|   ap_memory|                                          pong|         array|
|pong_d1                  |  out|   32|   ap_memory|                                          pong|         array|
|pong_q1                  |   in|   32|   ap_memory|                                          pong|         array|
|use_ping_as_input        |   in|    1|     ap_none|                             use_ping_as_input|        scalar|
|q_inv                    |   in|   32|     ap_none|                                         q_inv|        scalar|
|conv5_i                  |   in|   32|     ap_none|                                       conv5_i|        scalar|
|q                        |   in|   32|     ap_none|                                             q|        scalar|
+-------------------------+-----+-----+------------+----------------------------------------------+--------------+

