

================================================================
== Vitis HLS Report for 'ntt_kernel_Pipeline_BURST_READ_LOOP'
================================================================
* Date:           Mon Jun  1 21:40:41 2026

* Version:        2023.2 (Build 4023990 on Oct 11 2023)
* Project:        hls-design
* Solution:       ntt-asic (Vivado IP Flow Target)
* Product family: zynquplus
* Target device:  xck26-sfvc784-2LV-c


================================================================
== Performance Estimates
================================================================
+ Timing: 
    * Summary: 
    +--------+----------+----------+------------+
    |  Clock |  Target  | Estimated| Uncertainty|
    +--------+----------+----------+------------+
    |ap_clk  |  10.00 ns|  7.300 ns|     2.70 ns|
    +--------+----------+----------+------------+

+ Latency: 
    * Summary: 
    +---------+---------+----------+-----------+-----+------+---------+
    |  Latency (cycles) |  Latency (absolute)  |  Interval  | Pipeline|
    |   min   |   max   |    min   |    max    | min |  max |   Type  |
    +---------+---------+----------+-----------+-----+------+---------+
    |      259|     4099|  2.590 us|  40.990 us|  259|  4099|       no|
    +---------+---------+----------+-----------+-----+------+---------+

    + Detail: 
        * Instance: 
        N/A

        * Loop: 
        +-------------------+---------+---------+----------+-----------+-----------+------------+----------+
        |                   |  Latency (cycles) | Iteration|  Initiation Interval  |    Trip    |          |
        |     Loop Name     |   min   |   max   |  Latency |  achieved |   target  |    Count   | Pipelined|
        +-------------------+---------+---------+----------+-----------+-----------+------------+----------+
        |- BURST_READ_LOOP  |      257|     4097|         3|          1|          1|  256 ~ 4096|       yes|
        +-------------------+---------+---------+----------+-----------+-----------+------------+----------+



================================================================
== Utilization Estimates
================================================================
* Summary: 
+-----------------+---------+------+--------+--------+-----+
|       Name      | BRAM_18K|  DSP |   FF   |   LUT  | URAM|
+-----------------+---------+------+--------+--------+-----+
|DSP              |        -|     -|       -|       -|    -|
|Expression       |        -|     -|       0|      62|    -|
|FIFO             |        -|     -|       -|       -|    -|
|Instance         |        -|     -|       -|       -|    -|
|Memory           |        -|     -|       -|       -|    -|
|Multiplexer      |        -|     -|       -|      45|    -|
|Register         |        -|     -|      76|       -|    -|
+-----------------+---------+------+--------+--------+-----+
|Total            |        0|     0|      76|     107|    0|
+-----------------+---------+------+--------+--------+-----+
|Available        |      288|  1248|  234240|  117120|   64|
+-----------------+---------+------+--------+--------+-----+
|Utilization (%)  |        0|     0|      ~0|      ~0|    0|
+-----------------+---------+------+--------+--------+-----+

+ Detail: 
    * Instance: 
    N/A

    * DSP: 
    N/A

    * Memory: 
    N/A

    * FIFO: 
    N/A

    * Expression: 
    +---------------------------+----------+----+---+----+------------+------------+
    |       Variable Name       | Operation| DSP| FF| LUT| Bitwidth P0| Bitwidth P1|
    +---------------------------+----------+----+---+----+------------+------------+
    |add_ln103_fu_112_p2        |         +|   0|  0|  20|          13|           1|
    |ap_block_pp0_stage0_11001  |       and|   0|  0|   2|           1|           1|
    |icmp_ln103_fu_106_p2       |      icmp|   0|  0|  38|          31|          31|
    |ap_enable_pp0              |       xor|   0|  0|   2|           1|           2|
    +---------------------------+----------+----+---+----+------------+------------+
    |Total                      |          |   0|  0|  62|          46|          35|
    +---------------------------+----------+----+---+----+------------+------------+

    * Multiplexer: 
    +-------------------------+----+-----------+-----+-----------+
    |           Name          | LUT| Input Size| Bits| Total Bits|
    +-------------------------+----+-----------+-----+-----------+
    |ap_done_int              |   9|          2|    1|          2|
    |ap_enable_reg_pp0_iter1  |   9|          2|    1|          2|
    |ap_sig_allocacmp_i       |   9|          2|   13|         26|
    |gmem0_blk_n_R            |   9|          2|    1|          2|
    |i_2_fu_56                |   9|          2|   13|         26|
    +-------------------------+----+-----------+-----+-----------+
    |Total                    |  45|         10|   29|         58|
    +-------------------------+----+-----------+-----+-----------+

    * Register: 
    +----------------------------------+----+----+-----+-----------+
    |               Name               | FF | LUT| Bits| Const Bits|
    +----------------------------------+----+----+-----+-----------+
    |ap_CS_fsm                         |   1|   0|    1|          0|
    |ap_done_reg                       |   1|   0|    1|          0|
    |ap_enable_reg_pp0_iter1           |   1|   0|    1|          0|
    |ap_enable_reg_pp0_iter2           |   1|   0|    1|          0|
    |ap_loop_exit_ready_pp0_iter1_reg  |   1|   0|    1|          0|
    |gmem0_addr_read_reg_154           |  32|   0|   32|          0|
    |i_2_fu_56                         |  13|   0|   13|          0|
    |i_reg_145                         |  13|   0|   13|          0|
    |i_reg_145_pp0_iter1_reg           |  13|   0|   13|          0|
    +----------------------------------+----+----+-----+-----------+
    |Total                             |  76|   0|   76|          0|
    +----------------------------------+----+----+-----+-----------+



================================================================
== Interface
================================================================
* Summary: 
+-----------------------+-----+-----+------------+-------------------------------------+--------------+
|       RTL Ports       | Dir | Bits|  Protocol  |            Source Object            |    C Type    |
+-----------------------+-----+-----+------------+-------------------------------------+--------------+
|ap_clk                 |   in|    1|  ap_ctrl_hs|  ntt_kernel_Pipeline_BURST_READ_LOOP|  return value|
|ap_rst                 |   in|    1|  ap_ctrl_hs|  ntt_kernel_Pipeline_BURST_READ_LOOP|  return value|
|ap_start               |   in|    1|  ap_ctrl_hs|  ntt_kernel_Pipeline_BURST_READ_LOOP|  return value|
|ap_done                |  out|    1|  ap_ctrl_hs|  ntt_kernel_Pipeline_BURST_READ_LOOP|  return value|
|ap_idle                |  out|    1|  ap_ctrl_hs|  ntt_kernel_Pipeline_BURST_READ_LOOP|  return value|
|ap_ready               |  out|    1|  ap_ctrl_hs|  ntt_kernel_Pipeline_BURST_READ_LOOP|  return value|
|m_axi_gmem0_AWVALID    |  out|    1|       m_axi|                                gmem0|       pointer|
|m_axi_gmem0_AWREADY    |   in|    1|       m_axi|                                gmem0|       pointer|
|m_axi_gmem0_AWADDR     |  out|   64|       m_axi|                                gmem0|       pointer|
|m_axi_gmem0_AWID       |  out|    1|       m_axi|                                gmem0|       pointer|
|m_axi_gmem0_AWLEN      |  out|   32|       m_axi|                                gmem0|       pointer|
|m_axi_gmem0_AWSIZE     |  out|    3|       m_axi|                                gmem0|       pointer|
|m_axi_gmem0_AWBURST    |  out|    2|       m_axi|                                gmem0|       pointer|
|m_axi_gmem0_AWLOCK     |  out|    2|       m_axi|                                gmem0|       pointer|
|m_axi_gmem0_AWCACHE    |  out|    4|       m_axi|                                gmem0|       pointer|
|m_axi_gmem0_AWPROT     |  out|    3|       m_axi|                                gmem0|       pointer|
|m_axi_gmem0_AWQOS      |  out|    4|       m_axi|                                gmem0|       pointer|
|m_axi_gmem0_AWREGION   |  out|    4|       m_axi|                                gmem0|       pointer|
|m_axi_gmem0_AWUSER     |  out|    1|       m_axi|                                gmem0|       pointer|
|m_axi_gmem0_WVALID     |  out|    1|       m_axi|                                gmem0|       pointer|
|m_axi_gmem0_WREADY     |   in|    1|       m_axi|                                gmem0|       pointer|
|m_axi_gmem0_WDATA      |  out|   32|       m_axi|                                gmem0|       pointer|
|m_axi_gmem0_WSTRB      |  out|    4|       m_axi|                                gmem0|       pointer|
|m_axi_gmem0_WLAST      |  out|    1|       m_axi|                                gmem0|       pointer|
|m_axi_gmem0_WID        |  out|    1|       m_axi|                                gmem0|       pointer|
|m_axi_gmem0_WUSER      |  out|    1|       m_axi|                                gmem0|       pointer|
|m_axi_gmem0_ARVALID    |  out|    1|       m_axi|                                gmem0|       pointer|
|m_axi_gmem0_ARREADY    |   in|    1|       m_axi|                                gmem0|       pointer|
|m_axi_gmem0_ARADDR     |  out|   64|       m_axi|                                gmem0|       pointer|
|m_axi_gmem0_ARID       |  out|    1|       m_axi|                                gmem0|       pointer|
|m_axi_gmem0_ARLEN      |  out|   32|       m_axi|                                gmem0|       pointer|
|m_axi_gmem0_ARSIZE     |  out|    3|       m_axi|                                gmem0|       pointer|
|m_axi_gmem0_ARBURST    |  out|    2|       m_axi|                                gmem0|       pointer|
|m_axi_gmem0_ARLOCK     |  out|    2|       m_axi|                                gmem0|       pointer|
|m_axi_gmem0_ARCACHE    |  out|    4|       m_axi|                                gmem0|       pointer|
|m_axi_gmem0_ARPROT     |  out|    3|       m_axi|                                gmem0|       pointer|
|m_axi_gmem0_ARQOS      |  out|    4|       m_axi|                                gmem0|       pointer|
|m_axi_gmem0_ARREGION   |  out|    4|       m_axi|                                gmem0|       pointer|
|m_axi_gmem0_ARUSER     |  out|    1|       m_axi|                                gmem0|       pointer|
|m_axi_gmem0_RVALID     |   in|    1|       m_axi|                                gmem0|       pointer|
|m_axi_gmem0_RREADY     |  out|    1|       m_axi|                                gmem0|       pointer|
|m_axi_gmem0_RDATA      |   in|   32|       m_axi|                                gmem0|       pointer|
|m_axi_gmem0_RLAST      |   in|    1|       m_axi|                                gmem0|       pointer|
|m_axi_gmem0_RID        |   in|    1|       m_axi|                                gmem0|       pointer|
|m_axi_gmem0_RFIFONUM   |   in|    9|       m_axi|                                gmem0|       pointer|
|m_axi_gmem0_RUSER      |   in|    1|       m_axi|                                gmem0|       pointer|
|m_axi_gmem0_RRESP      |   in|    2|       m_axi|                                gmem0|       pointer|
|m_axi_gmem0_BVALID     |   in|    1|       m_axi|                                gmem0|       pointer|
|m_axi_gmem0_BREADY     |  out|    1|       m_axi|                                gmem0|       pointer|
|m_axi_gmem0_BRESP      |   in|    2|       m_axi|                                gmem0|       pointer|
|m_axi_gmem0_BID        |   in|    1|       m_axi|                                gmem0|       pointer|
|m_axi_gmem0_BUSER      |   in|    1|       m_axi|                                gmem0|       pointer|
|n                      |   in|   31|     ap_none|                                    n|        scalar|
|sext_ln103             |   in|   62|     ap_none|                           sext_ln103|        scalar|
|burst_buffer_address0  |  out|   12|   ap_memory|                         burst_buffer|         array|
|burst_buffer_ce0       |  out|    1|   ap_memory|                         burst_buffer|         array|
|burst_buffer_we0       |  out|    1|   ap_memory|                         burst_buffer|         array|
|burst_buffer_d0        |  out|   32|   ap_memory|                         burst_buffer|         array|
+-----------------------+-----+-----+------------+-------------------------------------+--------------+

