

================================================================
== Vitis HLS Report for 'ntt_kernel_Pipeline_CACHE_TWIDDLES_LOOP'
================================================================
* Date:           Mon Jun  1 21:40:40 2026

* Version:        2023.2 (Build 4023990 on Oct 11 2023)
* Project:        hls-design
* Solution:       ntt-asic (Vivado IP Flow Target)
* Product family: zynquplus
* Target device:  xck26-sfvc784-2LV-c


================================================================
== Performance Estimates
================================================================
+ Timing: 
    * Summary: 
    +--------+----------+----------+------------+
    |  Clock |  Target  | Estimated| Uncertainty|
    +--------+----------+----------+------------+
    |ap_clk  |  10.00 ns|  7.300 ns|     2.70 ns|
    +--------+----------+----------+------------+

+ Latency: 
    * Summary: 
    +---------+---------+----------+-----------+-----+------+---------+
    |  Latency (cycles) |  Latency (absolute)  |  Interval  | Pipeline|
    |   min   |   max   |    min   |    max    | min |  max |   Type  |
    +---------+---------+----------+-----------+-----+------+---------+
    |      258|     4098|  2.580 us|  40.980 us|  258|  4098|       no|
    +---------+---------+----------+-----------+-----+------+---------+

    + Detail: 
        * Instance: 
        N/A

        * Loop: 
        +-----------------------+---------+---------+----------+-----------+-----------+------------+----------+
        |                       |  Latency (cycles) | Iteration|  Initiation Interval  |    Trip    |          |
        |       Loop Name       |   min   |   max   |  Latency |  achieved |   target  |    Count   | Pipelined|
        +-----------------------+---------+---------+----------+-----------+-----------+------------+----------+
        |- CACHE_TWIDDLES_LOOP  |      256|     4096|         3|          1|          1|  255 ~ 4095|       yes|
        +-----------------------+---------+---------+----------+-----------+-----------+------------+----------+



================================================================
== Utilization Estimates
================================================================
* Summary: 
+-----------------+---------+------+--------+--------+-----+
|       Name      | BRAM_18K|  DSP |   FF   |   LUT  | URAM|
+-----------------+---------+------+--------+--------+-----+
|DSP              |        -|     -|       -|       -|    -|
|Expression       |        -|     -|       0|      63|    -|
|FIFO             |        -|     -|       -|       -|    -|
|Instance         |        -|     -|       -|       -|    -|
|Memory           |        -|     -|       -|       -|    -|
|Multiplexer      |        -|     -|       -|      45|    -|
|Register         |        -|     -|      76|       -|    -|
+-----------------+---------+------+--------+--------+-----+
|Total            |        0|     0|      76|     108|    0|
+-----------------+---------+------+--------+--------+-----+
|Available        |      288|  1248|  234240|  117120|   64|
+-----------------+---------+------+--------+--------+-----+
|Utilization (%)  |        0|     0|      ~0|      ~0|    0|
+-----------------+---------+------+--------+--------+-----+

+ Detail: 
    * Instance: 
    N/A

    * DSP: 
    N/A

    * Memory: 
    N/A

    * FIFO: 
    N/A

    * Expression: 
    +---------------------------+----------+----+---+----+------------+------------+
    |       Variable Name       | Operation| DSP| FF| LUT| Bitwidth P0| Bitwidth P1|
    +---------------------------+----------+----+---+----+------------+------------+
    |add_ln84_fu_124_p2         |         +|   0|  0|  20|          13|           1|
    |ap_block_pp0_stage0_11001  |       and|   0|  0|   2|           1|           1|
    |icmp_ln84_fu_118_p2        |      icmp|   0|  0|  39|          32|          32|
    |ap_enable_pp0              |       xor|   0|  0|   2|           1|           2|
    +---------------------------+----------+----+---+----+------------+------------+
    |Total                      |          |   0|  0|  63|          47|          36|
    +---------------------------+----------+----+---+----+------------+------------+

    * Multiplexer: 
    +-------------------------+----+-----------+-----+-----------+
    |           Name          | LUT| Input Size| Bits| Total Bits|
    +-------------------------+----+-----------+-----+-----------+
    |ap_done_int              |   9|          2|    1|          2|
    |ap_enable_reg_pp0_iter1  |   9|          2|    1|          2|
    |ap_sig_allocacmp_i_3     |   9|          2|   13|         26|
    |gmem2_blk_n_R            |   9|          2|    1|          2|
    |i_fu_64                  |   9|          2|   13|         26|
    +-------------------------+----+-----------+-----+-----------+
    |Total                    |  45|         10|   29|         58|
    +-------------------------+----+-----------+-----+-----------+

    * Register: 
    +----------------------------------+----+----+-----+-----------+
    |               Name               | FF | LUT| Bits| Const Bits|
    +----------------------------------+----+----+-----+-----------+
    |ap_CS_fsm                         |   1|   0|    1|          0|
    |ap_done_reg                       |   1|   0|    1|          0|
    |ap_enable_reg_pp0_iter1           |   1|   0|    1|          0|
    |ap_enable_reg_pp0_iter2           |   1|   0|    1|          0|
    |ap_loop_exit_ready_pp0_iter1_reg  |   1|   0|    1|          0|
    |gmem2_addr_read_reg_166           |  32|   0|   32|          0|
    |i_3_reg_157                       |  13|   0|   13|          0|
    |i_3_reg_157_pp0_iter1_reg         |  13|   0|   13|          0|
    |i_fu_64                           |  13|   0|   13|          0|
    +----------------------------------+----+----+-----+-----------+
    |Total                             |  76|   0|   76|          0|
    +----------------------------------+----+----+-----+-----------+



================================================================
== Interface
================================================================
* Summary: 
+-------------------------+-----+-----+------------+-----------------------------------------+--------------+
|        RTL Ports        | Dir | Bits|  Protocol  |              Source Object              |    C Type    |
+-------------------------+-----+-----+------------+-----------------------------------------+--------------+
|ap_clk                   |   in|    1|  ap_ctrl_hs|  ntt_kernel_Pipeline_CACHE_TWIDDLES_LOOP|  return value|
|ap_rst                   |   in|    1|  ap_ctrl_hs|  ntt_kernel_Pipeline_CACHE_TWIDDLES_LOOP|  return value|
|ap_start                 |   in|    1|  ap_ctrl_hs|  ntt_kernel_Pipeline_CACHE_TWIDDLES_LOOP|  return value|
|ap_done                  |  out|    1|  ap_ctrl_hs|  ntt_kernel_Pipeline_CACHE_TWIDDLES_LOOP|  return value|
|ap_idle                  |  out|    1|  ap_ctrl_hs|  ntt_kernel_Pipeline_CACHE_TWIDDLES_LOOP|  return value|
|ap_ready                 |  out|    1|  ap_ctrl_hs|  ntt_kernel_Pipeline_CACHE_TWIDDLES_LOOP|  return value|
|m_axi_gmem2_AWVALID      |  out|    1|       m_axi|                                    gmem2|       pointer|
|m_axi_gmem2_AWREADY      |   in|    1|       m_axi|                                    gmem2|       pointer|
|m_axi_gmem2_AWADDR       |  out|   64|       m_axi|                                    gmem2|       pointer|
|m_axi_gmem2_AWID         |  out|    1|       m_axi|                                    gmem2|       pointer|
|m_axi_gmem2_AWLEN        |  out|   32|       m_axi|                                    gmem2|       pointer|
|m_axi_gmem2_AWSIZE       |  out|    3|       m_axi|                                    gmem2|       pointer|
|m_axi_gmem2_AWBURST      |  out|    2|       m_axi|                                    gmem2|       pointer|
|m_axi_gmem2_AWLOCK       |  out|    2|       m_axi|                                    gmem2|       pointer|
|m_axi_gmem2_AWCACHE      |  out|    4|       m_axi|                                    gmem2|       pointer|
|m_axi_gmem2_AWPROT       |  out|    3|       m_axi|                                    gmem2|       pointer|
|m_axi_gmem2_AWQOS        |  out|    4|       m_axi|                                    gmem2|       pointer|
|m_axi_gmem2_AWREGION     |  out|    4|       m_axi|                                    gmem2|       pointer|
|m_axi_gmem2_AWUSER       |  out|    1|       m_axi|                                    gmem2|       pointer|
|m_axi_gmem2_WVALID       |  out|    1|       m_axi|                                    gmem2|       pointer|
|m_axi_gmem2_WREADY       |   in|    1|       m_axi|                                    gmem2|       pointer|
|m_axi_gmem2_WDATA        |  out|   32|       m_axi|                                    gmem2|       pointer|
|m_axi_gmem2_WSTRB        |  out|    4|       m_axi|                                    gmem2|       pointer|
|m_axi_gmem2_WLAST        |  out|    1|       m_axi|                                    gmem2|       pointer|
|m_axi_gmem2_WID          |  out|    1|       m_axi|                                    gmem2|       pointer|
|m_axi_gmem2_WUSER        |  out|    1|       m_axi|                                    gmem2|       pointer|
|m_axi_gmem2_ARVALID      |  out|    1|       m_axi|                                    gmem2|       pointer|
|m_axi_gmem2_ARREADY      |   in|    1|       m_axi|                                    gmem2|       pointer|
|m_axi_gmem2_ARADDR       |  out|   64|       m_axi|                                    gmem2|       pointer|
|m_axi_gmem2_ARID         |  out|    1|       m_axi|                                    gmem2|       pointer|
|m_axi_gmem2_ARLEN        |  out|   32|       m_axi|                                    gmem2|       pointer|
|m_axi_gmem2_ARSIZE       |  out|    3|       m_axi|                                    gmem2|       pointer|
|m_axi_gmem2_ARBURST      |  out|    2|       m_axi|                                    gmem2|       pointer|
|m_axi_gmem2_ARLOCK       |  out|    2|       m_axi|                                    gmem2|       pointer|
|m_axi_gmem2_ARCACHE      |  out|    4|       m_axi|                                    gmem2|       pointer|
|m_axi_gmem2_ARPROT       |  out|    3|       m_axi|                                    gmem2|       pointer|
|m_axi_gmem2_ARQOS        |  out|    4|       m_axi|                                    gmem2|       pointer|
|m_axi_gmem2_ARREGION     |  out|    4|       m_axi|                                    gmem2|       pointer|
|m_axi_gmem2_ARUSER       |  out|    1|       m_axi|                                    gmem2|       pointer|
|m_axi_gmem2_RVALID       |   in|    1|       m_axi|                                    gmem2|       pointer|
|m_axi_gmem2_RREADY       |  out|    1|       m_axi|                                    gmem2|       pointer|
|m_axi_gmem2_RDATA        |   in|   32|       m_axi|                                    gmem2|       pointer|
|m_axi_gmem2_RLAST        |   in|    1|       m_axi|                                    gmem2|       pointer|
|m_axi_gmem2_RID          |   in|    1|       m_axi|                                    gmem2|       pointer|
|m_axi_gmem2_RFIFONUM     |   in|    9|       m_axi|                                    gmem2|       pointer|
|m_axi_gmem2_RUSER        |   in|    1|       m_axi|                                    gmem2|       pointer|
|m_axi_gmem2_RRESP        |   in|    2|       m_axi|                                    gmem2|       pointer|
|m_axi_gmem2_BVALID       |   in|    1|       m_axi|                                    gmem2|       pointer|
|m_axi_gmem2_BREADY       |  out|    1|       m_axi|                                    gmem2|       pointer|
|m_axi_gmem2_BRESP        |   in|    2|       m_axi|                                    gmem2|       pointer|
|m_axi_gmem2_BID          |   in|    1|       m_axi|                                    gmem2|       pointer|
|m_axi_gmem2_BUSER        |   in|    1|       m_axi|                                    gmem2|       pointer|
|sub                      |   in|   32|     ap_none|                                      sub|        scalar|
|sext_ln84                |   in|   62|     ap_none|                                sext_ln84|        scalar|
|local_twiddles_address1  |  out|   12|   ap_memory|                           local_twiddles|         array|
|local_twiddles_ce1       |  out|    1|   ap_memory|                           local_twiddles|         array|
|local_twiddles_we1       |  out|    1|   ap_memory|                           local_twiddles|         array|
|local_twiddles_d1        |  out|   32|   ap_memory|                           local_twiddles|         array|
+-------------------------+-----+-----+------------+-----------------------------------------+--------------+

