

================================================================
== Vitis HLS Report for 'ntt_kernel_Pipeline_PERMUTE_LOOP'
================================================================
* Date:           Mon Jun  1 21:40:41 2026

* Version:        2023.2 (Build 4023990 on Oct 11 2023)
* Project:        hls-design
* Solution:       ntt-asic (Vivado IP Flow Target)
* Product family: zynquplus
* Target device:  xck26-sfvc784-2LV-c


================================================================
== Performance Estimates
================================================================
+ Timing: 
    * Summary: 
    +--------+----------+----------+------------+
    |  Clock |  Target  | Estimated| Uncertainty|
    +--------+----------+----------+------------+
    |ap_clk  |  10.00 ns|  2.474 ns|     2.70 ns|
    +--------+----------+----------+------------+

+ Latency: 
    * Summary: 
    +---------+---------+----------+-----------+-----+------+---------+
    |  Latency (cycles) |  Latency (absolute)  |  Interval  | Pipeline|
    |   min   |   max   |    min   |    max    | min |  max |   Type  |
    +---------+---------+----------+-----------+-----+------+---------+
    |      259|     4099|  2.590 us|  40.990 us|  259|  4099|       no|
    +---------+---------+----------+-----------+-----+------+---------+

    + Detail: 
        * Instance: 
        N/A

        * Loop: 
        +----------------+---------+---------+----------+-----------+-----------+------------+----------+
        |                |  Latency (cycles) | Iteration|  Initiation Interval  |    Trip    |          |
        |    Loop Name   |   min   |   max   |  Latency |  achieved |   target  |    Count   | Pipelined|
        +----------------+---------+---------+----------+-----------+-----------+------------+----------+
        |- PERMUTE_LOOP  |      257|     4097|         3|          1|          1|  256 ~ 4096|       yes|
        +----------------+---------+---------+----------+-----------+-----------+------------+----------+



================================================================
== Utilization Estimates
================================================================
* Summary: 
+-----------------+---------+------+--------+--------+-----+
|       Name      | BRAM_18K|  DSP |   FF   |   LUT  | URAM|
+-----------------+---------+------+--------+--------+-----+
|DSP              |        -|     -|       -|       -|    -|
|Expression       |        -|     -|       0|      60|    -|
|FIFO             |        -|     -|       -|       -|    -|
|Instance         |        -|     -|       -|       -|    -|
|Memory           |        -|     -|       -|       -|    -|
|Multiplexer      |        -|     -|       -|      36|    -|
|Register         |        -|     -|      44|       -|    -|
+-----------------+---------+------+--------+--------+-----+
|Total            |        0|     0|      44|      96|    0|
+-----------------+---------+------+--------+--------+-----+
|Available        |      288|  1248|  234240|  117120|   64|
+-----------------+---------+------+--------+--------+-----+
|Utilization (%)  |        0|     0|      ~0|      ~0|    0|
+-----------------+---------+------+--------+--------+-----+

+ Detail: 
    * Instance: 
    N/A

    * DSP: 
    N/A

    * Memory: 
    N/A

    * FIFO: 
    N/A

    * Expression: 
    +----------------------+----------+----+---+----+------------+------------+
    |     Variable Name    | Operation| DSP| FF| LUT| Bitwidth P0| Bitwidth P1|
    +----------------------+----------+----+---+----+------------+------------+
    |add_ln110_fu_116_p2   |         +|   0|  0|  20|          13|           1|
    |icmp_ln110_fu_110_p2  |      icmp|   0|  0|  38|          31|          31|
    |ap_enable_pp0         |       xor|   0|  0|   2|           1|           2|
    +----------------------+----------+----+---+----+------------+------------+
    |Total                 |          |   0|  0|  60|          45|          34|
    +----------------------+----------+----+---+----+------------+------------+

    * Multiplexer: 
    +-------------------------+----+-----------+-----+-----------+
    |           Name          | LUT| Input Size| Bits| Total Bits|
    +-------------------------+----+-----------+-----+-----------+
    |ap_done_int              |   9|          2|    1|          2|
    |ap_enable_reg_pp0_iter1  |   9|          2|    1|          2|
    |ap_sig_allocacmp_i_2     |   9|          2|   13|         26|
    |i_fu_44                  |   9|          2|   13|         26|
    +-------------------------+----+-----------+-----+-----------+
    |Total                    |  36|          8|   28|         56|
    +-------------------------+----+-----------+-----+-----------+

    * Register: 
    +----------------------------------+----+----+-----+-----------+
    |               Name               | FF | LUT| Bits| Const Bits|
    +----------------------------------+----+----+-----+-----------+
    |ap_CS_fsm                         |   1|   0|    1|          0|
    |ap_done_reg                       |   1|   0|    1|          0|
    |ap_enable_reg_pp0_iter1           |   1|   0|    1|          0|
    |ap_enable_reg_pp0_iter2           |   1|   0|    1|          0|
    |ap_loop_exit_ready_pp0_iter1_reg  |   1|   0|    1|          0|
    |i_fu_44                           |  13|   0|   13|          0|
    |zext_ln110_reg_148                |  13|   0|   64|         51|
    |zext_ln110_reg_148_pp0_iter1_reg  |  13|   0|   64|         51|
    +----------------------------------+----+----+-----+-----------+
    |Total                             |  44|   0|  146|        102|
    +----------------------------------+----+----+-----+-----------+



================================================================
== Interface
================================================================
* Summary: 
+-----------------------+-----+-----+------------+----------------------------------+--------------+
|       RTL Ports       | Dir | Bits|  Protocol  |           Source Object          |    C Type    |
+-----------------------+-----+-----+------------+----------------------------------+--------------+
|ap_clk                 |   in|    1|  ap_ctrl_hs|  ntt_kernel_Pipeline_PERMUTE_LOOP|  return value|
|ap_rst                 |   in|    1|  ap_ctrl_hs|  ntt_kernel_Pipeline_PERMUTE_LOOP|  return value|
|ap_start               |   in|    1|  ap_ctrl_hs|  ntt_kernel_Pipeline_PERMUTE_LOOP|  return value|
|ap_done                |  out|    1|  ap_ctrl_hs|  ntt_kernel_Pipeline_PERMUTE_LOOP|  return value|
|ap_idle                |  out|    1|  ap_ctrl_hs|  ntt_kernel_Pipeline_PERMUTE_LOOP|  return value|
|ap_ready               |  out|    1|  ap_ctrl_hs|  ntt_kernel_Pipeline_PERMUTE_LOOP|  return value|
|n                      |   in|   31|     ap_none|                                 n|        scalar|
|local_psi_address0     |  out|   12|   ap_memory|                         local_psi|         array|
|local_psi_ce0          |  out|    1|   ap_memory|                         local_psi|         array|
|local_psi_q0           |   in|   12|   ap_memory|                         local_psi|         array|
|burst_buffer_address0  |  out|   12|   ap_memory|                      burst_buffer|         array|
|burst_buffer_ce0       |  out|    1|   ap_memory|                      burst_buffer|         array|
|burst_buffer_q0        |   in|   32|   ap_memory|                      burst_buffer|         array|
|ping_address1          |  out|   12|   ap_memory|                              ping|         array|
|ping_ce1               |  out|    1|   ap_memory|                              ping|         array|
|ping_we1               |  out|    1|   ap_memory|                              ping|         array|
|ping_d1                |  out|   32|   ap_memory|                              ping|         array|
+-----------------------+-----+-----+------------+----------------------------------+--------------+

