Copyright 1986-2022 Xilinx, Inc. All Rights Reserved. Copyright 2022-2023 Advanced Micro Devices, Inc. All Rights Reserved.
---------------------------------------------------------------------------------------------------------------------------------------------
| Tool Version : Vivado v.2023.2 (lin64) Build 4029153 Fri Oct 13 20:13:54 MDT 2023
| Date         : Thu Jun 11 23:32:42 2026
| Host         : ecs02.poly.edu running 64-bit Red Hat Enterprise Linux release 8.10 (Ootpa)
| Command      : upgrade_ip
| Device       : xck26-sfvc784-2LV-c
---------------------------------------------------------------------------------------------------------------------------------------------

Upgrade Log for IP 'design_1_kyber_mult_0_1'

1. Summary
----------

SUCCESS in the update of design_1_kyber_mult_0_1 (xilinx.com:hls:kyber_mult:1.0) to current project options.






Copyright 1986-2022 Xilinx, Inc. All Rights Reserved. Copyright 2022-2023 Advanced Micro Devices, Inc. All Rights Reserved.
---------------------------------------------------------------------------------------------------------------------------------------------
| Tool Version : Vivado v.2023.2 (lin64) Build 4029153 Fri Oct 13 20:13:54 MDT 2023
| Date         : Wed Jun 10 00:50:04 2026
| Host         : ecs02.poly.edu running 64-bit Red Hat Enterprise Linux release 8.10 (Ootpa)
| Command      : upgrade_ip
| Device       : xck26-sfvc784-2LV-c
---------------------------------------------------------------------------------------------------------------------------------------------

Upgrade Log for IP 'design_1_kyber_mult_0_0'

1. Summary
----------

SUCCESS in the update of design_1_kyber_mult_0_0 (xilinx.com:hls:kyber_mult:1.0) to current project options.

