
===========================================================================
 report_power
============================================================================
======================= Fastest Corner ===================================

Group                  Internal  Switching    Leakage      Total
                          Power      Power      Power      Power (Watts)
----------------------------------------------------------------
Sequential             3.54e-02   1.41e-02   2.87e-07   4.96e-02   4.8%
Combinational          3.08e-01   6.74e-01   8.61e-07   9.82e-01  95.2%
Macro                  0.00e+00   0.00e+00   0.00e+00   0.00e+00   0.0%
Pad                    0.00e+00   0.00e+00   0.00e+00   0.00e+00   0.0%
----------------------------------------------------------------
Total                  3.43e-01   6.88e-01   1.15e-06   1.03e+00 100.0%
                          33.3%      66.7%       0.0%

======================= Slowest Corner ===================================

Group                  Internal  Switching    Leakage      Total
                          Power      Power      Power      Power (Watts)
----------------------------------------------------------------
Sequential             2.37e-02   9.45e-03   6.31e-05   3.32e-02   4.7%
Combinational          2.27e-01   4.52e-01   2.60e-04   6.80e-01  95.3%
Macro                  0.00e+00   0.00e+00   0.00e+00   0.00e+00   0.0%
Pad                    0.00e+00   0.00e+00   0.00e+00   0.00e+00   0.0%
----------------------------------------------------------------
Total                  2.51e-01   4.62e-01   3.23e-04   7.13e-01 100.0%
                          35.2%      64.8%       0.0%

======================= Typical Corner ===================================

Group                  Internal  Switching    Leakage      Total
                          Power      Power      Power      Power (Watts)
----------------------------------------------------------------
Sequential             3.04e-02   1.20e-02   2.58e-07   4.24e-02   4.7%
Combinational          2.84e-01   5.73e-01   4.90e-07   8.57e-01  95.3%
Macro                  0.00e+00   0.00e+00   0.00e+00   0.00e+00   0.0%
Pad                    0.00e+00   0.00e+00   0.00e+00   0.00e+00   0.0%
----------------------------------------------------------------
Total                  3.14e-01   5.85e-01   7.47e-07   8.99e-01 100.0%
                          34.9%      65.1%       0.0%

