
===========================================================================
report_checks -unconstrained
===========================================================================
======================= max_tt_025C_1v80 Corner ===================================

Startpoint: u_engine.g_banks[3].u_ram.u_macro
            (falling edge-triggered flip-flop clocked by wb_clk)
Endpoint: u_engine.g_banks[2].u_ram.u_macro
          (falling edge-triggered flip-flop clocked by wb_clk)
Path Group: wb_clk
Path Type: max

Fanout         Cap        Slew       Delay        Time   Description
---------------------------------------------------------------------------------------------
                                 12.500000   12.500000   clock wb_clk (fall edge)
                                  0.000000   12.500000   clock source latency
     2    0.249353    0.000000    0.000000   12.500000 v wb_clk_i (in)
                                                         wb_clk_i (net)
                      0.080954    0.040477   12.540477 v clkbuf_0_wb_clk_i/A (sky130_fd_sc_hd__clkbuf_16)
     3    0.133443    0.097797    0.216024   12.756500 v clkbuf_0_wb_clk_i/X (sky130_fd_sc_hd__clkbuf_16)
                                                         clknet_0_wb_clk_i (net)
                      0.102651    0.016654   12.773154 v clkbuf_1_1_0_wb_clk_i/A (sky130_fd_sc_hd__clkbuf_8)
     3    0.097147    0.110946    0.225897   12.999051 v clkbuf_1_1_0_wb_clk_i/X (sky130_fd_sc_hd__clkbuf_8)
                                                         clknet_1_1_0_wb_clk_i (net)
                      0.113420    0.013113   13.012164 v clkbuf_2_3_0_wb_clk_i/A (sky130_fd_sc_hd__clkbuf_8)
     2    0.074738    0.089701    0.213336   13.225500 v clkbuf_2_3_0_wb_clk_i/X (sky130_fd_sc_hd__clkbuf_8)
                                                         clknet_2_3_0_wb_clk_i (net)
                      0.096127    0.018447   13.243948 v clkbuf_3_7_0_wb_clk_i/A (sky130_fd_sc_hd__clkbuf_8)
     2    0.078978    0.092833    0.213757   13.457705 v clkbuf_3_7_0_wb_clk_i/X (sky130_fd_sc_hd__clkbuf_8)
                                                         clknet_3_7_0_wb_clk_i (net)
                      0.097561    0.016336   13.474041 v clkbuf_4_14_0_wb_clk_i/A (sky130_fd_sc_hd__clkbuf_8)
     6    0.128783    0.141090    0.247542   13.721582 v clkbuf_4_14_0_wb_clk_i/X (sky130_fd_sc_hd__clkbuf_8)
                                                         clknet_4_14_0_wb_clk_i (net)
                      0.144165    0.016599   13.738182 v clkbuf_6_59_0_wb_clk_i/A (sky130_fd_sc_hd__clkbuf_8)
    10    0.277864    0.278172    0.334619   14.072801 v clkbuf_6_59_0_wb_clk_i/X (sky130_fd_sc_hd__clkbuf_8)
                                                         clknet_6_59_0_wb_clk_i (net)
                      0.443950    0.094246   14.167047 v u_engine.g_banks[3].u_ram.u_macro/clk1 (sky130_sram_1kbyte_1rw1r_32x256_8)
     1    0.010943    0.007157    0.390744   14.557791 ^ u_engine.g_banks[3].u_ram.u_macro/dout1[3] (sky130_sram_1kbyte_1rw1r_32x256_8)
                                                         u_engine.bank_rdata[3][3] (net)
                      0.005368    0.000717   14.558508 ^ wire1/A (sky130_fd_sc_hd__buf_2)
     2    0.139154    0.669618    0.487159   15.045667 ^ wire1/X (sky130_fd_sc_hd__buf_2)
                                                         net109 (net)
                      0.674835    0.048381   15.094048 ^ wire1356/A (sky130_fd_sc_hd__buf_4)
     1    0.043616    0.133840    0.300350   15.394398 ^ wire1356/X (sky130_fd_sc_hd__buf_4)
                                                         net1356 (net)
                      0.135017    0.010036   15.404433 ^ wire1355/A (sky130_fd_sc_hd__buf_12)
     4    0.198951    0.231107    0.238973   15.643407 ^ wire1355/X (sky130_fd_sc_hd__buf_12)
                                                         net1355 (net)
                      0.243071    0.041069   15.684477 ^ fanout1347/A (sky130_fd_sc_hd__buf_2)
     2    0.073506    0.356532    0.383137   16.067614 ^ fanout1347/X (sky130_fd_sc_hd__buf_2)
                                                         net1347 (net)
                      0.356903    0.009530   16.077143 ^ fanout1346/A (sky130_fd_sc_hd__buf_2)
     4    0.060081    0.293451    0.360716   16.437860 ^ fanout1346/X (sky130_fd_sc_hd__buf_2)
                                                         net1346 (net)
                      0.294091    0.011269   16.449129 ^ _66960_/A1 (sky130_fd_sc_hd__a211o_1)
     1    0.013166    0.124776    0.237058   16.686188 ^ _66960_/X (sky130_fd_sc_hd__a211o_1)
                                                         _26501_ (net)
                      0.124785    0.001181   16.687368 ^ _66961_/B1 (sky130_fd_sc_hd__o21a_2)
     3    0.029632    0.162507    0.242025   16.929394 ^ _66961_/X (sky130_fd_sc_hd__o21a_2)
                                                         _26502_ (net)
                      0.162535    0.002126   16.931520 ^ _66969_/A (sky130_fd_sc_hd__xor2_4)
     3    0.017823    0.179382    0.208910   17.140430 ^ _66969_/X (sky130_fd_sc_hd__xor2_4)
                                                         _26510_ (net)
                      0.179385    0.001283   17.141712 ^ _66971_/A (sky130_fd_sc_hd__xnor2_2)
     3    0.010565    0.183367    0.158034   17.299746 ^ _66971_/Y (sky130_fd_sc_hd__xnor2_2)
                                                         _26512_ (net)
                      0.183367    0.000531   17.300278 ^ _67040_/A1 (sky130_fd_sc_hd__a22o_1)
     2    0.010081    0.108550    0.215808   17.516085 ^ _67040_/X (sky130_fd_sc_hd__a22o_1)
                                                         _26580_ (net)
                      0.108552    0.000711   17.516796 ^ _67140_/A2 (sky130_fd_sc_hd__a21o_1)
     2    0.015062    0.136678    0.195802   17.712599 ^ _67140_/X (sky130_fd_sc_hd__a21o_1)
                                                         _26679_ (net)
                      0.136684    0.001060   17.713659 ^ _67202_/A2 (sky130_fd_sc_hd__a21bo_1)
     2    0.019546    0.169021    0.220814   17.934473 ^ _67202_/X (sky130_fd_sc_hd__a21bo_1)
                                                         _26740_ (net)
                      0.169099    0.001718   17.936190 ^ _67352_/A1 (sky130_fd_sc_hd__a21o_4)
     2    0.025687    0.081393    0.181920   18.118111 ^ _67352_/X (sky130_fd_sc_hd__a21o_4)
                                                         _26889_ (net)
                      0.081501    0.002617   18.120728 ^ _67384_/A2 (sky130_fd_sc_hd__a21oi_4)
     3    0.023729    0.070305    0.085347   18.206074 v _67384_/Y (sky130_fd_sc_hd__a21oi_4)
                                                         _26920_ (net)
                      0.070523    0.003114   18.209188 v _67533_/A (sky130_fd_sc_hd__or3_4)
     2    0.013362    0.080241    0.414383   18.623571 v _67533_/X (sky130_fd_sc_hd__or3_4)
                                                         _27067_ (net)
                      0.080243    0.001190   18.624762 v _67667_/A1 (sky130_fd_sc_hd__a211o_4)
     3    0.011208    0.059515    0.344540   18.969301 v _67667_/X (sky130_fd_sc_hd__a211o_4)
                                                         _27199_ (net)
                      0.059515    0.000602   18.969904 v _67966_/A2 (sky130_fd_sc_hd__a2111o_1)
     3    0.016762    0.125325    0.487111   19.457014 v _67966_/X (sky130_fd_sc_hd__a2111o_1)
                                                         _27494_ (net)
                      0.125345    0.001586   19.458601 v _68135_/A1 (sky130_fd_sc_hd__a2111o_1)
     2    0.014438    0.114670    0.454127   19.912727 v _68135_/X (sky130_fd_sc_hd__a2111o_1)
                                                         _27661_ (net)
                      0.114681    0.001210   19.913939 v _68312_/B2 (sky130_fd_sc_hd__a221o_1)
     3    0.020394    0.136458    0.432589   20.346527 v _68312_/X (sky130_fd_sc_hd__a221o_1)
                                                         _27836_ (net)
                      0.136490    0.001982   20.348509 v _68457_/A2 (sky130_fd_sc_hd__o31a_1)
     4    0.025838    0.140436    0.407731   20.756241 v _68457_/X (sky130_fd_sc_hd__o31a_1)
                                                         _27979_ (net)
                      0.140519    0.003141   20.759380 v _68494_/A2 (sky130_fd_sc_hd__o211a_4)
     5    0.052203    0.095050    0.333566   21.092947 v _68494_/X (sky130_fd_sc_hd__o211a_4)
                                                         _28015_ (net)
                      0.095398    0.004860   21.097807 v _68555_/B1 (sky130_fd_sc_hd__a21oi_4)
     3    0.022245    0.197092    0.203357   21.301165 ^ _68555_/Y (sky130_fd_sc_hd__a21oi_4)
                                                         _28073_ (net)
                      0.197197    0.001982   21.303146 ^ _68556_/B (sky130_fd_sc_hd__or2_4)
     2    0.011336    0.051468    0.166835   21.469982 ^ _68556_/X (sky130_fd_sc_hd__or2_4)
                                                         _28074_ (net)
                      0.051479    0.000721   21.470703 ^ _69048_/C1 (sky130_fd_sc_hd__o221ai_2)
     1    0.003223    0.125113    0.075332   21.546036 v _69048_/Y (sky130_fd_sc_hd__o221ai_2)
                                                         _28518_ (net)
                      0.125113    0.000217   21.546251 v _69049_/A1 (sky130_fd_sc_hd__mux2_4)
     1    0.003738    0.051901    0.282874   21.829126 v _69049_/X (sky130_fd_sc_hd__mux2_4)
                                                         _28519_ (net)
                      0.051901    0.000238   21.829365 v _69050_/B1 (sky130_fd_sc_hd__a22o_1)
     1    0.004702    0.048873    0.186702   22.016066 v _69050_/X (sky130_fd_sc_hd__a22o_1)
                                                         _28520_ (net)
                      0.048873    0.000343   22.016409 v _69057_/B2 (sky130_fd_sc_hd__a221o_4)
     1    0.283622    0.361857    0.611177   22.627586 v _69057_/X (sky130_fd_sc_hd__a221o_4)
                                                         u_engine.g_banks[2].u_ram.wdata[26] (net)
                      0.790626    0.238675   22.866261 v u_engine.g_banks[2].u_ram.u_macro/din0[26] (sky130_sram_1kbyte_1rw1r_32x256_8)
                                             22.866261   data arrival time

                                 25.000000   25.000000   clock wb_clk (rise edge)
                                  0.000000   25.000000   clock source latency
     2    0.250390    0.000000    0.000000   25.000000 ^ wb_clk_i (in)
                                                         wb_clk_i (net)
                      0.081635    0.040817   25.040817 ^ clkbuf_0_wb_clk_i/A (sky130_fd_sc_hd__clkbuf_16)
     3    0.134446    0.148230    0.213962   25.254778 ^ clkbuf_0_wb_clk_i/X (sky130_fd_sc_hd__clkbuf_16)
                                                         clknet_0_wb_clk_i (net)
                      0.151409    0.017073   25.271851 ^ clkbuf_1_1_0_wb_clk_i/A (sky130_fd_sc_hd__clkbuf_8)
     3    0.098150    0.176146    0.252806   25.524656 ^ clkbuf_1_1_0_wb_clk_i/X (sky130_fd_sc_hd__clkbuf_8)
                                                         clknet_1_1_0_wb_clk_i (net)
                      0.181159    0.023517   25.548174 ^ clkbuf_2_2_0_wb_clk_i/A (sky130_fd_sc_hd__clkbuf_8)
     2    0.024539    0.059061    0.183981   25.732155 ^ clkbuf_2_2_0_wb_clk_i/X (sky130_fd_sc_hd__clkbuf_8)
                                                         clknet_2_2_0_wb_clk_i (net)
                      0.059428    0.003265   25.735420 ^ clkbuf_3_5_0_wb_clk_i/A (sky130_fd_sc_hd__clkbuf_8)
     3    0.100594    0.180366    0.221132   25.956551 ^ clkbuf_3_5_0_wb_clk_i/X (sky130_fd_sc_hd__clkbuf_8)
                                                         clknet_3_5_0_wb_clk_i (net)
                      0.184732    0.022274   25.978825 ^ clkbuf_4_10_0_wb_clk_i/A (sky130_fd_sc_hd__clkbuf_8)
     7    0.120052    0.210725    0.291983   26.270809 ^ clkbuf_4_10_0_wb_clk_i/X (sky130_fd_sc_hd__clkbuf_8)
                                                         clknet_4_10_0_wb_clk_i (net)
                      0.211176    0.008090   26.278898 ^ clkbuf_6_42_0_wb_clk_i/A (sky130_fd_sc_hd__clkbuf_8)
     6    0.218869    0.375114    0.387885   26.666782 ^ clkbuf_6_42_0_wb_clk_i/X (sky130_fd_sc_hd__clkbuf_8)
                                                         clknet_6_42_0_wb_clk_i (net)
                      0.524484    0.064704   26.731487 ^ u_engine.g_banks[2].u_ram.u_macro/clk0 (sky130_sram_1kbyte_1rw1r_32x256_8)
                                 -0.250000   26.481487   clock uncertainty
                                  0.000000   26.481487   clock reconvergence pessimism
                                 -0.103000   26.378489   library setup time
                                             26.378489   data required time
---------------------------------------------------------------------------------------------
                                             26.378489   data required time
                                            -22.866261   data arrival time
---------------------------------------------------------------------------------------------
                                              3.512227   slack (MET)




===========================================================================
report_checks --slack_max -0.01
============================================================================
======================= max_tt_025C_1v80 Corner ===================================

No paths found.


===========================================================================
 report_check_types -max_slew -max_cap -max_fanout -violators
============================================================================
======================= max_tt_025C_1v80 Corner ===================================

max slew

Pin                                        Limit        Slew       Slack
------------------------------------------------------------------------
u_engine.u_zstore.g_zrams[0].u_ram.u_macro/addr1[0]    0.500000    0.536676   -0.036676 (VIOLATED)
u_engine.u_zstore.g_zrams[0].u_ram.u_macro/addr1[6]    0.500000    0.501790   -0.001790 (VIOLATED)

max capacitance

Pin                                        Limit         Cap       Slack
------------------------------------------------------------------------
u_engine.u_zstore.g_zrams[1].u_ram.u_macro/dout0[3]    0.027560    0.065238   -0.037678 (VIOLATED)
u_engine.u_zstore.g_zrams[0].u_ram.u_macro/dout0[21]    0.027560    0.065231   -0.037671 (VIOLATED)
u_engine.u_zstore.g_zrams[0].u_ram.u_macro/dout0[20]    0.027560    0.061866   -0.034306 (VIOLATED)
u_engine.u_zstore.g_zrams[1].u_ram.u_macro/dout1[2]    0.027560    0.059553   -0.031993 (VIOLATED)
u_engine.u_zstore.g_zrams[1].u_ram.u_macro/dout1[0]    0.027560    0.055154   -0.027594 (VIOLATED)
u_engine.u_zstore.g_zrams[0].u_ram.u_macro/dout0[4]    0.027560    0.054872   -0.027312 (VIOLATED)
u_engine.u_zstore.g_zrams[0].u_ram.u_macro/dout0[19]    0.027560    0.053708   -0.026148 (VIOLATED)
u_engine.u_zstore.g_zrams[0].u_ram.u_macro/dout0[2]    0.027560    0.053417   -0.025857 (VIOLATED)
u_engine.u_zstore.g_zrams[1].u_ram.u_macro/dout1[4]    0.027560    0.052729   -0.025169 (VIOLATED)
u_engine.u_zstore.g_zrams[0].u_ram.u_macro/dout1[9]    0.027560    0.052176   -0.024616 (VIOLATED)
u_engine.u_zstore.g_zrams[1].u_ram.u_macro/dout0[22]    0.027560    0.051962   -0.024402 (VIOLATED)
u_engine.u_zstore.g_zrams[0].u_ram.u_macro/dout1[5]    0.027560    0.051245   -0.023685 (VIOLATED)
u_engine.u_zstore.g_zrams[1].u_ram.u_macro/dout1[3]    0.027560    0.050611   -0.023051 (VIOLATED)
u_engine.u_zstore.g_zrams[1].u_ram.u_macro/dout1[17]    0.027560    0.049845   -0.022285 (VIOLATED)
u_engine.u_zstore.g_zrams[1].u_ram.u_macro/dout1[20]    0.027560    0.049557   -0.021997 (VIOLATED)
u_engine.u_zstore.g_zrams[0].u_ram.u_macro/dout0[1]    0.027560    0.048687   -0.021127 (VIOLATED)
u_engine.u_zstore.g_zrams[1].u_ram.u_macro/dout0[19]    0.027560    0.048489   -0.020929 (VIOLATED)
u_engine.u_zstore.g_zrams[1].u_ram.u_macro/dout1[8]    0.027560    0.047929   -0.020369 (VIOLATED)
u_engine.g_banks[3].u_ram.u_macro/dout1[24]    0.027560    0.047708   -0.020148 (VIOLATED)
u_engine.u_zstore.g_zrams[1].u_ram.u_macro/dout1[13]    0.027560    0.047323   -0.019763 (VIOLATED)
u_engine.u_zstore.g_zrams[0].u_ram.u_macro/dout1[17]    0.027560    0.046616   -0.019056 (VIOLATED)
u_engine.u_zstore.g_zrams[1].u_ram.u_macro/dout1[6]    0.027560    0.045358   -0.017798 (VIOLATED)
u_engine.u_zstore.g_zrams[0].u_ram.u_macro/dout1[13]    0.027560    0.044978   -0.017418 (VIOLATED)
u_engine.u_zstore.g_zrams[0].u_ram.u_macro/dout1[20]    0.027560    0.044668   -0.017108 (VIOLATED)
u_engine.g_banks[3].u_ram.u_macro/dout1[15]    0.027560    0.044638   -0.017078 (VIOLATED)
u_engine.u_zstore.g_zrams[1].u_ram.u_macro/dout1[22]    0.027560    0.044505   -0.016945 (VIOLATED)
u_engine.u_zstore.g_zrams[0].u_ram.u_macro/dout1[22]    0.027560    0.043448   -0.015888 (VIOLATED)
u_engine.u_zstore.g_zrams[0].u_ram.u_macro/dout0[3]    0.027560    0.043171   -0.015611 (VIOLATED)
u_engine.u_zstore.g_zrams[0].u_ram.u_macro/dout0[5]    0.027560    0.043155   -0.015595 (VIOLATED)
u_engine.u_zstore.g_zrams[1].u_ram.u_macro/dout0[20]    0.027560    0.043059   -0.015499 (VIOLATED)
u_engine.u_zstore.g_zrams[0].u_ram.u_macro/dout0[10]    0.027560    0.042889   -0.015329 (VIOLATED)
u_engine.u_zstore.g_zrams[0].u_ram.u_macro/dout1[0]    0.027560    0.042608   -0.015048 (VIOLATED)
u_engine.u_zstore.g_zrams[1].u_ram.u_macro/dout0[4]    0.027560    0.042575   -0.015015 (VIOLATED)
u_engine.u_zstore.g_zrams[0].u_ram.u_macro/dout1[29]    0.027560    0.042330   -0.014770 (VIOLATED)
u_engine.u_zstore.g_zrams[0].u_ram.u_macro/dout1[6]    0.027560    0.042209   -0.014649 (VIOLATED)
u_engine.u_zstore.g_zrams[0].u_ram.u_macro/dout1[4]    0.027560    0.042133   -0.014573 (VIOLATED)
u_engine.u_zstore.g_zrams[0].u_ram.u_macro/dout0[6]    0.027560    0.041785   -0.014225 (VIOLATED)
u_engine.u_zstore.g_zrams[0].u_ram.u_macro/dout1[8]    0.027560    0.041249   -0.013689 (VIOLATED)
u_engine.u_zstore.g_zrams[1].u_ram.u_macro/dout0[2]    0.027560    0.040729   -0.013169 (VIOLATED)
u_engine.u_zstore.g_zrams[0].u_ram.u_macro/dout0[22]    0.027560    0.039920   -0.012360 (VIOLATED)
u_engine.u_zstore.g_zrams[0].u_ram.u_macro/dout0[7]    0.027560    0.038906   -0.011346 (VIOLATED)
u_engine.u_zstore.g_zrams[0].u_ram.u_macro/dout1[2]    0.027560    0.038541   -0.010981 (VIOLATED)
u_engine.u_zstore.g_zrams[0].u_ram.u_macro/dout1[1]    0.027560    0.038472   -0.010912 (VIOLATED)
u_engine.g_banks[1].u_ram.u_macro/dout1[25]    0.027560    0.038280   -0.010720 (VIOLATED)
u_engine.u_zstore.g_zrams[0].u_ram.u_macro/dout0[23]    0.027560    0.038077   -0.010517 (VIOLATED)
u_engine.u_zstore.g_zrams[0].u_ram.u_macro/dout0[0]    0.027560    0.038006   -0.010446 (VIOLATED)
u_engine.u_zstore.g_zrams[1].u_ram.u_macro/dout0[18]    0.027560    0.037971   -0.010411 (VIOLATED)
u_engine.u_zstore.g_zrams[1].u_ram.u_macro/dout1[5]    0.027560    0.037900   -0.010340 (VIOLATED)
u_engine.u_zstore.g_zrams[0].u_ram.u_macro/dout1[3]    0.027560    0.037616   -0.010056 (VIOLATED)
u_engine.g_banks[1].u_ram.u_macro/dout1[18]    0.027560    0.037544   -0.009984 (VIOLATED)
u_engine.u_zstore.g_zrams[1].u_ram.u_macro/dout1[9]    0.027560    0.037512   -0.009952 (VIOLATED)
u_engine.u_zstore.g_zrams[1].u_ram.u_macro/dout0[17]    0.027560    0.036972   -0.009412 (VIOLATED)
u_engine.u_zstore.g_zrams[1].u_ram.u_macro/dout1[16]    0.027560    0.036967   -0.009407 (VIOLATED)
u_engine.g_banks[3].u_ram.u_macro/dout1[9]    0.027560    0.036956   -0.009396 (VIOLATED)
u_engine.u_zstore.g_zrams[0].u_ram.u_macro/dout1[19]    0.027560    0.036887   -0.009327 (VIOLATED)
u_engine.u_zstore.g_zrams[0].u_ram.u_macro/dout0[8]    0.027560    0.036730   -0.009170 (VIOLATED)
u_engine.g_banks[3].u_ram.u_macro/dout1[8]    0.027560    0.036643   -0.009083 (VIOLATED)
u_engine.g_banks[3].u_ram.u_macro/dout1[13]    0.027560    0.036292   -0.008732 (VIOLATED)
u_engine.g_banks[3].u_ram.u_macro/dout1[0]    0.027560    0.035757   -0.008197 (VIOLATED)
u_engine.g_banks[1].u_ram.u_macro/dout1[16]    0.027560    0.035418   -0.007858 (VIOLATED)
u_engine.g_banks[2].u_ram.u_macro/dout1[13]    0.027560    0.035376   -0.007816 (VIOLATED)
u_engine.g_banks[1].u_ram.u_macro/dout1[19]    0.027560    0.035360   -0.007800 (VIOLATED)
u_engine.u_zstore.g_zrams[0].u_ram.u_macro/dout1[30]    0.027560    0.035307   -0.007747 (VIOLATED)
u_engine.u_zstore.g_zrams[0].u_ram.u_macro/dout1[27]    0.027560    0.034971   -0.007411 (VIOLATED)
u_engine.u_zstore.g_zrams[1].u_ram.u_macro/dout1[15]    0.027560    0.034457   -0.006897 (VIOLATED)
u_engine.g_banks[0].u_ram.u_macro/dout1[7]    0.027560    0.033993   -0.006433 (VIOLATED)
u_engine.g_banks[0].u_ram.u_macro/dout1[15]    0.027560    0.033904   -0.006344 (VIOLATED)
u_engine.g_banks[1].u_ram.u_macro/dout1[13]    0.027560    0.033566   -0.006006 (VIOLATED)
u_engine.u_zstore.g_zrams[0].u_ram.u_macro/dout1[18]    0.027560    0.033397   -0.005837 (VIOLATED)
u_engine.u_zstore.g_zrams[0].u_ram.u_macro/dout1[24]    0.027560    0.033381   -0.005821 (VIOLATED)
u_engine.u_zstore.g_zrams[0].u_ram.u_macro/dout1[28]    0.027560    0.033376   -0.005816 (VIOLATED)
u_engine.u_zstore.g_zrams[0].u_ram.u_macro/dout0[24]    0.027560    0.032748   -0.005188 (VIOLATED)
u_engine.g_banks[1].u_ram.u_macro/dout1[10]    0.027560    0.032516   -0.004956 (VIOLATED)
u_engine.u_zstore.g_zrams[0].u_ram.u_macro/dout0[9]    0.027560    0.032251   -0.004691 (VIOLATED)
u_engine.g_banks[3].u_ram.u_macro/dout1[23]    0.027560    0.032080   -0.004520 (VIOLATED)
u_engine.u_zstore.g_zrams[0].u_ram.u_macro/dout1[12]    0.027560    0.031973   -0.004413 (VIOLATED)
u_engine.u_zstore.g_zrams[1].u_ram.u_macro/dout1[1]    0.027560    0.031767   -0.004207 (VIOLATED)
u_engine.g_banks[3].u_ram.u_macro/dout1[5]    0.027560    0.031725   -0.004165 (VIOLATED)
u_engine.u_zstore.g_zrams[1].u_ram.u_macro/dout0[14]    0.027560    0.031603   -0.004043 (VIOLATED)
u_engine.u_zstore.g_zrams[0].u_ram.u_macro/dout1[21]    0.027560    0.031408   -0.003848 (VIOLATED)
u_engine.g_banks[0].u_ram.u_macro/dout1[18]    0.027560    0.031252   -0.003692 (VIOLATED)
u_engine.g_banks[2].u_ram.u_macro/dout1[12]    0.027560    0.031153   -0.003593 (VIOLATED)
u_engine.g_banks[2].u_ram.u_macro/dout1[14]    0.027560    0.030956   -0.003396 (VIOLATED)
u_engine.g_banks[3].u_ram.u_macro/dout1[6]    0.027560    0.030824   -0.003264 (VIOLATED)
u_engine.g_banks[3].u_ram.u_macro/dout1[2]    0.027560    0.030615   -0.003055 (VIOLATED)
u_engine.g_banks[1].u_ram.u_macro/dout1[2]    0.027560    0.030604   -0.003044 (VIOLATED)
u_engine.u_zstore.g_zrams[1].u_ram.u_macro/dout0[12]    0.027560    0.030494   -0.002934 (VIOLATED)
u_engine.g_banks[1].u_ram.u_macro/dout1[21]    0.027560    0.030428   -0.002868 (VIOLATED)
u_engine.g_banks[3].u_ram.u_macro/dout1[4]    0.027560    0.030403   -0.002843 (VIOLATED)
u_engine.u_zstore.g_zrams[1].u_ram.u_macro/dout0[31]    0.027560    0.030274   -0.002714 (VIOLATED)
u_engine.u_zstore.g_zrams[0].u_ram.u_macro/dout0[26]    0.027560    0.030263   -0.002703 (VIOLATED)
u_engine.g_banks[0].u_ram.u_macro/dout1[4]    0.027560    0.030098   -0.002538 (VIOLATED)
u_engine.g_banks[1].u_ram.u_macro/dout1[12]    0.027560    0.029908   -0.002348 (VIOLATED)
u_engine.u_zstore.g_zrams[0].u_ram.u_macro/dout1[23]    0.027560    0.029837   -0.002277 (VIOLATED)
u_engine.u_zstore.g_zrams[0].u_ram.u_macro/dout1[31]    0.027560    0.029749   -0.002189 (VIOLATED)
u_engine.u_zstore.g_zrams[1].u_ram.u_macro/dout0[15]    0.027560    0.029697   -0.002137 (VIOLATED)
u_engine.u_zstore.g_zrams[1].u_ram.u_macro/dout0[13]    0.027560    0.029598   -0.002038 (VIOLATED)
u_engine.g_banks[2].u_ram.u_macro/dout1[15]    0.027560    0.029483   -0.001923 (VIOLATED)
u_engine.u_zstore.g_zrams[0].u_ram.u_macro/dout0[25]    0.027560    0.029441   -0.001881 (VIOLATED)
u_engine.g_banks[3].u_ram.u_macro/dout1[11]    0.027560    0.028963   -0.001403 (VIOLATED)
u_engine.u_zstore.g_zrams[0].u_ram.u_macro/dout1[7]    0.027560    0.028920   -0.001360 (VIOLATED)
u_engine.u_zstore.g_zrams[0].u_ram.u_macro/dout1[25]    0.027560    0.028465   -0.000905 (VIOLATED)
u_engine.u_zstore.g_zrams[1].u_ram.u_macro/dout1[14]    0.027560    0.028389   -0.000829 (VIOLATED)
u_engine.u_zstore.g_zrams[1].u_ram.u_macro/dout0[21]    0.027560    0.028269   -0.000709 (VIOLATED)
u_engine.g_banks[0].u_ram.u_macro/dout1[19]    0.027560    0.027717   -0.000157 (VIOLATED)
u_engine.u_zstore.g_zrams[0].u_ram.u_macro/dout0[13]    0.027560    0.027607   -0.000047 (VIOLATED)



===========================================================================
report_parasitic_annotation -report_unannotated
============================================================================
Found 669 unannotated drivers.
 clkload0/Y
 clkload1/Y
 clkload10/X
 clkload100/Y
 clkload101/Y
 clkload102/Y
 clkload103/Y
 clkload104/Y
 clkload105/X
 clkload106/X
 clkload107/Y
 clkload108/Y
 clkload109/X
 clkload11/X
 clkload110/Y
 clkload111/Y
 clkload112/Y
 clkload113/Y
 clkload114/Y
 clkload115/Y
 clkload116/Y
 clkload117/Y
 clkload118/Y
 clkload119/X
 clkload12/Y
 clkload120/Y
 clkload121/X
 clkload122/X
 clkload123/X
 clkload124/X
 clkload125/Y
 clkload126/Y
 clkload127/Y
 clkload128/Y
 clkload129/Y
 clkload13/Y
 clkload130/Y
 clkload131/Y
 clkload132/Y
 clkload133/Y
 clkload134/Y
 clkload135/X
 clkload136/Y
 clkload137/Y
 clkload138/Y
 clkload139/Y
 clkload14/Y
 clkload140/Y
 clkload141/Y
 clkload142/Y
 clkload143/Y
 clkload144/Y
 clkload145/Y
 clkload146/Y
 clkload147/Y
 clkload148/Y
 clkload149/Y
 clkload15/Y
 clkload150/Y
 clkload151/Y
 clkload152/Y
 clkload153/Y
 clkload154/Y
 clkload155/Y
 clkload156/Y
 clkload157/Y
 clkload158/Y
 clkload159/Y
 clkload16/X
 clkload160/Y
 clkload161/Y
 clkload162/Y
 clkload163/Y
 clkload164/Y
 clkload165/Y
 clkload166/X
 clkload167/Y
 clkload168/Y
 clkload169/Y
 clkload17/Y
 clkload170/Y
 clkload171/Y
 clkload172/Y
 clkload173/Y
 clkload174/Y
 clkload175/Y
 clkload176/Y
 clkload177/Y
 clkload178/Y
 clkload179/Y
 clkload18/Y
 clkload180/Y
 clkload181/Y
 clkload182/Y
 clkload183/Y
 clkload184/Y
 clkload185/Y
 clkload186/Y
 clkload187/Y
 clkload188/Y
 clkload189/Y
 clkload19/Y
 clkload190/Y
 clkload191/X
 clkload192/Y
 clkload193/Y
 clkload194/Y
 clkload195/Y
 clkload196/Y
 clkload197/Y
 clkload198/Y
 clkload199/Y
 clkload2/Y
 clkload20/Y
 clkload200/Y
 clkload201/Y
 clkload202/Y
 clkload203/Y
 clkload204/Y
 clkload205/Y
 clkload206/Y
 clkload207/Y
 clkload208/X
 clkload209/Y
 clkload21/Y
 clkload210/Y
 clkload211/Y
 clkload212/X
 clkload213/X
 clkload214/Y
 clkload215/Y
 clkload216/Y
 clkload217/Y
 clkload218/Y
 clkload219/Y
 clkload22/Y
 clkload220/Y
 clkload221/Y
 clkload222/Y
 clkload223/Y
 clkload224/Y
 clkload225/Y
 clkload226/Y
 clkload227/Y
 clkload228/Y
 clkload229/Y
 clkload23/Y
 clkload230/Y
 clkload231/Y
 clkload232/Y
 clkload233/X
 clkload234/X
 clkload235/Y
 clkload236/Y
 clkload237/Y
 clkload238/X
 clkload239/Y
 clkload24/Y
 clkload240/Y
 clkload241/Y
 clkload242/Y
 clkload243/Y
 clkload244/Y
 clkload245/Y
 clkload246/Y
 clkload247/Y
 clkload248/Y
 clkload249/Y
 clkload25/Y
 clkload250/Y
 clkload251/Y
 clkload252/Y
 clkload253/Y
 clkload254/Y
 clkload255/Y
 clkload256/Y
 clkload257/Y
 clkload258/Y
 clkload259/Y
 clkload26/Y
 clkload260/Y
 clkload261/X
 clkload262/Y
 clkload263/Y
 clkload264/Y
 clkload265/X
 clkload266/Y
 clkload267/Y
 clkload268/Y
 clkload269/Y
 clkload27/Y
 clkload270/Y
 clkload271/Y
 clkload272/Y
 clkload273/Y
 clkload274/X
 clkload275/Y
 clkload276/Y
 clkload277/Y
 clkload278/Y
 clkload279/Y
 clkload28/Y
 clkload280/Y
 clkload281/Y
 clkload282/Y
 clkload283/Y
 clkload284/X
 clkload285/X
 clkload286/Y
 clkload287/Y
 clkload288/Y
 clkload289/Y
 clkload29/Y
 clkload290/Y
 clkload291/Y
 clkload292/Y
 clkload293/Y
 clkload294/Y
 clkload295/Y
 clkload296/Y
 clkload297/Y
 clkload298/Y
 clkload299/Y
 clkload3/Y
 clkload30/X
 clkload300/Y
 clkload301/X
 clkload302/X
 clkload303/Y
 clkload304/Y
 clkload305/Y
 clkload306/Y
 clkload307/X
 clkload308/Y
 clkload309/Y
 clkload31/Y
 clkload310/Y
 clkload311/Y
 clkload312/Y
 clkload313/Y
 clkload314/Y
 clkload315/Y
 clkload316/X
 clkload317/Y
 clkload318/Y
 clkload319/Y
 clkload32/X
 clkload320/Y
 clkload321/Y
 clkload322/X
 clkload323/Y
 clkload324/Y
 clkload325/Y
 clkload326/Y
 clkload327/Y
 clkload328/Y
 clkload329/X
 clkload33/Y
 clkload330/Y
 clkload331/Y
 clkload332/Y
 clkload333/Y
 clkload334/Y
 clkload335/Y
 clkload336/Y
 clkload337/Y
 clkload338/Y
 clkload339/Y
 clkload34/Y
 clkload340/Y
 clkload341/Y
 clkload342/Y
 clkload343/X
 clkload344/Y
 clkload345/X
 clkload346/Y
 clkload347/Y
 clkload348/Y
 clkload349/Y
 clkload35/Y
 clkload350/Y
 clkload351/Y
 clkload352/Y
 clkload353/Y
 clkload354/Y
 clkload355/Y
 clkload356/Y
 clkload357/Y
 clkload358/Y
 clkload359/Y
 clkload36/Y
 clkload360/Y
 clkload361/Y
 clkload362/Y
 clkload363/Y
 clkload364/Y
 clkload365/Y
 clkload366/Y
 clkload367/Y
 clkload368/Y
 clkload369/Y
 clkload37/Y
 clkload370/Y
 clkload371/Y
 clkload372/Y
 clkload373/X
 clkload374/Y
 clkload375/Y
 clkload376/Y
 clkload377/Y
 clkload378/Y
 clkload379/Y
 clkload38/Y
 clkload380/Y
 clkload381/Y
 clkload382/Y
 clkload383/X
 clkload384/Y
 clkload385/X
 clkload386/Y
 clkload387/Y
 clkload388/X
 clkload389/Y
 clkload39/Y
 clkload390/Y
 clkload391/Y
 clkload392/Y
 clkload393/Y
 clkload394/Y
 clkload395/Y
 clkload396/Y
 clkload397/Y
 clkload398/Y
 clkload399/Y
 clkload4/Y
 clkload40/Y
 clkload400/Y
 clkload401/Y
 clkload402/X
 clkload403/X
 clkload404/Y
 clkload405/Y
 clkload406/Y
 clkload407/Y
 clkload408/X
 clkload409/X
 clkload41/Y
 clkload410/X
 clkload411/Y
 clkload412/Y
 clkload413/Y
 clkload414/Y
 clkload415/Y
 clkload416/Y
 clkload417/Y
 clkload418/X
 clkload419/Y
 clkload42/Y
 clkload420/Y
 clkload421/Y
 clkload422/Y
 clkload423/Y
 clkload424/Y
 clkload425/Y
 clkload426/Y
 clkload427/Y
 clkload428/Y
 clkload429/X
 clkload43/Y
 clkload430/Y
 clkload431/Y
 clkload432/Y
 clkload433/X
 clkload434/Y
 clkload435/Y
 clkload436/Y
 clkload437/Y
 clkload438/Y
 clkload439/Y
 clkload44/Y
 clkload440/Y
 clkload441/Y
 clkload442/Y
 clkload443/Y
 clkload444/Y
 clkload445/Y
 clkload446/Y
 clkload447/Y
 clkload448/Y
 clkload449/Y
 clkload45/Y
 clkload450/Y
 clkload451/Y
 clkload452/Y
 clkload453/Y
 clkload454/Y
 clkload455/Y
 clkload456/Y
 clkload457/Y
 clkload458/Y
 clkload459/Y
 clkload46/Y
 clkload460/Y
 clkload461/Y
 clkload462/Y
 clkload463/Y
 clkload464/Y
 clkload465/X
 clkload466/Y
 clkload467/Y
 clkload468/Y
 clkload469/Y
 clkload47/Y
 clkload470/X
 clkload471/X
 clkload472/Y
 clkload473/Y
 clkload474/Y
 clkload475/Y
 clkload476/Y
 clkload477/Y
 clkload478/Y
 clkload479/Y
 clkload48/Y
 clkload480/Y
 clkload481/Y
 clkload482/X
 clkload483/Y
 clkload484/Y
 clkload485/X
 clkload486/Y
 clkload487/Y
 clkload488/Y
 clkload489/Y
 clkload49/Y
 clkload490/Y
 clkload491/Y
 clkload492/Y
 clkload493/Y
 clkload494/Y
 clkload495/Y
 clkload496/Y
 clkload497/Y
 clkload498/Y
 clkload499/Y
 clkload5/Y
 clkload50/X
 clkload500/X
 clkload501/Y
 clkload502/Y
 clkload503/Y
 clkload504/Y
 clkload505/Y
 clkload506/X
 clkload507/X
 clkload508/X
 clkload51/Y
 clkload52/Y
 clkload53/Y
 clkload54/Y
 clkload55/Y
 clkload56/Y
 clkload57/Y
 clkload58/Y
 clkload59/Y
 clkload6/Y
 clkload60/Y
 clkload61/Y
 clkload62/Y
 clkload63/Y
 clkload64/Y
 clkload65/Y
 clkload66/Y
 clkload67/Y
 clkload68/Y
 clkload69/Y
 clkload7/Y
 clkload70/Y
 clkload71/Y
 clkload72/Y
 clkload73/Y
 clkload74/X
 clkload75/X
 clkload76/Y
 clkload77/X
 clkload78/Y
 clkload79/Y
 clkload8/Y
 clkload80/X
 clkload81/Y
 clkload82/Y
 clkload83/Y
 clkload84/Y
 clkload85/Y
 clkload86/X
 clkload87/Y
 clkload88/Y
 clkload89/Y
 clkload9/Y
 clkload90/Y
 clkload91/Y
 clkload92/Y
 clkload93/X
 clkload94/Y
 clkload95/Y
 clkload96/Y
 clkload97/Y
 clkload98/Y
 clkload99/Y
 ntt_user_macro_3322/HI
 ntt_user_macro_3323/HI
 u_engine.g_banks\[0\].u_ram.u_macro/dout0[0]
 u_engine.g_banks\[0\].u_ram.u_macro/dout0[10]
 u_engine.g_banks\[0\].u_ram.u_macro/dout0[11]
 u_engine.g_banks\[0\].u_ram.u_macro/dout0[12]
 u_engine.g_banks\[0\].u_ram.u_macro/dout0[13]
 u_engine.g_banks\[0\].u_ram.u_macro/dout0[14]
 u_engine.g_banks\[0\].u_ram.u_macro/dout0[15]
 u_engine.g_banks\[0\].u_ram.u_macro/dout0[16]
 u_engine.g_banks\[0\].u_ram.u_macro/dout0[17]
 u_engine.g_banks\[0\].u_ram.u_macro/dout0[18]
 u_engine.g_banks\[0\].u_ram.u_macro/dout0[19]
 u_engine.g_banks\[0\].u_ram.u_macro/dout0[1]
 u_engine.g_banks\[0\].u_ram.u_macro/dout0[20]
 u_engine.g_banks\[0\].u_ram.u_macro/dout0[21]
 u_engine.g_banks\[0\].u_ram.u_macro/dout0[22]
 u_engine.g_banks\[0\].u_ram.u_macro/dout0[23]
 u_engine.g_banks\[0\].u_ram.u_macro/dout0[24]
 u_engine.g_banks\[0\].u_ram.u_macro/dout0[25]
 u_engine.g_banks\[0\].u_ram.u_macro/dout0[26]
 u_engine.g_banks\[0\].u_ram.u_macro/dout0[27]
 u_engine.g_banks\[0\].u_ram.u_macro/dout0[28]
 u_engine.g_banks\[0\].u_ram.u_macro/dout0[29]
 u_engine.g_banks\[0\].u_ram.u_macro/dout0[2]
 u_engine.g_banks\[0\].u_ram.u_macro/dout0[30]
 u_engine.g_banks\[0\].u_ram.u_macro/dout0[31]
 u_engine.g_banks\[0\].u_ram.u_macro/dout0[3]
 u_engine.g_banks\[0\].u_ram.u_macro/dout0[4]
 u_engine.g_banks\[0\].u_ram.u_macro/dout0[5]
 u_engine.g_banks\[0\].u_ram.u_macro/dout0[6]
 u_engine.g_banks\[0\].u_ram.u_macro/dout0[7]
 u_engine.g_banks\[0\].u_ram.u_macro/dout0[8]
 u_engine.g_banks\[0\].u_ram.u_macro/dout0[9]
 u_engine.g_banks\[0\].u_ram.u_macro_3316/HI
 u_engine.g_banks\[0\].u_ram.u_macro_3324/LO
 u_engine.g_banks\[0\].u_ram.u_macro_3325/LO
 u_engine.g_banks\[0\].u_ram.u_macro_3326/LO
 u_engine.g_banks\[0\].u_ram.u_macro_3327/LO
 u_engine.g_banks\[1\].u_ram.u_macro/dout0[0]
 u_engine.g_banks\[1\].u_ram.u_macro/dout0[10]
 u_engine.g_banks\[1\].u_ram.u_macro/dout0[11]
 u_engine.g_banks\[1\].u_ram.u_macro/dout0[12]
 u_engine.g_banks\[1\].u_ram.u_macro/dout0[13]
 u_engine.g_banks\[1\].u_ram.u_macro/dout0[14]
 u_engine.g_banks\[1\].u_ram.u_macro/dout0[15]
 u_engine.g_banks\[1\].u_ram.u_macro/dout0[16]
 u_engine.g_banks\[1\].u_ram.u_macro/dout0[17]
 u_engine.g_banks\[1\].u_ram.u_macro/dout0[18]
 u_engine.g_banks\[1\].u_ram.u_macro/dout0[19]
 u_engine.g_banks\[1\].u_ram.u_macro/dout0[1]
 u_engine.g_banks\[1\].u_ram.u_macro/dout0[20]
 u_engine.g_banks\[1\].u_ram.u_macro/dout0[21]
 u_engine.g_banks\[1\].u_ram.u_macro/dout0[22]
 u_engine.g_banks\[1\].u_ram.u_macro/dout0[23]
 u_engine.g_banks\[1\].u_ram.u_macro/dout0[24]
 u_engine.g_banks\[1\].u_ram.u_macro/dout0[25]
 u_engine.g_banks\[1\].u_ram.u_macro/dout0[26]
 u_engine.g_banks\[1\].u_ram.u_macro/dout0[27]
 u_engine.g_banks\[1\].u_ram.u_macro/dout0[28]
 u_engine.g_banks\[1\].u_ram.u_macro/dout0[29]
 u_engine.g_banks\[1\].u_ram.u_macro/dout0[2]
 u_engine.g_banks\[1\].u_ram.u_macro/dout0[30]
 u_engine.g_banks\[1\].u_ram.u_macro/dout0[31]
 u_engine.g_banks\[1\].u_ram.u_macro/dout0[3]
 u_engine.g_banks\[1\].u_ram.u_macro/dout0[4]
 u_engine.g_banks\[1\].u_ram.u_macro/dout0[5]
 u_engine.g_banks\[1\].u_ram.u_macro/dout0[6]
 u_engine.g_banks\[1\].u_ram.u_macro/dout0[7]
 u_engine.g_banks\[1\].u_ram.u_macro/dout0[8]
 u_engine.g_banks\[1\].u_ram.u_macro/dout0[9]
 u_engine.g_banks\[1\].u_ram.u_macro_3317/HI
 u_engine.g_banks\[1\].u_ram.u_macro_3328/LO
 u_engine.g_banks\[1\].u_ram.u_macro_3329/LO
 u_engine.g_banks\[1\].u_ram.u_macro_3330/LO
 u_engine.g_banks\[1\].u_ram.u_macro_3331/LO
 u_engine.g_banks\[2\].u_ram.u_macro/dout0[0]
 u_engine.g_banks\[2\].u_ram.u_macro/dout0[10]
 u_engine.g_banks\[2\].u_ram.u_macro/dout0[11]
 u_engine.g_banks\[2\].u_ram.u_macro/dout0[12]
 u_engine.g_banks\[2\].u_ram.u_macro/dout0[13]
 u_engine.g_banks\[2\].u_ram.u_macro/dout0[14]
 u_engine.g_banks\[2\].u_ram.u_macro/dout0[15]
 u_engine.g_banks\[2\].u_ram.u_macro/dout0[16]
 u_engine.g_banks\[2\].u_ram.u_macro/dout0[17]
 u_engine.g_banks\[2\].u_ram.u_macro/dout0[18]
 u_engine.g_banks\[2\].u_ram.u_macro/dout0[19]
 u_engine.g_banks\[2\].u_ram.u_macro/dout0[1]
 u_engine.g_banks\[2\].u_ram.u_macro/dout0[20]
 u_engine.g_banks\[2\].u_ram.u_macro/dout0[21]
 u_engine.g_banks\[2\].u_ram.u_macro/dout0[22]
 u_engine.g_banks\[2\].u_ram.u_macro/dout0[23]
 u_engine.g_banks\[2\].u_ram.u_macro/dout0[24]
 u_engine.g_banks\[2\].u_ram.u_macro/dout0[25]
 u_engine.g_banks\[2\].u_ram.u_macro/dout0[26]
 u_engine.g_banks\[2\].u_ram.u_macro/dout0[27]
 u_engine.g_banks\[2\].u_ram.u_macro/dout0[28]
 u_engine.g_banks\[2\].u_ram.u_macro/dout0[29]
 u_engine.g_banks\[2\].u_ram.u_macro/dout0[2]
 u_engine.g_banks\[2\].u_ram.u_macro/dout0[30]
 u_engine.g_banks\[2\].u_ram.u_macro/dout0[31]
 u_engine.g_banks\[2\].u_ram.u_macro/dout0[3]
 u_engine.g_banks\[2\].u_ram.u_macro/dout0[4]
 u_engine.g_banks\[2\].u_ram.u_macro/dout0[5]
 u_engine.g_banks\[2\].u_ram.u_macro/dout0[6]
 u_engine.g_banks\[2\].u_ram.u_macro/dout0[7]
 u_engine.g_banks\[2\].u_ram.u_macro/dout0[8]
 u_engine.g_banks\[2\].u_ram.u_macro/dout0[9]
 u_engine.g_banks\[2\].u_ram.u_macro_3318/HI
 u_engine.g_banks\[2\].u_ram.u_macro_3332/LO
 u_engine.g_banks\[2\].u_ram.u_macro_3333/LO
 u_engine.g_banks\[2\].u_ram.u_macro_3334/LO
 u_engine.g_banks\[2\].u_ram.u_macro_3335/LO
 u_engine.g_banks\[3\].u_ram.u_macro/dout0[0]
 u_engine.g_banks\[3\].u_ram.u_macro/dout0[10]
 u_engine.g_banks\[3\].u_ram.u_macro/dout0[11]
 u_engine.g_banks\[3\].u_ram.u_macro/dout0[12]
 u_engine.g_banks\[3\].u_ram.u_macro/dout0[13]
 u_engine.g_banks\[3\].u_ram.u_macro/dout0[14]
 u_engine.g_banks\[3\].u_ram.u_macro/dout0[15]
 u_engine.g_banks\[3\].u_ram.u_macro/dout0[16]
 u_engine.g_banks\[3\].u_ram.u_macro/dout0[17]
 u_engine.g_banks\[3\].u_ram.u_macro/dout0[18]
 u_engine.g_banks\[3\].u_ram.u_macro/dout0[19]
 u_engine.g_banks\[3\].u_ram.u_macro/dout0[1]
 u_engine.g_banks\[3\].u_ram.u_macro/dout0[20]
 u_engine.g_banks\[3\].u_ram.u_macro/dout0[21]
 u_engine.g_banks\[3\].u_ram.u_macro/dout0[22]
 u_engine.g_banks\[3\].u_ram.u_macro/dout0[23]
 u_engine.g_banks\[3\].u_ram.u_macro/dout0[24]
 u_engine.g_banks\[3\].u_ram.u_macro/dout0[25]
 u_engine.g_banks\[3\].u_ram.u_macro/dout0[26]
 u_engine.g_banks\[3\].u_ram.u_macro/dout0[27]
 u_engine.g_banks\[3\].u_ram.u_macro/dout0[28]
 u_engine.g_banks\[3\].u_ram.u_macro/dout0[29]
 u_engine.g_banks\[3\].u_ram.u_macro/dout0[2]
 u_engine.g_banks\[3\].u_ram.u_macro/dout0[30]
 u_engine.g_banks\[3\].u_ram.u_macro/dout0[31]
 u_engine.g_banks\[3\].u_ram.u_macro/dout0[3]
 u_engine.g_banks\[3\].u_ram.u_macro/dout0[4]
 u_engine.g_banks\[3\].u_ram.u_macro/dout0[5]
 u_engine.g_banks\[3\].u_ram.u_macro/dout0[6]
 u_engine.g_banks\[3\].u_ram.u_macro/dout0[7]
 u_engine.g_banks\[3\].u_ram.u_macro/dout0[8]
 u_engine.g_banks\[3\].u_ram.u_macro/dout0[9]
 u_engine.g_banks\[3\].u_ram.u_macro_3319/HI
 u_engine.g_banks\[3\].u_ram.u_macro_3336/LO
 u_engine.g_banks\[3\].u_ram.u_macro_3337/LO
 u_engine.g_banks\[3\].u_ram.u_macro_3338/LO
 u_engine.g_banks\[3\].u_ram.u_macro_3339/LO
 u_engine.u_zstore.g_zrams\[0\].u_ram.u_macro_3320/HI
 u_engine.u_zstore.g_zrams\[0\].u_ram.u_macro_3340/LO
 u_engine.u_zstore.g_zrams\[0\].u_ram.u_macro_3341/LO
 u_engine.u_zstore.g_zrams\[0\].u_ram.u_macro_3342/LO
 u_engine.u_zstore.g_zrams\[0\].u_ram.u_macro_3343/LO
 u_engine.u_zstore.g_zrams\[1\].u_ram.u_macro_3321/HI
 u_engine.u_zstore.g_zrams\[1\].u_ram.u_macro_3344/LO
 u_engine.u_zstore.g_zrams\[1\].u_ram.u_macro_3345/LO
 u_engine.u_zstore.g_zrams\[1\].u_ram.u_macro_3346/LO
 u_engine.u_zstore.g_zrams\[1\].u_ram.u_macro_3347/LO
Found 0 partially unannotated drivers.

===========================================================================
max slew violation count 2
max fanout violation count 0
max cap violation count 106
============================================================================

===========================================================================
check_setup -verbose -unconstrained_endpoints -multiple_clock -no_clock -no_input_delay -loops -generated_clocks
===========================================================================
Warning: There is 1 input port missing set_input_delay.
  wb_rst_i
Warning: There are 32 unconstrained endpoints.
  irq[1]
  irq[2]
  u_engine.g_banks[0].u_ram.u_macro/csb1
  u_engine.g_banks[0].u_ram.u_macro/wmask0[0]
  u_engine.g_banks[0].u_ram.u_macro/wmask0[1]
  u_engine.g_banks[0].u_ram.u_macro/wmask0[2]
  u_engine.g_banks[0].u_ram.u_macro/wmask0[3]
  u_engine.g_banks[1].u_ram.u_macro/csb1
  u_engine.g_banks[1].u_ram.u_macro/wmask0[0]
  u_engine.g_banks[1].u_ram.u_macro/wmask0[1]
  u_engine.g_banks[1].u_ram.u_macro/wmask0[2]
  u_engine.g_banks[1].u_ram.u_macro/wmask0[3]
  u_engine.g_banks[2].u_ram.u_macro/csb1
  u_engine.g_banks[2].u_ram.u_macro/wmask0[0]
  u_engine.g_banks[2].u_ram.u_macro/wmask0[1]
  u_engine.g_banks[2].u_ram.u_macro/wmask0[2]
  u_engine.g_banks[2].u_ram.u_macro/wmask0[3]
  u_engine.g_banks[3].u_ram.u_macro/csb1
  u_engine.g_banks[3].u_ram.u_macro/wmask0[0]
  u_engine.g_banks[3].u_ram.u_macro/wmask0[1]
  u_engine.g_banks[3].u_ram.u_macro/wmask0[2]
  u_engine.g_banks[3].u_ram.u_macro/wmask0[3]
  u_engine.u_zstore.g_zrams[0].u_ram.u_macro/csb1
  u_engine.u_zstore.g_zrams[0].u_ram.u_macro/wmask0[0]
  u_engine.u_zstore.g_zrams[0].u_ram.u_macro/wmask0[1]
  u_engine.u_zstore.g_zrams[0].u_ram.u_macro/wmask0[2]
  u_engine.u_zstore.g_zrams[0].u_ram.u_macro/wmask0[3]
  u_engine.u_zstore.g_zrams[1].u_ram.u_macro/csb1
  u_engine.u_zstore.g_zrams[1].u_ram.u_macro/wmask0[0]
  u_engine.u_zstore.g_zrams[1].u_ram.u_macro/wmask0[1]
  u_engine.u_zstore.g_zrams[1].u_ram.u_macro/wmask0[2]
  u_engine.u_zstore.g_zrams[1].u_ram.u_macro/wmask0[3]
