Clock: wb_clk
Sources: wb_clk_i 
Generated: no
Virtual: yes
Propagated: no
Period: 25.000000

===========================================================================
report_clock_properties
============================================================================
Clock                   Period          Waveform
----------------------------------------------------
wb_clk               25.000000    0.000000 12.500000

===========================================================================
report_clock_latency
============================================================================
Clock wb_clk
rise -> rise
    min     max
0.000000 0.000000 source latency
1.515653         network latency _71765_/CLK
        2.091441 network latency _73756_/CLK
---------------
1.515653 2.091441 latency
        0.575788 skew

fall -> fall
    min     max
0.000000 0.000000 source latency
1.406911         network latency _75328_/CLK
        1.859971 network latency _73756_/CLK
---------------
1.406911 1.859971 latency
        0.453060 skew



===========================================================================
report_clock_min_period
============================================================================
wb_clk period_min = 10.63 fmax = 94.04
