
===========================================================================
report_checks -unconstrained
===========================================================================
======================= min_ss_100C_1v60 Corner ===================================

Startpoint: u_engine.g_banks[0].u_ram.u_macro
            (falling edge-triggered flip-flop clocked by wb_clk)
Endpoint: _74332_ (rising edge-triggered flip-flop clocked by wb_clk)
Path Group: wb_clk
Path Type: max

Fanout         Cap        Slew       Delay        Time   Description
---------------------------------------------------------------------------------------------
                                 12.500000   12.500000   clock wb_clk (fall edge)
                                  0.000000   12.500000   clock source latency
     2    0.232900    0.000000    0.000000   12.500000 v wb_clk_i (in)
                                                         wb_clk_i (net)
                      0.049109    0.024555   12.524554 v clkbuf_0_wb_clk_i/A (sky130_fd_sc_hd__clkbuf_16)
     3    0.108780    0.139007    0.323005   12.847559 v clkbuf_0_wb_clk_i/X (sky130_fd_sc_hd__clkbuf_16)
                                                         clknet_0_wb_clk_i (net)
                      0.140425    0.011181   12.858740 v clkbuf_1_0_0_wb_clk_i/A (sky130_fd_sc_hd__clkbuf_8)
     3    0.108351    0.209015    0.413267   13.272007 v clkbuf_1_0_0_wb_clk_i/X (sky130_fd_sc_hd__clkbuf_8)
                                                         clknet_1_0_0_wb_clk_i (net)
                      0.209319    0.007101   13.279108 v clkbuf_2_0_0_wb_clk_i/A (sky130_fd_sc_hd__clkbuf_8)
     2    0.091836    0.184485    0.420349   13.699457 v clkbuf_2_0_0_wb_clk_i/X (sky130_fd_sc_hd__clkbuf_8)
                                                         clknet_2_0_0_wb_clk_i (net)
                      0.185441    0.010339   13.709796 v clkbuf_3_0_0_wb_clk_i/A (sky130_fd_sc_hd__clkbuf_8)
     3    0.078105    0.159308    0.395691   14.105488 v clkbuf_3_0_0_wb_clk_i/X (sky130_fd_sc_hd__clkbuf_8)
                                                         clknet_3_0_0_wb_clk_i (net)
                      0.159437    0.004166   14.109654 v clkbuf_4_0_0_wb_clk_i/A (sky130_fd_sc_hd__clkbuf_8)
     4    0.064964    0.137933    0.365931   14.475586 v clkbuf_4_0_0_wb_clk_i/X (sky130_fd_sc_hd__clkbuf_8)
                                                         clknet_4_0_0_wb_clk_i (net)
                      0.137935    0.000982   14.476568 v clkbuf_6_2_0_wb_clk_i/A (sky130_fd_sc_hd__clkbuf_8)
    13    0.104312    0.203029    0.407703   14.884271 v clkbuf_6_2_0_wb_clk_i/X (sky130_fd_sc_hd__clkbuf_8)
                                                         clknet_6_2_0_wb_clk_i (net)
                      0.270731    0.002127   14.886398 v u_engine.g_banks[0].u_ram.u_macro/clk1 (sky130_sram_1kbyte_1rw1r_32x256_8)
     2    0.026647    0.015514    0.478877   15.365275 ^ u_engine.g_banks[0].u_ram.u_macro/dout1[4] (sky130_sram_1kbyte_1rw1r_32x256_8)
                                                         u_engine.bank_rdata[0][4] (net)
                      0.011636    0.002412   15.367688 ^ wire2338/A (sky130_fd_sc_hd__clkbuf_2)
     1    0.024095    0.212342    0.269282   15.636970 ^ wire2338/X (sky130_fd_sc_hd__clkbuf_2)
                                                         net2338 (net)
                      0.212382    0.002384   15.639354 ^ wire2337/A (sky130_fd_sc_hd__clkbuf_4)
     3    0.149575    0.689889    0.746494   16.385847 ^ wire2337/X (sky130_fd_sc_hd__clkbuf_4)
                                                         net2337 (net)
                      0.693331    0.039670   16.425518 ^ wire2336/A (sky130_fd_sc_hd__buf_4)
     1    0.007638    0.071817    0.441451   16.866968 ^ wire2336/X (sky130_fd_sc_hd__buf_4)
                                                         net2336 (net)
                      0.071817    0.000226   16.867195 ^ fanout2334/A (sky130_fd_sc_hd__buf_4)
     2    0.045450    0.211008    0.312694   17.179888 ^ fanout2334/X (sky130_fd_sc_hd__buf_4)
                                                         net2334 (net)
                      0.211238    0.005702   17.185591 ^ wire2335/A (sky130_fd_sc_hd__buf_4)
     3    0.104028    0.455649    0.554605   17.740196 ^ wire2335/X (sky130_fd_sc_hd__buf_4)
                                                         net2335 (net)
                      0.455808    0.003139   17.743334 ^ fanout2332/A (sky130_fd_sc_hd__buf_1)
     2    0.017142    0.331202    0.465924   18.209259 ^ fanout2332/X (sky130_fd_sc_hd__buf_1)
                                                         net2332 (net)
                      0.331202    0.000650   18.209909 ^ fanout2331/A (sky130_fd_sc_hd__buf_1)
     2    0.014793    0.288208    0.400748   18.610657 ^ fanout2331/X (sky130_fd_sc_hd__buf_1)
                                                         net2331 (net)
                      0.288208    0.000544   18.611200 ^ fanout2330/A (sky130_fd_sc_hd__clkbuf_1)
     2    0.008427    0.173509    0.306221   18.917421 ^ fanout2330/X (sky130_fd_sc_hd__clkbuf_1)
                                                         net2330 (net)
                      0.173509    0.000028   18.917450 ^ fanout2329/A (sky130_fd_sc_hd__buf_1)
     4    0.014205    0.277464    0.342530   19.259979 ^ fanout2329/X (sky130_fd_sc_hd__buf_1)
                                                         net2329 (net)
                      0.277464    0.000213   19.260193 ^ _64972_/A1 (sky130_fd_sc_hd__o22a_1)
     3    0.009912    0.182211    0.432911   19.693102 ^ _64972_/X (sky130_fd_sc_hd__o22a_1)
                                                         _24791_ (net)
                      0.182211    0.000071   19.693174 ^ _64973_/A1 (sky130_fd_sc_hd__mux2_2)
     4    0.016326    0.171283    0.420426   20.113600 ^ _64973_/X (sky130_fd_sc_hd__mux2_2)
                                                         u_engine.l1b_b[4] (net)
                      0.171283    0.000311   20.113911 ^ _64981_/A (sky130_fd_sc_hd__xor2_1)
     3    0.011589    0.210439    0.260908   20.374819 v _64981_/X (sky130_fd_sc_hd__xor2_1)
                                                         _24798_ (net)
                      0.210439    0.000208   20.375027 v _65017_/A1 (sky130_fd_sc_hd__o211ai_2)
     3    0.012732    0.331723    0.428029   20.803057 ^ _65017_/Y (sky130_fd_sc_hd__o211ai_2)
                                                         _24828_ (net)
                      0.331723    0.000163   20.803219 ^ _65031_/A3 (sky130_fd_sc_hd__a31o_4)
     2    0.027105    0.162129    0.489456   21.292675 ^ _65031_/X (sky130_fd_sc_hd__a31o_4)
                                                         _24839_ (net)
                      0.162140    0.001515   21.294189 ^ _65048_/A2 (sky130_fd_sc_hd__a21boi_4)
     3    0.012135    0.103005    0.158664   21.452854 v _65048_/Y (sky130_fd_sc_hd__a21boi_4)
                                                         _24853_ (net)
                      0.103005    0.000153   21.453007 v _65086_/A1 (sky130_fd_sc_hd__o211a_1)
     2    0.009143    0.126434    0.477371   21.930378 v _65086_/X (sky130_fd_sc_hd__o211a_1)
                                                         _24885_ (net)
                      0.126434    0.000147   21.930525 v _65123_/C (sky130_fd_sc_hd__or4_4)
     2    0.027669    0.226948    1.103683   23.034208 v _65123_/X (sky130_fd_sc_hd__or4_4)
                                                         _24916_ (net)
                      0.226948    0.002315   23.036522 v _65161_/A2 (sky130_fd_sc_hd__a211o_1)
     2    0.007978    0.130655    0.655094   23.691616 v _65161_/X (sky130_fd_sc_hd__a211o_1)
                                                         _24948_ (net)
                      0.130655    0.000144   23.691761 v _65195_/A2 (sky130_fd_sc_hd__a311o_1)
     2    0.008875    0.150234    0.673007   24.364767 v _65195_/X (sky130_fd_sc_hd__a311o_1)
                                                         _24976_ (net)
                      0.150234    0.000217   24.364985 v _65230_/A2 (sky130_fd_sc_hd__a211o_1)
     2    0.007133    0.123413    0.616417   24.981401 v _65230_/X (sky130_fd_sc_hd__a211o_1)
                                                         _25005_ (net)
                      0.123413    0.000083   24.981483 v _65268_/A2 (sky130_fd_sc_hd__a311o_1)
     2    0.022948    0.261895    0.786512   25.767996 v _65268_/X (sky130_fd_sc_hd__a311o_1)
                                                         _25037_ (net)
                      0.261898    0.001274   25.769270 v _65303_/A2 (sky130_fd_sc_hd__a211oi_4)
     3    0.019101    0.466581    0.631031   26.400301 ^ _65303_/Y (sky130_fd_sc_hd__a211oi_4)
                                                         _25066_ (net)
                      0.466581    0.000846   26.401148 ^ _65344_/A1 (sky130_fd_sc_hd__o2111a_4)
     3    0.023172    0.167210    0.677531   27.078678 ^ _65344_/X (sky130_fd_sc_hd__o2111a_4)
                                                         _25101_ (net)
                      0.167213    0.001002   27.079679 ^ _65379_/A3 (sky130_fd_sc_hd__o31ai_4)
     3    0.015232    0.138226    0.168585   27.248264 v _65379_/Y (sky130_fd_sc_hd__o31ai_4)
                                                         _25130_ (net)
                      0.138227    0.000616   27.248880 v _65395_/A2 (sky130_fd_sc_hd__o21a_1)
     3    0.012015    0.146874    0.417334   27.666216 v _65395_/X (sky130_fd_sc_hd__o21a_1)
                                                         _25143_ (net)
                      0.146874    0.000220   27.666435 v _65399_/A (sky130_fd_sc_hd__nor2_2)
     2    0.007963    0.188719    0.253648   27.920082 ^ _65399_/Y (sky130_fd_sc_hd__nor2_2)
                                                         _25147_ (net)
                      0.188719    0.000069   27.920153 ^ _65416_/A2 (sky130_fd_sc_hd__o21ba_4)
     2    0.006982    0.073404    0.290029   28.210182 ^ _65416_/X (sky130_fd_sc_hd__o21ba_4)
                                                         _25161_ (net)
                      0.073404    0.000082   28.210264 ^ _65430_/B1 (sky130_fd_sc_hd__a21o_1)
     2    0.013932    0.202067    0.244606   28.454870 ^ _65430_/X (sky130_fd_sc_hd__a21o_1)
                                                         _25172_ (net)
                      0.202067    0.000343   28.455212 ^ _65448_/A1 (sky130_fd_sc_hd__a21bo_4)
     2    0.016732    0.109291    0.320551   28.775763 ^ _65448_/X (sky130_fd_sc_hd__a21bo_4)
                                                         _25187_ (net)
                      0.109291    0.000398   28.776161 ^ _65449_/B (sky130_fd_sc_hd__nand2b_4)
     2    0.007122    0.072972    0.117232   28.893393 v _65449_/Y (sky130_fd_sc_hd__nand2b_4)
                                                         _25188_ (net)
                      0.072972    0.000139   28.893532 v _65462_/A (sky130_fd_sc_hd__and3_1)
     1    0.003534    0.077025    0.299273   29.192806 v _65462_/X (sky130_fd_sc_hd__and3_1)
                                                         _25198_ (net)
                      0.077025    0.000046   29.192852 v _65464_/C (sky130_fd_sc_hd__or3_4)
     1    0.005393    0.120503    0.653998   29.846849 v _65464_/X (sky130_fd_sc_hd__or3_4)
                                                         _25200_ (net)
                      0.120503    0.000064   29.846914 v _65465_/A (sky130_fd_sc_hd__xnor2_1)
     1    0.002673    0.089600    0.234603   30.081516 v _65465_/Y (sky130_fd_sc_hd__xnor2_1)
                                                         u_engine.u_bf_l1b.mm_b[31] (net)
                      0.089600    0.000032   30.081549 v _74332_/D (sky130_fd_sc_hd__dfxtp_2)
                                             30.081549   data arrival time

                                 25.000000   25.000000   clock wb_clk (rise edge)
                                  0.000000   25.000000   clock source latency
     2    0.233838    0.000000    0.000000   25.000000 ^ wb_clk_i (in)
                                                         wb_clk_i (net)
                      0.049476    0.024738   25.024736 ^ clkbuf_0_wb_clk_i/A (sky130_fd_sc_hd__clkbuf_16)
     3    0.109694    0.190557    0.313197   25.337933 ^ clkbuf_0_wb_clk_i/X (sky130_fd_sc_hd__clkbuf_16)
                                                         clknet_0_wb_clk_i (net)
                      0.191036    0.007725   25.345659 ^ clkbuf_1_1_0_wb_clk_i/A (sky130_fd_sc_hd__clkbuf_8)
     3    0.083225    0.236440    0.408782   25.754440 ^ clkbuf_1_1_0_wb_clk_i/X (sky130_fd_sc_hd__clkbuf_8)
                                                         clknet_1_1_0_wb_clk_i (net)
                      0.237322    0.011692   25.766132 ^ clkbuf_2_2_0_wb_clk_i/A (sky130_fd_sc_hd__clkbuf_8)
     2    0.022046    0.088646    0.316433   26.082565 ^ clkbuf_2_2_0_wb_clk_i/X (sky130_fd_sc_hd__clkbuf_8)
                                                         clknet_2_2_0_wb_clk_i (net)
                      0.088670    0.001428   26.083994 ^ clkbuf_3_4_0_wb_clk_i/A (sky130_fd_sc_hd__clkbuf_8)
     3    0.093091    0.260946    0.377343   26.461336 ^ clkbuf_3_4_0_wb_clk_i/X (sky130_fd_sc_hd__clkbuf_8)
                                                         clknet_3_4_0_wb_clk_i (net)
                      0.261860    0.012609   26.473946 ^ clkbuf_4_8_0_wb_clk_i/A (sky130_fd_sc_hd__clkbuf_8)
     4    0.101198    0.280515    0.476273   26.950218 ^ clkbuf_4_8_0_wb_clk_i/X (sky130_fd_sc_hd__clkbuf_8)
                                                         clknet_4_8_0_wb_clk_i (net)
                      0.280527    0.002151   26.952370 ^ clkbuf_6_33_0_wb_clk_i/A (sky130_fd_sc_hd__clkbuf_8)
     7    0.058854    0.176425    0.406859   27.359228 ^ clkbuf_6_33_0_wb_clk_i/X (sky130_fd_sc_hd__clkbuf_8)
                                                         clknet_6_33_0_wb_clk_i (net)
                      0.176431    0.001364   27.360592 ^ clkbuf_leaf_89_wb_clk_i/A (sky130_fd_sc_hd__clkbuf_8)
    10    0.036773    0.122064    0.320803   27.681396 ^ clkbuf_leaf_89_wb_clk_i/X (sky130_fd_sc_hd__clkbuf_8)
                                                         clknet_leaf_89_wb_clk_i (net)
                      0.122064    0.000210   27.681606 ^ _74332_/CLK (sky130_fd_sc_hd__dfxtp_2)
                                 -0.250000   27.431606   clock uncertainty
                                  0.000000   27.431606   clock reconvergence pessimism
                                 -0.268427   27.163179   library setup time
                                             27.163179   data required time
---------------------------------------------------------------------------------------------
                                             27.163179   data required time
                                            -30.081549   data arrival time
---------------------------------------------------------------------------------------------
                                             -2.918370   slack (VIOLATED)




===========================================================================
report_checks --slack_max -0.01
============================================================================
======================= min_ss_100C_1v60 Corner ===================================

Startpoint: u_engine.g_banks[0].u_ram.u_macro
            (falling edge-triggered flip-flop clocked by wb_clk)
Endpoint: _74332_ (rising edge-triggered flip-flop clocked by wb_clk)
Path Group: wb_clk
Path Type: max

Fanout         Cap        Slew       Delay        Time   Description
---------------------------------------------------------------------------------------------
                                 12.500000   12.500000   clock wb_clk (fall edge)
                                  0.000000   12.500000   clock source latency
     2    0.232900    0.000000    0.000000   12.500000 v wb_clk_i (in)
                                                         wb_clk_i (net)
                      0.049109    0.024555   12.524554 v clkbuf_0_wb_clk_i/A (sky130_fd_sc_hd__clkbuf_16)
     3    0.108780    0.139007    0.323005   12.847559 v clkbuf_0_wb_clk_i/X (sky130_fd_sc_hd__clkbuf_16)
                                                         clknet_0_wb_clk_i (net)
                      0.140425    0.011181   12.858740 v clkbuf_1_0_0_wb_clk_i/A (sky130_fd_sc_hd__clkbuf_8)
     3    0.108351    0.209015    0.413267   13.272007 v clkbuf_1_0_0_wb_clk_i/X (sky130_fd_sc_hd__clkbuf_8)
                                                         clknet_1_0_0_wb_clk_i (net)
                      0.209319    0.007101   13.279108 v clkbuf_2_0_0_wb_clk_i/A (sky130_fd_sc_hd__clkbuf_8)
     2    0.091836    0.184485    0.420349   13.699457 v clkbuf_2_0_0_wb_clk_i/X (sky130_fd_sc_hd__clkbuf_8)
                                                         clknet_2_0_0_wb_clk_i (net)
                      0.185441    0.010339   13.709796 v clkbuf_3_0_0_wb_clk_i/A (sky130_fd_sc_hd__clkbuf_8)
     3    0.078105    0.159308    0.395691   14.105488 v clkbuf_3_0_0_wb_clk_i/X (sky130_fd_sc_hd__clkbuf_8)
                                                         clknet_3_0_0_wb_clk_i (net)
                      0.159437    0.004166   14.109654 v clkbuf_4_0_0_wb_clk_i/A (sky130_fd_sc_hd__clkbuf_8)
     4    0.064964    0.137933    0.365931   14.475586 v clkbuf_4_0_0_wb_clk_i/X (sky130_fd_sc_hd__clkbuf_8)
                                                         clknet_4_0_0_wb_clk_i (net)
                      0.137935    0.000982   14.476568 v clkbuf_6_2_0_wb_clk_i/A (sky130_fd_sc_hd__clkbuf_8)
    13    0.104312    0.203029    0.407703   14.884271 v clkbuf_6_2_0_wb_clk_i/X (sky130_fd_sc_hd__clkbuf_8)
                                                         clknet_6_2_0_wb_clk_i (net)
                      0.270731    0.002127   14.886398 v u_engine.g_banks[0].u_ram.u_macro/clk1 (sky130_sram_1kbyte_1rw1r_32x256_8)
     2    0.026647    0.015514    0.478877   15.365275 ^ u_engine.g_banks[0].u_ram.u_macro/dout1[4] (sky130_sram_1kbyte_1rw1r_32x256_8)
                                                         u_engine.bank_rdata[0][4] (net)
                      0.011636    0.002412   15.367688 ^ wire2338/A (sky130_fd_sc_hd__clkbuf_2)
     1    0.024095    0.212342    0.269282   15.636970 ^ wire2338/X (sky130_fd_sc_hd__clkbuf_2)
                                                         net2338 (net)
                      0.212382    0.002384   15.639354 ^ wire2337/A (sky130_fd_sc_hd__clkbuf_4)
     3    0.149575    0.689889    0.746494   16.385847 ^ wire2337/X (sky130_fd_sc_hd__clkbuf_4)
                                                         net2337 (net)
                      0.693331    0.039670   16.425518 ^ wire2336/A (sky130_fd_sc_hd__buf_4)
     1    0.007638    0.071817    0.441451   16.866968 ^ wire2336/X (sky130_fd_sc_hd__buf_4)
                                                         net2336 (net)
                      0.071817    0.000226   16.867195 ^ fanout2334/A (sky130_fd_sc_hd__buf_4)
     2    0.045450    0.211008    0.312694   17.179888 ^ fanout2334/X (sky130_fd_sc_hd__buf_4)
                                                         net2334 (net)
                      0.211238    0.005702   17.185591 ^ wire2335/A (sky130_fd_sc_hd__buf_4)
     3    0.104028    0.455649    0.554605   17.740196 ^ wire2335/X (sky130_fd_sc_hd__buf_4)
                                                         net2335 (net)
                      0.455808    0.003139   17.743334 ^ fanout2332/A (sky130_fd_sc_hd__buf_1)
     2    0.017142    0.331202    0.465924   18.209259 ^ fanout2332/X (sky130_fd_sc_hd__buf_1)
                                                         net2332 (net)
                      0.331202    0.000650   18.209909 ^ fanout2331/A (sky130_fd_sc_hd__buf_1)
     2    0.014793    0.288208    0.400748   18.610657 ^ fanout2331/X (sky130_fd_sc_hd__buf_1)
                                                         net2331 (net)
                      0.288208    0.000544   18.611200 ^ fanout2330/A (sky130_fd_sc_hd__clkbuf_1)
     2    0.008427    0.173509    0.306221   18.917421 ^ fanout2330/X (sky130_fd_sc_hd__clkbuf_1)
                                                         net2330 (net)
                      0.173509    0.000028   18.917450 ^ fanout2329/A (sky130_fd_sc_hd__buf_1)
     4    0.014205    0.277464    0.342530   19.259979 ^ fanout2329/X (sky130_fd_sc_hd__buf_1)
                                                         net2329 (net)
                      0.277464    0.000213   19.260193 ^ _64972_/A1 (sky130_fd_sc_hd__o22a_1)
     3    0.009912    0.182211    0.432911   19.693102 ^ _64972_/X (sky130_fd_sc_hd__o22a_1)
                                                         _24791_ (net)
                      0.182211    0.000071   19.693174 ^ _64973_/A1 (sky130_fd_sc_hd__mux2_2)
     4    0.016326    0.171283    0.420426   20.113600 ^ _64973_/X (sky130_fd_sc_hd__mux2_2)
                                                         u_engine.l1b_b[4] (net)
                      0.171283    0.000311   20.113911 ^ _64981_/A (sky130_fd_sc_hd__xor2_1)
     3    0.011589    0.210439    0.260908   20.374819 v _64981_/X (sky130_fd_sc_hd__xor2_1)
                                                         _24798_ (net)
                      0.210439    0.000208   20.375027 v _65017_/A1 (sky130_fd_sc_hd__o211ai_2)
     3    0.012732    0.331723    0.428029   20.803057 ^ _65017_/Y (sky130_fd_sc_hd__o211ai_2)
                                                         _24828_ (net)
                      0.331723    0.000163   20.803219 ^ _65031_/A3 (sky130_fd_sc_hd__a31o_4)
     2    0.027105    0.162129    0.489456   21.292675 ^ _65031_/X (sky130_fd_sc_hd__a31o_4)
                                                         _24839_ (net)
                      0.162140    0.001515   21.294189 ^ _65048_/A2 (sky130_fd_sc_hd__a21boi_4)
     3    0.012135    0.103005    0.158664   21.452854 v _65048_/Y (sky130_fd_sc_hd__a21boi_4)
                                                         _24853_ (net)
                      0.103005    0.000153   21.453007 v _65086_/A1 (sky130_fd_sc_hd__o211a_1)
     2    0.009143    0.126434    0.477371   21.930378 v _65086_/X (sky130_fd_sc_hd__o211a_1)
                                                         _24885_ (net)
                      0.126434    0.000147   21.930525 v _65123_/C (sky130_fd_sc_hd__or4_4)
     2    0.027669    0.226948    1.103683   23.034208 v _65123_/X (sky130_fd_sc_hd__or4_4)
                                                         _24916_ (net)
                      0.226948    0.002315   23.036522 v _65161_/A2 (sky130_fd_sc_hd__a211o_1)
     2    0.007978    0.130655    0.655094   23.691616 v _65161_/X (sky130_fd_sc_hd__a211o_1)
                                                         _24948_ (net)
                      0.130655    0.000144   23.691761 v _65195_/A2 (sky130_fd_sc_hd__a311o_1)
     2    0.008875    0.150234    0.673007   24.364767 v _65195_/X (sky130_fd_sc_hd__a311o_1)
                                                         _24976_ (net)
                      0.150234    0.000217   24.364985 v _65230_/A2 (sky130_fd_sc_hd__a211o_1)
     2    0.007133    0.123413    0.616417   24.981401 v _65230_/X (sky130_fd_sc_hd__a211o_1)
                                                         _25005_ (net)
                      0.123413    0.000083   24.981483 v _65268_/A2 (sky130_fd_sc_hd__a311o_1)
     2    0.022948    0.261895    0.786512   25.767996 v _65268_/X (sky130_fd_sc_hd__a311o_1)
                                                         _25037_ (net)
                      0.261898    0.001274   25.769270 v _65303_/A2 (sky130_fd_sc_hd__a211oi_4)
     3    0.019101    0.466581    0.631031   26.400301 ^ _65303_/Y (sky130_fd_sc_hd__a211oi_4)
                                                         _25066_ (net)
                      0.466581    0.000846   26.401148 ^ _65344_/A1 (sky130_fd_sc_hd__o2111a_4)
     3    0.023172    0.167210    0.677531   27.078678 ^ _65344_/X (sky130_fd_sc_hd__o2111a_4)
                                                         _25101_ (net)
                      0.167213    0.001002   27.079679 ^ _65379_/A3 (sky130_fd_sc_hd__o31ai_4)
     3    0.015232    0.138226    0.168585   27.248264 v _65379_/Y (sky130_fd_sc_hd__o31ai_4)
                                                         _25130_ (net)
                      0.138227    0.000616   27.248880 v _65395_/A2 (sky130_fd_sc_hd__o21a_1)
     3    0.012015    0.146874    0.417334   27.666216 v _65395_/X (sky130_fd_sc_hd__o21a_1)
                                                         _25143_ (net)
                      0.146874    0.000220   27.666435 v _65399_/A (sky130_fd_sc_hd__nor2_2)
     2    0.007963    0.188719    0.253648   27.920082 ^ _65399_/Y (sky130_fd_sc_hd__nor2_2)
                                                         _25147_ (net)
                      0.188719    0.000069   27.920153 ^ _65416_/A2 (sky130_fd_sc_hd__o21ba_4)
     2    0.006982    0.073404    0.290029   28.210182 ^ _65416_/X (sky130_fd_sc_hd__o21ba_4)
                                                         _25161_ (net)
                      0.073404    0.000082   28.210264 ^ _65430_/B1 (sky130_fd_sc_hd__a21o_1)
     2    0.013932    0.202067    0.244606   28.454870 ^ _65430_/X (sky130_fd_sc_hd__a21o_1)
                                                         _25172_ (net)
                      0.202067    0.000343   28.455212 ^ _65448_/A1 (sky130_fd_sc_hd__a21bo_4)
     2    0.016732    0.109291    0.320551   28.775763 ^ _65448_/X (sky130_fd_sc_hd__a21bo_4)
                                                         _25187_ (net)
                      0.109291    0.000398   28.776161 ^ _65449_/B (sky130_fd_sc_hd__nand2b_4)
     2    0.007122    0.072972    0.117232   28.893393 v _65449_/Y (sky130_fd_sc_hd__nand2b_4)
                                                         _25188_ (net)
                      0.072972    0.000139   28.893532 v _65462_/A (sky130_fd_sc_hd__and3_1)
     1    0.003534    0.077025    0.299273   29.192806 v _65462_/X (sky130_fd_sc_hd__and3_1)
                                                         _25198_ (net)
                      0.077025    0.000046   29.192852 v _65464_/C (sky130_fd_sc_hd__or3_4)
     1    0.005393    0.120503    0.653998   29.846849 v _65464_/X (sky130_fd_sc_hd__or3_4)
                                                         _25200_ (net)
                      0.120503    0.000064   29.846914 v _65465_/A (sky130_fd_sc_hd__xnor2_1)
     1    0.002673    0.089600    0.234603   30.081516 v _65465_/Y (sky130_fd_sc_hd__xnor2_1)
                                                         u_engine.u_bf_l1b.mm_b[31] (net)
                      0.089600    0.000032   30.081549 v _74332_/D (sky130_fd_sc_hd__dfxtp_2)
                                             30.081549   data arrival time

                                 25.000000   25.000000   clock wb_clk (rise edge)
                                  0.000000   25.000000   clock source latency
     2    0.233838    0.000000    0.000000   25.000000 ^ wb_clk_i (in)
                                                         wb_clk_i (net)
                      0.049476    0.024738   25.024736 ^ clkbuf_0_wb_clk_i/A (sky130_fd_sc_hd__clkbuf_16)
     3    0.109694    0.190557    0.313197   25.337933 ^ clkbuf_0_wb_clk_i/X (sky130_fd_sc_hd__clkbuf_16)
                                                         clknet_0_wb_clk_i (net)
                      0.191036    0.007725   25.345659 ^ clkbuf_1_1_0_wb_clk_i/A (sky130_fd_sc_hd__clkbuf_8)
     3    0.083225    0.236440    0.408782   25.754440 ^ clkbuf_1_1_0_wb_clk_i/X (sky130_fd_sc_hd__clkbuf_8)
                                                         clknet_1_1_0_wb_clk_i (net)
                      0.237322    0.011692   25.766132 ^ clkbuf_2_2_0_wb_clk_i/A (sky130_fd_sc_hd__clkbuf_8)
     2    0.022046    0.088646    0.316433   26.082565 ^ clkbuf_2_2_0_wb_clk_i/X (sky130_fd_sc_hd__clkbuf_8)
                                                         clknet_2_2_0_wb_clk_i (net)
                      0.088670    0.001428   26.083994 ^ clkbuf_3_4_0_wb_clk_i/A (sky130_fd_sc_hd__clkbuf_8)
     3    0.093091    0.260946    0.377343   26.461336 ^ clkbuf_3_4_0_wb_clk_i/X (sky130_fd_sc_hd__clkbuf_8)
                                                         clknet_3_4_0_wb_clk_i (net)
                      0.261860    0.012609   26.473946 ^ clkbuf_4_8_0_wb_clk_i/A (sky130_fd_sc_hd__clkbuf_8)
     4    0.101198    0.280515    0.476273   26.950218 ^ clkbuf_4_8_0_wb_clk_i/X (sky130_fd_sc_hd__clkbuf_8)
                                                         clknet_4_8_0_wb_clk_i (net)
                      0.280527    0.002151   26.952370 ^ clkbuf_6_33_0_wb_clk_i/A (sky130_fd_sc_hd__clkbuf_8)
     7    0.058854    0.176425    0.406859   27.359228 ^ clkbuf_6_33_0_wb_clk_i/X (sky130_fd_sc_hd__clkbuf_8)
                                                         clknet_6_33_0_wb_clk_i (net)
                      0.176431    0.001364   27.360592 ^ clkbuf_leaf_89_wb_clk_i/A (sky130_fd_sc_hd__clkbuf_8)
    10    0.036773    0.122064    0.320803   27.681396 ^ clkbuf_leaf_89_wb_clk_i/X (sky130_fd_sc_hd__clkbuf_8)
                                                         clknet_leaf_89_wb_clk_i (net)
                      0.122064    0.000210   27.681606 ^ _74332_/CLK (sky130_fd_sc_hd__dfxtp_2)
                                 -0.250000   27.431606   clock uncertainty
                                  0.000000   27.431606   clock reconvergence pessimism
                                 -0.268427   27.163179   library setup time
                                             27.163179   data required time
---------------------------------------------------------------------------------------------
                                             27.163179   data required time
                                            -30.081549   data arrival time
---------------------------------------------------------------------------------------------
                                             -2.918370   slack (VIOLATED)




===========================================================================
 report_check_types -max_slew -max_cap -max_fanout -violators
============================================================================
======================= min_ss_100C_1v60 Corner ===================================

max slew

Pin                                        Limit        Slew       Slack
------------------------------------------------------------------------
u_engine.u_zstore.g_zrams[0].u_ram.u_macro/addr1[0]    0.500000    0.752579   -0.252579 (VIOLATED)
u_engine.u_zstore.g_zrams[0].u_ram.u_macro/addr1[6]    0.500000    0.662872   -0.162872 (VIOLATED)
u_engine.u_zstore.g_zrams[0].u_ram.u_macro/addr1[4]    0.500000    0.632198   -0.132198 (VIOLATED)
_68759_/Y                               1.495733    1.614047   -0.118314 (VIOLATED)
_68921_/A2                              1.500000    1.617670   -0.117670 (VIOLATED)
_68875_/A2                              1.500000    1.617617   -0.117617 (VIOLATED)
_68811_/A2                              1.500000    1.617582   -0.117582 (VIOLATED)
_68853_/A2                              1.500000    1.617517   -0.117517 (VIOLATED)
_68833_/A2                              1.500000    1.617504   -0.117504 (VIOLATED)
_68864_/A2                              1.500000    1.617494   -0.117494 (VIOLATED)
_68777_/A2                              1.500000    1.617480   -0.117480 (VIOLATED)
_68762_/A2                              1.500000    1.617393   -0.117393 (VIOLATED)
_68789_/A2                              1.500000    1.617245   -0.117245 (VIOLATED)
_68822_/A2                              1.500000    1.617118   -0.117118 (VIOLATED)
_68800_/A2                              1.500000    1.617110   -0.117110 (VIOLATED)
_68842_/A2                              1.500000    1.617048   -0.117048 (VIOLATED)
_68898_/A2                              1.500000    1.616766   -0.116766 (VIOLATED)
_68887_/A2                              1.500000    1.616628   -0.116628 (VIOLATED)
_68931_/A2                              1.500000    1.616441   -0.116441 (VIOLATED)
_68910_/A2                              1.500000    1.616272   -0.116272 (VIOLATED)
_68942_/A2                              1.500000    1.616266   -0.116266 (VIOLATED)
_68991_/A2                              1.500000    1.616247   -0.116247 (VIOLATED)
_68980_/A2                              1.500000    1.616247   -0.116247 (VIOLATED)
_68969_/A2                              1.500000    1.616235   -0.116235 (VIOLATED)
_69023_/A2                              1.500000    1.616102   -0.116102 (VIOLATED)
_69002_/A2                              1.500000    1.616101   -0.116101 (VIOLATED)
_69053_/A2                              1.500000    1.616096   -0.116096 (VIOLATED)
_69033_/A2                              1.500000    1.616078   -0.116078 (VIOLATED)
_69013_/A2                              1.500000    1.615990   -0.115990 (VIOLATED)
_68955_/B1                              1.500000    1.615968   -0.115968 (VIOLATED)
_68763_/A4                              1.500000    1.615967   -0.115967 (VIOLATED)
_69043_/A2                              1.500000    1.615854   -0.115854 (VIOLATED)
_69087_/A2                              1.500000    1.615775   -0.115775 (VIOLATED)
_69107_/A2                              1.500000    1.615377   -0.115377 (VIOLATED)
_69097_/A2                              1.500000    1.614936   -0.114936 (VIOLATED)
_69064_/A2                              1.500000    1.614769   -0.114769 (VIOLATED)
_69078_/A2                              1.500000    1.614687   -0.114687 (VIOLATED)
_69117_/B1                              1.500000    1.614332   -0.114332 (VIOLATED)
_69159_/A2                              1.500000    1.614159   -0.114159 (VIOLATED)
_69151_/A2                              1.500000    1.614142   -0.114142 (VIOLATED)
_69135_/A2                              1.500000    1.614138   -0.114138 (VIOLATED)
_69143_/A2                              1.500000    1.614132   -0.114132 (VIOLATED)
_69127_/A2                              1.500000    1.614057   -0.114057 (VIOLATED)
_66760_/Y                               1.495733    1.606449   -0.110716 (VIOLATED)
_67277_/B2                              1.500000    1.608504   -0.108504 (VIOLATED)
_66877_/B2                              1.500000    1.608500   -0.108500 (VIOLATED)
_66806_/B2                              1.500000    1.608485   -0.108485 (VIOLATED)
_66951_/B2                              1.500000    1.608459   -0.108459 (VIOLATED)
_67191_/B2                              1.500000    1.608406   -0.108406 (VIOLATED)
_67463_/B2                              1.500000    1.608404   -0.108404 (VIOLATED)
_67523_/B2                              1.500000    1.608393   -0.108393 (VIOLATED)
_67029_/B2                              1.500000    1.608378   -0.108378 (VIOLATED)
_67790_/B2                              1.500000    1.608377   -0.108377 (VIOLATED)
_67376_/B2                              1.500000    1.608301   -0.108301 (VIOLATED)
_67719_/B2                              1.500000    1.608289   -0.108289 (VIOLATED)
_67651_/B2                              1.500000    1.608158   -0.108158 (VIOLATED)
_67945_/B2                              1.500000    1.607830   -0.107830 (VIOLATED)
_68037_/B2                              1.500000    1.607630   -0.107630 (VIOLATED)
_68115_/B2                              1.500000    1.607540   -0.107540 (VIOLATED)
_68548_/B2                              1.500000    1.607258   -0.107258 (VIOLATED)
_68621_/B2                              1.500000    1.607062   -0.107062 (VIOLATED)
_67876_/B2                              1.500000    1.607060   -0.107060 (VIOLATED)
_68377_/B2                              1.500000    1.607052   -0.107052 (VIOLATED)
_68289_/B2                              1.500000    1.607041   -0.107041 (VIOLATED)
_68206_/B2                              1.500000    1.607022   -0.107022 (VIOLATED)
_68446_/B2                              1.500000    1.607019   -0.107019 (VIOLATED)
_68514_/B2                              1.500000    1.607016   -0.107016 (VIOLATED)
_66761_/A                               1.500000    1.606991   -0.106991 (VIOLATED)
_68656_/B2                              1.500000    1.606976   -0.106976 (VIOLATED)
_68638_/B2                              1.500000    1.606943   -0.106943 (VIOLATED)
_66804_/A                               1.500000    1.606935   -0.106935 (VIOLATED)
_68585_/B2                              1.500000    1.606860   -0.106860 (VIOLATED)
_68605_/B2                              1.500000    1.606813   -0.106813 (VIOLATED)
_66803_/A                               1.500000    1.606746   -0.106746 (VIOLATED)
_68663_/A2                              1.500000    1.606543   -0.106543 (VIOLATED)
_68695_/A2                              1.500000    1.606538   -0.106538 (VIOLATED)
_68679_/A2                              1.500000    1.606535   -0.106535 (VIOLATED)
_68687_/A2                              1.500000    1.606532   -0.106532 (VIOLATED)
_68703_/A2                              1.500000    1.606524   -0.106524 (VIOLATED)
_68671_/A2                              1.500000    1.606478   -0.106478 (VIOLATED)
_65698_/Y                               1.495733    1.556860   -0.061127 (VIOLATED)
_66664_/X                               1.494840    1.555670   -0.060829 (VIOLATED)
_68537_/X                               1.500632    1.560972   -0.060340 (VIOLATED)
_65869_/B2                              1.500000    1.557220   -0.057220 (VIOLATED)
_65888_/B2                              1.500000    1.557218   -0.057218 (VIOLATED)
_65745_/B2                              1.500000    1.557215   -0.057215 (VIOLATED)
_65909_/B2                              1.500000    1.557207   -0.057207 (VIOLATED)
_65725_/B2                              1.500000    1.557191   -0.057191 (VIOLATED)
_65849_/B2                              1.500000    1.557189   -0.057189 (VIOLATED)
_65709_/B1                              1.500000    1.557184   -0.057184 (VIOLATED)
_66307_/B2                              1.500000    1.557131   -0.057131 (VIOLATED)
_66225_/B2                              1.500000    1.557111   -0.057111 (VIOLATED)
_66244_/B2                              1.500000    1.557079   -0.057079 (VIOLATED)
_66287_/B2                              1.500000    1.557062   -0.057062 (VIOLATED)
_66266_/B2                              1.500000    1.557055   -0.057055 (VIOLATED)
_70259_/B2                              1.500000    1.557054   -0.057054 (VIOLATED)
_70270_/A1                              1.500000    1.557054   -0.057054 (VIOLATED)
_65992_/B2                              1.500000    1.557048   -0.057048 (VIOLATED)
_70182_/B2                              1.500000    1.557037   -0.057037 (VIOLATED)
_70349_/A1                              1.500000    1.557027   -0.057027 (VIOLATED)
_66327_/B2                              1.500000    1.557022   -0.057022 (VIOLATED)
_70375_/B2                              1.500000    1.557019   -0.057019 (VIOLATED)
_70355_/B2                              1.500000    1.557011   -0.057011 (VIOLATED)
_65952_/B2                              1.500000    1.557001   -0.057001 (VIOLATED)
_70369_/A1                              1.500000    1.557000   -0.057000 (VIOLATED)
_65931_/B2                              1.500000    1.557000   -0.057000 (VIOLATED)
_65765_/B2                              1.500000    1.556997   -0.056997 (VIOLATED)
_65826_/B2                              1.500000    1.556991   -0.056991 (VIOLATED)
_65806_/B2                              1.500000    1.556984   -0.056984 (VIOLATED)
_70360_/A1                              1.500000    1.556980   -0.056980 (VIOLATED)
_65785_/B2                              1.500000    1.556976   -0.056976 (VIOLATED)
_65973_/B2                              1.500000    1.556966   -0.056966 (VIOLATED)
_66010_/B2                              1.500000    1.556946   -0.056946 (VIOLATED)
_66198_/B2                              1.500000    1.556944   -0.056944 (VIOLATED)
_66029_/A1                              1.500000    1.556938   -0.056938 (VIOLATED)
_66050_/B2                              1.500000    1.556933   -0.056933 (VIOLATED)
_66073_/B2                              1.500000    1.556931   -0.056931 (VIOLATED)
_70289_/A1                              1.500000    1.556922   -0.056922 (VIOLATED)
_66158_/B2                              1.500000    1.556916   -0.056916 (VIOLATED)
_70277_/B1                              1.500000    1.556910   -0.056910 (VIOLATED)
_70295_/B2                              1.500000    1.556909   -0.056909 (VIOLATED)
_70302_/B2                              1.500000    1.556909   -0.056909 (VIOLATED)
_70333_/A1                              1.500000    1.556906   -0.056906 (VIOLATED)
_66180_/B2                              1.500000    1.556903   -0.056903 (VIOLATED)
_70380_/B1                              1.500000    1.556892   -0.056892 (VIOLATED)
_66095_/B2                              1.500000    1.556885   -0.056885 (VIOLATED)
_66116_/B2                              1.500000    1.556868   -0.056869 (VIOLATED)
_70311_/A1                              1.500000    1.556866   -0.056866 (VIOLATED)
_66138_/B2                              1.500000    1.556863   -0.056863 (VIOLATED)
_68265_/A                               1.500000    1.555770   -0.055770 (VIOLATED)
_68428_/A1                              1.500000    1.555767   -0.055767 (VIOLATED)
_68997_/A1                              1.500000    1.555767   -0.055767 (VIOLATED)
_69451_/A                               1.500000    1.555765   -0.055765 (VIOLATED)
_69463_/A                               1.500000    1.555762   -0.055762 (VIOLATED)
_68474_/A                               1.500000    1.555761   -0.055761 (VIOLATED)
_68505_/A1                              1.500000    1.555754   -0.055754 (VIOLATED)
_68539_/A                               1.500000    1.555750   -0.055750 (VIOLATED)
_68649_/A1                              1.500000    1.555723   -0.055723 (VIOLATED)
_68594_/A                               1.500000    1.555721   -0.055721 (VIOLATED)
_68629_/A                               1.500000    1.555704   -0.055704 (VIOLATED)
_66917_/A                               1.500000    1.555691   -0.055691 (VIOLATED)
_66733_/A                               1.500000    1.555684   -0.055684 (VIOLATED)
_66673_/A                               1.500000    1.555675   -0.055675 (VIOLATED)
_66778_/Y                               1.495733    1.549882   -0.054149 (VIOLATED)
_67277_/C1                              1.500000    1.553348   -0.053348 (VIOLATED)
_66877_/C1                              1.500000    1.553342   -0.053342 (VIOLATED)
_66806_/C1                              1.500000    1.553319   -0.053319 (VIOLATED)
_66951_/C1                              1.500000    1.553277   -0.053277 (VIOLATED)
_67191_/C1                              1.500000    1.553212   -0.053212 (VIOLATED)
_67029_/C1                              1.500000    1.553179   -0.053179 (VIOLATED)
_67376_/C1                              1.500000    1.553084   -0.053084 (VIOLATED)
_67651_/C1                              1.500000    1.552962   -0.052962 (VIOLATED)
_67719_/C1                              1.500000    1.552782   -0.052782 (VIOLATED)
_67112_/A1                              1.500000    1.552650   -0.052650 (VIOLATED)
_68037_/C1                              1.500000    1.552647   -0.052647 (VIOLATED)
_67523_/C1                              1.500000    1.552544   -0.052544 (VIOLATED)
_67463_/C1                              1.500000    1.552455   -0.052455 (VIOLATED)
_67588_/A1                              1.500000    1.552399   -0.052399 (VIOLATED)
_67790_/C1                              1.500000    1.552237   -0.052237 (VIOLATED)
_67876_/C1                              1.500000    1.551923   -0.051923 (VIOLATED)
_68377_/C1                              1.500000    1.551704   -0.051704 (VIOLATED)
_68289_/C1                              1.500000    1.551448   -0.051448 (VIOLATED)
_68446_/C1                              1.500000    1.551403   -0.051403 (VIOLATED)
_66790_/A2                              1.500000    1.551233   -0.051233 (VIOLATED)
_68514_/C1                              1.500000    1.551154   -0.051154 (VIOLATED)
_68208_/A1                              1.500000    1.551084   -0.051084 (VIOLATED)
_68488_/A1                              1.500000    1.551080   -0.051080 (VIOLATED)
_68532_/A1                              1.500000    1.550826   -0.050826 (VIOLATED)
_68587_/A1                              1.500000    1.550769   -0.050769 (VIOLATED)
_68566_/A1                              1.500000    1.550758   -0.050759 (VIOLATED)
_67945_/C1                              1.500000    1.550537   -0.050537 (VIOLATED)
_68115_/C1                              1.500000    1.550532   -0.050532 (VIOLATED)
_68548_/C1                              1.500000    1.550506   -0.050506 (VIOLATED)
_68621_/C1                              1.500000    1.550478   -0.050478 (VIOLATED)
_68656_/C1                              1.500000    1.550432   -0.050432 (VIOLATED)
_68638_/C1                              1.500000    1.550205   -0.050205 (VIOLATED)
_68605_/C1                              1.500000    1.549983   -0.049983 (VIOLATED)
_68695_/C1                              1.500000    1.549910   -0.049910 (VIOLATED)
_68679_/C1                              1.500000    1.549909   -0.049909 (VIOLATED)
_68687_/C1                              1.500000    1.549906   -0.049906 (VIOLATED)
_68671_/C1                              1.500000    1.549903   -0.049903 (VIOLATED)
_68703_/C1                              1.500000    1.549903   -0.049903 (VIOLATED)
_68663_/C1                              1.500000    1.549901   -0.049901 (VIOLATED)
_69736_/C1                              1.500000    1.539904   -0.039904 (VIOLATED)
_69686_/C1                              1.500000    1.539884   -0.039884 (VIOLATED)
_69675_/C1                              1.500000    1.539855   -0.039855 (VIOLATED)
_69697_/C1                              1.500000    1.539799   -0.039799 (VIOLATED)
_69726_/C1                              1.500000    1.539730   -0.039730 (VIOLATED)
_69707_/A2                              1.500000    1.539533   -0.039533 (VIOLATED)
_69745_/A2                              1.500000    1.539353   -0.039353 (VIOLATED)
_69823_/C1                              1.500000    1.539322   -0.039322 (VIOLATED)
_69783_/A2                              1.500000    1.539317   -0.039317 (VIOLATED)
_69793_/C1                              1.500000    1.539031   -0.039031 (VIOLATED)
_69717_/A2                              1.500000    1.538786   -0.038786 (VIOLATED)
_69765_/A2                              1.500000    1.538462   -0.038462 (VIOLATED)
_69754_/C1                              1.500000    1.538193   -0.038193 (VIOLATED)
_69773_/C1                              1.500000    1.537967   -0.037967 (VIOLATED)
_69803_/C1                              1.500000    1.537554   -0.037554 (VIOLATED)
_69813_/C1                              1.500000    1.537303   -0.037303 (VIOLATED)
_69875_/C1                              1.500000    1.537192   -0.037192 (VIOLATED)
_69905_/C1                              1.500000    1.536924   -0.036924 (VIOLATED)
_69885_/C1                              1.500000    1.536917   -0.036917 (VIOLATED)
_69865_/C1                              1.500000    1.536883   -0.036883 (VIOLATED)
_69663_/Y                               1.495733    1.532456   -0.036723 (VIOLATED)
_69834_/A2                              1.500000    1.536500   -0.036500 (VIOLATED)
_69855_/A2                              1.500000    1.536322   -0.036322 (VIOLATED)
_69895_/C1                              1.500000    1.536083   -0.036083 (VIOLATED)
_69844_/C1                              1.500000    1.535674   -0.035674 (VIOLATED)
_69926_/A2                              1.500000    1.535180   -0.035180 (VIOLATED)
_69965_/C1                              1.500000    1.534951   -0.034951 (VIOLATED)
u_engine.u_zstore.g_zrams[0].u_ram.u_macro/addr1[3]    0.500000    0.534730   -0.034730 (VIOLATED)
_69985_/A2                              1.500000    1.534602   -0.034602 (VIOLATED)
_69915_/C1                              1.500000    1.534130   -0.034130 (VIOLATED)
_69936_/C1                              1.500000    1.533904   -0.033904 (VIOLATED)
_69945_/C1                              1.500000    1.533538   -0.033538 (VIOLATED)
_69975_/C1                              1.500000    1.533065   -0.033065 (VIOLATED)
_69955_/A2                              1.500000    1.532964   -0.032965 (VIOLATED)
_69665_/A3                              1.500000    1.532739   -0.032739 (VIOLATED)
_69991_/C1                              1.500000    1.532567   -0.032567 (VIOLATED)
_70019_/C1                              1.500000    1.532543   -0.032543 (VIOLATED)
_70005_/C1                              1.500000    1.532541   -0.032541 (VIOLATED)
_70012_/C1                              1.500000    1.532540   -0.032540 (VIOLATED)
_70027_/C1                              1.500000    1.532525   -0.032525 (VIOLATED)
_69999_/C1                              1.500000    1.532485   -0.032485 (VIOLATED)
_66670_/Y                               1.495733    1.527317   -0.031584 (VIOLATED)
_69329_/A1                              1.500000    1.530321   -0.030321 (VIOLATED)
_68869_/A1                              1.500000    1.530321   -0.030321 (VIOLATED)
_67696_/C1                              1.500000    1.530300   -0.030300 (VIOLATED)
_69788_/B2                              1.500000    1.530293   -0.030293 (VIOLATED)
_68949_/A1                              1.500000    1.530243   -0.030243 (VIOLATED)
_69395_/B2                              1.500000    1.530239   -0.030239 (VIOLATED)
_68859_/A1                              1.500000    1.530238   -0.030238 (VIOLATED)
_68012_/C1                              1.500000    1.530237   -0.030237 (VIOLATED)
_69828_/A1                              1.500000    1.530223   -0.030223 (VIOLATED)
_68937_/A1                              1.500000    1.530217   -0.030217 (VIOLATED)
_69818_/B2                              1.500000    1.530192   -0.030192 (VIOLATED)
_68848_/A1                              1.500000    1.530188   -0.030189 (VIOLATED)
_67437_/C1                              1.500000    1.530187   -0.030187 (VIOLATED)
_67372_/A1                              1.500000    1.530170   -0.030170 (VIOLATED)
_67254_/C1                              1.500000    1.529927   -0.029927 (VIOLATED)
_69732_/B2                              1.500000    1.529890   -0.029890 (VIOLATED)
_69286_/B2                              1.500000    1.529842   -0.029843 (VIOLATED)
_68806_/A1                              1.500000    1.529673   -0.029673 (VIOLATED)
_67085_/A                               1.500000    1.529577   -0.029577 (VIOLATED)
_69233_/A1                              1.500000    1.529460   -0.029460 (VIOLATED)
_69703_/A1_N                            1.500000    1.529424   -0.029424 (VIOLATED)
_69692_/A                               1.500000    1.529129   -0.029129 (VIOLATED)
_68180_/C1                              1.500000    1.529118   -0.029118 (VIOLATED)
_69429_/A1                              1.500000    1.529109   -0.029109 (VIOLATED)
_66947_/B2                              1.500000    1.529083   -0.029083 (VIOLATED)
_66674_/A                               1.500000    1.528804   -0.028804 (VIOLATED)
_69372_/A1                              1.500000    1.528572   -0.028572 (VIOLATED)
_69808_/B2                              1.500000    1.528457   -0.028457 (VIOLATED)
_66735_/C1                              1.500000    1.528265   -0.028265 (VIOLATED)
_69654_/A1                              1.500000    1.528070   -0.028070 (VIOLATED)
_68964_/A1                              1.500000    1.527951   -0.027951 (VIOLATED)
_69452_/B2                              1.500000    1.527829   -0.027829 (VIOLATED)
_68482_/B1                              1.500000    1.527784   -0.027784 (VIOLATED)
_69465_/A1                              1.500000    1.527710   -0.027711 (VIOLATED)
_69007_/A                               1.500000    1.527679   -0.027679 (VIOLATED)
_69920_/B2                              1.500000    1.527626   -0.027626 (VIOLATED)
_69497_/A1                              1.500000    1.527584   -0.027584 (VIOLATED)
_69487_/A1                              1.500000    1.527555   -0.027555 (VIOLATED)
_69476_/A1                              1.500000    1.527550   -0.027550 (VIOLATED)
_68504_/B1                              1.500000    1.527549   -0.027549 (VIOLATED)
_69019_/A1_N                            1.500000    1.527548   -0.027548 (VIOLATED)
_69980_/B2                              1.500000    1.527375   -0.027375 (VIOLATED)
_69103_/A1_N                            1.500000    1.527374   -0.027374 (VIOLATED)
_69560_/A1                              1.500000    1.527372   -0.027372 (VIOLATED)
_68597_/C1                              1.500000    1.527370   -0.027370 (VIOLATED)
_69550_/B2                              1.500000    1.527325   -0.027325 (VIOLATED)
_69519_/A1                              1.500000    1.527317   -0.027317 (VIOLATED)
_69941_/B2                              1.500000    1.527317   -0.027317 (VIOLATED)
u_engine.u_zstore.g_zrams[0].u_ram.u_macro/addr1[1]    0.500000    0.519520   -0.019519 (VIOLATED)
u_engine.u_zstore.g_zrams[0].u_ram.u_macro/addr1[2]    0.500000    0.517669   -0.017669 (VIOLATED)
u_engine.u_zstore.g_zrams[0].u_ram.u_macro/addr1[7]    0.500000    0.509367   -0.009367 (VIOLATED)
_68571_/X                               1.500632    1.504970   -0.004338 (VIOLATED)
u_engine.u_zstore.g_zrams[0].u_ram.u_macro/addr0[6]    0.500000    0.500638   -0.000638 (VIOLATED)

max capacitance

Pin                                        Limit         Cap       Slack
------------------------------------------------------------------------
u_engine.u_zstore.g_zrams[0].u_ram.u_macro/dout0[21]    0.027560    0.057493   -0.029933 (VIOLATED)
u_engine.u_zstore.g_zrams[1].u_ram.u_macro/dout0[3]    0.027560    0.054583   -0.027023 (VIOLATED)
u_engine.u_zstore.g_zrams[0].u_ram.u_macro/dout0[20]    0.027560    0.052885   -0.025325 (VIOLATED)
_66760_/Y                               0.270090    0.294704   -0.024614 (VIOLATED)
u_engine.u_zstore.g_zrams[1].u_ram.u_macro/dout1[2]    0.027560    0.051783   -0.024223 (VIOLATED)
_68759_/Y                               0.270090    0.294050   -0.023960 (VIOLATED)
u_engine.u_zstore.g_zrams[1].u_ram.u_macro/dout0[22]    0.027560    0.049167   -0.021607 (VIOLATED)
u_engine.u_zstore.g_zrams[1].u_ram.u_macro/dout1[0]    0.027560    0.048946   -0.021386 (VIOLATED)
u_engine.u_zstore.g_zrams[1].u_ram.u_macro/dout1[3]    0.027560    0.048257   -0.020697 (VIOLATED)
u_engine.u_zstore.g_zrams[0].u_ram.u_macro/dout0[4]    0.027560    0.047444   -0.019884 (VIOLATED)
u_engine.u_zstore.g_zrams[1].u_ram.u_macro/dout1[4]    0.027560    0.047084   -0.019524 (VIOLATED)
u_engine.u_zstore.g_zrams[0].u_ram.u_macro/dout0[19]    0.027560    0.046471   -0.018911 (VIOLATED)
u_engine.u_zstore.g_zrams[0].u_ram.u_macro/dout0[2]    0.027560    0.046012   -0.018452 (VIOLATED)
u_engine.u_zstore.g_zrams[0].u_ram.u_macro/dout1[5]    0.027560    0.045818   -0.018258 (VIOLATED)
u_engine.u_zstore.g_zrams[0].u_ram.u_macro/dout1[9]    0.027560    0.044446   -0.016886 (VIOLATED)
u_engine.u_zstore.g_zrams[1].u_ram.u_macro/dout1[17]    0.027560    0.044209   -0.016649 (VIOLATED)
u_engine.u_zstore.g_zrams[1].u_ram.u_macro/dout1[20]    0.027560    0.043337   -0.015777 (VIOLATED)
u_engine.u_zstore.g_zrams[1].u_ram.u_macro/dout0[19]    0.027560    0.043056   -0.015496 (VIOLATED)
u_engine.u_zstore.g_zrams[1].u_ram.u_macro/dout1[8]    0.027560    0.042484   -0.014924 (VIOLATED)
u_engine.g_banks[3].u_ram.u_macro/dout1[24]    0.027560    0.042319   -0.014759 (VIOLATED)
u_engine.u_zstore.g_zrams[1].u_ram.u_macro/dout1[13]    0.027560    0.041929   -0.014369 (VIOLATED)
_65698_/Y                               0.270090    0.284363   -0.014273 (VIOLATED)
u_engine.u_zstore.g_zrams[0].u_ram.u_macro/dout0[1]    0.027560    0.041464   -0.013904 (VIOLATED)
_66778_/Y                               0.270090    0.283868   -0.013778 (VIOLATED)
u_engine.u_zstore.g_zrams[0].u_ram.u_macro/dout1[17]    0.027560    0.040522   -0.012962 (VIOLATED)
_68537_/X                               0.336924    0.349697   -0.012773 (VIOLATED)
u_engine.u_zstore.g_zrams[0].u_ram.u_macro/dout1[20]    0.027560    0.039942   -0.012382 (VIOLATED)
u_engine.u_zstore.g_zrams[1].u_ram.u_macro/dout1[6]    0.027560    0.039900   -0.012340 (VIOLATED)
u_engine.u_zstore.g_zrams[0].u_ram.u_macro/dout1[0]    0.027560    0.039612   -0.012052 (VIOLATED)
u_engine.u_zstore.g_zrams[1].u_ram.u_macro/dout1[22]    0.027560    0.039416   -0.011856 (VIOLATED)
u_engine.u_zstore.g_zrams[0].u_ram.u_macro/dout0[5]    0.027560    0.039376   -0.011816 (VIOLATED)
u_engine.u_zstore.g_zrams[0].u_ram.u_macro/dout1[13]    0.027560    0.038562   -0.011002 (VIOLATED)
u_engine.u_zstore.g_zrams[1].u_ram.u_macro/dout0[20]    0.027560    0.038098   -0.010538 (VIOLATED)
u_engine.g_banks[3].u_ram.u_macro/dout1[15]    0.027560    0.037953   -0.010393 (VIOLATED)
u_engine.u_zstore.g_zrams[0].u_ram.u_macro/dout0[3]    0.027560    0.037756   -0.010196 (VIOLATED)
u_engine.u_zstore.g_zrams[0].u_ram.u_macro/dout1[6]    0.027560    0.037751   -0.010191 (VIOLATED)
u_engine.u_zstore.g_zrams[0].u_ram.u_macro/dout1[22]    0.027560    0.037671   -0.010111 (VIOLATED)
u_engine.u_zstore.g_zrams[1].u_ram.u_macro/dout0[4]    0.027560    0.037407   -0.009847 (VIOLATED)
_66670_/Y                               0.270090    0.279729   -0.009638 (VIOLATED)
u_engine.u_zstore.g_zrams[0].u_ram.u_macro/dout1[4]    0.027560    0.037135   -0.009575 (VIOLATED)
u_engine.u_zstore.g_zrams[0].u_ram.u_macro/dout0[10]    0.027560    0.037073   -0.009513 (VIOLATED)
u_engine.u_zstore.g_zrams[0].u_ram.u_macro/dout1[29]    0.027560    0.036443   -0.008883 (VIOLATED)
u_engine.u_zstore.g_zrams[0].u_ram.u_macro/dout1[8]    0.027560    0.036303   -0.008743 (VIOLATED)
u_engine.u_zstore.g_zrams[0].u_ram.u_macro/dout0[6]    0.027560    0.036139   -0.008579 (VIOLATED)
u_engine.u_zstore.g_zrams[1].u_ram.u_macro/dout0[2]    0.027560    0.035507   -0.007947 (VIOLATED)
_69663_/Y                               0.270090    0.278036   -0.007946 (VIOLATED)
u_engine.u_zstore.g_zrams[0].u_ram.u_macro/dout0[22]    0.027560    0.035158   -0.007598 (VIOLATED)
_66664_/X                               0.140086    0.146872   -0.006786 (VIOLATED)
u_engine.u_zstore.g_zrams[0].u_ram.u_macro/dout0[0]    0.027560    0.034049   -0.006489 (VIOLATED)
u_engine.u_zstore.g_zrams[0].u_ram.u_macro/dout1[1]    0.027560    0.033974   -0.006414 (VIOLATED)
u_engine.u_zstore.g_zrams[0].u_ram.u_macro/dout1[2]    0.027560    0.033886   -0.006326 (VIOLATED)
u_engine.u_zstore.g_zrams[0].u_ram.u_macro/dout0[7]    0.027560    0.033718   -0.006158 (VIOLATED)
u_engine.g_banks[1].u_ram.u_macro/dout1[25]    0.027560    0.033648   -0.006088 (VIOLATED)
u_engine.u_zstore.g_zrams[0].u_ram.u_macro/dout1[3]    0.027560    0.033542   -0.005982 (VIOLATED)
u_engine.u_zstore.g_zrams[1].u_ram.u_macro/dout0[18]    0.027560    0.033447   -0.005887 (VIOLATED)
u_engine.u_zstore.g_zrams[1].u_ram.u_macro/dout1[5]    0.027560    0.033268   -0.005708 (VIOLATED)
u_engine.u_zstore.g_zrams[1].u_ram.u_macro/dout1[9]    0.027560    0.033261   -0.005701 (VIOLATED)
u_engine.u_zstore.g_zrams[0].u_ram.u_macro/dout0[23]    0.027560    0.033216   -0.005656 (VIOLATED)
u_engine.u_zstore.g_zrams[1].u_ram.u_macro/dout0[17]    0.027560    0.032926   -0.005366 (VIOLATED)
u_engine.g_banks[1].u_ram.u_macro/dout1[18]    0.027560    0.032896   -0.005336 (VIOLATED)
u_engine.u_zstore.g_zrams[0].u_ram.u_macro/dout0[8]    0.027560    0.032389   -0.004829 (VIOLATED)
u_engine.u_zstore.g_zrams[0].u_ram.u_macro/dout1[19]    0.027560    0.032150   -0.004590 (VIOLATED)
u_engine.g_banks[1].u_ram.u_macro/dout1[19]    0.027560    0.031930   -0.004370 (VIOLATED)
u_engine.u_zstore.g_zrams[1].u_ram.u_macro/dout1[16]    0.027560    0.031916   -0.004356 (VIOLATED)
u_engine.g_banks[3].u_ram.u_macro/dout1[8]    0.027560    0.031770   -0.004210 (VIOLATED)
u_engine.g_banks[3].u_ram.u_macro/dout1[9]    0.027560    0.031525   -0.003965 (VIOLATED)
u_engine.g_banks[1].u_ram.u_macro/dout1[16]    0.027560    0.031492   -0.003932 (VIOLATED)
u_engine.g_banks[3].u_ram.u_macro/dout1[0]    0.027560    0.031405   -0.003845 (VIOLATED)
u_engine.g_banks[2].u_ram.u_macro/dout1[13]    0.027560    0.031353   -0.003793 (VIOLATED)
u_engine.g_banks[3].u_ram.u_macro/dout1[13]    0.027560    0.031156   -0.003596 (VIOLATED)
u_engine.g_banks[0].u_ram.u_macro/dout1[7]    0.027560    0.030712   -0.003152 (VIOLATED)
u_engine.u_zstore.g_zrams[1].u_ram.u_macro/dout1[15]    0.027560    0.030638   -0.003078 (VIOLATED)
u_engine.u_zstore.g_zrams[0].u_ram.u_macro/dout1[30]    0.027560    0.030626   -0.003066 (VIOLATED)
u_engine.u_zstore.g_zrams[0].u_ram.u_macro/dout1[27]    0.027560    0.030315   -0.002755 (VIOLATED)
u_engine.g_banks[3].u_ram.u_macro/dout1[2]    0.027560    0.029701   -0.002141 (VIOLATED)
u_engine.g_banks[0].u_ram.u_macro/dout1[15]    0.027560    0.029694   -0.002134 (VIOLATED)
u_engine.u_zstore.g_zrams[0].u_ram.u_macro/dout1[24]    0.027560    0.029636   -0.002076 (VIOLATED)
_66668_/Y                               0.132761    0.134767   -0.002006 (VIOLATED)
u_engine.u_zstore.g_zrams[0].u_ram.u_macro/dout1[18]    0.027560    0.029554   -0.001994 (VIOLATED)
u_engine.u_zstore.g_zrams[0].u_ram.u_macro/dout1[28]    0.027560    0.029349   -0.001789 (VIOLATED)
u_engine.g_banks[1].u_ram.u_macro/dout1[13]    0.027560    0.029320   -0.001760 (VIOLATED)
u_engine.g_banks[0].u_ram.u_macro/dout1[18]    0.027560    0.029199   -0.001639 (VIOLATED)
u_engine.u_zstore.g_zrams[0].u_ram.u_macro/dout0[24]    0.027560    0.029033   -0.001473 (VIOLATED)
u_engine.u_zstore.g_zrams[1].u_ram.u_macro/dout1[1]    0.027560    0.028828   -0.001268 (VIOLATED)
u_engine.g_banks[1].u_ram.u_macro/dout1[10]    0.027560    0.028752   -0.001192 (VIOLATED)
u_engine.u_zstore.g_zrams[0].u_ram.u_macro/dout1[12]    0.027560    0.028464   -0.000904 (VIOLATED)
u_engine.g_banks[3].u_ram.u_macro/dout1[23]    0.027560    0.028336   -0.000776 (VIOLATED)
u_engine.g_banks[2].u_ram.u_macro/dout1[14]    0.027560    0.028209   -0.000649 (VIOLATED)
u_engine.g_banks[3].u_ram.u_macro/dout1[5]    0.027560    0.027693   -0.000133 (VIOLATED)
u_engine.g_banks[3].u_ram.u_macro/dout1[4]    0.027560    0.027657   -0.000097 (VIOLATED)
u_engine.g_banks[2].u_ram.u_macro/dout1[12]    0.027560    0.027631   -0.000071 (VIOLATED)
u_engine.u_zstore.g_zrams[0].u_ram.u_macro/dout0[9]    0.027560    0.027627   -0.000067 (VIOLATED)



===========================================================================
report_parasitic_annotation -report_unannotated
============================================================================
Found 669 unannotated drivers.
 clkload0/Y
 clkload1/Y
 clkload10/X
 clkload100/Y
 clkload101/Y
 clkload102/Y
 clkload103/Y
 clkload104/Y
 clkload105/X
 clkload106/X
 clkload107/Y
 clkload108/Y
 clkload109/X
 clkload11/X
 clkload110/Y
 clkload111/Y
 clkload112/Y
 clkload113/Y
 clkload114/Y
 clkload115/Y
 clkload116/Y
 clkload117/Y
 clkload118/Y
 clkload119/X
 clkload12/Y
 clkload120/Y
 clkload121/X
 clkload122/X
 clkload123/X
 clkload124/X
 clkload125/Y
 clkload126/Y
 clkload127/Y
 clkload128/Y
 clkload129/Y
 clkload13/Y
 clkload130/Y
 clkload131/Y
 clkload132/Y
 clkload133/Y
 clkload134/Y
 clkload135/X
 clkload136/Y
 clkload137/Y
 clkload138/Y
 clkload139/Y
 clkload14/Y
 clkload140/Y
 clkload141/Y
 clkload142/Y
 clkload143/Y
 clkload144/Y
 clkload145/Y
 clkload146/Y
 clkload147/Y
 clkload148/Y
 clkload149/Y
 clkload15/Y
 clkload150/Y
 clkload151/Y
 clkload152/Y
 clkload153/Y
 clkload154/Y
 clkload155/Y
 clkload156/Y
 clkload157/Y
 clkload158/Y
 clkload159/Y
 clkload16/X
 clkload160/Y
 clkload161/Y
 clkload162/Y
 clkload163/Y
 clkload164/Y
 clkload165/Y
 clkload166/X
 clkload167/Y
 clkload168/Y
 clkload169/Y
 clkload17/Y
 clkload170/Y
 clkload171/Y
 clkload172/Y
 clkload173/Y
 clkload174/Y
 clkload175/Y
 clkload176/Y
 clkload177/Y
 clkload178/Y
 clkload179/Y
 clkload18/Y
 clkload180/Y
 clkload181/Y
 clkload182/Y
 clkload183/Y
 clkload184/Y
 clkload185/Y
 clkload186/Y
 clkload187/Y
 clkload188/Y
 clkload189/Y
 clkload19/Y
 clkload190/Y
 clkload191/X
 clkload192/Y
 clkload193/Y
 clkload194/Y
 clkload195/Y
 clkload196/Y
 clkload197/Y
 clkload198/Y
 clkload199/Y
 clkload2/Y
 clkload20/Y
 clkload200/Y
 clkload201/Y
 clkload202/Y
 clkload203/Y
 clkload204/Y
 clkload205/Y
 clkload206/Y
 clkload207/Y
 clkload208/X
 clkload209/Y
 clkload21/Y
 clkload210/Y
 clkload211/Y
 clkload212/X
 clkload213/X
 clkload214/Y
 clkload215/Y
 clkload216/Y
 clkload217/Y
 clkload218/Y
 clkload219/Y
 clkload22/Y
 clkload220/Y
 clkload221/Y
 clkload222/Y
 clkload223/Y
 clkload224/Y
 clkload225/Y
 clkload226/Y
 clkload227/Y
 clkload228/Y
 clkload229/Y
 clkload23/Y
 clkload230/Y
 clkload231/Y
 clkload232/Y
 clkload233/X
 clkload234/X
 clkload235/Y
 clkload236/Y
 clkload237/Y
 clkload238/X
 clkload239/Y
 clkload24/Y
 clkload240/Y
 clkload241/Y
 clkload242/Y
 clkload243/Y
 clkload244/Y
 clkload245/Y
 clkload246/Y
 clkload247/Y
 clkload248/Y
 clkload249/Y
 clkload25/Y
 clkload250/Y
 clkload251/Y
 clkload252/Y
 clkload253/Y
 clkload254/Y
 clkload255/Y
 clkload256/Y
 clkload257/Y
 clkload258/Y
 clkload259/Y
 clkload26/Y
 clkload260/Y
 clkload261/X
 clkload262/Y
 clkload263/Y
 clkload264/Y
 clkload265/X
 clkload266/Y
 clkload267/Y
 clkload268/Y
 clkload269/Y
 clkload27/Y
 clkload270/Y
 clkload271/Y
 clkload272/Y
 clkload273/Y
 clkload274/X
 clkload275/Y
 clkload276/Y
 clkload277/Y
 clkload278/Y
 clkload279/Y
 clkload28/Y
 clkload280/Y
 clkload281/Y
 clkload282/Y
 clkload283/Y
 clkload284/X
 clkload285/X
 clkload286/Y
 clkload287/Y
 clkload288/Y
 clkload289/Y
 clkload29/Y
 clkload290/Y
 clkload291/Y
 clkload292/Y
 clkload293/Y
 clkload294/Y
 clkload295/Y
 clkload296/Y
 clkload297/Y
 clkload298/Y
 clkload299/Y
 clkload3/Y
 clkload30/X
 clkload300/Y
 clkload301/X
 clkload302/X
 clkload303/Y
 clkload304/Y
 clkload305/Y
 clkload306/Y
 clkload307/X
 clkload308/Y
 clkload309/Y
 clkload31/Y
 clkload310/Y
 clkload311/Y
 clkload312/Y
 clkload313/Y
 clkload314/Y
 clkload315/Y
 clkload316/X
 clkload317/Y
 clkload318/Y
 clkload319/Y
 clkload32/X
 clkload320/Y
 clkload321/Y
 clkload322/X
 clkload323/Y
 clkload324/Y
 clkload325/Y
 clkload326/Y
 clkload327/Y
 clkload328/Y
 clkload329/X
 clkload33/Y
 clkload330/Y
 clkload331/Y
 clkload332/Y
 clkload333/Y
 clkload334/Y
 clkload335/Y
 clkload336/Y
 clkload337/Y
 clkload338/Y
 clkload339/Y
 clkload34/Y
 clkload340/Y
 clkload341/Y
 clkload342/Y
 clkload343/X
 clkload344/Y
 clkload345/X
 clkload346/Y
 clkload347/Y
 clkload348/Y
 clkload349/Y
 clkload35/Y
 clkload350/Y
 clkload351/Y
 clkload352/Y
 clkload353/Y
 clkload354/Y
 clkload355/Y
 clkload356/Y
 clkload357/Y
 clkload358/Y
 clkload359/Y
 clkload36/Y
 clkload360/Y
 clkload361/Y
 clkload362/Y
 clkload363/Y
 clkload364/Y
 clkload365/Y
 clkload366/Y
 clkload367/Y
 clkload368/Y
 clkload369/Y
 clkload37/Y
 clkload370/Y
 clkload371/Y
 clkload372/Y
 clkload373/X
 clkload374/Y
 clkload375/Y
 clkload376/Y
 clkload377/Y
 clkload378/Y
 clkload379/Y
 clkload38/Y
 clkload380/Y
 clkload381/Y
 clkload382/Y
 clkload383/X
 clkload384/Y
 clkload385/X
 clkload386/Y
 clkload387/Y
 clkload388/X
 clkload389/Y
 clkload39/Y
 clkload390/Y
 clkload391/Y
 clkload392/Y
 clkload393/Y
 clkload394/Y
 clkload395/Y
 clkload396/Y
 clkload397/Y
 clkload398/Y
 clkload399/Y
 clkload4/Y
 clkload40/Y
 clkload400/Y
 clkload401/Y
 clkload402/X
 clkload403/X
 clkload404/Y
 clkload405/Y
 clkload406/Y
 clkload407/Y
 clkload408/X
 clkload409/X
 clkload41/Y
 clkload410/X
 clkload411/Y
 clkload412/Y
 clkload413/Y
 clkload414/Y
 clkload415/Y
 clkload416/Y
 clkload417/Y
 clkload418/X
 clkload419/Y
 clkload42/Y
 clkload420/Y
 clkload421/Y
 clkload422/Y
 clkload423/Y
 clkload424/Y
 clkload425/Y
 clkload426/Y
 clkload427/Y
 clkload428/Y
 clkload429/X
 clkload43/Y
 clkload430/Y
 clkload431/Y
 clkload432/Y
 clkload433/X
 clkload434/Y
 clkload435/Y
 clkload436/Y
 clkload437/Y
 clkload438/Y
 clkload439/Y
 clkload44/Y
 clkload440/Y
 clkload441/Y
 clkload442/Y
 clkload443/Y
 clkload444/Y
 clkload445/Y
 clkload446/Y
 clkload447/Y
 clkload448/Y
 clkload449/Y
 clkload45/Y
 clkload450/Y
 clkload451/Y
 clkload452/Y
 clkload453/Y
 clkload454/Y
 clkload455/Y
 clkload456/Y
 clkload457/Y
 clkload458/Y
 clkload459/Y
 clkload46/Y
 clkload460/Y
 clkload461/Y
 clkload462/Y
 clkload463/Y
 clkload464/Y
 clkload465/X
 clkload466/Y
 clkload467/Y
 clkload468/Y
 clkload469/Y
 clkload47/Y
 clkload470/X
 clkload471/X
 clkload472/Y
 clkload473/Y
 clkload474/Y
 clkload475/Y
 clkload476/Y
 clkload477/Y
 clkload478/Y
 clkload479/Y
 clkload48/Y
 clkload480/Y
 clkload481/Y
 clkload482/X
 clkload483/Y
 clkload484/Y
 clkload485/X
 clkload486/Y
 clkload487/Y
 clkload488/Y
 clkload489/Y
 clkload49/Y
 clkload490/Y
 clkload491/Y
 clkload492/Y
 clkload493/Y
 clkload494/Y
 clkload495/Y
 clkload496/Y
 clkload497/Y
 clkload498/Y
 clkload499/Y
 clkload5/Y
 clkload50/X
 clkload500/X
 clkload501/Y
 clkload502/Y
 clkload503/Y
 clkload504/Y
 clkload505/Y
 clkload506/X
 clkload507/X
 clkload508/X
 clkload51/Y
 clkload52/Y
 clkload53/Y
 clkload54/Y
 clkload55/Y
 clkload56/Y
 clkload57/Y
 clkload58/Y
 clkload59/Y
 clkload6/Y
 clkload60/Y
 clkload61/Y
 clkload62/Y
 clkload63/Y
 clkload64/Y
 clkload65/Y
 clkload66/Y
 clkload67/Y
 clkload68/Y
 clkload69/Y
 clkload7/Y
 clkload70/Y
 clkload71/Y
 clkload72/Y
 clkload73/Y
 clkload74/X
 clkload75/X
 clkload76/Y
 clkload77/X
 clkload78/Y
 clkload79/Y
 clkload8/Y
 clkload80/X
 clkload81/Y
 clkload82/Y
 clkload83/Y
 clkload84/Y
 clkload85/Y
 clkload86/X
 clkload87/Y
 clkload88/Y
 clkload89/Y
 clkload9/Y
 clkload90/Y
 clkload91/Y
 clkload92/Y
 clkload93/X
 clkload94/Y
 clkload95/Y
 clkload96/Y
 clkload97/Y
 clkload98/Y
 clkload99/Y
 ntt_user_macro_3322/HI
 ntt_user_macro_3323/HI
 u_engine.g_banks\[0\].u_ram.u_macro/dout0[0]
 u_engine.g_banks\[0\].u_ram.u_macro/dout0[10]
 u_engine.g_banks\[0\].u_ram.u_macro/dout0[11]
 u_engine.g_banks\[0\].u_ram.u_macro/dout0[12]
 u_engine.g_banks\[0\].u_ram.u_macro/dout0[13]
 u_engine.g_banks\[0\].u_ram.u_macro/dout0[14]
 u_engine.g_banks\[0\].u_ram.u_macro/dout0[15]
 u_engine.g_banks\[0\].u_ram.u_macro/dout0[16]
 u_engine.g_banks\[0\].u_ram.u_macro/dout0[17]
 u_engine.g_banks\[0\].u_ram.u_macro/dout0[18]
 u_engine.g_banks\[0\].u_ram.u_macro/dout0[19]
 u_engine.g_banks\[0\].u_ram.u_macro/dout0[1]
 u_engine.g_banks\[0\].u_ram.u_macro/dout0[20]
 u_engine.g_banks\[0\].u_ram.u_macro/dout0[21]
 u_engine.g_banks\[0\].u_ram.u_macro/dout0[22]
 u_engine.g_banks\[0\].u_ram.u_macro/dout0[23]
 u_engine.g_banks\[0\].u_ram.u_macro/dout0[24]
 u_engine.g_banks\[0\].u_ram.u_macro/dout0[25]
 u_engine.g_banks\[0\].u_ram.u_macro/dout0[26]
 u_engine.g_banks\[0\].u_ram.u_macro/dout0[27]
 u_engine.g_banks\[0\].u_ram.u_macro/dout0[28]
 u_engine.g_banks\[0\].u_ram.u_macro/dout0[29]
 u_engine.g_banks\[0\].u_ram.u_macro/dout0[2]
 u_engine.g_banks\[0\].u_ram.u_macro/dout0[30]
 u_engine.g_banks\[0\].u_ram.u_macro/dout0[31]
 u_engine.g_banks\[0\].u_ram.u_macro/dout0[3]
 u_engine.g_banks\[0\].u_ram.u_macro/dout0[4]
 u_engine.g_banks\[0\].u_ram.u_macro/dout0[5]
 u_engine.g_banks\[0\].u_ram.u_macro/dout0[6]
 u_engine.g_banks\[0\].u_ram.u_macro/dout0[7]
 u_engine.g_banks\[0\].u_ram.u_macro/dout0[8]
 u_engine.g_banks\[0\].u_ram.u_macro/dout0[9]
 u_engine.g_banks\[0\].u_ram.u_macro_3316/HI
 u_engine.g_banks\[0\].u_ram.u_macro_3324/LO
 u_engine.g_banks\[0\].u_ram.u_macro_3325/LO
 u_engine.g_banks\[0\].u_ram.u_macro_3326/LO
 u_engine.g_banks\[0\].u_ram.u_macro_3327/LO
 u_engine.g_banks\[1\].u_ram.u_macro/dout0[0]
 u_engine.g_banks\[1\].u_ram.u_macro/dout0[10]
 u_engine.g_banks\[1\].u_ram.u_macro/dout0[11]
 u_engine.g_banks\[1\].u_ram.u_macro/dout0[12]
 u_engine.g_banks\[1\].u_ram.u_macro/dout0[13]
 u_engine.g_banks\[1\].u_ram.u_macro/dout0[14]
 u_engine.g_banks\[1\].u_ram.u_macro/dout0[15]
 u_engine.g_banks\[1\].u_ram.u_macro/dout0[16]
 u_engine.g_banks\[1\].u_ram.u_macro/dout0[17]
 u_engine.g_banks\[1\].u_ram.u_macro/dout0[18]
 u_engine.g_banks\[1\].u_ram.u_macro/dout0[19]
 u_engine.g_banks\[1\].u_ram.u_macro/dout0[1]
 u_engine.g_banks\[1\].u_ram.u_macro/dout0[20]
 u_engine.g_banks\[1\].u_ram.u_macro/dout0[21]
 u_engine.g_banks\[1\].u_ram.u_macro/dout0[22]
 u_engine.g_banks\[1\].u_ram.u_macro/dout0[23]
 u_engine.g_banks\[1\].u_ram.u_macro/dout0[24]
 u_engine.g_banks\[1\].u_ram.u_macro/dout0[25]
 u_engine.g_banks\[1\].u_ram.u_macro/dout0[26]
 u_engine.g_banks\[1\].u_ram.u_macro/dout0[27]
 u_engine.g_banks\[1\].u_ram.u_macro/dout0[28]
 u_engine.g_banks\[1\].u_ram.u_macro/dout0[29]
 u_engine.g_banks\[1\].u_ram.u_macro/dout0[2]
 u_engine.g_banks\[1\].u_ram.u_macro/dout0[30]
 u_engine.g_banks\[1\].u_ram.u_macro/dout0[31]
 u_engine.g_banks\[1\].u_ram.u_macro/dout0[3]
 u_engine.g_banks\[1\].u_ram.u_macro/dout0[4]
 u_engine.g_banks\[1\].u_ram.u_macro/dout0[5]
 u_engine.g_banks\[1\].u_ram.u_macro/dout0[6]
 u_engine.g_banks\[1\].u_ram.u_macro/dout0[7]
 u_engine.g_banks\[1\].u_ram.u_macro/dout0[8]
 u_engine.g_banks\[1\].u_ram.u_macro/dout0[9]
 u_engine.g_banks\[1\].u_ram.u_macro_3317/HI
 u_engine.g_banks\[1\].u_ram.u_macro_3328/LO
 u_engine.g_banks\[1\].u_ram.u_macro_3329/LO
 u_engine.g_banks\[1\].u_ram.u_macro_3330/LO
 u_engine.g_banks\[1\].u_ram.u_macro_3331/LO
 u_engine.g_banks\[2\].u_ram.u_macro/dout0[0]
 u_engine.g_banks\[2\].u_ram.u_macro/dout0[10]
 u_engine.g_banks\[2\].u_ram.u_macro/dout0[11]
 u_engine.g_banks\[2\].u_ram.u_macro/dout0[12]
 u_engine.g_banks\[2\].u_ram.u_macro/dout0[13]
 u_engine.g_banks\[2\].u_ram.u_macro/dout0[14]
 u_engine.g_banks\[2\].u_ram.u_macro/dout0[15]
 u_engine.g_banks\[2\].u_ram.u_macro/dout0[16]
 u_engine.g_banks\[2\].u_ram.u_macro/dout0[17]
 u_engine.g_banks\[2\].u_ram.u_macro/dout0[18]
 u_engine.g_banks\[2\].u_ram.u_macro/dout0[19]
 u_engine.g_banks\[2\].u_ram.u_macro/dout0[1]
 u_engine.g_banks\[2\].u_ram.u_macro/dout0[20]
 u_engine.g_banks\[2\].u_ram.u_macro/dout0[21]
 u_engine.g_banks\[2\].u_ram.u_macro/dout0[22]
 u_engine.g_banks\[2\].u_ram.u_macro/dout0[23]
 u_engine.g_banks\[2\].u_ram.u_macro/dout0[24]
 u_engine.g_banks\[2\].u_ram.u_macro/dout0[25]
 u_engine.g_banks\[2\].u_ram.u_macro/dout0[26]
 u_engine.g_banks\[2\].u_ram.u_macro/dout0[27]
 u_engine.g_banks\[2\].u_ram.u_macro/dout0[28]
 u_engine.g_banks\[2\].u_ram.u_macro/dout0[29]
 u_engine.g_banks\[2\].u_ram.u_macro/dout0[2]
 u_engine.g_banks\[2\].u_ram.u_macro/dout0[30]
 u_engine.g_banks\[2\].u_ram.u_macro/dout0[31]
 u_engine.g_banks\[2\].u_ram.u_macro/dout0[3]
 u_engine.g_banks\[2\].u_ram.u_macro/dout0[4]
 u_engine.g_banks\[2\].u_ram.u_macro/dout0[5]
 u_engine.g_banks\[2\].u_ram.u_macro/dout0[6]
 u_engine.g_banks\[2\].u_ram.u_macro/dout0[7]
 u_engine.g_banks\[2\].u_ram.u_macro/dout0[8]
 u_engine.g_banks\[2\].u_ram.u_macro/dout0[9]
 u_engine.g_banks\[2\].u_ram.u_macro_3318/HI
 u_engine.g_banks\[2\].u_ram.u_macro_3332/LO
 u_engine.g_banks\[2\].u_ram.u_macro_3333/LO
 u_engine.g_banks\[2\].u_ram.u_macro_3334/LO
 u_engine.g_banks\[2\].u_ram.u_macro_3335/LO
 u_engine.g_banks\[3\].u_ram.u_macro/dout0[0]
 u_engine.g_banks\[3\].u_ram.u_macro/dout0[10]
 u_engine.g_banks\[3\].u_ram.u_macro/dout0[11]
 u_engine.g_banks\[3\].u_ram.u_macro/dout0[12]
 u_engine.g_banks\[3\].u_ram.u_macro/dout0[13]
 u_engine.g_banks\[3\].u_ram.u_macro/dout0[14]
 u_engine.g_banks\[3\].u_ram.u_macro/dout0[15]
 u_engine.g_banks\[3\].u_ram.u_macro/dout0[16]
 u_engine.g_banks\[3\].u_ram.u_macro/dout0[17]
 u_engine.g_banks\[3\].u_ram.u_macro/dout0[18]
 u_engine.g_banks\[3\].u_ram.u_macro/dout0[19]
 u_engine.g_banks\[3\].u_ram.u_macro/dout0[1]
 u_engine.g_banks\[3\].u_ram.u_macro/dout0[20]
 u_engine.g_banks\[3\].u_ram.u_macro/dout0[21]
 u_engine.g_banks\[3\].u_ram.u_macro/dout0[22]
 u_engine.g_banks\[3\].u_ram.u_macro/dout0[23]
 u_engine.g_banks\[3\].u_ram.u_macro/dout0[24]
 u_engine.g_banks\[3\].u_ram.u_macro/dout0[25]
 u_engine.g_banks\[3\].u_ram.u_macro/dout0[26]
 u_engine.g_banks\[3\].u_ram.u_macro/dout0[27]
 u_engine.g_banks\[3\].u_ram.u_macro/dout0[28]
 u_engine.g_banks\[3\].u_ram.u_macro/dout0[29]
 u_engine.g_banks\[3\].u_ram.u_macro/dout0[2]
 u_engine.g_banks\[3\].u_ram.u_macro/dout0[30]
 u_engine.g_banks\[3\].u_ram.u_macro/dout0[31]
 u_engine.g_banks\[3\].u_ram.u_macro/dout0[3]
 u_engine.g_banks\[3\].u_ram.u_macro/dout0[4]
 u_engine.g_banks\[3\].u_ram.u_macro/dout0[5]
 u_engine.g_banks\[3\].u_ram.u_macro/dout0[6]
 u_engine.g_banks\[3\].u_ram.u_macro/dout0[7]
 u_engine.g_banks\[3\].u_ram.u_macro/dout0[8]
 u_engine.g_banks\[3\].u_ram.u_macro/dout0[9]
 u_engine.g_banks\[3\].u_ram.u_macro_3319/HI
 u_engine.g_banks\[3\].u_ram.u_macro_3336/LO
 u_engine.g_banks\[3\].u_ram.u_macro_3337/LO
 u_engine.g_banks\[3\].u_ram.u_macro_3338/LO
 u_engine.g_banks\[3\].u_ram.u_macro_3339/LO
 u_engine.u_zstore.g_zrams\[0\].u_ram.u_macro_3320/HI
 u_engine.u_zstore.g_zrams\[0\].u_ram.u_macro_3340/LO
 u_engine.u_zstore.g_zrams\[0\].u_ram.u_macro_3341/LO
 u_engine.u_zstore.g_zrams\[0\].u_ram.u_macro_3342/LO
 u_engine.u_zstore.g_zrams\[0\].u_ram.u_macro_3343/LO
 u_engine.u_zstore.g_zrams\[1\].u_ram.u_macro_3321/HI
 u_engine.u_zstore.g_zrams\[1\].u_ram.u_macro_3344/LO
 u_engine.u_zstore.g_zrams\[1\].u_ram.u_macro_3345/LO
 u_engine.u_zstore.g_zrams\[1\].u_ram.u_macro_3346/LO
 u_engine.u_zstore.g_zrams\[1\].u_ram.u_macro_3347/LO
Found 0 partially unannotated drivers.

===========================================================================
max slew violation count 278
max fanout violation count 0
max cap violation count 92
============================================================================

===========================================================================
check_setup -verbose -unconstrained_endpoints -multiple_clock -no_clock -no_input_delay -loops -generated_clocks
===========================================================================
Warning: There is 1 input port missing set_input_delay.
  wb_rst_i
Warning: There are 32 unconstrained endpoints.
  irq[1]
  irq[2]
  u_engine.g_banks[0].u_ram.u_macro/csb1
  u_engine.g_banks[0].u_ram.u_macro/wmask0[0]
  u_engine.g_banks[0].u_ram.u_macro/wmask0[1]
  u_engine.g_banks[0].u_ram.u_macro/wmask0[2]
  u_engine.g_banks[0].u_ram.u_macro/wmask0[3]
  u_engine.g_banks[1].u_ram.u_macro/csb1
  u_engine.g_banks[1].u_ram.u_macro/wmask0[0]
  u_engine.g_banks[1].u_ram.u_macro/wmask0[1]
  u_engine.g_banks[1].u_ram.u_macro/wmask0[2]
  u_engine.g_banks[1].u_ram.u_macro/wmask0[3]
  u_engine.g_banks[2].u_ram.u_macro/csb1
  u_engine.g_banks[2].u_ram.u_macro/wmask0[0]
  u_engine.g_banks[2].u_ram.u_macro/wmask0[1]
  u_engine.g_banks[2].u_ram.u_macro/wmask0[2]
  u_engine.g_banks[2].u_ram.u_macro/wmask0[3]
  u_engine.g_banks[3].u_ram.u_macro/csb1
  u_engine.g_banks[3].u_ram.u_macro/wmask0[0]
  u_engine.g_banks[3].u_ram.u_macro/wmask0[1]
  u_engine.g_banks[3].u_ram.u_macro/wmask0[2]
  u_engine.g_banks[3].u_ram.u_macro/wmask0[3]
  u_engine.u_zstore.g_zrams[0].u_ram.u_macro/csb1
  u_engine.u_zstore.g_zrams[0].u_ram.u_macro/wmask0[0]
  u_engine.u_zstore.g_zrams[0].u_ram.u_macro/wmask0[1]
  u_engine.u_zstore.g_zrams[0].u_ram.u_macro/wmask0[2]
  u_engine.u_zstore.g_zrams[0].u_ram.u_macro/wmask0[3]
  u_engine.u_zstore.g_zrams[1].u_ram.u_macro/csb1
  u_engine.u_zstore.g_zrams[1].u_ram.u_macro/wmask0[0]
  u_engine.u_zstore.g_zrams[1].u_ram.u_macro/wmask0[1]
  u_engine.u_zstore.g_zrams[1].u_ram.u_macro/wmask0[2]
  u_engine.u_zstore.g_zrams[1].u_ram.u_macro/wmask0[3]
