Clock: wb_clk
Sources: wb_clk_i 
Generated: no
Virtual: yes
Propagated: no
Period: 25.000000

===========================================================================
report_clock_properties
============================================================================
Clock                   Period          Waveform
----------------------------------------------------
wb_clk               25.000000    0.000000 12.500000

===========================================================================
report_clock_latency
============================================================================
Clock wb_clk
rise -> rise
    min     max
0.000000 0.000000 source latency
2.314189         network latency _71765_/CLK
        3.247988 network latency _75257_/CLK
---------------
2.314189 3.247988 latency
        0.933798 skew

fall -> fall
    min     max
0.000000 0.000000 source latency
2.180676         network latency _71765_/CLK
        2.923006 network latency _75257_/CLK
---------------
2.180676 2.923006 latency
        0.742330 skew



===========================================================================
report_clock_min_period
============================================================================
wb_clk period_min = 19.69 fmax = 50.79
