
===========================================================================
 report_power
============================================================================
======================= min_ss_100C_1v60 Corner ===================================

Group                    Internal    Switching      Leakage        Total
                            Power        Power        Power        Power (Watts)
------------------------------------------------------------------------
Sequential           5.315576e-03 1.863713e-06 6.001810e-05 5.377457e-03  26.3%
Combinational        1.233093e-05 1.396209e-05 1.824308e-04 2.087238e-04   1.0%
Clock                2.719335e-03 2.817823e-03 1.167038e-05 5.548828e-03  27.1%
Macro                9.205889e-03 0.000000e+00 1.141920e-04 9.320081e-03  45.6%
Pad                  0.000000e+00 0.000000e+00 0.000000e+00 0.000000e+00   0.0%
------------------------------------------------------------------------
Total                1.725314e-02 2.833649e-03 3.683266e-04 2.045511e-02 100.0%
                            84.3%        13.9%         1.8%

