
===========================================================================
Violator List
============================================================================
[hold in-reg] wbs_adr_i[11] -> _71845_/D : -0.268813
[hold in-reg] wbs_adr_i[2] -> _71846_/D : -0.267153
[hold in-reg] wbs_adr_i[3] -> _71847_/D : -0.230741
[hold in-reg] wbs_adr_i[2] -> _71837_/D : -0.135276
[setup reg-reg] u_engine.g_banks[0].u_ram.u_macro/dout1[4] -> _74332_/D : -2.918370
[setup reg-reg] u_engine.g_banks[3].u_ram.u_macro/dout1[3] -> u_engine.g_banks[2].u_ram.u_macro/din0[26] : -2.782443
[setup reg-reg] u_engine.g_banks[3].u_ram.u_macro/dout1[3] -> u_engine.g_banks[2].u_ram.u_macro/din0[30] : -2.678171
[setup reg-reg] u_engine.g_banks[3].u_ram.u_macro/dout1[3] -> u_engine.g_banks[1].u_ram.u_macro/din0[26] : -2.535142
[setup reg-reg] u_engine.g_banks[3].u_ram.u_macro/dout1[3] -> u_engine.g_banks[2].u_ram.u_macro/din0[28] : -2.448973
[setup reg-reg] u_engine.g_banks[3].u_ram.u_macro/dout1[3] -> u_engine.g_banks[1].u_ram.u_macro/din0[29] : -2.414307
[setup reg-reg] u_engine.g_banks[3].u_ram.u_macro/dout1[3] -> u_engine.g_banks[3].u_ram.u_macro/din0[26] : -2.403507
[setup reg-reg] u_engine.g_banks[3].u_ram.u_macro/dout1[3] -> u_engine.g_banks[2].u_ram.u_macro/din0[29] : -2.351705
[setup reg-reg] u_engine.g_banks[3].u_ram.u_macro/dout1[3] -> u_engine.g_banks[2].u_ram.u_macro/din0[25] : -2.322572
[setup reg-reg] u_engine.g_banks[3].u_ram.u_macro/dout1[3] -> u_engine.g_banks[3].u_ram.u_macro/din0[24] : -2.316401
[setup reg-reg] u_engine.g_banks[3].u_ram.u_macro/dout1[3] -> u_engine.g_banks[1].u_ram.u_macro/din0[24] : -2.292353
[setup reg-reg] u_engine.g_banks[0].u_ram.u_macro/dout1[4] -> _75237_/D : -2.286265
[setup reg-reg] u_engine.g_banks[3].u_ram.u_macro/dout1[3] -> u_engine.g_banks[2].u_ram.u_macro/din0[24] : -2.274639
[setup reg-reg] u_engine.g_banks[3].u_ram.u_macro/dout1[3] -> u_engine.g_banks[1].u_ram.u_macro/din0[25] : -2.250701
[setup reg-reg] u_engine.g_banks[3].u_ram.u_macro/dout1[3] -> u_engine.g_banks[1].u_ram.u_macro/din0[22] : -2.242947
[setup reg-reg] u_engine.g_banks[3].u_ram.u_macro/dout1[3] -> u_engine.g_banks[1].u_ram.u_macro/din0[30] : -2.230076
[setup reg-reg] u_engine.g_banks[0].u_ram.u_macro/dout1[4] -> _74331_/D : -2.229966
[setup reg-reg] u_engine.g_banks[3].u_ram.u_macro/dout1[3] -> u_engine.g_banks[3].u_ram.u_macro/din0[28] : -2.159004
[setup reg-reg] u_engine.g_banks[3].u_ram.u_macro/dout1[3] -> u_engine.g_banks[0].u_ram.u_macro/din0[25] : -2.091275
[setup reg-reg] u_engine.g_banks[3].u_ram.u_macro/dout1[3] -> u_engine.g_banks[3].u_ram.u_macro/din0[27] : -2.076647
[setup reg-reg] u_engine.g_banks[3].u_ram.u_macro/dout1[3] -> u_engine.g_banks[3].u_ram.u_macro/din0[30] : -2.004033
[setup reg-reg] u_engine.g_banks[3].u_ram.u_macro/dout1[3] -> u_engine.g_banks[2].u_ram.u_macro/din0[22] : -2.003546
[setup reg-reg] u_engine.g_banks[3].u_ram.u_macro/dout1[3] -> u_engine.g_banks[3].u_ram.u_macro/din0[25] : -2.002976
[setup reg-reg] u_engine.g_banks[3].u_ram.u_macro/dout1[3] -> u_engine.g_banks[3].u_ram.u_macro/din0[22] : -1.975028
[setup reg-reg] u_engine.g_banks[3].u_ram.u_macro/dout1[3] -> u_engine.g_banks[0].u_ram.u_macro/din0[28] : -1.970042
[setup reg-reg] u_engine.g_banks[3].u_ram.u_macro/dout1[3] -> u_engine.g_banks[3].u_ram.u_macro/din0[23] : -1.964391
[setup reg-reg] u_engine.g_banks[3].u_ram.u_macro/dout1[3] -> u_engine.g_banks[2].u_ram.u_macro/din0[27] : -1.949918
[setup reg-reg] u_engine.g_banks[3].u_ram.u_macro/dout1[3] -> u_engine.g_banks[3].u_ram.u_macro/din0[29] : -1.936599
[setup reg-reg] u_engine.g_banks[3].u_ram.u_macro/dout1[3] -> u_engine.g_banks[1].u_ram.u_macro/din0[28] : -1.908123
[setup reg-reg] u_engine.g_banks[3].u_ram.u_macro/dout1[3] -> u_engine.g_banks[0].u_ram.u_macro/din0[22] : -1.891744
[setup reg-reg] u_engine.g_banks[3].u_ram.u_macro/dout1[3] -> u_engine.g_banks[1].u_ram.u_macro/din0[27] : -1.870655
[setup reg-reg] u_engine.g_banks[3].u_ram.u_macro/dout1[3] -> u_engine.g_banks[1].u_ram.u_macro/din0[31] : -1.814625
[setup reg-reg] u_engine.g_banks[0].u_ram.u_macro/dout1[4] -> _75236_/D : -1.784263
[setup reg-reg] u_engine.g_banks[3].u_ram.u_macro/dout1[3] -> u_engine.g_banks[2].u_ram.u_macro/din0[23] : -1.761348
[setup reg-reg] u_engine.g_banks[3].u_ram.u_macro/dout1[3] -> u_engine.g_banks[0].u_ram.u_macro/din0[29] : -1.712042
[setup reg-reg] u_engine.g_banks[3].u_ram.u_macro/dout1[3] -> u_engine.g_banks[1].u_ram.u_macro/din0[23] : -1.668310
[setup reg-reg] u_engine.g_banks[3].u_ram.u_macro/dout1[3] -> u_engine.g_banks[0].u_ram.u_macro/din0[24] : -1.666896
[setup reg-reg] u_engine.g_banks[3].u_ram.u_macro/dout1[3] -> u_engine.g_banks[3].u_ram.u_macro/din0[31] : -1.666264
[setup reg-reg] u_engine.g_banks[3].u_ram.u_macro/dout1[3] -> u_engine.g_banks[2].u_ram.u_macro/din0[31] : -1.655291
[setup reg-reg] u_engine.g_banks[3].u_ram.u_macro/dout1[3] -> u_engine.g_banks[1].u_ram.u_macro/din0[21] : -1.628880
[setup reg-reg] u_engine.g_banks[3].u_ram.u_macro/dout1[3] -> u_engine.g_banks[0].u_ram.u_macro/din0[27] : -1.603405
[setup reg-reg] u_engine.g_banks[3].u_ram.u_macro/dout1[3] -> u_engine.g_banks[3].u_ram.u_macro/din0[21] : -1.588488
[setup reg-reg] u_engine.g_banks[3].u_ram.u_macro/dout1[3] -> u_engine.g_banks[2].u_ram.u_macro/din0[21] : -1.564183
[setup reg-reg] u_engine.g_banks[3].u_ram.u_macro/dout1[3] -> u_engine.g_banks[0].u_ram.u_macro/din0[31] : -1.526422
[setup reg-reg] u_engine.g_banks[3].u_ram.u_macro/dout1[3] -> u_engine.g_banks[0].u_ram.u_macro/din0[30] : -1.489862
[setup reg-reg] u_engine.g_banks[0].u_ram.u_macro/dout1[4] -> _75235_/D : -1.479059
[setup reg-reg] u_engine.g_banks[0].u_ram.u_macro/dout1[4] -> _74330_/D : -1.474875
[setup reg-reg] u_engine.g_banks[3].u_ram.u_macro/dout1[3] -> u_engine.g_banks[0].u_ram.u_macro/din0[23] : -1.460416
[setup reg-reg] u_engine.g_banks[3].u_ram.u_macro/dout1[3] -> u_engine.g_banks[0].u_ram.u_macro/din0[26] : -1.442723
[setup reg-reg] u_engine.g_banks[3].u_ram.u_macro/dout1[3] -> u_engine.g_banks[1].u_ram.u_macro/din0[19] : -1.429532
[setup reg-reg] u_engine.g_banks[3].u_ram.u_macro/dout1[3] -> u_engine.g_banks[1].u_ram.u_macro/din0[20] : -1.377712
[setup reg-reg] u_engine.g_banks[3].u_ram.u_macro/dout1[3] -> u_engine.g_banks[3].u_ram.u_macro/din0[20] : -1.330609
[setup reg-reg] u_engine.g_banks[3].u_ram.u_macro/dout1[3] -> u_engine.g_banks[0].u_ram.u_macro/din0[19] : -1.276277
[setup reg-reg] u_engine.g_banks[3].u_ram.u_macro/dout1[3] -> u_engine.g_banks[2].u_ram.u_macro/din0[19] : -1.262510
[setup reg-reg] u_engine.g_banks[3].u_ram.u_macro/dout1[3] -> u_engine.g_banks[0].u_ram.u_macro/din0[21] : -1.249575
[setup reg-reg] u_engine.g_banks[3].u_ram.u_macro/dout1[3] -> u_engine.g_banks[3].u_ram.u_macro/din0[19] : -1.242959
[setup reg-reg] u_engine.g_banks[3].u_ram.u_macro/dout1[3] -> u_engine.g_banks[2].u_ram.u_macro/din0[20] : -1.235877
[setup reg-reg] u_engine.g_banks[3].u_ram.u_macro/dout1[3] -> u_engine.g_banks[2].u_ram.u_macro/din0[18] : -1.211516
[setup reg-reg] u_engine.g_banks[3].u_ram.u_macro/dout1[3] -> u_engine.g_banks[3].u_ram.u_macro/din0[18] : -1.186914
[setup reg-reg] u_engine.g_banks[3].u_ram.u_macro/dout1[3] -> u_engine.g_banks[2].u_ram.u_macro/din0[14] : -1.116593
[setup reg-reg] u_engine.g_banks[3].u_ram.u_macro/dout1[3] -> u_engine.g_banks[0].u_ram.u_macro/din0[18] : -1.070742
[setup reg-reg] u_engine.g_banks[3].u_ram.u_macro/dout1[3] -> u_engine.g_banks[0].u_ram.u_macro/din0[20] : -1.056469
[setup reg-reg] u_engine.g_banks[0].u_ram.u_macro/dout1[4] -> _74329_/D : -1.000210
[setup reg-reg] u_engine.g_banks[0].u_ram.u_macro/dout1[4] -> _74328_/D : -0.937725
[setup reg-reg] u_engine.g_banks[3].u_ram.u_macro/dout1[3] -> u_engine.g_banks[2].u_ram.u_macro/din0[17] : -0.935504
[setup reg-reg] u_engine.g_banks[3].u_ram.u_macro/dout1[3] -> u_engine.g_banks[2].u_ram.u_macro/din0[16] : -0.929902
[setup reg-reg] u_engine.g_banks[3].u_ram.u_macro/dout1[3] -> u_engine.g_banks[3].u_ram.u_macro/din0[15] : -0.923638
[setup reg-reg] u_engine.g_banks[3].u_ram.u_macro/dout1[3] -> u_engine.g_banks[1].u_ram.u_macro/din0[15] : -0.884548
[setup reg-reg] u_engine.g_banks[0].u_ram.u_macro/dout1[4] -> _75232_/D : -0.880433
[setup reg-reg] u_engine.g_banks[3].u_ram.u_macro/dout1[3] -> u_engine.g_banks[1].u_ram.u_macro/din0[17] : -0.879730
[setup reg-reg] u_engine.g_banks[0].u_ram.u_macro/dout1[4] -> _75233_/D : -0.857145
[setup reg-reg] u_engine.g_banks[3].u_ram.u_macro/dout1[3] -> u_engine.g_banks[0].u_ram.u_macro/din0[16] : -0.854085
[setup reg-reg] u_engine.g_banks[3].u_ram.u_macro/dout1[3] -> u_engine.g_banks[0].u_ram.u_macro/din0[15] : -0.843356
[setup reg-reg] u_engine.g_banks[3].u_ram.u_macro/dout1[3] -> u_engine.g_banks[1].u_ram.u_macro/din0[16] : -0.820583
[setup reg-reg] u_engine.g_banks[0].u_ram.u_macro/dout1[4] -> _75234_/D : -0.801895
[setup reg-reg] u_engine.g_banks[3].u_ram.u_macro/dout1[3] -> u_engine.g_banks[3].u_ram.u_macro/din0[17] : -0.744482
[setup reg-reg] u_engine.g_banks[0].u_ram.u_macro/dout1[4] -> _74327_/D : -0.736378
[setup reg-reg] u_engine.g_banks[3].u_ram.u_macro/dout1[3] -> u_engine.g_banks[2].u_ram.u_macro/din0[15] : -0.736058
[setup reg-reg] u_engine.g_banks[3].u_ram.u_macro/dout1[3] -> u_engine.g_banks[0].u_ram.u_macro/din0[17] : -0.707557
[setup reg-reg] u_engine.g_banks[3].u_ram.u_macro/dout1[3] -> u_engine.g_banks[1].u_ram.u_macro/din0[18] : -0.674163
[setup reg-reg] u_engine.g_banks[0].u_ram.u_macro/dout1[24] -> u_engine.g_banks[1].u_ram.u_macro/din0[14] : -0.663459
[setup reg-reg] u_engine.g_banks[0].u_ram.u_macro/dout1[4] -> _74326_/D : -0.659556
[setup reg-reg] u_engine.g_banks[0].u_ram.u_macro/dout1[4] -> _74323_/D : -0.651960
[setup reg-reg] u_engine.g_banks[0].u_ram.u_macro/dout1[4] -> _74324_/D : -0.646660
[setup reg-reg] u_engine.g_banks[0].u_ram.u_macro/dout1[4] -> _75231_/D : -0.646406
[setup reg-reg] u_engine.g_banks[3].u_ram.u_macro/dout1[3] -> u_engine.g_banks[3].u_ram.u_macro/din0[14] : -0.619492
[setup reg-reg] u_engine.g_banks[0].u_ram.u_macro/dout1[24] -> u_engine.g_banks[2].u_ram.u_macro/din0[12] : -0.490317
[setup reg-reg] u_engine.g_banks[3].u_ram.u_macro/dout1[3] -> u_engine.g_banks[3].u_ram.u_macro/din0[16] : -0.473161
[setup reg-reg] u_engine.g_banks[3].u_ram.u_macro/dout1[3] -> u_engine.g_banks[3].u_ram.u_macro/din0[11] : -0.449431
[setup reg-reg] u_engine.g_banks[3].u_ram.u_macro/dout1[3] -> u_engine.g_banks[2].u_ram.u_macro/din0[11] : -0.445315
[setup reg-reg] u_engine.g_banks[0].u_ram.u_macro/dout1[4] -> _75228_/D : -0.442384
[setup reg-reg] u_engine.g_banks[3].u_ram.u_macro/dout1[3] -> u_engine.g_banks[2].u_ram.u_macro/din0[13] : -0.404636
[setup reg-reg] u_engine.g_banks[3].u_ram.u_macro/dout1[3] -> u_engine.g_banks[1].u_ram.u_macro/din0[12] : -0.389957
[setup reg-reg] u_engine.g_banks[0].u_ram.u_macro/dout1[4] -> _74325_/D : -0.364555
[setup reg-reg] u_engine.g_banks[0].u_ram.u_macro/dout1[4] -> _75229_/D : -0.322682
[setup reg-reg] u_engine.g_banks[3].u_ram.u_macro/dout1[3] -> u_engine.g_banks[1].u_ram.u_macro/din0[13] : -0.313394
[setup reg-reg] u_engine.g_banks[0].u_ram.u_macro/dout1[4] -> _75230_/D : -0.250816
[setup reg-reg] u_engine.g_banks[3].u_ram.u_macro/dout1[3] -> u_engine.g_banks[1].u_ram.u_macro/din0[11] : -0.246152
[setup reg-reg] u_engine.g_banks[0].u_ram.u_macro/dout1[24] -> u_engine.g_banks[0].u_ram.u_macro/din0[14] : -0.239243
[setup reg-reg] u_engine.g_banks[0].u_ram.u_macro/dout1[24] -> u_engine.g_banks[0].u_ram.u_macro/din0[12] : -0.169061
[setup reg-reg] u_engine.g_banks[0].u_ram.u_macro/dout1[4] -> _74322_/D : -0.099854
[setup reg-reg] u_engine.g_banks[3].u_ram.u_macro/dout1[3] -> u_engine.g_banks[3].u_ram.u_macro/din0[13] : -0.072808
[setup reg-reg] u_engine.g_banks[3].u_ram.u_macro/dout1[3] -> u_engine.g_banks[0].u_ram.u_macro/din0[13] : -0.048448
[setup reg-reg] u_engine.g_banks[0].u_ram.u_macro/dout1[4] -> _75227_/D : -0.029253
