==============================================================
Vitis HLS - High-Level Synthesis from C, C++ and OpenCL v2023.2 (64-bit)
Tool Version Limit: 2023.10
Copyright 1986-2022 Xilinx, Inc. All Rights Reserved.
Copyright 2022-2023 Advanced Micro Devices, Inc. All Rights Reserved.

==============================================================
INFO: [SYN 201-201] Setting up clock 'default' with a period of 10ns.
INFO: [HLS 200-1611] Setting target device to 'xck26-sfvc784-2LV-c'
INFO: [HLS 200-1505] Using flow_target 'vivado'
INFO: [HLS 200-1510] Running: set_part xck26-sfvc784-2LV-c 
INFO: [HLS 200-1510] Running: create_clock -period 10 -name default 
INFO: [SYN 201-201] Setting up clock 'default' with a period of 10ns.
INFO: [HLS 200-1510] Running: csim_design -quiet 
INFO: [SIM 211-2] *************** CSIM start ***************
INFO: [SIM 211-4] CSIM will launch GCC as the compiler.
INFO: [HLS 200-2036] Building debug C Simulation binaries
ERROR: [SIM 211-100] 'csim_design' failed: nonzero return value.
INFO: [SIM 211-3] *************** CSIM finish ***************
INFO: [HLS 200-111] Finished Command csim_design CPU user time: 0.52 seconds. CPU system time: 0.36 seconds. Elapsed time: 1.16 seconds; current allocated memory: 0.000 MB.
==============================================================
Vitis HLS - High-Level Synthesis from C, C++ and OpenCL v2023.2 (64-bit)
Tool Version Limit: 2023.10
Copyright 1986-2022 Xilinx, Inc. All Rights Reserved.
Copyright 2022-2023 Advanced Micro Devices, Inc. All Rights Reserved.

==============================================================
INFO: [SYN 201-201] Setting up clock 'default' with a period of 10ns.
INFO: [HLS 200-1611] Setting target device to 'xck26-sfvc784-2LV-c'
INFO: [HLS 200-1505] Using flow_target 'vivado'
INFO: [HLS 200-1510] Running: set_part xck26-sfvc784-2LV-c 
INFO: [HLS 200-1510] Running: create_clock -period 10 -name default 
INFO: [HLS 200-1510] Running: csim_design -quiet 
INFO: [SIM 211-2] *************** CSIM start ***************
INFO: [SIM 211-4] CSIM will launch GCC as the compiler.
INFO: [HLS 200-2036] Building debug C Simulation binaries
INFO: [SIM 211-1] CSim done with 0 errors.
INFO: [SIM 211-3] *************** CSIM finish ***************
INFO: [HLS 200-111] Finished Command csim_design CPU user time: 0.49 seconds. CPU system time: 0.32 seconds. Elapsed time: 1.14 seconds; current allocated memory: 0.000 MB.
==============================================================
Vitis HLS - High-Level Synthesis from C, C++ and OpenCL v2023.2 (64-bit)
Tool Version Limit: 2023.10
Copyright 1986-2022 Xilinx, Inc. All Rights Reserved.
Copyright 2022-2023 Advanced Micro Devices, Inc. All Rights Reserved.

==============================================================
INFO: [SYN 201-201] Setting up clock 'default' with a period of 10ns.
INFO: [HLS 200-1611] Setting target device to 'xck26-sfvc784-2LV-c'
INFO: [HLS 200-1505] Using flow_target 'vivado'
INFO: [HLS 200-1510] Running: set_part xck26-sfvc784-2LV-c 
INFO: [HLS 200-1510] Running: create_clock -period 10 -name default 
INFO: [SYN 201-201] Setting up clock 'default' with a period of 10ns.
INFO: [HLS 200-1510] Running: csynth_design 
INFO: [HLS 200-111] Finished File checks and directory preparation: CPU user time: 0.06 seconds. CPU system time: 0.01 seconds. Elapsed time: 0.08 seconds; current allocated memory: 304.918 MB.
INFO: [HLS 200-10] Analyzing design file 'hls-design/ntt-kernel.cpp' ... 
INFO: [HLS 200-111] Finished Source Code Analysis and Preprocessing: CPU user time: 0.33 seconds. CPU system time: 0.35 seconds. Elapsed time: 0.78 seconds; current allocated memory: 306.953 MB.
INFO: [HLS 200-777] Using interface defaults for 'Vivado' flow target.
INFO: [HLS 200-1995] There were 150 instructions in the design after the 'Compile/Link' phase of compilation. See the Design Size Report for more details: /home/sg9109/Documents/hls-design/ntt-asic/syn/report/csynth_design_size.rpt
INFO: [HLS 200-1995] There were 144 instructions in the design after the 'Unroll/Inline (step 1)' phase of compilation. See the Design Size Report for more details: /home/sg9109/Documents/hls-design/ntt-asic/syn/report/csynth_design_size.rpt
INFO: [HLS 200-1995] There were 110 instructions in the design after the 'Unroll/Inline (step 2)' phase of compilation. See the Design Size Report for more details: /home/sg9109/Documents/hls-design/ntt-asic/syn/report/csynth_design_size.rpt
INFO: [HLS 200-1995] There were 121 instructions in the design after the 'Unroll/Inline (step 3)' phase of compilation. See the Design Size Report for more details: /home/sg9109/Documents/hls-design/ntt-asic/syn/report/csynth_design_size.rpt
INFO: [HLS 200-1995] There were 120 instructions in the design after the 'Unroll/Inline (step 4)' phase of compilation. See the Design Size Report for more details: /home/sg9109/Documents/hls-design/ntt-asic/syn/report/csynth_design_size.rpt
INFO: [HLS 200-1995] There were 120 instructions in the design after the 'Array/Struct (step 1)' phase of compilation. See the Design Size Report for more details: /home/sg9109/Documents/hls-design/ntt-asic/syn/report/csynth_design_size.rpt
INFO: [HLS 200-1995] There were 120 instructions in the design after the 'Array/Struct (step 2)' phase of compilation. See the Design Size Report for more details: /home/sg9109/Documents/hls-design/ntt-asic/syn/report/csynth_design_size.rpt
INFO: [HLS 200-1995] There were 120 instructions in the design after the 'Array/Struct (step 3)' phase of compilation. See the Design Size Report for more details: /home/sg9109/Documents/hls-design/ntt-asic/syn/report/csynth_design_size.rpt
INFO: [HLS 200-1995] There were 120 instructions in the design after the 'Array/Struct (step 4)' phase of compilation. See the Design Size Report for more details: /home/sg9109/Documents/hls-design/ntt-asic/syn/report/csynth_design_size.rpt
INFO: [HLS 200-1995] There were 129 instructions in the design after the 'Array/Struct (step 5)' phase of compilation. See the Design Size Report for more details: /home/sg9109/Documents/hls-design/ntt-asic/syn/report/csynth_design_size.rpt
INFO: [HLS 200-1995] There were 128 instructions in the design after the 'Performance (step 1)' phase of compilation. See the Design Size Report for more details: /home/sg9109/Documents/hls-design/ntt-asic/syn/report/csynth_design_size.rpt
INFO: [HLS 200-1995] There were 127 instructions in the design after the 'Performance (step 2)' phase of compilation. See the Design Size Report for more details: /home/sg9109/Documents/hls-design/ntt-asic/syn/report/csynth_design_size.rpt
INFO: [HLS 200-1995] There were 127 instructions in the design after the 'Performance (step 3)' phase of compilation. See the Design Size Report for more details: /home/sg9109/Documents/hls-design/ntt-asic/syn/report/csynth_design_size.rpt
INFO: [HLS 200-1995] There were 127 instructions in the design after the 'Performance (step 4)' phase of compilation. See the Design Size Report for more details: /home/sg9109/Documents/hls-design/ntt-asic/syn/report/csynth_design_size.rpt
INFO: [HLS 200-1995] There were 149 instructions in the design after the 'HW Transforms (step 1)' phase of compilation. See the Design Size Report for more details: /home/sg9109/Documents/hls-design/ntt-asic/syn/report/csynth_design_size.rpt
INFO: [HLS 200-1995] There were 158 instructions in the design after the 'HW Transforms (step 2)' phase of compilation. See the Design Size Report for more details: /home/sg9109/Documents/hls-design/ntt-asic/syn/report/csynth_design_size.rpt
INFO: [HLS 214-131] Inlining function 'mod_mul(unsigned int, unsigned int, unsigned int, unsigned int)' into 'ntt_kernel' (hls-design/ntt-kernel.cpp:94:32)
INFO: [HLS 214-131] Inlining function 'mod_sub(unsigned int, unsigned int, unsigned int)' into 'ntt_kernel' (hls-design/ntt-kernel.cpp:96:47)
INFO: [HLS 214-131] Inlining function 'mod_add(unsigned int, unsigned int, unsigned int)' into 'ntt_kernel' (hls-design/ntt-kernel.cpp:95:38)
INFO: [HLS 214-115] Multiple burst reads of variable length and bit width 32 in loop 'PERMUTE_LOOP'(hls-design/ntt-kernel.cpp:70:16) has been inferred on bundle 'gmem1'. These burst requests might be further partitioned into multiple requests during RTL generation, based on max_read_burst_length or max_write_burst_length settings. (hls-design/ntt-kernel.cpp:70:16)
INFO: [HLS 214-115] Multiple burst reads of variable length and bit width 32 in loop 'BUTTERFLY_LOOP'(hls-design/ntt-kernel.cpp:85:18) has been inferred on bundle 'gmem2'. These burst requests might be further partitioned into multiple requests during RTL generation, based on max_read_burst_length or max_write_burst_length settings. (hls-design/ntt-kernel.cpp:85:18)
INFO: [HLS 214-115] Multiple burst writes of variable length and bit width 32 in loop 'WRITE_BACK_LOOP'(hls-design/ntt-kernel.cpp:103:26) has been inferred on bundle 'gmem0'. These burst requests might be further partitioned into multiple requests during RTL generation, based on max_read_burst_length or max_write_burst_length settings. (hls-design/ntt-kernel.cpp:103:26)
INFO: [HLS 200-111] Finished Compiling Optimization and Transform: CPU user time: 2.39 seconds. CPU system time: 0.45 seconds. Elapsed time: 7.74 seconds; current allocated memory: 309.750 MB.
INFO: [HLS 200-111] Finished Checking Pragmas: CPU user time: 0 seconds. CPU system time: 0 seconds. Elapsed time: 0 seconds; current allocated memory: 309.750 MB.
INFO: [HLS 200-10] Starting code transformations ...
INFO: [HLS 200-111] Finished Standard Transforms: CPU user time: 0.02 seconds. CPU system time: 0.01 seconds. Elapsed time: 0.04 seconds; current allocated memory: 310.246 MB.
INFO: [HLS 200-10] Checking synthesizability ...
INFO: [HLS 200-111] Finished Checking Synthesizability: CPU user time: 0.02 seconds. CPU system time: 0 seconds. Elapsed time: 0.02 seconds; current allocated memory: 310.359 MB.
INFO: [HLS 200-111] Finished Loop, function and other optimizations: CPU user time: 0.05 seconds. CPU system time: 0.01 seconds. Elapsed time: 0.07 seconds; current allocated memory: 332.539 MB.
WARNING: [HLS 200-960] Cannot flatten loop 'BLOCK_LOOP' (hls-design/ntt-kernel.cpp:82:14) in function 'ntt_kernel' the outer loop is not a perfect loop.
WARNING: [HLS 200-960] Cannot flatten loop 'STAGE_LOOP' (hls-design/ntt-kernel.cpp:79:21) in function 'ntt_kernel' the outer loop is not a perfect loop because either the parent loop or the sub loop has no computeable trip count.
INFO: [HLS 200-111] Finished Architecture Synthesis: CPU user time: 0.06 seconds. CPU system time: 0.01 seconds. Elapsed time: 0.08 seconds; current allocated memory: 352.930 MB.
INFO: [HLS 200-10] Starting hardware synthesis ...
INFO: [HLS 200-10] Synthesizing 'ntt_kernel' ...
INFO: [HLS 200-10] ----------------------------------------------------------------
INFO: [HLS 200-42] -- Implementing module 'ntt_kernel_Pipeline_PERMUTE_LOOP' 
INFO: [HLS 200-10] ----------------------------------------------------------------
INFO: [SCHED 204-11] Starting scheduling ...
INFO: [SCHED 204-61] Pipelining loop 'PERMUTE_LOOP'.
INFO: [HLS 200-1470] Pipelining result : Target II = 1, Final II = 1, Depth = 13, loop 'PERMUTE_LOOP'
INFO: [SCHED 204-11] Finished scheduling.
INFO: [HLS 200-111] Finished Scheduling: CPU user time: 0.07 seconds. CPU system time: 0.03 seconds. Elapsed time: 0.13 seconds; current allocated memory: 353.406 MB.
INFO: [BIND 205-100] Starting micro-architecture generation ...
INFO: [BIND 205-101] Performing variable lifetime analysis.
INFO: [BIND 205-101] Exploring resource sharing.
INFO: [BIND 205-101] Binding ...
INFO: [BIND 205-100] Finished micro-architecture generation.
INFO: [HLS 200-111] Finished Binding: CPU user time: 0.03 seconds. CPU system time: 0 seconds. Elapsed time: 0.06 seconds; current allocated memory: 353.930 MB.
INFO: [HLS 200-10] ----------------------------------------------------------------
INFO: [HLS 200-42] -- Implementing module 'ntt_kernel_Pipeline_BUTTERFLY_LOOP' 
INFO: [HLS 200-10] ----------------------------------------------------------------
INFO: [SCHED 204-11] Starting scheduling ...
INFO: [SCHED 204-61] Pipelining loop 'BUTTERFLY_LOOP'.
WARNING: [HLS 200-880] The II Violation in module 'ntt_kernel_Pipeline_BUTTERFLY_LOOP' (loop 'BUTTERFLY_LOOP'): Unable to enforce a carried dependence constraint (II = 1, distance = 1, offset = 1) between 'store' operation 0 bit ('local_x_addr_1_write_ln96', hls-design/ntt-kernel.cpp:96) of variable 'sub_ln21', hls-design/ntt-kernel.cpp:21->hls-design/ntt-kernel.cpp:96 on array 'local_x' and 'load' operation 32 bit ('u', hls-design/ntt-kernel.cpp:91) on array 'local_x'.
WARNING: [HLS 200-880] The II Violation in module 'ntt_kernel_Pipeline_BUTTERFLY_LOOP' (loop 'BUTTERFLY_LOOP'): Unable to enforce a carried dependence constraint (II = 2, distance = 1, offset = 1) between 'store' operation 0 bit ('local_x_addr_1_write_ln96', hls-design/ntt-kernel.cpp:96) of variable 'sub_ln21', hls-design/ntt-kernel.cpp:21->hls-design/ntt-kernel.cpp:96 on array 'local_x' and 'load' operation 32 bit ('u', hls-design/ntt-kernel.cpp:91) on array 'local_x'.
INFO: [HLS 200-1470] Pipelining result : Target II = 1, Final II = 3, Depth = 5, loop 'BUTTERFLY_LOOP'
WARNING: [HLS 200-871] Estimated clock period (9.688 ns) exceeds the target (target clock period: 10.000 ns, clock uncertainty: 2.700 ns, effective delay budget: 7.300 ns).
WARNING: [HLS 200-1016] The critical path in module 'ntt_kernel_Pipeline_BUTTERFLY_LOOP' consists of the following:
	'mul' operation 64 bit ('mq', hls-design/ntt-kernel.cpp:29->hls-design/ntt-kernel.cpp:94) [52]  (3.420 ns)
	'add' operation 64 bit ('add_ln30', hls-design/ntt-kernel.cpp:30->hls-design/ntt-kernel.cpp:94) [53]  (1.085 ns)
	'icmp' operation 1 bit ('icmp_ln31', hls-design/ntt-kernel.cpp:31->hls-design/ntt-kernel.cpp:94) [55]  (1.016 ns)
	'xor' operation 1 bit ('xor_ln31', hls-design/ntt-kernel.cpp:31->hls-design/ntt-kernel.cpp:94) [56]  (0.000 ns)
	'select' operation 32 bit ('t', hls-design/ntt-kernel.cpp:31->hls-design/ntt-kernel.cpp:94) [58]  (0.449 ns)
	'add' operation 32 bit ('res', hls-design/ntt-kernel.cpp:15->hls-design/ntt-kernel.cpp:95) [59]  (1.016 ns)
	'icmp' operation 1 bit ('icmp_ln16', hls-design/ntt-kernel.cpp:16->hls-design/ntt-kernel.cpp:95) [60]  (1.016 ns)
	'xor' operation 1 bit ('xor_ln16', hls-design/ntt-kernel.cpp:16->hls-design/ntt-kernel.cpp:95) [61]  (0.000 ns)
	'select' operation 32 bit ('select_ln16', hls-design/ntt-kernel.cpp:16->hls-design/ntt-kernel.cpp:95) [63]  (0.449 ns)
	'store' operation 0 bit ('local_x_addr_write_ln95', hls-design/ntt-kernel.cpp:95) of variable 'select_ln16', hls-design/ntt-kernel.cpp:16->hls-design/ntt-kernel.cpp:95 on array 'local_x' [64]  (1.237 ns)

INFO: [SCHED 204-11] Finished scheduling.
INFO: [HLS 200-111] Finished Scheduling: CPU user time: 0.07 seconds. CPU system time: 0.01 seconds. Elapsed time: 0.11 seconds; current allocated memory: 354.094 MB.
INFO: [BIND 205-100] Starting micro-architecture generation ...
INFO: [BIND 205-101] Performing variable lifetime analysis.
INFO: [BIND 205-101] Exploring resource sharing.
INFO: [BIND 205-101] Binding ...
INFO: [BIND 205-100] Finished micro-architecture generation.
INFO: [HLS 200-111] Finished Binding: CPU user time: 0.02 seconds. CPU system time: 0 seconds. Elapsed time: 0.04 seconds; current allocated memory: 354.188 MB.
INFO: [HLS 200-10] ----------------------------------------------------------------
INFO: [HLS 200-42] -- Implementing module 'ntt_kernel_Pipeline_WRITE_BACK_LOOP' 
INFO: [HLS 200-10] ----------------------------------------------------------------
INFO: [SCHED 204-11] Starting scheduling ...
INFO: [SCHED 204-61] Pipelining loop 'WRITE_BACK_LOOP'.
INFO: [HLS 200-1470] Pipelining result : Target II = 1, Final II = 1, Depth = 3, loop 'WRITE_BACK_LOOP'
INFO: [SCHED 204-11] Finished scheduling.
INFO: [HLS 200-111] Finished Scheduling: CPU user time: 0.03 seconds. CPU system time: 0.01 seconds. Elapsed time: 0.06 seconds; current allocated memory: 354.508 MB.
INFO: [BIND 205-100] Starting micro-architecture generation ...
INFO: [BIND 205-101] Performing variable lifetime analysis.
INFO: [BIND 205-101] Exploring resource sharing.
INFO: [BIND 205-101] Binding ...
INFO: [BIND 205-100] Finished micro-architecture generation.
INFO: [HLS 200-111] Finished Binding: CPU user time: 0.02 seconds. CPU system time: 0 seconds. Elapsed time: 0.04 seconds; current allocated memory: 354.633 MB.
INFO: [HLS 200-10] ----------------------------------------------------------------
INFO: [HLS 200-42] -- Implementing module 'ntt_kernel' 
INFO: [HLS 200-10] ----------------------------------------------------------------
INFO: [SCHED 204-11] Starting scheduling ...
INFO: [SCHED 204-11] Finished scheduling.
INFO: [HLS 200-111] Finished Scheduling: CPU user time: 0.05 seconds. CPU system time: 0.01 seconds. Elapsed time: 0.08 seconds; current allocated memory: 355.500 MB.
INFO: [BIND 205-100] Starting micro-architecture generation ...
INFO: [BIND 205-101] Performing variable lifetime analysis.
INFO: [BIND 205-101] Exploring resource sharing.
INFO: [BIND 205-101] Binding ...
INFO: [BIND 205-100] Finished micro-architecture generation.
INFO: [HLS 200-111] Finished Binding: CPU user time: 0.03 seconds. CPU system time: 0 seconds. Elapsed time: 0.05 seconds; current allocated memory: 355.617 MB.
INFO: [HLS 200-10] ----------------------------------------------------------------
INFO: [HLS 200-10] -- Generating RTL for module 'ntt_kernel_Pipeline_PERMUTE_LOOP' 
INFO: [HLS 200-10] ----------------------------------------------------------------
INFO: [HLS 200-1030] Apply Unified Pipeline Control on module 'ntt_kernel_Pipeline_PERMUTE_LOOP' pipeline 'PERMUTE_LOOP' pipeline type 'loop pipeline'
WARNING: [RTGEN 206-101] Setting dangling out port 'ntt_kernel_Pipeline_PERMUTE_LOOP/m_axi_gmem1_ARVALID' to 0.
WARNING: [RTGEN 206-101] Setting dangling out port 'ntt_kernel_Pipeline_PERMUTE_LOOP/m_axi_gmem1_ARADDR' to 0.
WARNING: [RTGEN 206-101] Setting dangling out port 'ntt_kernel_Pipeline_PERMUTE_LOOP/m_axi_gmem1_ARID' to 0.
WARNING: [RTGEN 206-101] Setting dangling out port 'ntt_kernel_Pipeline_PERMUTE_LOOP/m_axi_gmem1_ARLEN' to 0.
WARNING: [RTGEN 206-101] Setting dangling out port 'ntt_kernel_Pipeline_PERMUTE_LOOP/m_axi_gmem1_ARSIZE' to 0.
WARNING: [RTGEN 206-101] Setting dangling out port 'ntt_kernel_Pipeline_PERMUTE_LOOP/m_axi_gmem1_ARBURST' to 0.
WARNING: [RTGEN 206-101] Setting dangling out port 'ntt_kernel_Pipeline_PERMUTE_LOOP/m_axi_gmem1_ARLOCK' to 0.
WARNING: [RTGEN 206-101] Setting dangling out port 'ntt_kernel_Pipeline_PERMUTE_LOOP/m_axi_gmem1_ARCACHE' to 0.
WARNING: [RTGEN 206-101] Setting dangling out port 'ntt_kernel_Pipeline_PERMUTE_LOOP/m_axi_gmem1_ARPROT' to 0.
WARNING: [RTGEN 206-101] Setting dangling out port 'ntt_kernel_Pipeline_PERMUTE_LOOP/m_axi_gmem1_ARQOS' to 0.
WARNING: [RTGEN 206-101] Setting dangling out port 'ntt_kernel_Pipeline_PERMUTE_LOOP/m_axi_gmem1_ARREGION' to 0.
WARNING: [RTGEN 206-101] Setting dangling out port 'ntt_kernel_Pipeline_PERMUTE_LOOP/m_axi_gmem1_ARUSER' to 0.
INFO: [RTGEN 206-100] Finished creating RTL model for 'ntt_kernel_Pipeline_PERMUTE_LOOP'.
INFO: [HLS 200-111] Finished Creating RTL model: CPU user time: 0.05 seconds. CPU system time: 0.01 seconds. Elapsed time: 0.11 seconds; current allocated memory: 355.867 MB.
INFO: [HLS 200-10] ----------------------------------------------------------------
INFO: [HLS 200-10] -- Generating RTL for module 'ntt_kernel_Pipeline_BUTTERFLY_LOOP' 
INFO: [HLS 200-10] ----------------------------------------------------------------
INFO: [HLS 200-1030] Apply Unified Pipeline Control on module 'ntt_kernel_Pipeline_BUTTERFLY_LOOP' pipeline 'BUTTERFLY_LOOP' pipeline type 'loop pipeline'
WARNING: [RTGEN 206-101] Setting dangling out port 'ntt_kernel_Pipeline_BUTTERFLY_LOOP/m_axi_gmem2_ARVALID' to 0.
WARNING: [RTGEN 206-101] Setting dangling out port 'ntt_kernel_Pipeline_BUTTERFLY_LOOP/m_axi_gmem2_ARADDR' to 0.
WARNING: [RTGEN 206-101] Setting dangling out port 'ntt_kernel_Pipeline_BUTTERFLY_LOOP/m_axi_gmem2_ARID' to 0.
WARNING: [RTGEN 206-101] Setting dangling out port 'ntt_kernel_Pipeline_BUTTERFLY_LOOP/m_axi_gmem2_ARLEN' to 0.
WARNING: [RTGEN 206-101] Setting dangling out port 'ntt_kernel_Pipeline_BUTTERFLY_LOOP/m_axi_gmem2_ARSIZE' to 0.
WARNING: [RTGEN 206-101] Setting dangling out port 'ntt_kernel_Pipeline_BUTTERFLY_LOOP/m_axi_gmem2_ARBURST' to 0.
WARNING: [RTGEN 206-101] Setting dangling out port 'ntt_kernel_Pipeline_BUTTERFLY_LOOP/m_axi_gmem2_ARLOCK' to 0.
WARNING: [RTGEN 206-101] Setting dangling out port 'ntt_kernel_Pipeline_BUTTERFLY_LOOP/m_axi_gmem2_ARCACHE' to 0.
WARNING: [RTGEN 206-101] Setting dangling out port 'ntt_kernel_Pipeline_BUTTERFLY_LOOP/m_axi_gmem2_ARPROT' to 0.
WARNING: [RTGEN 206-101] Setting dangling out port 'ntt_kernel_Pipeline_BUTTERFLY_LOOP/m_axi_gmem2_ARQOS' to 0.
WARNING: [RTGEN 206-101] Setting dangling out port 'ntt_kernel_Pipeline_BUTTERFLY_LOOP/m_axi_gmem2_ARREGION' to 0.
WARNING: [RTGEN 206-101] Setting dangling out port 'ntt_kernel_Pipeline_BUTTERFLY_LOOP/m_axi_gmem2_ARUSER' to 0.
INFO: [RTGEN 206-100] Generating core module 'mul_32ns_32ns_64_1_1': 1 instance(s).
INFO: [RTGEN 206-100] Generating core module 'mul_32s_32s_32_1_1': 1 instance(s).
INFO: [RTGEN 206-100] Finished creating RTL model for 'ntt_kernel_Pipeline_BUTTERFLY_LOOP'.
INFO: [HLS 200-111] Finished Creating RTL model: CPU user time: 0.11 seconds. CPU system time: 0.01 seconds. Elapsed time: 0.21 seconds; current allocated memory: 357.883 MB.
INFO: [HLS 200-10] ----------------------------------------------------------------
INFO: [HLS 200-10] -- Generating RTL for module 'ntt_kernel_Pipeline_WRITE_BACK_LOOP' 
INFO: [HLS 200-10] ----------------------------------------------------------------
INFO: [HLS 200-1030] Apply Unified Pipeline Control on module 'ntt_kernel_Pipeline_WRITE_BACK_LOOP' pipeline 'WRITE_BACK_LOOP' pipeline type 'loop pipeline'
WARNING: [RTGEN 206-101] Setting dangling out port 'ntt_kernel_Pipeline_WRITE_BACK_LOOP/m_axi_gmem0_AWVALID' to 0.
WARNING: [RTGEN 206-101] Setting dangling out port 'ntt_kernel_Pipeline_WRITE_BACK_LOOP/m_axi_gmem0_AWADDR' to 0.
WARNING: [RTGEN 206-101] Setting dangling out port 'ntt_kernel_Pipeline_WRITE_BACK_LOOP/m_axi_gmem0_AWID' to 0.
WARNING: [RTGEN 206-101] Setting dangling out port 'ntt_kernel_Pipeline_WRITE_BACK_LOOP/m_axi_gmem0_AWLEN' to 0.
WARNING: [RTGEN 206-101] Setting dangling out port 'ntt_kernel_Pipeline_WRITE_BACK_LOOP/m_axi_gmem0_AWSIZE' to 0.
WARNING: [RTGEN 206-101] Setting dangling out port 'ntt_kernel_Pipeline_WRITE_BACK_LOOP/m_axi_gmem0_AWBURST' to 0.
WARNING: [RTGEN 206-101] Setting dangling out port 'ntt_kernel_Pipeline_WRITE_BACK_LOOP/m_axi_gmem0_AWLOCK' to 0.
WARNING: [RTGEN 206-101] Setting dangling out port 'ntt_kernel_Pipeline_WRITE_BACK_LOOP/m_axi_gmem0_AWCACHE' to 0.
WARNING: [RTGEN 206-101] Setting dangling out port 'ntt_kernel_Pipeline_WRITE_BACK_LOOP/m_axi_gmem0_AWPROT' to 0.
WARNING: [RTGEN 206-101] Setting dangling out port 'ntt_kernel_Pipeline_WRITE_BACK_LOOP/m_axi_gmem0_AWQOS' to 0.
WARNING: [RTGEN 206-101] Setting dangling out port 'ntt_kernel_Pipeline_WRITE_BACK_LOOP/m_axi_gmem0_AWREGION' to 0.
WARNING: [RTGEN 206-101] Setting dangling out port 'ntt_kernel_Pipeline_WRITE_BACK_LOOP/m_axi_gmem0_AWUSER' to 0.
WARNING: [RTGEN 206-101] Setting dangling out port 'ntt_kernel_Pipeline_WRITE_BACK_LOOP/m_axi_gmem0_BREADY' to 0.
INFO: [RTGEN 206-100] Finished creating RTL model for 'ntt_kernel_Pipeline_WRITE_BACK_LOOP'.
INFO: [HLS 200-111] Finished Creating RTL model: CPU user time: 0.09 seconds. CPU system time: 0.01 seconds. Elapsed time: 0.16 seconds; current allocated memory: 359.375 MB.
INFO: [HLS 200-10] ----------------------------------------------------------------
INFO: [HLS 200-10] -- Generating RTL for module 'ntt_kernel' 
INFO: [HLS 200-10] ----------------------------------------------------------------
WARNING: [RTGEN 206-101] Design contains AXI ports. Reset is fixed to synchronous and active low.
INFO: [RTGEN 206-500] Setting interface mode on port 'ntt_kernel/gmem0' to 'm_axi'.
INFO: [RTGEN 206-500] Setting interface mode on port 'ntt_kernel/gmem1' to 'm_axi'.
INFO: [RTGEN 206-500] Setting interface mode on port 'ntt_kernel/gmem2' to 'm_axi'.
INFO: [RTGEN 206-500] Setting interface mode on port 'ntt_kernel/x' to 's_axilite & ap_none'.
INFO: [RTGEN 206-500] Setting interface mode on port 'ntt_kernel/psi_powers' to 's_axilite & ap_none'.
INFO: [RTGEN 206-500] Setting interface mode on port 'ntt_kernel/twiddles' to 's_axilite & ap_none'.
INFO: [RTGEN 206-500] Setting interface mode on port 'ntt_kernel/q' to 's_axilite & ap_none'.
INFO: [RTGEN 206-500] Setting interface mode on port 'ntt_kernel/q_inv' to 's_axilite & ap_none'.
INFO: [RTGEN 206-500] Setting interface mode on port 'ntt_kernel/batch_size' to 's_axilite & ap_none'.
INFO: [RTGEN 206-500] Setting interface mode on port 'ntt_kernel/n' to 's_axilite & ap_none'.
INFO: [RTGEN 206-500] Setting interface mode on function 'ntt_kernel' to 's_axilite & ap_ctrl_hs'.
INFO: [RTGEN 206-100] Bundling port 'x', 'psi_powers', 'twiddles', 'q', 'q_inv', 'batch_size', 'n' to AXI-Lite port control.
INFO: [RTGEN 206-100] Finished creating RTL model for 'ntt_kernel'.
INFO: [RTMG 210-278] Implementing memory 'ntt_kernel_local_x_RAM_2P_BRAM_1R1W' using block RAMs.
INFO: [HLS 200-111] Finished Creating RTL model: CPU user time: 0.12 seconds. CPU system time: 0.02 seconds. Elapsed time: 0.24 seconds; current allocated memory: 362.668 MB.
INFO: [HLS 200-111] Finished Generating all RTL models: CPU user time: 0.29 seconds. CPU system time: 0.07 seconds. Elapsed time: 0.65 seconds; current allocated memory: 367.961 MB.
INFO: [HLS 200-1603] Design has inferred MAXI bursts and missed bursts, see Vitis HLS GUI synthesis summary report for detailed information.
INFO: [HLS 200-111] Finished Updating report files: CPU user time: 0.92 seconds. CPU system time: 0.06 seconds. Elapsed time: 1.14 seconds; current allocated memory: 381.664 MB.
INFO: [VHDL 208-304] Generating VHDL RTL for ntt_kernel.
INFO: [VLOG 209-307] Generating Verilog RTL for ntt_kernel.
INFO: [HLS 200-790] **** Loop Constraint Status: All loop constraints were NOT satisfied.
INFO: [HLS 200-789] **** Estimated Fmax: 103.22 MHz
INFO: [HLS 200-111] Finished Command csynth_design CPU user time: 4.87 seconds. CPU system time: 1.08 seconds. Elapsed time: 12.01 seconds; current allocated memory: 76.777 MB.
==============================================================
Vitis HLS - High-Level Synthesis from C, C++ and OpenCL v2023.2 (64-bit)
Tool Version Limit: 2023.10
Copyright 1986-2022 Xilinx, Inc. All Rights Reserved.
Copyright 2022-2023 Advanced Micro Devices, Inc. All Rights Reserved.

==============================================================
INFO: [SYN 201-201] Setting up clock 'default' with a period of 10ns.
INFO: [HLS 200-1611] Setting target device to 'xck26-sfvc784-2LV-c'
INFO: [HLS 200-1505] Using flow_target 'vivado'
INFO: [HLS 200-1510] Running: set_part xck26-sfvc784-2LV-c 
INFO: [HLS 200-1510] Running: create_clock -period 10 -name default 
INFO: [HLS 200-1510] Running: csim_design -quiet 
INFO: [SIM 211-2] *************** CSIM start ***************
INFO: [SIM 211-4] CSIM will launch GCC as the compiler.
INFO: [HLS 200-2036] Building debug C Simulation binaries
INFO: [SIM 211-1] CSim done with 0 errors.
INFO: [SIM 211-3] *************** CSIM finish ***************
INFO: [HLS 200-111] Finished Command csim_design CPU user time: 0.24 seconds. CPU system time: 0.3 seconds. Elapsed time: 0.75 seconds; current allocated memory: 0.000 MB.
==============================================================
Vitis HLS - High-Level Synthesis from C, C++ and OpenCL v2023.2 (64-bit)
Tool Version Limit: 2023.10
Copyright 1986-2022 Xilinx, Inc. All Rights Reserved.
Copyright 2022-2023 Advanced Micro Devices, Inc. All Rights Reserved.

==============================================================
INFO: [SYN 201-201] Setting up clock 'default' with a period of 10ns.
INFO: [HLS 200-1611] Setting target device to 'xck26-sfvc784-2LV-c'
INFO: [HLS 200-1505] Using flow_target 'vivado'
INFO: [HLS 200-1510] Running: set_part xck26-sfvc784-2LV-c 
INFO: [HLS 200-1510] Running: create_clock -period 10 -name default 
INFO: [HLS 200-1510] Running: csynth_design 
INFO: [HLS 200-111] Finished File checks and directory preparation: CPU user time: 0.07 seconds. CPU system time: 0.01 seconds. Elapsed time: 0.09 seconds; current allocated memory: 304.852 MB.
INFO: [HLS 200-10] Analyzing design file 'hls-design/ntt-kernel.cpp' ... 
INFO: [HLS 200-111] Finished Source Code Analysis and Preprocessing: CPU user time: 0.3 seconds. CPU system time: 0.38 seconds. Elapsed time: 0.77 seconds; current allocated memory: 306.984 MB.
INFO: [HLS 200-777] Using interface defaults for 'Vivado' flow target.
INFO: [HLS 200-1995] There were 151 instructions in the design after the 'Compile/Link' phase of compilation. See the Design Size Report for more details: /home/sg9109/Documents/hls-design/ntt-asic/syn/report/csynth_design_size.rpt
INFO: [HLS 200-1995] There were 145 instructions in the design after the 'Unroll/Inline (step 1)' phase of compilation. See the Design Size Report for more details: /home/sg9109/Documents/hls-design/ntt-asic/syn/report/csynth_design_size.rpt
INFO: [HLS 200-1995] There were 111 instructions in the design after the 'Unroll/Inline (step 2)' phase of compilation. See the Design Size Report for more details: /home/sg9109/Documents/hls-design/ntt-asic/syn/report/csynth_design_size.rpt
INFO: [HLS 200-1995] There were 122 instructions in the design after the 'Unroll/Inline (step 3)' phase of compilation. See the Design Size Report for more details: /home/sg9109/Documents/hls-design/ntt-asic/syn/report/csynth_design_size.rpt
INFO: [HLS 200-1995] There were 121 instructions in the design after the 'Unroll/Inline (step 4)' phase of compilation. See the Design Size Report for more details: /home/sg9109/Documents/hls-design/ntt-asic/syn/report/csynth_design_size.rpt
INFO: [HLS 200-1995] There were 121 instructions in the design after the 'Array/Struct (step 1)' phase of compilation. See the Design Size Report for more details: /home/sg9109/Documents/hls-design/ntt-asic/syn/report/csynth_design_size.rpt
INFO: [HLS 200-1995] There were 121 instructions in the design after the 'Array/Struct (step 2)' phase of compilation. See the Design Size Report for more details: /home/sg9109/Documents/hls-design/ntt-asic/syn/report/csynth_design_size.rpt
INFO: [HLS 200-1995] There were 121 instructions in the design after the 'Array/Struct (step 3)' phase of compilation. See the Design Size Report for more details: /home/sg9109/Documents/hls-design/ntt-asic/syn/report/csynth_design_size.rpt
INFO: [HLS 200-1995] There were 121 instructions in the design after the 'Array/Struct (step 4)' phase of compilation. See the Design Size Report for more details: /home/sg9109/Documents/hls-design/ntt-asic/syn/report/csynth_design_size.rpt
INFO: [HLS 200-1995] There were 130 instructions in the design after the 'Array/Struct (step 5)' phase of compilation. See the Design Size Report for more details: /home/sg9109/Documents/hls-design/ntt-asic/syn/report/csynth_design_size.rpt
INFO: [HLS 200-1995] There were 129 instructions in the design after the 'Performance (step 1)' phase of compilation. See the Design Size Report for more details: /home/sg9109/Documents/hls-design/ntt-asic/syn/report/csynth_design_size.rpt
INFO: [HLS 200-1995] There were 128 instructions in the design after the 'Performance (step 2)' phase of compilation. See the Design Size Report for more details: /home/sg9109/Documents/hls-design/ntt-asic/syn/report/csynth_design_size.rpt
INFO: [HLS 200-1995] There were 128 instructions in the design after the 'Performance (step 3)' phase of compilation. See the Design Size Report for more details: /home/sg9109/Documents/hls-design/ntt-asic/syn/report/csynth_design_size.rpt
INFO: [HLS 200-1995] There were 128 instructions in the design after the 'Performance (step 4)' phase of compilation. See the Design Size Report for more details: /home/sg9109/Documents/hls-design/ntt-asic/syn/report/csynth_design_size.rpt
INFO: [HLS 200-1995] There were 150 instructions in the design after the 'HW Transforms (step 1)' phase of compilation. See the Design Size Report for more details: /home/sg9109/Documents/hls-design/ntt-asic/syn/report/csynth_design_size.rpt
INFO: [HLS 200-1995] There were 159 instructions in the design after the 'HW Transforms (step 2)' phase of compilation. See the Design Size Report for more details: /home/sg9109/Documents/hls-design/ntt-asic/syn/report/csynth_design_size.rpt
INFO: [HLS 214-131] Inlining function 'mod_mul(unsigned int, unsigned int, unsigned int, unsigned int)' into 'ntt_kernel' (hls-design/ntt-kernel.cpp:95:32)
INFO: [HLS 214-131] Inlining function 'mod_sub(unsigned int, unsigned int, unsigned int)' into 'ntt_kernel' (hls-design/ntt-kernel.cpp:97:47)
INFO: [HLS 214-131] Inlining function 'mod_add(unsigned int, unsigned int, unsigned int)' into 'ntt_kernel' (hls-design/ntt-kernel.cpp:96:38)
INFO: [HLS 214-115] Multiple burst reads of variable length and bit width 32 in loop 'PERMUTE_LOOP'(hls-design/ntt-kernel.cpp:70:16) has been inferred on bundle 'gmem1'. These burst requests might be further partitioned into multiple requests during RTL generation, based on max_read_burst_length or max_write_burst_length settings. (hls-design/ntt-kernel.cpp:70:16)
INFO: [HLS 214-115] Multiple burst reads of variable length and bit width 32 in loop 'BUTTERFLY_LOOP'(hls-design/ntt-kernel.cpp:85:18) has been inferred on bundle 'gmem2'. These burst requests might be further partitioned into multiple requests during RTL generation, based on max_read_burst_length or max_write_burst_length settings. (hls-design/ntt-kernel.cpp:85:18)
INFO: [HLS 214-115] Multiple burst writes of variable length and bit width 32 in loop 'WRITE_BACK_LOOP'(hls-design/ntt-kernel.cpp:104:26) has been inferred on bundle 'gmem0'. These burst requests might be further partitioned into multiple requests during RTL generation, based on max_read_burst_length or max_write_burst_length settings. (hls-design/ntt-kernel.cpp:104:26)
INFO: [HLS 200-111] Finished Compiling Optimization and Transform: CPU user time: 2.6 seconds. CPU system time: 0.42 seconds. Elapsed time: 7.89 seconds; current allocated memory: 309.801 MB.
INFO: [HLS 200-111] Finished Checking Pragmas: CPU user time: 0 seconds. CPU system time: 0 seconds. Elapsed time: 0 seconds; current allocated memory: 309.801 MB.
INFO: [HLS 200-10] Starting code transformations ...
INFO: [HLS 200-111] Finished Standard Transforms: CPU user time: 0.01 seconds. CPU system time: 0 seconds. Elapsed time: 0.04 seconds; current allocated memory: 310.281 MB.
INFO: [HLS 200-10] Checking synthesizability ...
INFO: [HLS 200-111] Finished Checking Synthesizability: CPU user time: 0.01 seconds. CPU system time: 0.01 seconds. Elapsed time: 0.02 seconds; current allocated memory: 310.395 MB.
INFO: [HLS 200-111] Finished Loop, function and other optimizations: CPU user time: 0.05 seconds. CPU system time: 0 seconds. Elapsed time: 0.08 seconds; current allocated memory: 332.617 MB.
WARNING: [HLS 200-960] Cannot flatten loop 'BLOCK_LOOP' (hls-design/ntt-kernel.cpp:82:14) in function 'ntt_kernel' the outer loop is not a perfect loop.
WARNING: [HLS 200-960] Cannot flatten loop 'STAGE_LOOP' (hls-design/ntt-kernel.cpp:79:21) in function 'ntt_kernel' the outer loop is not a perfect loop because either the parent loop or the sub loop has no computeable trip count.
WARNING: [ANALYSIS 214-52] Found false inter dependency for variable 'local_x' (hls-design/ntt-kernel.cpp:66).
INFO: [HLS 200-111] Finished Architecture Synthesis: CPU user time: 0.06 seconds. CPU system time: 0.02 seconds. Elapsed time: 0.08 seconds; current allocated memory: 352.992 MB.
INFO: [HLS 200-10] Starting hardware synthesis ...
INFO: [HLS 200-10] Synthesizing 'ntt_kernel' ...
INFO: [HLS 200-10] ----------------------------------------------------------------
INFO: [HLS 200-42] -- Implementing module 'ntt_kernel_Pipeline_PERMUTE_LOOP' 
INFO: [HLS 200-10] ----------------------------------------------------------------
INFO: [SCHED 204-11] Starting scheduling ...
INFO: [SCHED 204-61] Pipelining loop 'PERMUTE_LOOP'.
INFO: [HLS 200-1470] Pipelining result : Target II = 1, Final II = 1, Depth = 13, loop 'PERMUTE_LOOP'
INFO: [SCHED 204-11] Finished scheduling.
INFO: [HLS 200-111] Finished Scheduling: CPU user time: 0.05 seconds. CPU system time: 0.02 seconds. Elapsed time: 0.11 seconds; current allocated memory: 353.469 MB.
INFO: [BIND 205-100] Starting micro-architecture generation ...
INFO: [BIND 205-101] Performing variable lifetime analysis.
INFO: [BIND 205-101] Exploring resource sharing.
INFO: [BIND 205-101] Binding ...
INFO: [BIND 205-100] Finished micro-architecture generation.
INFO: [HLS 200-111] Finished Binding: CPU user time: 0.02 seconds. CPU system time: 0.02 seconds. Elapsed time: 0.05 seconds; current allocated memory: 353.992 MB.
INFO: [HLS 200-10] ----------------------------------------------------------------
INFO: [HLS 200-42] -- Implementing module 'ntt_kernel_Pipeline_BUTTERFLY_LOOP' 
INFO: [HLS 200-10] ----------------------------------------------------------------
INFO: [SCHED 204-11] Starting scheduling ...
INFO: [SCHED 204-61] Pipelining loop 'BUTTERFLY_LOOP'.
WARNING: [HLS 200-885] The II Violation in module 'ntt_kernel_Pipeline_BUTTERFLY_LOOP' (loop 'BUTTERFLY_LOOP'): Unable to schedule 'load' operation 32 bit ('u', hls-design/ntt-kernel.cpp:92) on array 'local_x' due to limited memory ports (II = 1). Please consider using a memory core with more ports or partitioning the array 'local_x'.
WARNING: [HLS 200-885] The II Violation in module 'ntt_kernel_Pipeline_BUTTERFLY_LOOP' (loop 'BUTTERFLY_LOOP'): Unable to schedule 'store' operation 0 bit ('local_x_addr_write_ln96', hls-design/ntt-kernel.cpp:96) of variable 'select_ln16', hls-design/ntt-kernel.cpp:16->hls-design/ntt-kernel.cpp:96 on array 'local_x' due to limited memory ports (II = 2). Please consider using a memory core with more ports or partitioning the array 'local_x'.
INFO: [HLS 200-1470] Pipelining result : Target II = 1, Final II = 3, Depth = 8, loop 'BUTTERFLY_LOOP'
INFO: [SCHED 204-11] Finished scheduling.
INFO: [HLS 200-111] Finished Scheduling: CPU user time: 0.07 seconds. CPU system time: 0 seconds. Elapsed time: 0.1 seconds; current allocated memory: 354.230 MB.
INFO: [BIND 205-100] Starting micro-architecture generation ...
INFO: [BIND 205-101] Performing variable lifetime analysis.
INFO: [BIND 205-101] Exploring resource sharing.
INFO: [BIND 205-101] Binding ...
INFO: [BIND 205-100] Finished micro-architecture generation.
INFO: [HLS 200-111] Finished Binding: CPU user time: 0.03 seconds. CPU system time: 0 seconds. Elapsed time: 0.04 seconds; current allocated memory: 354.289 MB.
INFO: [HLS 200-10] ----------------------------------------------------------------
INFO: [HLS 200-42] -- Implementing module 'ntt_kernel_Pipeline_WRITE_BACK_LOOP' 
INFO: [HLS 200-10] ----------------------------------------------------------------
INFO: [SCHED 204-11] Starting scheduling ...
INFO: [SCHED 204-61] Pipelining loop 'WRITE_BACK_LOOP'.
INFO: [HLS 200-1470] Pipelining result : Target II = 1, Final II = 1, Depth = 3, loop 'WRITE_BACK_LOOP'
INFO: [SCHED 204-11] Finished scheduling.
INFO: [HLS 200-111] Finished Scheduling: CPU user time: 0.03 seconds. CPU system time: 0 seconds. Elapsed time: 0.06 seconds; current allocated memory: 354.574 MB.
INFO: [BIND 205-100] Starting micro-architecture generation ...
INFO: [BIND 205-101] Performing variable lifetime analysis.
INFO: [BIND 205-101] Exploring resource sharing.
INFO: [BIND 205-101] Binding ...
INFO: [BIND 205-100] Finished micro-architecture generation.
INFO: [HLS 200-111] Finished Binding: CPU user time: 0.01 seconds. CPU system time: 0.01 seconds. Elapsed time: 0.04 seconds; current allocated memory: 354.691 MB.
INFO: [HLS 200-10] ----------------------------------------------------------------
INFO: [HLS 200-42] -- Implementing module 'ntt_kernel' 
INFO: [HLS 200-10] ----------------------------------------------------------------
INFO: [SCHED 204-11] Starting scheduling ...
INFO: [SCHED 204-11] Finished scheduling.
INFO: [HLS 200-111] Finished Scheduling: CPU user time: 0.06 seconds. CPU system time: 0 seconds. Elapsed time: 0.07 seconds; current allocated memory: 355.566 MB.
INFO: [BIND 205-100] Starting micro-architecture generation ...
INFO: [BIND 205-101] Performing variable lifetime analysis.
INFO: [BIND 205-101] Exploring resource sharing.
INFO: [BIND 205-101] Binding ...
INFO: [BIND 205-100] Finished micro-architecture generation.
INFO: [HLS 200-111] Finished Binding: CPU user time: 0.03 seconds. CPU system time: 0 seconds. Elapsed time: 0.06 seconds; current allocated memory: 355.680 MB.
INFO: [HLS 200-10] ----------------------------------------------------------------
INFO: [HLS 200-10] -- Generating RTL for module 'ntt_kernel_Pipeline_PERMUTE_LOOP' 
INFO: [HLS 200-10] ----------------------------------------------------------------
INFO: [HLS 200-1030] Apply Unified Pipeline Control on module 'ntt_kernel_Pipeline_PERMUTE_LOOP' pipeline 'PERMUTE_LOOP' pipeline type 'loop pipeline'
WARNING: [RTGEN 206-101] Setting dangling out port 'ntt_kernel_Pipeline_PERMUTE_LOOP/m_axi_gmem1_ARVALID' to 0.
WARNING: [RTGEN 206-101] Setting dangling out port 'ntt_kernel_Pipeline_PERMUTE_LOOP/m_axi_gmem1_ARADDR' to 0.
WARNING: [RTGEN 206-101] Setting dangling out port 'ntt_kernel_Pipeline_PERMUTE_LOOP/m_axi_gmem1_ARID' to 0.
WARNING: [RTGEN 206-101] Setting dangling out port 'ntt_kernel_Pipeline_PERMUTE_LOOP/m_axi_gmem1_ARLEN' to 0.
WARNING: [RTGEN 206-101] Setting dangling out port 'ntt_kernel_Pipeline_PERMUTE_LOOP/m_axi_gmem1_ARSIZE' to 0.
WARNING: [RTGEN 206-101] Setting dangling out port 'ntt_kernel_Pipeline_PERMUTE_LOOP/m_axi_gmem1_ARBURST' to 0.
WARNING: [RTGEN 206-101] Setting dangling out port 'ntt_kernel_Pipeline_PERMUTE_LOOP/m_axi_gmem1_ARLOCK' to 0.
WARNING: [RTGEN 206-101] Setting dangling out port 'ntt_kernel_Pipeline_PERMUTE_LOOP/m_axi_gmem1_ARCACHE' to 0.
WARNING: [RTGEN 206-101] Setting dangling out port 'ntt_kernel_Pipeline_PERMUTE_LOOP/m_axi_gmem1_ARPROT' to 0.
WARNING: [RTGEN 206-101] Setting dangling out port 'ntt_kernel_Pipeline_PERMUTE_LOOP/m_axi_gmem1_ARQOS' to 0.
WARNING: [RTGEN 206-101] Setting dangling out port 'ntt_kernel_Pipeline_PERMUTE_LOOP/m_axi_gmem1_ARREGION' to 0.
WARNING: [RTGEN 206-101] Setting dangling out port 'ntt_kernel_Pipeline_PERMUTE_LOOP/m_axi_gmem1_ARUSER' to 0.
INFO: [RTGEN 206-100] Finished creating RTL model for 'ntt_kernel_Pipeline_PERMUTE_LOOP'.
INFO: [HLS 200-111] Finished Creating RTL model: CPU user time: 0.06 seconds. CPU system time: 0.01 seconds. Elapsed time: 0.12 seconds; current allocated memory: 355.945 MB.
INFO: [HLS 200-10] ----------------------------------------------------------------
INFO: [HLS 200-10] -- Generating RTL for module 'ntt_kernel_Pipeline_BUTTERFLY_LOOP' 
INFO: [HLS 200-10] ----------------------------------------------------------------
INFO: [HLS 200-1030] Apply Unified Pipeline Control on module 'ntt_kernel_Pipeline_BUTTERFLY_LOOP' pipeline 'BUTTERFLY_LOOP' pipeline type 'loop pipeline'
WARNING: [RTGEN 206-101] Setting dangling out port 'ntt_kernel_Pipeline_BUTTERFLY_LOOP/m_axi_gmem2_ARVALID' to 0.
WARNING: [RTGEN 206-101] Setting dangling out port 'ntt_kernel_Pipeline_BUTTERFLY_LOOP/m_axi_gmem2_ARADDR' to 0.
WARNING: [RTGEN 206-101] Setting dangling out port 'ntt_kernel_Pipeline_BUTTERFLY_LOOP/m_axi_gmem2_ARID' to 0.
WARNING: [RTGEN 206-101] Setting dangling out port 'ntt_kernel_Pipeline_BUTTERFLY_LOOP/m_axi_gmem2_ARLEN' to 0.
WARNING: [RTGEN 206-101] Setting dangling out port 'ntt_kernel_Pipeline_BUTTERFLY_LOOP/m_axi_gmem2_ARSIZE' to 0.
WARNING: [RTGEN 206-101] Setting dangling out port 'ntt_kernel_Pipeline_BUTTERFLY_LOOP/m_axi_gmem2_ARBURST' to 0.
WARNING: [RTGEN 206-101] Setting dangling out port 'ntt_kernel_Pipeline_BUTTERFLY_LOOP/m_axi_gmem2_ARLOCK' to 0.
WARNING: [RTGEN 206-101] Setting dangling out port 'ntt_kernel_Pipeline_BUTTERFLY_LOOP/m_axi_gmem2_ARCACHE' to 0.
WARNING: [RTGEN 206-101] Setting dangling out port 'ntt_kernel_Pipeline_BUTTERFLY_LOOP/m_axi_gmem2_ARPROT' to 0.
WARNING: [RTGEN 206-101] Setting dangling out port 'ntt_kernel_Pipeline_BUTTERFLY_LOOP/m_axi_gmem2_ARQOS' to 0.
WARNING: [RTGEN 206-101] Setting dangling out port 'ntt_kernel_Pipeline_BUTTERFLY_LOOP/m_axi_gmem2_ARREGION' to 0.
WARNING: [RTGEN 206-101] Setting dangling out port 'ntt_kernel_Pipeline_BUTTERFLY_LOOP/m_axi_gmem2_ARUSER' to 0.
INFO: [RTGEN 206-100] Generating core module 'mul_32ns_32ns_64_1_1': 1 instance(s).
INFO: [RTGEN 206-100] Generating core module 'mul_32s_32s_32_1_1': 1 instance(s).
INFO: [RTGEN 206-100] Finished creating RTL model for 'ntt_kernel_Pipeline_BUTTERFLY_LOOP'.
INFO: [HLS 200-111] Finished Creating RTL model: CPU user time: 0.09 seconds. CPU system time: 0.01 seconds. Elapsed time: 0.17 seconds; current allocated memory: 357.934 MB.
INFO: [HLS 200-10] ----------------------------------------------------------------
INFO: [HLS 200-10] -- Generating RTL for module 'ntt_kernel_Pipeline_WRITE_BACK_LOOP' 
INFO: [HLS 200-10] ----------------------------------------------------------------
INFO: [HLS 200-1030] Apply Unified Pipeline Control on module 'ntt_kernel_Pipeline_WRITE_BACK_LOOP' pipeline 'WRITE_BACK_LOOP' pipeline type 'loop pipeline'
WARNING: [RTGEN 206-101] Setting dangling out port 'ntt_kernel_Pipeline_WRITE_BACK_LOOP/m_axi_gmem0_AWVALID' to 0.
WARNING: [RTGEN 206-101] Setting dangling out port 'ntt_kernel_Pipeline_WRITE_BACK_LOOP/m_axi_gmem0_AWADDR' to 0.
WARNING: [RTGEN 206-101] Setting dangling out port 'ntt_kernel_Pipeline_WRITE_BACK_LOOP/m_axi_gmem0_AWID' to 0.
WARNING: [RTGEN 206-101] Setting dangling out port 'ntt_kernel_Pipeline_WRITE_BACK_LOOP/m_axi_gmem0_AWLEN' to 0.
WARNING: [RTGEN 206-101] Setting dangling out port 'ntt_kernel_Pipeline_WRITE_BACK_LOOP/m_axi_gmem0_AWSIZE' to 0.
WARNING: [RTGEN 206-101] Setting dangling out port 'ntt_kernel_Pipeline_WRITE_BACK_LOOP/m_axi_gmem0_AWBURST' to 0.
WARNING: [RTGEN 206-101] Setting dangling out port 'ntt_kernel_Pipeline_WRITE_BACK_LOOP/m_axi_gmem0_AWLOCK' to 0.
WARNING: [RTGEN 206-101] Setting dangling out port 'ntt_kernel_Pipeline_WRITE_BACK_LOOP/m_axi_gmem0_AWCACHE' to 0.
WARNING: [RTGEN 206-101] Setting dangling out port 'ntt_kernel_Pipeline_WRITE_BACK_LOOP/m_axi_gmem0_AWPROT' to 0.
WARNING: [RTGEN 206-101] Setting dangling out port 'ntt_kernel_Pipeline_WRITE_BACK_LOOP/m_axi_gmem0_AWQOS' to 0.
WARNING: [RTGEN 206-101] Setting dangling out port 'ntt_kernel_Pipeline_WRITE_BACK_LOOP/m_axi_gmem0_AWREGION' to 0.
WARNING: [RTGEN 206-101] Setting dangling out port 'ntt_kernel_Pipeline_WRITE_BACK_LOOP/m_axi_gmem0_AWUSER' to 0.
WARNING: [RTGEN 206-101] Setting dangling out port 'ntt_kernel_Pipeline_WRITE_BACK_LOOP/m_axi_gmem0_BREADY' to 0.
INFO: [RTGEN 206-100] Finished creating RTL model for 'ntt_kernel_Pipeline_WRITE_BACK_LOOP'.
INFO: [HLS 200-111] Finished Creating RTL model: CPU user time: 0.1 seconds. CPU system time: 0.02 seconds. Elapsed time: 0.18 seconds; current allocated memory: 359.559 MB.
INFO: [HLS 200-10] ----------------------------------------------------------------
INFO: [HLS 200-10] -- Generating RTL for module 'ntt_kernel' 
INFO: [HLS 200-10] ----------------------------------------------------------------
WARNING: [RTGEN 206-101] Design contains AXI ports. Reset is fixed to synchronous and active low.
INFO: [RTGEN 206-500] Setting interface mode on port 'ntt_kernel/gmem0' to 'm_axi'.
INFO: [RTGEN 206-500] Setting interface mode on port 'ntt_kernel/gmem1' to 'm_axi'.
INFO: [RTGEN 206-500] Setting interface mode on port 'ntt_kernel/gmem2' to 'm_axi'.
INFO: [RTGEN 206-500] Setting interface mode on port 'ntt_kernel/x' to 's_axilite & ap_none'.
INFO: [RTGEN 206-500] Setting interface mode on port 'ntt_kernel/psi_powers' to 's_axilite & ap_none'.
INFO: [RTGEN 206-500] Setting interface mode on port 'ntt_kernel/twiddles' to 's_axilite & ap_none'.
INFO: [RTGEN 206-500] Setting interface mode on port 'ntt_kernel/q' to 's_axilite & ap_none'.
INFO: [RTGEN 206-500] Setting interface mode on port 'ntt_kernel/q_inv' to 's_axilite & ap_none'.
INFO: [RTGEN 206-500] Setting interface mode on port 'ntt_kernel/batch_size' to 's_axilite & ap_none'.
INFO: [RTGEN 206-500] Setting interface mode on port 'ntt_kernel/n' to 's_axilite & ap_none'.
INFO: [RTGEN 206-500] Setting interface mode on function 'ntt_kernel' to 's_axilite & ap_ctrl_hs'.
INFO: [RTGEN 206-100] Bundling port 'x', 'psi_powers', 'twiddles', 'q', 'q_inv', 'batch_size', 'n' to AXI-Lite port control.
INFO: [RTGEN 206-100] Finished creating RTL model for 'ntt_kernel'.
INFO: [RTMG 210-278] Implementing memory 'ntt_kernel_local_x_RAM_2P_BRAM_1R1W' using block RAMs.
INFO: [HLS 200-111] Finished Creating RTL model: CPU user time: 0.1 seconds. CPU system time: 0.01 seconds. Elapsed time: 0.19 seconds; current allocated memory: 362.855 MB.
INFO: [HLS 200-111] Finished Generating all RTL models: CPU user time: 0.28 seconds. CPU system time: 0.07 seconds. Elapsed time: 0.7 seconds; current allocated memory: 368.141 MB.
INFO: [HLS 200-1603] Design has inferred MAXI bursts and missed bursts, see Vitis HLS GUI synthesis summary report for detailed information.
INFO: [HLS 200-111] Finished Updating report files: CPU user time: 0.93 seconds. CPU system time: 0.07 seconds. Elapsed time: 1.2 seconds; current allocated memory: 381.863 MB.
INFO: [VHDL 208-304] Generating VHDL RTL for ntt_kernel.
INFO: [VLOG 209-307] Generating Verilog RTL for ntt_kernel.
INFO: [HLS 200-790] **** Loop Constraint Status: All loop constraints were NOT satisfied.
INFO: [HLS 200-789] **** Estimated Fmax: 136.99 MHz
INFO: [HLS 200-111] Finished Command csynth_design CPU user time: 5.04 seconds. CPU system time: 1.08 seconds. Elapsed time: 12.14 seconds; current allocated memory: 77.035 MB.
