
===========================================================================
report_checks -unconstrained
===========================================================================
======================= nom_ss_100C_1v60 Corner ===================================

Startpoint: u_engine.g_banks[0].u_ram.u_macro
            (falling edge-triggered flip-flop clocked by wb_clk)
Endpoint: _74332_ (rising edge-triggered flip-flop clocked by wb_clk)
Path Group: wb_clk
Path Type: max

Fanout         Cap        Slew       Delay        Time   Description
---------------------------------------------------------------------------------------------
                                 12.500000   12.500000   clock wb_clk (fall edge)
                                  0.000000   12.500000   clock source latency
     2    0.243559    0.000000    0.000000   12.500000 v wb_clk_i (in)
                                                         wb_clk_i (net)
                      0.065010    0.032505   12.532504 v clkbuf_0_wb_clk_i/A (sky130_fd_sc_hd__clkbuf_16)
     3    0.120631    0.150661    0.337653   12.870158 v clkbuf_0_wb_clk_i/X (sky130_fd_sc_hd__clkbuf_16)
                                                         clknet_0_wb_clk_i (net)
                      0.153278    0.015799   12.885957 v clkbuf_1_0_0_wb_clk_i/A (sky130_fd_sc_hd__clkbuf_8)
     3    0.118669    0.228223    0.430303   13.316259 v clkbuf_1_0_0_wb_clk_i/X (sky130_fd_sc_hd__clkbuf_8)
                                                         clknet_1_0_0_wb_clk_i (net)
                      0.229213    0.011727   13.327986 v clkbuf_2_0_0_wb_clk_i/A (sky130_fd_sc_hd__clkbuf_8)
     2    0.104196    0.206377    0.442291   13.770277 v clkbuf_2_0_0_wb_clk_i/X (sky130_fd_sc_hd__clkbuf_8)
                                                         clknet_2_0_0_wb_clk_i (net)
                      0.208199    0.015364   13.785641 v clkbuf_3_0_0_wb_clk_i/A (sky130_fd_sc_hd__clkbuf_8)
     3    0.085579    0.171782    0.415274   14.200914 v clkbuf_3_0_0_wb_clk_i/X (sky130_fd_sc_hd__clkbuf_8)
                                                         clknet_3_0_0_wb_clk_i (net)
                      0.172106    0.006604   14.207520 v clkbuf_4_0_0_wb_clk_i/A (sky130_fd_sc_hd__clkbuf_8)
     4    0.070025    0.146299    0.377755   14.585274 v clkbuf_4_0_0_wb_clk_i/X (sky130_fd_sc_hd__clkbuf_8)
                                                         clknet_4_0_0_wb_clk_i (net)
                      0.146321    0.001951   14.587225 v clkbuf_6_2_0_wb_clk_i/A (sky130_fd_sc_hd__clkbuf_8)
    13    0.109234    0.210564    0.416919   15.004144 v clkbuf_6_2_0_wb_clk_i/X (sky130_fd_sc_hd__clkbuf_8)
                                                         clknet_6_2_0_wb_clk_i (net)
                      0.280837    0.003540   15.007685 v u_engine.g_banks[0].u_ram.u_macro/clk1 (sky130_sram_1kbyte_1rw1r_32x256_8)
     2    0.028522    0.016512    0.489401   15.497085 ^ u_engine.g_banks[0].u_ram.u_macro/dout1[4] (sky130_sram_1kbyte_1rw1r_32x256_8)
                                                         u_engine.bank_rdata[0][4] (net)
                      0.012384    0.003219   15.500303 ^ wire2338/A (sky130_fd_sc_hd__clkbuf_2)
     1    0.026044    0.228204    0.280258   15.780561 ^ wire2338/X (sky130_fd_sc_hd__clkbuf_2)
                                                         net2338 (net)
                      0.228275    0.003306   15.783867 ^ wire2337/A (sky130_fd_sc_hd__clkbuf_4)
     3    0.167401    0.770793    0.802297   16.586164 ^ wire2337/X (sky130_fd_sc_hd__clkbuf_4)
                                                         net2337 (net)
                      0.776853    0.055350   16.641514 ^ wire2336/A (sky130_fd_sc_hd__buf_4)
     1    0.008194    0.075493    0.464301   17.105814 ^ wire2336/X (sky130_fd_sc_hd__buf_4)
                                                         net2336 (net)
                      0.075773    0.000400   17.106215 ^ fanout2334/A (sky130_fd_sc_hd__buf_4)
     2    0.049731    0.228728    0.326123   17.432337 ^ fanout2334/X (sky130_fd_sc_hd__buf_4)
                                                         net2334 (net)
                      0.229165    0.008157   17.440495 ^ wire2335/A (sky130_fd_sc_hd__buf_4)
     3    0.112674    0.492337    0.586885   18.027380 ^ wire2335/X (sky130_fd_sc_hd__buf_4)
                                                         net2335 (net)
                      0.492573    0.005702   18.033081 ^ fanout2332/A (sky130_fd_sc_hd__buf_1)
     2    0.018774    0.360913    0.497071   18.530151 ^ fanout2332/X (sky130_fd_sc_hd__buf_1)
                                                         net2332 (net)
                      0.360913    0.001087   18.531239 ^ fanout2331/A (sky130_fd_sc_hd__buf_1)
     2    0.016165    0.313244    0.426642   18.957882 ^ fanout2331/X (sky130_fd_sc_hd__buf_1)
                                                         net2331 (net)
                      0.313244    0.000885   18.958765 ^ fanout2330/A (sky130_fd_sc_hd__clkbuf_1)
     2    0.008933    0.182818    0.319710   19.278477 ^ fanout2330/X (sky130_fd_sc_hd__clkbuf_1)
                                                         net2330 (net)
                      0.182818    0.000119   19.278595 ^ fanout2329/A (sky130_fd_sc_hd__buf_1)
     4    0.014928    0.290630    0.355600   19.634195 ^ fanout2329/X (sky130_fd_sc_hd__buf_1)
                                                         net2329 (net)
                      0.290630    0.000483   19.634678 ^ _64972_/A1 (sky130_fd_sc_hd__o22a_1)
     3    0.010341    0.184967    0.442309   20.076988 ^ _64972_/X (sky130_fd_sc_hd__o22a_1)
                                                         _24791_ (net)
                      0.184967    0.000247   20.077234 ^ _64973_/A1 (sky130_fd_sc_hd__mux2_2)
     4    0.017154    0.175610    0.427356   20.504591 ^ _64973_/X (sky130_fd_sc_hd__mux2_2)
                                                         u_engine.l1b_b[4] (net)
                      0.175610    0.000597   20.505188 ^ _64981_/A (sky130_fd_sc_hd__xor2_1)
     3    0.012090    0.217410    0.267754   20.772942 v _64981_/X (sky130_fd_sc_hd__xor2_1)
                                                         _24798_ (net)
                      0.217410    0.000457   20.773397 v _65017_/A1 (sky130_fd_sc_hd__o211ai_2)
     3    0.013070    0.337063    0.435167   21.208565 ^ _65017_/Y (sky130_fd_sc_hd__o211ai_2)
                                                         _24828_ (net)
                      0.337063    0.000369   21.208935 ^ _65031_/A3 (sky130_fd_sc_hd__a31o_4)
     2    0.028551    0.168387    0.495694   21.704628 ^ _65031_/X (sky130_fd_sc_hd__a31o_4)
                                                         _24839_ (net)
                      0.168417    0.002247   21.706875 ^ _65048_/A2 (sky130_fd_sc_hd__a21boi_4)
     3    0.012551    0.104658    0.162281   21.869156 v _65048_/Y (sky130_fd_sc_hd__a21boi_4)
                                                         _24853_ (net)
                      0.104658    0.000323   21.869480 v _65086_/A1 (sky130_fd_sc_hd__o211a_1)
     2    0.009897    0.133232    0.484624   22.354103 v _65086_/X (sky130_fd_sc_hd__o211a_1)
                                                         _24885_ (net)
                      0.133232    0.000311   22.354414 v _65123_/C (sky130_fd_sc_hd__or4_4)
     2    0.030505    0.232972    1.115204   23.469618 v _65123_/X (sky130_fd_sc_hd__or4_4)
                                                         _24916_ (net)
                      0.232972    0.003434   23.473051 v _65161_/A2 (sky130_fd_sc_hd__a211o_1)
     2    0.008446    0.134829    0.661730   24.134783 v _65161_/X (sky130_fd_sc_hd__a211o_1)
                                                         _24948_ (net)
                      0.134829    0.000288   24.135069 v _65195_/A2 (sky130_fd_sc_hd__a311o_1)
     2    0.009476    0.156181    0.681146   24.816216 v _65195_/X (sky130_fd_sc_hd__a311o_1)
                                                         _24976_ (net)
                      0.156181    0.000380   24.816595 v _65230_/A2 (sky130_fd_sc_hd__a211o_1)
     2    0.007398    0.125694    0.621350   25.437946 v _65230_/X (sky130_fd_sc_hd__a211o_1)
                                                         _25005_ (net)
                      0.125694    0.000171   25.438116 v _65268_/A2 (sky130_fd_sc_hd__a311o_1)
     2    0.024507    0.275003    0.798829   26.236946 v _65268_/X (sky130_fd_sc_hd__a311o_1)
                                                         _25037_ (net)
                      0.275013    0.001986   26.238932 v _65303_/A2 (sky130_fd_sc_hd__a211oi_4)
     3    0.020306    0.484065    0.649823   26.888756 ^ _65303_/Y (sky130_fd_sc_hd__a211oi_4)
                                                         _25066_ (net)
                      0.484065    0.001345   26.890100 ^ _65344_/A1 (sky130_fd_sc_hd__o2111a_4)
     3    0.024113    0.166833    0.686702   27.576801 ^ _65344_/X (sky130_fd_sc_hd__o2111a_4)
                                                         _25101_ (net)
                      0.166846    0.001631   27.578432 ^ _65379_/A3 (sky130_fd_sc_hd__o31ai_4)
     3    0.016114    0.142471    0.171097   27.749529 v _65379_/Y (sky130_fd_sc_hd__o31ai_4)
                                                         _25130_ (net)
                      0.142473    0.000917   27.750446 v _65395_/A2 (sky130_fd_sc_hd__o21a_1)
     3    0.012519    0.148950    0.423318   28.173765 v _65395_/X (sky130_fd_sc_hd__o21a_1)
                                                         _25143_ (net)
                      0.148950    0.000421   28.174185 v _65399_/A (sky130_fd_sc_hd__nor2_2)
     2    0.008150    0.185147    0.256753   28.430939 ^ _65399_/Y (sky130_fd_sc_hd__nor2_2)
                                                         _25147_ (net)
                      0.185147    0.000210   28.431149 ^ _65416_/A2 (sky130_fd_sc_hd__o21ba_4)
     2    0.007182    0.074260    0.289596   28.720743 ^ _65416_/X (sky130_fd_sc_hd__o21ba_4)
                                                         _25161_ (net)
                      0.074260    0.000188   28.720932 ^ _65430_/B1 (sky130_fd_sc_hd__a21o_1)
     2    0.014421    0.208505    0.249377   28.970310 ^ _65430_/X (sky130_fd_sc_hd__a21o_1)
                                                         _25172_ (net)
                      0.208505    0.000597   28.970907 ^ _65448_/A1 (sky130_fd_sc_hd__a21bo_4)
     2    0.017019    0.110663    0.324174   29.295080 ^ _65448_/X (sky130_fd_sc_hd__a21bo_4)
                                                         _25187_ (net)
                      0.110666    0.000785   29.295866 ^ _65449_/B (sky130_fd_sc_hd__nand2b_4)
     2    0.007514    0.074350    0.118941   29.414808 v _65449_/Y (sky130_fd_sc_hd__nand2b_4)
                                                         _25188_ (net)
                      0.074350    0.000286   29.415092 v _65462_/A (sky130_fd_sc_hd__and3_1)
     1    0.003709    0.078616    0.301863   29.716957 v _65462_/X (sky130_fd_sc_hd__and3_1)
                                                         _25198_ (net)
                      0.078616    0.000124   29.717081 v _65464_/C (sky130_fd_sc_hd__or3_4)
     1    0.005532    0.120996    0.655531   30.372612 v _65464_/X (sky130_fd_sc_hd__or3_4)
                                                         _25200_ (net)
                      0.120996    0.000181   30.372793 v _65465_/A (sky130_fd_sc_hd__xnor2_1)
     1    0.002777    0.091083    0.236167   30.608959 v _65465_/Y (sky130_fd_sc_hd__xnor2_1)
                                                         u_engine.u_bf_l1b.mm_b[31] (net)
                      0.091083    0.000089   30.609049 v _74332_/D (sky130_fd_sc_hd__dfxtp_2)
                                             30.609049   data arrival time

                                 25.000000   25.000000   clock wb_clk (rise edge)
                                  0.000000   25.000000   clock source latency
     2    0.244497    0.000000    0.000000   25.000000 ^ wb_clk_i (in)
                                                         wb_clk_i (net)
                      0.065488    0.032744   25.032743 ^ clkbuf_0_wb_clk_i/A (sky130_fd_sc_hd__clkbuf_16)
     3    0.121545    0.207672    0.331120   25.363863 ^ clkbuf_0_wb_clk_i/X (sky130_fd_sc_hd__clkbuf_16)
                                                         clknet_0_wb_clk_i (net)
                      0.208593    0.011182   25.375046 ^ clkbuf_1_1_0_wb_clk_i/A (sky130_fd_sc_hd__clkbuf_8)
     3    0.091258    0.256579    0.429441   25.804487 ^ clkbuf_1_1_0_wb_clk_i/X (sky130_fd_sc_hd__clkbuf_8)
                                                         clknet_1_1_0_wb_clk_i (net)
                      0.258171    0.016326   25.820812 ^ clkbuf_2_2_0_wb_clk_i/A (sky130_fd_sc_hd__clkbuf_8)
     2    0.023470    0.092480    0.328093   26.148907 ^ clkbuf_2_2_0_wb_clk_i/X (sky130_fd_sc_hd__clkbuf_8)
                                                         clknet_2_2_0_wb_clk_i (net)
                      0.092534    0.002061   26.150967 ^ clkbuf_3_4_0_wb_clk_i/A (sky130_fd_sc_hd__clkbuf_8)
     3    0.103219    0.287370    0.394389   26.545355 ^ clkbuf_3_4_0_wb_clk_i/X (sky130_fd_sc_hd__clkbuf_8)
                                                         clknet_3_4_0_wb_clk_i (net)
                      0.289059    0.017932   26.563288 ^ clkbuf_4_8_0_wb_clk_i/A (sky130_fd_sc_hd__clkbuf_8)
     4    0.112116    0.306708    0.506596   27.069883 ^ clkbuf_4_8_0_wb_clk_i/X (sky130_fd_sc_hd__clkbuf_8)
                                                         clknet_4_8_0_wb_clk_i (net)
                      0.306760    0.004004   27.073887 ^ clkbuf_6_33_0_wb_clk_i/A (sky130_fd_sc_hd__clkbuf_8)
     7    0.061746    0.183416    0.422613   27.496500 ^ clkbuf_6_33_0_wb_clk_i/X (sky130_fd_sc_hd__clkbuf_8)
                                                         clknet_6_33_0_wb_clk_i (net)
                      0.183450    0.002506   27.499006 ^ clkbuf_leaf_89_wb_clk_i/A (sky130_fd_sc_hd__clkbuf_8)
    10    0.037876    0.124747    0.325901   27.824907 ^ clkbuf_leaf_89_wb_clk_i/X (sky130_fd_sc_hd__clkbuf_8)
                                                         clknet_leaf_89_wb_clk_i (net)
                      0.124747    0.000576   27.825483 ^ _74332_/CLK (sky130_fd_sc_hd__dfxtp_2)
                                 -0.250000   27.575483   clock uncertainty
                                  0.000000   27.575483   clock reconvergence pessimism
                                 -0.268316   27.307169   library setup time
                                             27.307169   data required time
---------------------------------------------------------------------------------------------
                                             27.307169   data required time
                                            -30.609049   data arrival time
---------------------------------------------------------------------------------------------
                                             -3.301880   slack (VIOLATED)




===========================================================================
report_checks --slack_max -0.01
============================================================================
======================= nom_ss_100C_1v60 Corner ===================================

Startpoint: u_engine.g_banks[0].u_ram.u_macro
            (falling edge-triggered flip-flop clocked by wb_clk)
Endpoint: _74332_ (rising edge-triggered flip-flop clocked by wb_clk)
Path Group: wb_clk
Path Type: max

Fanout         Cap        Slew       Delay        Time   Description
---------------------------------------------------------------------------------------------
                                 12.500000   12.500000   clock wb_clk (fall edge)
                                  0.000000   12.500000   clock source latency
     2    0.243559    0.000000    0.000000   12.500000 v wb_clk_i (in)
                                                         wb_clk_i (net)
                      0.065010    0.032505   12.532504 v clkbuf_0_wb_clk_i/A (sky130_fd_sc_hd__clkbuf_16)
     3    0.120631    0.150661    0.337653   12.870158 v clkbuf_0_wb_clk_i/X (sky130_fd_sc_hd__clkbuf_16)
                                                         clknet_0_wb_clk_i (net)
                      0.153278    0.015799   12.885957 v clkbuf_1_0_0_wb_clk_i/A (sky130_fd_sc_hd__clkbuf_8)
     3    0.118669    0.228223    0.430303   13.316259 v clkbuf_1_0_0_wb_clk_i/X (sky130_fd_sc_hd__clkbuf_8)
                                                         clknet_1_0_0_wb_clk_i (net)
                      0.229213    0.011727   13.327986 v clkbuf_2_0_0_wb_clk_i/A (sky130_fd_sc_hd__clkbuf_8)
     2    0.104196    0.206377    0.442291   13.770277 v clkbuf_2_0_0_wb_clk_i/X (sky130_fd_sc_hd__clkbuf_8)
                                                         clknet_2_0_0_wb_clk_i (net)
                      0.208199    0.015364   13.785641 v clkbuf_3_0_0_wb_clk_i/A (sky130_fd_sc_hd__clkbuf_8)
     3    0.085579    0.171782    0.415274   14.200914 v clkbuf_3_0_0_wb_clk_i/X (sky130_fd_sc_hd__clkbuf_8)
                                                         clknet_3_0_0_wb_clk_i (net)
                      0.172106    0.006604   14.207520 v clkbuf_4_0_0_wb_clk_i/A (sky130_fd_sc_hd__clkbuf_8)
     4    0.070025    0.146299    0.377755   14.585274 v clkbuf_4_0_0_wb_clk_i/X (sky130_fd_sc_hd__clkbuf_8)
                                                         clknet_4_0_0_wb_clk_i (net)
                      0.146321    0.001951   14.587225 v clkbuf_6_2_0_wb_clk_i/A (sky130_fd_sc_hd__clkbuf_8)
    13    0.109234    0.210564    0.416919   15.004144 v clkbuf_6_2_0_wb_clk_i/X (sky130_fd_sc_hd__clkbuf_8)
                                                         clknet_6_2_0_wb_clk_i (net)
                      0.280837    0.003540   15.007685 v u_engine.g_banks[0].u_ram.u_macro/clk1 (sky130_sram_1kbyte_1rw1r_32x256_8)
     2    0.028522    0.016512    0.489401   15.497085 ^ u_engine.g_banks[0].u_ram.u_macro/dout1[4] (sky130_sram_1kbyte_1rw1r_32x256_8)
                                                         u_engine.bank_rdata[0][4] (net)
                      0.012384    0.003219   15.500303 ^ wire2338/A (sky130_fd_sc_hd__clkbuf_2)
     1    0.026044    0.228204    0.280258   15.780561 ^ wire2338/X (sky130_fd_sc_hd__clkbuf_2)
                                                         net2338 (net)
                      0.228275    0.003306   15.783867 ^ wire2337/A (sky130_fd_sc_hd__clkbuf_4)
     3    0.167401    0.770793    0.802297   16.586164 ^ wire2337/X (sky130_fd_sc_hd__clkbuf_4)
                                                         net2337 (net)
                      0.776853    0.055350   16.641514 ^ wire2336/A (sky130_fd_sc_hd__buf_4)
     1    0.008194    0.075493    0.464301   17.105814 ^ wire2336/X (sky130_fd_sc_hd__buf_4)
                                                         net2336 (net)
                      0.075773    0.000400   17.106215 ^ fanout2334/A (sky130_fd_sc_hd__buf_4)
     2    0.049731    0.228728    0.326123   17.432337 ^ fanout2334/X (sky130_fd_sc_hd__buf_4)
                                                         net2334 (net)
                      0.229165    0.008157   17.440495 ^ wire2335/A (sky130_fd_sc_hd__buf_4)
     3    0.112674    0.492337    0.586885   18.027380 ^ wire2335/X (sky130_fd_sc_hd__buf_4)
                                                         net2335 (net)
                      0.492573    0.005702   18.033081 ^ fanout2332/A (sky130_fd_sc_hd__buf_1)
     2    0.018774    0.360913    0.497071   18.530151 ^ fanout2332/X (sky130_fd_sc_hd__buf_1)
                                                         net2332 (net)
                      0.360913    0.001087   18.531239 ^ fanout2331/A (sky130_fd_sc_hd__buf_1)
     2    0.016165    0.313244    0.426642   18.957882 ^ fanout2331/X (sky130_fd_sc_hd__buf_1)
                                                         net2331 (net)
                      0.313244    0.000885   18.958765 ^ fanout2330/A (sky130_fd_sc_hd__clkbuf_1)
     2    0.008933    0.182818    0.319710   19.278477 ^ fanout2330/X (sky130_fd_sc_hd__clkbuf_1)
                                                         net2330 (net)
                      0.182818    0.000119   19.278595 ^ fanout2329/A (sky130_fd_sc_hd__buf_1)
     4    0.014928    0.290630    0.355600   19.634195 ^ fanout2329/X (sky130_fd_sc_hd__buf_1)
                                                         net2329 (net)
                      0.290630    0.000483   19.634678 ^ _64972_/A1 (sky130_fd_sc_hd__o22a_1)
     3    0.010341    0.184967    0.442309   20.076988 ^ _64972_/X (sky130_fd_sc_hd__o22a_1)
                                                         _24791_ (net)
                      0.184967    0.000247   20.077234 ^ _64973_/A1 (sky130_fd_sc_hd__mux2_2)
     4    0.017154    0.175610    0.427356   20.504591 ^ _64973_/X (sky130_fd_sc_hd__mux2_2)
                                                         u_engine.l1b_b[4] (net)
                      0.175610    0.000597   20.505188 ^ _64981_/A (sky130_fd_sc_hd__xor2_1)
     3    0.012090    0.217410    0.267754   20.772942 v _64981_/X (sky130_fd_sc_hd__xor2_1)
                                                         _24798_ (net)
                      0.217410    0.000457   20.773397 v _65017_/A1 (sky130_fd_sc_hd__o211ai_2)
     3    0.013070    0.337063    0.435167   21.208565 ^ _65017_/Y (sky130_fd_sc_hd__o211ai_2)
                                                         _24828_ (net)
                      0.337063    0.000369   21.208935 ^ _65031_/A3 (sky130_fd_sc_hd__a31o_4)
     2    0.028551    0.168387    0.495694   21.704628 ^ _65031_/X (sky130_fd_sc_hd__a31o_4)
                                                         _24839_ (net)
                      0.168417    0.002247   21.706875 ^ _65048_/A2 (sky130_fd_sc_hd__a21boi_4)
     3    0.012551    0.104658    0.162281   21.869156 v _65048_/Y (sky130_fd_sc_hd__a21boi_4)
                                                         _24853_ (net)
                      0.104658    0.000323   21.869480 v _65086_/A1 (sky130_fd_sc_hd__o211a_1)
     2    0.009897    0.133232    0.484624   22.354103 v _65086_/X (sky130_fd_sc_hd__o211a_1)
                                                         _24885_ (net)
                      0.133232    0.000311   22.354414 v _65123_/C (sky130_fd_sc_hd__or4_4)
     2    0.030505    0.232972    1.115204   23.469618 v _65123_/X (sky130_fd_sc_hd__or4_4)
                                                         _24916_ (net)
                      0.232972    0.003434   23.473051 v _65161_/A2 (sky130_fd_sc_hd__a211o_1)
     2    0.008446    0.134829    0.661730   24.134783 v _65161_/X (sky130_fd_sc_hd__a211o_1)
                                                         _24948_ (net)
                      0.134829    0.000288   24.135069 v _65195_/A2 (sky130_fd_sc_hd__a311o_1)
     2    0.009476    0.156181    0.681146   24.816216 v _65195_/X (sky130_fd_sc_hd__a311o_1)
                                                         _24976_ (net)
                      0.156181    0.000380   24.816595 v _65230_/A2 (sky130_fd_sc_hd__a211o_1)
     2    0.007398    0.125694    0.621350   25.437946 v _65230_/X (sky130_fd_sc_hd__a211o_1)
                                                         _25005_ (net)
                      0.125694    0.000171   25.438116 v _65268_/A2 (sky130_fd_sc_hd__a311o_1)
     2    0.024507    0.275003    0.798829   26.236946 v _65268_/X (sky130_fd_sc_hd__a311o_1)
                                                         _25037_ (net)
                      0.275013    0.001986   26.238932 v _65303_/A2 (sky130_fd_sc_hd__a211oi_4)
     3    0.020306    0.484065    0.649823   26.888756 ^ _65303_/Y (sky130_fd_sc_hd__a211oi_4)
                                                         _25066_ (net)
                      0.484065    0.001345   26.890100 ^ _65344_/A1 (sky130_fd_sc_hd__o2111a_4)
     3    0.024113    0.166833    0.686702   27.576801 ^ _65344_/X (sky130_fd_sc_hd__o2111a_4)
                                                         _25101_ (net)
                      0.166846    0.001631   27.578432 ^ _65379_/A3 (sky130_fd_sc_hd__o31ai_4)
     3    0.016114    0.142471    0.171097   27.749529 v _65379_/Y (sky130_fd_sc_hd__o31ai_4)
                                                         _25130_ (net)
                      0.142473    0.000917   27.750446 v _65395_/A2 (sky130_fd_sc_hd__o21a_1)
     3    0.012519    0.148950    0.423318   28.173765 v _65395_/X (sky130_fd_sc_hd__o21a_1)
                                                         _25143_ (net)
                      0.148950    0.000421   28.174185 v _65399_/A (sky130_fd_sc_hd__nor2_2)
     2    0.008150    0.185147    0.256753   28.430939 ^ _65399_/Y (sky130_fd_sc_hd__nor2_2)
                                                         _25147_ (net)
                      0.185147    0.000210   28.431149 ^ _65416_/A2 (sky130_fd_sc_hd__o21ba_4)
     2    0.007182    0.074260    0.289596   28.720743 ^ _65416_/X (sky130_fd_sc_hd__o21ba_4)
                                                         _25161_ (net)
                      0.074260    0.000188   28.720932 ^ _65430_/B1 (sky130_fd_sc_hd__a21o_1)
     2    0.014421    0.208505    0.249377   28.970310 ^ _65430_/X (sky130_fd_sc_hd__a21o_1)
                                                         _25172_ (net)
                      0.208505    0.000597   28.970907 ^ _65448_/A1 (sky130_fd_sc_hd__a21bo_4)
     2    0.017019    0.110663    0.324174   29.295080 ^ _65448_/X (sky130_fd_sc_hd__a21bo_4)
                                                         _25187_ (net)
                      0.110666    0.000785   29.295866 ^ _65449_/B (sky130_fd_sc_hd__nand2b_4)
     2    0.007514    0.074350    0.118941   29.414808 v _65449_/Y (sky130_fd_sc_hd__nand2b_4)
                                                         _25188_ (net)
                      0.074350    0.000286   29.415092 v _65462_/A (sky130_fd_sc_hd__and3_1)
     1    0.003709    0.078616    0.301863   29.716957 v _65462_/X (sky130_fd_sc_hd__and3_1)
                                                         _25198_ (net)
                      0.078616    0.000124   29.717081 v _65464_/C (sky130_fd_sc_hd__or3_4)
     1    0.005532    0.120996    0.655531   30.372612 v _65464_/X (sky130_fd_sc_hd__or3_4)
                                                         _25200_ (net)
                      0.120996    0.000181   30.372793 v _65465_/A (sky130_fd_sc_hd__xnor2_1)
     1    0.002777    0.091083    0.236167   30.608959 v _65465_/Y (sky130_fd_sc_hd__xnor2_1)
                                                         u_engine.u_bf_l1b.mm_b[31] (net)
                      0.091083    0.000089   30.609049 v _74332_/D (sky130_fd_sc_hd__dfxtp_2)
                                             30.609049   data arrival time

                                 25.000000   25.000000   clock wb_clk (rise edge)
                                  0.000000   25.000000   clock source latency
     2    0.244497    0.000000    0.000000   25.000000 ^ wb_clk_i (in)
                                                         wb_clk_i (net)
                      0.065488    0.032744   25.032743 ^ clkbuf_0_wb_clk_i/A (sky130_fd_sc_hd__clkbuf_16)
     3    0.121545    0.207672    0.331120   25.363863 ^ clkbuf_0_wb_clk_i/X (sky130_fd_sc_hd__clkbuf_16)
                                                         clknet_0_wb_clk_i (net)
                      0.208593    0.011182   25.375046 ^ clkbuf_1_1_0_wb_clk_i/A (sky130_fd_sc_hd__clkbuf_8)
     3    0.091258    0.256579    0.429441   25.804487 ^ clkbuf_1_1_0_wb_clk_i/X (sky130_fd_sc_hd__clkbuf_8)
                                                         clknet_1_1_0_wb_clk_i (net)
                      0.258171    0.016326   25.820812 ^ clkbuf_2_2_0_wb_clk_i/A (sky130_fd_sc_hd__clkbuf_8)
     2    0.023470    0.092480    0.328093   26.148907 ^ clkbuf_2_2_0_wb_clk_i/X (sky130_fd_sc_hd__clkbuf_8)
                                                         clknet_2_2_0_wb_clk_i (net)
                      0.092534    0.002061   26.150967 ^ clkbuf_3_4_0_wb_clk_i/A (sky130_fd_sc_hd__clkbuf_8)
     3    0.103219    0.287370    0.394389   26.545355 ^ clkbuf_3_4_0_wb_clk_i/X (sky130_fd_sc_hd__clkbuf_8)
                                                         clknet_3_4_0_wb_clk_i (net)
                      0.289059    0.017932   26.563288 ^ clkbuf_4_8_0_wb_clk_i/A (sky130_fd_sc_hd__clkbuf_8)
     4    0.112116    0.306708    0.506596   27.069883 ^ clkbuf_4_8_0_wb_clk_i/X (sky130_fd_sc_hd__clkbuf_8)
                                                         clknet_4_8_0_wb_clk_i (net)
                      0.306760    0.004004   27.073887 ^ clkbuf_6_33_0_wb_clk_i/A (sky130_fd_sc_hd__clkbuf_8)
     7    0.061746    0.183416    0.422613   27.496500 ^ clkbuf_6_33_0_wb_clk_i/X (sky130_fd_sc_hd__clkbuf_8)
                                                         clknet_6_33_0_wb_clk_i (net)
                      0.183450    0.002506   27.499006 ^ clkbuf_leaf_89_wb_clk_i/A (sky130_fd_sc_hd__clkbuf_8)
    10    0.037876    0.124747    0.325901   27.824907 ^ clkbuf_leaf_89_wb_clk_i/X (sky130_fd_sc_hd__clkbuf_8)
                                                         clknet_leaf_89_wb_clk_i (net)
                      0.124747    0.000576   27.825483 ^ _74332_/CLK (sky130_fd_sc_hd__dfxtp_2)
                                 -0.250000   27.575483   clock uncertainty
                                  0.000000   27.575483   clock reconvergence pessimism
                                 -0.268316   27.307169   library setup time
                                             27.307169   data required time
---------------------------------------------------------------------------------------------
                                             27.307169   data required time
                                            -30.609049   data arrival time
---------------------------------------------------------------------------------------------
                                             -3.301880   slack (VIOLATED)




===========================================================================
 report_check_types -max_slew -max_cap -max_fanout -violators
============================================================================
======================= nom_ss_100C_1v60 Corner ===================================

max slew

Pin                                        Limit        Slew       Slack
------------------------------------------------------------------------
u_engine.u_zstore.g_zrams[0].u_ram.u_macro/addr1[0]    0.500000    0.813335   -0.313335 (VIOLATED)
_68921_/A2                              1.500000    1.757477   -0.257477 (VIOLATED)
_68875_/A2                              1.500000    1.757381   -0.257381 (VIOLATED)
_68811_/A2                              1.500000    1.757303   -0.257303 (VIOLATED)
_68853_/A2                              1.500000    1.757177   -0.257177 (VIOLATED)
_68833_/A2                              1.500000    1.757088   -0.257088 (VIOLATED)
_68864_/A2                              1.500000    1.757087   -0.257087 (VIOLATED)
_68777_/A2                              1.500000    1.757039   -0.257039 (VIOLATED)
_68762_/A2                              1.500000    1.756857   -0.256857 (VIOLATED)
_68789_/A2                              1.500000    1.756567   -0.256567 (VIOLATED)
_68822_/A2                              1.500000    1.756334   -0.256334 (VIOLATED)
_68800_/A2                              1.500000    1.756289   -0.256289 (VIOLATED)
_68842_/A2                              1.500000    1.756108   -0.256108 (VIOLATED)
_68898_/A2                              1.500000    1.755597   -0.255597 (VIOLATED)
_68887_/A2                              1.500000    1.755313   -0.255313 (VIOLATED)
_68931_/A2                              1.500000    1.754931   -0.254931 (VIOLATED)
_68910_/A2                              1.500000    1.754390   -0.254390 (VIOLATED)
_68942_/A2                              1.500000    1.754378   -0.254378 (VIOLATED)
_68980_/A2                              1.500000    1.754339   -0.254339 (VIOLATED)
_68991_/A2                              1.500000    1.754333   -0.254333 (VIOLATED)
_68969_/A2                              1.500000    1.754314   -0.254314 (VIOLATED)
_69023_/A2                              1.500000    1.754058   -0.254058 (VIOLATED)
_69002_/A2                              1.500000    1.754046   -0.254046 (VIOLATED)
_69053_/A2                              1.500000    1.754045   -0.254045 (VIOLATED)
_68759_/Y                               1.495733    1.749758   -0.254025 (VIOLATED)
_69033_/A2                              1.500000    1.754011   -0.254011 (VIOLATED)
_68955_/B1                              1.500000    1.753936   -0.253936 (VIOLATED)
_68763_/A4                              1.500000    1.753932   -0.253933 (VIOLATED)
_69013_/A2                              1.500000    1.753841   -0.253841 (VIOLATED)
_69043_/A2                              1.500000    1.753642   -0.253642 (VIOLATED)
_69087_/A2                              1.500000    1.753397   -0.253397 (VIOLATED)
_69107_/A2                              1.500000    1.752665   -0.252665 (VIOLATED)
_69097_/A2                              1.500000    1.751748   -0.251748 (VIOLATED)
_69064_/A2                              1.500000    1.751397   -0.251397 (VIOLATED)
_69078_/A2                              1.500000    1.751240   -0.251240 (VIOLATED)
_69117_/B1                              1.500000    1.750457   -0.250457 (VIOLATED)
_69159_/A2                              1.500000    1.750067   -0.250067 (VIOLATED)
_69151_/A2                              1.500000    1.750021   -0.250021 (VIOLATED)
_69135_/A2                              1.500000    1.750012   -0.250012 (VIOLATED)
_69143_/A2                              1.500000    1.749998   -0.249998 (VIOLATED)
_69127_/A2                              1.500000    1.749804   -0.249804 (VIOLATED)
_67277_/B2                              1.500000    1.743752   -0.243752 (VIOLATED)
_66877_/B2                              1.500000    1.743744   -0.243744 (VIOLATED)
_66806_/B2                              1.500000    1.743715   -0.243715 (VIOLATED)
_66951_/B2                              1.500000    1.743667   -0.243667 (VIOLATED)
_67191_/B2                              1.500000    1.743565   -0.243565 (VIOLATED)
_67463_/B2                              1.500000    1.743530   -0.243530 (VIOLATED)
u_engine.u_zstore.g_zrams[0].u_ram.u_macro/addr1[6]    0.500000    0.743510   -0.243510 (VIOLATED)
_67029_/B2                              1.500000    1.743505   -0.243505 (VIOLATED)
_67523_/B2                              1.500000    1.743500   -0.243500 (VIOLATED)
_67790_/B2                              1.500000    1.743471   -0.243471 (VIOLATED)
_67376_/B2                              1.500000    1.743358   -0.243358 (VIOLATED)
_67719_/B2                              1.500000    1.743286   -0.243287 (VIOLATED)
_66760_/Y                               1.495733    1.738851   -0.243118 (VIOLATED)
_67651_/B2                              1.500000    1.743019   -0.243019 (VIOLATED)
_67945_/B2                              1.500000    1.742282   -0.242282 (VIOLATED)
_68037_/B2                              1.500000    1.741801   -0.241801 (VIOLATED)
_68115_/B2                              1.500000    1.741612   -0.241612 (VIOLATED)
_68548_/B2                              1.500000    1.740989   -0.240989 (VIOLATED)
_68621_/B2                              1.500000    1.740492   -0.240492 (VIOLATED)
_67876_/B2                              1.500000    1.740342   -0.240342 (VIOLATED)
_68377_/B2                              1.500000    1.740323   -0.240323 (VIOLATED)
_68656_/B2                              1.500000    1.740295   -0.240295 (VIOLATED)
_68289_/B2                              1.500000    1.740293   -0.240293 (VIOLATED)
_68206_/B2                              1.500000    1.740251   -0.240251 (VIOLATED)
_68446_/B2                              1.500000    1.740244   -0.240244 (VIOLATED)
_68514_/B2                              1.500000    1.740234   -0.240234 (VIOLATED)
_68638_/B2                              1.500000    1.740192   -0.240192 (VIOLATED)
_66761_/A                               1.500000    1.740167   -0.240167 (VIOLATED)
_66804_/A                               1.500000    1.740050   -0.240050 (VIOLATED)
_68585_/B2                              1.500000    1.739862   -0.239862 (VIOLATED)
_68605_/B2                              1.500000    1.739821   -0.239821 (VIOLATED)
_66803_/A                               1.500000    1.739543   -0.239543 (VIOLATED)
_68663_/A2                              1.500000    1.739084   -0.239084 (VIOLATED)
_68695_/A2                              1.500000    1.739079   -0.239079 (VIOLATED)
_68679_/A2                              1.500000    1.739072   -0.239072 (VIOLATED)
_68687_/A2                              1.500000    1.739066   -0.239066 (VIOLATED)
_68703_/A2                              1.500000    1.739048   -0.239048 (VIOLATED)
_68671_/A2                              1.500000    1.738938   -0.238938 (VIOLATED)
u_engine.u_zstore.g_zrams[0].u_ram.u_macro/addr1[4]    0.500000    0.715785   -0.215785 (VIOLATED)
_68537_/X                               1.500632    1.706306   -0.205674 (VIOLATED)
_67277_/C1                              1.500000    1.694863   -0.194863 (VIOLATED)
_66877_/C1                              1.500000    1.694846   -0.194846 (VIOLATED)
_66806_/C1                              1.500000    1.694803   -0.194803 (VIOLATED)
_66951_/C1                              1.500000    1.694718   -0.194718 (VIOLATED)
_67191_/C1                              1.500000    1.694601   -0.194601 (VIOLATED)
_67029_/C1                              1.500000    1.694534   -0.194534 (VIOLATED)
_67376_/C1                              1.500000    1.694364   -0.194365 (VIOLATED)
_67651_/C1                              1.500000    1.694142   -0.194142 (VIOLATED)
_67719_/C1                              1.500000    1.693787   -0.193788 (VIOLATED)
_67112_/A1                              1.500000    1.693524   -0.193524 (VIOLATED)
_68037_/C1                              1.500000    1.693504   -0.193504 (VIOLATED)
_67523_/C1                              1.500000    1.693311   -0.193311 (VIOLATED)
_67463_/C1                              1.500000    1.693147   -0.193147 (VIOLATED)
_67588_/A1                              1.500000    1.693003   -0.193003 (VIOLATED)
_67790_/C1                              1.500000    1.692704   -0.192704 (VIOLATED)
_67876_/C1                              1.500000    1.692012   -0.192012 (VIOLATED)
_66778_/Y                               1.495733    1.687470   -0.191737 (VIOLATED)
_68377_/C1                              1.500000    1.691566   -0.191567 (VIOLATED)
_68289_/C1                              1.500000    1.691018   -0.191018 (VIOLATED)
_68446_/C1                              1.500000    1.690858   -0.190858 (VIOLATED)
_66790_/A2                              1.500000    1.690461   -0.190461 (VIOLATED)
_68514_/C1                              1.500000    1.690281   -0.190281 (VIOLATED)
_68208_/A1                              1.500000    1.690121   -0.190121 (VIOLATED)
_68488_/A1                              1.500000    1.690111   -0.190111 (VIOLATED)
_68532_/A1                              1.500000    1.689634   -0.189634 (VIOLATED)
_68587_/A1                              1.500000    1.689410   -0.189410 (VIOLATED)
_68566_/A1                              1.500000    1.689388   -0.189388 (VIOLATED)
_67945_/C1                              1.500000    1.689022   -0.189022 (VIOLATED)
_68115_/C1                              1.500000    1.689011   -0.189011 (VIOLATED)
_68548_/C1                              1.500000    1.688955   -0.188955 (VIOLATED)
_68621_/C1                              1.500000    1.688879   -0.188879 (VIOLATED)
_68656_/C1                              1.500000    1.688780   -0.188780 (VIOLATED)
_68638_/C1                              1.500000    1.688301   -0.188301 (VIOLATED)
_68605_/C1                              1.500000    1.687759   -0.187759 (VIOLATED)
_68695_/C1                              1.500000    1.687562   -0.187562 (VIOLATED)
_68679_/C1                              1.500000    1.687558   -0.187558 (VIOLATED)
_68687_/C1                              1.500000    1.687553   -0.187553 (VIOLATED)
_68671_/C1                              1.500000    1.687545   -0.187545 (VIOLATED)
_68703_/C1                              1.500000    1.687543   -0.187543 (VIOLATED)
_68663_/C1                              1.500000    1.687537   -0.187537 (VIOLATED)
_65698_/Y                               1.495733    1.671286   -0.175553 (VIOLATED)
_65869_/B2                              1.500000    1.672477   -0.172477 (VIOLATED)
_65888_/B2                              1.500000    1.672471   -0.172471 (VIOLATED)
_65745_/B2                              1.500000    1.672455   -0.172455 (VIOLATED)
_65909_/B2                              1.500000    1.672438   -0.172438 (VIOLATED)
_65725_/B2                              1.500000    1.672397   -0.172397 (VIOLATED)
_65849_/B2                              1.500000    1.672385   -0.172385 (VIOLATED)
_65709_/B1                              1.500000    1.672369   -0.172369 (VIOLATED)
_66307_/B2                              1.500000    1.672232   -0.172232 (VIOLATED)
_66225_/B2                              1.500000    1.672177   -0.172177 (VIOLATED)
_66244_/B2                              1.500000    1.672085   -0.172085 (VIOLATED)
_66287_/B2                              1.500000    1.672015   -0.172015 (VIOLATED)
_66266_/B2                              1.500000    1.671989   -0.171989 (VIOLATED)
_70259_/B2                              1.500000    1.671961   -0.171961 (VIOLATED)
_70270_/A1                              1.500000    1.671960   -0.171960 (VIOLATED)
_65992_/B2                              1.500000    1.671945   -0.171945 (VIOLATED)
_70182_/B2                              1.500000    1.671916   -0.171917 (VIOLATED)
_66327_/B2                              1.500000    1.671900   -0.171900 (VIOLATED)
_70349_/A1                              1.500000    1.671887   -0.171887 (VIOLATED)
_70375_/B2                              1.500000    1.671864   -0.171864 (VIOLATED)
_70355_/B2                              1.500000    1.671839   -0.171839 (VIOLATED)
_70369_/A1                              1.500000    1.671782   -0.171782 (VIOLATED)
_70360_/A1                              1.500000    1.671724   -0.171724 (VIOLATED)
_65952_/B2                              1.500000    1.671703   -0.171703 (VIOLATED)
_65931_/B2                              1.500000    1.671701   -0.171701 (VIOLATED)
_65765_/B2                              1.500000    1.671692   -0.171693 (VIOLATED)
_65826_/B2                              1.500000    1.671678   -0.171678 (VIOLATED)
_65806_/B2                              1.500000    1.671664   -0.171664 (VIOLATED)
_65785_/B2                              1.500000    1.671646   -0.171647 (VIOLATED)
_66198_/B2                              1.500000    1.671624   -0.171624 (VIOLATED)
_65973_/B2                              1.500000    1.671617   -0.171617 (VIOLATED)
_66010_/B2                              1.500000    1.671566   -0.171567 (VIOLATED)
_66029_/A1                              1.500000    1.671551   -0.171551 (VIOLATED)
_66050_/B2                              1.500000    1.671528   -0.171528 (VIOLATED)
_66073_/B2                              1.500000    1.671525   -0.171525 (VIOLATED)
_70289_/A1                              1.500000    1.671497   -0.171497 (VIOLATED)
_66158_/B2                              1.500000    1.671482   -0.171482 (VIOLATED)
_70277_/B1                              1.500000    1.671468   -0.171468 (VIOLATED)
_70295_/B2                              1.500000    1.671466   -0.171466 (VIOLATED)
_70302_/B2                              1.500000    1.671466   -0.171466 (VIOLATED)
_70333_/A1                              1.500000    1.671458   -0.171458 (VIOLATED)
_66180_/B2                              1.500000    1.671449   -0.171449 (VIOLATED)
_70380_/B1                              1.500000    1.671410   -0.171410 (VIOLATED)
_66095_/B2                              1.500000    1.671396   -0.171396 (VIOLATED)
_66116_/B2                              1.500000    1.671332   -0.171332 (VIOLATED)
_70311_/A1                              1.500000    1.671324   -0.171324 (VIOLATED)
_66138_/B2                              1.500000    1.671307   -0.171307 (VIOLATED)
_69736_/C1                              1.500000    1.670527   -0.170527 (VIOLATED)
_69686_/C1                              1.500000    1.670485   -0.170485 (VIOLATED)
_69675_/C1                              1.500000    1.670432   -0.170432 (VIOLATED)
_69697_/C1                              1.500000    1.670333   -0.170333 (VIOLATED)
_69726_/C1                              1.500000    1.670207   -0.170207 (VIOLATED)
_69707_/A2                              1.500000    1.669831   -0.169831 (VIOLATED)
_69745_/A2                              1.500000    1.669462   -0.169462 (VIOLATED)
_69823_/C1                              1.500000    1.669363   -0.169363 (VIOLATED)
_69783_/A2                              1.500000    1.669354   -0.169354 (VIOLATED)
_69793_/C1                              1.500000    1.668765   -0.168765 (VIOLATED)
_69717_/A2                              1.500000    1.668171   -0.168171 (VIOLATED)
_69765_/A2                              1.500000    1.667495   -0.167495 (VIOLATED)
_69754_/C1                              1.500000    1.666932   -0.166932 (VIOLATED)
_69773_/C1                              1.500000    1.666285   -0.166285 (VIOLATED)
_69803_/C1                              1.500000    1.665290   -0.165290 (VIOLATED)
_69813_/C1                              1.500000    1.664726   -0.164726 (VIOLATED)
_69875_/C1                              1.500000    1.664382   -0.164382 (VIOLATED)
_69905_/C1                              1.500000    1.663812   -0.163812 (VIOLATED)
_69885_/C1                              1.500000    1.663797   -0.163798 (VIOLATED)
_69865_/C1                              1.500000    1.663728   -0.163728 (VIOLATED)
_69834_/A2                              1.500000    1.662944   -0.162944 (VIOLATED)
_69855_/A2                              1.500000    1.662551   -0.162551 (VIOLATED)
_69895_/C1                              1.500000    1.662052   -0.162052 (VIOLATED)
_69844_/C1                              1.500000    1.661234   -0.161234 (VIOLATED)
_69926_/A2                              1.500000    1.660130   -0.160130 (VIOLATED)
_69965_/C1                              1.500000    1.659595   -0.159595 (VIOLATED)
_69985_/A2                              1.500000    1.658945   -0.158945 (VIOLATED)
_69663_/Y                               1.495733    1.654197   -0.158464 (VIOLATED)
_69915_/C1                              1.500000    1.658006   -0.158007 (VIOLATED)
_68571_/X                               1.500632    1.658588   -0.157956 (VIOLATED)
_69936_/C1                              1.500000    1.657524   -0.157524 (VIOLATED)
_69945_/C1                              1.500000    1.656616   -0.156617 (VIOLATED)
_69975_/C1                              1.500000    1.655678   -0.155678 (VIOLATED)
_69955_/A2                              1.500000    1.655449   -0.155449 (VIOLATED)
_69665_/A3                              1.500000    1.654971   -0.154971 (VIOLATED)
_69991_/C1                              1.500000    1.654558   -0.154558 (VIOLATED)
_70019_/C1                              1.500000    1.654494   -0.154494 (VIOLATED)
_70005_/C1                              1.500000    1.654489   -0.154489 (VIOLATED)
_70012_/C1                              1.500000    1.654482   -0.154482 (VIOLATED)
_70027_/C1                              1.500000    1.654444   -0.154444 (VIOLATED)
_69999_/C1                              1.500000    1.654317   -0.154317 (VIOLATED)
_69329_/A1                              1.500000    1.648116   -0.148117 (VIOLATED)
_68869_/A1                              1.500000    1.648116   -0.148116 (VIOLATED)
_67696_/C1                              1.500000    1.648075   -0.148075 (VIOLATED)
_69788_/B2                              1.500000    1.648056   -0.148056 (VIOLATED)
_68949_/A1                              1.500000    1.647967   -0.147967 (VIOLATED)
_69395_/B2                              1.500000    1.647947   -0.147947 (VIOLATED)
_68012_/C1                              1.500000    1.647942   -0.147942 (VIOLATED)
_68859_/A1                              1.500000    1.647930   -0.147930 (VIOLATED)
_69828_/A1                              1.500000    1.647908   -0.147908 (VIOLATED)
_68937_/A1                              1.500000    1.647895   -0.147895 (VIOLATED)
_69818_/B2                              1.500000    1.647833   -0.147833 (VIOLATED)
_68848_/A1                              1.500000    1.647830   -0.147830 (VIOLATED)
_67437_/C1                              1.500000    1.647824   -0.147824 (VIOLATED)
_67372_/A1                              1.500000    1.647776   -0.147776 (VIOLATED)
_67254_/C1                              1.500000    1.647200   -0.147200 (VIOLATED)
_69732_/B2                              1.500000    1.647104   -0.147104 (VIOLATED)
_69286_/B2                              1.500000    1.646987   -0.146987 (VIOLATED)
_68806_/A1                              1.500000    1.646678   -0.146678 (VIOLATED)
_67085_/A                               1.500000    1.646468   -0.146468 (VIOLATED)
_69233_/A1                              1.500000    1.646228   -0.146228 (VIOLATED)
_69703_/A1_N                            1.500000    1.646161   -0.146161 (VIOLATED)
_66670_/Y                               1.495733    1.641513   -0.145780 (VIOLATED)
_69692_/A                               1.500000    1.645571   -0.145571 (VIOLATED)
_68180_/C1                              1.500000    1.645558   -0.145558 (VIOLATED)
_69429_/A1                              1.500000    1.645534   -0.145534 (VIOLATED)
_66947_/B2                              1.500000    1.645485   -0.145485 (VIOLATED)
_66674_/A                               1.500000    1.644890   -0.144890 (VIOLATED)
_69372_/A1                              1.500000    1.644373   -0.144373 (VIOLATED)
_69808_/B2                              1.500000    1.644085   -0.144085 (VIOLATED)
_66735_/C1                              1.500000    1.643659   -0.143659 (VIOLATED)
_69654_/A1                              1.500000    1.643203   -0.143203 (VIOLATED)
_68964_/A1                              1.500000    1.642978   -0.142978 (VIOLATED)
_69452_/B2                              1.500000    1.642656   -0.142656 (VIOLATED)
_68482_/B1                              1.500000    1.642534   -0.142534 (VIOLATED)
_69465_/A1                              1.500000    1.642373   -0.142373 (VIOLATED)
_69007_/A                               1.500000    1.642292   -0.142292 (VIOLATED)
_69920_/B2                              1.500000    1.642172   -0.142172 (VIOLATED)
_69497_/A1                              1.500000    1.642077   -0.142077 (VIOLATED)
_69487_/A1                              1.500000    1.642028   -0.142028 (VIOLATED)
_69476_/A1                              1.500000    1.642017   -0.142017 (VIOLATED)
_68504_/B1                              1.500000    1.642014   -0.142014 (VIOLATED)
_69019_/A1_N                            1.500000    1.642012   -0.142012 (VIOLATED)
_69980_/B2                              1.500000    1.641656   -0.141656 (VIOLATED)
_69103_/A1_N                            1.500000    1.641655   -0.141655 (VIOLATED)
_69560_/A1                              1.500000    1.641651   -0.141651 (VIOLATED)
_68597_/C1                              1.500000    1.641647   -0.141647 (VIOLATED)
_69550_/B2                              1.500000    1.641551   -0.141552 (VIOLATED)
_69941_/B2                              1.500000    1.641528   -0.141528 (VIOLATED)
_69519_/A1                              1.500000    1.641527   -0.141527 (VIOLATED)
_66664_/X                               1.494840    1.606015   -0.111175 (VIOLATED)
_68265_/A                               1.500000    1.606251   -0.106251 (VIOLATED)
_68428_/A1                              1.500000    1.606245   -0.106245 (VIOLATED)
_68997_/A1                              1.500000    1.606244   -0.106244 (VIOLATED)
_69451_/A                               1.500000    1.606238   -0.106239 (VIOLATED)
_69463_/A                               1.500000    1.606229   -0.106229 (VIOLATED)
_68474_/A                               1.500000    1.606229   -0.106229 (VIOLATED)
_68505_/A1                              1.500000    1.606206   -0.106206 (VIOLATED)
_68539_/A                               1.500000    1.606197   -0.106197 (VIOLATED)
_68649_/A1                              1.500000    1.606129   -0.106129 (VIOLATED)
_68594_/A                               1.500000    1.606125   -0.106125 (VIOLATED)
_68629_/A                               1.500000    1.606090   -0.106090 (VIOLATED)
_66917_/A                               1.500000    1.606066   -0.106066 (VIOLATED)
_66733_/A                               1.500000    1.606049   -0.106049 (VIOLATED)
_66673_/A                               1.500000    1.606027   -0.106028 (VIOLATED)
_68644_/X                               1.500629    1.605072   -0.104443 (VIOLATED)
_68554_/X                               1.500629    1.588810   -0.088181 (VIOLATED)
u_engine.u_zstore.g_zrams[0].u_ram.u_macro/addr1[3]    0.500000    0.583527   -0.083527 (VIOLATED)
u_engine.u_zstore.g_zrams[0].u_ram.u_macro/addr1[7]    0.500000    0.570226   -0.070226 (VIOLATED)
_69216_/Y                               1.497941    1.564504   -0.066563 (VIOLATED)
_69267_/B1                              1.500000    1.564991   -0.064991 (VIOLATED)
_69322_/B1                              1.500000    1.564981   -0.064981 (VIOLATED)
_69365_/B1                              1.500000    1.564957   -0.064957 (VIOLATED)
_69400_/B1                              1.500000    1.564904   -0.064904 (VIOLATED)
_69422_/B1                              1.500000    1.564836   -0.064836 (VIOLATED)
_69469_/B1                              1.500000    1.564774   -0.064774 (VIOLATED)
u_engine.u_zstore.g_zrams[0].u_ram.u_macro/addr1[1]    0.500000    0.564735   -0.064735 (VIOLATED)
max_length733/A                         1.500000    1.564720   -0.064720 (VIOLATED)
_69544_/B1                              1.500000    1.564680   -0.064680 (VIOLATED)
_69564_/B1                              1.500000    1.564590   -0.064590 (VIOLATED)
_69554_/B1                              1.500000    1.564558   -0.064558 (VIOLATED)
_69533_/B1                              1.500000    1.564533   -0.064533 (VIOLATED)
_69605_/B1                              1.500000    1.564521   -0.064521 (VIOLATED)
_69589_/B1                              1.500000    1.564520   -0.064520 (VIOLATED)
max_length734/A                         1.500000    1.564517   -0.064517 (VIOLATED)
_69597_/B1                              1.500000    1.564516   -0.064516 (VIOLATED)
_69581_/B1                              1.500000    1.564513   -0.064513 (VIOLATED)
_69613_/B1                              1.500000    1.564512   -0.064513 (VIOLATED)
_69573_/B1                              1.500000    1.564510   -0.064510 (VIOLATED)
_66661_/Y                               1.495733    1.555765   -0.060032 (VIOLATED)
_67583_/B1                              1.500000    1.559631   -0.059632 (VIOLATED)
_67786_/B1                              1.500000    1.559605   -0.059605 (VIOLATED)
_67715_/B1                              1.500000    1.559604   -0.059604 (VIOLATED)
_67519_/B1                              1.500000    1.559525   -0.059525 (VIOLATED)
_68111_/B1                              1.500000    1.559485   -0.059485 (VIOLATED)
_67459_/A2                              1.500000    1.559472   -0.059472 (VIOLATED)
_68033_/B1                              1.500000    1.559458   -0.059458 (VIOLATED)
_67942_/A2                              1.500000    1.559422   -0.059422 (VIOLATED)
_67374_/A2                              1.500000    1.559231   -0.059231 (VIOLATED)
_67273_/A2                              1.500000    1.559087   -0.059087 (VIOLATED)
_67187_/A2                              1.500000    1.558900   -0.058900 (VIOLATED)
_67107_/B1                              1.500000    1.558767   -0.058767 (VIOLATED)
_66749_/A2                              1.500000    1.558597   -0.058597 (VIOLATED)
_67025_/A2                              1.500000    1.558575   -0.058575 (VIOLATED)
u_engine.u_zstore.g_zrams[0].u_ram.u_macro/addr1[2]    0.500000    0.558368   -0.058368 (VIOLATED)
_66873_/B1                              1.500000    1.558346   -0.058346 (VIOLATED)
_67646_/A2                              1.500000    1.558328   -0.058328 (VIOLATED)
_66949_/A2                              1.500000    1.558086   -0.058086 (VIOLATED)
_67872_/B1                              1.500000    1.557637   -0.057638 (VIOLATED)
_68285_/B1                              1.500000    1.557548   -0.057548 (VIOLATED)
_68545_/A2                              1.500000    1.557540   -0.057540 (VIOLATED)
_68372_/A2_N                            1.500000    1.557538   -0.057538 (VIOLATED)
_68200_/B1                              1.500000    1.557532   -0.057532 (VIOLATED)
_66668_/Y                               1.486772    1.544137   -0.057365 (VIOLATED)
_68483_/A2                              1.500000    1.557238   -0.057238 (VIOLATED)
_68442_/B1                              1.500000    1.557140   -0.057140 (VIOLATED)
_68618_/A2                              1.500000    1.556721   -0.056721 (VIOLATED)
_68527_/A2                              1.500000    1.556639   -0.056639 (VIOLATED)
_68562_/A2                              1.500000    1.556636   -0.056636 (VIOLATED)
_68509_/A2_N                            1.500000    1.556559   -0.056559 (VIOLATED)
_68652_/B1                              1.500000    1.556060   -0.056060 (VIOLATED)
_68600_/A2                              1.500000    1.556051   -0.056051 (VIOLATED)
_68579_/A2                              1.500000    1.556043   -0.056043 (VIOLATED)
_68635_/A2                              1.500000    1.556042   -0.056042 (VIOLATED)
_68669_/B1                              1.500000    1.555799   -0.055799 (VIOLATED)
_68677_/B1                              1.500000    1.555796   -0.055796 (VIOLATED)
_68709_/B1                              1.500000    1.555796   -0.055796 (VIOLATED)
_68693_/B1                              1.500000    1.555793   -0.055793 (VIOLATED)
_68685_/B1                              1.500000    1.555785   -0.055785 (VIOLATED)
_68701_/B1                              1.500000    1.555780   -0.055780 (VIOLATED)
_68832_/A2                              1.500000    1.548581   -0.048582 (VIOLATED)
_68776_/A2                              1.500000    1.548519   -0.048519 (VIOLATED)
_68761_/A2                              1.500000    1.548460   -0.048460 (VIOLATED)
_68788_/A2                              1.500000    1.548375   -0.048376 (VIOLATED)
_68821_/A2                              1.500000    1.548256   -0.048256 (VIOLATED)
_68799_/A2                              1.500000    1.547980   -0.047980 (VIOLATED)
u_engine.u_zstore.g_zrams[0].u_ram.u_macro/addr0[6]    0.500000    0.547835   -0.047835 (VIOLATED)
_68841_/A2                              1.500000    1.547761   -0.047761 (VIOLATED)
_68886_/A2                              1.500000    1.547283   -0.047283 (VIOLATED)
_68930_/A2                              1.500000    1.547104   -0.047104 (VIOLATED)
_68897_/A2                              1.500000    1.546576   -0.046576 (VIOLATED)
_68810_/A2                              1.500000    1.545914   -0.045914 (VIOLATED)
_68863_/A2                              1.500000    1.545886   -0.045886 (VIOLATED)
_68852_/A2                              1.500000    1.545869   -0.045869 (VIOLATED)
_68941_/A2                              1.500000    1.545858   -0.045858 (VIOLATED)
_68874_/A2                              1.500000    1.545725   -0.045726 (VIOLATED)
_68909_/A2                              1.500000    1.545666   -0.045666 (VIOLATED)
_68920_/A2                              1.500000    1.545018   -0.045018 (VIOLATED)
_68968_/A2                              1.500000    1.544822   -0.044822 (VIOLATED)
_68990_/A2                              1.500000    1.544741   -0.044741 (VIOLATED)
_69900_/B2                              1.500000    1.544356   -0.044356 (VIOLATED)
_69008_/B2                              1.500000    1.544354   -0.044355 (VIOLATED)
_69890_/B2                              1.500000    1.544349   -0.044349 (VIOLATED)
_69452_/A1_N                            1.500000    1.544338   -0.044338 (VIOLATED)
_68413_/A1_N                            1.500000    1.544327   -0.044327 (VIOLATED)
_68350_/A                               1.500000    1.544296   -0.044296 (VIOLATED)
_68748_/A                               1.500000    1.544280   -0.044280 (VIOLATED)
_66672_/B                               1.500000    1.544189   -0.044189 (VIOLATED)
_66917_/B                               1.500000    1.544184   -0.044184 (VIOLATED)
_66733_/B                               1.500000    1.544161   -0.044161 (VIOLATED)
_66671_/B                               1.500000    1.544146   -0.044146 (VIOLATED)
_68979_/A2                              1.500000    1.544114   -0.044114 (VIOLATED)
_69001_/A2                              1.500000    1.543775   -0.043775 (VIOLATED)
_69012_/A2                              1.500000    1.543451   -0.043451 (VIOLATED)
_69022_/A2                              1.500000    1.543189   -0.043189 (VIOLATED)
_69032_/A2                              1.500000    1.541966   -0.041966 (VIOLATED)
_69063_/A2                              1.500000    1.541646   -0.041646 (VIOLATED)
_69052_/A2                              1.500000    1.541609   -0.041609 (VIOLATED)
_68757_/B1                              1.500000    1.540941   -0.040941 (VIOLATED)
_68957_/A1                              1.500000    1.540935   -0.040935 (VIOLATED)
_68753_/A                               1.500000    1.540909   -0.040909 (VIOLATED)
_69042_/A2                              1.500000    1.540833   -0.040833 (VIOLATED)
_69086_/A2                              1.500000    1.540760   -0.040760 (VIOLATED)
_69106_/A2                              1.500000    1.540681   -0.040681 (VIOLATED)
_68662_/X                               1.500629    1.541089   -0.040460 (VIOLATED)
_69096_/A2                              1.500000    1.540017   -0.040017 (VIOLATED)
_69077_/A2                              1.500000    1.539539   -0.039539 (VIOLATED)
_68752_/X                               1.499598    1.538381   -0.038783 (VIOLATED)
_69118_/A1                              1.500000    1.538662   -0.038662 (VIOLATED)
_69150_/A2                              1.500000    1.538533   -0.038534 (VIOLATED)
_69134_/A2                              1.500000    1.538528   -0.038528 (VIOLATED)
_69142_/A2                              1.500000    1.538520   -0.038520 (VIOLATED)
_69158_/A2                              1.500000    1.538508   -0.038508 (VIOLATED)
_69126_/A2                              1.500000    1.538497   -0.038497 (VIOLATED)
_66803_/Y                               1.495733    1.532184   -0.036451 (VIOLATED)
_68514_/A2                              1.500000    1.535968   -0.035968 (VIOLATED)
_68446_/A2                              1.500000    1.535946   -0.035946 (VIOLATED)
_68206_/A2                              1.500000    1.535937   -0.035937 (VIOLATED)
_68289_/A2                              1.500000    1.535913   -0.035913 (VIOLATED)
_67463_/A2                              1.500000    1.535854   -0.035854 (VIOLATED)
_67523_/A2                              1.500000    1.535825   -0.035825 (VIOLATED)
_67719_/A2                              1.500000    1.535782   -0.035782 (VIOLATED)
_67277_/A2                              1.500000    1.535767   -0.035767 (VIOLATED)
_66877_/A2                              1.500000    1.535761   -0.035761 (VIOLATED)
_68377_/A2                              1.500000    1.535758   -0.035758 (VIOLATED)
_66806_/A2                              1.500000    1.535724   -0.035724 (VIOLATED)
_66951_/A2                              1.500000    1.535671   -0.035671 (VIOLATED)
_67790_/A2                              1.500000    1.535669   -0.035669 (VIOLATED)
_67876_/A2                              1.500000    1.535625   -0.035625 (VIOLATED)
_67191_/A2                              1.500000    1.535539   -0.035539 (VIOLATED)
_67029_/A2                              1.500000    1.535523   -0.035523 (VIOLATED)
_67376_/A2                              1.500000    1.535321   -0.035321 (VIOLATED)
_68037_/A2                              1.500000    1.535173   -0.035173 (VIOLATED)
_67651_/A2                              1.500000    1.534996   -0.034996 (VIOLATED)
_67945_/A2                              1.500000    1.534736   -0.034736 (VIOLATED)
_68115_/A2                              1.500000    1.534718   -0.034718 (VIOLATED)
_68548_/A2                              1.500000    1.533894   -0.033894 (VIOLATED)
_68621_/A2                              1.500000    1.533672   -0.033672 (VIOLATED)
_68656_/A2                              1.500000    1.533006   -0.033006 (VIOLATED)
_68638_/A2                              1.500000    1.532569   -0.032569 (VIOLATED)
_68605_/A2                              1.500000    1.532346   -0.032346 (VIOLATED)
_68585_/A2                              1.500000    1.532236   -0.032236 (VIOLATED)
_68695_/B1                              1.500000    1.532218   -0.032218 (VIOLATED)
_68679_/B1                              1.500000    1.532215   -0.032215 (VIOLATED)
_68687_/B1                              1.500000    1.532211   -0.032211 (VIOLATED)
_68671_/B1                              1.500000    1.532207   -0.032207 (VIOLATED)
_68703_/B1                              1.500000    1.532206   -0.032206 (VIOLATED)
_68663_/B1                              1.500000    1.532203   -0.032203 (VIOLATED)
_64041_/Y                               1.497361    1.524333   -0.026972 (VIOLATED)
_69288_/A2                              1.500000    1.524697   -0.024697 (VIOLATED)
_66948_/B1                              1.500000    1.524689   -0.024689 (VIOLATED)
_68786_/A1_N                            1.500000    1.524686   -0.024686 (VIOLATED)
_68372_/B2                              1.500000    1.524650   -0.024650 (VIOLATED)
_69443_/A1_N                            1.500000    1.524601   -0.024601 (VIOLATED)
_69873_/A1_N                            1.500000    1.524600   -0.024600 (VIOLATED)
_68988_/A1_N                            1.500000    1.524576   -0.024576 (VIOLATED)
_69009_/C1                              1.500000    1.524491   -0.024491 (VIOLATED)
_69466_/C1                              1.500000    1.524490   -0.024491 (VIOLATED)
_68482_/C1                              1.500000    1.524484   -0.024484 (VIOLATED)
_69892_/C1                              1.500000    1.524469   -0.024469 (VIOLATED)
_69652_/A                               1.500000    1.524355   -0.024355 (VIOLATED)
_69207_/A                               1.500000    1.524353   -0.024353 (VIOLATED)
_70447_/A1                              1.500000    1.524351   -0.024351 (VIOLATED)
_68711_/A1                              1.500000    1.524349   -0.024349 (VIOLATED)
_66641_/C1                              1.500000    1.524336   -0.024336 (VIOLATED)
_69199_/C1                              1.500000    1.524336   -0.024336 (VIOLATED)
_68747_/A                               1.500000    1.524335   -0.024335 (VIOLATED)
u_engine.g_banks[0].u_ram.u_macro/addr1[4]    0.500000    0.522784   -0.022784 (VIOLATED)
_68452_/X                               1.500629    1.519155   -0.018526 (VIOLATED)
u_engine.u_zstore.g_zrams[0].u_ram.u_macro/addr0[4]    0.500000    0.508892   -0.008892 (VIOLATED)
_68824_/A1                              1.500000    1.501164   -0.001164 (VIOLATED)
_68802_/A1                              1.500000    1.501144   -0.001144 (VIOLATED)
_68844_/A1                              1.500000    1.501107   -0.001107 (VIOLATED)
_68768_/A1                              1.500000    1.501020   -0.001020 (VIOLATED)
_68835_/A1                              1.500000    1.500991   -0.000991 (VIOLATED)
_68791_/A1                              1.500000    1.500970   -0.000970 (VIOLATED)
_68855_/A1                              1.500000    1.500911   -0.000911 (VIOLATED)
_69762_/B1                              1.500000    1.500906   -0.000906 (VIOLATED)
_69801_/B1                              1.500000    1.500901   -0.000901 (VIOLATED)
_69780_/A2                              1.500000    1.500871   -0.000871 (VIOLATED)
_68779_/A1                              1.500000    1.500847   -0.000847 (VIOLATED)
_69752_/B1                              1.500000    1.500816   -0.000816 (VIOLATED)
_68813_/A1                              1.500000    1.500808   -0.000808 (VIOLATED)
_68889_/A1                              1.500000    1.500781   -0.000781 (VIOLATED)
_68866_/A1                              1.500000    1.500723   -0.000723 (VIOLATED)
_69821_/B1                              1.500000    1.500717   -0.000717 (VIOLATED)
_68953_/A                               1.500000    1.500619   -0.000620 (VIOLATED)
_68900_/A1                              1.500000    1.500526   -0.000526 (VIOLATED)
_69842_/B1                              1.500000    1.500524   -0.000524 (VIOLATED)
_68933_/A1                              1.500000    1.500515   -0.000515 (VIOLATED)
_68877_/A1                              1.500000    1.500505   -0.000505 (VIOLATED)
_69704_/B1                              1.500000    1.500055   -0.000055 (VIOLATED)
_69771_/A2                              1.500000    1.500044   -0.000044 (VIOLATED)
_68912_/A1                              1.500000    1.500019   -0.000020 (VIOLATED)
_69734_/A2                              1.500000    1.500002   -0.000002 (VIOLATED)

max capacitance

Pin                                        Limit         Cap       Slack
------------------------------------------------------------------------
_68759_/Y                               0.270090    0.318855   -0.048765 (VIOLATED)
_66760_/Y                               0.270090    0.317687   -0.047597 (VIOLATED)
_68537_/X                               0.336924    0.382164   -0.045240 (VIOLATED)
_66778_/Y                               0.270090    0.307541   -0.037451 (VIOLATED)
u_engine.u_zstore.g_zrams[0].u_ram.u_macro/dout0[21]    0.027560    0.064136   -0.036576 (VIOLATED)
_68571_/X                               0.336924    0.372511   -0.035587 (VIOLATED)
_65698_/Y                               0.270090    0.305625   -0.035535 (VIOLATED)
u_engine.u_zstore.g_zrams[1].u_ram.u_macro/dout0[3]    0.027560    0.062609   -0.035049 (VIOLATED)
u_engine.u_zstore.g_zrams[0].u_ram.u_macro/dout0[20]    0.027560    0.060042   -0.032482 (VIOLATED)
u_engine.u_zstore.g_zrams[1].u_ram.u_macro/dout1[2]    0.027560    0.058981   -0.031421 (VIOLATED)
_69663_/Y                               0.270090    0.300002   -0.029912 (VIOLATED)
_66670_/Y                               0.270090    0.298960   -0.028870 (VIOLATED)
u_engine.u_zstore.g_zrams[0].u_ram.u_macro/dout0[4]    0.027560    0.054251   -0.026691 (VIOLATED)
u_engine.u_zstore.g_zrams[1].u_ram.u_macro/dout1[0]    0.027560    0.054251   -0.026691 (VIOLATED)
u_engine.u_zstore.g_zrams[1].u_ram.u_macro/dout1[4]    0.027560    0.052838   -0.025278 (VIOLATED)
u_engine.u_zstore.g_zrams[1].u_ram.u_macro/dout0[22]    0.027560    0.052404   -0.024844 (VIOLATED)
u_engine.u_zstore.g_zrams[0].u_ram.u_macro/dout0[19]    0.027560    0.052321   -0.024761 (VIOLATED)
_68644_/X                               0.358897    0.383560   -0.024663 (VIOLATED)
u_engine.u_zstore.g_zrams[0].u_ram.u_macro/dout0[2]    0.027560    0.051778   -0.024218 (VIOLATED)
u_engine.u_zstore.g_zrams[1].u_ram.u_macro/dout1[3]    0.027560    0.051057   -0.023497 (VIOLATED)
u_engine.u_zstore.g_zrams[0].u_ram.u_macro/dout1[9]    0.027560    0.050856   -0.023296 (VIOLATED)
u_engine.u_zstore.g_zrams[0].u_ram.u_macro/dout1[5]    0.027560    0.050720   -0.023160 (VIOLATED)
_68554_/X                               0.358897    0.381648   -0.022751 (VIOLATED)
u_engine.u_zstore.g_zrams[1].u_ram.u_macro/dout1[17]    0.027560    0.049332   -0.021772 (VIOLATED)
u_engine.u_zstore.g_zrams[1].u_ram.u_macro/dout1[20]    0.027560    0.048660   -0.021100 (VIOLATED)
u_engine.u_zstore.g_zrams[1].u_ram.u_macro/dout0[19]    0.027560    0.048259   -0.020699 (VIOLATED)
u_engine.u_zstore.g_zrams[1].u_ram.u_macro/dout1[8]    0.027560    0.047681   -0.020121 (VIOLATED)
u_engine.u_zstore.g_zrams[1].u_ram.u_macro/dout1[13]    0.027560    0.047023   -0.019463 (VIOLATED)
u_engine.u_zstore.g_zrams[0].u_ram.u_macro/dout0[1]    0.027560    0.046710   -0.019150 (VIOLATED)
u_engine.g_banks[3].u_ram.u_macro/dout1[24]    0.027560    0.046516   -0.018956 (VIOLATED)
u_engine.u_zstore.g_zrams[0].u_ram.u_macro/dout1[17]    0.027560    0.045396   -0.017836 (VIOLATED)
u_engine.u_zstore.g_zrams[1].u_ram.u_macro/dout1[6]    0.027560    0.044542   -0.016982 (VIOLATED)
u_engine.u_zstore.g_zrams[0].u_ram.u_macro/dout1[20]    0.027560    0.044517   -0.016957 (VIOLATED)
u_engine.u_zstore.g_zrams[0].u_ram.u_macro/dout1[13]    0.027560    0.043994   -0.016434 (VIOLATED)
u_engine.u_zstore.g_zrams[1].u_ram.u_macro/dout1[22]    0.027560    0.043465   -0.015905 (VIOLATED)
u_engine.g_banks[3].u_ram.u_macro/dout1[15]    0.027560    0.043083   -0.015523 (VIOLATED)
u_engine.u_zstore.g_zrams[0].u_ram.u_macro/dout1[0]    0.027560    0.043060   -0.015500 (VIOLATED)
u_engine.u_zstore.g_zrams[0].u_ram.u_macro/dout1[22]    0.027560    0.042799   -0.015239 (VIOLATED)
u_engine.u_zstore.g_zrams[0].u_ram.u_macro/dout0[5]    0.027560    0.042642   -0.015082 (VIOLATED)
_66661_/Y                               0.270090    0.284990   -0.014900 (VIOLATED)
u_engine.u_zstore.g_zrams[0].u_ram.u_macro/dout0[3]    0.027560    0.042323   -0.014763 (VIOLATED)
_68610_/X                               0.356150    0.370887   -0.014737 (VIOLATED)
u_engine.u_zstore.g_zrams[1].u_ram.u_macro/dout0[20]    0.027560    0.042166   -0.014606 (VIOLATED)
u_engine.u_zstore.g_zrams[0].u_ram.u_macro/dout1[6]    0.027560    0.042144   -0.014584 (VIOLATED)
u_engine.u_zstore.g_zrams[0].u_ram.u_macro/dout0[10]    0.027560    0.041896   -0.014336 (VIOLATED)
u_engine.u_zstore.g_zrams[0].u_ram.u_macro/dout1[4]    0.027560    0.041687   -0.014127 (VIOLATED)
u_engine.u_zstore.g_zrams[1].u_ram.u_macro/dout0[4]    0.027560    0.041591   -0.014031 (VIOLATED)
u_engine.u_zstore.g_zrams[0].u_ram.u_macro/dout1[29]    0.027560    0.041546   -0.013986 (VIOLATED)
u_engine.u_zstore.g_zrams[0].u_ram.u_macro/dout1[8]    0.027560    0.040583   -0.013023 (VIOLATED)
u_engine.u_zstore.g_zrams[0].u_ram.u_macro/dout0[6]    0.027560    0.040470   -0.012910 (VIOLATED)
u_engine.u_zstore.g_zrams[1].u_ram.u_macro/dout0[2]    0.027560    0.039502   -0.011942 (VIOLATED)
u_engine.u_zstore.g_zrams[0].u_ram.u_macro/dout0[22]    0.027560    0.039220   -0.011660 (VIOLATED)
_66664_/X                               0.140086    0.151745   -0.011659 (VIOLATED)
u_engine.u_zstore.g_zrams[0].u_ram.u_macro/dout0[0]    0.027560    0.038228   -0.010668 (VIOLATED)
u_engine.u_zstore.g_zrams[0].u_ram.u_macro/dout0[7]    0.027560    0.038045   -0.010485 (VIOLATED)
u_engine.u_zstore.g_zrams[0].u_ram.u_macro/dout1[2]    0.027560    0.037979   -0.010419 (VIOLATED)
u_engine.u_zstore.g_zrams[0].u_ram.u_macro/dout1[1]    0.027560    0.037705   -0.010145 (VIOLATED)
_68662_/X                               0.358897    0.368973   -0.010076 (VIOLATED)
u_engine.u_zstore.g_zrams[1].u_ram.u_macro/dout1[5]    0.027560    0.037352   -0.009792 (VIOLATED)
u_engine.u_zstore.g_zrams[1].u_ram.u_macro/dout0[18]    0.027560    0.037290   -0.009730 (VIOLATED)
u_engine.u_zstore.g_zrams[0].u_ram.u_macro/dout1[3]    0.027560    0.036926   -0.009366 (VIOLATED)
u_engine.u_zstore.g_zrams[0].u_ram.u_macro/dout0[23]    0.027560    0.036842   -0.009282 (VIOLATED)
u_engine.u_zstore.g_zrams[1].u_ram.u_macro/dout0[17]    0.027560    0.036641   -0.009081 (VIOLATED)
u_engine.u_zstore.g_zrams[1].u_ram.u_macro/dout1[9]    0.027560    0.036636   -0.009076 (VIOLATED)
u_engine.g_banks[1].u_ram.u_macro/dout1[25]    0.027560    0.036585   -0.009025 (VIOLATED)
u_engine.u_zstore.g_zrams[0].u_ram.u_macro/dout0[8]    0.027560    0.036259   -0.008699 (VIOLATED)
_69216_/Y                               0.137339    0.146001   -0.008662 (VIOLATED)
u_engine.g_banks[1].u_ram.u_macro/dout1[18]    0.027560    0.036075   -0.008515 (VIOLATED)
_66803_/Y                               0.270090    0.278597   -0.008507 (VIOLATED)
u_engine.u_zstore.g_zrams[1].u_ram.u_macro/dout1[16]    0.027560    0.035988   -0.008428 (VIOLATED)
u_engine.u_zstore.g_zrams[0].u_ram.u_macro/dout1[19]    0.027560    0.035933   -0.008373 (VIOLATED)
u_engine.g_banks[3].u_ram.u_macro/dout1[9]    0.027560    0.035588   -0.008028 (VIOLATED)
u_engine.g_banks[3].u_ram.u_macro/dout1[8]    0.027560    0.035316   -0.007756 (VIOLATED)
_66668_/Y                               0.132761    0.140449   -0.007688 (VIOLATED)
_68752_/X                               0.326853    0.334493   -0.007640 (VIOLATED)
u_engine.g_banks[3].u_ram.u_macro/dout1[13]    0.027560    0.035197   -0.007637 (VIOLATED)
u_engine.u_zstore.g_zrams[0].u_ram.u_macro/dout1[30]    0.027560    0.034805   -0.007245 (VIOLATED)
u_engine.u_zstore.g_zrams[0].u_ram.u_macro/dout1[27]    0.027560    0.034450   -0.006890 (VIOLATED)
u_engine.g_banks[1].u_ram.u_macro/dout1[19]    0.027560    0.034414   -0.006854 (VIOLATED)
u_engine.g_banks[1].u_ram.u_macro/dout1[16]    0.027560    0.034383   -0.006823 (VIOLATED)
u_engine.u_zstore.g_zrams[1].u_ram.u_macro/dout1[15]    0.027560    0.034064   -0.006504 (VIOLATED)
u_engine.g_banks[2].u_ram.u_macro/dout1[13]    0.027560    0.033774   -0.006214 (VIOLATED)
u_engine.g_banks[3].u_ram.u_macro/dout1[0]    0.027560    0.033602   -0.006042 (VIOLATED)
u_engine.u_zstore.g_zrams[0].u_ram.u_macro/dout1[28]    0.027560    0.033093   -0.005533 (VIOLATED)
u_engine.u_zstore.g_zrams[0].u_ram.u_macro/dout1[18]    0.027560    0.032834   -0.005274 (VIOLATED)
u_engine.u_zstore.g_zrams[0].u_ram.u_macro/dout1[24]    0.027560    0.032831   -0.005271 (VIOLATED)
u_engine.u_zstore.g_zrams[0].u_ram.u_macro/dout0[24]    0.027560    0.032464   -0.004904 (VIOLATED)
u_engine.g_banks[0].u_ram.u_macro/dout1[7]    0.027560    0.032332   -0.004772 (VIOLATED)
u_engine.g_banks[1].u_ram.u_macro/dout1[13]    0.027560    0.032140   -0.004580 (VIOLATED)
u_engine.u_zstore.g_zrams[0].u_ram.u_macro/dout1[12]    0.027560    0.031851   -0.004291 (VIOLATED)
u_engine.g_banks[0].u_ram.u_macro/dout1[15]    0.027560    0.031715   -0.004155 (VIOLATED)
u_engine.g_banks[1].u_ram.u_macro/dout1[10]    0.027560    0.031392   -0.003832 (VIOLATED)
u_engine.u_zstore.g_zrams[1].u_ram.u_macro/dout1[1]    0.027560    0.031155   -0.003595 (VIOLATED)
_68452_/X                               0.358897    0.362464   -0.003567 (VIOLATED)
_64041_/Y                               0.138255    0.141772   -0.003517 (VIOLATED)
u_engine.g_banks[3].u_ram.u_macro/dout1[2]    0.027560    0.031072   -0.003512 (VIOLATED)
u_engine.u_zstore.g_zrams[0].u_ram.u_macro/dout0[9]    0.027560    0.031029   -0.003469 (VIOLATED)
u_engine.u_zstore.g_zrams[1].u_ram.u_macro/dout0[14]    0.027560    0.030943   -0.003383 (VIOLATED)
u_engine.g_banks[3].u_ram.u_macro/dout1[23]    0.027560    0.030931   -0.003371 (VIOLATED)
u_engine.g_banks[0].u_ram.u_macro/dout1[18]    0.027560    0.030375   -0.002815 (VIOLATED)
u_engine.g_banks[3].u_ram.u_macro/dout1[5]    0.027560    0.030304   -0.002744 (VIOLATED)
u_engine.u_zstore.g_zrams[0].u_ram.u_macro/dout1[21]    0.027560    0.030171   -0.002611 (VIOLATED)
u_engine.u_zstore.g_zrams[1].u_ram.u_macro/dout0[12]    0.027560    0.030040   -0.002480 (VIOLATED)
u_engine.g_banks[3].u_ram.u_macro/dout1[6]    0.027560    0.029845   -0.002285 (VIOLATED)
u_engine.g_banks[2].u_ram.u_macro/dout1[14]    0.027560    0.029719   -0.002159 (VIOLATED)
u_engine.g_banks[1].u_ram.u_macro/dout1[21]    0.027560    0.029533   -0.001973 (VIOLATED)
u_engine.u_zstore.g_zrams[1].u_ram.u_macro/dout0[31]    0.027560    0.029511   -0.001951 (VIOLATED)
u_engine.u_zstore.g_zrams[0].u_ram.u_macro/dout1[31]    0.027560    0.029450   -0.001890 (VIOLATED)
u_engine.g_banks[2].u_ram.u_macro/dout1[12]    0.027560    0.029391   -0.001831 (VIOLATED)
u_engine.u_zstore.g_zrams[0].u_ram.u_macro/dout0[25]    0.027560    0.029259   -0.001699 (VIOLATED)
u_engine.u_zstore.g_zrams[0].u_ram.u_macro/dout1[23]    0.027560    0.029257   -0.001697 (VIOLATED)
u_engine.u_zstore.g_zrams[0].u_ram.u_macro/dout0[26]    0.027560    0.029241   -0.001681 (VIOLATED)
u_engine.g_banks[3].u_ram.u_macro/dout1[4]    0.027560    0.028974   -0.001414 (VIOLATED)
u_engine.g_banks[1].u_ram.u_macro/dout1[2]    0.027560    0.028901   -0.001341 (VIOLATED)
u_engine.u_zstore.g_zrams[1].u_ram.u_macro/dout0[15]    0.027560    0.028895   -0.001335 (VIOLATED)
u_engine.g_banks[1].u_ram.u_macro/dout1[12]    0.027560    0.028782   -0.001222 (VIOLATED)
u_engine.u_zstore.g_zrams[1].u_ram.u_macro/dout0[13]    0.027560    0.028632   -0.001072 (VIOLATED)
u_engine.g_banks[0].u_ram.u_macro/dout1[4]    0.027560    0.028522   -0.000962 (VIOLATED)
u_engine.u_zstore.g_zrams[0].u_ram.u_macro/dout1[7]    0.027560    0.028488   -0.000928 (VIOLATED)
u_engine.g_banks[2].u_ram.u_macro/dout1[15]    0.027560    0.028383   -0.000823 (VIOLATED)
u_engine.u_zstore.g_zrams[0].u_ram.u_macro/dout1[25]    0.027560    0.027822   -0.000262 (VIOLATED)
u_engine.u_zstore.g_zrams[1].u_ram.u_macro/dout1[14]    0.027560    0.027789   -0.000229 (VIOLATED)



===========================================================================
report_parasitic_annotation -report_unannotated
============================================================================
Found 669 unannotated drivers.
 clkload0/Y
 clkload1/Y
 clkload10/X
 clkload100/Y
 clkload101/Y
 clkload102/Y
 clkload103/Y
 clkload104/Y
 clkload105/X
 clkload106/X
 clkload107/Y
 clkload108/Y
 clkload109/X
 clkload11/X
 clkload110/Y
 clkload111/Y
 clkload112/Y
 clkload113/Y
 clkload114/Y
 clkload115/Y
 clkload116/Y
 clkload117/Y
 clkload118/Y
 clkload119/X
 clkload12/Y
 clkload120/Y
 clkload121/X
 clkload122/X
 clkload123/X
 clkload124/X
 clkload125/Y
 clkload126/Y
 clkload127/Y
 clkload128/Y
 clkload129/Y
 clkload13/Y
 clkload130/Y
 clkload131/Y
 clkload132/Y
 clkload133/Y
 clkload134/Y
 clkload135/X
 clkload136/Y
 clkload137/Y
 clkload138/Y
 clkload139/Y
 clkload14/Y
 clkload140/Y
 clkload141/Y
 clkload142/Y
 clkload143/Y
 clkload144/Y
 clkload145/Y
 clkload146/Y
 clkload147/Y
 clkload148/Y
 clkload149/Y
 clkload15/Y
 clkload150/Y
 clkload151/Y
 clkload152/Y
 clkload153/Y
 clkload154/Y
 clkload155/Y
 clkload156/Y
 clkload157/Y
 clkload158/Y
 clkload159/Y
 clkload16/X
 clkload160/Y
 clkload161/Y
 clkload162/Y
 clkload163/Y
 clkload164/Y
 clkload165/Y
 clkload166/X
 clkload167/Y
 clkload168/Y
 clkload169/Y
 clkload17/Y
 clkload170/Y
 clkload171/Y
 clkload172/Y
 clkload173/Y
 clkload174/Y
 clkload175/Y
 clkload176/Y
 clkload177/Y
 clkload178/Y
 clkload179/Y
 clkload18/Y
 clkload180/Y
 clkload181/Y
 clkload182/Y
 clkload183/Y
 clkload184/Y
 clkload185/Y
 clkload186/Y
 clkload187/Y
 clkload188/Y
 clkload189/Y
 clkload19/Y
 clkload190/Y
 clkload191/X
 clkload192/Y
 clkload193/Y
 clkload194/Y
 clkload195/Y
 clkload196/Y
 clkload197/Y
 clkload198/Y
 clkload199/Y
 clkload2/Y
 clkload20/Y
 clkload200/Y
 clkload201/Y
 clkload202/Y
 clkload203/Y
 clkload204/Y
 clkload205/Y
 clkload206/Y
 clkload207/Y
 clkload208/X
 clkload209/Y
 clkload21/Y
 clkload210/Y
 clkload211/Y
 clkload212/X
 clkload213/X
 clkload214/Y
 clkload215/Y
 clkload216/Y
 clkload217/Y
 clkload218/Y
 clkload219/Y
 clkload22/Y
 clkload220/Y
 clkload221/Y
 clkload222/Y
 clkload223/Y
 clkload224/Y
 clkload225/Y
 clkload226/Y
 clkload227/Y
 clkload228/Y
 clkload229/Y
 clkload23/Y
 clkload230/Y
 clkload231/Y
 clkload232/Y
 clkload233/X
 clkload234/X
 clkload235/Y
 clkload236/Y
 clkload237/Y
 clkload238/X
 clkload239/Y
 clkload24/Y
 clkload240/Y
 clkload241/Y
 clkload242/Y
 clkload243/Y
 clkload244/Y
 clkload245/Y
 clkload246/Y
 clkload247/Y
 clkload248/Y
 clkload249/Y
 clkload25/Y
 clkload250/Y
 clkload251/Y
 clkload252/Y
 clkload253/Y
 clkload254/Y
 clkload255/Y
 clkload256/Y
 clkload257/Y
 clkload258/Y
 clkload259/Y
 clkload26/Y
 clkload260/Y
 clkload261/X
 clkload262/Y
 clkload263/Y
 clkload264/Y
 clkload265/X
 clkload266/Y
 clkload267/Y
 clkload268/Y
 clkload269/Y
 clkload27/Y
 clkload270/Y
 clkload271/Y
 clkload272/Y
 clkload273/Y
 clkload274/X
 clkload275/Y
 clkload276/Y
 clkload277/Y
 clkload278/Y
 clkload279/Y
 clkload28/Y
 clkload280/Y
 clkload281/Y
 clkload282/Y
 clkload283/Y
 clkload284/X
 clkload285/X
 clkload286/Y
 clkload287/Y
 clkload288/Y
 clkload289/Y
 clkload29/Y
 clkload290/Y
 clkload291/Y
 clkload292/Y
 clkload293/Y
 clkload294/Y
 clkload295/Y
 clkload296/Y
 clkload297/Y
 clkload298/Y
 clkload299/Y
 clkload3/Y
 clkload30/X
 clkload300/Y
 clkload301/X
 clkload302/X
 clkload303/Y
 clkload304/Y
 clkload305/Y
 clkload306/Y
 clkload307/X
 clkload308/Y
 clkload309/Y
 clkload31/Y
 clkload310/Y
 clkload311/Y
 clkload312/Y
 clkload313/Y
 clkload314/Y
 clkload315/Y
 clkload316/X
 clkload317/Y
 clkload318/Y
 clkload319/Y
 clkload32/X
 clkload320/Y
 clkload321/Y
 clkload322/X
 clkload323/Y
 clkload324/Y
 clkload325/Y
 clkload326/Y
 clkload327/Y
 clkload328/Y
 clkload329/X
 clkload33/Y
 clkload330/Y
 clkload331/Y
 clkload332/Y
 clkload333/Y
 clkload334/Y
 clkload335/Y
 clkload336/Y
 clkload337/Y
 clkload338/Y
 clkload339/Y
 clkload34/Y
 clkload340/Y
 clkload341/Y
 clkload342/Y
 clkload343/X
 clkload344/Y
 clkload345/X
 clkload346/Y
 clkload347/Y
 clkload348/Y
 clkload349/Y
 clkload35/Y
 clkload350/Y
 clkload351/Y
 clkload352/Y
 clkload353/Y
 clkload354/Y
 clkload355/Y
 clkload356/Y
 clkload357/Y
 clkload358/Y
 clkload359/Y
 clkload36/Y
 clkload360/Y
 clkload361/Y
 clkload362/Y
 clkload363/Y
 clkload364/Y
 clkload365/Y
 clkload366/Y
 clkload367/Y
 clkload368/Y
 clkload369/Y
 clkload37/Y
 clkload370/Y
 clkload371/Y
 clkload372/Y
 clkload373/X
 clkload374/Y
 clkload375/Y
 clkload376/Y
 clkload377/Y
 clkload378/Y
 clkload379/Y
 clkload38/Y
 clkload380/Y
 clkload381/Y
 clkload382/Y
 clkload383/X
 clkload384/Y
 clkload385/X
 clkload386/Y
 clkload387/Y
 clkload388/X
 clkload389/Y
 clkload39/Y
 clkload390/Y
 clkload391/Y
 clkload392/Y
 clkload393/Y
 clkload394/Y
 clkload395/Y
 clkload396/Y
 clkload397/Y
 clkload398/Y
 clkload399/Y
 clkload4/Y
 clkload40/Y
 clkload400/Y
 clkload401/Y
 clkload402/X
 clkload403/X
 clkload404/Y
 clkload405/Y
 clkload406/Y
 clkload407/Y
 clkload408/X
 clkload409/X
 clkload41/Y
 clkload410/X
 clkload411/Y
 clkload412/Y
 clkload413/Y
 clkload414/Y
 clkload415/Y
 clkload416/Y
 clkload417/Y
 clkload418/X
 clkload419/Y
 clkload42/Y
 clkload420/Y
 clkload421/Y
 clkload422/Y
 clkload423/Y
 clkload424/Y
 clkload425/Y
 clkload426/Y
 clkload427/Y
 clkload428/Y
 clkload429/X
 clkload43/Y
 clkload430/Y
 clkload431/Y
 clkload432/Y
 clkload433/X
 clkload434/Y
 clkload435/Y
 clkload436/Y
 clkload437/Y
 clkload438/Y
 clkload439/Y
 clkload44/Y
 clkload440/Y
 clkload441/Y
 clkload442/Y
 clkload443/Y
 clkload444/Y
 clkload445/Y
 clkload446/Y
 clkload447/Y
 clkload448/Y
 clkload449/Y
 clkload45/Y
 clkload450/Y
 clkload451/Y
 clkload452/Y
 clkload453/Y
 clkload454/Y
 clkload455/Y
 clkload456/Y
 clkload457/Y
 clkload458/Y
 clkload459/Y
 clkload46/Y
 clkload460/Y
 clkload461/Y
 clkload462/Y
 clkload463/Y
 clkload464/Y
 clkload465/X
 clkload466/Y
 clkload467/Y
 clkload468/Y
 clkload469/Y
 clkload47/Y
 clkload470/X
 clkload471/X
 clkload472/Y
 clkload473/Y
 clkload474/Y
 clkload475/Y
 clkload476/Y
 clkload477/Y
 clkload478/Y
 clkload479/Y
 clkload48/Y
 clkload480/Y
 clkload481/Y
 clkload482/X
 clkload483/Y
 clkload484/Y
 clkload485/X
 clkload486/Y
 clkload487/Y
 clkload488/Y
 clkload489/Y
 clkload49/Y
 clkload490/Y
 clkload491/Y
 clkload492/Y
 clkload493/Y
 clkload494/Y
 clkload495/Y
 clkload496/Y
 clkload497/Y
 clkload498/Y
 clkload499/Y
 clkload5/Y
 clkload50/X
 clkload500/X
 clkload501/Y
 clkload502/Y
 clkload503/Y
 clkload504/Y
 clkload505/Y
 clkload506/X
 clkload507/X
 clkload508/X
 clkload51/Y
 clkload52/Y
 clkload53/Y
 clkload54/Y
 clkload55/Y
 clkload56/Y
 clkload57/Y
 clkload58/Y
 clkload59/Y
 clkload6/Y
 clkload60/Y
 clkload61/Y
 clkload62/Y
 clkload63/Y
 clkload64/Y
 clkload65/Y
 clkload66/Y
 clkload67/Y
 clkload68/Y
 clkload69/Y
 clkload7/Y
 clkload70/Y
 clkload71/Y
 clkload72/Y
 clkload73/Y
 clkload74/X
 clkload75/X
 clkload76/Y
 clkload77/X
 clkload78/Y
 clkload79/Y
 clkload8/Y
 clkload80/X
 clkload81/Y
 clkload82/Y
 clkload83/Y
 clkload84/Y
 clkload85/Y
 clkload86/X
 clkload87/Y
 clkload88/Y
 clkload89/Y
 clkload9/Y
 clkload90/Y
 clkload91/Y
 clkload92/Y
 clkload93/X
 clkload94/Y
 clkload95/Y
 clkload96/Y
 clkload97/Y
 clkload98/Y
 clkload99/Y
 ntt_user_macro_3322/HI
 ntt_user_macro_3323/HI
 u_engine.g_banks\[0\].u_ram.u_macro/dout0[0]
 u_engine.g_banks\[0\].u_ram.u_macro/dout0[10]
 u_engine.g_banks\[0\].u_ram.u_macro/dout0[11]
 u_engine.g_banks\[0\].u_ram.u_macro/dout0[12]
 u_engine.g_banks\[0\].u_ram.u_macro/dout0[13]
 u_engine.g_banks\[0\].u_ram.u_macro/dout0[14]
 u_engine.g_banks\[0\].u_ram.u_macro/dout0[15]
 u_engine.g_banks\[0\].u_ram.u_macro/dout0[16]
 u_engine.g_banks\[0\].u_ram.u_macro/dout0[17]
 u_engine.g_banks\[0\].u_ram.u_macro/dout0[18]
 u_engine.g_banks\[0\].u_ram.u_macro/dout0[19]
 u_engine.g_banks\[0\].u_ram.u_macro/dout0[1]
 u_engine.g_banks\[0\].u_ram.u_macro/dout0[20]
 u_engine.g_banks\[0\].u_ram.u_macro/dout0[21]
 u_engine.g_banks\[0\].u_ram.u_macro/dout0[22]
 u_engine.g_banks\[0\].u_ram.u_macro/dout0[23]
 u_engine.g_banks\[0\].u_ram.u_macro/dout0[24]
 u_engine.g_banks\[0\].u_ram.u_macro/dout0[25]
 u_engine.g_banks\[0\].u_ram.u_macro/dout0[26]
 u_engine.g_banks\[0\].u_ram.u_macro/dout0[27]
 u_engine.g_banks\[0\].u_ram.u_macro/dout0[28]
 u_engine.g_banks\[0\].u_ram.u_macro/dout0[29]
 u_engine.g_banks\[0\].u_ram.u_macro/dout0[2]
 u_engine.g_banks\[0\].u_ram.u_macro/dout0[30]
 u_engine.g_banks\[0\].u_ram.u_macro/dout0[31]
 u_engine.g_banks\[0\].u_ram.u_macro/dout0[3]
 u_engine.g_banks\[0\].u_ram.u_macro/dout0[4]
 u_engine.g_banks\[0\].u_ram.u_macro/dout0[5]
 u_engine.g_banks\[0\].u_ram.u_macro/dout0[6]
 u_engine.g_banks\[0\].u_ram.u_macro/dout0[7]
 u_engine.g_banks\[0\].u_ram.u_macro/dout0[8]
 u_engine.g_banks\[0\].u_ram.u_macro/dout0[9]
 u_engine.g_banks\[0\].u_ram.u_macro_3316/HI
 u_engine.g_banks\[0\].u_ram.u_macro_3324/LO
 u_engine.g_banks\[0\].u_ram.u_macro_3325/LO
 u_engine.g_banks\[0\].u_ram.u_macro_3326/LO
 u_engine.g_banks\[0\].u_ram.u_macro_3327/LO
 u_engine.g_banks\[1\].u_ram.u_macro/dout0[0]
 u_engine.g_banks\[1\].u_ram.u_macro/dout0[10]
 u_engine.g_banks\[1\].u_ram.u_macro/dout0[11]
 u_engine.g_banks\[1\].u_ram.u_macro/dout0[12]
 u_engine.g_banks\[1\].u_ram.u_macro/dout0[13]
 u_engine.g_banks\[1\].u_ram.u_macro/dout0[14]
 u_engine.g_banks\[1\].u_ram.u_macro/dout0[15]
 u_engine.g_banks\[1\].u_ram.u_macro/dout0[16]
 u_engine.g_banks\[1\].u_ram.u_macro/dout0[17]
 u_engine.g_banks\[1\].u_ram.u_macro/dout0[18]
 u_engine.g_banks\[1\].u_ram.u_macro/dout0[19]
 u_engine.g_banks\[1\].u_ram.u_macro/dout0[1]
 u_engine.g_banks\[1\].u_ram.u_macro/dout0[20]
 u_engine.g_banks\[1\].u_ram.u_macro/dout0[21]
 u_engine.g_banks\[1\].u_ram.u_macro/dout0[22]
 u_engine.g_banks\[1\].u_ram.u_macro/dout0[23]
 u_engine.g_banks\[1\].u_ram.u_macro/dout0[24]
 u_engine.g_banks\[1\].u_ram.u_macro/dout0[25]
 u_engine.g_banks\[1\].u_ram.u_macro/dout0[26]
 u_engine.g_banks\[1\].u_ram.u_macro/dout0[27]
 u_engine.g_banks\[1\].u_ram.u_macro/dout0[28]
 u_engine.g_banks\[1\].u_ram.u_macro/dout0[29]
 u_engine.g_banks\[1\].u_ram.u_macro/dout0[2]
 u_engine.g_banks\[1\].u_ram.u_macro/dout0[30]
 u_engine.g_banks\[1\].u_ram.u_macro/dout0[31]
 u_engine.g_banks\[1\].u_ram.u_macro/dout0[3]
 u_engine.g_banks\[1\].u_ram.u_macro/dout0[4]
 u_engine.g_banks\[1\].u_ram.u_macro/dout0[5]
 u_engine.g_banks\[1\].u_ram.u_macro/dout0[6]
 u_engine.g_banks\[1\].u_ram.u_macro/dout0[7]
 u_engine.g_banks\[1\].u_ram.u_macro/dout0[8]
 u_engine.g_banks\[1\].u_ram.u_macro/dout0[9]
 u_engine.g_banks\[1\].u_ram.u_macro_3317/HI
 u_engine.g_banks\[1\].u_ram.u_macro_3328/LO
 u_engine.g_banks\[1\].u_ram.u_macro_3329/LO
 u_engine.g_banks\[1\].u_ram.u_macro_3330/LO
 u_engine.g_banks\[1\].u_ram.u_macro_3331/LO
 u_engine.g_banks\[2\].u_ram.u_macro/dout0[0]
 u_engine.g_banks\[2\].u_ram.u_macro/dout0[10]
 u_engine.g_banks\[2\].u_ram.u_macro/dout0[11]
 u_engine.g_banks\[2\].u_ram.u_macro/dout0[12]
 u_engine.g_banks\[2\].u_ram.u_macro/dout0[13]
 u_engine.g_banks\[2\].u_ram.u_macro/dout0[14]
 u_engine.g_banks\[2\].u_ram.u_macro/dout0[15]
 u_engine.g_banks\[2\].u_ram.u_macro/dout0[16]
 u_engine.g_banks\[2\].u_ram.u_macro/dout0[17]
 u_engine.g_banks\[2\].u_ram.u_macro/dout0[18]
 u_engine.g_banks\[2\].u_ram.u_macro/dout0[19]
 u_engine.g_banks\[2\].u_ram.u_macro/dout0[1]
 u_engine.g_banks\[2\].u_ram.u_macro/dout0[20]
 u_engine.g_banks\[2\].u_ram.u_macro/dout0[21]
 u_engine.g_banks\[2\].u_ram.u_macro/dout0[22]
 u_engine.g_banks\[2\].u_ram.u_macro/dout0[23]
 u_engine.g_banks\[2\].u_ram.u_macro/dout0[24]
 u_engine.g_banks\[2\].u_ram.u_macro/dout0[25]
 u_engine.g_banks\[2\].u_ram.u_macro/dout0[26]
 u_engine.g_banks\[2\].u_ram.u_macro/dout0[27]
 u_engine.g_banks\[2\].u_ram.u_macro/dout0[28]
 u_engine.g_banks\[2\].u_ram.u_macro/dout0[29]
 u_engine.g_banks\[2\].u_ram.u_macro/dout0[2]
 u_engine.g_banks\[2\].u_ram.u_macro/dout0[30]
 u_engine.g_banks\[2\].u_ram.u_macro/dout0[31]
 u_engine.g_banks\[2\].u_ram.u_macro/dout0[3]
 u_engine.g_banks\[2\].u_ram.u_macro/dout0[4]
 u_engine.g_banks\[2\].u_ram.u_macro/dout0[5]
 u_engine.g_banks\[2\].u_ram.u_macro/dout0[6]
 u_engine.g_banks\[2\].u_ram.u_macro/dout0[7]
 u_engine.g_banks\[2\].u_ram.u_macro/dout0[8]
 u_engine.g_banks\[2\].u_ram.u_macro/dout0[9]
 u_engine.g_banks\[2\].u_ram.u_macro_3318/HI
 u_engine.g_banks\[2\].u_ram.u_macro_3332/LO
 u_engine.g_banks\[2\].u_ram.u_macro_3333/LO
 u_engine.g_banks\[2\].u_ram.u_macro_3334/LO
 u_engine.g_banks\[2\].u_ram.u_macro_3335/LO
 u_engine.g_banks\[3\].u_ram.u_macro/dout0[0]
 u_engine.g_banks\[3\].u_ram.u_macro/dout0[10]
 u_engine.g_banks\[3\].u_ram.u_macro/dout0[11]
 u_engine.g_banks\[3\].u_ram.u_macro/dout0[12]
 u_engine.g_banks\[3\].u_ram.u_macro/dout0[13]
 u_engine.g_banks\[3\].u_ram.u_macro/dout0[14]
 u_engine.g_banks\[3\].u_ram.u_macro/dout0[15]
 u_engine.g_banks\[3\].u_ram.u_macro/dout0[16]
 u_engine.g_banks\[3\].u_ram.u_macro/dout0[17]
 u_engine.g_banks\[3\].u_ram.u_macro/dout0[18]
 u_engine.g_banks\[3\].u_ram.u_macro/dout0[19]
 u_engine.g_banks\[3\].u_ram.u_macro/dout0[1]
 u_engine.g_banks\[3\].u_ram.u_macro/dout0[20]
 u_engine.g_banks\[3\].u_ram.u_macro/dout0[21]
 u_engine.g_banks\[3\].u_ram.u_macro/dout0[22]
 u_engine.g_banks\[3\].u_ram.u_macro/dout0[23]
 u_engine.g_banks\[3\].u_ram.u_macro/dout0[24]
 u_engine.g_banks\[3\].u_ram.u_macro/dout0[25]
 u_engine.g_banks\[3\].u_ram.u_macro/dout0[26]
 u_engine.g_banks\[3\].u_ram.u_macro/dout0[27]
 u_engine.g_banks\[3\].u_ram.u_macro/dout0[28]
 u_engine.g_banks\[3\].u_ram.u_macro/dout0[29]
 u_engine.g_banks\[3\].u_ram.u_macro/dout0[2]
 u_engine.g_banks\[3\].u_ram.u_macro/dout0[30]
 u_engine.g_banks\[3\].u_ram.u_macro/dout0[31]
 u_engine.g_banks\[3\].u_ram.u_macro/dout0[3]
 u_engine.g_banks\[3\].u_ram.u_macro/dout0[4]
 u_engine.g_banks\[3\].u_ram.u_macro/dout0[5]
 u_engine.g_banks\[3\].u_ram.u_macro/dout0[6]
 u_engine.g_banks\[3\].u_ram.u_macro/dout0[7]
 u_engine.g_banks\[3\].u_ram.u_macro/dout0[8]
 u_engine.g_banks\[3\].u_ram.u_macro/dout0[9]
 u_engine.g_banks\[3\].u_ram.u_macro_3319/HI
 u_engine.g_banks\[3\].u_ram.u_macro_3336/LO
 u_engine.g_banks\[3\].u_ram.u_macro_3337/LO
 u_engine.g_banks\[3\].u_ram.u_macro_3338/LO
 u_engine.g_banks\[3\].u_ram.u_macro_3339/LO
 u_engine.u_zstore.g_zrams\[0\].u_ram.u_macro_3320/HI
 u_engine.u_zstore.g_zrams\[0\].u_ram.u_macro_3340/LO
 u_engine.u_zstore.g_zrams\[0\].u_ram.u_macro_3341/LO
 u_engine.u_zstore.g_zrams\[0\].u_ram.u_macro_3342/LO
 u_engine.u_zstore.g_zrams\[0\].u_ram.u_macro_3343/LO
 u_engine.u_zstore.g_zrams\[1\].u_ram.u_macro_3321/HI
 u_engine.u_zstore.g_zrams\[1\].u_ram.u_macro_3344/LO
 u_engine.u_zstore.g_zrams\[1\].u_ram.u_macro_3345/LO
 u_engine.u_zstore.g_zrams\[1\].u_ram.u_macro_3346/LO
 u_engine.u_zstore.g_zrams\[1\].u_ram.u_macro_3347/LO
Found 0 partially unannotated drivers.

===========================================================================
max slew violation count 473
max fanout violation count 0
max cap violation count 122
============================================================================

===========================================================================
check_setup -verbose -unconstrained_endpoints -multiple_clock -no_clock -no_input_delay -loops -generated_clocks
===========================================================================
Warning: There is 1 input port missing set_input_delay.
  wb_rst_i
Warning: There are 32 unconstrained endpoints.
  irq[1]
  irq[2]
  u_engine.g_banks[0].u_ram.u_macro/csb1
  u_engine.g_banks[0].u_ram.u_macro/wmask0[0]
  u_engine.g_banks[0].u_ram.u_macro/wmask0[1]
  u_engine.g_banks[0].u_ram.u_macro/wmask0[2]
  u_engine.g_banks[0].u_ram.u_macro/wmask0[3]
  u_engine.g_banks[1].u_ram.u_macro/csb1
  u_engine.g_banks[1].u_ram.u_macro/wmask0[0]
  u_engine.g_banks[1].u_ram.u_macro/wmask0[1]
  u_engine.g_banks[1].u_ram.u_macro/wmask0[2]
  u_engine.g_banks[1].u_ram.u_macro/wmask0[3]
  u_engine.g_banks[2].u_ram.u_macro/csb1
  u_engine.g_banks[2].u_ram.u_macro/wmask0[0]
  u_engine.g_banks[2].u_ram.u_macro/wmask0[1]
  u_engine.g_banks[2].u_ram.u_macro/wmask0[2]
  u_engine.g_banks[2].u_ram.u_macro/wmask0[3]
  u_engine.g_banks[3].u_ram.u_macro/csb1
  u_engine.g_banks[3].u_ram.u_macro/wmask0[0]
  u_engine.g_banks[3].u_ram.u_macro/wmask0[1]
  u_engine.g_banks[3].u_ram.u_macro/wmask0[2]
  u_engine.g_banks[3].u_ram.u_macro/wmask0[3]
  u_engine.u_zstore.g_zrams[0].u_ram.u_macro/csb1
  u_engine.u_zstore.g_zrams[0].u_ram.u_macro/wmask0[0]
  u_engine.u_zstore.g_zrams[0].u_ram.u_macro/wmask0[1]
  u_engine.u_zstore.g_zrams[0].u_ram.u_macro/wmask0[2]
  u_engine.u_zstore.g_zrams[0].u_ram.u_macro/wmask0[3]
  u_engine.u_zstore.g_zrams[1].u_ram.u_macro/csb1
  u_engine.u_zstore.g_zrams[1].u_ram.u_macro/wmask0[0]
  u_engine.u_zstore.g_zrams[1].u_ram.u_macro/wmask0[1]
  u_engine.u_zstore.g_zrams[1].u_ram.u_macro/wmask0[2]
  u_engine.u_zstore.g_zrams[1].u_ram.u_macro/wmask0[3]
