Partial/Required:  1.99, Required:    400.0, Partial:   794.56, Net: _000922_, Pin: _102589_/D, Layer: met1
Partial/Required:  1.93, Required:    400.0, Partial:   773.75, Net: u_zstore.g_zrams\[1\].u_ram.rdata1\[20\], Pin: wire1087/A, Layer: met1
Partial/Required:  1.82, Required:    400.0, Partial:   728.25, Net: u_bf_l1a.u_mm.a\[30\], Pin: _101644_/D, Layer: met1
Partial/Required:  1.82, Required:    400.0, Partial:   726.67, Net: u_bf_l1a.oa_r\[10\], Pin: _056339_/B_N, Layer: met1
Partial/Required:  1.82, Required:    400.0, Partial:   726.67, Net: u_bf_l1a.oa_r\[10\], Pin: _056340_/A, Layer: met1
Partial/Required:  1.74, Required:    400.0, Partial:   694.11, Net: _008076_, Pin: _069113_/A1_N, Layer: met1
Partial/Required:  1.42, Required:    400.0, Partial:   569.33, Net: _010822_, Pin: _066149_/A, Layer: met1
Partial/Required:  1.39, Required:    400.0, Partial:   557.78, Net: u_bf_l1b.b\[9\], Pin: _103081_/D, Layer: met1
Partial/Required:  1.36, Required:    400.0, Partial:   544.67, Net: _037365_, Pin: _092848_/B, Layer: met1
Partial/Required:  1.30, Required:    400.0, Partial:   518.22, Net: _046046_, Pin: _099858_/A1, Layer: met1
Partial/Required:  1.27, Required:    400.0, Partial:   507.39, Net: _043738_, Pin: _050936_/A, Layer: met1
Partial/Required:  1.27, Required:    400.0, Partial:    507.0, Net: net5130, Pin: _103951_/D, Layer: met1
Partial/Required:  1.25, Required:    400.0, Partial:   499.66, Net: net1681, Pin: wire1680/A, Layer: met1
Partial/Required:  1.19, Required:    400.0, Partial:   474.22, Net: net2435, Pin: _050308_/A, Layer: met1
Partial/Required:  1.18, Required:    400.0, Partial:   470.56, Net: _049161_, Pin: _054627_/A, Layer: met1
Partial/Required:  1.17, Required:    400.0, Partial:   468.47, Net: _000090_, Pin: _104214_/D, Layer: met1
Partial/Required:  1.16, Required:    400.0, Partial:   464.33, Net: _000678_, Pin: _101723_/D, Layer: met1
Partial/Required:  1.15, Required:    400.0, Partial:   459.22, Net: u_bf_l1a.a_al\[24\], Pin: _054165_/C, Layer: met1
Partial/Required:  1.13, Required:    400.0, Partial:    450.3, Net: u_zstore.g_zrams\[1\].u_ram.rdata0\[1\], Pin: wire1167/A, Layer: met1
Partial/Required:  1.12, Required:    400.0, Partial:   447.49, Net: _047719_, Pin: _053072_/A, Layer: met3
Partial/Required:  1.12, Required:    400.0, Partial:   447.49, Net: _047719_, Pin: _053067_/A1_N, Layer: met3
Partial/Required:  1.10, Required:    400.0, Partial:   440.14, Net: _000615_, Pin: _101879_/D, Layer: met1
Partial/Required:  1.10, Required:    400.0, Partial:   440.11, Net: net2507, Pin: _053025_/C_N, Layer: met1
Partial/Required:  1.10, Required:    400.0, Partial:   438.11, Net: _008789_, Pin: _064742_/B, Layer: met1
Partial/Required:  1.07, Required:    400.0, Partial:   427.56, Net: _046187_, Pin: _099876_/A0, Layer: met1
Partial/Required:  1.05, Required:    400.0, Partial:   419.58, Net: net5087, Pin: _103788_/D, Layer: met1
Partial/Required:  1.05, Required:    400.0, Partial:   419.44, Net: _049253_, Pin: _054720_/C, Layer: met1
Partial/Required:  1.03, Required:    400.0, Partial:   411.25, Net: u_bf_l2d.u_mm.a\[5\], Pin: _104302_/D, Layer: met1
Partial/Required:  1.02, Required:    400.0, Partial:   407.51, Net: u_zstore.g_zrams\[1\].u_ram.rdata1\[11\], Pin: wire1107/A, Layer: met1
Partial/Required:  1.01, Required:    400.0, Partial:   404.33, Net: _000554_, Pin: _104334_/D, Layer: met1
