┏━━━━━━━━━━━━━━━━━━━━━━┳━━━━━━━━━━┳━━━━━━━━━━┳━━━━━━━━━━┳━━━━━━━━━━┳━━━━━━━━━━━┳━━━━━━━━━━┳━━━━━━━━━━━┳━━━━━━━━━━┳━━━━━━━━━━━┳━━━━━━━━━━┳━━━━━━━━━━━┳━━━━━━━━━━┓
┃                      ┃ Hold     ┃ Reg to   ┃          ┃          ┃ of which  ┃ Setup    ┃           ┃          ┃           ┃ of which ┃           ┃          ┃
┃                      ┃ Worst    ┃ Reg      ┃          ┃ Hold Vio ┃ reg to    ┃ Worst    ┃ Reg to    ┃ Setup    ┃ Setup Vio ┃ reg to   ┃ Max Cap   ┃ Max Slew ┃
┃ Corner/Group         ┃ Slack    ┃ Paths    ┃ Hold TNS ┃ Count    ┃ reg       ┃ Slack    ┃ Reg Paths ┃ TNS      ┃ Count     ┃ reg      ┃ Violatio… ┃ Violati… ┃
┡━━━━━━━━━━━━━━━━━━━━━━╇━━━━━━━━━━╇━━━━━━━━━━╇━━━━━━━━━━╇━━━━━━━━━━╇━━━━━━━━━━━╇━━━━━━━━━━╇━━━━━━━━━━━╇━━━━━━━━━━╇━━━━━━━━━━━╇━━━━━━━━━━╇━━━━━━━━━━━╇━━━━━━━━━━┩
│ Overall              │ -0.5373  │ 0.0451   │ -4.4671  │ 39       │ 0         │ -3.6291  │ -3.6291   │ -220.25… │ 328       │ 328      │ 138       │ 1038     │
│ nom_tt_025C_1v80     │ 0.2305   │ 0.2305   │ 0.0000   │ 0        │ 0         │ 3.7558   │ 3.7558    │ 0.0000   │ 0         │ 0        │ 102       │ 1        │
│ nom_ss_100C_1v60     │ -0.4262  │ 0.7473   │ -2.6251  │ 17       │ 0         │ -3.3019  │ -3.3019   │ -181.25… │ 110       │ 110      │ 122       │ 473      │
│ nom_ff_n40C_1v95     │ 0.0488   │ 0.0488   │ 0.0000   │ 0        │ 0         │ 6.7393   │ 6.7393    │ 0.0000   │ 0         │ 0        │ 102       │ 0        │
│ min_tt_025C_1v80     │ 0.2461   │ 0.2461   │ 0.0000   │ 0        │ 0         │ 4.0138   │ 4.0138    │ 0.0000   │ 0         │ 0        │ 81        │ 0        │
│ min_ss_100C_1v60     │ -0.2688  │ 0.7722   │ -0.9020  │ 4        │ 0         │ -2.9184  │ -2.9184   │ -138.10… │ 104       │ 104      │ 92        │ 278      │
│ min_ff_n40C_1v95     │ 0.0587   │ 0.0587   │ 0.0000   │ 0        │ 0         │ 6.8980   │ 6.8980    │ 0.0000   │ 0         │ 0        │ 80        │ 0        │
│ max_tt_025C_1v80     │ 0.2236   │ 0.2236   │ 0.0000   │ 0        │ 0         │ 3.5122   │ 3.5122    │ 0.0000   │ 0         │ 0        │ 106       │ 2        │
│ max_ss_100C_1v60     │ -0.5373  │ 0.7204   │ -4.4671  │ 18       │ 0         │ -3.6291  │ -3.6291   │ -220.25… │ 114       │ 114      │ 138       │ 1038     │
│ max_ff_n40C_1v95     │ 0.0451   │ 0.0451   │ 0.0000   │ 0        │ 0         │ 6.5856   │ 6.5856    │ 0.0000   │ 0         │ 0        │ 105       │ 0        │
└──────────────────────┴──────────┴──────────┴──────────┴──────────┴───────────┴──────────┴───────────┴──────────┴───────────┴──────────┴───────────┴──────────┘
