Clock: wb_clk
Sources: wb_clk_i 
Generated: no
Virtual: yes
Propagated: no
Period: 25.000000

===========================================================================
report_clock_properties
============================================================================
Clock                   Period          Waveform
----------------------------------------------------
wb_clk               25.000000    0.000000 12.500000

===========================================================================
report_clock_latency
============================================================================
Clock wb_clk
rise -> rise
    min     max
0.000000 0.000000 source latency
1.069848         network latency _71765_/CLK
        1.451076 network latency _73756_/CLK
---------------
1.069848 1.451076 latency
        0.381228 skew

fall -> fall
    min     max
0.000000 0.000000 source latency
0.999703         network latency _75328_/CLK
        1.318069 network latency _73756_/CLK
---------------
0.999703 1.318069 latency
        0.318367 skew



===========================================================================
report_clock_min_period
============================================================================
wb_clk period_min = 6.77 fmax = 147.75
