
===========================================================================
 report_power
============================================================================
======================= max_ff_n40C_1v95 Corner ===================================

Group                    Internal    Switching      Leakage        Total
                            Power        Power        Power        Power (Watts)
------------------------------------------------------------------------
Sequential           7.990010e-03 3.158354e-06 6.916534e-08 7.993237e-03  30.9%
Combinational        1.736108e-05 2.348188e-05 3.652639e-07 4.120823e-05   0.2%
Clock                3.802478e-03 4.683325e-03 4.832453e-08 8.485851e-03  32.8%
Macro                9.205889e-03 0.000000e+00 1.141920e-04 9.320081e-03  36.1%
Pad                  0.000000e+00 0.000000e+00 0.000000e+00 0.000000e+00   0.0%
------------------------------------------------------------------------
Total                2.101574e-02 4.709965e-03 1.146744e-04 2.584038e-02 100.0%
                            81.3%        18.2%         0.4%

