
68. Printing statistics.

=== ntt_core_8 ===

   Number of wires:              42964
   Number of wire bits:          43062
   Number of public wires:         399
   Number of public wire bits:     497
   Number of memories:               0
   Number of memory bits:            0
   Number of processes:              0
   Number of cells:              42985
     sky130_fd_sc_hd__a2111o_2      27
     sky130_fd_sc_hd__a2111oi_2      3
     sky130_fd_sc_hd__a2111oi_4      2
     sky130_fd_sc_hd__a211o_2      478
     sky130_fd_sc_hd__a211o_4        4
     sky130_fd_sc_hd__a211oi_2     446
     sky130_fd_sc_hd__a21bo_2      546
     sky130_fd_sc_hd__a21bo_4        2
     sky130_fd_sc_hd__a21boi_2     161
     sky130_fd_sc_hd__a21boi_4       2
     sky130_fd_sc_hd__a21o_2      1950
     sky130_fd_sc_hd__a21o_4        16
     sky130_fd_sc_hd__a21oi_2     1957
     sky130_fd_sc_hd__a21oi_4        5
     sky130_fd_sc_hd__a221o_2       74
     sky130_fd_sc_hd__a221oi_2       8
     sky130_fd_sc_hd__a22o_2      1399
     sky130_fd_sc_hd__a22oi_2      499
     sky130_fd_sc_hd__a2bb2o_2      62
     sky130_fd_sc_hd__a2bb2o_4       2
     sky130_fd_sc_hd__a2bb2oi_2      4
     sky130_fd_sc_hd__a311o_2       13
     sky130_fd_sc_hd__a311o_4        2
     sky130_fd_sc_hd__a311oi_2       2
     sky130_fd_sc_hd__a31o_2       496
     sky130_fd_sc_hd__a31o_4         6
     sky130_fd_sc_hd__a31oi_2       44
     sky130_fd_sc_hd__a31oi_4        2
     sky130_fd_sc_hd__a32o_2        87
     sky130_fd_sc_hd__a32oi_2       10
     sky130_fd_sc_hd__a41o_2        16
     sky130_fd_sc_hd__a41o_4         1
     sky130_fd_sc_hd__a41oi_2        3
     sky130_fd_sc_hd__and2_2      2193
     sky130_fd_sc_hd__and2_4        47
     sky130_fd_sc_hd__and2b_2      932
     sky130_fd_sc_hd__and2b_4        3
     sky130_fd_sc_hd__and3_2      1270
     sky130_fd_sc_hd__and3_4        44
     sky130_fd_sc_hd__and3b_2       36
     sky130_fd_sc_hd__and3b_4        2
     sky130_fd_sc_hd__and4_2      1522
     sky130_fd_sc_hd__and4_4         2
     sky130_fd_sc_hd__and4b_2      412
     sky130_fd_sc_hd__and4b_4        2
     sky130_fd_sc_hd__and4bb_2      69
     sky130_fd_sc_hd__buf_1       2143
     sky130_fd_sc_hd__buf_12         1
     sky130_fd_sc_hd__buf_2        182
     sky130_fd_sc_hd__buf_4         29
     sky130_fd_sc_hd__buf_6         90
     sky130_fd_sc_hd__buf_8         10
     sky130_fd_sc_hd__bufbuf_8       1
     sky130_fd_sc_hd__bufinv_8      21
     sky130_fd_sc_hd__dfrtp_2      388
     sky130_fd_sc_hd__inv_12         2
     sky130_fd_sc_hd__inv_2       1564
     sky130_fd_sc_hd__inv_4          2
     sky130_fd_sc_hd__inv_6          2
     sky130_fd_sc_hd__inv_8          1
     sky130_fd_sc_hd__mux2_2       433
     sky130_fd_sc_hd__mux2_4         1
     sky130_fd_sc_hd__nand2_2     3395
     sky130_fd_sc_hd__nand2_4        7
     sky130_fd_sc_hd__nand2b_2      69
     sky130_fd_sc_hd__nand2b_4       5
     sky130_fd_sc_hd__nand3_2     1067
     sky130_fd_sc_hd__nand3_4        1
     sky130_fd_sc_hd__nand3b_2      33
     sky130_fd_sc_hd__nand4_2      304
     sky130_fd_sc_hd__nand4b_2       9
     sky130_fd_sc_hd__nand4bb_2      4
     sky130_fd_sc_hd__nor2_2      3584
     sky130_fd_sc_hd__nor2_4        11
     sky130_fd_sc_hd__nor2_8         1
     sky130_fd_sc_hd__nor2b_2       92
     sky130_fd_sc_hd__nor2b_4        5
     sky130_fd_sc_hd__nor3_2       547
     sky130_fd_sc_hd__nor3b_2       37
     sky130_fd_sc_hd__nor4_2        23
     sky130_fd_sc_hd__nor4_4         1
     sky130_fd_sc_hd__nor4b_2        2
     sky130_fd_sc_hd__o2111a_2       7
     sky130_fd_sc_hd__o2111ai_2      5
     sky130_fd_sc_hd__o211a_2      487
     sky130_fd_sc_hd__o211a_4        3
     sky130_fd_sc_hd__o211ai_2     341
     sky130_fd_sc_hd__o211ai_4       2
     sky130_fd_sc_hd__o21a_2       878
     sky130_fd_sc_hd__o21ai_2     1297
     sky130_fd_sc_hd__o21ai_4        2
     sky130_fd_sc_hd__o21ba_2      249
     sky130_fd_sc_hd__o21bai_2      92
     sky130_fd_sc_hd__o21bai_4       2
     sky130_fd_sc_hd__o221a_2       28
     sky130_fd_sc_hd__o221ai_2       5
     sky130_fd_sc_hd__o22a_2        63
     sky130_fd_sc_hd__o22a_4         1
     sky130_fd_sc_hd__o22ai_2       14
     sky130_fd_sc_hd__o2bb2a_2     448
     sky130_fd_sc_hd__o2bb2a_4       1
     sky130_fd_sc_hd__o2bb2ai_2      1
     sky130_fd_sc_hd__o311a_2       20
     sky130_fd_sc_hd__o311a_4        1
     sky130_fd_sc_hd__o311ai_2       4
     sky130_fd_sc_hd__o31a_2        60
     sky130_fd_sc_hd__o31a_4         1
     sky130_fd_sc_hd__o31ai_2       19
     sky130_fd_sc_hd__o31ai_4        1
     sky130_fd_sc_hd__o32a_2        22
     sky130_fd_sc_hd__o32ai_2        4
     sky130_fd_sc_hd__o41a_2         6
     sky130_fd_sc_hd__or2_2       2311
     sky130_fd_sc_hd__or2_4         40
     sky130_fd_sc_hd__or2b_2       660
     sky130_fd_sc_hd__or2b_4         1
     sky130_fd_sc_hd__or3_2        948
     sky130_fd_sc_hd__or3_4         73
     sky130_fd_sc_hd__or3b_2        78
     sky130_fd_sc_hd__or3b_4        13
     sky130_fd_sc_hd__or4_2         18
     sky130_fd_sc_hd__or4_4         18
     sky130_fd_sc_hd__or4b_2        15
     sky130_fd_sc_hd__or4b_4         5
     sky130_fd_sc_hd__or4bb_2       12
     sky130_fd_sc_hd__or4bb_4        3
     sky130_fd_sc_hd__xnor2_2     3607
     sky130_fd_sc_hd__xnor2_4       10
     sky130_fd_sc_hd__xor2_2      2175
     sky130_fd_sc_hd__xor2_4         4

   Chip area for module '\ntt_core_8': 400729.331200

