

================================================================
== Vitis HLS Report for 'basemul_all'
================================================================
* Date:           Thu Jun 11 23:16:51 2026

* Version:        2023.2 (Build 4023990 on Oct 11 2023)
* Project:        ntt_kyber
* Solution:       solution1 (Vivado IP Flow Target)
* Product family: zynquplus
* Target device:  xck26-sfvc784-2LV-c


================================================================
== Performance Estimates
================================================================
+ Timing: 
    * Summary: 
    +--------+----------+----------+------------+
    |  Clock |  Target  | Estimated| Uncertainty|
    +--------+----------+----------+------------+
    |ap_clk  |  10.00 ns|  6.361 ns|     2.70 ns|
    +--------+----------+----------+------------+

+ Latency: 
    * Summary: 
    +---------+---------+----------+-----------+-----+------+---------+
    |  Latency (cycles) |  Latency (absolute)  |  Interval  | Pipeline|
    |   min   |   max   |    min   |    max    | min |  max |   Type  |
    +---------+---------+----------+-----------+-----+------+---------+
    |       72|     1137|  0.720 us|  11.370 us|   72|  1137|       no|
    +---------+---------+----------+-----------+-----+------+---------+

    + Detail: 
        * Instance: 
        +---------------------------------------+----------------------------+---------+---------+----------+----------+-----+-----+---------+
        |                                       |                            |  Latency (cycles) |  Latency (absolute) |  Interval | Pipeline|
        |                Instance               |           Module           |   min   |   max   |    min   |    max   | min | max |   Type  |
        +---------------------------------------+----------------------------+---------+---------+----------+----------+-----+-----+---------+
        |grp_basemul_all_Pipeline_BM_RD_fu_286  |basemul_all_Pipeline_BM_RD  |       18|       18|  0.180 us|  0.180 us|   18|   18|       no|
        |grp_basemul_fu_326                     |basemul                     |       29|       29|  0.290 us|  0.290 us|   29|   29|       no|
        |grp_basemul_all_Pipeline_BM_WR_fu_394  |basemul_all_Pipeline_BM_WR  |       18|       18|  0.180 us|  0.180 us|   18|   18|       no|
        +---------------------------------------+----------------------------+---------+---------+----------+----------+-----+-----+---------+

        * Loop: 
        +----------+---------+---------+----------+-----------+-----------+--------+----------+
        |          |  Latency (cycles) | Iteration|  Initiation Interval  |  Trip  |          |
        | Loop Name|   min   |   max   |  Latency |  achieved |   target  |  Count | Pipelined|
        +----------+---------+---------+----------+-----------+-----------+--------+----------+
        |- BM_BLK  |       71|     1136|        71|          -|          -|  1 ~ 16|        no|
        +----------+---------+---------+----------+-----------+-----------+--------+----------+



================================================================
== Utilization Estimates
================================================================
* Summary: 
+-----------------+---------+------+--------+--------+-----+
|       Name      | BRAM_18K|  DSP |   FF   |   LUT  | URAM|
+-----------------+---------+------+--------+--------+-----+
|DSP              |        -|     -|       -|       -|    -|
|Expression       |        -|     -|       0|      79|    -|
|FIFO             |        -|     -|       -|       -|    -|
|Instance         |        0|   136|    4287|    8361|    -|
|Memory           |        0|     -|     576|     144|    0|
|Multiplexer      |        -|     -|       -|    1891|    -|
|Register         |        -|     -|      75|       -|    -|
+-----------------+---------+------+--------+--------+-----+
|Total            |        0|   136|    4938|   10475|    0|
+-----------------+---------+------+--------+--------+-----+
|Available        |      288|  1248|  234240|  117120|   64|
+-----------------+---------+------+--------+--------+-----+
|Utilization (%)  |        0|    10|       2|       8|    0|
+-----------------+---------+------+--------+--------+-----+

+ Detail: 
    * Instance: 
    +---------------------------------------+----------------------------+---------+-----+------+------+-----+
    |                Instance               |           Module           | BRAM_18K| DSP |  FF  |  LUT | URAM|
    +---------------------------------------+----------------------------+---------+-----+------+------+-----+
    |grp_basemul_fu_326                     |basemul                     |        0|  136|  4266|  8202|    0|
    |grp_basemul_all_Pipeline_BM_RD_fu_286  |basemul_all_Pipeline_BM_RD  |        0|    0|    13|    85|    0|
    |grp_basemul_all_Pipeline_BM_WR_fu_394  |basemul_all_Pipeline_BM_WR  |        0|    0|     8|    74|    0|
    +---------------------------------------+----------------------------+---------+-----+------+------+-----+
    |Total                                  |                            |        0|  136|  4287|  8361|    0|
    +---------------------------------------+----------------------------+---------+-----+------+------+-----+

    * DSP: 
    N/A

    * Memory: 
    +--------+-----------------------------+---------+----+----+-----+------+-----+------+-------------+
    | Memory |            Module           | BRAM_18K| FF | LUT| URAM| Words| Bits| Banks| W*Bits*Banks|
    +--------+-----------------------------+---------+----+----+-----+------+-----+------+-------------+
    |A_U     |basemul_all_A_RAM_AUTO_1R1W  |        0|  12|   3|    0|    16|   12|     1|          192|
    |A_1_U   |basemul_all_A_RAM_AUTO_1R1W  |        0|  12|   3|    0|    16|   12|     1|          192|
    |A_2_U   |basemul_all_A_RAM_AUTO_1R1W  |        0|  12|   3|    0|    16|   12|     1|          192|
    |A_3_U   |basemul_all_A_RAM_AUTO_1R1W  |        0|  12|   3|    0|    16|   12|     1|          192|
    |A_4_U   |basemul_all_A_RAM_AUTO_1R1W  |        0|  12|   3|    0|    16|   12|     1|          192|
    |A_5_U   |basemul_all_A_RAM_AUTO_1R1W  |        0|  12|   3|    0|    16|   12|     1|          192|
    |A_6_U   |basemul_all_A_RAM_AUTO_1R1W  |        0|  12|   3|    0|    16|   12|     1|          192|
    |A_7_U   |basemul_all_A_RAM_AUTO_1R1W  |        0|  12|   3|    0|    16|   12|     1|          192|
    |A_8_U   |basemul_all_A_RAM_AUTO_1R1W  |        0|  12|   3|    0|    16|   12|     1|          192|
    |A_9_U   |basemul_all_A_RAM_AUTO_1R1W  |        0|  12|   3|    0|    16|   12|     1|          192|
    |A_10_U  |basemul_all_A_RAM_AUTO_1R1W  |        0|  12|   3|    0|    16|   12|     1|          192|
    |A_11_U  |basemul_all_A_RAM_AUTO_1R1W  |        0|  12|   3|    0|    16|   12|     1|          192|
    |A_12_U  |basemul_all_A_RAM_AUTO_1R1W  |        0|  12|   3|    0|    16|   12|     1|          192|
    |A_13_U  |basemul_all_A_RAM_AUTO_1R1W  |        0|  12|   3|    0|    16|   12|     1|          192|
    |A_14_U  |basemul_all_A_RAM_AUTO_1R1W  |        0|  12|   3|    0|    16|   12|     1|          192|
    |A_15_U  |basemul_all_A_RAM_AUTO_1R1W  |        0|  12|   3|    0|    16|   12|     1|          192|
    |B_U     |basemul_all_A_RAM_AUTO_1R1W  |        0|  12|   3|    0|    16|   12|     1|          192|
    |B_1_U   |basemul_all_A_RAM_AUTO_1R1W  |        0|  12|   3|    0|    16|   12|     1|          192|
    |B_2_U   |basemul_all_A_RAM_AUTO_1R1W  |        0|  12|   3|    0|    16|   12|     1|          192|
    |B_3_U   |basemul_all_A_RAM_AUTO_1R1W  |        0|  12|   3|    0|    16|   12|     1|          192|
    |B_4_U   |basemul_all_A_RAM_AUTO_1R1W  |        0|  12|   3|    0|    16|   12|     1|          192|
    |B_5_U   |basemul_all_A_RAM_AUTO_1R1W  |        0|  12|   3|    0|    16|   12|     1|          192|
    |B_6_U   |basemul_all_A_RAM_AUTO_1R1W  |        0|  12|   3|    0|    16|   12|     1|          192|
    |B_7_U   |basemul_all_A_RAM_AUTO_1R1W  |        0|  12|   3|    0|    16|   12|     1|          192|
    |B_8_U   |basemul_all_A_RAM_AUTO_1R1W  |        0|  12|   3|    0|    16|   12|     1|          192|
    |B_9_U   |basemul_all_A_RAM_AUTO_1R1W  |        0|  12|   3|    0|    16|   12|     1|          192|
    |B_10_U  |basemul_all_A_RAM_AUTO_1R1W  |        0|  12|   3|    0|    16|   12|     1|          192|
    |B_11_U  |basemul_all_A_RAM_AUTO_1R1W  |        0|  12|   3|    0|    16|   12|     1|          192|
    |B_12_U  |basemul_all_A_RAM_AUTO_1R1W  |        0|  12|   3|    0|    16|   12|     1|          192|
    |B_13_U  |basemul_all_A_RAM_AUTO_1R1W  |        0|  12|   3|    0|    16|   12|     1|          192|
    |B_14_U  |basemul_all_A_RAM_AUTO_1R1W  |        0|  12|   3|    0|    16|   12|     1|          192|
    |B_15_U  |basemul_all_A_RAM_AUTO_1R1W  |        0|  12|   3|    0|    16|   12|     1|          192|
    |C_U     |basemul_all_A_RAM_AUTO_1R1W  |        0|  12|   3|    0|    16|   12|     1|          192|
    |C_1_U   |basemul_all_A_RAM_AUTO_1R1W  |        0|  12|   3|    0|    16|   12|     1|          192|
    |C_2_U   |basemul_all_A_RAM_AUTO_1R1W  |        0|  12|   3|    0|    16|   12|     1|          192|
    |C_3_U   |basemul_all_A_RAM_AUTO_1R1W  |        0|  12|   3|    0|    16|   12|     1|          192|
    |C_4_U   |basemul_all_A_RAM_AUTO_1R1W  |        0|  12|   3|    0|    16|   12|     1|          192|
    |C_5_U   |basemul_all_A_RAM_AUTO_1R1W  |        0|  12|   3|    0|    16|   12|     1|          192|
    |C_6_U   |basemul_all_A_RAM_AUTO_1R1W  |        0|  12|   3|    0|    16|   12|     1|          192|
    |C_7_U   |basemul_all_A_RAM_AUTO_1R1W  |        0|  12|   3|    0|    16|   12|     1|          192|
    |C_8_U   |basemul_all_A_RAM_AUTO_1R1W  |        0|  12|   3|    0|    16|   12|     1|          192|
    |C_9_U   |basemul_all_A_RAM_AUTO_1R1W  |        0|  12|   3|    0|    16|   12|     1|          192|
    |C_10_U  |basemul_all_A_RAM_AUTO_1R1W  |        0|  12|   3|    0|    16|   12|     1|          192|
    |C_11_U  |basemul_all_A_RAM_AUTO_1R1W  |        0|  12|   3|    0|    16|   12|     1|          192|
    |C_12_U  |basemul_all_A_RAM_AUTO_1R1W  |        0|  12|   3|    0|    16|   12|     1|          192|
    |C_13_U  |basemul_all_A_RAM_AUTO_1R1W  |        0|  12|   3|    0|    16|   12|     1|          192|
    |C_14_U  |basemul_all_A_RAM_AUTO_1R1W  |        0|  12|   3|    0|    16|   12|     1|          192|
    |C_15_U  |basemul_all_A_RAM_AUTO_1R1W  |        0|  12|   3|    0|    16|   12|     1|          192|
    +--------+-----------------------------+---------+----+----+-----+------+-----+------+-------------+
    |Total   |                             |        0| 576| 144|    0|   768|  576|    48|         9216|
    +--------+-----------------------------+---------+----+----+-----+------+-----+------+-------------+

    * FIFO: 
    N/A

    * Expression: 
    +----------------------+----------+----+---+----+------------+------------+
    |     Variable Name    | Operation| DSP| FF| LUT| Bitwidth P0| Bitwidth P1|
    +----------------------+----------+----+---+----+------------+------------+
    |add_ln214_fu_433_p2   |         +|   0|  0|  38|          31|           1|
    |icmp_ln214_fu_428_p2  |      icmp|   0|  0|  39|          32|          32|
    |ap_block_state1       |        or|   0|  0|   2|           1|           1|
    +----------------------+----------+----+---+----+------------+------------+
    |Total                 |          |   0|  0|  79|          64|          34|
    +----------------------+----------+----+---+----+------------+------------+

    * Multiplexer: 
    +----------------------+----+-----------+-----+-----------+
    |         Name         | LUT| Input Size| Bits| Total Bits|
    +----------------------+----+-----------+-----+-----------+
    |A_10_address0         |  14|          3|    4|         12|
    |A_10_ce0              |  14|          3|    1|          3|
    |A_10_we0              |   9|          2|    1|          2|
    |A_11_address0         |  14|          3|    4|         12|
    |A_11_ce0              |  14|          3|    1|          3|
    |A_11_we0              |   9|          2|    1|          2|
    |A_12_address0         |  14|          3|    4|         12|
    |A_12_ce0              |  14|          3|    1|          3|
    |A_12_we0              |   9|          2|    1|          2|
    |A_13_address0         |  14|          3|    4|         12|
    |A_13_ce0              |  14|          3|    1|          3|
    |A_13_we0              |   9|          2|    1|          2|
    |A_14_address0         |  14|          3|    4|         12|
    |A_14_ce0              |  14|          3|    1|          3|
    |A_14_we0              |   9|          2|    1|          2|
    |A_15_address0         |  14|          3|    4|         12|
    |A_15_ce0              |  14|          3|    1|          3|
    |A_15_we0              |   9|          2|    1|          2|
    |A_1_address0          |  14|          3|    4|         12|
    |A_1_ce0               |  14|          3|    1|          3|
    |A_1_we0               |   9|          2|    1|          2|
    |A_2_address0          |  14|          3|    4|         12|
    |A_2_ce0               |  14|          3|    1|          3|
    |A_2_we0               |   9|          2|    1|          2|
    |A_3_address0          |  14|          3|    4|         12|
    |A_3_ce0               |  14|          3|    1|          3|
    |A_3_we0               |   9|          2|    1|          2|
    |A_4_address0          |  14|          3|    4|         12|
    |A_4_ce0               |  14|          3|    1|          3|
    |A_4_we0               |   9|          2|    1|          2|
    |A_5_address0          |  14|          3|    4|         12|
    |A_5_ce0               |  14|          3|    1|          3|
    |A_5_we0               |   9|          2|    1|          2|
    |A_6_address0          |  14|          3|    4|         12|
    |A_6_ce0               |  14|          3|    1|          3|
    |A_6_we0               |   9|          2|    1|          2|
    |A_7_address0          |  14|          3|    4|         12|
    |A_7_ce0               |  14|          3|    1|          3|
    |A_7_we0               |   9|          2|    1|          2|
    |A_8_address0          |  14|          3|    4|         12|
    |A_8_ce0               |  14|          3|    1|          3|
    |A_8_we0               |   9|          2|    1|          2|
    |A_9_address0          |  14|          3|    4|         12|
    |A_9_ce0               |  14|          3|    1|          3|
    |A_9_we0               |   9|          2|    1|          2|
    |A_address0            |  14|          3|    4|         12|
    |A_ce0                 |  14|          3|    1|          3|
    |A_we0                 |   9|          2|    1|          2|
    |B_10_address0         |  14|          3|    4|         12|
    |B_10_ce0              |  14|          3|    1|          3|
    |B_10_we0              |   9|          2|    1|          2|
    |B_11_address0         |  14|          3|    4|         12|
    |B_11_ce0              |  14|          3|    1|          3|
    |B_11_we0              |   9|          2|    1|          2|
    |B_12_address0         |  14|          3|    4|         12|
    |B_12_ce0              |  14|          3|    1|          3|
    |B_12_we0              |   9|          2|    1|          2|
    |B_13_address0         |  14|          3|    4|         12|
    |B_13_ce0              |  14|          3|    1|          3|
    |B_13_we0              |   9|          2|    1|          2|
    |B_14_address0         |  14|          3|    4|         12|
    |B_14_ce0              |  14|          3|    1|          3|
    |B_14_we0              |   9|          2|    1|          2|
    |B_15_address0         |  14|          3|    4|         12|
    |B_15_ce0              |  14|          3|    1|          3|
    |B_15_we0              |   9|          2|    1|          2|
    |B_1_address0          |  14|          3|    4|         12|
    |B_1_ce0               |  14|          3|    1|          3|
    |B_1_we0               |   9|          2|    1|          2|
    |B_2_address0          |  14|          3|    4|         12|
    |B_2_ce0               |  14|          3|    1|          3|
    |B_2_we0               |   9|          2|    1|          2|
    |B_3_address0          |  14|          3|    4|         12|
    |B_3_ce0               |  14|          3|    1|          3|
    |B_3_we0               |   9|          2|    1|          2|
    |B_4_address0          |  14|          3|    4|         12|
    |B_4_ce0               |  14|          3|    1|          3|
    |B_4_we0               |   9|          2|    1|          2|
    |B_5_address0          |  14|          3|    4|         12|
    |B_5_ce0               |  14|          3|    1|          3|
    |B_5_we0               |   9|          2|    1|          2|
    |B_6_address0          |  14|          3|    4|         12|
    |B_6_ce0               |  14|          3|    1|          3|
    |B_6_we0               |   9|          2|    1|          2|
    |B_7_address0          |  14|          3|    4|         12|
    |B_7_ce0               |  14|          3|    1|          3|
    |B_7_we0               |   9|          2|    1|          2|
    |B_8_address0          |  14|          3|    4|         12|
    |B_8_ce0               |  14|          3|    1|          3|
    |B_8_we0               |   9|          2|    1|          2|
    |B_9_address0          |  14|          3|    4|         12|
    |B_9_ce0               |  14|          3|    1|          3|
    |B_9_we0               |   9|          2|    1|          2|
    |B_address0            |  14|          3|    4|         12|
    |B_ce0                 |  14|          3|    1|          3|
    |B_we0                 |   9|          2|    1|          2|
    |C_10_address0         |  14|          3|    4|         12|
    |C_10_ce0              |  14|          3|    1|          3|
    |C_10_we0              |   9|          2|    1|          2|
    |C_11_address0         |  14|          3|    4|         12|
    |C_11_ce0              |  14|          3|    1|          3|
    |C_11_we0              |   9|          2|    1|          2|
    |C_12_address0         |  14|          3|    4|         12|
    |C_12_ce0              |  14|          3|    1|          3|
    |C_12_we0              |   9|          2|    1|          2|
    |C_13_address0         |  14|          3|    4|         12|
    |C_13_ce0              |  14|          3|    1|          3|
    |C_13_we0              |   9|          2|    1|          2|
    |C_14_address0         |  14|          3|    4|         12|
    |C_14_ce0              |  14|          3|    1|          3|
    |C_14_we0              |   9|          2|    1|          2|
    |C_15_address0         |  14|          3|    4|         12|
    |C_15_ce0              |  14|          3|    1|          3|
    |C_15_we0              |   9|          2|    1|          2|
    |C_1_address0          |  14|          3|    4|         12|
    |C_1_ce0               |  14|          3|    1|          3|
    |C_1_we0               |   9|          2|    1|          2|
    |C_2_address0          |  14|          3|    4|         12|
    |C_2_ce0               |  14|          3|    1|          3|
    |C_2_we0               |   9|          2|    1|          2|
    |C_3_address0          |  14|          3|    4|         12|
    |C_3_ce0               |  14|          3|    1|          3|
    |C_3_we0               |   9|          2|    1|          2|
    |C_4_address0          |  14|          3|    4|         12|
    |C_4_ce0               |  14|          3|    1|          3|
    |C_4_we0               |   9|          2|    1|          2|
    |C_5_address0          |  14|          3|    4|         12|
    |C_5_ce0               |  14|          3|    1|          3|
    |C_5_we0               |   9|          2|    1|          2|
    |C_6_address0          |  14|          3|    4|         12|
    |C_6_ce0               |  14|          3|    1|          3|
    |C_6_we0               |   9|          2|    1|          2|
    |C_7_address0          |  14|          3|    4|         12|
    |C_7_ce0               |  14|          3|    1|          3|
    |C_7_we0               |   9|          2|    1|          2|
    |C_8_address0          |  14|          3|    4|         12|
    |C_8_ce0               |  14|          3|    1|          3|
    |C_8_we0               |   9|          2|    1|          2|
    |C_9_address0          |  14|          3|    4|         12|
    |C_9_ce0               |  14|          3|    1|          3|
    |C_9_we0               |   9|          2|    1|          2|
    |C_address0            |  14|          3|    4|         12|
    |C_ce0                 |  14|          3|    1|          3|
    |C_we0                 |   9|          2|    1|          2|
    |ap_NS_fsm             |  43|          8|    1|          8|
    |ap_done               |   9|          2|    1|          2|
    |batch_blk_n           |   9|          2|    1|          2|
    |batch_size_c13_blk_n  |   9|          2|    1|          2|
    |blk_fu_76             |   9|          2|   31|         62|
    |real_start            |   9|          2|    1|          2|
    |sA1_read              |   9|          2|    1|          2|
    |sB1_read              |   9|          2|    1|          2|
    |sC0_write             |   9|          2|    1|          2|
    +----------------------+----+-----------+-----+-----------+
    |Total                 |1891|        408|  327|        900|
    +----------------------+----+-----------+-----+-----------+

    * Register: 
    +----------------------------------------------------+----+----+-----+-----------+
    |                        Name                        | FF | LUT| Bits| Const Bits|
    +----------------------------------------------------+----+----+-----+-----------+
    |ap_CS_fsm                                           |   7|   0|    7|          0|
    |ap_done_reg                                         |   1|   0|    1|          0|
    |batch_4_reg_451                                     |  32|   0|   32|          0|
    |blk_fu_76                                           |  31|   0|   31|          0|
    |grp_basemul_all_Pipeline_BM_RD_fu_286_ap_start_reg  |   1|   0|    1|          0|
    |grp_basemul_all_Pipeline_BM_WR_fu_394_ap_start_reg  |   1|   0|    1|          0|
    |grp_basemul_fu_326_ap_start_reg                     |   1|   0|    1|          0|
    |start_once_reg                                      |   1|   0|    1|          0|
    +----------------------------------------------------+----+----+-----+-----------+
    |Total                                               |  75|   0|   75|          0|
    +----------------------------------------------------+----+----+-----+-----------+



================================================================
== Interface
================================================================
* Summary: 
+-------------------------------+-----+-----+------------+----------------+--------------+
|           RTL Ports           | Dir | Bits|  Protocol  |  Source Object |    C Type    |
+-------------------------------+-----+-----+------------+----------------+--------------+
|ap_clk                         |   in|    1|  ap_ctrl_hs|     basemul_all|  return value|
|ap_rst                         |   in|    1|  ap_ctrl_hs|     basemul_all|  return value|
|ap_start                       |   in|    1|  ap_ctrl_hs|     basemul_all|  return value|
|start_full_n                   |   in|    1|  ap_ctrl_hs|     basemul_all|  return value|
|ap_done                        |  out|    1|  ap_ctrl_hs|     basemul_all|  return value|
|ap_continue                    |   in|    1|  ap_ctrl_hs|     basemul_all|  return value|
|ap_idle                        |  out|    1|  ap_ctrl_hs|     basemul_all|  return value|
|ap_ready                       |  out|    1|  ap_ctrl_hs|     basemul_all|  return value|
|start_out                      |  out|    1|  ap_ctrl_hs|     basemul_all|  return value|
|start_write                    |  out|    1|  ap_ctrl_hs|     basemul_all|  return value|
|sA1_dout                       |   in|  192|     ap_fifo|             sA1|       pointer|
|sA1_num_data_valid             |   in|    6|     ap_fifo|             sA1|       pointer|
|sA1_fifo_cap                   |   in|    6|     ap_fifo|             sA1|       pointer|
|sA1_empty_n                    |   in|    1|     ap_fifo|             sA1|       pointer|
|sA1_read                       |  out|    1|     ap_fifo|             sA1|       pointer|
|sB1_dout                       |   in|  192|     ap_fifo|             sB1|       pointer|
|sB1_num_data_valid             |   in|    6|     ap_fifo|             sB1|       pointer|
|sB1_fifo_cap                   |   in|    6|     ap_fifo|             sB1|       pointer|
|sB1_empty_n                    |   in|    1|     ap_fifo|             sB1|       pointer|
|sB1_read                       |  out|    1|     ap_fifo|             sB1|       pointer|
|sC0_din                        |  out|  192|     ap_fifo|             sC0|       pointer|
|sC0_num_data_valid             |   in|    6|     ap_fifo|             sC0|       pointer|
|sC0_fifo_cap                   |   in|    6|     ap_fifo|             sC0|       pointer|
|sC0_full_n                     |   in|    1|     ap_fifo|             sC0|       pointer|
|sC0_write                      |  out|    1|     ap_fifo|             sC0|       pointer|
|batch_dout                     |   in|   32|     ap_fifo|           batch|       pointer|
|batch_num_data_valid           |   in|    3|     ap_fifo|           batch|       pointer|
|batch_fifo_cap                 |   in|    3|     ap_fifo|           batch|       pointer|
|batch_empty_n                  |   in|    1|     ap_fifo|           batch|       pointer|
|batch_read                     |  out|    1|     ap_fifo|           batch|       pointer|
|batch_size_c13_din             |  out|   32|     ap_fifo|  batch_size_c13|       pointer|
|batch_size_c13_num_data_valid  |   in|    3|     ap_fifo|  batch_size_c13|       pointer|
|batch_size_c13_fifo_cap        |   in|    3|     ap_fifo|  batch_size_c13|       pointer|
|batch_size_c13_full_n          |   in|    1|     ap_fifo|  batch_size_c13|       pointer|
|batch_size_c13_write           |  out|    1|     ap_fifo|  batch_size_c13|       pointer|
+-------------------------------+-----+-----+------------+----------------+--------------+

