

================================================================
== Vitis HLS Report for 'basemul'
================================================================
* Date:           Thu Jun 11 23:16:50 2026

* Version:        2023.2 (Build 4023990 on Oct 11 2023)
* Project:        ntt_kyber
* Solution:       solution1 (Vivado IP Flow Target)
* Product family: zynquplus
* Target device:  xck26-sfvc784-2LV-c


================================================================
== Performance Estimates
================================================================
+ Timing: 
    * Summary: 
    +--------+----------+----------+------------+
    |  Clock |  Target  | Estimated| Uncertainty|
    +--------+----------+----------+------------+
    |ap_clk  |  10.00 ns|  6.361 ns|     2.70 ns|
    +--------+----------+----------+------------+

+ Latency: 
    * Summary: 
    +---------+---------+----------+----------+-----+-----+---------+
    |  Latency (cycles) |  Latency (absolute) |  Interval | Pipeline|
    |   min   |   max   |    min   |    max   | min | max |   Type  |
    +---------+---------+----------+----------+-----+-----+---------+
    |       29|       29|  0.290 us|  0.290 us|   29|   29|       no|
    +---------+---------+----------+----------+-----+-----+---------+

    + Detail: 
        * Instance: 
        N/A

        * Loop: 
        +----------+---------+---------+----------+-----------+-----------+------+----------+
        |          |  Latency (cycles) | Iteration|  Initiation Interval  | Trip |          |
        | Loop Name|   min   |   max   |  Latency |  achieved |   target  | Count| Pipelined|
        +----------+---------+---------+----------+-----------+-----------+------+----------+
        |- BM      |       27|       27|        13|          1|          1|    16|       yes|
        +----------+---------+---------+----------+-----------+-----------+------+----------+



================================================================
== Utilization Estimates
================================================================
* Summary: 
+-----------------+---------+------+--------+--------+-----+
|       Name      | BRAM_18K|  DSP |   FF   |   LUT  | URAM|
+-----------------+---------+------+--------+--------+-----+
|DSP              |        -|    40|       -|       -|    -|
|Expression       |        -|     -|       0|    5534|    -|
|FIFO             |        -|     -|       -|       -|    -|
|Instance         |        -|    96|       0|    1488|    -|
|Memory           |        0|     -|     224|      56|    -|
|Multiplexer      |        -|     -|       -|      36|    -|
|Register         |        -|     -|    4042|    1088|    -|
+-----------------+---------+------+--------+--------+-----+
|Total            |        0|   136|    4266|    8202|    0|
+-----------------+---------+------+--------+--------+-----+
|Available        |      288|  1248|  234240|  117120|   64|
+-----------------+---------+------+--------+--------+-----+
|Utilization (%)  |        0|    10|       1|       7|    0|
+-----------------+---------+------+--------+--------+-----+

+ Detail: 
    * Instance: 
    +----------------------------+----------------------+---------+----+---+----+-----+
    |          Instance          |        Module        | BRAM_18K| DSP| FF| LUT| URAM|
    +----------------------------+----------------------+---------+----+---+----+-----+
    |mul_12ns_12ns_24_3_1_U983   |mul_12ns_12ns_24_3_1  |        0|   1|  0|   0|    0|
    |mul_12ns_12ns_24_3_1_U984   |mul_12ns_12ns_24_3_1  |        0|   1|  0|   0|    0|
    |mul_12ns_12ns_24_3_1_U985   |mul_12ns_12ns_24_3_1  |        0|   1|  0|   0|    0|
    |mul_12ns_12ns_24_3_1_U986   |mul_12ns_12ns_24_3_1  |        0|   1|  0|   0|    0|
    |mul_12ns_12ns_24_3_1_U987   |mul_12ns_12ns_24_3_1  |        0|   1|  0|   0|    0|
    |mul_12ns_12ns_24_3_1_U988   |mul_12ns_12ns_24_3_1  |        0|   1|  0|   0|    0|
    |mul_12ns_12ns_24_3_1_U989   |mul_12ns_12ns_24_3_1  |        0|   1|  0|   0|    0|
    |mul_12ns_12ns_24_3_1_U990   |mul_12ns_12ns_24_3_1  |        0|   1|  0|   0|    0|
    |mul_12ns_12ns_24_3_1_U991   |mul_12ns_12ns_24_3_1  |        0|   1|  0|   0|    0|
    |mul_12ns_12ns_24_3_1_U992   |mul_12ns_12ns_24_3_1  |        0|   1|  0|   0|    0|
    |mul_12ns_12ns_24_3_1_U993   |mul_12ns_12ns_24_3_1  |        0|   1|  0|   0|    0|
    |mul_12ns_12ns_24_3_1_U994   |mul_12ns_12ns_24_3_1  |        0|   1|  0|   0|    0|
    |mul_12ns_12ns_24_3_1_U995   |mul_12ns_12ns_24_3_1  |        0|   1|  0|   0|    0|
    |mul_12ns_12ns_24_3_1_U996   |mul_12ns_12ns_24_3_1  |        0|   1|  0|   0|    0|
    |mul_12ns_12ns_24_3_1_U997   |mul_12ns_12ns_24_3_1  |        0|   1|  0|   0|    0|
    |mul_12ns_12ns_24_3_1_U998   |mul_12ns_12ns_24_3_1  |        0|   1|  0|   0|    0|
    |mul_12ns_12ns_24_3_1_U999   |mul_12ns_12ns_24_3_1  |        0|   1|  0|   0|    0|
    |mul_12ns_12ns_24_3_1_U1000  |mul_12ns_12ns_24_3_1  |        0|   1|  0|   0|    0|
    |mul_12ns_12ns_24_3_1_U1001  |mul_12ns_12ns_24_3_1  |        0|   1|  0|   0|    0|
    |mul_12ns_12ns_24_3_1_U1002  |mul_12ns_12ns_24_3_1  |        0|   1|  0|   0|    0|
    |mul_12ns_12ns_24_3_1_U1003  |mul_12ns_12ns_24_3_1  |        0|   1|  0|   0|    0|
    |mul_12ns_12ns_24_3_1_U1004  |mul_12ns_12ns_24_3_1  |        0|   1|  0|   0|    0|
    |mul_12ns_12ns_24_3_1_U1005  |mul_12ns_12ns_24_3_1  |        0|   1|  0|   0|    0|
    |mul_12ns_12ns_24_3_1_U1006  |mul_12ns_12ns_24_3_1  |        0|   1|  0|   0|    0|
    |mul_12ns_12ns_24_3_1_U1007  |mul_12ns_12ns_24_3_1  |        0|   1|  0|   0|    0|
    |mul_12ns_12ns_24_3_1_U1008  |mul_12ns_12ns_24_3_1  |        0|   1|  0|   0|    0|
    |mul_12ns_12ns_24_3_1_U1009  |mul_12ns_12ns_24_3_1  |        0|   1|  0|   0|    0|
    |mul_12ns_12ns_24_3_1_U1010  |mul_12ns_12ns_24_3_1  |        0|   1|  0|   0|    0|
    |mul_12ns_12ns_24_3_1_U1011  |mul_12ns_12ns_24_3_1  |        0|   1|  0|   0|    0|
    |mul_12ns_12ns_24_3_1_U1012  |mul_12ns_12ns_24_3_1  |        0|   1|  0|   0|    0|
    |mul_12ns_12ns_24_3_1_U1013  |mul_12ns_12ns_24_3_1  |        0|   1|  0|   0|    0|
    |mul_12ns_12ns_24_3_1_U1014  |mul_12ns_12ns_24_3_1  |        0|   1|  0|   0|    0|
    |mul_24ns_14ns_37_3_1_U1015  |mul_24ns_14ns_37_3_1  |        0|   1|  0|  23|    0|
    |mul_24ns_14ns_37_3_1_U1016  |mul_24ns_14ns_37_3_1  |        0|   1|  0|  23|    0|
    |mul_24ns_14ns_37_3_1_U1017  |mul_24ns_14ns_37_3_1  |        0|   1|  0|  23|    0|
    |mul_24ns_14ns_37_3_1_U1018  |mul_24ns_14ns_37_3_1  |        0|   1|  0|  23|    0|
    |mul_24ns_14ns_37_3_1_U1019  |mul_24ns_14ns_37_3_1  |        0|   1|  0|  23|    0|
    |mul_24ns_14ns_37_3_1_U1020  |mul_24ns_14ns_37_3_1  |        0|   1|  0|  23|    0|
    |mul_24ns_14ns_37_3_1_U1021  |mul_24ns_14ns_37_3_1  |        0|   1|  0|  23|    0|
    |mul_24ns_14ns_37_3_1_U1022  |mul_24ns_14ns_37_3_1  |        0|   1|  0|  23|    0|
    |mul_24ns_14ns_37_3_1_U1023  |mul_24ns_14ns_37_3_1  |        0|   1|  0|  23|    0|
    |mul_24ns_14ns_37_3_1_U1024  |mul_24ns_14ns_37_3_1  |        0|   1|  0|  23|    0|
    |mul_24ns_14ns_37_3_1_U1025  |mul_24ns_14ns_37_3_1  |        0|   1|  0|  23|    0|
    |mul_24ns_14ns_37_3_1_U1026  |mul_24ns_14ns_37_3_1  |        0|   1|  0|  23|    0|
    |mul_24ns_14ns_37_3_1_U1027  |mul_24ns_14ns_37_3_1  |        0|   1|  0|  23|    0|
    |mul_24ns_14ns_37_3_1_U1028  |mul_24ns_14ns_37_3_1  |        0|   1|  0|  23|    0|
    |mul_24ns_14ns_37_3_1_U1029  |mul_24ns_14ns_37_3_1  |        0|   1|  0|  23|    0|
    |mul_24ns_14ns_37_3_1_U1030  |mul_24ns_14ns_37_3_1  |        0|   1|  0|  23|    0|
    |mul_24ns_14ns_37_3_1_U1031  |mul_24ns_14ns_37_3_1  |        0|   1|  0|  23|    0|
    |mul_24ns_14ns_37_3_1_U1032  |mul_24ns_14ns_37_3_1  |        0|   1|  0|  23|    0|
    |mul_24ns_14ns_37_3_1_U1033  |mul_24ns_14ns_37_3_1  |        0|   1|  0|  23|    0|
    |mul_24ns_14ns_37_3_1_U1034  |mul_24ns_14ns_37_3_1  |        0|   1|  0|  23|    0|
    |mul_24ns_14ns_37_3_1_U1035  |mul_24ns_14ns_37_3_1  |        0|   1|  0|  23|    0|
    |mul_24ns_14ns_37_3_1_U1036  |mul_24ns_14ns_37_3_1  |        0|   1|  0|  23|    0|
    |mul_24ns_14ns_37_3_1_U1037  |mul_24ns_14ns_37_3_1  |        0|   1|  0|  23|    0|
    |mul_24ns_14ns_37_3_1_U1038  |mul_24ns_14ns_37_3_1  |        0|   1|  0|  23|    0|
    |mul_24ns_14ns_37_3_1_U1039  |mul_24ns_14ns_37_3_1  |        0|   1|  0|  23|    0|
    |mul_24ns_14ns_37_3_1_U1040  |mul_24ns_14ns_37_3_1  |        0|   1|  0|  23|    0|
    |mul_24ns_14ns_37_3_1_U1041  |mul_24ns_14ns_37_3_1  |        0|   1|  0|  23|    0|
    |mul_24ns_14ns_37_3_1_U1042  |mul_24ns_14ns_37_3_1  |        0|   1|  0|  23|    0|
    |mul_24ns_14ns_37_3_1_U1043  |mul_24ns_14ns_37_3_1  |        0|   1|  0|  23|    0|
    |mul_24ns_14ns_37_3_1_U1044  |mul_24ns_14ns_37_3_1  |        0|   1|  0|  23|    0|
    |mul_24ns_14ns_37_3_1_U1045  |mul_24ns_14ns_37_3_1  |        0|   1|  0|  23|    0|
    |mul_24ns_14ns_37_3_1_U1046  |mul_24ns_14ns_37_3_1  |        0|   1|  0|  23|    0|
    |mul_32ns_16ns_48_3_1_U967   |mul_32ns_16ns_48_3_1  |        0|   2|  0|  47|    0|
    |mul_32ns_16ns_48_3_1_U968   |mul_32ns_16ns_48_3_1  |        0|   2|  0|  47|    0|
    |mul_32ns_16ns_48_3_1_U969   |mul_32ns_16ns_48_3_1  |        0|   2|  0|  47|    0|
    |mul_32ns_16ns_48_3_1_U970   |mul_32ns_16ns_48_3_1  |        0|   2|  0|  47|    0|
    |mul_32ns_16ns_48_3_1_U971   |mul_32ns_16ns_48_3_1  |        0|   2|  0|  47|    0|
    |mul_32ns_16ns_48_3_1_U972   |mul_32ns_16ns_48_3_1  |        0|   2|  0|  47|    0|
    |mul_32ns_16ns_48_3_1_U973   |mul_32ns_16ns_48_3_1  |        0|   2|  0|  47|    0|
    |mul_32ns_16ns_48_3_1_U974   |mul_32ns_16ns_48_3_1  |        0|   2|  0|  47|    0|
    |mul_32s_13ns_32_3_1_U975    |mul_32s_13ns_32_3_1   |        0|   2|  0|  47|    0|
    |mul_32s_13ns_32_3_1_U976    |mul_32s_13ns_32_3_1   |        0|   2|  0|  47|    0|
    |mul_32s_13ns_32_3_1_U977    |mul_32s_13ns_32_3_1   |        0|   2|  0|  47|    0|
    |mul_32s_13ns_32_3_1_U978    |mul_32s_13ns_32_3_1   |        0|   2|  0|  47|    0|
    |mul_32s_13ns_32_3_1_U979    |mul_32s_13ns_32_3_1   |        0|   2|  0|  47|    0|
    |mul_32s_13ns_32_3_1_U980    |mul_32s_13ns_32_3_1   |        0|   2|  0|  47|    0|
    |mul_32s_13ns_32_3_1_U981    |mul_32s_13ns_32_3_1   |        0|   2|  0|  47|    0|
    |mul_32s_13ns_32_3_1_U982    |mul_32s_13ns_32_3_1   |        0|   2|  0|  47|    0|
    +----------------------------+----------------------+---------+----+---+----+-----+
    |Total                       |                      |        0|  96|  0|1488|    0|
    +----------------------------+----------------------+---------+----+---+----+-----+

    * DSP: 
    +----------------------------------------+----------------------------------+--------------+
    |                Instance                |              Module              |  Expression  |
    +----------------------------------------+----------------------------------+--------------+
    |mac_mul_sub_25s_12ns_32ns_32_3_1_U1072  |mac_mul_sub_25s_12ns_32ns_32_3_1  |  i0 * i1 - i2|
    |mac_mul_sub_25s_12ns_32ns_32_3_1_U1074  |mac_mul_sub_25s_12ns_32ns_32_3_1  |  i0 * i1 - i2|
    |mac_mul_sub_25s_12ns_32ns_32_3_1_U1076  |mac_mul_sub_25s_12ns_32ns_32_3_1  |  i0 * i1 - i2|
    |mac_mul_sub_25s_12ns_32ns_32_3_1_U1078  |mac_mul_sub_25s_12ns_32ns_32_3_1  |  i0 * i1 - i2|
    |mac_mul_sub_25s_12ns_32ns_32_3_1_U1080  |mac_mul_sub_25s_12ns_32ns_32_3_1  |  i0 * i1 - i2|
    |mac_mul_sub_25s_12ns_32ns_32_3_1_U1082  |mac_mul_sub_25s_12ns_32ns_32_3_1  |  i0 * i1 - i2|
    |mac_mul_sub_25s_12ns_32ns_32_3_1_U1084  |mac_mul_sub_25s_12ns_32ns_32_3_1  |  i0 * i1 - i2|
    |mac_mul_sub_25s_12ns_32ns_32_3_1_U1086  |mac_mul_sub_25s_12ns_32ns_32_3_1  |  i0 * i1 - i2|
    |mac_mulsub_13ns_12ns_24ns_25_3_1_U1047  |mac_mulsub_13ns_12ns_24ns_25_3_1  |  i0 - i1 * i2|
    |mac_mulsub_13ns_12ns_24ns_25_3_1_U1048  |mac_mulsub_13ns_12ns_24ns_25_3_1  |  i0 - i1 * i2|
    |mac_mulsub_13ns_12ns_24ns_25_3_1_U1049  |mac_mulsub_13ns_12ns_24ns_25_3_1  |  i0 - i1 * i2|
    |mac_mulsub_13ns_12ns_24ns_25_3_1_U1050  |mac_mulsub_13ns_12ns_24ns_25_3_1  |  i0 - i1 * i2|
    |mac_mulsub_13ns_12ns_24ns_25_3_1_U1051  |mac_mulsub_13ns_12ns_24ns_25_3_1  |  i0 - i1 * i2|
    |mac_mulsub_13ns_12ns_24ns_25_3_1_U1052  |mac_mulsub_13ns_12ns_24ns_25_3_1  |  i0 - i1 * i2|
    |mac_mulsub_13ns_12ns_24ns_25_3_1_U1053  |mac_mulsub_13ns_12ns_24ns_25_3_1  |  i0 - i1 * i2|
    |mac_mulsub_13ns_12ns_24ns_25_3_1_U1054  |mac_mulsub_13ns_12ns_24ns_25_3_1  |  i0 - i1 * i2|
    |mac_mulsub_13ns_12ns_24ns_25_3_1_U1055  |mac_mulsub_13ns_12ns_24ns_25_3_1  |  i0 - i1 * i2|
    |mac_mulsub_13ns_12ns_24ns_25_3_1_U1056  |mac_mulsub_13ns_12ns_24ns_25_3_1  |  i0 - i1 * i2|
    |mac_mulsub_13ns_12ns_24ns_25_3_1_U1057  |mac_mulsub_13ns_12ns_24ns_25_3_1  |  i0 - i1 * i2|
    |mac_mulsub_13ns_12ns_24ns_25_3_1_U1058  |mac_mulsub_13ns_12ns_24ns_25_3_1  |  i0 - i1 * i2|
    |mac_mulsub_13ns_12ns_24ns_25_3_1_U1059  |mac_mulsub_13ns_12ns_24ns_25_3_1  |  i0 - i1 * i2|
    |mac_mulsub_13ns_12ns_24ns_25_3_1_U1060  |mac_mulsub_13ns_12ns_24ns_25_3_1  |  i0 - i1 * i2|
    |mac_mulsub_13ns_12ns_24ns_25_3_1_U1061  |mac_mulsub_13ns_12ns_24ns_25_3_1  |  i0 - i1 * i2|
    |mac_mulsub_13ns_12ns_24ns_25_3_1_U1062  |mac_mulsub_13ns_12ns_24ns_25_3_1  |  i0 - i1 * i2|
    |mac_mulsub_13ns_12ns_24ns_25_3_1_U1063  |mac_mulsub_13ns_12ns_24ns_25_3_1  |  i0 - i1 * i2|
    |mac_mulsub_13ns_12ns_24ns_25_3_1_U1064  |mac_mulsub_13ns_12ns_24ns_25_3_1  |  i0 - i1 * i2|
    |mac_mulsub_13ns_12ns_24ns_25_3_1_U1065  |mac_mulsub_13ns_12ns_24ns_25_3_1  |  i0 - i1 * i2|
    |mac_mulsub_13ns_12ns_24ns_25_3_1_U1066  |mac_mulsub_13ns_12ns_24ns_25_3_1  |  i0 - i1 * i2|
    |mac_mulsub_13ns_12ns_24ns_25_3_1_U1067  |mac_mulsub_13ns_12ns_24ns_25_3_1  |  i0 - i1 * i2|
    |mac_mulsub_13ns_12ns_24ns_25_3_1_U1068  |mac_mulsub_13ns_12ns_24ns_25_3_1  |  i0 - i1 * i2|
    |mac_mulsub_13ns_12ns_24ns_25_3_1_U1069  |mac_mulsub_13ns_12ns_24ns_25_3_1  |  i0 - i1 * i2|
    |mac_mulsub_13ns_12ns_24ns_25_3_1_U1070  |mac_mulsub_13ns_12ns_24ns_25_3_1  |  i0 - i1 * i2|
    |mac_mulsub_13ns_12ns_24ns_25_3_1_U1071  |mac_mulsub_13ns_12ns_24ns_25_3_1  |  i0 - i1 * i2|
    |mac_mulsub_13ns_12ns_24ns_25_3_1_U1073  |mac_mulsub_13ns_12ns_24ns_25_3_1  |  i0 - i1 * i2|
    |mac_mulsub_13ns_12ns_24ns_25_3_1_U1075  |mac_mulsub_13ns_12ns_24ns_25_3_1  |  i0 - i1 * i2|
    |mac_mulsub_13ns_12ns_24ns_25_3_1_U1077  |mac_mulsub_13ns_12ns_24ns_25_3_1  |  i0 - i1 * i2|
    |mac_mulsub_13ns_12ns_24ns_25_3_1_U1079  |mac_mulsub_13ns_12ns_24ns_25_3_1  |  i0 - i1 * i2|
    |mac_mulsub_13ns_12ns_24ns_25_3_1_U1081  |mac_mulsub_13ns_12ns_24ns_25_3_1  |  i0 - i1 * i2|
    |mac_mulsub_13ns_12ns_24ns_25_3_1_U1083  |mac_mulsub_13ns_12ns_24ns_25_3_1  |  i0 - i1 * i2|
    |mac_mulsub_13ns_12ns_24ns_25_3_1_U1085  |mac_mulsub_13ns_12ns_24ns_25_3_1  |  i0 - i1 * i2|
    +----------------------------------------+----------------------------------+--------------+

    * Memory: 
    +----------------+----------------------------------------------+---------+----+----+-----+------+-----+------+-------------+
    |     Memory     |                    Module                    | BRAM_18K| FF | LUT| URAM| Words| Bits| Banks| W*Bits*Banks|
    +----------------+----------------------------------------------+---------+----+----+-----+------+-----+------+-------------+
    |p_ZL4BM_W_1_U   |basemul_p_ZL4BM_W_1_ROM_AUTO_1R               |        0|  24|   6|    0|    32|   12|     1|          384|
    |p_ZL4BM_W_3_U   |basemul_p_ZL4BM_W_3_ROM_AUTO_1R               |        0|  24|   6|    0|    32|   12|     1|          384|
    |p_ZL5BM_MW_1_U  |basemul_p_ZL5BM_MW_1_ROM_AUTO_1R              |        0|  32|   8|    0|    32|   16|     1|          512|
    |p_ZL5BM_MW_3_U  |basemul_p_ZL5BM_MW_3_ROM_AUTO_1R              |        0|  32|   8|    0|    32|   16|     1|          512|
    |p_ZL4BM_W_0_U   |fwd_stage2_t_2_s_p_ZL5FWD_W_0_6_ROM_AUTO_1R   |        0|  24|   6|    0|    32|   12|     1|          384|
    |p_ZL4BM_W_2_U   |fwd_stage2_t_2_s_p_ZL5FWD_W_2_6_ROM_AUTO_1R   |        0|  24|   6|    0|    32|   12|     1|          384|
    |p_ZL5BM_MW_0_U  |fwd_stage2_t_2_s_p_ZL6FWD_MW_0_6_ROM_AUTO_1R  |        0|  32|   8|    0|    32|   16|     1|          512|
    |p_ZL5BM_MW_2_U  |fwd_stage2_t_2_s_p_ZL6FWD_MW_2_6_ROM_AUTO_1R  |        0|  32|   8|    0|    32|   16|     1|          512|
    +----------------+----------------------------------------------+---------+----+----+-----+------+-----+------+-------------+
    |Total           |                                              |        0| 224|  56|    0|   256|  112|     8|         3584|
    +----------------+----------------------------------------------+---------+----+----+-----+------+-----+------+-------------+

    * FIFO: 
    N/A

    * Expression: 
    +----------------------------+----------+----+---+----+------------+------------+
    |        Variable Name       | Operation| DSP| FF| LUT| Bitwidth P0| Bitwidth P1|
    +----------------------------+----------+----+---+----+------------+------------+
    |add_ln138_fu_1404_p2        |         +|   0|  0|  15|           8|           4|
    |add_ln44_155_fu_3699_p2     |         +|   0|  0|  39|          32|          13|
    |add_ln44_156_fu_3750_p2     |         +|   0|  0|  39|          32|          13|
    |add_ln44_157_fu_3801_p2     |         +|   0|  0|  39|          32|          13|
    |add_ln44_158_fu_3852_p2     |         +|   0|  0|  39|          32|          13|
    |add_ln44_159_fu_3903_p2     |         +|   0|  0|  39|          32|          13|
    |add_ln44_160_fu_3954_p2     |         +|   0|  0|  39|          32|          13|
    |add_ln44_161_fu_4005_p2     |         +|   0|  0|  39|          32|          13|
    |add_ln44_fu_3648_p2         |         +|   0|  0|  39|          32|          13|
    |add_ln48_310_fu_2456_p2     |         +|   0|  0|  19|          12|          10|
    |add_ln48_312_fu_4050_p2     |         +|   0|  0|  19|          12|          10|
    |add_ln48_313_fu_2438_p2     |         +|   0|  0|  19|          12|          12|
    |add_ln48_314_fu_2588_p2     |         +|   0|  0|  19|          12|          10|
    |add_ln48_316_fu_4068_p2     |         +|   0|  0|  19|          12|          10|
    |add_ln48_318_fu_2720_p2     |         +|   0|  0|  19|          12|          10|
    |add_ln48_319_fu_2570_p2     |         +|   0|  0|  19|          12|          12|
    |add_ln48_320_fu_4086_p2     |         +|   0|  0|  19|          12|          10|
    |add_ln48_322_fu_2852_p2     |         +|   0|  0|  19|          12|          10|
    |add_ln48_324_fu_4104_p2     |         +|   0|  0|  19|          12|          10|
    |add_ln48_325_fu_2702_p2     |         +|   0|  0|  19|          12|          12|
    |add_ln48_326_fu_2984_p2     |         +|   0|  0|  19|          12|          10|
    |add_ln48_328_fu_4122_p2     |         +|   0|  0|  19|          12|          10|
    |add_ln48_330_fu_3116_p2     |         +|   0|  0|  19|          12|          10|
    |add_ln48_331_fu_2834_p2     |         +|   0|  0|  19|          12|          12|
    |add_ln48_332_fu_4140_p2     |         +|   0|  0|  19|          12|          10|
    |add_ln48_334_fu_3248_p2     |         +|   0|  0|  19|          12|          10|
    |add_ln48_336_fu_4158_p2     |         +|   0|  0|  19|          12|          10|
    |add_ln48_337_fu_2966_p2     |         +|   0|  0|  19|          12|          12|
    |add_ln48_338_fu_3380_p2     |         +|   0|  0|  19|          12|          10|
    |add_ln48_341_fu_3098_p2     |         +|   0|  0|  19|          12|          12|
    |add_ln48_344_fu_3230_p2     |         +|   0|  0|  19|          12|          12|
    |add_ln48_347_fu_3362_p2     |         +|   0|  0|  19|          12|          12|
    |add_ln48_fu_4032_p2         |         +|   0|  0|  19|          12|          10|
    |add_ln64_11_fu_2743_p2      |         +|   0|  0|  32|          25|          13|
    |add_ln64_13_fu_2786_p2      |         +|   0|  0|  32|          25|          13|
    |add_ln64_15_fu_2875_p2      |         +|   0|  0|  32|          25|          13|
    |add_ln64_17_fu_2918_p2      |         +|   0|  0|  32|          25|          13|
    |add_ln64_19_fu_3007_p2      |         +|   0|  0|  32|          25|          13|
    |add_ln64_1_fu_2390_p2       |         +|   0|  0|  32|          25|          13|
    |add_ln64_21_fu_3050_p2      |         +|   0|  0|  32|          25|          13|
    |add_ln64_23_fu_3139_p2      |         +|   0|  0|  32|          25|          13|
    |add_ln64_25_fu_3182_p2      |         +|   0|  0|  32|          25|          13|
    |add_ln64_27_fu_3271_p2      |         +|   0|  0|  32|          25|          13|
    |add_ln64_29_fu_3314_p2      |         +|   0|  0|  32|          25|          13|
    |add_ln64_3_fu_2479_p2       |         +|   0|  0|  32|          25|          13|
    |add_ln64_5_fu_2522_p2       |         +|   0|  0|  32|          25|          13|
    |add_ln64_7_fu_2611_p2       |         +|   0|  0|  32|          25|          13|
    |add_ln64_9_fu_2654_p2       |         +|   0|  0|  32|          25|          13|
    |add_ln64_fu_3627_p2         |         +|   0|  0|  32|          25|          13|
    |r_288_fu_2347_p2            |         +|   0|  0|  32|          25|          13|
    |r_296_fu_2418_p2            |         +|   0|  0|  32|          25|          13|
    |r_301_fu_3678_p2            |         +|   0|  0|  32|          25|          13|
    |r_307_fu_2550_p2            |         +|   0|  0|  32|          25|          13|
    |r_312_fu_3729_p2            |         +|   0|  0|  32|          25|          13|
    |r_318_fu_2682_p2            |         +|   0|  0|  32|          25|          13|
    |r_323_fu_3780_p2            |         +|   0|  0|  32|          25|          13|
    |r_329_fu_2814_p2            |         +|   0|  0|  32|          25|          13|
    |r_334_fu_3831_p2            |         +|   0|  0|  32|          25|          13|
    |r_340_fu_2946_p2            |         +|   0|  0|  32|          25|          13|
    |r_345_fu_3882_p2            |         +|   0|  0|  32|          25|          13|
    |r_351_fu_3078_p2            |         +|   0|  0|  32|          25|          13|
    |r_356_fu_3933_p2            |         +|   0|  0|  32|          25|          13|
    |r_362_fu_3210_p2            |         +|   0|  0|  32|          25|          13|
    |r_367_fu_3984_p2            |         +|   0|  0|  32|          25|          13|
    |r_373_fu_3342_p2            |         +|   0|  0|  32|          25|          13|
    |s_288_fu_2444_p2            |         +|   0|  0|  33|          26|          26|
    |s_289_fu_3711_p2            |         +|   0|  0|  39|          32|          32|
    |s_290_fu_2576_p2            |         +|   0|  0|  33|          26|          26|
    |s_291_fu_3762_p2            |         +|   0|  0|  39|          32|          32|
    |s_292_fu_2708_p2            |         +|   0|  0|  33|          26|          26|
    |s_293_fu_3813_p2            |         +|   0|  0|  39|          32|          32|
    |s_294_fu_2840_p2            |         +|   0|  0|  33|          26|          26|
    |s_295_fu_3864_p2            |         +|   0|  0|  39|          32|          32|
    |s_296_fu_2972_p2            |         +|   0|  0|  33|          26|          26|
    |s_297_fu_3915_p2            |         +|   0|  0|  39|          32|          32|
    |s_298_fu_3104_p2            |         +|   0|  0|  33|          26|          26|
    |s_299_fu_3966_p2            |         +|   0|  0|  39|          32|          32|
    |s_300_fu_3236_p2            |         +|   0|  0|  33|          26|          26|
    |s_301_fu_4017_p2            |         +|   0|  0|  39|          32|          32|
    |s_302_fu_3368_p2            |         +|   0|  0|  33|          26|          26|
    |s_fu_3660_p2                |         +|   0|  0|  39|          32|          32|
    |icmp_ln44_155_fu_3694_p2    |      icmp|   0|  0|  39|          32|          12|
    |icmp_ln44_156_fu_3745_p2    |      icmp|   0|  0|  39|          32|          12|
    |icmp_ln44_157_fu_3796_p2    |      icmp|   0|  0|  39|          32|          12|
    |icmp_ln44_158_fu_3847_p2    |      icmp|   0|  0|  39|          32|          12|
    |icmp_ln44_159_fu_3898_p2    |      icmp|   0|  0|  39|          32|          12|
    |icmp_ln44_160_fu_3949_p2    |      icmp|   0|  0|  39|          32|          12|
    |icmp_ln44_161_fu_4000_p2    |      icmp|   0|  0|  39|          32|          12|
    |icmp_ln44_fu_3643_p2        |      icmp|   0|  0|  39|          32|          12|
    |icmp_ln48_155_fu_2450_p2    |      icmp|   0|  0|  33|          26|          12|
    |icmp_ln48_156_fu_4045_p2    |      icmp|   0|  0|  39|          32|          12|
    |icmp_ln48_157_fu_2582_p2    |      icmp|   0|  0|  33|          26|          12|
    |icmp_ln48_158_fu_4063_p2    |      icmp|   0|  0|  39|          32|          12|
    |icmp_ln48_159_fu_2714_p2    |      icmp|   0|  0|  33|          26|          12|
    |icmp_ln48_160_fu_4081_p2    |      icmp|   0|  0|  39|          32|          12|
    |icmp_ln48_161_fu_2846_p2    |      icmp|   0|  0|  33|          26|          12|
    |icmp_ln48_162_fu_4099_p2    |      icmp|   0|  0|  39|          32|          12|
    |icmp_ln48_163_fu_2978_p2    |      icmp|   0|  0|  33|          26|          12|
    |icmp_ln48_164_fu_4117_p2    |      icmp|   0|  0|  39|          32|          12|
    |icmp_ln48_165_fu_3110_p2    |      icmp|   0|  0|  33|          26|          12|
    |icmp_ln48_166_fu_4135_p2    |      icmp|   0|  0|  39|          32|          12|
    |icmp_ln48_167_fu_3242_p2    |      icmp|   0|  0|  33|          26|          12|
    |icmp_ln48_168_fu_4153_p2    |      icmp|   0|  0|  39|          32|          12|
    |icmp_ln48_169_fu_3374_p2    |      icmp|   0|  0|  33|          26|          12|
    |icmp_ln48_fu_4027_p2        |      icmp|   0|  0|  39|          32|          12|
    |icmp_ln64_10_fu_2649_p2     |      icmp|   0|  0|  32|          25|          12|
    |icmp_ln64_11_fu_2677_p2     |      icmp|   0|  0|  32|          25|          12|
    |icmp_ln64_12_fu_2738_p2     |      icmp|   0|  0|  32|          25|          12|
    |icmp_ln64_13_fu_3775_p2     |      icmp|   0|  0|  32|          25|          12|
    |icmp_ln64_14_fu_2781_p2     |      icmp|   0|  0|  32|          25|          12|
    |icmp_ln64_15_fu_2809_p2     |      icmp|   0|  0|  32|          25|          12|
    |icmp_ln64_16_fu_2870_p2     |      icmp|   0|  0|  32|          25|          12|
    |icmp_ln64_17_fu_3826_p2     |      icmp|   0|  0|  32|          25|          12|
    |icmp_ln64_18_fu_2913_p2     |      icmp|   0|  0|  32|          25|          12|
    |icmp_ln64_19_fu_2941_p2     |      icmp|   0|  0|  32|          25|          12|
    |icmp_ln64_1_fu_3622_p2      |      icmp|   0|  0|  32|          25|          12|
    |icmp_ln64_20_fu_3002_p2     |      icmp|   0|  0|  32|          25|          12|
    |icmp_ln64_21_fu_3877_p2     |      icmp|   0|  0|  32|          25|          12|
    |icmp_ln64_22_fu_3045_p2     |      icmp|   0|  0|  32|          25|          12|
    |icmp_ln64_23_fu_3073_p2     |      icmp|   0|  0|  32|          25|          12|
    |icmp_ln64_24_fu_3134_p2     |      icmp|   0|  0|  32|          25|          12|
    |icmp_ln64_25_fu_3928_p2     |      icmp|   0|  0|  32|          25|          12|
    |icmp_ln64_26_fu_3177_p2     |      icmp|   0|  0|  32|          25|          12|
    |icmp_ln64_27_fu_3205_p2     |      icmp|   0|  0|  32|          25|          12|
    |icmp_ln64_28_fu_3266_p2     |      icmp|   0|  0|  32|          25|          12|
    |icmp_ln64_29_fu_3979_p2     |      icmp|   0|  0|  32|          25|          12|
    |icmp_ln64_2_fu_2385_p2      |      icmp|   0|  0|  32|          25|          12|
    |icmp_ln64_30_fu_3309_p2     |      icmp|   0|  0|  32|          25|          12|
    |icmp_ln64_31_fu_3337_p2     |      icmp|   0|  0|  32|          25|          12|
    |icmp_ln64_3_fu_2413_p2      |      icmp|   0|  0|  32|          25|          12|
    |icmp_ln64_4_fu_2474_p2      |      icmp|   0|  0|  32|          25|          12|
    |icmp_ln64_5_fu_3673_p2      |      icmp|   0|  0|  32|          25|          12|
    |icmp_ln64_6_fu_2517_p2      |      icmp|   0|  0|  32|          25|          12|
    |icmp_ln64_7_fu_2545_p2      |      icmp|   0|  0|  32|          25|          12|
    |icmp_ln64_8_fu_2606_p2      |      icmp|   0|  0|  32|          25|          12|
    |icmp_ln64_9_fu_3724_p2      |      icmp|   0|  0|  32|          25|          12|
    |icmp_ln64_fu_2342_p2        |      icmp|   0|  0|  32|          25|          12|
    |or_ln143_fu_2322_p2         |        or|   0|  0|   5|           5|           1|
    |C_0_d0                      |    select|   0|  0|  11|           1|          12|
    |C_10_d0                     |    select|   0|  0|  11|           1|          12|
    |C_11_d0                     |    select|   0|  0|  11|           1|          12|
    |C_12_d0                     |    select|   0|  0|  11|           1|          12|
    |C_13_d0                     |    select|   0|  0|  11|           1|          12|
    |C_14_d0                     |    select|   0|  0|  11|           1|          12|
    |C_15_d0                     |    select|   0|  0|  11|           1|          12|
    |C_1_d0                      |    select|   0|  0|  11|           1|          12|
    |C_2_d0                      |    select|   0|  0|  11|           1|          12|
    |C_3_d0                      |    select|   0|  0|  11|           1|          12|
    |C_4_d0                      |    select|   0|  0|  11|           1|          12|
    |C_5_d0                      |    select|   0|  0|  11|           1|          12|
    |C_6_d0                      |    select|   0|  0|  11|           1|          12|
    |C_7_d0                      |    select|   0|  0|  11|           1|          12|
    |C_8_d0                      |    select|   0|  0|  11|           1|          12|
    |C_9_d0                      |    select|   0|  0|  11|           1|          12|
    |r_291_fu_3632_p3            |    select|   0|  0|  25|           1|          25|
    |r_294_fu_2395_p3            |    select|   0|  0|  25|           1|          25|
    |r_297_fu_2423_p3            |    select|   0|  0|  25|           1|          25|
    |r_302_fu_3683_p3            |    select|   0|  0|  25|           1|          25|
    |r_305_fu_2527_p3            |    select|   0|  0|  25|           1|          25|
    |r_308_fu_2555_p3            |    select|   0|  0|  25|           1|          25|
    |r_313_fu_3734_p3            |    select|   0|  0|  25|           1|          25|
    |r_316_fu_2659_p3            |    select|   0|  0|  25|           1|          25|
    |r_319_fu_2687_p3            |    select|   0|  0|  25|           1|          25|
    |r_324_fu_3785_p3            |    select|   0|  0|  25|           1|          25|
    |r_327_fu_2791_p3            |    select|   0|  0|  25|           1|          25|
    |r_330_fu_2819_p3            |    select|   0|  0|  25|           1|          25|
    |r_335_fu_3836_p3            |    select|   0|  0|  25|           1|          25|
    |r_338_fu_2923_p3            |    select|   0|  0|  25|           1|          25|
    |r_341_fu_2951_p3            |    select|   0|  0|  25|           1|          25|
    |r_346_fu_3887_p3            |    select|   0|  0|  25|           1|          25|
    |r_349_fu_3055_p3            |    select|   0|  0|  25|           1|          25|
    |r_352_fu_3083_p3            |    select|   0|  0|  25|           1|          25|
    |r_357_fu_3938_p3            |    select|   0|  0|  25|           1|          25|
    |r_360_fu_3187_p3            |    select|   0|  0|  25|           1|          25|
    |r_363_fu_3215_p3            |    select|   0|  0|  25|           1|          25|
    |r_368_fu_3989_p3            |    select|   0|  0|  25|           1|          25|
    |r_371_fu_3319_p3            |    select|   0|  0|  25|           1|          25|
    |r_374_fu_3347_p3            |    select|   0|  0|  25|           1|          25|
    |r_375_fu_2352_p3            |    select|   0|  0|  25|           1|          25|
    |r_376_fu_2484_p3            |    select|   0|  0|  25|           1|          25|
    |r_377_fu_2616_p3            |    select|   0|  0|  25|           1|          25|
    |r_378_fu_2748_p3            |    select|   0|  0|  25|           1|          25|
    |r_379_fu_2880_p3            |    select|   0|  0|  25|           1|          25|
    |r_380_fu_3012_p3            |    select|   0|  0|  25|           1|          25|
    |r_381_fu_3144_p3            |    select|   0|  0|  25|           1|          25|
    |r_382_fu_3276_p3            |    select|   0|  0|  25|           1|          25|
    |select_ln44_148_fu_3704_p3  |    select|   0|  0|  32|           1|          32|
    |select_ln44_149_fu_3755_p3  |    select|   0|  0|  32|           1|          32|
    |select_ln44_150_fu_3806_p3  |    select|   0|  0|  32|           1|          32|
    |select_ln44_151_fu_3857_p3  |    select|   0|  0|  32|           1|          32|
    |select_ln44_152_fu_3908_p3  |    select|   0|  0|  32|           1|          32|
    |select_ln44_153_fu_3959_p3  |    select|   0|  0|  32|           1|          32|
    |select_ln44_154_fu_4010_p3  |    select|   0|  0|  32|           1|          32|
    |select_ln44_fu_3653_p3      |    select|   0|  0|  32|           1|          32|
    |ap_enable_pp0               |       xor|   0|  0|   2|           1|           2|
    +----------------------------+----------+----+---+----+------------+------------+
    |Total                       |          |   0|  0|5534|        3398|        3167|
    +----------------------------+----------+----+---+----+------------+------------+

    * Multiplexer: 
    +-------------------------+----+-----------+-----+-----------+
    |           Name          | LUT| Input Size| Bits| Total Bits|
    +-------------------------+----+-----------+-----+-----------+
    |ap_done_int              |   9|          2|    1|          2|
    |ap_enable_reg_pp0_iter1  |   9|          2|    1|          2|
    |ap_sig_allocacmp_i       |   9|          2|    8|         16|
    |idx_fu_432               |   9|          2|    8|         16|
    +-------------------------+----+-----------+-----+-----------+
    |Total                    |  36|          8|   18|         36|
    +-------------------------+----+-----------+-----+-----------+

    * Register: 
    +-------------------------------------------+----+----+-----+-----------+
    |                    Name                   | FF | LUT| Bits| Const Bits|
    +-------------------------------------------+----+----+-----+-----------+
    |ap_CS_fsm                                  |   1|   0|    1|          0|
    |ap_done_reg                                |   1|   0|    1|          0|
    |ap_enable_reg_pp0_iter1                    |   1|   0|    1|          0|
    |ap_enable_reg_pp0_iter10                   |   1|   0|    1|          0|
    |ap_enable_reg_pp0_iter11                   |   1|   0|    1|          0|
    |ap_enable_reg_pp0_iter12                   |   1|   0|    1|          0|
    |ap_enable_reg_pp0_iter2                    |   1|   0|    1|          0|
    |ap_enable_reg_pp0_iter3                    |   1|   0|    1|          0|
    |ap_enable_reg_pp0_iter4                    |   1|   0|    1|          0|
    |ap_enable_reg_pp0_iter5                    |   1|   0|    1|          0|
    |ap_enable_reg_pp0_iter6                    |   1|   0|    1|          0|
    |ap_enable_reg_pp0_iter7                    |   1|   0|    1|          0|
    |ap_enable_reg_pp0_iter8                    |   1|   0|    1|          0|
    |ap_enable_reg_pp0_iter9                    |   1|   0|    1|          0|
    |ap_loop_exit_ready_pp0_iter10_reg          |   1|   0|    1|          0|
    |ap_loop_exit_ready_pp0_iter11_reg          |   1|   0|    1|          0|
    |ap_loop_exit_ready_pp0_iter1_reg           |   1|   0|    1|          0|
    |ap_loop_exit_ready_pp0_iter2_reg           |   1|   0|    1|          0|
    |ap_loop_exit_ready_pp0_iter3_reg           |   1|   0|    1|          0|
    |ap_loop_exit_ready_pp0_iter4_reg           |   1|   0|    1|          0|
    |ap_loop_exit_ready_pp0_iter5_reg           |   1|   0|    1|          0|
    |ap_loop_exit_ready_pp0_iter6_reg           |   1|   0|    1|          0|
    |ap_loop_exit_ready_pp0_iter7_reg           |   1|   0|    1|          0|
    |ap_loop_exit_ready_pp0_iter8_reg           |   1|   0|    1|          0|
    |ap_loop_exit_ready_pp0_iter9_reg           |   1|   0|    1|          0|
    |idx_fu_432                                 |   8|   0|    8|          0|
    |lshr_ln_reg_4614                           |   5|   0|    5|          0|
    |p_ZL4BM_W_0_load_1_reg_5590                |  12|   0|   12|          0|
    |p_ZL4BM_W_0_load_1_reg_5590_pp0_iter8_reg  |  12|   0|   12|          0|
    |p_ZL4BM_W_0_load_reg_5490                  |  12|   0|   12|          0|
    |p_ZL4BM_W_0_load_reg_5490_pp0_iter8_reg    |  12|   0|   12|          0|
    |p_ZL4BM_W_1_load_1_reg_5615                |  12|   0|   12|          0|
    |p_ZL4BM_W_1_load_1_reg_5615_pp0_iter8_reg  |  12|   0|   12|          0|
    |p_ZL4BM_W_1_load_reg_5515                  |  12|   0|   12|          0|
    |p_ZL4BM_W_1_load_reg_5515_pp0_iter8_reg    |  12|   0|   12|          0|
    |p_ZL4BM_W_2_load_1_reg_5640                |  12|   0|   12|          0|
    |p_ZL4BM_W_2_load_1_reg_5640_pp0_iter8_reg  |  12|   0|   12|          0|
    |p_ZL4BM_W_2_load_reg_5540                  |  12|   0|   12|          0|
    |p_ZL4BM_W_2_load_reg_5540_pp0_iter8_reg    |  12|   0|   12|          0|
    |p_ZL4BM_W_3_load_1_reg_5665                |  12|   0|   12|          0|
    |p_ZL4BM_W_3_load_1_reg_5665_pp0_iter8_reg  |  12|   0|   12|          0|
    |p_ZL4BM_W_3_load_reg_5565                  |  12|   0|   12|          0|
    |p_ZL4BM_W_3_load_reg_5565_pp0_iter8_reg    |  12|   0|   12|          0|
    |s_289_reg_5811                             |  32|   0|   32|          0|
    |s_291_reg_5822                             |  32|   0|   32|          0|
    |s_293_reg_5833                             |  32|   0|   32|          0|
    |s_295_reg_5844                             |  32|   0|   32|          0|
    |s_297_reg_5855                             |  32|   0|   32|          0|
    |s_299_reg_5866                             |  32|   0|   32|          0|
    |s_301_reg_5877                             |  32|   0|   32|          0|
    |s_reg_5800                                 |  32|   0|   32|          0|
    |sext_ln63_12_reg_5555                      |  32|   0|   32|          0|
    |sext_ln63_12_reg_5555_pp0_iter8_reg        |  32|   0|   32|          0|
    |sext_ln63_16_reg_5580                      |  32|   0|   32|          0|
    |sext_ln63_16_reg_5580_pp0_iter8_reg        |  32|   0|   32|          0|
    |sext_ln63_20_reg_5605                      |  32|   0|   32|          0|
    |sext_ln63_20_reg_5605_pp0_iter8_reg        |  32|   0|   32|          0|
    |sext_ln63_24_reg_5630                      |  32|   0|   32|          0|
    |sext_ln63_24_reg_5630_pp0_iter8_reg        |  32|   0|   32|          0|
    |sext_ln63_28_reg_5655                      |  32|   0|   32|          0|
    |sext_ln63_28_reg_5655_pp0_iter8_reg        |  32|   0|   32|          0|
    |sext_ln63_4_reg_5505                       |  32|   0|   32|          0|
    |sext_ln63_4_reg_5505_pp0_iter8_reg         |  32|   0|   32|          0|
    |sext_ln63_8_reg_5530                       |  32|   0|   32|          0|
    |sext_ln63_8_reg_5530_pp0_iter8_reg         |  32|   0|   32|          0|
    |sext_ln63_reg_5480                         |  32|   0|   32|          0|
    |sext_ln63_reg_5480_pp0_iter8_reg           |  32|   0|   32|          0|
    |trunc_ln48_247_reg_5816                    |  12|   0|   12|          0|
    |trunc_ln48_248_reg_5827                    |  12|   0|   12|          0|
    |trunc_ln48_249_reg_5838                    |  12|   0|   12|          0|
    |trunc_ln48_250_reg_5849                    |  12|   0|   12|          0|
    |trunc_ln48_251_reg_5860                    |  12|   0|   12|          0|
    |trunc_ln48_252_reg_5871                    |  12|   0|   12|          0|
    |trunc_ln48_253_reg_5882                    |  12|   0|   12|          0|
    |trunc_ln48_reg_5805                        |  12|   0|   12|          0|
    |x_10_reg_5080                              |  24|   0|   24|          0|
    |x_11_reg_5090                              |  24|   0|   24|          0|
    |x_12_reg_5100                              |  24|   0|   24|          0|
    |x_13_reg_5110                              |  24|   0|   24|          0|
    |x_14_reg_5116                              |  24|   0|   24|          0|
    |x_15_reg_5126                              |  24|   0|   24|          0|
    |x_16_reg_5136                              |  24|   0|   24|          0|
    |x_17_reg_5146                              |  24|   0|   24|          0|
    |x_18_reg_5152                              |  24|   0|   24|          0|
    |x_19_reg_5162                              |  24|   0|   24|          0|
    |x_1_reg_5002                               |  24|   0|   24|          0|
    |x_20_reg_5172                              |  24|   0|   24|          0|
    |x_21_reg_5182                              |  24|   0|   24|          0|
    |x_22_reg_5188                              |  24|   0|   24|          0|
    |x_23_reg_5198                              |  24|   0|   24|          0|
    |x_24_reg_5208                              |  24|   0|   24|          0|
    |x_25_reg_5218                              |  24|   0|   24|          0|
    |x_26_reg_5224                              |  24|   0|   24|          0|
    |x_27_reg_5234                              |  24|   0|   24|          0|
    |x_28_reg_5244                              |  24|   0|   24|          0|
    |x_29_reg_5254                              |  24|   0|   24|          0|
    |x_2_reg_5008                               |  24|   0|   24|          0|
    |x_30_reg_5260                              |  24|   0|   24|          0|
    |x_31_reg_5270                              |  24|   0|   24|          0|
    |x_3_reg_5018                               |  24|   0|   24|          0|
    |x_4_reg_5028                               |  24|   0|   24|          0|
    |x_5_reg_5038                               |  24|   0|   24|          0|
    |x_6_reg_5044                               |  24|   0|   24|          0|
    |x_7_reg_5054                               |  24|   0|   24|          0|
    |x_8_reg_5064                               |  24|   0|   24|          0|
    |x_9_reg_5074                               |  24|   0|   24|          0|
    |x_reg_4992                                 |  24|   0|   24|          0|
    |zext_ln143_reg_4620                        |   4|   0|   64|         60|
    |lshr_ln_reg_4614                           |  64|  32|    5|          0|
    |x_10_reg_5080                              |  64|  32|   24|          0|
    |x_11_reg_5090                              |  64|  32|   24|          0|
    |x_12_reg_5100                              |  64|  32|   24|          0|
    |x_13_reg_5110                              |  64|  32|   24|          0|
    |x_14_reg_5116                              |  64|  32|   24|          0|
    |x_15_reg_5126                              |  64|  32|   24|          0|
    |x_16_reg_5136                              |  64|  32|   24|          0|
    |x_17_reg_5146                              |  64|  32|   24|          0|
    |x_18_reg_5152                              |  64|  32|   24|          0|
    |x_19_reg_5162                              |  64|  32|   24|          0|
    |x_1_reg_5002                               |  64|  32|   24|          0|
    |x_20_reg_5172                              |  64|  32|   24|          0|
    |x_21_reg_5182                              |  64|  32|   24|          0|
    |x_22_reg_5188                              |  64|  32|   24|          0|
    |x_23_reg_5198                              |  64|  32|   24|          0|
    |x_24_reg_5208                              |  64|  32|   24|          0|
    |x_25_reg_5218                              |  64|  32|   24|          0|
    |x_26_reg_5224                              |  64|  32|   24|          0|
    |x_27_reg_5234                              |  64|  32|   24|          0|
    |x_28_reg_5244                              |  64|  32|   24|          0|
    |x_29_reg_5254                              |  64|  32|   24|          0|
    |x_2_reg_5008                               |  64|  32|   24|          0|
    |x_30_reg_5260                              |  64|  32|   24|          0|
    |x_31_reg_5270                              |  64|  32|   24|          0|
    |x_3_reg_5018                               |  64|  32|   24|          0|
    |x_4_reg_5028                               |  64|  32|   24|          0|
    |x_5_reg_5038                               |  64|  32|   24|          0|
    |x_6_reg_5044                               |  64|  32|   24|          0|
    |x_7_reg_5054                               |  64|  32|   24|          0|
    |x_8_reg_5064                               |  64|  32|   24|          0|
    |x_9_reg_5074                               |  64|  32|   24|          0|
    |x_reg_4992                                 |  64|  32|   24|          0|
    |zext_ln143_reg_4620                        |  64|  32|   64|         60|
    +-------------------------------------------+----+----+-----+-----------+
    |Total                                      |4042|1088| 2763|        120|
    +-------------------------------------------+----+----+-----+-----------+



================================================================
== Interface
================================================================
* Summary: 
+---------------+-----+-----+------------+--------------+--------------+
|   RTL Ports   | Dir | Bits|  Protocol  | Source Object|    C Type    |
+---------------+-----+-----+------------+--------------+--------------+
|ap_clk         |   in|    1|  ap_ctrl_hs|       basemul|  return value|
|ap_rst         |   in|    1|  ap_ctrl_hs|       basemul|  return value|
|ap_start       |   in|    1|  ap_ctrl_hs|       basemul|  return value|
|ap_done        |  out|    1|  ap_ctrl_hs|       basemul|  return value|
|ap_idle        |  out|    1|  ap_ctrl_hs|       basemul|  return value|
|ap_ready       |  out|    1|  ap_ctrl_hs|       basemul|  return value|
|A_0_address0   |  out|    4|   ap_memory|           A_0|         array|
|A_0_ce0        |  out|    1|   ap_memory|           A_0|         array|
|A_0_q0         |   in|   12|   ap_memory|           A_0|         array|
|A_1_address0   |  out|    4|   ap_memory|           A_1|         array|
|A_1_ce0        |  out|    1|   ap_memory|           A_1|         array|
|A_1_q0         |   in|   12|   ap_memory|           A_1|         array|
|A_2_address0   |  out|    4|   ap_memory|           A_2|         array|
|A_2_ce0        |  out|    1|   ap_memory|           A_2|         array|
|A_2_q0         |   in|   12|   ap_memory|           A_2|         array|
|A_3_address0   |  out|    4|   ap_memory|           A_3|         array|
|A_3_ce0        |  out|    1|   ap_memory|           A_3|         array|
|A_3_q0         |   in|   12|   ap_memory|           A_3|         array|
|A_4_address0   |  out|    4|   ap_memory|           A_4|         array|
|A_4_ce0        |  out|    1|   ap_memory|           A_4|         array|
|A_4_q0         |   in|   12|   ap_memory|           A_4|         array|
|A_5_address0   |  out|    4|   ap_memory|           A_5|         array|
|A_5_ce0        |  out|    1|   ap_memory|           A_5|         array|
|A_5_q0         |   in|   12|   ap_memory|           A_5|         array|
|A_6_address0   |  out|    4|   ap_memory|           A_6|         array|
|A_6_ce0        |  out|    1|   ap_memory|           A_6|         array|
|A_6_q0         |   in|   12|   ap_memory|           A_6|         array|
|A_7_address0   |  out|    4|   ap_memory|           A_7|         array|
|A_7_ce0        |  out|    1|   ap_memory|           A_7|         array|
|A_7_q0         |   in|   12|   ap_memory|           A_7|         array|
|A_8_address0   |  out|    4|   ap_memory|           A_8|         array|
|A_8_ce0        |  out|    1|   ap_memory|           A_8|         array|
|A_8_q0         |   in|   12|   ap_memory|           A_8|         array|
|A_9_address0   |  out|    4|   ap_memory|           A_9|         array|
|A_9_ce0        |  out|    1|   ap_memory|           A_9|         array|
|A_9_q0         |   in|   12|   ap_memory|           A_9|         array|
|A_10_address0  |  out|    4|   ap_memory|          A_10|         array|
|A_10_ce0       |  out|    1|   ap_memory|          A_10|         array|
|A_10_q0        |   in|   12|   ap_memory|          A_10|         array|
|A_11_address0  |  out|    4|   ap_memory|          A_11|         array|
|A_11_ce0       |  out|    1|   ap_memory|          A_11|         array|
|A_11_q0        |   in|   12|   ap_memory|          A_11|         array|
|A_12_address0  |  out|    4|   ap_memory|          A_12|         array|
|A_12_ce0       |  out|    1|   ap_memory|          A_12|         array|
|A_12_q0        |   in|   12|   ap_memory|          A_12|         array|
|A_13_address0  |  out|    4|   ap_memory|          A_13|         array|
|A_13_ce0       |  out|    1|   ap_memory|          A_13|         array|
|A_13_q0        |   in|   12|   ap_memory|          A_13|         array|
|A_14_address0  |  out|    4|   ap_memory|          A_14|         array|
|A_14_ce0       |  out|    1|   ap_memory|          A_14|         array|
|A_14_q0        |   in|   12|   ap_memory|          A_14|         array|
|A_15_address0  |  out|    4|   ap_memory|          A_15|         array|
|A_15_ce0       |  out|    1|   ap_memory|          A_15|         array|
|A_15_q0        |   in|   12|   ap_memory|          A_15|         array|
|B_0_address0   |  out|    4|   ap_memory|           B_0|         array|
|B_0_ce0        |  out|    1|   ap_memory|           B_0|         array|
|B_0_q0         |   in|   12|   ap_memory|           B_0|         array|
|B_1_address0   |  out|    4|   ap_memory|           B_1|         array|
|B_1_ce0        |  out|    1|   ap_memory|           B_1|         array|
|B_1_q0         |   in|   12|   ap_memory|           B_1|         array|
|B_2_address0   |  out|    4|   ap_memory|           B_2|         array|
|B_2_ce0        |  out|    1|   ap_memory|           B_2|         array|
|B_2_q0         |   in|   12|   ap_memory|           B_2|         array|
|B_3_address0   |  out|    4|   ap_memory|           B_3|         array|
|B_3_ce0        |  out|    1|   ap_memory|           B_3|         array|
|B_3_q0         |   in|   12|   ap_memory|           B_3|         array|
|B_4_address0   |  out|    4|   ap_memory|           B_4|         array|
|B_4_ce0        |  out|    1|   ap_memory|           B_4|         array|
|B_4_q0         |   in|   12|   ap_memory|           B_4|         array|
|B_5_address0   |  out|    4|   ap_memory|           B_5|         array|
|B_5_ce0        |  out|    1|   ap_memory|           B_5|         array|
|B_5_q0         |   in|   12|   ap_memory|           B_5|         array|
|B_6_address0   |  out|    4|   ap_memory|           B_6|         array|
|B_6_ce0        |  out|    1|   ap_memory|           B_6|         array|
|B_6_q0         |   in|   12|   ap_memory|           B_6|         array|
|B_7_address0   |  out|    4|   ap_memory|           B_7|         array|
|B_7_ce0        |  out|    1|   ap_memory|           B_7|         array|
|B_7_q0         |   in|   12|   ap_memory|           B_7|         array|
|B_8_address0   |  out|    4|   ap_memory|           B_8|         array|
|B_8_ce0        |  out|    1|   ap_memory|           B_8|         array|
|B_8_q0         |   in|   12|   ap_memory|           B_8|         array|
|B_9_address0   |  out|    4|   ap_memory|           B_9|         array|
|B_9_ce0        |  out|    1|   ap_memory|           B_9|         array|
|B_9_q0         |   in|   12|   ap_memory|           B_9|         array|
|B_10_address0  |  out|    4|   ap_memory|          B_10|         array|
|B_10_ce0       |  out|    1|   ap_memory|          B_10|         array|
|B_10_q0        |   in|   12|   ap_memory|          B_10|         array|
|B_11_address0  |  out|    4|   ap_memory|          B_11|         array|
|B_11_ce0       |  out|    1|   ap_memory|          B_11|         array|
|B_11_q0        |   in|   12|   ap_memory|          B_11|         array|
|B_12_address0  |  out|    4|   ap_memory|          B_12|         array|
|B_12_ce0       |  out|    1|   ap_memory|          B_12|         array|
|B_12_q0        |   in|   12|   ap_memory|          B_12|         array|
|B_13_address0  |  out|    4|   ap_memory|          B_13|         array|
|B_13_ce0       |  out|    1|   ap_memory|          B_13|         array|
|B_13_q0        |   in|   12|   ap_memory|          B_13|         array|
|B_14_address0  |  out|    4|   ap_memory|          B_14|         array|
|B_14_ce0       |  out|    1|   ap_memory|          B_14|         array|
|B_14_q0        |   in|   12|   ap_memory|          B_14|         array|
|B_15_address0  |  out|    4|   ap_memory|          B_15|         array|
|B_15_ce0       |  out|    1|   ap_memory|          B_15|         array|
|B_15_q0        |   in|   12|   ap_memory|          B_15|         array|
|C_0_address0   |  out|    4|   ap_memory|           C_0|         array|
|C_0_ce0        |  out|    1|   ap_memory|           C_0|         array|
|C_0_we0        |  out|    1|   ap_memory|           C_0|         array|
|C_0_d0         |  out|   12|   ap_memory|           C_0|         array|
|C_1_address0   |  out|    4|   ap_memory|           C_1|         array|
|C_1_ce0        |  out|    1|   ap_memory|           C_1|         array|
|C_1_we0        |  out|    1|   ap_memory|           C_1|         array|
|C_1_d0         |  out|   12|   ap_memory|           C_1|         array|
|C_2_address0   |  out|    4|   ap_memory|           C_2|         array|
|C_2_ce0        |  out|    1|   ap_memory|           C_2|         array|
|C_2_we0        |  out|    1|   ap_memory|           C_2|         array|
|C_2_d0         |  out|   12|   ap_memory|           C_2|         array|
|C_3_address0   |  out|    4|   ap_memory|           C_3|         array|
|C_3_ce0        |  out|    1|   ap_memory|           C_3|         array|
|C_3_we0        |  out|    1|   ap_memory|           C_3|         array|
|C_3_d0         |  out|   12|   ap_memory|           C_3|         array|
|C_4_address0   |  out|    4|   ap_memory|           C_4|         array|
|C_4_ce0        |  out|    1|   ap_memory|           C_4|         array|
|C_4_we0        |  out|    1|   ap_memory|           C_4|         array|
|C_4_d0         |  out|   12|   ap_memory|           C_4|         array|
|C_5_address0   |  out|    4|   ap_memory|           C_5|         array|
|C_5_ce0        |  out|    1|   ap_memory|           C_5|         array|
|C_5_we0        |  out|    1|   ap_memory|           C_5|         array|
|C_5_d0         |  out|   12|   ap_memory|           C_5|         array|
|C_6_address0   |  out|    4|   ap_memory|           C_6|         array|
|C_6_ce0        |  out|    1|   ap_memory|           C_6|         array|
|C_6_we0        |  out|    1|   ap_memory|           C_6|         array|
|C_6_d0         |  out|   12|   ap_memory|           C_6|         array|
|C_7_address0   |  out|    4|   ap_memory|           C_7|         array|
|C_7_ce0        |  out|    1|   ap_memory|           C_7|         array|
|C_7_we0        |  out|    1|   ap_memory|           C_7|         array|
|C_7_d0         |  out|   12|   ap_memory|           C_7|         array|
|C_8_address0   |  out|    4|   ap_memory|           C_8|         array|
|C_8_ce0        |  out|    1|   ap_memory|           C_8|         array|
|C_8_we0        |  out|    1|   ap_memory|           C_8|         array|
|C_8_d0         |  out|   12|   ap_memory|           C_8|         array|
|C_9_address0   |  out|    4|   ap_memory|           C_9|         array|
|C_9_ce0        |  out|    1|   ap_memory|           C_9|         array|
|C_9_we0        |  out|    1|   ap_memory|           C_9|         array|
|C_9_d0         |  out|   12|   ap_memory|           C_9|         array|
|C_10_address0  |  out|    4|   ap_memory|          C_10|         array|
|C_10_ce0       |  out|    1|   ap_memory|          C_10|         array|
|C_10_we0       |  out|    1|   ap_memory|          C_10|         array|
|C_10_d0        |  out|   12|   ap_memory|          C_10|         array|
|C_11_address0  |  out|    4|   ap_memory|          C_11|         array|
|C_11_ce0       |  out|    1|   ap_memory|          C_11|         array|
|C_11_we0       |  out|    1|   ap_memory|          C_11|         array|
|C_11_d0        |  out|   12|   ap_memory|          C_11|         array|
|C_12_address0  |  out|    4|   ap_memory|          C_12|         array|
|C_12_ce0       |  out|    1|   ap_memory|          C_12|         array|
|C_12_we0       |  out|    1|   ap_memory|          C_12|         array|
|C_12_d0        |  out|   12|   ap_memory|          C_12|         array|
|C_13_address0  |  out|    4|   ap_memory|          C_13|         array|
|C_13_ce0       |  out|    1|   ap_memory|          C_13|         array|
|C_13_we0       |  out|    1|   ap_memory|          C_13|         array|
|C_13_d0        |  out|   12|   ap_memory|          C_13|         array|
|C_14_address0  |  out|    4|   ap_memory|          C_14|         array|
|C_14_ce0       |  out|    1|   ap_memory|          C_14|         array|
|C_14_we0       |  out|    1|   ap_memory|          C_14|         array|
|C_14_d0        |  out|   12|   ap_memory|          C_14|         array|
|C_15_address0  |  out|    4|   ap_memory|          C_15|         array|
|C_15_ce0       |  out|    1|   ap_memory|          C_15|         array|
|C_15_we0       |  out|    1|   ap_memory|          C_15|         array|
|C_15_d0        |  out|   12|   ap_memory|          C_15|         array|
+---------------+-----+-----+------------+--------------+--------------+

