================================================================
== Design Size Report
================================================================

* Total Instructions per Compilation Phase
+---------------+-----------------------------+--------------+----------------------------------------------------------------------------------------+
| Phase         | Step                        | Instructions | Description                                                                            |
+---------------+-----------------------------+--------------+----------------------------------------------------------------------------------------+
| Compile/Link  |                             |  3,915       | After all functions are compiled and linked into a single design                       |
|               |                             |              |                                                                                        |
| Unroll/Inline |                             |              | After user unroll and inline pragmas are applied                                       |
|               | (1) unroll                  | 14,318       | user unroll pragmas are applied                                                        |
|               | (2) simplification          | 10,889       | simplification of applied user unroll pragmas                                          |
|               | (3) inline                  | 10,358       | user inline pragmas are applied                                                        |
|               | (4) simplification          | 10,330       | simplification of applied user inline pragmas                                          |
|               |                             |              |                                                                                        |
| Array/Struct  |                             |              | After user array partition and struct aggregate/disaggregate pragmas are applied       |
|               | (1) array partition         | 33,113       | user array partition pragmas are applied                                               |
|               | (2) simplification          | 14,073       | simplification of applied user array partition & struct aggregate/disaggregate pragmas |
|               | (3) aggregate/disaggregate  | 14,085       | user struct aggregate/disaggregate pragmas are applied                                 |
|               | (4) array reshape           | 15,327       | apply array reshape pragmas                                                            |
|               | (5) access patterns         | 14,949       | array access pattern optmizations                                                      |
|               |                             |              |                                                                                        |
| Performance   |                             |              | After transformations are applied to meet performance pragma targets                   |
|               | (1) loop simplification     | 14,942       | loop and instruction simplification                                                    |
|               | (2) parallelization         | 14,939       | loops are unrolled or pipelined to meet performance targets                            |
|               | (3) array partition         | 17,297       | arrays are partitioned to meet performance targets                                     |
|               | (4) simplification          | 15,105       | simplification of design after performance transformations                             |
|               |                             |              |                                                                                        |
| HW Transforms |                             |              | After hardware transfomations                                                          |
|               | (1) lowering                | 14,780       | initial conversion to HW specific instructions                                         |
|               | (2) optimizations           | 14,768       | high level synthesis optimizations                                                     |
+---------------+-----------------------------+--------------+----------------------------------------------------------------------------------------+

* Instructions per Function for each Compilation Phase
+------------------------+------------------------------------+----------------+---------------+--------------+-------------+---------------+
| Function               | Location                           | Compile/Link   | Unroll/Inline | Array/Struct | Performance | HW Transforms |
+------------------------+------------------------------------+----------------+---------------+--------------+-------------+---------------+
| + kyber_mult           | kyber-mult-kernel-dataflow.cpp:289 | 3,915          | 10,330        | 14,949       | 15,105      | 14,768        |
|    load_all            | kyber-mult-kernel-dataflow.cpp:157 |  117           |   165         |   395        |   395       |   377         |
|  + fwd_all             | kyber-mult-kernel-dataflow.cpp:178 | 2,051          | 5,577         | 7,985        | 8,039       | 7,941         |
|   + fwd_ntt2           | kyber-mult-kernel-dataflow.cpp:90  | 1,910          | 5,313         | 7,093        | 7,148       | 7,118         |
|    + fwd_stage2_t<128> | kyber-mult-kernel-dataflow.cpp:70  |  265           |   733         |   940        |   948       |   940         |
|       cbarrett         | kyber-mult-kernel-dataflow.cpp:34  |   42 (2 calls) |               |              |             |               |
|       addm             | kyber-mult-kernel-dataflow.cpp:46  |   16 (2 calls) |               |              |             |               |
|       subm             | kyber-mult-kernel-dataflow.cpp:50  |   18 (2 calls) |               |              |             |               |
|    + fwd_stage2_t<64>  | kyber-mult-kernel-dataflow.cpp:70  |  265           |   775         | 1,181        | 1,189       | 1,188         |
|       cbarrett         | kyber-mult-kernel-dataflow.cpp:34  |   42 (2 calls) |               |              |             |               |
|       addm             | kyber-mult-kernel-dataflow.cpp:46  |   16 (2 calls) |               |              |             |               |
|       subm             | kyber-mult-kernel-dataflow.cpp:50  |   18 (2 calls) |               |              |             |               |
|    + fwd_stage2_t<32>  | kyber-mult-kernel-dataflow.cpp:70  |  265           |   775         | 1,181        | 1,189       | 1,188         |
|       cbarrett         | kyber-mult-kernel-dataflow.cpp:34  |   42 (2 calls) |               |              |             |               |
|       addm             | kyber-mult-kernel-dataflow.cpp:46  |   16 (2 calls) |               |              |             |               |
|       subm             | kyber-mult-kernel-dataflow.cpp:50  |   18 (2 calls) |               |              |             |               |
|    + fwd_stage2_t<16>  | kyber-mult-kernel-dataflow.cpp:70  |  265           |   775         | 1,181        | 1,189       | 1,188         |
|       cbarrett         | kyber-mult-kernel-dataflow.cpp:34  |   42 (2 calls) |               |              |             |               |
|       addm             | kyber-mult-kernel-dataflow.cpp:46  |   16 (2 calls) |               |              |             |               |
|       subm             | kyber-mult-kernel-dataflow.cpp:50  |   18 (2 calls) |               |              |             |               |
|    + fwd_stage2_t<8>   | kyber-mult-kernel-dataflow.cpp:70  |  265           |   742         |   758        |   766       |   758         |
|       cbarrett         | kyber-mult-kernel-dataflow.cpp:34  |   42 (2 calls) |               |              |             |               |
|       addm             | kyber-mult-kernel-dataflow.cpp:46  |   16 (2 calls) |               |              |             |               |
|       subm             | kyber-mult-kernel-dataflow.cpp:50  |   18 (2 calls) |               |              |             |               |
|    + fwd_stage2_t<4>   | kyber-mult-kernel-dataflow.cpp:70  |  265           |   743         |   780        |   787       |   779         |
|       cbarrett         | kyber-mult-kernel-dataflow.cpp:34  |   42 (2 calls) |               |              |             |               |
|       addm             | kyber-mult-kernel-dataflow.cpp:46  |   16 (2 calls) |               |              |             |               |
|       subm             | kyber-mult-kernel-dataflow.cpp:50  |   18 (2 calls) |               |              |             |               |
|    + fwd_stage2_t<2>   | kyber-mult-kernel-dataflow.cpp:70  |  265           |   743         |   780        |   788       |   780         |
|       cbarrett         | kyber-mult-kernel-dataflow.cpp:34  |   42 (2 calls) |               |              |             |               |
|       addm             | kyber-mult-kernel-dataflow.cpp:46  |   16 (2 calls) |               |              |             |               |
|       subm             | kyber-mult-kernel-dataflow.cpp:50  |   18 (2 calls) |               |              |             |               |
|  + basemul_all         | kyber-mult-kernel-dataflow.cpp:211 |  378           | 1,289         | 1,919        | 1,919       | 1,784         |
|   + basemul            | kyber-mult-kernel-dataflow.cpp:136 |  249           | 1,069         | 1,077        | 1,078       | 1,070         |
|      mulm              | kyber-mult-kernel-dataflow.cpp:54  |   76 (4 calls) |               |              |             |               |
|      cbarrett          | kyber-mult-kernel-dataflow.cpp:34  |   21           |               |              |             |               |
|      addm              | kyber-mult-kernel-dataflow.cpp:46  |   16 (2 calls) |               |              |             |               |
|  + inv_all             | kyber-mult-kernel-dataflow.cpp:243 | 1,231          | 3,134         | 4,385        | 4,439       | 4,380         |
|   + inv_ntt            | kyber-mult-kernel-dataflow.cpp:123 | 1,137          | 2,976         | 3,929        | 3,984       | 3,954         |
|    + inv_stage_t<2>    | kyber-mult-kernel-dataflow.cpp:105 |  150           |   407         |   428        |   436       |   428         |
|       addm             | kyber-mult-kernel-dataflow.cpp:46  |    8           |               |              |             |               |
|       subm             | kyber-mult-kernel-dataflow.cpp:50  |    9           |               |              |             |               |
|       cbarrett         | kyber-mult-kernel-dataflow.cpp:34  |   21           |               |              |             |               |
|    + inv_stage_t<4>    | kyber-mult-kernel-dataflow.cpp:105 |  150           |   407         |   428        |   435       |   427         |
|       addm             | kyber-mult-kernel-dataflow.cpp:46  |    8           |               |              |             |               |
|       subm             | kyber-mult-kernel-dataflow.cpp:50  |    9           |               |              |             |               |
|       cbarrett         | kyber-mult-kernel-dataflow.cpp:34  |   21           |               |              |             |               |
|    + inv_stage_t<8>    | kyber-mult-kernel-dataflow.cpp:105 |  150           |   406         |   406        |   414       |   406         |
|       addm             | kyber-mult-kernel-dataflow.cpp:46  |    8           |               |              |             |               |
|       subm             | kyber-mult-kernel-dataflow.cpp:50  |    9           |               |              |             |               |
|       cbarrett         | kyber-mult-kernel-dataflow.cpp:34  |   21           |               |              |             |               |
|    + inv_stage_t<16>   | kyber-mult-kernel-dataflow.cpp:105 |  150           |   439         |   658        |   666       |   665         |
|       addm             | kyber-mult-kernel-dataflow.cpp:46  |    8           |               |              |             |               |
|       subm             | kyber-mult-kernel-dataflow.cpp:50  |    9           |               |              |             |               |
|       cbarrett         | kyber-mult-kernel-dataflow.cpp:34  |   21           |               |              |             |               |
|    + inv_stage_t<32>   | kyber-mult-kernel-dataflow.cpp:105 |  150           |   439         |   658        |   666       |   665         |
|       addm             | kyber-mult-kernel-dataflow.cpp:46  |    8           |               |              |             |               |
|       subm             | kyber-mult-kernel-dataflow.cpp:50  |    9           |               |              |             |               |
|       cbarrett         | kyber-mult-kernel-dataflow.cpp:34  |   21           |               |              |             |               |
|    + inv_stage_t<64>   | kyber-mult-kernel-dataflow.cpp:105 |  150           |   439         |   658        |   666       |   665         |
|       addm             | kyber-mult-kernel-dataflow.cpp:46  |    8           |               |              |             |               |
|       subm             | kyber-mult-kernel-dataflow.cpp:50  |    9           |               |              |             |               |
|       cbarrett         | kyber-mult-kernel-dataflow.cpp:34  |   21           |               |              |             |               |
|    + inv_stage_t<128>  | kyber-mult-kernel-dataflow.cpp:105 |  150           |   397         |   508        |   516       |   508         |
|       addm             | kyber-mult-kernel-dataflow.cpp:46  |    8           |               |              |             |               |
|       subm             | kyber-mult-kernel-dataflow.cpp:50  |    9           |               |              |             |               |
|       cbarrett         | kyber-mult-kernel-dataflow.cpp:34  |   21           |               |              |             |               |
|      mulm              | kyber-mult-kernel-dataflow.cpp:54  |   19           |               |              |             |               |
|    store_all           | kyber-mult-kernel-dataflow.cpp:272 |   58           |   115         |   230        |   230       |   189         |
+------------------------+------------------------------------+----------------+---------------+--------------+-------------+---------------+

* Design Size Message Settings
+---------------------------------------------+--------+------------------------------------------------------------------+
| Message Setting                             | Value  | Description                                                      |
+---------------------------------------------+--------+------------------------------------------------------------------+
| config_compile -design_size_maximum_warning | 100000 | Show a warning when total design instructions exceeds this value |
+---------------------------------------------+--------+------------------------------------------------------------------+


