

================================================================
== Vitis HLS Report for 'fwd_stage2_t_32_s'
================================================================
* Date:           Thu Jun 11 23:16:47 2026

* Version:        2023.2 (Build 4023990 on Oct 11 2023)
* Project:        ntt_kyber
* Solution:       solution1 (Vivado IP Flow Target)
* Product family: zynquplus
* Target device:  xck26-sfvc784-2LV-c


================================================================
== Performance Estimates
================================================================
+ Timing: 
    * Summary: 
    +--------+----------+----------+------------+
    |  Clock |  Target  | Estimated| Uncertainty|
    +--------+----------+----------+------------+
    |ap_clk  |  10.00 ns|  6.247 ns|     2.70 ns|
    +--------+----------+----------+------------+

+ Latency: 
    * Summary: 
    +---------+---------+----------+----------+-----+-----+---------+
    |  Latency (cycles) |  Latency (absolute) |  Interval | Pipeline|
    |   min   |   max   |    min   |    max   | min | max |   Type  |
    +---------+---------+----------+----------+-----+-----+---------+
    |       22|       22|  0.220 us|  0.220 us|   22|   22|       no|
    +---------+---------+----------+----------+-----+-----+---------+

    + Detail: 
        * Instance: 
        N/A

        * Loop: 
        +-----------+---------+---------+----------+-----------+-----------+------+----------+
        |           |  Latency (cycles) | Iteration|  Initiation Interval  | Trip |          |
        | Loop Name |   min   |   max   |  Latency |  achieved |   target  | Count| Pipelined|
        +-----------+---------+---------+----------+-----------+-----------+------+----------+
        |- FWD_BF2  |       20|       20|         6|          1|          1|    16|       yes|
        +-----------+---------+---------+----------+-----------+-----------+------+----------+



================================================================
== Utilization Estimates
================================================================
* Summary: 
+-----------------+---------+------+--------+--------+-----+
|       Name      | BRAM_18K|  DSP |   FF   |   LUT  | URAM|
+-----------------+---------+------+--------+--------+-----+
|DSP              |        -|    16|       -|       -|    -|
|Expression       |        -|     -|       0|    4854|    -|
|FIFO             |        -|     -|       -|       -|    -|
|Instance         |        -|    32|       0|       0|    -|
|Memory           |        0|     -|     224|      56|    -|
|Multiplexer      |        -|     -|       -|      36|    -|
|Register         |        -|     -|    1872|     576|    -|
+-----------------+---------+------+--------+--------+-----+
|Total            |        0|    48|    2096|    5522|    0|
+-----------------+---------+------+--------+--------+-----+
|Available        |      288|  1248|  234240|  117120|   64|
+-----------------+---------+------+--------+--------+-----+
|Utilization (%)  |        0|     3|      ~0|       4|    0|
+-----------------+---------+------+--------+--------+-----+

+ Detail: 
    * Instance: 
    +---------------------------+----------------------+---------+----+---+----+-----+
    |          Instance         |        Module        | BRAM_18K| DSP| FF| LUT| URAM|
    +---------------------------+----------------------+---------+----+---+----+-----+
    |mul_12ns_12ns_24_3_1_U301  |mul_12ns_12ns_24_3_1  |        0|   1|  0|   0|    0|
    |mul_12ns_12ns_24_3_1_U302  |mul_12ns_12ns_24_3_1  |        0|   1|  0|   0|    0|
    |mul_12ns_12ns_24_3_1_U303  |mul_12ns_12ns_24_3_1  |        0|   1|  0|   0|    0|
    |mul_12ns_12ns_24_3_1_U304  |mul_12ns_12ns_24_3_1  |        0|   1|  0|   0|    0|
    |mul_12ns_12ns_24_3_1_U305  |mul_12ns_12ns_24_3_1  |        0|   1|  0|   0|    0|
    |mul_12ns_12ns_24_3_1_U306  |mul_12ns_12ns_24_3_1  |        0|   1|  0|   0|    0|
    |mul_12ns_12ns_24_3_1_U307  |mul_12ns_12ns_24_3_1  |        0|   1|  0|   0|    0|
    |mul_12ns_12ns_24_3_1_U308  |mul_12ns_12ns_24_3_1  |        0|   1|  0|   0|    0|
    |mul_12ns_12ns_24_3_1_U309  |mul_12ns_12ns_24_3_1  |        0|   1|  0|   0|    0|
    |mul_12ns_12ns_24_3_1_U310  |mul_12ns_12ns_24_3_1  |        0|   1|  0|   0|    0|
    |mul_12ns_12ns_24_3_1_U311  |mul_12ns_12ns_24_3_1  |        0|   1|  0|   0|    0|
    |mul_12ns_12ns_24_3_1_U312  |mul_12ns_12ns_24_3_1  |        0|   1|  0|   0|    0|
    |mul_12ns_12ns_24_3_1_U313  |mul_12ns_12ns_24_3_1  |        0|   1|  0|   0|    0|
    |mul_12ns_12ns_24_3_1_U314  |mul_12ns_12ns_24_3_1  |        0|   1|  0|   0|    0|
    |mul_12ns_12ns_24_3_1_U315  |mul_12ns_12ns_24_3_1  |        0|   1|  0|   0|    0|
    |mul_12ns_12ns_24_3_1_U316  |mul_12ns_12ns_24_3_1  |        0|   1|  0|   0|    0|
    |mul_16ns_12ns_28_3_1_U285  |mul_16ns_12ns_28_3_1  |        0|   1|  0|   0|    0|
    |mul_16ns_12ns_28_3_1_U286  |mul_16ns_12ns_28_3_1  |        0|   1|  0|   0|    0|
    |mul_16ns_12ns_28_3_1_U287  |mul_16ns_12ns_28_3_1  |        0|   1|  0|   0|    0|
    |mul_16ns_12ns_28_3_1_U288  |mul_16ns_12ns_28_3_1  |        0|   1|  0|   0|    0|
    |mul_16ns_12ns_28_3_1_U289  |mul_16ns_12ns_28_3_1  |        0|   1|  0|   0|    0|
    |mul_16ns_12ns_28_3_1_U290  |mul_16ns_12ns_28_3_1  |        0|   1|  0|   0|    0|
    |mul_16ns_12ns_28_3_1_U291  |mul_16ns_12ns_28_3_1  |        0|   1|  0|   0|    0|
    |mul_16ns_12ns_28_3_1_U292  |mul_16ns_12ns_28_3_1  |        0|   1|  0|   0|    0|
    |mul_16ns_12ns_28_3_1_U293  |mul_16ns_12ns_28_3_1  |        0|   1|  0|   0|    0|
    |mul_16ns_12ns_28_3_1_U294  |mul_16ns_12ns_28_3_1  |        0|   1|  0|   0|    0|
    |mul_16ns_12ns_28_3_1_U295  |mul_16ns_12ns_28_3_1  |        0|   1|  0|   0|    0|
    |mul_16ns_12ns_28_3_1_U296  |mul_16ns_12ns_28_3_1  |        0|   1|  0|   0|    0|
    |mul_16ns_12ns_28_3_1_U297  |mul_16ns_12ns_28_3_1  |        0|   1|  0|   0|    0|
    |mul_16ns_12ns_28_3_1_U298  |mul_16ns_12ns_28_3_1  |        0|   1|  0|   0|    0|
    |mul_16ns_12ns_28_3_1_U299  |mul_16ns_12ns_28_3_1  |        0|   1|  0|   0|    0|
    |mul_16ns_12ns_28_3_1_U300  |mul_16ns_12ns_28_3_1  |        0|   1|  0|   0|    0|
    +---------------------------+----------------------+---------+----+---+----+-----+
    |Total                      |                      |        0|  32|  0|   0|    0|
    +---------------------------+----------------------+---------+----+---+----+-----+

    * DSP: 
    +---------------------------------------+----------------------------------+--------------+
    |                Instance               |              Module              |  Expression  |
    +---------------------------------------+----------------------------------+--------------+
    |mac_mulsub_12ns_12ns_24ns_25_3_1_U317  |mac_mulsub_12ns_12ns_24ns_25_3_1  |  i0 - i1 * i2|
    |mac_mulsub_12ns_12ns_24ns_25_3_1_U318  |mac_mulsub_12ns_12ns_24ns_25_3_1  |  i0 - i1 * i2|
    |mac_mulsub_12ns_12ns_24ns_25_3_1_U319  |mac_mulsub_12ns_12ns_24ns_25_3_1  |  i0 - i1 * i2|
    |mac_mulsub_12ns_12ns_24ns_25_3_1_U320  |mac_mulsub_12ns_12ns_24ns_25_3_1  |  i0 - i1 * i2|
    |mac_mulsub_12ns_12ns_24ns_25_3_1_U321  |mac_mulsub_12ns_12ns_24ns_25_3_1  |  i0 - i1 * i2|
    |mac_mulsub_12ns_12ns_24ns_25_3_1_U322  |mac_mulsub_12ns_12ns_24ns_25_3_1  |  i0 - i1 * i2|
    |mac_mulsub_12ns_12ns_24ns_25_3_1_U323  |mac_mulsub_12ns_12ns_24ns_25_3_1  |  i0 - i1 * i2|
    |mac_mulsub_12ns_12ns_24ns_25_3_1_U324  |mac_mulsub_12ns_12ns_24ns_25_3_1  |  i0 - i1 * i2|
    |mac_mulsub_12ns_12ns_24ns_25_3_1_U325  |mac_mulsub_12ns_12ns_24ns_25_3_1  |  i0 - i1 * i2|
    |mac_mulsub_12ns_12ns_24ns_25_3_1_U326  |mac_mulsub_12ns_12ns_24ns_25_3_1  |  i0 - i1 * i2|
    |mac_mulsub_12ns_12ns_24ns_25_3_1_U327  |mac_mulsub_12ns_12ns_24ns_25_3_1  |  i0 - i1 * i2|
    |mac_mulsub_12ns_12ns_24ns_25_3_1_U328  |mac_mulsub_12ns_12ns_24ns_25_3_1  |  i0 - i1 * i2|
    |mac_mulsub_12ns_12ns_24ns_25_3_1_U329  |mac_mulsub_12ns_12ns_24ns_25_3_1  |  i0 - i1 * i2|
    |mac_mulsub_12ns_12ns_24ns_25_3_1_U330  |mac_mulsub_12ns_12ns_24ns_25_3_1  |  i0 - i1 * i2|
    |mac_mulsub_12ns_12ns_24ns_25_3_1_U331  |mac_mulsub_12ns_12ns_24ns_25_3_1  |  i0 - i1 * i2|
    |mac_mulsub_12ns_12ns_24ns_25_3_1_U332  |mac_mulsub_12ns_12ns_24ns_25_3_1  |  i0 - i1 * i2|
    +---------------------------------------+----------------------------------+--------------+

    * Memory: 
    +-------------------+-----------------------------------------------+---------+----+----+-----+------+-----+------+-------------+
    |       Memory      |                     Module                    | BRAM_18K| FF | LUT| URAM| Words| Bits| Banks| W*Bits*Banks|
    +-------------------+-----------------------------------------------+---------+----+----+-----+------+-----+------+-------------+
    |p_ZL5FWD_W_0_2_U   |fwd_stage2_t_32_s_p_ZL5FWD_W_0_2_ROM_AUTO_1R   |        0|  24|   6|    0|    32|   12|     1|          384|
    |p_ZL5FWD_W_1_2_U   |fwd_stage2_t_32_s_p_ZL5FWD_W_0_2_ROM_AUTO_1R   |        0|  24|   6|    0|    32|   12|     1|          384|
    |p_ZL5FWD_W_2_2_U   |fwd_stage2_t_32_s_p_ZL5FWD_W_0_2_ROM_AUTO_1R   |        0|  24|   6|    0|    32|   12|     1|          384|
    |p_ZL5FWD_W_3_2_U   |fwd_stage2_t_32_s_p_ZL5FWD_W_0_2_ROM_AUTO_1R   |        0|  24|   6|    0|    32|   12|     1|          384|
    |p_ZL6FWD_MW_0_2_U  |fwd_stage2_t_32_s_p_ZL6FWD_MW_0_2_ROM_AUTO_1R  |        0|  32|   8|    0|    32|   16|     1|          512|
    |p_ZL6FWD_MW_1_2_U  |fwd_stage2_t_32_s_p_ZL6FWD_MW_0_2_ROM_AUTO_1R  |        0|  32|   8|    0|    32|   16|     1|          512|
    |p_ZL6FWD_MW_2_2_U  |fwd_stage2_t_32_s_p_ZL6FWD_MW_0_2_ROM_AUTO_1R  |        0|  32|   8|    0|    32|   16|     1|          512|
    |p_ZL6FWD_MW_3_2_U  |fwd_stage2_t_32_s_p_ZL6FWD_MW_0_2_ROM_AUTO_1R  |        0|  32|   8|    0|    32|   16|     1|          512|
    +-------------------+-----------------------------------------------+---------+----+----+-----+------+-----+------+-------------+
    |Total              |                                               |        0| 224|  56|    0|   256|  112|     8|         3584|
    +-------------------+-----------------------------------------------+---------+----+----+-----+------+-----+------+-------------+

    * FIFO: 
    N/A

    * Expression: 
    +----------------------------+----------+----+---+----+------------+------------+
    |        Variable Name       | Operation| DSP| FF| LUT| Bitwidth P0| Bitwidth P1|
    +----------------------------+----------+----+---+----+------------+------------+
    |add_ln44_100_fu_3719_p2     |         +|   0|  0|  32|          25|          13|
    |add_ln44_101_fu_3814_p2     |         +|   0|  0|  32|          25|          13|
    |add_ln44_102_fu_3921_p2     |         +|   0|  0|  32|          25|          13|
    |add_ln44_103_fu_4022_p2     |         +|   0|  0|  32|          25|          13|
    |add_ln44_104_fu_4123_p2     |         +|   0|  0|  32|          25|          13|
    |add_ln44_105_fu_4224_p2     |         +|   0|  0|  32|          25|          13|
    |add_ln44_106_fu_4325_p2     |         +|   0|  0|  32|          25|          13|
    |add_ln44_107_fu_4426_p2     |         +|   0|  0|  32|          25|          13|
    |add_ln44_108_fu_4527_p2     |         +|   0|  0|  32|          25|          13|
    |add_ln44_109_fu_4622_p2     |         +|   0|  0|  32|          25|          13|
    |add_ln44_95_fu_3214_p2      |         +|   0|  0|  32|          25|          13|
    |add_ln44_96_fu_3315_p2      |         +|   0|  0|  32|          25|          13|
    |add_ln44_97_fu_3416_p2      |         +|   0|  0|  32|          25|          13|
    |add_ln44_98_fu_3517_p2      |         +|   0|  0|  32|          25|          13|
    |add_ln44_99_fu_3618_p2      |         +|   0|  0|  32|          25|          13|
    |add_ln44_fu_3107_p2         |         +|   0|  0|  32|          25|          13|
    |add_ln48_190_fu_3246_p2     |         +|   0|  0|  19|          12|          10|
    |add_ln48_192_fu_3347_p2     |         +|   0|  0|  19|          12|          10|
    |add_ln48_194_fu_3448_p2     |         +|   0|  0|  19|          12|          10|
    |add_ln48_196_fu_3549_p2     |         +|   0|  0|  19|          12|          10|
    |add_ln48_198_fu_3650_p2     |         +|   0|  0|  19|          12|          10|
    |add_ln48_200_fu_3751_p2     |         +|   0|  0|  19|          12|          10|
    |add_ln48_202_fu_3846_p2     |         +|   0|  0|  19|          12|          10|
    |add_ln48_204_fu_3953_p2     |         +|   0|  0|  19|          12|          10|
    |add_ln48_206_fu_4054_p2     |         +|   0|  0|  19|          12|          10|
    |add_ln48_208_fu_4155_p2     |         +|   0|  0|  19|          12|          10|
    |add_ln48_210_fu_4256_p2     |         +|   0|  0|  19|          12|          10|
    |add_ln48_212_fu_4357_p2     |         +|   0|  0|  19|          12|          10|
    |add_ln48_214_fu_4458_p2     |         +|   0|  0|  19|          12|          10|
    |add_ln48_216_fu_4559_p2     |         +|   0|  0|  19|          12|          10|
    |add_ln48_218_fu_4654_p2     |         +|   0|  0|  19|          12|          10|
    |add_ln48_fu_3139_p2         |         +|   0|  0|  19|          12|          10|
    |add_ln52_100_fu_3705_p2     |         +|   0|  0|  19|          12|          11|
    |add_ln52_101_fu_3874_p2     |         +|   0|  0|  19|          12|          11|
    |add_ln52_102_fu_3907_p2     |         +|   0|  0|  19|          12|          11|
    |add_ln52_103_fu_4008_p2     |         +|   0|  0|  19|          12|          11|
    |add_ln52_104_fu_4109_p2     |         +|   0|  0|  19|          12|          11|
    |add_ln52_105_fu_4210_p2     |         +|   0|  0|  19|          12|          11|
    |add_ln52_106_fu_4311_p2     |         +|   0|  0|  19|          12|          11|
    |add_ln52_107_fu_4412_p2     |         +|   0|  0|  19|          12|          11|
    |add_ln52_108_fu_4513_p2     |         +|   0|  0|  19|          12|          11|
    |add_ln52_109_fu_4682_p2     |         +|   0|  0|  19|          12|          11|
    |add_ln52_95_fu_3200_p2      |         +|   0|  0|  19|          12|          11|
    |add_ln52_96_fu_3301_p2      |         +|   0|  0|  19|          12|          11|
    |add_ln52_97_fu_3402_p2      |         +|   0|  0|  19|          12|          11|
    |add_ln52_98_fu_3503_p2      |         +|   0|  0|  19|          12|          11|
    |add_ln52_99_fu_3604_p2      |         +|   0|  0|  19|          12|          11|
    |add_ln52_fu_3167_p2         |         +|   0|  0|  19|          12|          11|
    |add_ln73_fu_2206_p2         |         +|   0|  0|  15|           8|           4|
    |s_189_fu_3830_p2            |         +|   0|  0|  32|          25|          25|
    |s_190_fu_4638_p2            |         +|   0|  0|  32|          25|          25|
    |s_191_fu_3937_p2            |         +|   0|  0|  32|          25|          25|
    |s_192_fu_3230_p2            |         +|   0|  0|  32|          25|          25|
    |s_193_fu_4038_p2            |         +|   0|  0|  32|          25|          25|
    |s_194_fu_3331_p2            |         +|   0|  0|  32|          25|          25|
    |s_195_fu_4139_p2            |         +|   0|  0|  32|          25|          25|
    |s_196_fu_3432_p2            |         +|   0|  0|  32|          25|          25|
    |s_197_fu_4240_p2            |         +|   0|  0|  32|          25|          25|
    |s_198_fu_3533_p2            |         +|   0|  0|  32|          25|          25|
    |s_199_fu_4341_p2            |         +|   0|  0|  32|          25|          25|
    |s_200_fu_3634_p2            |         +|   0|  0|  32|          25|          25|
    |s_201_fu_4442_p2            |         +|   0|  0|  32|          25|          25|
    |s_202_fu_3735_p2            |         +|   0|  0|  32|          25|          25|
    |s_203_fu_4543_p2            |         +|   0|  0|  32|          25|          25|
    |s_fu_3123_p2                |         +|   0|  0|  32|          25|          25|
    |sub_ln84_22_fu_3282_p2      |         -|   0|  0|  19|          12|          12|
    |sub_ln84_23_fu_3383_p2      |         -|   0|  0|  19|          12|          12|
    |sub_ln84_24_fu_3484_p2      |         -|   0|  0|  19|          12|          12|
    |sub_ln84_25_fu_3585_p2      |         -|   0|  0|  19|          12|          12|
    |sub_ln84_26_fu_3686_p2      |         -|   0|  0|  19|          12|          12|
    |sub_ln84_27_fu_3787_p2      |         -|   0|  0|  19|          12|          12|
    |sub_ln84_28_fu_3888_p2      |         -|   0|  0|  19|          12|          12|
    |sub_ln84_fu_3181_p2         |         -|   0|  0|  19|          12|          12|
    |sub_ln86_22_fu_4090_p2      |         -|   0|  0|  19|          12|          12|
    |sub_ln86_23_fu_4191_p2      |         -|   0|  0|  19|          12|          12|
    |sub_ln86_24_fu_4292_p2      |         -|   0|  0|  19|          12|          12|
    |sub_ln86_25_fu_4393_p2      |         -|   0|  0|  19|          12|          12|
    |sub_ln86_26_fu_4494_p2      |         -|   0|  0|  19|          12|          12|
    |sub_ln86_27_fu_4595_p2      |         -|   0|  0|  19|          12|          12|
    |sub_ln86_28_fu_4696_p2      |         -|   0|  0|  19|          12|          12|
    |sub_ln86_fu_3989_p2         |         -|   0|  0|  19|          12|          12|
    |icmp_ln44_100_fu_3714_p2    |      icmp|   0|  0|  32|          25|          12|
    |icmp_ln44_101_fu_3809_p2    |      icmp|   0|  0|  32|          25|          12|
    |icmp_ln44_102_fu_3916_p2    |      icmp|   0|  0|  32|          25|          12|
    |icmp_ln44_103_fu_4017_p2    |      icmp|   0|  0|  32|          25|          12|
    |icmp_ln44_104_fu_4118_p2    |      icmp|   0|  0|  32|          25|          12|
    |icmp_ln44_105_fu_4219_p2    |      icmp|   0|  0|  32|          25|          12|
    |icmp_ln44_106_fu_4320_p2    |      icmp|   0|  0|  32|          25|          12|
    |icmp_ln44_107_fu_4421_p2    |      icmp|   0|  0|  32|          25|          12|
    |icmp_ln44_108_fu_4522_p2    |      icmp|   0|  0|  32|          25|          12|
    |icmp_ln44_109_fu_4617_p2    |      icmp|   0|  0|  32|          25|          12|
    |icmp_ln44_95_fu_3209_p2     |      icmp|   0|  0|  32|          25|          12|
    |icmp_ln44_96_fu_3310_p2     |      icmp|   0|  0|  32|          25|          12|
    |icmp_ln44_97_fu_3411_p2     |      icmp|   0|  0|  32|          25|          12|
    |icmp_ln44_98_fu_3512_p2     |      icmp|   0|  0|  32|          25|          12|
    |icmp_ln44_99_fu_3613_p2     |      icmp|   0|  0|  32|          25|          12|
    |icmp_ln44_fu_3102_p2        |      icmp|   0|  0|  32|          25|          12|
    |icmp_ln48_100_fu_3741_p2    |      icmp|   0|  0|  32|          25|          12|
    |icmp_ln48_101_fu_3836_p2    |      icmp|   0|  0|  32|          25|          12|
    |icmp_ln48_102_fu_3943_p2    |      icmp|   0|  0|  32|          25|          12|
    |icmp_ln48_103_fu_4044_p2    |      icmp|   0|  0|  32|          25|          12|
    |icmp_ln48_104_fu_4145_p2    |      icmp|   0|  0|  32|          25|          12|
    |icmp_ln48_105_fu_4246_p2    |      icmp|   0|  0|  32|          25|          12|
    |icmp_ln48_106_fu_4347_p2    |      icmp|   0|  0|  32|          25|          12|
    |icmp_ln48_107_fu_4448_p2    |      icmp|   0|  0|  32|          25|          12|
    |icmp_ln48_108_fu_4549_p2    |      icmp|   0|  0|  32|          25|          12|
    |icmp_ln48_109_fu_4644_p2    |      icmp|   0|  0|  32|          25|          12|
    |icmp_ln48_95_fu_3236_p2     |      icmp|   0|  0|  32|          25|          12|
    |icmp_ln48_96_fu_3337_p2     |      icmp|   0|  0|  32|          25|          12|
    |icmp_ln48_97_fu_3438_p2     |      icmp|   0|  0|  32|          25|          12|
    |icmp_ln48_98_fu_3539_p2     |      icmp|   0|  0|  32|          25|          12|
    |icmp_ln48_99_fu_3640_p2     |      icmp|   0|  0|  32|          25|          12|
    |icmp_ln48_fu_3129_p2        |      icmp|   0|  0|  32|          25|          12|
    |icmp_ln52_100_fu_3767_p2    |      icmp|   0|  0|  32|          25|          25|
    |icmp_ln52_101_fu_3862_p2    |      icmp|   0|  0|  32|          25|          25|
    |icmp_ln52_102_fu_3969_p2    |      icmp|   0|  0|  32|          25|          25|
    |icmp_ln52_103_fu_4070_p2    |      icmp|   0|  0|  32|          25|          25|
    |icmp_ln52_104_fu_4171_p2    |      icmp|   0|  0|  32|          25|          25|
    |icmp_ln52_105_fu_4272_p2    |      icmp|   0|  0|  32|          25|          25|
    |icmp_ln52_106_fu_4373_p2    |      icmp|   0|  0|  32|          25|          25|
    |icmp_ln52_107_fu_4474_p2    |      icmp|   0|  0|  32|          25|          25|
    |icmp_ln52_108_fu_4575_p2    |      icmp|   0|  0|  32|          25|          25|
    |icmp_ln52_109_fu_4670_p2    |      icmp|   0|  0|  32|          25|          25|
    |icmp_ln52_95_fu_3262_p2     |      icmp|   0|  0|  32|          25|          25|
    |icmp_ln52_96_fu_3363_p2     |      icmp|   0|  0|  32|          25|          25|
    |icmp_ln52_97_fu_3464_p2     |      icmp|   0|  0|  32|          25|          25|
    |icmp_ln52_98_fu_3565_p2     |      icmp|   0|  0|  32|          25|          25|
    |icmp_ln52_99_fu_3666_p2     |      icmp|   0|  0|  32|          25|          25|
    |icmp_ln52_fu_3155_p2        |      icmp|   0|  0|  32|          25|          25|
    |icmp_ln83_10_fu_2351_p2     |      icmp|   0|  0|  12|           4|           4|
    |icmp_ln83_11_fu_2375_p2     |      icmp|   0|  0|  12|           4|           4|
    |icmp_ln83_12_fu_2399_p2     |      icmp|   0|  0|  12|           4|           3|
    |icmp_ln83_13_fu_2423_p2     |      icmp|   0|  0|  12|           4|           3|
    |icmp_ln83_14_fu_2447_p2     |      icmp|   0|  0|  12|           4|           2|
    |icmp_ln83_8_fu_2303_p2      |      icmp|   0|  0|  12|           4|           4|
    |icmp_ln83_9_fu_2327_p2      |      icmp|   0|  0|  12|           4|           4|
    |icmp_ln83_fu_2217_p2        |      icmp|   0|  0|  12|           4|           1|
    |icmp_ln84_10_fu_2631_p2     |      icmp|   0|  0|  12|           4|           2|
    |icmp_ln84_11_fu_2637_p2     |      icmp|   0|  0|  12|           4|           3|
    |icmp_ln84_12_fu_2643_p2     |      icmp|   0|  0|  12|           4|           3|
    |icmp_ln84_13_fu_2649_p2     |      icmp|   0|  0|  12|           4|           3|
    |icmp_ln84_14_fu_2655_p2     |      icmp|   0|  0|  12|           4|           3|
    |icmp_ln84_8_fu_2619_p2      |      icmp|   0|  0|  12|           4|           1|
    |icmp_ln84_9_fu_2625_p2      |      icmp|   0|  0|  12|           4|           2|
    |icmp_ln84_fu_2200_p2        |      icmp|   0|  0|  12|           4|           1|
    |or_ln78_fu_2182_p2          |        or|   0|  0|   5|           5|           1|
    |or_ln80_10_fu_2280_p2       |        or|   0|  0|   4|           4|           3|
    |or_ln80_11_fu_2289_p2       |        or|   0|  0|   4|           4|           3|
    |or_ln80_12_fu_2298_p2       |        or|   0|  0|   4|           4|           3|
    |or_ln80_7_fu_2253_p2        |        or|   0|  0|   4|           4|           2|
    |or_ln80_8_fu_2262_p2        |        or|   0|  0|   4|           4|           2|
    |or_ln80_9_fu_2271_p2        |        or|   0|  0|   4|           4|           3|
    |or_ln80_fu_2244_p2          |        or|   0|  0|   4|           4|           1|
    |or_ln81_fu_2140_p2          |        or|   0|  0|   4|           4|           2|
    |select_ln48_100_fu_3757_p3  |    select|   0|  0|  11|           1|          12|
    |select_ln48_101_fu_3852_p3  |    select|   0|  0|  11|           1|          12|
    |select_ln48_102_fu_3959_p3  |    select|   0|  0|  11|           1|          12|
    |select_ln48_103_fu_4060_p3  |    select|   0|  0|  11|           1|          12|
    |select_ln48_104_fu_4161_p3  |    select|   0|  0|  11|           1|          12|
    |select_ln48_105_fu_4262_p3  |    select|   0|  0|  11|           1|          12|
    |select_ln48_106_fu_4363_p3  |    select|   0|  0|  11|           1|          12|
    |select_ln48_107_fu_4464_p3  |    select|   0|  0|  11|           1|          12|
    |select_ln48_108_fu_4565_p3  |    select|   0|  0|  11|           1|          12|
    |select_ln48_109_fu_4660_p3  |    select|   0|  0|  11|           1|          12|
    |select_ln48_95_fu_3252_p3   |    select|   0|  0|  11|           1|          12|
    |select_ln48_96_fu_3353_p3   |    select|   0|  0|  11|           1|          12|
    |select_ln48_97_fu_3454_p3   |    select|   0|  0|  11|           1|          12|
    |select_ln48_98_fu_3555_p3   |    select|   0|  0|  11|           1|          12|
    |select_ln48_99_fu_3656_p3   |    select|   0|  0|  11|           1|          12|
    |select_ln48_fu_3145_p3      |    select|   0|  0|  11|           1|          12|
    |select_ln52_100_fu_3779_p3  |    select|   0|  0|  11|           1|          12|
    |select_ln52_101_fu_3880_p3  |    select|   0|  0|  11|           1|          12|
    |select_ln52_102_fu_3981_p3  |    select|   0|  0|  11|           1|          12|
    |select_ln52_103_fu_4082_p3  |    select|   0|  0|  11|           1|          12|
    |select_ln52_104_fu_4183_p3  |    select|   0|  0|  11|           1|          12|
    |select_ln52_105_fu_4284_p3  |    select|   0|  0|  11|           1|          12|
    |select_ln52_106_fu_4385_p3  |    select|   0|  0|  11|           1|          12|
    |select_ln52_107_fu_4486_p3  |    select|   0|  0|  11|           1|          12|
    |select_ln52_108_fu_4587_p3  |    select|   0|  0|  11|           1|          12|
    |select_ln52_109_fu_4688_p3  |    select|   0|  0|  11|           1|          12|
    |select_ln52_95_fu_3274_p3   |    select|   0|  0|  11|           1|          12|
    |select_ln52_96_fu_3375_p3   |    select|   0|  0|  11|           1|          12|
    |select_ln52_97_fu_3476_p3   |    select|   0|  0|  11|           1|          12|
    |select_ln52_98_fu_3577_p3   |    select|   0|  0|  11|           1|          12|
    |select_ln52_99_fu_3678_p3   |    select|   0|  0|  11|           1|          12|
    |select_ln52_fu_3173_p3      |    select|   0|  0|  11|           1|          12|
    |select_ln83_16_fu_2309_p3   |    select|   0|  0|  11|           1|          12|
    |select_ln83_18_fu_2333_p3   |    select|   0|  0|  11|           1|          12|
    |select_ln83_20_fu_2357_p3   |    select|   0|  0|  11|           1|          12|
    |select_ln83_22_fu_2381_p3   |    select|   0|  0|  11|           1|          12|
    |select_ln83_24_fu_2405_p3   |    select|   0|  0|  11|           1|          12|
    |select_ln83_26_fu_2429_p3   |    select|   0|  0|  11|           1|          12|
    |select_ln83_28_fu_2453_p3   |    select|   0|  0|  11|           1|          12|
    |select_ln83_fu_2222_p3      |    select|   0|  0|  11|           1|          12|
    |select_ln85_16_fu_2475_p3   |    select|   0|  0|  11|           1|          12|
    |select_ln85_18_fu_2493_p3   |    select|   0|  0|  11|           1|          12|
    |select_ln85_20_fu_2511_p3   |    select|   0|  0|  11|           1|          12|
    |select_ln85_22_fu_2529_p3   |    select|   0|  0|  11|           1|          12|
    |select_ln85_24_fu_2547_p3   |    select|   0|  0|  11|           1|          12|
    |select_ln85_26_fu_2565_p3   |    select|   0|  0|  11|           1|          12|
    |select_ln85_28_fu_2583_p3   |    select|   0|  0|  11|           1|          12|
    |select_ln85_30_fu_2601_p3   |    select|   0|  0|  11|           1|          12|
    |tA_35_fu_3819_p3            |    select|   0|  0|  25|           1|          25|
    |tA_36_fu_3219_p3            |    select|   0|  0|  25|           1|          25|
    |tA_37_fu_3320_p3            |    select|   0|  0|  25|           1|          25|
    |tA_38_fu_3421_p3            |    select|   0|  0|  25|           1|          25|
    |tA_39_fu_3522_p3            |    select|   0|  0|  25|           1|          25|
    |tA_40_fu_3623_p3            |    select|   0|  0|  25|           1|          25|
    |tA_41_fu_3724_p3            |    select|   0|  0|  25|           1|          25|
    |tA_fu_3112_p3               |    select|   0|  0|  25|           1|          25|
    |tB_35_fu_3926_p3            |    select|   0|  0|  25|           1|          25|
    |tB_36_fu_4027_p3            |    select|   0|  0|  25|           1|          25|
    |tB_37_fu_4128_p3            |    select|   0|  0|  25|           1|          25|
    |tB_38_fu_4229_p3            |    select|   0|  0|  25|           1|          25|
    |tB_39_fu_4330_p3            |    select|   0|  0|  25|           1|          25|
    |tB_40_fu_4431_p3            |    select|   0|  0|  25|           1|          25|
    |tB_41_fu_4532_p3            |    select|   0|  0|  25|           1|          25|
    |tB_fu_4627_p3               |    select|   0|  0|  25|           1|          25|
    |uA_36_fu_3189_p3            |    select|   0|  0|  11|           1|          12|
    |uA_37_fu_3290_p3            |    select|   0|  0|  11|           1|          12|
    |uA_38_fu_3391_p3            |    select|   0|  0|  11|           1|          12|
    |uA_39_fu_3492_p3            |    select|   0|  0|  11|           1|          12|
    |uA_40_fu_3593_p3            |    select|   0|  0|  11|           1|          12|
    |uA_41_fu_3694_p3            |    select|   0|  0|  11|           1|          12|
    |uA_42_fu_3795_p3            |    select|   0|  0|  11|           1|          12|
    |uA_fu_3088_p3               |    select|   0|  0|  11|           1|          12|
    |uB_36_fu_3997_p3            |    select|   0|  0|  11|           1|          12|
    |uB_37_fu_4098_p3            |    select|   0|  0|  11|           1|          12|
    |uB_38_fu_4199_p3            |    select|   0|  0|  11|           1|          12|
    |uB_39_fu_4300_p3            |    select|   0|  0|  11|           1|          12|
    |uB_40_fu_4401_p3            |    select|   0|  0|  11|           1|          12|
    |uB_41_fu_4502_p3            |    select|   0|  0|  11|           1|          12|
    |uB_42_fu_4603_p3            |    select|   0|  0|  11|           1|          12|
    |uB_fu_3896_p3               |    select|   0|  0|  11|           1|          12|
    |ap_enable_pp0               |       xor|   0|  0|   2|           1|           2|
    |xor_ln52_100_fu_3773_p2     |       xor|   0|  0|   2|           1|           2|
    |xor_ln52_101_fu_3868_p2     |       xor|   0|  0|   2|           1|           2|
    |xor_ln52_102_fu_3975_p2     |       xor|   0|  0|   2|           1|           2|
    |xor_ln52_103_fu_4076_p2     |       xor|   0|  0|   2|           1|           2|
    |xor_ln52_104_fu_4177_p2     |       xor|   0|  0|   2|           1|           2|
    |xor_ln52_105_fu_4278_p2     |       xor|   0|  0|   2|           1|           2|
    |xor_ln52_106_fu_4379_p2     |       xor|   0|  0|   2|           1|           2|
    |xor_ln52_107_fu_4480_p2     |       xor|   0|  0|   2|           1|           2|
    |xor_ln52_108_fu_4581_p2     |       xor|   0|  0|   2|           1|           2|
    |xor_ln52_109_fu_4676_p2     |       xor|   0|  0|   2|           1|           2|
    |xor_ln52_95_fu_3268_p2      |       xor|   0|  0|   2|           1|           2|
    |xor_ln52_96_fu_3369_p2      |       xor|   0|  0|   2|           1|           2|
    |xor_ln52_97_fu_3470_p2      |       xor|   0|  0|   2|           1|           2|
    |xor_ln52_98_fu_3571_p2      |       xor|   0|  0|   2|           1|           2|
    |xor_ln52_99_fu_3672_p2      |       xor|   0|  0|   2|           1|           2|
    |xor_ln52_fu_3161_p2         |       xor|   0|  0|   2|           1|           2|
    +----------------------------+----------+----+---+----+------------+------------+
    |Total                       |          |   0|  0|4854|        2782|        3189|
    +----------------------------+----------+----+---+----+------------+------------+

    * Multiplexer: 
    +-------------------------+----+-----------+-----+-----------+
    |           Name          | LUT| Input Size| Bits| Total Bits|
    +-------------------------+----+-----------+-----+-----------+
    |ap_done_int              |   9|          2|    1|          2|
    |ap_enable_reg_pp0_iter1  |   9|          2|    1|          2|
    |ap_sig_allocacmp_m       |   9|          2|    8|         16|
    |idx_fu_266               |   9|          2|    8|         16|
    +-------------------------+----+-----------+-----+-----------+
    |Total                    |  36|          8|   18|         36|
    +-------------------------+----+-----------+-----+-----------+

    * Register: 
    +----------------------------------+----+----+-----+-----------+
    |               Name               | FF | LUT| Bits| Const Bits|
    +----------------------------------+----+----+-----+-----------+
    |ap_CS_fsm                         |   1|   0|    1|          0|
    |ap_done_reg                       |   1|   0|    1|          0|
    |ap_enable_reg_pp0_iter1           |   1|   0|    1|          0|
    |ap_enable_reg_pp0_iter2           |   1|   0|    1|          0|
    |ap_enable_reg_pp0_iter3           |   1|   0|    1|          0|
    |ap_enable_reg_pp0_iter4           |   1|   0|    1|          0|
    |ap_enable_reg_pp0_iter5           |   1|   0|    1|          0|
    |ap_loop_exit_ready_pp0_iter1_reg  |   1|   0|    1|          0|
    |ap_loop_exit_ready_pp0_iter2_reg  |   1|   0|    1|          0|
    |ap_loop_exit_ready_pp0_iter3_reg  |   1|   0|    1|          0|
    |ap_loop_exit_ready_pp0_iter4_reg  |   1|   0|    1|          0|
    |icmp_ln83_10_reg_5318             |   1|   0|    1|          0|
    |icmp_ln83_11_reg_5334             |   1|   0|    1|          0|
    |icmp_ln83_12_reg_5350             |   1|   0|    1|          0|
    |icmp_ln83_13_reg_5366             |   1|   0|    1|          0|
    |icmp_ln83_14_reg_5382             |   1|   0|    1|          0|
    |icmp_ln83_8_reg_5286              |   1|   0|    1|          0|
    |icmp_ln83_9_reg_5302              |   1|   0|    1|          0|
    |icmp_ln83_reg_5193                |   1|   0|    1|          0|
    |icmp_ln84_10_reg_5492             |   1|   0|    1|          0|
    |icmp_ln84_11_reg_5496             |   1|   0|    1|          0|
    |icmp_ln84_12_reg_5500             |   1|   0|    1|          0|
    |icmp_ln84_13_reg_5504             |   1|   0|    1|          0|
    |icmp_ln84_14_reg_5508             |   1|   0|    1|          0|
    |icmp_ln84_8_reg_5484              |   1|   0|    1|          0|
    |icmp_ln84_9_reg_5488              |   1|   0|    1|          0|
    |icmp_ln84_reg_5184                |   1|   0|    1|          0|
    |idx_fu_266                        |   8|   0|    8|          0|
    |lshr_ln8_reg_4903                 |   3|   0|    4|          1|
    |select_ln83_16_reg_5292           |  12|   0|   12|          0|
    |select_ln83_18_reg_5308           |  12|   0|   12|          0|
    |select_ln83_20_reg_5324           |  12|   0|   12|          0|
    |select_ln83_22_reg_5340           |  12|   0|   12|          0|
    |select_ln83_24_reg_5356           |  12|   0|   12|          0|
    |select_ln83_26_reg_5372           |  12|   0|   12|          0|
    |select_ln83_28_reg_5388           |  12|   0|   12|          0|
    |select_ln83_reg_5199              |  12|   0|   12|          0|
    |select_ln85_16_reg_5404           |  12|   0|   12|          0|
    |select_ln85_18_reg_5414           |  12|   0|   12|          0|
    |select_ln85_20_reg_5424           |  12|   0|   12|          0|
    |select_ln85_22_reg_5434           |  12|   0|   12|          0|
    |select_ln85_24_reg_5444           |  12|   0|   12|          0|
    |select_ln85_26_reg_5454           |  12|   0|   12|          0|
    |select_ln85_28_reg_5464           |  12|   0|   12|          0|
    |select_ln85_30_reg_5474           |  12|   0|   12|          0|
    |trunc_ln73_reg_4891               |   4|   0|    4|          0|
    |w_30_reg_5215                     |  12|   0|   12|          0|
    |w_31_reg_5226                     |  12|   0|   12|          0|
    |w_32_reg_5237                     |  12|   0|   12|          0|
    |w_33_reg_5248                     |  12|   0|   12|          0|
    |w_34_reg_5259                     |  12|   0|   12|          0|
    |w_35_reg_5270                     |  12|   0|   12|          0|
    |w_36_reg_5281                     |  12|   0|   12|          0|
    |w_reg_5188                        |  12|   0|   12|          0|
    |xw_189_reg_5941                   |  24|   0|   24|          0|
    |xw_190_reg_5991                   |  24|   0|   24|          0|
    |xw_191_reg_5956                   |  24|   0|   24|          0|
    |xw_192_reg_5911                   |  24|   0|   24|          0|
    |xw_193_reg_5961                   |  24|   0|   24|          0|
    |xw_194_reg_5916                   |  24|   0|   24|          0|
    |xw_195_reg_5966                   |  24|   0|   24|          0|
    |xw_196_reg_5921                   |  24|   0|   24|          0|
    |xw_197_reg_5971                   |  24|   0|   24|          0|
    |xw_198_reg_5926                   |  24|   0|   24|          0|
    |xw_199_reg_5976                   |  24|   0|   24|          0|
    |xw_200_reg_5931                   |  24|   0|   24|          0|
    |xw_201_reg_5981                   |  24|   0|   24|          0|
    |xw_202_reg_5936                   |  24|   0|   24|          0|
    |xw_203_reg_5986                   |  24|   0|   24|          0|
    |xw_reg_5766                       |  24|   0|   24|          0|
    |zext_ln80_reg_5720                |   3|   0|   64|         61|
    |zext_ln81_reg_4908                |   3|   0|   64|         61|
    |icmp_ln83_10_reg_5318             |  64|  32|    1|          0|
    |icmp_ln83_11_reg_5334             |  64|  32|    1|          0|
    |icmp_ln83_12_reg_5350             |  64|  32|    1|          0|
    |icmp_ln83_13_reg_5366             |  64|  32|    1|          0|
    |icmp_ln83_14_reg_5382             |  64|  32|    1|          0|
    |icmp_ln83_8_reg_5286              |  64|  32|    1|          0|
    |icmp_ln83_9_reg_5302              |  64|  32|    1|          0|
    |icmp_ln83_reg_5193                |  64|  32|    1|          0|
    |icmp_ln84_10_reg_5492             |  64|  32|    1|          0|
    |icmp_ln84_11_reg_5496             |  64|  32|    1|          0|
    |icmp_ln84_12_reg_5500             |  64|  32|    1|          0|
    |icmp_ln84_13_reg_5504             |  64|  32|    1|          0|
    |icmp_ln84_14_reg_5508             |  64|  32|    1|          0|
    |icmp_ln84_8_reg_5484              |  64|  32|    1|          0|
    |icmp_ln84_9_reg_5488              |  64|  32|    1|          0|
    |icmp_ln84_reg_5184                |  64|  32|    1|          0|
    |lshr_ln8_reg_4903                 |  64|  32|    4|          1|
    |zext_ln81_reg_4908                |  64|  32|   64|         61|
    +----------------------------------+----+----+-----+-----------+
    |Total                             |1872| 576|  927|        185|
    +----------------------------------+----+----+-----+-----------+



================================================================
== Interface
================================================================
* Summary: 
+----------------+-----+-----+------------+------------------+--------------+
|    RTL Ports   | Dir | Bits|  Protocol  |   Source Object  |    C Type    |
+----------------+-----+-----+------------+------------------+--------------+
|ap_clk          |   in|    1|  ap_ctrl_hs|  fwd_stage2_t<32>|  return value|
|ap_rst          |   in|    1|  ap_ctrl_hs|  fwd_stage2_t<32>|  return value|
|ap_start        |   in|    1|  ap_ctrl_hs|  fwd_stage2_t<32>|  return value|
|ap_done         |  out|    1|  ap_ctrl_hs|  fwd_stage2_t<32>|  return value|
|ap_idle         |  out|    1|  ap_ctrl_hs|  fwd_stage2_t<32>|  return value|
|ap_ready        |  out|    1|  ap_ctrl_hs|  fwd_stage2_t<32>|  return value|
|sA_0_address0   |  out|    4|   ap_memory|              sA_0|         array|
|sA_0_ce0        |  out|    1|   ap_memory|              sA_0|         array|
|sA_0_q0         |   in|   12|   ap_memory|              sA_0|         array|
|sA_0_address1   |  out|    4|   ap_memory|              sA_0|         array|
|sA_0_ce1        |  out|    1|   ap_memory|              sA_0|         array|
|sA_0_q1         |   in|   12|   ap_memory|              sA_0|         array|
|sA_1_address0   |  out|    4|   ap_memory|              sA_1|         array|
|sA_1_ce0        |  out|    1|   ap_memory|              sA_1|         array|
|sA_1_q0         |   in|   12|   ap_memory|              sA_1|         array|
|sA_1_address1   |  out|    4|   ap_memory|              sA_1|         array|
|sA_1_ce1        |  out|    1|   ap_memory|              sA_1|         array|
|sA_1_q1         |   in|   12|   ap_memory|              sA_1|         array|
|sA_2_address0   |  out|    4|   ap_memory|              sA_2|         array|
|sA_2_ce0        |  out|    1|   ap_memory|              sA_2|         array|
|sA_2_q0         |   in|   12|   ap_memory|              sA_2|         array|
|sA_2_address1   |  out|    4|   ap_memory|              sA_2|         array|
|sA_2_ce1        |  out|    1|   ap_memory|              sA_2|         array|
|sA_2_q1         |   in|   12|   ap_memory|              sA_2|         array|
|sA_3_address0   |  out|    4|   ap_memory|              sA_3|         array|
|sA_3_ce0        |  out|    1|   ap_memory|              sA_3|         array|
|sA_3_q0         |   in|   12|   ap_memory|              sA_3|         array|
|sA_3_address1   |  out|    4|   ap_memory|              sA_3|         array|
|sA_3_ce1        |  out|    1|   ap_memory|              sA_3|         array|
|sA_3_q1         |   in|   12|   ap_memory|              sA_3|         array|
|sA_4_address0   |  out|    4|   ap_memory|              sA_4|         array|
|sA_4_ce0        |  out|    1|   ap_memory|              sA_4|         array|
|sA_4_q0         |   in|   12|   ap_memory|              sA_4|         array|
|sA_4_address1   |  out|    4|   ap_memory|              sA_4|         array|
|sA_4_ce1        |  out|    1|   ap_memory|              sA_4|         array|
|sA_4_q1         |   in|   12|   ap_memory|              sA_4|         array|
|sA_5_address0   |  out|    4|   ap_memory|              sA_5|         array|
|sA_5_ce0        |  out|    1|   ap_memory|              sA_5|         array|
|sA_5_q0         |   in|   12|   ap_memory|              sA_5|         array|
|sA_5_address1   |  out|    4|   ap_memory|              sA_5|         array|
|sA_5_ce1        |  out|    1|   ap_memory|              sA_5|         array|
|sA_5_q1         |   in|   12|   ap_memory|              sA_5|         array|
|sA_6_address0   |  out|    4|   ap_memory|              sA_6|         array|
|sA_6_ce0        |  out|    1|   ap_memory|              sA_6|         array|
|sA_6_q0         |   in|   12|   ap_memory|              sA_6|         array|
|sA_6_address1   |  out|    4|   ap_memory|              sA_6|         array|
|sA_6_ce1        |  out|    1|   ap_memory|              sA_6|         array|
|sA_6_q1         |   in|   12|   ap_memory|              sA_6|         array|
|sA_7_address0   |  out|    4|   ap_memory|              sA_7|         array|
|sA_7_ce0        |  out|    1|   ap_memory|              sA_7|         array|
|sA_7_q0         |   in|   12|   ap_memory|              sA_7|         array|
|sA_7_address1   |  out|    4|   ap_memory|              sA_7|         array|
|sA_7_ce1        |  out|    1|   ap_memory|              sA_7|         array|
|sA_7_q1         |   in|   12|   ap_memory|              sA_7|         array|
|sA_8_address0   |  out|    4|   ap_memory|              sA_8|         array|
|sA_8_ce0        |  out|    1|   ap_memory|              sA_8|         array|
|sA_8_q0         |   in|   12|   ap_memory|              sA_8|         array|
|sA_8_address1   |  out|    4|   ap_memory|              sA_8|         array|
|sA_8_ce1        |  out|    1|   ap_memory|              sA_8|         array|
|sA_8_q1         |   in|   12|   ap_memory|              sA_8|         array|
|sA_9_address0   |  out|    4|   ap_memory|              sA_9|         array|
|sA_9_ce0        |  out|    1|   ap_memory|              sA_9|         array|
|sA_9_q0         |   in|   12|   ap_memory|              sA_9|         array|
|sA_9_address1   |  out|    4|   ap_memory|              sA_9|         array|
|sA_9_ce1        |  out|    1|   ap_memory|              sA_9|         array|
|sA_9_q1         |   in|   12|   ap_memory|              sA_9|         array|
|sA_10_address0  |  out|    4|   ap_memory|             sA_10|         array|
|sA_10_ce0       |  out|    1|   ap_memory|             sA_10|         array|
|sA_10_q0        |   in|   12|   ap_memory|             sA_10|         array|
|sA_10_address1  |  out|    4|   ap_memory|             sA_10|         array|
|sA_10_ce1       |  out|    1|   ap_memory|             sA_10|         array|
|sA_10_q1        |   in|   12|   ap_memory|             sA_10|         array|
|sA_11_address0  |  out|    4|   ap_memory|             sA_11|         array|
|sA_11_ce0       |  out|    1|   ap_memory|             sA_11|         array|
|sA_11_q0        |   in|   12|   ap_memory|             sA_11|         array|
|sA_11_address1  |  out|    4|   ap_memory|             sA_11|         array|
|sA_11_ce1       |  out|    1|   ap_memory|             sA_11|         array|
|sA_11_q1        |   in|   12|   ap_memory|             sA_11|         array|
|sA_12_address0  |  out|    4|   ap_memory|             sA_12|         array|
|sA_12_ce0       |  out|    1|   ap_memory|             sA_12|         array|
|sA_12_q0        |   in|   12|   ap_memory|             sA_12|         array|
|sA_12_address1  |  out|    4|   ap_memory|             sA_12|         array|
|sA_12_ce1       |  out|    1|   ap_memory|             sA_12|         array|
|sA_12_q1        |   in|   12|   ap_memory|             sA_12|         array|
|sA_13_address0  |  out|    4|   ap_memory|             sA_13|         array|
|sA_13_ce0       |  out|    1|   ap_memory|             sA_13|         array|
|sA_13_q0        |   in|   12|   ap_memory|             sA_13|         array|
|sA_13_address1  |  out|    4|   ap_memory|             sA_13|         array|
|sA_13_ce1       |  out|    1|   ap_memory|             sA_13|         array|
|sA_13_q1        |   in|   12|   ap_memory|             sA_13|         array|
|sA_14_address0  |  out|    4|   ap_memory|             sA_14|         array|
|sA_14_ce0       |  out|    1|   ap_memory|             sA_14|         array|
|sA_14_q0        |   in|   12|   ap_memory|             sA_14|         array|
|sA_14_address1  |  out|    4|   ap_memory|             sA_14|         array|
|sA_14_ce1       |  out|    1|   ap_memory|             sA_14|         array|
|sA_14_q1        |   in|   12|   ap_memory|             sA_14|         array|
|sA_15_address0  |  out|    4|   ap_memory|             sA_15|         array|
|sA_15_ce0       |  out|    1|   ap_memory|             sA_15|         array|
|sA_15_q0        |   in|   12|   ap_memory|             sA_15|         array|
|sA_15_address1  |  out|    4|   ap_memory|             sA_15|         array|
|sA_15_ce1       |  out|    1|   ap_memory|             sA_15|         array|
|sA_15_q1        |   in|   12|   ap_memory|             sA_15|         array|
|dA_0_address0   |  out|    4|   ap_memory|              dA_0|         array|
|dA_0_ce0        |  out|    1|   ap_memory|              dA_0|         array|
|dA_0_we0        |  out|    1|   ap_memory|              dA_0|         array|
|dA_0_d0         |  out|   12|   ap_memory|              dA_0|         array|
|dA_0_address1   |  out|    4|   ap_memory|              dA_0|         array|
|dA_0_ce1        |  out|    1|   ap_memory|              dA_0|         array|
|dA_0_we1        |  out|    1|   ap_memory|              dA_0|         array|
|dA_0_d1         |  out|   12|   ap_memory|              dA_0|         array|
|dA_1_address0   |  out|    4|   ap_memory|              dA_1|         array|
|dA_1_ce0        |  out|    1|   ap_memory|              dA_1|         array|
|dA_1_we0        |  out|    1|   ap_memory|              dA_1|         array|
|dA_1_d0         |  out|   12|   ap_memory|              dA_1|         array|
|dA_1_address1   |  out|    4|   ap_memory|              dA_1|         array|
|dA_1_ce1        |  out|    1|   ap_memory|              dA_1|         array|
|dA_1_we1        |  out|    1|   ap_memory|              dA_1|         array|
|dA_1_d1         |  out|   12|   ap_memory|              dA_1|         array|
|dA_2_address0   |  out|    4|   ap_memory|              dA_2|         array|
|dA_2_ce0        |  out|    1|   ap_memory|              dA_2|         array|
|dA_2_we0        |  out|    1|   ap_memory|              dA_2|         array|
|dA_2_d0         |  out|   12|   ap_memory|              dA_2|         array|
|dA_2_address1   |  out|    4|   ap_memory|              dA_2|         array|
|dA_2_ce1        |  out|    1|   ap_memory|              dA_2|         array|
|dA_2_we1        |  out|    1|   ap_memory|              dA_2|         array|
|dA_2_d1         |  out|   12|   ap_memory|              dA_2|         array|
|dA_3_address0   |  out|    4|   ap_memory|              dA_3|         array|
|dA_3_ce0        |  out|    1|   ap_memory|              dA_3|         array|
|dA_3_we0        |  out|    1|   ap_memory|              dA_3|         array|
|dA_3_d0         |  out|   12|   ap_memory|              dA_3|         array|
|dA_3_address1   |  out|    4|   ap_memory|              dA_3|         array|
|dA_3_ce1        |  out|    1|   ap_memory|              dA_3|         array|
|dA_3_we1        |  out|    1|   ap_memory|              dA_3|         array|
|dA_3_d1         |  out|   12|   ap_memory|              dA_3|         array|
|dA_4_address0   |  out|    4|   ap_memory|              dA_4|         array|
|dA_4_ce0        |  out|    1|   ap_memory|              dA_4|         array|
|dA_4_we0        |  out|    1|   ap_memory|              dA_4|         array|
|dA_4_d0         |  out|   12|   ap_memory|              dA_4|         array|
|dA_4_address1   |  out|    4|   ap_memory|              dA_4|         array|
|dA_4_ce1        |  out|    1|   ap_memory|              dA_4|         array|
|dA_4_we1        |  out|    1|   ap_memory|              dA_4|         array|
|dA_4_d1         |  out|   12|   ap_memory|              dA_4|         array|
|dA_5_address0   |  out|    4|   ap_memory|              dA_5|         array|
|dA_5_ce0        |  out|    1|   ap_memory|              dA_5|         array|
|dA_5_we0        |  out|    1|   ap_memory|              dA_5|         array|
|dA_5_d0         |  out|   12|   ap_memory|              dA_5|         array|
|dA_5_address1   |  out|    4|   ap_memory|              dA_5|         array|
|dA_5_ce1        |  out|    1|   ap_memory|              dA_5|         array|
|dA_5_we1        |  out|    1|   ap_memory|              dA_5|         array|
|dA_5_d1         |  out|   12|   ap_memory|              dA_5|         array|
|dA_6_address0   |  out|    4|   ap_memory|              dA_6|         array|
|dA_6_ce0        |  out|    1|   ap_memory|              dA_6|         array|
|dA_6_we0        |  out|    1|   ap_memory|              dA_6|         array|
|dA_6_d0         |  out|   12|   ap_memory|              dA_6|         array|
|dA_6_address1   |  out|    4|   ap_memory|              dA_6|         array|
|dA_6_ce1        |  out|    1|   ap_memory|              dA_6|         array|
|dA_6_we1        |  out|    1|   ap_memory|              dA_6|         array|
|dA_6_d1         |  out|   12|   ap_memory|              dA_6|         array|
|dA_7_address0   |  out|    4|   ap_memory|              dA_7|         array|
|dA_7_ce0        |  out|    1|   ap_memory|              dA_7|         array|
|dA_7_we0        |  out|    1|   ap_memory|              dA_7|         array|
|dA_7_d0         |  out|   12|   ap_memory|              dA_7|         array|
|dA_7_address1   |  out|    4|   ap_memory|              dA_7|         array|
|dA_7_ce1        |  out|    1|   ap_memory|              dA_7|         array|
|dA_7_we1        |  out|    1|   ap_memory|              dA_7|         array|
|dA_7_d1         |  out|   12|   ap_memory|              dA_7|         array|
|dA_8_address0   |  out|    4|   ap_memory|              dA_8|         array|
|dA_8_ce0        |  out|    1|   ap_memory|              dA_8|         array|
|dA_8_we0        |  out|    1|   ap_memory|              dA_8|         array|
|dA_8_d0         |  out|   12|   ap_memory|              dA_8|         array|
|dA_8_address1   |  out|    4|   ap_memory|              dA_8|         array|
|dA_8_ce1        |  out|    1|   ap_memory|              dA_8|         array|
|dA_8_we1        |  out|    1|   ap_memory|              dA_8|         array|
|dA_8_d1         |  out|   12|   ap_memory|              dA_8|         array|
|dA_9_address0   |  out|    4|   ap_memory|              dA_9|         array|
|dA_9_ce0        |  out|    1|   ap_memory|              dA_9|         array|
|dA_9_we0        |  out|    1|   ap_memory|              dA_9|         array|
|dA_9_d0         |  out|   12|   ap_memory|              dA_9|         array|
|dA_9_address1   |  out|    4|   ap_memory|              dA_9|         array|
|dA_9_ce1        |  out|    1|   ap_memory|              dA_9|         array|
|dA_9_we1        |  out|    1|   ap_memory|              dA_9|         array|
|dA_9_d1         |  out|   12|   ap_memory|              dA_9|         array|
|dA_10_address0  |  out|    4|   ap_memory|             dA_10|         array|
|dA_10_ce0       |  out|    1|   ap_memory|             dA_10|         array|
|dA_10_we0       |  out|    1|   ap_memory|             dA_10|         array|
|dA_10_d0        |  out|   12|   ap_memory|             dA_10|         array|
|dA_10_address1  |  out|    4|   ap_memory|             dA_10|         array|
|dA_10_ce1       |  out|    1|   ap_memory|             dA_10|         array|
|dA_10_we1       |  out|    1|   ap_memory|             dA_10|         array|
|dA_10_d1        |  out|   12|   ap_memory|             dA_10|         array|
|dA_11_address0  |  out|    4|   ap_memory|             dA_11|         array|
|dA_11_ce0       |  out|    1|   ap_memory|             dA_11|         array|
|dA_11_we0       |  out|    1|   ap_memory|             dA_11|         array|
|dA_11_d0        |  out|   12|   ap_memory|             dA_11|         array|
|dA_11_address1  |  out|    4|   ap_memory|             dA_11|         array|
|dA_11_ce1       |  out|    1|   ap_memory|             dA_11|         array|
|dA_11_we1       |  out|    1|   ap_memory|             dA_11|         array|
|dA_11_d1        |  out|   12|   ap_memory|             dA_11|         array|
|dA_12_address0  |  out|    4|   ap_memory|             dA_12|         array|
|dA_12_ce0       |  out|    1|   ap_memory|             dA_12|         array|
|dA_12_we0       |  out|    1|   ap_memory|             dA_12|         array|
|dA_12_d0        |  out|   12|   ap_memory|             dA_12|         array|
|dA_12_address1  |  out|    4|   ap_memory|             dA_12|         array|
|dA_12_ce1       |  out|    1|   ap_memory|             dA_12|         array|
|dA_12_we1       |  out|    1|   ap_memory|             dA_12|         array|
|dA_12_d1        |  out|   12|   ap_memory|             dA_12|         array|
|dA_13_address0  |  out|    4|   ap_memory|             dA_13|         array|
|dA_13_ce0       |  out|    1|   ap_memory|             dA_13|         array|
|dA_13_we0       |  out|    1|   ap_memory|             dA_13|         array|
|dA_13_d0        |  out|   12|   ap_memory|             dA_13|         array|
|dA_13_address1  |  out|    4|   ap_memory|             dA_13|         array|
|dA_13_ce1       |  out|    1|   ap_memory|             dA_13|         array|
|dA_13_we1       |  out|    1|   ap_memory|             dA_13|         array|
|dA_13_d1        |  out|   12|   ap_memory|             dA_13|         array|
|dA_14_address0  |  out|    4|   ap_memory|             dA_14|         array|
|dA_14_ce0       |  out|    1|   ap_memory|             dA_14|         array|
|dA_14_we0       |  out|    1|   ap_memory|             dA_14|         array|
|dA_14_d0        |  out|   12|   ap_memory|             dA_14|         array|
|dA_14_address1  |  out|    4|   ap_memory|             dA_14|         array|
|dA_14_ce1       |  out|    1|   ap_memory|             dA_14|         array|
|dA_14_we1       |  out|    1|   ap_memory|             dA_14|         array|
|dA_14_d1        |  out|   12|   ap_memory|             dA_14|         array|
|dA_15_address0  |  out|    4|   ap_memory|             dA_15|         array|
|dA_15_ce0       |  out|    1|   ap_memory|             dA_15|         array|
|dA_15_we0       |  out|    1|   ap_memory|             dA_15|         array|
|dA_15_d0        |  out|   12|   ap_memory|             dA_15|         array|
|dA_15_address1  |  out|    4|   ap_memory|             dA_15|         array|
|dA_15_ce1       |  out|    1|   ap_memory|             dA_15|         array|
|dA_15_we1       |  out|    1|   ap_memory|             dA_15|         array|
|dA_15_d1        |  out|   12|   ap_memory|             dA_15|         array|
|sB_0_address0   |  out|    4|   ap_memory|              sB_0|         array|
|sB_0_ce0        |  out|    1|   ap_memory|              sB_0|         array|
|sB_0_q0         |   in|   12|   ap_memory|              sB_0|         array|
|sB_0_address1   |  out|    4|   ap_memory|              sB_0|         array|
|sB_0_ce1        |  out|    1|   ap_memory|              sB_0|         array|
|sB_0_q1         |   in|   12|   ap_memory|              sB_0|         array|
|sB_1_address0   |  out|    4|   ap_memory|              sB_1|         array|
|sB_1_ce0        |  out|    1|   ap_memory|              sB_1|         array|
|sB_1_q0         |   in|   12|   ap_memory|              sB_1|         array|
|sB_1_address1   |  out|    4|   ap_memory|              sB_1|         array|
|sB_1_ce1        |  out|    1|   ap_memory|              sB_1|         array|
|sB_1_q1         |   in|   12|   ap_memory|              sB_1|         array|
|sB_2_address0   |  out|    4|   ap_memory|              sB_2|         array|
|sB_2_ce0        |  out|    1|   ap_memory|              sB_2|         array|
|sB_2_q0         |   in|   12|   ap_memory|              sB_2|         array|
|sB_2_address1   |  out|    4|   ap_memory|              sB_2|         array|
|sB_2_ce1        |  out|    1|   ap_memory|              sB_2|         array|
|sB_2_q1         |   in|   12|   ap_memory|              sB_2|         array|
|sB_3_address0   |  out|    4|   ap_memory|              sB_3|         array|
|sB_3_ce0        |  out|    1|   ap_memory|              sB_3|         array|
|sB_3_q0         |   in|   12|   ap_memory|              sB_3|         array|
|sB_3_address1   |  out|    4|   ap_memory|              sB_3|         array|
|sB_3_ce1        |  out|    1|   ap_memory|              sB_3|         array|
|sB_3_q1         |   in|   12|   ap_memory|              sB_3|         array|
|sB_4_address0   |  out|    4|   ap_memory|              sB_4|         array|
|sB_4_ce0        |  out|    1|   ap_memory|              sB_4|         array|
|sB_4_q0         |   in|   12|   ap_memory|              sB_4|         array|
|sB_4_address1   |  out|    4|   ap_memory|              sB_4|         array|
|sB_4_ce1        |  out|    1|   ap_memory|              sB_4|         array|
|sB_4_q1         |   in|   12|   ap_memory|              sB_4|         array|
|sB_5_address0   |  out|    4|   ap_memory|              sB_5|         array|
|sB_5_ce0        |  out|    1|   ap_memory|              sB_5|         array|
|sB_5_q0         |   in|   12|   ap_memory|              sB_5|         array|
|sB_5_address1   |  out|    4|   ap_memory|              sB_5|         array|
|sB_5_ce1        |  out|    1|   ap_memory|              sB_5|         array|
|sB_5_q1         |   in|   12|   ap_memory|              sB_5|         array|
|sB_6_address0   |  out|    4|   ap_memory|              sB_6|         array|
|sB_6_ce0        |  out|    1|   ap_memory|              sB_6|         array|
|sB_6_q0         |   in|   12|   ap_memory|              sB_6|         array|
|sB_6_address1   |  out|    4|   ap_memory|              sB_6|         array|
|sB_6_ce1        |  out|    1|   ap_memory|              sB_6|         array|
|sB_6_q1         |   in|   12|   ap_memory|              sB_6|         array|
|sB_7_address0   |  out|    4|   ap_memory|              sB_7|         array|
|sB_7_ce0        |  out|    1|   ap_memory|              sB_7|         array|
|sB_7_q0         |   in|   12|   ap_memory|              sB_7|         array|
|sB_7_address1   |  out|    4|   ap_memory|              sB_7|         array|
|sB_7_ce1        |  out|    1|   ap_memory|              sB_7|         array|
|sB_7_q1         |   in|   12|   ap_memory|              sB_7|         array|
|sB_8_address0   |  out|    4|   ap_memory|              sB_8|         array|
|sB_8_ce0        |  out|    1|   ap_memory|              sB_8|         array|
|sB_8_q0         |   in|   12|   ap_memory|              sB_8|         array|
|sB_8_address1   |  out|    4|   ap_memory|              sB_8|         array|
|sB_8_ce1        |  out|    1|   ap_memory|              sB_8|         array|
|sB_8_q1         |   in|   12|   ap_memory|              sB_8|         array|
|sB_9_address0   |  out|    4|   ap_memory|              sB_9|         array|
|sB_9_ce0        |  out|    1|   ap_memory|              sB_9|         array|
|sB_9_q0         |   in|   12|   ap_memory|              sB_9|         array|
|sB_9_address1   |  out|    4|   ap_memory|              sB_9|         array|
|sB_9_ce1        |  out|    1|   ap_memory|              sB_9|         array|
|sB_9_q1         |   in|   12|   ap_memory|              sB_9|         array|
|sB_10_address0  |  out|    4|   ap_memory|             sB_10|         array|
|sB_10_ce0       |  out|    1|   ap_memory|             sB_10|         array|
|sB_10_q0        |   in|   12|   ap_memory|             sB_10|         array|
|sB_10_address1  |  out|    4|   ap_memory|             sB_10|         array|
|sB_10_ce1       |  out|    1|   ap_memory|             sB_10|         array|
|sB_10_q1        |   in|   12|   ap_memory|             sB_10|         array|
|sB_11_address0  |  out|    4|   ap_memory|             sB_11|         array|
|sB_11_ce0       |  out|    1|   ap_memory|             sB_11|         array|
|sB_11_q0        |   in|   12|   ap_memory|             sB_11|         array|
|sB_11_address1  |  out|    4|   ap_memory|             sB_11|         array|
|sB_11_ce1       |  out|    1|   ap_memory|             sB_11|         array|
|sB_11_q1        |   in|   12|   ap_memory|             sB_11|         array|
|sB_12_address0  |  out|    4|   ap_memory|             sB_12|         array|
|sB_12_ce0       |  out|    1|   ap_memory|             sB_12|         array|
|sB_12_q0        |   in|   12|   ap_memory|             sB_12|         array|
|sB_12_address1  |  out|    4|   ap_memory|             sB_12|         array|
|sB_12_ce1       |  out|    1|   ap_memory|             sB_12|         array|
|sB_12_q1        |   in|   12|   ap_memory|             sB_12|         array|
|sB_13_address0  |  out|    4|   ap_memory|             sB_13|         array|
|sB_13_ce0       |  out|    1|   ap_memory|             sB_13|         array|
|sB_13_q0        |   in|   12|   ap_memory|             sB_13|         array|
|sB_13_address1  |  out|    4|   ap_memory|             sB_13|         array|
|sB_13_ce1       |  out|    1|   ap_memory|             sB_13|         array|
|sB_13_q1        |   in|   12|   ap_memory|             sB_13|         array|
|sB_14_address0  |  out|    4|   ap_memory|             sB_14|         array|
|sB_14_ce0       |  out|    1|   ap_memory|             sB_14|         array|
|sB_14_q0        |   in|   12|   ap_memory|             sB_14|         array|
|sB_14_address1  |  out|    4|   ap_memory|             sB_14|         array|
|sB_14_ce1       |  out|    1|   ap_memory|             sB_14|         array|
|sB_14_q1        |   in|   12|   ap_memory|             sB_14|         array|
|sB_15_address0  |  out|    4|   ap_memory|             sB_15|         array|
|sB_15_ce0       |  out|    1|   ap_memory|             sB_15|         array|
|sB_15_q0        |   in|   12|   ap_memory|             sB_15|         array|
|sB_15_address1  |  out|    4|   ap_memory|             sB_15|         array|
|sB_15_ce1       |  out|    1|   ap_memory|             sB_15|         array|
|sB_15_q1        |   in|   12|   ap_memory|             sB_15|         array|
|dB_0_address0   |  out|    4|   ap_memory|              dB_0|         array|
|dB_0_ce0        |  out|    1|   ap_memory|              dB_0|         array|
|dB_0_we0        |  out|    1|   ap_memory|              dB_0|         array|
|dB_0_d0         |  out|   12|   ap_memory|              dB_0|         array|
|dB_0_address1   |  out|    4|   ap_memory|              dB_0|         array|
|dB_0_ce1        |  out|    1|   ap_memory|              dB_0|         array|
|dB_0_we1        |  out|    1|   ap_memory|              dB_0|         array|
|dB_0_d1         |  out|   12|   ap_memory|              dB_0|         array|
|dB_1_address0   |  out|    4|   ap_memory|              dB_1|         array|
|dB_1_ce0        |  out|    1|   ap_memory|              dB_1|         array|
|dB_1_we0        |  out|    1|   ap_memory|              dB_1|         array|
|dB_1_d0         |  out|   12|   ap_memory|              dB_1|         array|
|dB_1_address1   |  out|    4|   ap_memory|              dB_1|         array|
|dB_1_ce1        |  out|    1|   ap_memory|              dB_1|         array|
|dB_1_we1        |  out|    1|   ap_memory|              dB_1|         array|
|dB_1_d1         |  out|   12|   ap_memory|              dB_1|         array|
|dB_2_address0   |  out|    4|   ap_memory|              dB_2|         array|
|dB_2_ce0        |  out|    1|   ap_memory|              dB_2|         array|
|dB_2_we0        |  out|    1|   ap_memory|              dB_2|         array|
|dB_2_d0         |  out|   12|   ap_memory|              dB_2|         array|
|dB_2_address1   |  out|    4|   ap_memory|              dB_2|         array|
|dB_2_ce1        |  out|    1|   ap_memory|              dB_2|         array|
|dB_2_we1        |  out|    1|   ap_memory|              dB_2|         array|
|dB_2_d1         |  out|   12|   ap_memory|              dB_2|         array|
|dB_3_address0   |  out|    4|   ap_memory|              dB_3|         array|
|dB_3_ce0        |  out|    1|   ap_memory|              dB_3|         array|
|dB_3_we0        |  out|    1|   ap_memory|              dB_3|         array|
|dB_3_d0         |  out|   12|   ap_memory|              dB_3|         array|
|dB_3_address1   |  out|    4|   ap_memory|              dB_3|         array|
|dB_3_ce1        |  out|    1|   ap_memory|              dB_3|         array|
|dB_3_we1        |  out|    1|   ap_memory|              dB_3|         array|
|dB_3_d1         |  out|   12|   ap_memory|              dB_3|         array|
|dB_4_address0   |  out|    4|   ap_memory|              dB_4|         array|
|dB_4_ce0        |  out|    1|   ap_memory|              dB_4|         array|
|dB_4_we0        |  out|    1|   ap_memory|              dB_4|         array|
|dB_4_d0         |  out|   12|   ap_memory|              dB_4|         array|
|dB_4_address1   |  out|    4|   ap_memory|              dB_4|         array|
|dB_4_ce1        |  out|    1|   ap_memory|              dB_4|         array|
|dB_4_we1        |  out|    1|   ap_memory|              dB_4|         array|
|dB_4_d1         |  out|   12|   ap_memory|              dB_4|         array|
|dB_5_address0   |  out|    4|   ap_memory|              dB_5|         array|
|dB_5_ce0        |  out|    1|   ap_memory|              dB_5|         array|
|dB_5_we0        |  out|    1|   ap_memory|              dB_5|         array|
|dB_5_d0         |  out|   12|   ap_memory|              dB_5|         array|
|dB_5_address1   |  out|    4|   ap_memory|              dB_5|         array|
|dB_5_ce1        |  out|    1|   ap_memory|              dB_5|         array|
|dB_5_we1        |  out|    1|   ap_memory|              dB_5|         array|
|dB_5_d1         |  out|   12|   ap_memory|              dB_5|         array|
|dB_6_address0   |  out|    4|   ap_memory|              dB_6|         array|
|dB_6_ce0        |  out|    1|   ap_memory|              dB_6|         array|
|dB_6_we0        |  out|    1|   ap_memory|              dB_6|         array|
|dB_6_d0         |  out|   12|   ap_memory|              dB_6|         array|
|dB_6_address1   |  out|    4|   ap_memory|              dB_6|         array|
|dB_6_ce1        |  out|    1|   ap_memory|              dB_6|         array|
|dB_6_we1        |  out|    1|   ap_memory|              dB_6|         array|
|dB_6_d1         |  out|   12|   ap_memory|              dB_6|         array|
|dB_7_address0   |  out|    4|   ap_memory|              dB_7|         array|
|dB_7_ce0        |  out|    1|   ap_memory|              dB_7|         array|
|dB_7_we0        |  out|    1|   ap_memory|              dB_7|         array|
|dB_7_d0         |  out|   12|   ap_memory|              dB_7|         array|
|dB_7_address1   |  out|    4|   ap_memory|              dB_7|         array|
|dB_7_ce1        |  out|    1|   ap_memory|              dB_7|         array|
|dB_7_we1        |  out|    1|   ap_memory|              dB_7|         array|
|dB_7_d1         |  out|   12|   ap_memory|              dB_7|         array|
|dB_8_address0   |  out|    4|   ap_memory|              dB_8|         array|
|dB_8_ce0        |  out|    1|   ap_memory|              dB_8|         array|
|dB_8_we0        |  out|    1|   ap_memory|              dB_8|         array|
|dB_8_d0         |  out|   12|   ap_memory|              dB_8|         array|
|dB_8_address1   |  out|    4|   ap_memory|              dB_8|         array|
|dB_8_ce1        |  out|    1|   ap_memory|              dB_8|         array|
|dB_8_we1        |  out|    1|   ap_memory|              dB_8|         array|
|dB_8_d1         |  out|   12|   ap_memory|              dB_8|         array|
|dB_9_address0   |  out|    4|   ap_memory|              dB_9|         array|
|dB_9_ce0        |  out|    1|   ap_memory|              dB_9|         array|
|dB_9_we0        |  out|    1|   ap_memory|              dB_9|         array|
|dB_9_d0         |  out|   12|   ap_memory|              dB_9|         array|
|dB_9_address1   |  out|    4|   ap_memory|              dB_9|         array|
|dB_9_ce1        |  out|    1|   ap_memory|              dB_9|         array|
|dB_9_we1        |  out|    1|   ap_memory|              dB_9|         array|
|dB_9_d1         |  out|   12|   ap_memory|              dB_9|         array|
|dB_10_address0  |  out|    4|   ap_memory|             dB_10|         array|
|dB_10_ce0       |  out|    1|   ap_memory|             dB_10|         array|
|dB_10_we0       |  out|    1|   ap_memory|             dB_10|         array|
|dB_10_d0        |  out|   12|   ap_memory|             dB_10|         array|
|dB_10_address1  |  out|    4|   ap_memory|             dB_10|         array|
|dB_10_ce1       |  out|    1|   ap_memory|             dB_10|         array|
|dB_10_we1       |  out|    1|   ap_memory|             dB_10|         array|
|dB_10_d1        |  out|   12|   ap_memory|             dB_10|         array|
|dB_11_address0  |  out|    4|   ap_memory|             dB_11|         array|
|dB_11_ce0       |  out|    1|   ap_memory|             dB_11|         array|
|dB_11_we0       |  out|    1|   ap_memory|             dB_11|         array|
|dB_11_d0        |  out|   12|   ap_memory|             dB_11|         array|
|dB_11_address1  |  out|    4|   ap_memory|             dB_11|         array|
|dB_11_ce1       |  out|    1|   ap_memory|             dB_11|         array|
|dB_11_we1       |  out|    1|   ap_memory|             dB_11|         array|
|dB_11_d1        |  out|   12|   ap_memory|             dB_11|         array|
|dB_12_address0  |  out|    4|   ap_memory|             dB_12|         array|
|dB_12_ce0       |  out|    1|   ap_memory|             dB_12|         array|
|dB_12_we0       |  out|    1|   ap_memory|             dB_12|         array|
|dB_12_d0        |  out|   12|   ap_memory|             dB_12|         array|
|dB_12_address1  |  out|    4|   ap_memory|             dB_12|         array|
|dB_12_ce1       |  out|    1|   ap_memory|             dB_12|         array|
|dB_12_we1       |  out|    1|   ap_memory|             dB_12|         array|
|dB_12_d1        |  out|   12|   ap_memory|             dB_12|         array|
|dB_13_address0  |  out|    4|   ap_memory|             dB_13|         array|
|dB_13_ce0       |  out|    1|   ap_memory|             dB_13|         array|
|dB_13_we0       |  out|    1|   ap_memory|             dB_13|         array|
|dB_13_d0        |  out|   12|   ap_memory|             dB_13|         array|
|dB_13_address1  |  out|    4|   ap_memory|             dB_13|         array|
|dB_13_ce1       |  out|    1|   ap_memory|             dB_13|         array|
|dB_13_we1       |  out|    1|   ap_memory|             dB_13|         array|
|dB_13_d1        |  out|   12|   ap_memory|             dB_13|         array|
|dB_14_address0  |  out|    4|   ap_memory|             dB_14|         array|
|dB_14_ce0       |  out|    1|   ap_memory|             dB_14|         array|
|dB_14_we0       |  out|    1|   ap_memory|             dB_14|         array|
|dB_14_d0        |  out|   12|   ap_memory|             dB_14|         array|
|dB_14_address1  |  out|    4|   ap_memory|             dB_14|         array|
|dB_14_ce1       |  out|    1|   ap_memory|             dB_14|         array|
|dB_14_we1       |  out|    1|   ap_memory|             dB_14|         array|
|dB_14_d1        |  out|   12|   ap_memory|             dB_14|         array|
|dB_15_address0  |  out|    4|   ap_memory|             dB_15|         array|
|dB_15_ce0       |  out|    1|   ap_memory|             dB_15|         array|
|dB_15_we0       |  out|    1|   ap_memory|             dB_15|         array|
|dB_15_d0        |  out|   12|   ap_memory|             dB_15|         array|
|dB_15_address1  |  out|    4|   ap_memory|             dB_15|         array|
|dB_15_ce1       |  out|    1|   ap_memory|             dB_15|         array|
|dB_15_we1       |  out|    1|   ap_memory|             dB_15|         array|
|dB_15_d1        |  out|   12|   ap_memory|             dB_15|         array|
+----------------+-----+-----+------------+------------------+--------------+

