

================================================================
== Vitis HLS Report for 'fwd_stage2_t_64_s'
================================================================
* Date:           Thu Jun 11 23:16:46 2026

* Version:        2023.2 (Build 4023990 on Oct 11 2023)
* Project:        ntt_kyber
* Solution:       solution1 (Vivado IP Flow Target)
* Product family: zynquplus
* Target device:  xck26-sfvc784-2LV-c


================================================================
== Performance Estimates
================================================================
+ Timing: 
    * Summary: 
    +--------+----------+----------+------------+
    |  Clock |  Target  | Estimated| Uncertainty|
    +--------+----------+----------+------------+
    |ap_clk  |  10.00 ns|  6.247 ns|     2.70 ns|
    +--------+----------+----------+------------+

+ Latency: 
    * Summary: 
    +---------+---------+----------+----------+-----+-----+---------+
    |  Latency (cycles) |  Latency (absolute) |  Interval | Pipeline|
    |   min   |   max   |    min   |    max   | min | max |   Type  |
    +---------+---------+----------+----------+-----+-----+---------+
    |       22|       22|  0.220 us|  0.220 us|   22|   22|       no|
    +---------+---------+----------+----------+-----+-----+---------+

    + Detail: 
        * Instance: 
        N/A

        * Loop: 
        +-----------+---------+---------+----------+-----------+-----------+------+----------+
        |           |  Latency (cycles) | Iteration|  Initiation Interval  | Trip |          |
        | Loop Name |   min   |   max   |  Latency |  achieved |   target  | Count| Pipelined|
        +-----------+---------+---------+----------+-----------+-----------+------+----------+
        |- FWD_BF2  |       20|       20|         6|          1|          1|    16|       yes|
        +-----------+---------+---------+----------+-----------+-----------+------+----------+



================================================================
== Utilization Estimates
================================================================
* Summary: 
+-----------------+---------+------+--------+--------+-----+
|       Name      | BRAM_18K|  DSP |   FF   |   LUT  | URAM|
+-----------------+---------+------+--------+--------+-----+
|DSP              |        -|    16|       -|       -|    -|
|Expression       |        -|     -|       0|    4854|    -|
|FIFO             |        -|     -|       -|       -|    -|
|Instance         |        -|    32|       0|       0|    -|
|Memory           |        0|     -|     216|      56|    -|
|Multiplexer      |        -|     -|       -|      36|    -|
|Register         |        -|     -|    1872|     576|    -|
+-----------------+---------+------+--------+--------+-----+
|Total            |        0|    48|    2088|    5522|    0|
+-----------------+---------+------+--------+--------+-----+
|Available        |      288|  1248|  234240|  117120|   64|
+-----------------+---------+------+--------+--------+-----+
|Utilization (%)  |        0|     3|      ~0|       4|    0|
+-----------------+---------+------+--------+--------+-----+

+ Detail: 
    * Instance: 
    +---------------------------+----------------------+---------+----+---+----+-----+
    |          Instance         |        Module        | BRAM_18K| DSP| FF| LUT| URAM|
    +---------------------------+----------------------+---------+----+---+----+-----+
    |mul_12ns_12ns_24_3_1_U185  |mul_12ns_12ns_24_3_1  |        0|   1|  0|   0|    0|
    |mul_12ns_12ns_24_3_1_U186  |mul_12ns_12ns_24_3_1  |        0|   1|  0|   0|    0|
    |mul_12ns_12ns_24_3_1_U187  |mul_12ns_12ns_24_3_1  |        0|   1|  0|   0|    0|
    |mul_12ns_12ns_24_3_1_U188  |mul_12ns_12ns_24_3_1  |        0|   1|  0|   0|    0|
    |mul_12ns_12ns_24_3_1_U189  |mul_12ns_12ns_24_3_1  |        0|   1|  0|   0|    0|
    |mul_12ns_12ns_24_3_1_U190  |mul_12ns_12ns_24_3_1  |        0|   1|  0|   0|    0|
    |mul_12ns_12ns_24_3_1_U191  |mul_12ns_12ns_24_3_1  |        0|   1|  0|   0|    0|
    |mul_12ns_12ns_24_3_1_U192  |mul_12ns_12ns_24_3_1  |        0|   1|  0|   0|    0|
    |mul_12ns_12ns_24_3_1_U193  |mul_12ns_12ns_24_3_1  |        0|   1|  0|   0|    0|
    |mul_12ns_12ns_24_3_1_U194  |mul_12ns_12ns_24_3_1  |        0|   1|  0|   0|    0|
    |mul_12ns_12ns_24_3_1_U195  |mul_12ns_12ns_24_3_1  |        0|   1|  0|   0|    0|
    |mul_12ns_12ns_24_3_1_U196  |mul_12ns_12ns_24_3_1  |        0|   1|  0|   0|    0|
    |mul_12ns_12ns_24_3_1_U197  |mul_12ns_12ns_24_3_1  |        0|   1|  0|   0|    0|
    |mul_12ns_12ns_24_3_1_U198  |mul_12ns_12ns_24_3_1  |        0|   1|  0|   0|    0|
    |mul_12ns_12ns_24_3_1_U199  |mul_12ns_12ns_24_3_1  |        0|   1|  0|   0|    0|
    |mul_12ns_12ns_24_3_1_U200  |mul_12ns_12ns_24_3_1  |        0|   1|  0|   0|    0|
    |mul_16ns_12ns_28_3_1_U169  |mul_16ns_12ns_28_3_1  |        0|   1|  0|   0|    0|
    |mul_16ns_12ns_28_3_1_U170  |mul_16ns_12ns_28_3_1  |        0|   1|  0|   0|    0|
    |mul_16ns_12ns_28_3_1_U171  |mul_16ns_12ns_28_3_1  |        0|   1|  0|   0|    0|
    |mul_16ns_12ns_28_3_1_U172  |mul_16ns_12ns_28_3_1  |        0|   1|  0|   0|    0|
    |mul_16ns_12ns_28_3_1_U173  |mul_16ns_12ns_28_3_1  |        0|   1|  0|   0|    0|
    |mul_16ns_12ns_28_3_1_U174  |mul_16ns_12ns_28_3_1  |        0|   1|  0|   0|    0|
    |mul_16ns_12ns_28_3_1_U175  |mul_16ns_12ns_28_3_1  |        0|   1|  0|   0|    0|
    |mul_16ns_12ns_28_3_1_U176  |mul_16ns_12ns_28_3_1  |        0|   1|  0|   0|    0|
    |mul_16ns_12ns_28_3_1_U177  |mul_16ns_12ns_28_3_1  |        0|   1|  0|   0|    0|
    |mul_16ns_12ns_28_3_1_U178  |mul_16ns_12ns_28_3_1  |        0|   1|  0|   0|    0|
    |mul_16ns_12ns_28_3_1_U179  |mul_16ns_12ns_28_3_1  |        0|   1|  0|   0|    0|
    |mul_16ns_12ns_28_3_1_U180  |mul_16ns_12ns_28_3_1  |        0|   1|  0|   0|    0|
    |mul_16ns_12ns_28_3_1_U181  |mul_16ns_12ns_28_3_1  |        0|   1|  0|   0|    0|
    |mul_16ns_12ns_28_3_1_U182  |mul_16ns_12ns_28_3_1  |        0|   1|  0|   0|    0|
    |mul_16ns_12ns_28_3_1_U183  |mul_16ns_12ns_28_3_1  |        0|   1|  0|   0|    0|
    |mul_16ns_12ns_28_3_1_U184  |mul_16ns_12ns_28_3_1  |        0|   1|  0|   0|    0|
    +---------------------------+----------------------+---------+----+---+----+-----+
    |Total                      |                      |        0|  32|  0|   0|    0|
    +---------------------------+----------------------+---------+----+---+----+-----+

    * DSP: 
    +---------------------------------------+----------------------------------+--------------+
    |                Instance               |              Module              |  Expression  |
    +---------------------------------------+----------------------------------+--------------+
    |mac_mulsub_12ns_12ns_24ns_25_3_1_U201  |mac_mulsub_12ns_12ns_24ns_25_3_1  |  i0 - i1 * i2|
    |mac_mulsub_12ns_12ns_24ns_25_3_1_U202  |mac_mulsub_12ns_12ns_24ns_25_3_1  |  i0 - i1 * i2|
    |mac_mulsub_12ns_12ns_24ns_25_3_1_U203  |mac_mulsub_12ns_12ns_24ns_25_3_1  |  i0 - i1 * i2|
    |mac_mulsub_12ns_12ns_24ns_25_3_1_U204  |mac_mulsub_12ns_12ns_24ns_25_3_1  |  i0 - i1 * i2|
    |mac_mulsub_12ns_12ns_24ns_25_3_1_U205  |mac_mulsub_12ns_12ns_24ns_25_3_1  |  i0 - i1 * i2|
    |mac_mulsub_12ns_12ns_24ns_25_3_1_U206  |mac_mulsub_12ns_12ns_24ns_25_3_1  |  i0 - i1 * i2|
    |mac_mulsub_12ns_12ns_24ns_25_3_1_U207  |mac_mulsub_12ns_12ns_24ns_25_3_1  |  i0 - i1 * i2|
    |mac_mulsub_12ns_12ns_24ns_25_3_1_U208  |mac_mulsub_12ns_12ns_24ns_25_3_1  |  i0 - i1 * i2|
    |mac_mulsub_12ns_12ns_24ns_25_3_1_U209  |mac_mulsub_12ns_12ns_24ns_25_3_1  |  i0 - i1 * i2|
    |mac_mulsub_12ns_12ns_24ns_25_3_1_U210  |mac_mulsub_12ns_12ns_24ns_25_3_1  |  i0 - i1 * i2|
    |mac_mulsub_12ns_12ns_24ns_25_3_1_U211  |mac_mulsub_12ns_12ns_24ns_25_3_1  |  i0 - i1 * i2|
    |mac_mulsub_12ns_12ns_24ns_25_3_1_U212  |mac_mulsub_12ns_12ns_24ns_25_3_1  |  i0 - i1 * i2|
    |mac_mulsub_12ns_12ns_24ns_25_3_1_U213  |mac_mulsub_12ns_12ns_24ns_25_3_1  |  i0 - i1 * i2|
    |mac_mulsub_12ns_12ns_24ns_25_3_1_U214  |mac_mulsub_12ns_12ns_24ns_25_3_1  |  i0 - i1 * i2|
    |mac_mulsub_12ns_12ns_24ns_25_3_1_U215  |mac_mulsub_12ns_12ns_24ns_25_3_1  |  i0 - i1 * i2|
    |mac_mulsub_12ns_12ns_24ns_25_3_1_U216  |mac_mulsub_12ns_12ns_24ns_25_3_1  |  i0 - i1 * i2|
    +---------------------------------------+----------------------------------+--------------+

    * Memory: 
    +-------------------+-----------------------------------------------+---------+----+----+-----+------+-----+------+-------------+
    |       Memory      |                     Module                    | BRAM_18K| FF | LUT| URAM| Words| Bits| Banks| W*Bits*Banks|
    +-------------------+-----------------------------------------------+---------+----+----+-----+------+-----+------+-------------+
    |p_ZL5FWD_W_0_1_U   |fwd_stage2_t_64_s_p_ZL5FWD_W_0_1_ROM_AUTO_1R   |        0|  24|   6|    0|    32|   12|     1|          384|
    |p_ZL5FWD_W_1_1_U   |fwd_stage2_t_64_s_p_ZL5FWD_W_0_1_ROM_AUTO_1R   |        0|  24|   6|    0|    32|   12|     1|          384|
    |p_ZL5FWD_W_2_1_U   |fwd_stage2_t_64_s_p_ZL5FWD_W_0_1_ROM_AUTO_1R   |        0|  24|   6|    0|    32|   12|     1|          384|
    |p_ZL5FWD_W_3_1_U   |fwd_stage2_t_64_s_p_ZL5FWD_W_0_1_ROM_AUTO_1R   |        0|  24|   6|    0|    32|   12|     1|          384|
    |p_ZL6FWD_MW_0_1_U  |fwd_stage2_t_64_s_p_ZL6FWD_MW_0_1_ROM_AUTO_1R  |        0|  30|   8|    0|    32|   15|     1|          480|
    |p_ZL6FWD_MW_1_1_U  |fwd_stage2_t_64_s_p_ZL6FWD_MW_0_1_ROM_AUTO_1R  |        0|  30|   8|    0|    32|   15|     1|          480|
    |p_ZL6FWD_MW_2_1_U  |fwd_stage2_t_64_s_p_ZL6FWD_MW_0_1_ROM_AUTO_1R  |        0|  30|   8|    0|    32|   15|     1|          480|
    |p_ZL6FWD_MW_3_1_U  |fwd_stage2_t_64_s_p_ZL6FWD_MW_0_1_ROM_AUTO_1R  |        0|  30|   8|    0|    32|   15|     1|          480|
    +-------------------+-----------------------------------------------+---------+----+----+-----+------+-----+------+-------------+
    |Total              |                                               |        0| 216|  56|    0|   256|  108|     8|         3456|
    +-------------------+-----------------------------------------------+---------+----+----+-----+------+-----+------+-------------+

    * FIFO: 
    N/A

    * Expression: 
    +---------------------------+----------+----+---+----+------------+------------+
    |       Variable Name       | Operation| DSP| FF| LUT| Bitwidth P0| Bitwidth P1|
    +---------------------------+----------+----+---+----+------------+------------+
    |add_ln44_65_fu_3246_p2     |         +|   0|  0|  32|          25|          13|
    |add_ln44_66_fu_3347_p2     |         +|   0|  0|  32|          25|          13|
    |add_ln44_67_fu_3448_p2     |         +|   0|  0|  32|          25|          13|
    |add_ln44_68_fu_3549_p2     |         +|   0|  0|  32|          25|          13|
    |add_ln44_69_fu_3650_p2     |         +|   0|  0|  32|          25|          13|
    |add_ln44_70_fu_3751_p2     |         +|   0|  0|  32|          25|          13|
    |add_ln44_71_fu_3846_p2     |         +|   0|  0|  32|          25|          13|
    |add_ln44_72_fu_3953_p2     |         +|   0|  0|  32|          25|          13|
    |add_ln44_73_fu_4054_p2     |         +|   0|  0|  32|          25|          13|
    |add_ln44_74_fu_4155_p2     |         +|   0|  0|  32|          25|          13|
    |add_ln44_75_fu_4256_p2     |         +|   0|  0|  32|          25|          13|
    |add_ln44_76_fu_4357_p2     |         +|   0|  0|  32|          25|          13|
    |add_ln44_77_fu_4458_p2     |         +|   0|  0|  32|          25|          13|
    |add_ln44_78_fu_4559_p2     |         +|   0|  0|  32|          25|          13|
    |add_ln44_79_fu_4654_p2     |         +|   0|  0|  32|          25|          13|
    |add_ln44_fu_3139_p2        |         +|   0|  0|  32|          25|          13|
    |add_ln48_130_fu_3278_p2    |         +|   0|  0|  19|          12|          10|
    |add_ln48_132_fu_3379_p2    |         +|   0|  0|  19|          12|          10|
    |add_ln48_134_fu_3480_p2    |         +|   0|  0|  19|          12|          10|
    |add_ln48_136_fu_3581_p2    |         +|   0|  0|  19|          12|          10|
    |add_ln48_138_fu_3682_p2    |         +|   0|  0|  19|          12|          10|
    |add_ln48_140_fu_3783_p2    |         +|   0|  0|  19|          12|          10|
    |add_ln48_142_fu_3878_p2    |         +|   0|  0|  19|          12|          10|
    |add_ln48_144_fu_3985_p2    |         +|   0|  0|  19|          12|          10|
    |add_ln48_146_fu_4086_p2    |         +|   0|  0|  19|          12|          10|
    |add_ln48_148_fu_4187_p2    |         +|   0|  0|  19|          12|          10|
    |add_ln48_150_fu_4288_p2    |         +|   0|  0|  19|          12|          10|
    |add_ln48_152_fu_4389_p2    |         +|   0|  0|  19|          12|          10|
    |add_ln48_154_fu_4490_p2    |         +|   0|  0|  19|          12|          10|
    |add_ln48_156_fu_4591_p2    |         +|   0|  0|  19|          12|          10|
    |add_ln48_158_fu_4686_p2    |         +|   0|  0|  19|          12|          10|
    |add_ln48_fu_3171_p2        |         +|   0|  0|  19|          12|          10|
    |add_ln52_65_fu_3232_p2     |         +|   0|  0|  19|          12|          11|
    |add_ln52_66_fu_3333_p2     |         +|   0|  0|  19|          12|          11|
    |add_ln52_67_fu_3434_p2     |         +|   0|  0|  19|          12|          11|
    |add_ln52_68_fu_3535_p2     |         +|   0|  0|  19|          12|          11|
    |add_ln52_69_fu_3636_p2     |         +|   0|  0|  19|          12|          11|
    |add_ln52_70_fu_3737_p2     |         +|   0|  0|  19|          12|          11|
    |add_ln52_71_fu_3906_p2     |         +|   0|  0|  19|          12|          11|
    |add_ln52_72_fu_3939_p2     |         +|   0|  0|  19|          12|          11|
    |add_ln52_73_fu_4040_p2     |         +|   0|  0|  19|          12|          11|
    |add_ln52_74_fu_4141_p2     |         +|   0|  0|  19|          12|          11|
    |add_ln52_75_fu_4242_p2     |         +|   0|  0|  19|          12|          11|
    |add_ln52_76_fu_4343_p2     |         +|   0|  0|  19|          12|          11|
    |add_ln52_77_fu_4444_p2     |         +|   0|  0|  19|          12|          11|
    |add_ln52_78_fu_4545_p2     |         +|   0|  0|  19|          12|          11|
    |add_ln52_79_fu_4714_p2     |         +|   0|  0|  19|          12|          11|
    |add_ln52_fu_3199_p2        |         +|   0|  0|  19|          12|          11|
    |add_ln73_fu_2206_p2        |         +|   0|  0|  15|           8|           4|
    |s_133_fu_3862_p2           |         +|   0|  0|  32|          25|          25|
    |s_134_fu_4670_p2           |         +|   0|  0|  32|          25|          25|
    |s_135_fu_3969_p2           |         +|   0|  0|  32|          25|          25|
    |s_136_fu_3262_p2           |         +|   0|  0|  32|          25|          25|
    |s_137_fu_4070_p2           |         +|   0|  0|  32|          25|          25|
    |s_138_fu_3363_p2           |         +|   0|  0|  32|          25|          25|
    |s_139_fu_4171_p2           |         +|   0|  0|  32|          25|          25|
    |s_140_fu_3464_p2           |         +|   0|  0|  32|          25|          25|
    |s_141_fu_4272_p2           |         +|   0|  0|  32|          25|          25|
    |s_142_fu_3565_p2           |         +|   0|  0|  32|          25|          25|
    |s_143_fu_4373_p2           |         +|   0|  0|  32|          25|          25|
    |s_144_fu_3666_p2           |         +|   0|  0|  32|          25|          25|
    |s_145_fu_4474_p2           |         +|   0|  0|  32|          25|          25|
    |s_146_fu_3767_p2           |         +|   0|  0|  32|          25|          25|
    |s_147_fu_4575_p2           |         +|   0|  0|  32|          25|          25|
    |s_fu_3155_p2               |         +|   0|  0|  32|          25|          25|
    |sub_ln84_10_fu_3516_p2     |         -|   0|  0|  19|          12|          12|
    |sub_ln84_11_fu_3617_p2     |         -|   0|  0|  19|          12|          12|
    |sub_ln84_12_fu_3718_p2     |         -|   0|  0|  19|          12|          12|
    |sub_ln84_13_fu_3819_p2     |         -|   0|  0|  19|          12|          12|
    |sub_ln84_14_fu_3920_p2     |         -|   0|  0|  19|          12|          12|
    |sub_ln84_8_fu_3314_p2      |         -|   0|  0|  19|          12|          12|
    |sub_ln84_9_fu_3415_p2      |         -|   0|  0|  19|          12|          12|
    |sub_ln84_fu_3213_p2        |         -|   0|  0|  19|          12|          12|
    |sub_ln86_10_fu_4324_p2     |         -|   0|  0|  19|          12|          12|
    |sub_ln86_11_fu_4425_p2     |         -|   0|  0|  19|          12|          12|
    |sub_ln86_12_fu_4526_p2     |         -|   0|  0|  19|          12|          12|
    |sub_ln86_13_fu_4627_p2     |         -|   0|  0|  19|          12|          12|
    |sub_ln86_14_fu_4728_p2     |         -|   0|  0|  19|          12|          12|
    |sub_ln86_8_fu_4122_p2      |         -|   0|  0|  19|          12|          12|
    |sub_ln86_9_fu_4223_p2      |         -|   0|  0|  19|          12|          12|
    |sub_ln86_fu_4021_p2        |         -|   0|  0|  19|          12|          12|
    |icmp_ln44_65_fu_3241_p2    |      icmp|   0|  0|  32|          25|          12|
    |icmp_ln44_66_fu_3342_p2    |      icmp|   0|  0|  32|          25|          12|
    |icmp_ln44_67_fu_3443_p2    |      icmp|   0|  0|  32|          25|          12|
    |icmp_ln44_68_fu_3544_p2    |      icmp|   0|  0|  32|          25|          12|
    |icmp_ln44_69_fu_3645_p2    |      icmp|   0|  0|  32|          25|          12|
    |icmp_ln44_70_fu_3746_p2    |      icmp|   0|  0|  32|          25|          12|
    |icmp_ln44_71_fu_3841_p2    |      icmp|   0|  0|  32|          25|          12|
    |icmp_ln44_72_fu_3948_p2    |      icmp|   0|  0|  32|          25|          12|
    |icmp_ln44_73_fu_4049_p2    |      icmp|   0|  0|  32|          25|          12|
    |icmp_ln44_74_fu_4150_p2    |      icmp|   0|  0|  32|          25|          12|
    |icmp_ln44_75_fu_4251_p2    |      icmp|   0|  0|  32|          25|          12|
    |icmp_ln44_76_fu_4352_p2    |      icmp|   0|  0|  32|          25|          12|
    |icmp_ln44_77_fu_4453_p2    |      icmp|   0|  0|  32|          25|          12|
    |icmp_ln44_78_fu_4554_p2    |      icmp|   0|  0|  32|          25|          12|
    |icmp_ln44_79_fu_4649_p2    |      icmp|   0|  0|  32|          25|          12|
    |icmp_ln44_fu_3134_p2       |      icmp|   0|  0|  32|          25|          12|
    |icmp_ln48_65_fu_3268_p2    |      icmp|   0|  0|  32|          25|          12|
    |icmp_ln48_66_fu_3369_p2    |      icmp|   0|  0|  32|          25|          12|
    |icmp_ln48_67_fu_3470_p2    |      icmp|   0|  0|  32|          25|          12|
    |icmp_ln48_68_fu_3571_p2    |      icmp|   0|  0|  32|          25|          12|
    |icmp_ln48_69_fu_3672_p2    |      icmp|   0|  0|  32|          25|          12|
    |icmp_ln48_70_fu_3773_p2    |      icmp|   0|  0|  32|          25|          12|
    |icmp_ln48_71_fu_3868_p2    |      icmp|   0|  0|  32|          25|          12|
    |icmp_ln48_72_fu_3975_p2    |      icmp|   0|  0|  32|          25|          12|
    |icmp_ln48_73_fu_4076_p2    |      icmp|   0|  0|  32|          25|          12|
    |icmp_ln48_74_fu_4177_p2    |      icmp|   0|  0|  32|          25|          12|
    |icmp_ln48_75_fu_4278_p2    |      icmp|   0|  0|  32|          25|          12|
    |icmp_ln48_76_fu_4379_p2    |      icmp|   0|  0|  32|          25|          12|
    |icmp_ln48_77_fu_4480_p2    |      icmp|   0|  0|  32|          25|          12|
    |icmp_ln48_78_fu_4581_p2    |      icmp|   0|  0|  32|          25|          12|
    |icmp_ln48_79_fu_4676_p2    |      icmp|   0|  0|  32|          25|          12|
    |icmp_ln48_fu_3161_p2       |      icmp|   0|  0|  32|          25|          12|
    |icmp_ln52_65_fu_3294_p2    |      icmp|   0|  0|  32|          25|          25|
    |icmp_ln52_66_fu_3395_p2    |      icmp|   0|  0|  32|          25|          25|
    |icmp_ln52_67_fu_3496_p2    |      icmp|   0|  0|  32|          25|          25|
    |icmp_ln52_68_fu_3597_p2    |      icmp|   0|  0|  32|          25|          25|
    |icmp_ln52_69_fu_3698_p2    |      icmp|   0|  0|  32|          25|          25|
    |icmp_ln52_70_fu_3799_p2    |      icmp|   0|  0|  32|          25|          25|
    |icmp_ln52_71_fu_3894_p2    |      icmp|   0|  0|  32|          25|          25|
    |icmp_ln52_72_fu_4001_p2    |      icmp|   0|  0|  32|          25|          25|
    |icmp_ln52_73_fu_4102_p2    |      icmp|   0|  0|  32|          25|          25|
    |icmp_ln52_74_fu_4203_p2    |      icmp|   0|  0|  32|          25|          25|
    |icmp_ln52_75_fu_4304_p2    |      icmp|   0|  0|  32|          25|          25|
    |icmp_ln52_76_fu_4405_p2    |      icmp|   0|  0|  32|          25|          25|
    |icmp_ln52_77_fu_4506_p2    |      icmp|   0|  0|  32|          25|          25|
    |icmp_ln52_78_fu_4607_p2    |      icmp|   0|  0|  32|          25|          25|
    |icmp_ln52_79_fu_4702_p2    |      icmp|   0|  0|  32|          25|          25|
    |icmp_ln52_fu_3187_p2       |      icmp|   0|  0|  32|          25|          25|
    |icmp_ln83_1_fu_2331_p2     |      icmp|   0|  0|  12|           4|           4|
    |icmp_ln83_2_fu_2355_p2     |      icmp|   0|  0|  12|           4|           4|
    |icmp_ln83_3_fu_2379_p2     |      icmp|   0|  0|  12|           4|           4|
    |icmp_ln83_4_fu_2403_p2     |      icmp|   0|  0|  12|           4|           4|
    |icmp_ln83_5_fu_2427_p2     |      icmp|   0|  0|  12|           4|           3|
    |icmp_ln83_6_fu_2451_p2     |      icmp|   0|  0|  12|           4|           3|
    |icmp_ln83_7_fu_2475_p2     |      icmp|   0|  0|  12|           4|           2|
    |icmp_ln83_fu_2217_p2       |      icmp|   0|  0|  12|           4|           1|
    |icmp_ln84_1_fu_2651_p2     |      icmp|   0|  0|  12|           4|           1|
    |icmp_ln84_2_fu_2657_p2     |      icmp|   0|  0|  12|           4|           2|
    |icmp_ln84_3_fu_2663_p2     |      icmp|   0|  0|  12|           4|           2|
    |icmp_ln84_4_fu_2669_p2     |      icmp|   0|  0|  12|           4|           3|
    |icmp_ln84_5_fu_2675_p2     |      icmp|   0|  0|  12|           4|           3|
    |icmp_ln84_6_fu_2681_p2     |      icmp|   0|  0|  12|           4|           3|
    |icmp_ln84_7_fu_2687_p2     |      icmp|   0|  0|  12|           4|           3|
    |icmp_ln84_fu_2200_p2       |      icmp|   0|  0|  12|           4|           1|
    |or_ln78_fu_2182_p2         |        or|   0|  0|   5|           5|           1|
    |or_ln80_1_fu_2261_p2       |        or|   0|  0|   4|           4|           2|
    |or_ln80_2_fu_2274_p2       |        or|   0|  0|   4|           4|           2|
    |or_ln80_3_fu_2287_p2       |        or|   0|  0|   4|           4|           3|
    |or_ln80_4_fu_2300_p2       |        or|   0|  0|   4|           4|           3|
    |or_ln80_5_fu_2313_p2       |        or|   0|  0|   4|           4|           3|
    |or_ln80_6_fu_2326_p2       |        or|   0|  0|   4|           4|           3|
    |or_ln80_fu_2248_p2         |        or|   0|  0|   4|           4|           1|
    |or_ln81_fu_2140_p2         |        or|   0|  0|   4|           4|           3|
    |select_ln48_65_fu_3284_p3  |    select|   0|  0|  11|           1|          12|
    |select_ln48_66_fu_3385_p3  |    select|   0|  0|  11|           1|          12|
    |select_ln48_67_fu_3486_p3  |    select|   0|  0|  11|           1|          12|
    |select_ln48_68_fu_3587_p3  |    select|   0|  0|  11|           1|          12|
    |select_ln48_69_fu_3688_p3  |    select|   0|  0|  11|           1|          12|
    |select_ln48_70_fu_3789_p3  |    select|   0|  0|  11|           1|          12|
    |select_ln48_71_fu_3884_p3  |    select|   0|  0|  11|           1|          12|
    |select_ln48_72_fu_3991_p3  |    select|   0|  0|  11|           1|          12|
    |select_ln48_73_fu_4092_p3  |    select|   0|  0|  11|           1|          12|
    |select_ln48_74_fu_4193_p3  |    select|   0|  0|  11|           1|          12|
    |select_ln48_75_fu_4294_p3  |    select|   0|  0|  11|           1|          12|
    |select_ln48_76_fu_4395_p3  |    select|   0|  0|  11|           1|          12|
    |select_ln48_77_fu_4496_p3  |    select|   0|  0|  11|           1|          12|
    |select_ln48_78_fu_4597_p3  |    select|   0|  0|  11|           1|          12|
    |select_ln48_79_fu_4692_p3  |    select|   0|  0|  11|           1|          12|
    |select_ln48_fu_3177_p3     |    select|   0|  0|  11|           1|          12|
    |select_ln52_65_fu_3306_p3  |    select|   0|  0|  11|           1|          12|
    |select_ln52_66_fu_3407_p3  |    select|   0|  0|  11|           1|          12|
    |select_ln52_67_fu_3508_p3  |    select|   0|  0|  11|           1|          12|
    |select_ln52_68_fu_3609_p3  |    select|   0|  0|  11|           1|          12|
    |select_ln52_69_fu_3710_p3  |    select|   0|  0|  11|           1|          12|
    |select_ln52_70_fu_3811_p3  |    select|   0|  0|  11|           1|          12|
    |select_ln52_71_fu_3912_p3  |    select|   0|  0|  11|           1|          12|
    |select_ln52_72_fu_4013_p3  |    select|   0|  0|  11|           1|          12|
    |select_ln52_73_fu_4114_p3  |    select|   0|  0|  11|           1|          12|
    |select_ln52_74_fu_4215_p3  |    select|   0|  0|  11|           1|          12|
    |select_ln52_75_fu_4316_p3  |    select|   0|  0|  11|           1|          12|
    |select_ln52_76_fu_4417_p3  |    select|   0|  0|  11|           1|          12|
    |select_ln52_77_fu_4518_p3  |    select|   0|  0|  11|           1|          12|
    |select_ln52_78_fu_4619_p3  |    select|   0|  0|  11|           1|          12|
    |select_ln52_79_fu_4720_p3  |    select|   0|  0|  11|           1|          12|
    |select_ln52_fu_3205_p3     |    select|   0|  0|  11|           1|          12|
    |select_ln83_10_fu_2433_p3  |    select|   0|  0|  11|           1|          12|
    |select_ln83_12_fu_2457_p3  |    select|   0|  0|  11|           1|          12|
    |select_ln83_14_fu_2481_p3  |    select|   0|  0|  11|           1|          12|
    |select_ln83_2_fu_2337_p3   |    select|   0|  0|  11|           1|          12|
    |select_ln83_4_fu_2361_p3   |    select|   0|  0|  11|           1|          12|
    |select_ln83_6_fu_2385_p3   |    select|   0|  0|  11|           1|          12|
    |select_ln83_8_fu_2409_p3   |    select|   0|  0|  11|           1|          12|
    |select_ln83_fu_2222_p3     |    select|   0|  0|  11|           1|          12|
    |select_ln85_11_fu_2597_p3  |    select|   0|  0|  11|           1|          12|
    |select_ln85_13_fu_2615_p3  |    select|   0|  0|  11|           1|          12|
    |select_ln85_15_fu_2633_p3  |    select|   0|  0|  11|           1|          12|
    |select_ln85_1_fu_2507_p3   |    select|   0|  0|  11|           1|          12|
    |select_ln85_3_fu_2525_p3   |    select|   0|  0|  11|           1|          12|
    |select_ln85_5_fu_2543_p3   |    select|   0|  0|  11|           1|          12|
    |select_ln85_7_fu_2561_p3   |    select|   0|  0|  11|           1|          12|
    |select_ln85_9_fu_2579_p3   |    select|   0|  0|  11|           1|          12|
    |tA_21_fu_3851_p3           |    select|   0|  0|  25|           1|          25|
    |tA_22_fu_3251_p3           |    select|   0|  0|  25|           1|          25|
    |tA_23_fu_3352_p3           |    select|   0|  0|  25|           1|          25|
    |tA_24_fu_3453_p3           |    select|   0|  0|  25|           1|          25|
    |tA_25_fu_3554_p3           |    select|   0|  0|  25|           1|          25|
    |tA_26_fu_3655_p3           |    select|   0|  0|  25|           1|          25|
    |tA_27_fu_3756_p3           |    select|   0|  0|  25|           1|          25|
    |tA_fu_3144_p3              |    select|   0|  0|  25|           1|          25|
    |tB_21_fu_3958_p3           |    select|   0|  0|  25|           1|          25|
    |tB_22_fu_4059_p3           |    select|   0|  0|  25|           1|          25|
    |tB_23_fu_4160_p3           |    select|   0|  0|  25|           1|          25|
    |tB_24_fu_4261_p3           |    select|   0|  0|  25|           1|          25|
    |tB_25_fu_4362_p3           |    select|   0|  0|  25|           1|          25|
    |tB_26_fu_4463_p3           |    select|   0|  0|  25|           1|          25|
    |tB_27_fu_4564_p3           |    select|   0|  0|  25|           1|          25|
    |tB_fu_4659_p3              |    select|   0|  0|  25|           1|          25|
    |uA_22_fu_3221_p3           |    select|   0|  0|  11|           1|          12|
    |uA_23_fu_3322_p3           |    select|   0|  0|  11|           1|          12|
    |uA_24_fu_3423_p3           |    select|   0|  0|  11|           1|          12|
    |uA_25_fu_3524_p3           |    select|   0|  0|  11|           1|          12|
    |uA_26_fu_3625_p3           |    select|   0|  0|  11|           1|          12|
    |uA_27_fu_3726_p3           |    select|   0|  0|  11|           1|          12|
    |uA_28_fu_3827_p3           |    select|   0|  0|  11|           1|          12|
    |uA_fu_3120_p3              |    select|   0|  0|  11|           1|          12|
    |uB_22_fu_4029_p3           |    select|   0|  0|  11|           1|          12|
    |uB_23_fu_4130_p3           |    select|   0|  0|  11|           1|          12|
    |uB_24_fu_4231_p3           |    select|   0|  0|  11|           1|          12|
    |uB_25_fu_4332_p3           |    select|   0|  0|  11|           1|          12|
    |uB_26_fu_4433_p3           |    select|   0|  0|  11|           1|          12|
    |uB_27_fu_4534_p3           |    select|   0|  0|  11|           1|          12|
    |uB_28_fu_4635_p3           |    select|   0|  0|  11|           1|          12|
    |uB_fu_3928_p3              |    select|   0|  0|  11|           1|          12|
    |ap_enable_pp0              |       xor|   0|  0|   2|           1|           2|
    |xor_ln52_65_fu_3300_p2     |       xor|   0|  0|   2|           1|           2|
    |xor_ln52_66_fu_3401_p2     |       xor|   0|  0|   2|           1|           2|
    |xor_ln52_67_fu_3502_p2     |       xor|   0|  0|   2|           1|           2|
    |xor_ln52_68_fu_3603_p2     |       xor|   0|  0|   2|           1|           2|
    |xor_ln52_69_fu_3704_p2     |       xor|   0|  0|   2|           1|           2|
    |xor_ln52_70_fu_3805_p2     |       xor|   0|  0|   2|           1|           2|
    |xor_ln52_71_fu_3900_p2     |       xor|   0|  0|   2|           1|           2|
    |xor_ln52_72_fu_4007_p2     |       xor|   0|  0|   2|           1|           2|
    |xor_ln52_73_fu_4108_p2     |       xor|   0|  0|   2|           1|           2|
    |xor_ln52_74_fu_4209_p2     |       xor|   0|  0|   2|           1|           2|
    |xor_ln52_75_fu_4310_p2     |       xor|   0|  0|   2|           1|           2|
    |xor_ln52_76_fu_4411_p2     |       xor|   0|  0|   2|           1|           2|
    |xor_ln52_77_fu_4512_p2     |       xor|   0|  0|   2|           1|           2|
    |xor_ln52_78_fu_4613_p2     |       xor|   0|  0|   2|           1|           2|
    |xor_ln52_79_fu_4708_p2     |       xor|   0|  0|   2|           1|           2|
    |xor_ln52_fu_3193_p2        |       xor|   0|  0|   2|           1|           2|
    +---------------------------+----------+----+---+----+------------+------------+
    |Total                      |          |   0|  0|4854|        2782|        3190|
    +---------------------------+----------+----+---+----+------------+------------+

    * Multiplexer: 
    +-------------------------+----+-----------+-----+-----------+
    |           Name          | LUT| Input Size| Bits| Total Bits|
    +-------------------------+----+-----------+-----+-----------+
    |ap_done_int              |   9|          2|    1|          2|
    |ap_enable_reg_pp0_iter1  |   9|          2|    1|          2|
    |ap_sig_allocacmp_m       |   9|          2|    8|         16|
    |idx_fu_266               |   9|          2|    8|         16|
    +-------------------------+----+-----------+-----+-----------+
    |Total                    |  36|          8|   18|         36|
    +-------------------------+----+-----------+-----+-----------+

    * Register: 
    +----------------------------------+----+----+-----+-----------+
    |               Name               | FF | LUT| Bits| Const Bits|
    +----------------------------------+----+----+-----+-----------+
    |ap_CS_fsm                         |   1|   0|    1|          0|
    |ap_done_reg                       |   1|   0|    1|          0|
    |ap_enable_reg_pp0_iter1           |   1|   0|    1|          0|
    |ap_enable_reg_pp0_iter2           |   1|   0|    1|          0|
    |ap_enable_reg_pp0_iter3           |   1|   0|    1|          0|
    |ap_enable_reg_pp0_iter4           |   1|   0|    1|          0|
    |ap_enable_reg_pp0_iter5           |   1|   0|    1|          0|
    |ap_loop_exit_ready_pp0_iter1_reg  |   1|   0|    1|          0|
    |ap_loop_exit_ready_pp0_iter2_reg  |   1|   0|    1|          0|
    |ap_loop_exit_ready_pp0_iter3_reg  |   1|   0|    1|          0|
    |ap_loop_exit_ready_pp0_iter4_reg  |   1|   0|    1|          0|
    |icmp_ln83_1_reg_5318              |   1|   0|    1|          0|
    |icmp_ln83_2_reg_5334              |   1|   0|    1|          0|
    |icmp_ln83_3_reg_5350              |   1|   0|    1|          0|
    |icmp_ln83_4_reg_5366              |   1|   0|    1|          0|
    |icmp_ln83_5_reg_5382              |   1|   0|    1|          0|
    |icmp_ln83_6_reg_5398              |   1|   0|    1|          0|
    |icmp_ln83_7_reg_5414              |   1|   0|    1|          0|
    |icmp_ln83_reg_5225                |   1|   0|    1|          0|
    |icmp_ln84_1_reg_5516              |   1|   0|    1|          0|
    |icmp_ln84_2_reg_5520              |   1|   0|    1|          0|
    |icmp_ln84_3_reg_5524              |   1|   0|    1|          0|
    |icmp_ln84_4_reg_5528              |   1|   0|    1|          0|
    |icmp_ln84_5_reg_5532              |   1|   0|    1|          0|
    |icmp_ln84_6_reg_5536              |   1|   0|    1|          0|
    |icmp_ln84_7_reg_5540              |   1|   0|    1|          0|
    |icmp_ln84_reg_5216                |   1|   0|    1|          0|
    |idx_fu_266                        |   8|   0|    8|          0|
    |lshr_ln6_reg_4935                 |   3|   0|    4|          1|
    |select_ln83_10_reg_5388           |  12|   0|   12|          0|
    |select_ln83_12_reg_5404           |  12|   0|   12|          0|
    |select_ln83_14_reg_5420           |  12|   0|   12|          0|
    |select_ln83_2_reg_5324            |  12|   0|   12|          0|
    |select_ln83_4_reg_5340            |  12|   0|   12|          0|
    |select_ln83_6_reg_5356            |  12|   0|   12|          0|
    |select_ln83_8_reg_5372            |  12|   0|   12|          0|
    |select_ln83_reg_5231              |  12|   0|   12|          0|
    |select_ln85_11_reg_5486           |  12|   0|   12|          0|
    |select_ln85_13_reg_5496           |  12|   0|   12|          0|
    |select_ln85_15_reg_5506           |  12|   0|   12|          0|
    |select_ln85_1_reg_5436            |  12|   0|   12|          0|
    |select_ln85_3_reg_5446            |  12|   0|   12|          0|
    |select_ln85_5_reg_5456            |  12|   0|   12|          0|
    |select_ln85_7_reg_5466            |  12|   0|   12|          0|
    |select_ln85_9_reg_5476            |  12|   0|   12|          0|
    |trunc_ln73_reg_4923               |   4|   0|    4|          0|
    |w_16_reg_5247                     |  12|   0|   12|          0|
    |w_17_reg_5258                     |  12|   0|   12|          0|
    |w_18_reg_5269                     |  12|   0|   12|          0|
    |w_19_reg_5280                     |  12|   0|   12|          0|
    |w_20_reg_5291                     |  12|   0|   12|          0|
    |w_21_reg_5302                     |  12|   0|   12|          0|
    |w_22_reg_5313                     |  12|   0|   12|          0|
    |w_reg_5220                        |  12|   0|   12|          0|
    |xw_133_reg_5973                   |  24|   0|   24|          0|
    |xw_134_reg_6023                   |  24|   0|   24|          0|
    |xw_135_reg_5988                   |  24|   0|   24|          0|
    |xw_136_reg_5943                   |  24|   0|   24|          0|
    |xw_137_reg_5993                   |  24|   0|   24|          0|
    |xw_138_reg_5948                   |  24|   0|   24|          0|
    |xw_139_reg_5998                   |  24|   0|   24|          0|
    |xw_140_reg_5953                   |  24|   0|   24|          0|
    |xw_141_reg_6003                   |  24|   0|   24|          0|
    |xw_142_reg_5958                   |  24|   0|   24|          0|
    |xw_143_reg_6008                   |  24|   0|   24|          0|
    |xw_144_reg_5963                   |  24|   0|   24|          0|
    |xw_145_reg_6013                   |  24|   0|   24|          0|
    |xw_146_reg_5968                   |  24|   0|   24|          0|
    |xw_147_reg_6018                   |  24|   0|   24|          0|
    |xw_reg_5798                       |  24|   0|   24|          0|
    |zext_ln80_reg_5752                |   3|   0|   64|         61|
    |zext_ln81_reg_4940                |   3|   0|   64|         61|
    |icmp_ln83_1_reg_5318              |  64|  32|    1|          0|
    |icmp_ln83_2_reg_5334              |  64|  32|    1|          0|
    |icmp_ln83_3_reg_5350              |  64|  32|    1|          0|
    |icmp_ln83_4_reg_5366              |  64|  32|    1|          0|
    |icmp_ln83_5_reg_5382              |  64|  32|    1|          0|
    |icmp_ln83_6_reg_5398              |  64|  32|    1|          0|
    |icmp_ln83_7_reg_5414              |  64|  32|    1|          0|
    |icmp_ln83_reg_5225                |  64|  32|    1|          0|
    |icmp_ln84_1_reg_5516              |  64|  32|    1|          0|
    |icmp_ln84_2_reg_5520              |  64|  32|    1|          0|
    |icmp_ln84_3_reg_5524              |  64|  32|    1|          0|
    |icmp_ln84_4_reg_5528              |  64|  32|    1|          0|
    |icmp_ln84_5_reg_5532              |  64|  32|    1|          0|
    |icmp_ln84_6_reg_5536              |  64|  32|    1|          0|
    |icmp_ln84_7_reg_5540              |  64|  32|    1|          0|
    |icmp_ln84_reg_5216                |  64|  32|    1|          0|
    |lshr_ln6_reg_4935                 |  64|  32|    4|          1|
    |zext_ln81_reg_4940                |  64|  32|   64|         61|
    +----------------------------------+----+----+-----+-----------+
    |Total                             |1872| 576|  927|        185|
    +----------------------------------+----+----+-----+-----------+



================================================================
== Interface
================================================================
* Summary: 
+----------------+-----+-----+------------+------------------+--------------+
|    RTL Ports   | Dir | Bits|  Protocol  |   Source Object  |    C Type    |
+----------------+-----+-----+------------+------------------+--------------+
|ap_clk          |   in|    1|  ap_ctrl_hs|  fwd_stage2_t<64>|  return value|
|ap_rst          |   in|    1|  ap_ctrl_hs|  fwd_stage2_t<64>|  return value|
|ap_start        |   in|    1|  ap_ctrl_hs|  fwd_stage2_t<64>|  return value|
|ap_done         |  out|    1|  ap_ctrl_hs|  fwd_stage2_t<64>|  return value|
|ap_idle         |  out|    1|  ap_ctrl_hs|  fwd_stage2_t<64>|  return value|
|ap_ready        |  out|    1|  ap_ctrl_hs|  fwd_stage2_t<64>|  return value|
|sA_0_address0   |  out|    4|   ap_memory|              sA_0|         array|
|sA_0_ce0        |  out|    1|   ap_memory|              sA_0|         array|
|sA_0_q0         |   in|   12|   ap_memory|              sA_0|         array|
|sA_0_address1   |  out|    4|   ap_memory|              sA_0|         array|
|sA_0_ce1        |  out|    1|   ap_memory|              sA_0|         array|
|sA_0_q1         |   in|   12|   ap_memory|              sA_0|         array|
|sA_1_address0   |  out|    4|   ap_memory|              sA_1|         array|
|sA_1_ce0        |  out|    1|   ap_memory|              sA_1|         array|
|sA_1_q0         |   in|   12|   ap_memory|              sA_1|         array|
|sA_1_address1   |  out|    4|   ap_memory|              sA_1|         array|
|sA_1_ce1        |  out|    1|   ap_memory|              sA_1|         array|
|sA_1_q1         |   in|   12|   ap_memory|              sA_1|         array|
|sA_2_address0   |  out|    4|   ap_memory|              sA_2|         array|
|sA_2_ce0        |  out|    1|   ap_memory|              sA_2|         array|
|sA_2_q0         |   in|   12|   ap_memory|              sA_2|         array|
|sA_2_address1   |  out|    4|   ap_memory|              sA_2|         array|
|sA_2_ce1        |  out|    1|   ap_memory|              sA_2|         array|
|sA_2_q1         |   in|   12|   ap_memory|              sA_2|         array|
|sA_3_address0   |  out|    4|   ap_memory|              sA_3|         array|
|sA_3_ce0        |  out|    1|   ap_memory|              sA_3|         array|
|sA_3_q0         |   in|   12|   ap_memory|              sA_3|         array|
|sA_3_address1   |  out|    4|   ap_memory|              sA_3|         array|
|sA_3_ce1        |  out|    1|   ap_memory|              sA_3|         array|
|sA_3_q1         |   in|   12|   ap_memory|              sA_3|         array|
|sA_4_address0   |  out|    4|   ap_memory|              sA_4|         array|
|sA_4_ce0        |  out|    1|   ap_memory|              sA_4|         array|
|sA_4_q0         |   in|   12|   ap_memory|              sA_4|         array|
|sA_4_address1   |  out|    4|   ap_memory|              sA_4|         array|
|sA_4_ce1        |  out|    1|   ap_memory|              sA_4|         array|
|sA_4_q1         |   in|   12|   ap_memory|              sA_4|         array|
|sA_5_address0   |  out|    4|   ap_memory|              sA_5|         array|
|sA_5_ce0        |  out|    1|   ap_memory|              sA_5|         array|
|sA_5_q0         |   in|   12|   ap_memory|              sA_5|         array|
|sA_5_address1   |  out|    4|   ap_memory|              sA_5|         array|
|sA_5_ce1        |  out|    1|   ap_memory|              sA_5|         array|
|sA_5_q1         |   in|   12|   ap_memory|              sA_5|         array|
|sA_6_address0   |  out|    4|   ap_memory|              sA_6|         array|
|sA_6_ce0        |  out|    1|   ap_memory|              sA_6|         array|
|sA_6_q0         |   in|   12|   ap_memory|              sA_6|         array|
|sA_6_address1   |  out|    4|   ap_memory|              sA_6|         array|
|sA_6_ce1        |  out|    1|   ap_memory|              sA_6|         array|
|sA_6_q1         |   in|   12|   ap_memory|              sA_6|         array|
|sA_7_address0   |  out|    4|   ap_memory|              sA_7|         array|
|sA_7_ce0        |  out|    1|   ap_memory|              sA_7|         array|
|sA_7_q0         |   in|   12|   ap_memory|              sA_7|         array|
|sA_7_address1   |  out|    4|   ap_memory|              sA_7|         array|
|sA_7_ce1        |  out|    1|   ap_memory|              sA_7|         array|
|sA_7_q1         |   in|   12|   ap_memory|              sA_7|         array|
|sA_8_address0   |  out|    4|   ap_memory|              sA_8|         array|
|sA_8_ce0        |  out|    1|   ap_memory|              sA_8|         array|
|sA_8_q0         |   in|   12|   ap_memory|              sA_8|         array|
|sA_8_address1   |  out|    4|   ap_memory|              sA_8|         array|
|sA_8_ce1        |  out|    1|   ap_memory|              sA_8|         array|
|sA_8_q1         |   in|   12|   ap_memory|              sA_8|         array|
|sA_9_address0   |  out|    4|   ap_memory|              sA_9|         array|
|sA_9_ce0        |  out|    1|   ap_memory|              sA_9|         array|
|sA_9_q0         |   in|   12|   ap_memory|              sA_9|         array|
|sA_9_address1   |  out|    4|   ap_memory|              sA_9|         array|
|sA_9_ce1        |  out|    1|   ap_memory|              sA_9|         array|
|sA_9_q1         |   in|   12|   ap_memory|              sA_9|         array|
|sA_10_address0  |  out|    4|   ap_memory|             sA_10|         array|
|sA_10_ce0       |  out|    1|   ap_memory|             sA_10|         array|
|sA_10_q0        |   in|   12|   ap_memory|             sA_10|         array|
|sA_10_address1  |  out|    4|   ap_memory|             sA_10|         array|
|sA_10_ce1       |  out|    1|   ap_memory|             sA_10|         array|
|sA_10_q1        |   in|   12|   ap_memory|             sA_10|         array|
|sA_11_address0  |  out|    4|   ap_memory|             sA_11|         array|
|sA_11_ce0       |  out|    1|   ap_memory|             sA_11|         array|
|sA_11_q0        |   in|   12|   ap_memory|             sA_11|         array|
|sA_11_address1  |  out|    4|   ap_memory|             sA_11|         array|
|sA_11_ce1       |  out|    1|   ap_memory|             sA_11|         array|
|sA_11_q1        |   in|   12|   ap_memory|             sA_11|         array|
|sA_12_address0  |  out|    4|   ap_memory|             sA_12|         array|
|sA_12_ce0       |  out|    1|   ap_memory|             sA_12|         array|
|sA_12_q0        |   in|   12|   ap_memory|             sA_12|         array|
|sA_12_address1  |  out|    4|   ap_memory|             sA_12|         array|
|sA_12_ce1       |  out|    1|   ap_memory|             sA_12|         array|
|sA_12_q1        |   in|   12|   ap_memory|             sA_12|         array|
|sA_13_address0  |  out|    4|   ap_memory|             sA_13|         array|
|sA_13_ce0       |  out|    1|   ap_memory|             sA_13|         array|
|sA_13_q0        |   in|   12|   ap_memory|             sA_13|         array|
|sA_13_address1  |  out|    4|   ap_memory|             sA_13|         array|
|sA_13_ce1       |  out|    1|   ap_memory|             sA_13|         array|
|sA_13_q1        |   in|   12|   ap_memory|             sA_13|         array|
|sA_14_address0  |  out|    4|   ap_memory|             sA_14|         array|
|sA_14_ce0       |  out|    1|   ap_memory|             sA_14|         array|
|sA_14_q0        |   in|   12|   ap_memory|             sA_14|         array|
|sA_14_address1  |  out|    4|   ap_memory|             sA_14|         array|
|sA_14_ce1       |  out|    1|   ap_memory|             sA_14|         array|
|sA_14_q1        |   in|   12|   ap_memory|             sA_14|         array|
|sA_15_address0  |  out|    4|   ap_memory|             sA_15|         array|
|sA_15_ce0       |  out|    1|   ap_memory|             sA_15|         array|
|sA_15_q0        |   in|   12|   ap_memory|             sA_15|         array|
|sA_15_address1  |  out|    4|   ap_memory|             sA_15|         array|
|sA_15_ce1       |  out|    1|   ap_memory|             sA_15|         array|
|sA_15_q1        |   in|   12|   ap_memory|             sA_15|         array|
|dA_0_address0   |  out|    4|   ap_memory|              dA_0|         array|
|dA_0_ce0        |  out|    1|   ap_memory|              dA_0|         array|
|dA_0_we0        |  out|    1|   ap_memory|              dA_0|         array|
|dA_0_d0         |  out|   12|   ap_memory|              dA_0|         array|
|dA_0_address1   |  out|    4|   ap_memory|              dA_0|         array|
|dA_0_ce1        |  out|    1|   ap_memory|              dA_0|         array|
|dA_0_we1        |  out|    1|   ap_memory|              dA_0|         array|
|dA_0_d1         |  out|   12|   ap_memory|              dA_0|         array|
|dA_1_address0   |  out|    4|   ap_memory|              dA_1|         array|
|dA_1_ce0        |  out|    1|   ap_memory|              dA_1|         array|
|dA_1_we0        |  out|    1|   ap_memory|              dA_1|         array|
|dA_1_d0         |  out|   12|   ap_memory|              dA_1|         array|
|dA_1_address1   |  out|    4|   ap_memory|              dA_1|         array|
|dA_1_ce1        |  out|    1|   ap_memory|              dA_1|         array|
|dA_1_we1        |  out|    1|   ap_memory|              dA_1|         array|
|dA_1_d1         |  out|   12|   ap_memory|              dA_1|         array|
|dA_2_address0   |  out|    4|   ap_memory|              dA_2|         array|
|dA_2_ce0        |  out|    1|   ap_memory|              dA_2|         array|
|dA_2_we0        |  out|    1|   ap_memory|              dA_2|         array|
|dA_2_d0         |  out|   12|   ap_memory|              dA_2|         array|
|dA_2_address1   |  out|    4|   ap_memory|              dA_2|         array|
|dA_2_ce1        |  out|    1|   ap_memory|              dA_2|         array|
|dA_2_we1        |  out|    1|   ap_memory|              dA_2|         array|
|dA_2_d1         |  out|   12|   ap_memory|              dA_2|         array|
|dA_3_address0   |  out|    4|   ap_memory|              dA_3|         array|
|dA_3_ce0        |  out|    1|   ap_memory|              dA_3|         array|
|dA_3_we0        |  out|    1|   ap_memory|              dA_3|         array|
|dA_3_d0         |  out|   12|   ap_memory|              dA_3|         array|
|dA_3_address1   |  out|    4|   ap_memory|              dA_3|         array|
|dA_3_ce1        |  out|    1|   ap_memory|              dA_3|         array|
|dA_3_we1        |  out|    1|   ap_memory|              dA_3|         array|
|dA_3_d1         |  out|   12|   ap_memory|              dA_3|         array|
|dA_4_address0   |  out|    4|   ap_memory|              dA_4|         array|
|dA_4_ce0        |  out|    1|   ap_memory|              dA_4|         array|
|dA_4_we0        |  out|    1|   ap_memory|              dA_4|         array|
|dA_4_d0         |  out|   12|   ap_memory|              dA_4|         array|
|dA_4_address1   |  out|    4|   ap_memory|              dA_4|         array|
|dA_4_ce1        |  out|    1|   ap_memory|              dA_4|         array|
|dA_4_we1        |  out|    1|   ap_memory|              dA_4|         array|
|dA_4_d1         |  out|   12|   ap_memory|              dA_4|         array|
|dA_5_address0   |  out|    4|   ap_memory|              dA_5|         array|
|dA_5_ce0        |  out|    1|   ap_memory|              dA_5|         array|
|dA_5_we0        |  out|    1|   ap_memory|              dA_5|         array|
|dA_5_d0         |  out|   12|   ap_memory|              dA_5|         array|
|dA_5_address1   |  out|    4|   ap_memory|              dA_5|         array|
|dA_5_ce1        |  out|    1|   ap_memory|              dA_5|         array|
|dA_5_we1        |  out|    1|   ap_memory|              dA_5|         array|
|dA_5_d1         |  out|   12|   ap_memory|              dA_5|         array|
|dA_6_address0   |  out|    4|   ap_memory|              dA_6|         array|
|dA_6_ce0        |  out|    1|   ap_memory|              dA_6|         array|
|dA_6_we0        |  out|    1|   ap_memory|              dA_6|         array|
|dA_6_d0         |  out|   12|   ap_memory|              dA_6|         array|
|dA_6_address1   |  out|    4|   ap_memory|              dA_6|         array|
|dA_6_ce1        |  out|    1|   ap_memory|              dA_6|         array|
|dA_6_we1        |  out|    1|   ap_memory|              dA_6|         array|
|dA_6_d1         |  out|   12|   ap_memory|              dA_6|         array|
|dA_7_address0   |  out|    4|   ap_memory|              dA_7|         array|
|dA_7_ce0        |  out|    1|   ap_memory|              dA_7|         array|
|dA_7_we0        |  out|    1|   ap_memory|              dA_7|         array|
|dA_7_d0         |  out|   12|   ap_memory|              dA_7|         array|
|dA_7_address1   |  out|    4|   ap_memory|              dA_7|         array|
|dA_7_ce1        |  out|    1|   ap_memory|              dA_7|         array|
|dA_7_we1        |  out|    1|   ap_memory|              dA_7|         array|
|dA_7_d1         |  out|   12|   ap_memory|              dA_7|         array|
|dA_8_address0   |  out|    4|   ap_memory|              dA_8|         array|
|dA_8_ce0        |  out|    1|   ap_memory|              dA_8|         array|
|dA_8_we0        |  out|    1|   ap_memory|              dA_8|         array|
|dA_8_d0         |  out|   12|   ap_memory|              dA_8|         array|
|dA_8_address1   |  out|    4|   ap_memory|              dA_8|         array|
|dA_8_ce1        |  out|    1|   ap_memory|              dA_8|         array|
|dA_8_we1        |  out|    1|   ap_memory|              dA_8|         array|
|dA_8_d1         |  out|   12|   ap_memory|              dA_8|         array|
|dA_9_address0   |  out|    4|   ap_memory|              dA_9|         array|
|dA_9_ce0        |  out|    1|   ap_memory|              dA_9|         array|
|dA_9_we0        |  out|    1|   ap_memory|              dA_9|         array|
|dA_9_d0         |  out|   12|   ap_memory|              dA_9|         array|
|dA_9_address1   |  out|    4|   ap_memory|              dA_9|         array|
|dA_9_ce1        |  out|    1|   ap_memory|              dA_9|         array|
|dA_9_we1        |  out|    1|   ap_memory|              dA_9|         array|
|dA_9_d1         |  out|   12|   ap_memory|              dA_9|         array|
|dA_10_address0  |  out|    4|   ap_memory|             dA_10|         array|
|dA_10_ce0       |  out|    1|   ap_memory|             dA_10|         array|
|dA_10_we0       |  out|    1|   ap_memory|             dA_10|         array|
|dA_10_d0        |  out|   12|   ap_memory|             dA_10|         array|
|dA_10_address1  |  out|    4|   ap_memory|             dA_10|         array|
|dA_10_ce1       |  out|    1|   ap_memory|             dA_10|         array|
|dA_10_we1       |  out|    1|   ap_memory|             dA_10|         array|
|dA_10_d1        |  out|   12|   ap_memory|             dA_10|         array|
|dA_11_address0  |  out|    4|   ap_memory|             dA_11|         array|
|dA_11_ce0       |  out|    1|   ap_memory|             dA_11|         array|
|dA_11_we0       |  out|    1|   ap_memory|             dA_11|         array|
|dA_11_d0        |  out|   12|   ap_memory|             dA_11|         array|
|dA_11_address1  |  out|    4|   ap_memory|             dA_11|         array|
|dA_11_ce1       |  out|    1|   ap_memory|             dA_11|         array|
|dA_11_we1       |  out|    1|   ap_memory|             dA_11|         array|
|dA_11_d1        |  out|   12|   ap_memory|             dA_11|         array|
|dA_12_address0  |  out|    4|   ap_memory|             dA_12|         array|
|dA_12_ce0       |  out|    1|   ap_memory|             dA_12|         array|
|dA_12_we0       |  out|    1|   ap_memory|             dA_12|         array|
|dA_12_d0        |  out|   12|   ap_memory|             dA_12|         array|
|dA_12_address1  |  out|    4|   ap_memory|             dA_12|         array|
|dA_12_ce1       |  out|    1|   ap_memory|             dA_12|         array|
|dA_12_we1       |  out|    1|   ap_memory|             dA_12|         array|
|dA_12_d1        |  out|   12|   ap_memory|             dA_12|         array|
|dA_13_address0  |  out|    4|   ap_memory|             dA_13|         array|
|dA_13_ce0       |  out|    1|   ap_memory|             dA_13|         array|
|dA_13_we0       |  out|    1|   ap_memory|             dA_13|         array|
|dA_13_d0        |  out|   12|   ap_memory|             dA_13|         array|
|dA_13_address1  |  out|    4|   ap_memory|             dA_13|         array|
|dA_13_ce1       |  out|    1|   ap_memory|             dA_13|         array|
|dA_13_we1       |  out|    1|   ap_memory|             dA_13|         array|
|dA_13_d1        |  out|   12|   ap_memory|             dA_13|         array|
|dA_14_address0  |  out|    4|   ap_memory|             dA_14|         array|
|dA_14_ce0       |  out|    1|   ap_memory|             dA_14|         array|
|dA_14_we0       |  out|    1|   ap_memory|             dA_14|         array|
|dA_14_d0        |  out|   12|   ap_memory|             dA_14|         array|
|dA_14_address1  |  out|    4|   ap_memory|             dA_14|         array|
|dA_14_ce1       |  out|    1|   ap_memory|             dA_14|         array|
|dA_14_we1       |  out|    1|   ap_memory|             dA_14|         array|
|dA_14_d1        |  out|   12|   ap_memory|             dA_14|         array|
|dA_15_address0  |  out|    4|   ap_memory|             dA_15|         array|
|dA_15_ce0       |  out|    1|   ap_memory|             dA_15|         array|
|dA_15_we0       |  out|    1|   ap_memory|             dA_15|         array|
|dA_15_d0        |  out|   12|   ap_memory|             dA_15|         array|
|dA_15_address1  |  out|    4|   ap_memory|             dA_15|         array|
|dA_15_ce1       |  out|    1|   ap_memory|             dA_15|         array|
|dA_15_we1       |  out|    1|   ap_memory|             dA_15|         array|
|dA_15_d1        |  out|   12|   ap_memory|             dA_15|         array|
|sB_0_address0   |  out|    4|   ap_memory|              sB_0|         array|
|sB_0_ce0        |  out|    1|   ap_memory|              sB_0|         array|
|sB_0_q0         |   in|   12|   ap_memory|              sB_0|         array|
|sB_0_address1   |  out|    4|   ap_memory|              sB_0|         array|
|sB_0_ce1        |  out|    1|   ap_memory|              sB_0|         array|
|sB_0_q1         |   in|   12|   ap_memory|              sB_0|         array|
|sB_1_address0   |  out|    4|   ap_memory|              sB_1|         array|
|sB_1_ce0        |  out|    1|   ap_memory|              sB_1|         array|
|sB_1_q0         |   in|   12|   ap_memory|              sB_1|         array|
|sB_1_address1   |  out|    4|   ap_memory|              sB_1|         array|
|sB_1_ce1        |  out|    1|   ap_memory|              sB_1|         array|
|sB_1_q1         |   in|   12|   ap_memory|              sB_1|         array|
|sB_2_address0   |  out|    4|   ap_memory|              sB_2|         array|
|sB_2_ce0        |  out|    1|   ap_memory|              sB_2|         array|
|sB_2_q0         |   in|   12|   ap_memory|              sB_2|         array|
|sB_2_address1   |  out|    4|   ap_memory|              sB_2|         array|
|sB_2_ce1        |  out|    1|   ap_memory|              sB_2|         array|
|sB_2_q1         |   in|   12|   ap_memory|              sB_2|         array|
|sB_3_address0   |  out|    4|   ap_memory|              sB_3|         array|
|sB_3_ce0        |  out|    1|   ap_memory|              sB_3|         array|
|sB_3_q0         |   in|   12|   ap_memory|              sB_3|         array|
|sB_3_address1   |  out|    4|   ap_memory|              sB_3|         array|
|sB_3_ce1        |  out|    1|   ap_memory|              sB_3|         array|
|sB_3_q1         |   in|   12|   ap_memory|              sB_3|         array|
|sB_4_address0   |  out|    4|   ap_memory|              sB_4|         array|
|sB_4_ce0        |  out|    1|   ap_memory|              sB_4|         array|
|sB_4_q0         |   in|   12|   ap_memory|              sB_4|         array|
|sB_4_address1   |  out|    4|   ap_memory|              sB_4|         array|
|sB_4_ce1        |  out|    1|   ap_memory|              sB_4|         array|
|sB_4_q1         |   in|   12|   ap_memory|              sB_4|         array|
|sB_5_address0   |  out|    4|   ap_memory|              sB_5|         array|
|sB_5_ce0        |  out|    1|   ap_memory|              sB_5|         array|
|sB_5_q0         |   in|   12|   ap_memory|              sB_5|         array|
|sB_5_address1   |  out|    4|   ap_memory|              sB_5|         array|
|sB_5_ce1        |  out|    1|   ap_memory|              sB_5|         array|
|sB_5_q1         |   in|   12|   ap_memory|              sB_5|         array|
|sB_6_address0   |  out|    4|   ap_memory|              sB_6|         array|
|sB_6_ce0        |  out|    1|   ap_memory|              sB_6|         array|
|sB_6_q0         |   in|   12|   ap_memory|              sB_6|         array|
|sB_6_address1   |  out|    4|   ap_memory|              sB_6|         array|
|sB_6_ce1        |  out|    1|   ap_memory|              sB_6|         array|
|sB_6_q1         |   in|   12|   ap_memory|              sB_6|         array|
|sB_7_address0   |  out|    4|   ap_memory|              sB_7|         array|
|sB_7_ce0        |  out|    1|   ap_memory|              sB_7|         array|
|sB_7_q0         |   in|   12|   ap_memory|              sB_7|         array|
|sB_7_address1   |  out|    4|   ap_memory|              sB_7|         array|
|sB_7_ce1        |  out|    1|   ap_memory|              sB_7|         array|
|sB_7_q1         |   in|   12|   ap_memory|              sB_7|         array|
|sB_8_address0   |  out|    4|   ap_memory|              sB_8|         array|
|sB_8_ce0        |  out|    1|   ap_memory|              sB_8|         array|
|sB_8_q0         |   in|   12|   ap_memory|              sB_8|         array|
|sB_8_address1   |  out|    4|   ap_memory|              sB_8|         array|
|sB_8_ce1        |  out|    1|   ap_memory|              sB_8|         array|
|sB_8_q1         |   in|   12|   ap_memory|              sB_8|         array|
|sB_9_address0   |  out|    4|   ap_memory|              sB_9|         array|
|sB_9_ce0        |  out|    1|   ap_memory|              sB_9|         array|
|sB_9_q0         |   in|   12|   ap_memory|              sB_9|         array|
|sB_9_address1   |  out|    4|   ap_memory|              sB_9|         array|
|sB_9_ce1        |  out|    1|   ap_memory|              sB_9|         array|
|sB_9_q1         |   in|   12|   ap_memory|              sB_9|         array|
|sB_10_address0  |  out|    4|   ap_memory|             sB_10|         array|
|sB_10_ce0       |  out|    1|   ap_memory|             sB_10|         array|
|sB_10_q0        |   in|   12|   ap_memory|             sB_10|         array|
|sB_10_address1  |  out|    4|   ap_memory|             sB_10|         array|
|sB_10_ce1       |  out|    1|   ap_memory|             sB_10|         array|
|sB_10_q1        |   in|   12|   ap_memory|             sB_10|         array|
|sB_11_address0  |  out|    4|   ap_memory|             sB_11|         array|
|sB_11_ce0       |  out|    1|   ap_memory|             sB_11|         array|
|sB_11_q0        |   in|   12|   ap_memory|             sB_11|         array|
|sB_11_address1  |  out|    4|   ap_memory|             sB_11|         array|
|sB_11_ce1       |  out|    1|   ap_memory|             sB_11|         array|
|sB_11_q1        |   in|   12|   ap_memory|             sB_11|         array|
|sB_12_address0  |  out|    4|   ap_memory|             sB_12|         array|
|sB_12_ce0       |  out|    1|   ap_memory|             sB_12|         array|
|sB_12_q0        |   in|   12|   ap_memory|             sB_12|         array|
|sB_12_address1  |  out|    4|   ap_memory|             sB_12|         array|
|sB_12_ce1       |  out|    1|   ap_memory|             sB_12|         array|
|sB_12_q1        |   in|   12|   ap_memory|             sB_12|         array|
|sB_13_address0  |  out|    4|   ap_memory|             sB_13|         array|
|sB_13_ce0       |  out|    1|   ap_memory|             sB_13|         array|
|sB_13_q0        |   in|   12|   ap_memory|             sB_13|         array|
|sB_13_address1  |  out|    4|   ap_memory|             sB_13|         array|
|sB_13_ce1       |  out|    1|   ap_memory|             sB_13|         array|
|sB_13_q1        |   in|   12|   ap_memory|             sB_13|         array|
|sB_14_address0  |  out|    4|   ap_memory|             sB_14|         array|
|sB_14_ce0       |  out|    1|   ap_memory|             sB_14|         array|
|sB_14_q0        |   in|   12|   ap_memory|             sB_14|         array|
|sB_14_address1  |  out|    4|   ap_memory|             sB_14|         array|
|sB_14_ce1       |  out|    1|   ap_memory|             sB_14|         array|
|sB_14_q1        |   in|   12|   ap_memory|             sB_14|         array|
|sB_15_address0  |  out|    4|   ap_memory|             sB_15|         array|
|sB_15_ce0       |  out|    1|   ap_memory|             sB_15|         array|
|sB_15_q0        |   in|   12|   ap_memory|             sB_15|         array|
|sB_15_address1  |  out|    4|   ap_memory|             sB_15|         array|
|sB_15_ce1       |  out|    1|   ap_memory|             sB_15|         array|
|sB_15_q1        |   in|   12|   ap_memory|             sB_15|         array|
|dB_0_address0   |  out|    4|   ap_memory|              dB_0|         array|
|dB_0_ce0        |  out|    1|   ap_memory|              dB_0|         array|
|dB_0_we0        |  out|    1|   ap_memory|              dB_0|         array|
|dB_0_d0         |  out|   12|   ap_memory|              dB_0|         array|
|dB_0_address1   |  out|    4|   ap_memory|              dB_0|         array|
|dB_0_ce1        |  out|    1|   ap_memory|              dB_0|         array|
|dB_0_we1        |  out|    1|   ap_memory|              dB_0|         array|
|dB_0_d1         |  out|   12|   ap_memory|              dB_0|         array|
|dB_1_address0   |  out|    4|   ap_memory|              dB_1|         array|
|dB_1_ce0        |  out|    1|   ap_memory|              dB_1|         array|
|dB_1_we0        |  out|    1|   ap_memory|              dB_1|         array|
|dB_1_d0         |  out|   12|   ap_memory|              dB_1|         array|
|dB_1_address1   |  out|    4|   ap_memory|              dB_1|         array|
|dB_1_ce1        |  out|    1|   ap_memory|              dB_1|         array|
|dB_1_we1        |  out|    1|   ap_memory|              dB_1|         array|
|dB_1_d1         |  out|   12|   ap_memory|              dB_1|         array|
|dB_2_address0   |  out|    4|   ap_memory|              dB_2|         array|
|dB_2_ce0        |  out|    1|   ap_memory|              dB_2|         array|
|dB_2_we0        |  out|    1|   ap_memory|              dB_2|         array|
|dB_2_d0         |  out|   12|   ap_memory|              dB_2|         array|
|dB_2_address1   |  out|    4|   ap_memory|              dB_2|         array|
|dB_2_ce1        |  out|    1|   ap_memory|              dB_2|         array|
|dB_2_we1        |  out|    1|   ap_memory|              dB_2|         array|
|dB_2_d1         |  out|   12|   ap_memory|              dB_2|         array|
|dB_3_address0   |  out|    4|   ap_memory|              dB_3|         array|
|dB_3_ce0        |  out|    1|   ap_memory|              dB_3|         array|
|dB_3_we0        |  out|    1|   ap_memory|              dB_3|         array|
|dB_3_d0         |  out|   12|   ap_memory|              dB_3|         array|
|dB_3_address1   |  out|    4|   ap_memory|              dB_3|         array|
|dB_3_ce1        |  out|    1|   ap_memory|              dB_3|         array|
|dB_3_we1        |  out|    1|   ap_memory|              dB_3|         array|
|dB_3_d1         |  out|   12|   ap_memory|              dB_3|         array|
|dB_4_address0   |  out|    4|   ap_memory|              dB_4|         array|
|dB_4_ce0        |  out|    1|   ap_memory|              dB_4|         array|
|dB_4_we0        |  out|    1|   ap_memory|              dB_4|         array|
|dB_4_d0         |  out|   12|   ap_memory|              dB_4|         array|
|dB_4_address1   |  out|    4|   ap_memory|              dB_4|         array|
|dB_4_ce1        |  out|    1|   ap_memory|              dB_4|         array|
|dB_4_we1        |  out|    1|   ap_memory|              dB_4|         array|
|dB_4_d1         |  out|   12|   ap_memory|              dB_4|         array|
|dB_5_address0   |  out|    4|   ap_memory|              dB_5|         array|
|dB_5_ce0        |  out|    1|   ap_memory|              dB_5|         array|
|dB_5_we0        |  out|    1|   ap_memory|              dB_5|         array|
|dB_5_d0         |  out|   12|   ap_memory|              dB_5|         array|
|dB_5_address1   |  out|    4|   ap_memory|              dB_5|         array|
|dB_5_ce1        |  out|    1|   ap_memory|              dB_5|         array|
|dB_5_we1        |  out|    1|   ap_memory|              dB_5|         array|
|dB_5_d1         |  out|   12|   ap_memory|              dB_5|         array|
|dB_6_address0   |  out|    4|   ap_memory|              dB_6|         array|
|dB_6_ce0        |  out|    1|   ap_memory|              dB_6|         array|
|dB_6_we0        |  out|    1|   ap_memory|              dB_6|         array|
|dB_6_d0         |  out|   12|   ap_memory|              dB_6|         array|
|dB_6_address1   |  out|    4|   ap_memory|              dB_6|         array|
|dB_6_ce1        |  out|    1|   ap_memory|              dB_6|         array|
|dB_6_we1        |  out|    1|   ap_memory|              dB_6|         array|
|dB_6_d1         |  out|   12|   ap_memory|              dB_6|         array|
|dB_7_address0   |  out|    4|   ap_memory|              dB_7|         array|
|dB_7_ce0        |  out|    1|   ap_memory|              dB_7|         array|
|dB_7_we0        |  out|    1|   ap_memory|              dB_7|         array|
|dB_7_d0         |  out|   12|   ap_memory|              dB_7|         array|
|dB_7_address1   |  out|    4|   ap_memory|              dB_7|         array|
|dB_7_ce1        |  out|    1|   ap_memory|              dB_7|         array|
|dB_7_we1        |  out|    1|   ap_memory|              dB_7|         array|
|dB_7_d1         |  out|   12|   ap_memory|              dB_7|         array|
|dB_8_address0   |  out|    4|   ap_memory|              dB_8|         array|
|dB_8_ce0        |  out|    1|   ap_memory|              dB_8|         array|
|dB_8_we0        |  out|    1|   ap_memory|              dB_8|         array|
|dB_8_d0         |  out|   12|   ap_memory|              dB_8|         array|
|dB_8_address1   |  out|    4|   ap_memory|              dB_8|         array|
|dB_8_ce1        |  out|    1|   ap_memory|              dB_8|         array|
|dB_8_we1        |  out|    1|   ap_memory|              dB_8|         array|
|dB_8_d1         |  out|   12|   ap_memory|              dB_8|         array|
|dB_9_address0   |  out|    4|   ap_memory|              dB_9|         array|
|dB_9_ce0        |  out|    1|   ap_memory|              dB_9|         array|
|dB_9_we0        |  out|    1|   ap_memory|              dB_9|         array|
|dB_9_d0         |  out|   12|   ap_memory|              dB_9|         array|
|dB_9_address1   |  out|    4|   ap_memory|              dB_9|         array|
|dB_9_ce1        |  out|    1|   ap_memory|              dB_9|         array|
|dB_9_we1        |  out|    1|   ap_memory|              dB_9|         array|
|dB_9_d1         |  out|   12|   ap_memory|              dB_9|         array|
|dB_10_address0  |  out|    4|   ap_memory|             dB_10|         array|
|dB_10_ce0       |  out|    1|   ap_memory|             dB_10|         array|
|dB_10_we0       |  out|    1|   ap_memory|             dB_10|         array|
|dB_10_d0        |  out|   12|   ap_memory|             dB_10|         array|
|dB_10_address1  |  out|    4|   ap_memory|             dB_10|         array|
|dB_10_ce1       |  out|    1|   ap_memory|             dB_10|         array|
|dB_10_we1       |  out|    1|   ap_memory|             dB_10|         array|
|dB_10_d1        |  out|   12|   ap_memory|             dB_10|         array|
|dB_11_address0  |  out|    4|   ap_memory|             dB_11|         array|
|dB_11_ce0       |  out|    1|   ap_memory|             dB_11|         array|
|dB_11_we0       |  out|    1|   ap_memory|             dB_11|         array|
|dB_11_d0        |  out|   12|   ap_memory|             dB_11|         array|
|dB_11_address1  |  out|    4|   ap_memory|             dB_11|         array|
|dB_11_ce1       |  out|    1|   ap_memory|             dB_11|         array|
|dB_11_we1       |  out|    1|   ap_memory|             dB_11|         array|
|dB_11_d1        |  out|   12|   ap_memory|             dB_11|         array|
|dB_12_address0  |  out|    4|   ap_memory|             dB_12|         array|
|dB_12_ce0       |  out|    1|   ap_memory|             dB_12|         array|
|dB_12_we0       |  out|    1|   ap_memory|             dB_12|         array|
|dB_12_d0        |  out|   12|   ap_memory|             dB_12|         array|
|dB_12_address1  |  out|    4|   ap_memory|             dB_12|         array|
|dB_12_ce1       |  out|    1|   ap_memory|             dB_12|         array|
|dB_12_we1       |  out|    1|   ap_memory|             dB_12|         array|
|dB_12_d1        |  out|   12|   ap_memory|             dB_12|         array|
|dB_13_address0  |  out|    4|   ap_memory|             dB_13|         array|
|dB_13_ce0       |  out|    1|   ap_memory|             dB_13|         array|
|dB_13_we0       |  out|    1|   ap_memory|             dB_13|         array|
|dB_13_d0        |  out|   12|   ap_memory|             dB_13|         array|
|dB_13_address1  |  out|    4|   ap_memory|             dB_13|         array|
|dB_13_ce1       |  out|    1|   ap_memory|             dB_13|         array|
|dB_13_we1       |  out|    1|   ap_memory|             dB_13|         array|
|dB_13_d1        |  out|   12|   ap_memory|             dB_13|         array|
|dB_14_address0  |  out|    4|   ap_memory|             dB_14|         array|
|dB_14_ce0       |  out|    1|   ap_memory|             dB_14|         array|
|dB_14_we0       |  out|    1|   ap_memory|             dB_14|         array|
|dB_14_d0        |  out|   12|   ap_memory|             dB_14|         array|
|dB_14_address1  |  out|    4|   ap_memory|             dB_14|         array|
|dB_14_ce1       |  out|    1|   ap_memory|             dB_14|         array|
|dB_14_we1       |  out|    1|   ap_memory|             dB_14|         array|
|dB_14_d1        |  out|   12|   ap_memory|             dB_14|         array|
|dB_15_address0  |  out|    4|   ap_memory|             dB_15|         array|
|dB_15_ce0       |  out|    1|   ap_memory|             dB_15|         array|
|dB_15_we0       |  out|    1|   ap_memory|             dB_15|         array|
|dB_15_d0        |  out|   12|   ap_memory|             dB_15|         array|
|dB_15_address1  |  out|    4|   ap_memory|             dB_15|         array|
|dB_15_ce1       |  out|    1|   ap_memory|             dB_15|         array|
|dB_15_we1       |  out|    1|   ap_memory|             dB_15|         array|
|dB_15_d1        |  out|   12|   ap_memory|             dB_15|         array|
+----------------+-----+-----+------------+------------------+--------------+

