

================================================================
== Vitis HLS Report for 'fwd_stage2_t_16_s'
================================================================
* Date:           Thu Jun 11 23:16:47 2026

* Version:        2023.2 (Build 4023990 on Oct 11 2023)
* Project:        ntt_kyber
* Solution:       solution1 (Vivado IP Flow Target)
* Product family: zynquplus
* Target device:  xck26-sfvc784-2LV-c


================================================================
== Performance Estimates
================================================================
+ Timing: 
    * Summary: 
    +--------+----------+----------+------------+
    |  Clock |  Target  | Estimated| Uncertainty|
    +--------+----------+----------+------------+
    |ap_clk  |  10.00 ns|  6.247 ns|     2.70 ns|
    +--------+----------+----------+------------+

+ Latency: 
    * Summary: 
    +---------+---------+----------+----------+-----+-----+---------+
    |  Latency (cycles) |  Latency (absolute) |  Interval | Pipeline|
    |   min   |   max   |    min   |    max   | min | max |   Type  |
    +---------+---------+----------+----------+-----+-----+---------+
    |       39|       39|  0.390 us|  0.390 us|   39|   39|       no|
    +---------+---------+----------+----------+-----+-----+---------+

    + Detail: 
        * Instance: 
        N/A

        * Loop: 
        +-----------+---------+---------+----------+-----------+-----------+------+----------+
        |           |  Latency (cycles) | Iteration|  Initiation Interval  | Trip |          |
        | Loop Name |   min   |   max   |  Latency |  achieved |   target  | Count| Pipelined|
        +-----------+---------+---------+----------+-----------+-----------+------+----------+
        |- FWD_BF2  |       37|       37|         8|          2|          1|    16|       yes|
        +-----------+---------+---------+----------+-----------+-----------+------+----------+



================================================================
== Utilization Estimates
================================================================
* Summary: 
+-----------------+---------+------+--------+--------+-----+
|       Name      | BRAM_18K|  DSP |   FF   |   LUT  | URAM|
+-----------------+---------+------+--------+--------+-----+
|DSP              |        -|    16|       -|       -|    -|
|Expression       |        -|     -|       0|    4854|    -|
|FIFO             |        -|     -|       -|       -|    -|
|Instance         |        -|    32|       0|       0|    -|
|Memory           |        0|     -|     112|      56|    -|
|Multiplexer      |        -|     -|       -|    1067|    -|
|Register         |        -|     -|    1455|     288|    -|
+-----------------+---------+------+--------+--------+-----+
|Total            |        0|    48|    1567|    6265|    0|
+-----------------+---------+------+--------+--------+-----+
|Available        |      288|  1248|  234240|  117120|   64|
+-----------------+---------+------+--------+--------+-----+
|Utilization (%)  |        0|     3|      ~0|       5|    0|
+-----------------+---------+------+--------+--------+-----+

+ Detail: 
    * Instance: 
    +---------------------------+----------------------+---------+----+---+----+-----+
    |          Instance         |        Module        | BRAM_18K| DSP| FF| LUT| URAM|
    +---------------------------+----------------------+---------+----+---+----+-----+
    |mul_12ns_12ns_24_3_1_U400  |mul_12ns_12ns_24_3_1  |        0|   1|  0|   0|    0|
    |mul_12ns_12ns_24_3_1_U402  |mul_12ns_12ns_24_3_1  |        0|   1|  0|   0|    0|
    |mul_12ns_12ns_24_3_1_U404  |mul_12ns_12ns_24_3_1  |        0|   1|  0|   0|    0|
    |mul_12ns_12ns_24_3_1_U406  |mul_12ns_12ns_24_3_1  |        0|   1|  0|   0|    0|
    |mul_12ns_12ns_24_3_1_U408  |mul_12ns_12ns_24_3_1  |        0|   1|  0|   0|    0|
    |mul_12ns_12ns_24_3_1_U410  |mul_12ns_12ns_24_3_1  |        0|   1|  0|   0|    0|
    |mul_12ns_12ns_24_3_1_U412  |mul_12ns_12ns_24_3_1  |        0|   1|  0|   0|    0|
    |mul_12ns_12ns_24_3_1_U414  |mul_12ns_12ns_24_3_1  |        0|   1|  0|   0|    0|
    |mul_12ns_12ns_24_3_1_U416  |mul_12ns_12ns_24_3_1  |        0|   1|  0|   0|    0|
    |mul_12ns_12ns_24_3_1_U418  |mul_12ns_12ns_24_3_1  |        0|   1|  0|   0|    0|
    |mul_12ns_12ns_24_3_1_U420  |mul_12ns_12ns_24_3_1  |        0|   1|  0|   0|    0|
    |mul_12ns_12ns_24_3_1_U422  |mul_12ns_12ns_24_3_1  |        0|   1|  0|   0|    0|
    |mul_12ns_12ns_24_3_1_U424  |mul_12ns_12ns_24_3_1  |        0|   1|  0|   0|    0|
    |mul_12ns_12ns_24_3_1_U426  |mul_12ns_12ns_24_3_1  |        0|   1|  0|   0|    0|
    |mul_12ns_12ns_24_3_1_U428  |mul_12ns_12ns_24_3_1  |        0|   1|  0|   0|    0|
    |mul_12ns_12ns_24_3_1_U430  |mul_12ns_12ns_24_3_1  |        0|   1|  0|   0|    0|
    |mul_16ns_12ns_28_3_1_U399  |mul_16ns_12ns_28_3_1  |        0|   1|  0|   0|    0|
    |mul_16ns_12ns_28_3_1_U401  |mul_16ns_12ns_28_3_1  |        0|   1|  0|   0|    0|
    |mul_16ns_12ns_28_3_1_U403  |mul_16ns_12ns_28_3_1  |        0|   1|  0|   0|    0|
    |mul_16ns_12ns_28_3_1_U405  |mul_16ns_12ns_28_3_1  |        0|   1|  0|   0|    0|
    |mul_16ns_12ns_28_3_1_U407  |mul_16ns_12ns_28_3_1  |        0|   1|  0|   0|    0|
    |mul_16ns_12ns_28_3_1_U409  |mul_16ns_12ns_28_3_1  |        0|   1|  0|   0|    0|
    |mul_16ns_12ns_28_3_1_U411  |mul_16ns_12ns_28_3_1  |        0|   1|  0|   0|    0|
    |mul_16ns_12ns_28_3_1_U413  |mul_16ns_12ns_28_3_1  |        0|   1|  0|   0|    0|
    |mul_16ns_12ns_28_3_1_U415  |mul_16ns_12ns_28_3_1  |        0|   1|  0|   0|    0|
    |mul_16ns_12ns_28_3_1_U417  |mul_16ns_12ns_28_3_1  |        0|   1|  0|   0|    0|
    |mul_16ns_12ns_28_3_1_U419  |mul_16ns_12ns_28_3_1  |        0|   1|  0|   0|    0|
    |mul_16ns_12ns_28_3_1_U421  |mul_16ns_12ns_28_3_1  |        0|   1|  0|   0|    0|
    |mul_16ns_12ns_28_3_1_U423  |mul_16ns_12ns_28_3_1  |        0|   1|  0|   0|    0|
    |mul_16ns_12ns_28_3_1_U425  |mul_16ns_12ns_28_3_1  |        0|   1|  0|   0|    0|
    |mul_16ns_12ns_28_3_1_U427  |mul_16ns_12ns_28_3_1  |        0|   1|  0|   0|    0|
    |mul_16ns_12ns_28_3_1_U429  |mul_16ns_12ns_28_3_1  |        0|   1|  0|   0|    0|
    +---------------------------+----------------------+---------+----+---+----+-----+
    |Total                      |                      |        0|  32|  0|   0|    0|
    +---------------------------+----------------------+---------+----+---+----+-----+

    * DSP: 
    +---------------------------------------+----------------------------------+--------------+
    |                Instance               |              Module              |  Expression  |
    +---------------------------------------+----------------------------------+--------------+
    |mac_mulsub_12ns_12ns_24ns_25_3_1_U431  |mac_mulsub_12ns_12ns_24ns_25_3_1  |  i0 - i1 * i2|
    |mac_mulsub_12ns_12ns_24ns_25_3_1_U432  |mac_mulsub_12ns_12ns_24ns_25_3_1  |  i0 - i1 * i2|
    |mac_mulsub_12ns_12ns_24ns_25_3_1_U433  |mac_mulsub_12ns_12ns_24ns_25_3_1  |  i0 - i1 * i2|
    |mac_mulsub_12ns_12ns_24ns_25_3_1_U434  |mac_mulsub_12ns_12ns_24ns_25_3_1  |  i0 - i1 * i2|
    |mac_mulsub_12ns_12ns_24ns_25_3_1_U435  |mac_mulsub_12ns_12ns_24ns_25_3_1  |  i0 - i1 * i2|
    |mac_mulsub_12ns_12ns_24ns_25_3_1_U436  |mac_mulsub_12ns_12ns_24ns_25_3_1  |  i0 - i1 * i2|
    |mac_mulsub_12ns_12ns_24ns_25_3_1_U437  |mac_mulsub_12ns_12ns_24ns_25_3_1  |  i0 - i1 * i2|
    |mac_mulsub_12ns_12ns_24ns_25_3_1_U438  |mac_mulsub_12ns_12ns_24ns_25_3_1  |  i0 - i1 * i2|
    |mac_mulsub_12ns_12ns_24ns_25_3_1_U439  |mac_mulsub_12ns_12ns_24ns_25_3_1  |  i0 - i1 * i2|
    |mac_mulsub_12ns_12ns_24ns_25_3_1_U440  |mac_mulsub_12ns_12ns_24ns_25_3_1  |  i0 - i1 * i2|
    |mac_mulsub_12ns_12ns_24ns_25_3_1_U441  |mac_mulsub_12ns_12ns_24ns_25_3_1  |  i0 - i1 * i2|
    |mac_mulsub_12ns_12ns_24ns_25_3_1_U442  |mac_mulsub_12ns_12ns_24ns_25_3_1  |  i0 - i1 * i2|
    |mac_mulsub_12ns_12ns_24ns_25_3_1_U443  |mac_mulsub_12ns_12ns_24ns_25_3_1  |  i0 - i1 * i2|
    |mac_mulsub_12ns_12ns_24ns_25_3_1_U444  |mac_mulsub_12ns_12ns_24ns_25_3_1  |  i0 - i1 * i2|
    |mac_mulsub_12ns_12ns_24ns_25_3_1_U445  |mac_mulsub_12ns_12ns_24ns_25_3_1  |  i0 - i1 * i2|
    |mac_mulsub_12ns_12ns_24ns_25_3_1_U446  |mac_mulsub_12ns_12ns_24ns_25_3_1  |  i0 - i1 * i2|
    +---------------------------------------+----------------------------------+--------------+

    * Memory: 
    +-------------------+-----------------------------------------------+---------+----+----+-----+------+-----+------+-------------+
    |       Memory      |                     Module                    | BRAM_18K| FF | LUT| URAM| Words| Bits| Banks| W*Bits*Banks|
    +-------------------+-----------------------------------------------+---------+----+----+-----+------+-----+------+-------------+
    |p_ZL5FWD_W_0_3_U   |fwd_stage2_t_16_s_p_ZL5FWD_W_0_3_ROM_AUTO_1R   |        0|  12|   6|    0|    32|   12|     1|          384|
    |p_ZL5FWD_W_1_3_U   |fwd_stage2_t_16_s_p_ZL5FWD_W_0_3_ROM_AUTO_1R   |        0|  12|   6|    0|    32|   12|     1|          384|
    |p_ZL5FWD_W_2_3_U   |fwd_stage2_t_16_s_p_ZL5FWD_W_0_3_ROM_AUTO_1R   |        0|  12|   6|    0|    32|   12|     1|          384|
    |p_ZL5FWD_W_3_3_U   |fwd_stage2_t_16_s_p_ZL5FWD_W_0_3_ROM_AUTO_1R   |        0|  12|   6|    0|    32|   12|     1|          384|
    |p_ZL6FWD_MW_0_3_U  |fwd_stage2_t_16_s_p_ZL6FWD_MW_0_3_ROM_AUTO_1R  |        0|  16|   8|    0|    32|   16|     1|          512|
    |p_ZL6FWD_MW_1_3_U  |fwd_stage2_t_16_s_p_ZL6FWD_MW_0_3_ROM_AUTO_1R  |        0|  16|   8|    0|    32|   16|     1|          512|
    |p_ZL6FWD_MW_2_3_U  |fwd_stage2_t_16_s_p_ZL6FWD_MW_0_3_ROM_AUTO_1R  |        0|  16|   8|    0|    32|   16|     1|          512|
    |p_ZL6FWD_MW_3_3_U  |fwd_stage2_t_16_s_p_ZL6FWD_MW_0_3_ROM_AUTO_1R  |        0|  16|   8|    0|    32|   16|     1|          512|
    +-------------------+-----------------------------------------------+---------+----+----+-----+------+-----+------+-------------+
    |Total              |                                               |        0| 112|  56|    0|   256|  112|     8|         3584|
    +-------------------+-----------------------------------------------+---------+----+----+-----+------+-----+------+-------------+

    * FIFO: 
    N/A

    * Expression: 
    +----------------------------+----------+----+---+----+------------+------------+
    |        Variable Name       | Operation| DSP| FF| LUT| Bitwidth P0| Bitwidth P1|
    +----------------------------+----------+----+---+----+------------+------------+
    |add_ln44_125_fu_3045_p2     |         +|   0|  0|  32|          25|          13|
    |add_ln44_126_fu_3144_p2     |         +|   0|  0|  32|          25|          13|
    |add_ln44_127_fu_3243_p2     |         +|   0|  0|  32|          25|          13|
    |add_ln44_128_fu_3785_p2     |         +|   0|  0|  32|          25|          13|
    |add_ln44_129_fu_3874_p2     |         +|   0|  0|  32|          25|          13|
    |add_ln44_130_fu_3963_p2     |         +|   0|  0|  32|          25|          13|
    |add_ln44_131_fu_4047_p2     |         +|   0|  0|  32|          25|          13|
    |add_ln44_132_fu_3370_p2     |         +|   0|  0|  32|          25|          13|
    |add_ln44_133_fu_3469_p2     |         +|   0|  0|  32|          25|          13|
    |add_ln44_134_fu_3568_p2     |         +|   0|  0|  32|          25|          13|
    |add_ln44_135_fu_3667_p2     |         +|   0|  0|  32|          25|          13|
    |add_ln44_136_fu_4141_p2     |         +|   0|  0|  32|          25|          13|
    |add_ln44_137_fu_4230_p2     |         +|   0|  0|  32|          25|          13|
    |add_ln44_138_fu_4319_p2     |         +|   0|  0|  32|          25|          13|
    |add_ln44_139_fu_4403_p2     |         +|   0|  0|  32|          25|          13|
    |add_ln44_fu_2940_p2         |         +|   0|  0|  32|          25|          13|
    |add_ln48_250_fu_3077_p2     |         +|   0|  0|  19|          12|          10|
    |add_ln48_252_fu_3176_p2     |         +|   0|  0|  19|          12|          10|
    |add_ln48_254_fu_3275_p2     |         +|   0|  0|  19|          12|          10|
    |add_ln48_256_fu_3817_p2     |         +|   0|  0|  19|          12|          10|
    |add_ln48_258_fu_3906_p2     |         +|   0|  0|  19|          12|          10|
    |add_ln48_260_fu_3995_p2     |         +|   0|  0|  19|          12|          10|
    |add_ln48_262_fu_4079_p2     |         +|   0|  0|  19|          12|          10|
    |add_ln48_264_fu_3402_p2     |         +|   0|  0|  19|          12|          10|
    |add_ln48_266_fu_3501_p2     |         +|   0|  0|  19|          12|          10|
    |add_ln48_268_fu_3600_p2     |         +|   0|  0|  19|          12|          10|
    |add_ln48_270_fu_3699_p2     |         +|   0|  0|  19|          12|          10|
    |add_ln48_272_fu_4173_p2     |         +|   0|  0|  19|          12|          10|
    |add_ln48_274_fu_4262_p2     |         +|   0|  0|  19|          12|          10|
    |add_ln48_276_fu_4351_p2     |         +|   0|  0|  19|          12|          10|
    |add_ln48_278_fu_4435_p2     |         +|   0|  0|  19|          12|          10|
    |add_ln48_fu_2972_p2         |         +|   0|  0|  19|          12|          10|
    |add_ln52_125_fu_3031_p2     |         +|   0|  0|  19|          12|          11|
    |add_ln52_126_fu_3130_p2     |         +|   0|  0|  19|          12|          11|
    |add_ln52_127_fu_3229_p2     |         +|   0|  0|  19|          12|          11|
    |add_ln52_128_fu_3772_p2     |         +|   0|  0|  19|          12|          11|
    |add_ln52_129_fu_3861_p2     |         +|   0|  0|  19|          12|          11|
    |add_ln52_130_fu_3950_p2     |         +|   0|  0|  19|          12|          11|
    |add_ln52_131_fu_4107_p2     |         +|   0|  0|  19|          12|          11|
    |add_ln52_132_fu_3356_p2     |         +|   0|  0|  19|          12|          11|
    |add_ln52_133_fu_3455_p2     |         +|   0|  0|  19|          12|          11|
    |add_ln52_134_fu_3554_p2     |         +|   0|  0|  19|          12|          11|
    |add_ln52_135_fu_3653_p2     |         +|   0|  0|  19|          12|          11|
    |add_ln52_136_fu_4128_p2     |         +|   0|  0|  19|          12|          11|
    |add_ln52_137_fu_4217_p2     |         +|   0|  0|  19|          12|          11|
    |add_ln52_138_fu_4306_p2     |         +|   0|  0|  19|          12|          11|
    |add_ln52_139_fu_4463_p2     |         +|   0|  0|  19|          12|          11|
    |add_ln52_fu_3000_p2         |         +|   0|  0|  19|          12|          11|
    |add_ln73_fu_2006_p2         |         +|   0|  0|  15|           8|           4|
    |s_245_fu_4063_p2            |         +|   0|  0|  32|          25|          25|
    |s_246_fu_4419_p2            |         +|   0|  0|  32|          25|          25|
    |s_247_fu_3386_p2            |         +|   0|  0|  32|          25|          25|
    |s_248_fu_3061_p2            |         +|   0|  0|  32|          25|          25|
    |s_249_fu_3485_p2            |         +|   0|  0|  32|          25|          25|
    |s_250_fu_3160_p2            |         +|   0|  0|  32|          25|          25|
    |s_251_fu_3584_p2            |         +|   0|  0|  32|          25|          25|
    |s_252_fu_3259_p2            |         +|   0|  0|  32|          25|          25|
    |s_253_fu_3683_p2            |         +|   0|  0|  32|          25|          25|
    |s_254_fu_3801_p2            |         +|   0|  0|  32|          25|          25|
    |s_255_fu_4157_p2            |         +|   0|  0|  32|          25|          25|
    |s_256_fu_3890_p2            |         +|   0|  0|  32|          25|          25|
    |s_257_fu_4246_p2            |         +|   0|  0|  32|          25|          25|
    |s_258_fu_3979_p2            |         +|   0|  0|  32|          25|          25|
    |s_259_fu_4335_p2            |         +|   0|  0|  32|          25|          25|
    |s_fu_2956_p2                |         +|   0|  0|  32|          25|          25|
    |sub_ln84_36_fu_3113_p2      |         -|   0|  0|  19|          12|          12|
    |sub_ln84_37_fu_3212_p2      |         -|   0|  0|  19|          12|          12|
    |sub_ln84_38_fu_3311_p2      |         -|   0|  0|  19|          12|          12|
    |sub_ln84_39_fu_3852_p2      |         -|   0|  0|  19|          12|          12|
    |sub_ln84_40_fu_3941_p2      |         -|   0|  0|  19|          12|          12|
    |sub_ln84_41_fu_4030_p2      |         -|   0|  0|  19|          12|          12|
    |sub_ln84_42_fu_4119_p2      |         -|   0|  0|  19|          12|          12|
    |sub_ln84_fu_3014_p2         |         -|   0|  0|  19|          12|          12|
    |sub_ln86_36_fu_3537_p2      |         -|   0|  0|  19|          12|          12|
    |sub_ln86_37_fu_3636_p2      |         -|   0|  0|  19|          12|          12|
    |sub_ln86_38_fu_3735_p2      |         -|   0|  0|  19|          12|          12|
    |sub_ln86_39_fu_4208_p2      |         -|   0|  0|  19|          12|          12|
    |sub_ln86_40_fu_4297_p2      |         -|   0|  0|  19|          12|          12|
    |sub_ln86_41_fu_4386_p2      |         -|   0|  0|  19|          12|          12|
    |sub_ln86_42_fu_4475_p2      |         -|   0|  0|  19|          12|          12|
    |sub_ln86_fu_3438_p2         |         -|   0|  0|  19|          12|          12|
    |icmp_ln44_125_fu_3040_p2    |      icmp|   0|  0|  32|          25|          12|
    |icmp_ln44_126_fu_3139_p2    |      icmp|   0|  0|  32|          25|          12|
    |icmp_ln44_127_fu_3238_p2    |      icmp|   0|  0|  32|          25|          12|
    |icmp_ln44_128_fu_3780_p2    |      icmp|   0|  0|  32|          25|          12|
    |icmp_ln44_129_fu_3869_p2    |      icmp|   0|  0|  32|          25|          12|
    |icmp_ln44_130_fu_3958_p2    |      icmp|   0|  0|  32|          25|          12|
    |icmp_ln44_131_fu_4042_p2    |      icmp|   0|  0|  32|          25|          12|
    |icmp_ln44_132_fu_3365_p2    |      icmp|   0|  0|  32|          25|          12|
    |icmp_ln44_133_fu_3464_p2    |      icmp|   0|  0|  32|          25|          12|
    |icmp_ln44_134_fu_3563_p2    |      icmp|   0|  0|  32|          25|          12|
    |icmp_ln44_135_fu_3662_p2    |      icmp|   0|  0|  32|          25|          12|
    |icmp_ln44_136_fu_4136_p2    |      icmp|   0|  0|  32|          25|          12|
    |icmp_ln44_137_fu_4225_p2    |      icmp|   0|  0|  32|          25|          12|
    |icmp_ln44_138_fu_4314_p2    |      icmp|   0|  0|  32|          25|          12|
    |icmp_ln44_139_fu_4398_p2    |      icmp|   0|  0|  32|          25|          12|
    |icmp_ln44_fu_2935_p2        |      icmp|   0|  0|  32|          25|          12|
    |icmp_ln48_125_fu_3067_p2    |      icmp|   0|  0|  32|          25|          12|
    |icmp_ln48_126_fu_3166_p2    |      icmp|   0|  0|  32|          25|          12|
    |icmp_ln48_127_fu_3265_p2    |      icmp|   0|  0|  32|          25|          12|
    |icmp_ln48_128_fu_3807_p2    |      icmp|   0|  0|  32|          25|          12|
    |icmp_ln48_129_fu_3896_p2    |      icmp|   0|  0|  32|          25|          12|
    |icmp_ln48_130_fu_3985_p2    |      icmp|   0|  0|  32|          25|          12|
    |icmp_ln48_131_fu_4069_p2    |      icmp|   0|  0|  32|          25|          12|
    |icmp_ln48_132_fu_3392_p2    |      icmp|   0|  0|  32|          25|          12|
    |icmp_ln48_133_fu_3491_p2    |      icmp|   0|  0|  32|          25|          12|
    |icmp_ln48_134_fu_3590_p2    |      icmp|   0|  0|  32|          25|          12|
    |icmp_ln48_135_fu_3689_p2    |      icmp|   0|  0|  32|          25|          12|
    |icmp_ln48_136_fu_4163_p2    |      icmp|   0|  0|  32|          25|          12|
    |icmp_ln48_137_fu_4252_p2    |      icmp|   0|  0|  32|          25|          12|
    |icmp_ln48_138_fu_4341_p2    |      icmp|   0|  0|  32|          25|          12|
    |icmp_ln48_139_fu_4425_p2    |      icmp|   0|  0|  32|          25|          12|
    |icmp_ln48_fu_2962_p2        |      icmp|   0|  0|  32|          25|          12|
    |icmp_ln52_125_fu_3093_p2    |      icmp|   0|  0|  32|          25|          25|
    |icmp_ln52_126_fu_3192_p2    |      icmp|   0|  0|  32|          25|          25|
    |icmp_ln52_127_fu_3291_p2    |      icmp|   0|  0|  32|          25|          25|
    |icmp_ln52_128_fu_3833_p2    |      icmp|   0|  0|  32|          25|          25|
    |icmp_ln52_129_fu_3922_p2    |      icmp|   0|  0|  32|          25|          25|
    |icmp_ln52_130_fu_4011_p2    |      icmp|   0|  0|  32|          25|          25|
    |icmp_ln52_131_fu_4095_p2    |      icmp|   0|  0|  32|          25|          25|
    |icmp_ln52_132_fu_3418_p2    |      icmp|   0|  0|  32|          25|          25|
    |icmp_ln52_133_fu_3517_p2    |      icmp|   0|  0|  32|          25|          25|
    |icmp_ln52_134_fu_3616_p2    |      icmp|   0|  0|  32|          25|          25|
    |icmp_ln52_135_fu_3715_p2    |      icmp|   0|  0|  32|          25|          25|
    |icmp_ln52_136_fu_4189_p2    |      icmp|   0|  0|  32|          25|          25|
    |icmp_ln52_137_fu_4278_p2    |      icmp|   0|  0|  32|          25|          25|
    |icmp_ln52_138_fu_4367_p2    |      icmp|   0|  0|  32|          25|          25|
    |icmp_ln52_139_fu_4451_p2    |      icmp|   0|  0|  32|          25|          25|
    |icmp_ln52_fu_2988_p2        |      icmp|   0|  0|  32|          25|          25|
    |icmp_ln83_15_fu_2134_p2     |      icmp|   0|  0|  12|           4|           4|
    |icmp_ln83_16_fu_2168_p2     |      icmp|   0|  0|  12|           4|           4|
    |icmp_ln83_17_fu_2202_p2     |      icmp|   0|  0|  12|           4|           4|
    |icmp_ln83_18_fu_2236_p2     |      icmp|   0|  0|  12|           4|           4|
    |icmp_ln83_19_fu_2250_p2     |      icmp|   0|  0|  12|           4|           3|
    |icmp_ln83_20_fu_2264_p2     |      icmp|   0|  0|  12|           4|           3|
    |icmp_ln83_21_fu_2278_p2     |      icmp|   0|  0|  12|           4|           2|
    |icmp_ln83_fu_2021_p2        |      icmp|   0|  0|  12|           4|           1|
    |icmp_ln84_15_fu_2436_p2     |      icmp|   0|  0|  12|           4|           1|
    |icmp_ln84_16_fu_2442_p2     |      icmp|   0|  0|  12|           4|           2|
    |icmp_ln84_17_fu_2448_p2     |      icmp|   0|  0|  12|           4|           2|
    |icmp_ln84_18_fu_2454_p2     |      icmp|   0|  0|  12|           4|           3|
    |icmp_ln84_19_fu_2460_p2     |      icmp|   0|  0|  12|           4|           3|
    |icmp_ln84_20_fu_2466_p2     |      icmp|   0|  0|  12|           4|           3|
    |icmp_ln84_21_fu_2472_p2     |      icmp|   0|  0|  12|           4|           3|
    |icmp_ln84_fu_2000_p2        |      icmp|   0|  0|  12|           4|           1|
    |j_10_fu_2084_p2             |        or|   0|  0|   4|           4|           2|
    |j_11_fu_2114_p2             |        or|   0|  0|   4|           4|           3|
    |j_12_fu_2119_p2             |        or|   0|  0|   4|           4|           3|
    |j_13_fu_2124_p2             |        or|   0|  0|   4|           4|           3|
    |j_14_fu_2129_p2             |        or|   0|  0|   4|           4|           3|
    |j_8_fu_2058_p2              |        or|   0|  0|   4|           4|           1|
    |j_9_fu_2071_p2              |        or|   0|  0|   4|           4|           2|
    |or_ln78_fu_2097_p2          |        or|   0|  0|   5|           5|           1|
    |or_ln81_fu_1958_p2          |        or|   0|  0|   4|           4|           1|
    |select_ln48_125_fu_3083_p3  |    select|   0|  0|  11|           1|          12|
    |select_ln48_126_fu_3182_p3  |    select|   0|  0|  11|           1|          12|
    |select_ln48_127_fu_3281_p3  |    select|   0|  0|  11|           1|          12|
    |select_ln48_128_fu_3823_p3  |    select|   0|  0|  11|           1|          12|
    |select_ln48_129_fu_3912_p3  |    select|   0|  0|  11|           1|          12|
    |select_ln48_130_fu_4001_p3  |    select|   0|  0|  11|           1|          12|
    |select_ln48_131_fu_4085_p3  |    select|   0|  0|  11|           1|          12|
    |select_ln48_132_fu_3408_p3  |    select|   0|  0|  11|           1|          12|
    |select_ln48_133_fu_3507_p3  |    select|   0|  0|  11|           1|          12|
    |select_ln48_134_fu_3606_p3  |    select|   0|  0|  11|           1|          12|
    |select_ln48_135_fu_3705_p3  |    select|   0|  0|  11|           1|          12|
    |select_ln48_136_fu_4179_p3  |    select|   0|  0|  11|           1|          12|
    |select_ln48_137_fu_4268_p3  |    select|   0|  0|  11|           1|          12|
    |select_ln48_138_fu_4357_p3  |    select|   0|  0|  11|           1|          12|
    |select_ln48_139_fu_4441_p3  |    select|   0|  0|  11|           1|          12|
    |select_ln48_fu_2978_p3      |    select|   0|  0|  11|           1|          12|
    |select_ln52_125_fu_3105_p3  |    select|   0|  0|  11|           1|          12|
    |select_ln52_126_fu_3204_p3  |    select|   0|  0|  11|           1|          12|
    |select_ln52_127_fu_3303_p3  |    select|   0|  0|  11|           1|          12|
    |select_ln52_128_fu_3845_p3  |    select|   0|  0|  11|           1|          12|
    |select_ln52_129_fu_3934_p3  |    select|   0|  0|  11|           1|          12|
    |select_ln52_130_fu_4023_p3  |    select|   0|  0|  11|           1|          12|
    |select_ln52_131_fu_4112_p3  |    select|   0|  0|  11|           1|          12|
    |select_ln52_132_fu_3430_p3  |    select|   0|  0|  11|           1|          12|
    |select_ln52_133_fu_3529_p3  |    select|   0|  0|  11|           1|          12|
    |select_ln52_134_fu_3628_p3  |    select|   0|  0|  11|           1|          12|
    |select_ln52_135_fu_3727_p3  |    select|   0|  0|  11|           1|          12|
    |select_ln52_136_fu_4201_p3  |    select|   0|  0|  11|           1|          12|
    |select_ln52_137_fu_4290_p3  |    select|   0|  0|  11|           1|          12|
    |select_ln52_138_fu_4379_p3  |    select|   0|  0|  11|           1|          12|
    |select_ln52_139_fu_4468_p3  |    select|   0|  0|  11|           1|          12|
    |select_ln52_fu_3006_p3      |    select|   0|  0|  11|           1|          12|
    |select_ln83_30_fu_2140_p3   |    select|   0|  0|  11|           1|          12|
    |select_ln83_32_fu_2174_p3   |    select|   0|  0|  11|           1|          12|
    |select_ln83_34_fu_2208_p3   |    select|   0|  0|  11|           1|          12|
    |select_ln83_36_fu_2242_p3   |    select|   0|  0|  11|           1|          12|
    |select_ln83_38_fu_2256_p3   |    select|   0|  0|  11|           1|          12|
    |select_ln83_40_fu_2270_p3   |    select|   0|  0|  11|           1|          12|
    |select_ln83_42_fu_2284_p3   |    select|   0|  0|  11|           1|          12|
    |select_ln83_fu_2026_p3      |    select|   0|  0|  11|           1|          12|
    |select_ln85_31_fu_2292_p3   |    select|   0|  0|  11|           1|          12|
    |select_ln85_33_fu_2320_p3   |    select|   0|  0|  11|           1|          12|
    |select_ln85_35_fu_2348_p3   |    select|   0|  0|  11|           1|          12|
    |select_ln85_37_fu_2376_p3   |    select|   0|  0|  11|           1|          12|
    |select_ln85_39_fu_2404_p3   |    select|   0|  0|  11|           1|          12|
    |select_ln85_41_fu_2412_p3   |    select|   0|  0|  11|           1|          12|
    |select_ln85_43_fu_2420_p3   |    select|   0|  0|  11|           1|          12|
    |select_ln85_45_fu_2428_p3   |    select|   0|  0|  11|           1|          12|
    |tA_49_fu_4052_p3            |    select|   0|  0|  25|           1|          25|
    |tA_50_fu_3050_p3            |    select|   0|  0|  25|           1|          25|
    |tA_51_fu_3149_p3            |    select|   0|  0|  25|           1|          25|
    |tA_52_fu_3248_p3            |    select|   0|  0|  25|           1|          25|
    |tA_53_fu_3790_p3            |    select|   0|  0|  25|           1|          25|
    |tA_54_fu_3879_p3            |    select|   0|  0|  25|           1|          25|
    |tA_55_fu_3968_p3            |    select|   0|  0|  25|           1|          25|
    |tA_fu_2945_p3               |    select|   0|  0|  25|           1|          25|
    |tB_49_fu_3375_p3            |    select|   0|  0|  25|           1|          25|
    |tB_50_fu_3474_p3            |    select|   0|  0|  25|           1|          25|
    |tB_51_fu_3573_p3            |    select|   0|  0|  25|           1|          25|
    |tB_52_fu_3672_p3            |    select|   0|  0|  25|           1|          25|
    |tB_53_fu_4146_p3            |    select|   0|  0|  25|           1|          25|
    |tB_54_fu_4235_p3            |    select|   0|  0|  25|           1|          25|
    |tB_55_fu_4324_p3            |    select|   0|  0|  25|           1|          25|
    |tB_fu_4408_p3               |    select|   0|  0|  25|           1|          25|
    |uA_50_fu_3020_p3            |    select|   0|  0|  11|           1|          12|
    |uA_51_fu_3119_p3            |    select|   0|  0|  11|           1|          12|
    |uA_52_fu_3218_p3            |    select|   0|  0|  11|           1|          12|
    |uA_53_fu_3317_p3            |    select|   0|  0|  11|           1|          12|
    |uA_54_fu_3324_p3            |    select|   0|  0|  11|           1|          12|
    |uA_55_fu_3331_p3            |    select|   0|  0|  11|           1|          12|
    |uA_56_fu_3338_p3            |    select|   0|  0|  11|           1|          12|
    |uA_fu_2921_p3               |    select|   0|  0|  11|           1|          12|
    |uB_50_fu_3444_p3            |    select|   0|  0|  11|           1|          12|
    |uB_51_fu_3543_p3            |    select|   0|  0|  11|           1|          12|
    |uB_52_fu_3642_p3            |    select|   0|  0|  11|           1|          12|
    |uB_53_fu_3741_p3            |    select|   0|  0|  11|           1|          12|
    |uB_54_fu_3748_p3            |    select|   0|  0|  11|           1|          12|
    |uB_55_fu_3755_p3            |    select|   0|  0|  11|           1|          12|
    |uB_56_fu_3762_p3            |    select|   0|  0|  11|           1|          12|
    |uB_fu_3345_p3               |    select|   0|  0|  11|           1|          12|
    |ap_enable_pp0               |       xor|   0|  0|   2|           1|           2|
    |xor_ln52_125_fu_3099_p2     |       xor|   0|  0|   2|           1|           2|
    |xor_ln52_126_fu_3198_p2     |       xor|   0|  0|   2|           1|           2|
    |xor_ln52_127_fu_3297_p2     |       xor|   0|  0|   2|           1|           2|
    |xor_ln52_128_fu_3839_p2     |       xor|   0|  0|   2|           1|           2|
    |xor_ln52_129_fu_3928_p2     |       xor|   0|  0|   2|           1|           2|
    |xor_ln52_130_fu_4017_p2     |       xor|   0|  0|   2|           1|           2|
    |xor_ln52_131_fu_4101_p2     |       xor|   0|  0|   2|           1|           2|
    |xor_ln52_132_fu_3424_p2     |       xor|   0|  0|   2|           1|           2|
    |xor_ln52_133_fu_3523_p2     |       xor|   0|  0|   2|           1|           2|
    |xor_ln52_134_fu_3622_p2     |       xor|   0|  0|   2|           1|           2|
    |xor_ln52_135_fu_3721_p2     |       xor|   0|  0|   2|           1|           2|
    |xor_ln52_136_fu_4195_p2     |       xor|   0|  0|   2|           1|           2|
    |xor_ln52_137_fu_4284_p2     |       xor|   0|  0|   2|           1|           2|
    |xor_ln52_138_fu_4373_p2     |       xor|   0|  0|   2|           1|           2|
    |xor_ln52_139_fu_4457_p2     |       xor|   0|  0|   2|           1|           2|
    |xor_ln52_fu_2994_p2         |       xor|   0|  0|   2|           1|           2|
    +----------------------------+----------+----+---+----+------------+------------+
    |Total                       |          |   0|  0|4854|        2782|        3188|
    +----------------------------+----------+----+---+----+------------+------------+

    * Multiplexer: 
    +--------------------------+----+-----------+-----+-----------+
    |           Name           | LUT| Input Size| Bits| Total Bits|
    +--------------------------+----+-----------+-----+-----------+
    |ap_NS_fsm                 |  14|          3|    1|          3|
    |ap_done_int               |   9|          2|    1|          2|
    |ap_enable_reg_pp0_iter0   |   9|          2|    1|          2|
    |ap_enable_reg_pp0_iter1   |   9|          2|    1|          2|
    |ap_sig_allocacmp_m        |   9|          2|    8|         16|
    |dA_0_address0             |  14|          3|    4|         12|
    |dA_0_d0                   |  14|          3|   12|         36|
    |dA_10_address0            |  14|          3|    4|         12|
    |dA_10_d0                  |  14|          3|   12|         36|
    |dA_11_address0            |  14|          3|    4|         12|
    |dA_11_d0                  |  14|          3|   12|         36|
    |dA_12_address0            |  14|          3|    4|         12|
    |dA_12_d0                  |  14|          3|   12|         36|
    |dA_13_address0            |  14|          3|    4|         12|
    |dA_13_d0                  |  14|          3|   12|         36|
    |dA_14_address0            |  14|          3|    4|         12|
    |dA_14_d0                  |  14|          3|   12|         36|
    |dA_15_address0            |  14|          3|    4|         12|
    |dA_15_d0                  |  14|          3|   12|         36|
    |dA_1_address0             |  14|          3|    4|         12|
    |dA_1_d0                   |  14|          3|   12|         36|
    |dA_2_address0             |  14|          3|    4|         12|
    |dA_2_d0                   |  14|          3|   12|         36|
    |dA_3_address0             |  14|          3|    4|         12|
    |dA_3_d0                   |  14|          3|   12|         36|
    |dA_4_address0             |  14|          3|    4|         12|
    |dA_4_d0                   |  14|          3|   12|         36|
    |dA_5_address0             |  14|          3|    4|         12|
    |dA_5_d0                   |  14|          3|   12|         36|
    |dA_6_address0             |  14|          3|    4|         12|
    |dA_6_d0                   |  14|          3|   12|         36|
    |dA_7_address0             |  14|          3|    4|         12|
    |dA_7_d0                   |  14|          3|   12|         36|
    |dA_8_address0             |  14|          3|    4|         12|
    |dA_8_d0                   |  14|          3|   12|         36|
    |dA_9_address0             |  14|          3|    4|         12|
    |dA_9_d0                   |  14|          3|   12|         36|
    |dB_0_address0             |  14|          3|    4|         12|
    |dB_0_d0                   |  14|          3|   12|         36|
    |dB_10_address0            |  14|          3|    4|         12|
    |dB_10_d0                  |  14|          3|   12|         36|
    |dB_11_address0            |  14|          3|    4|         12|
    |dB_11_d0                  |  14|          3|   12|         36|
    |dB_12_address0            |  14|          3|    4|         12|
    |dB_12_d0                  |  14|          3|   12|         36|
    |dB_13_address0            |  14|          3|    4|         12|
    |dB_13_d0                  |  14|          3|   12|         36|
    |dB_14_address0            |  14|          3|    4|         12|
    |dB_14_d0                  |  14|          3|   12|         36|
    |dB_15_address0            |  14|          3|    4|         12|
    |dB_15_d0                  |  14|          3|   12|         36|
    |dB_1_address0             |  14|          3|    4|         12|
    |dB_1_d0                   |  14|          3|   12|         36|
    |dB_2_address0             |  14|          3|    4|         12|
    |dB_2_d0                   |  14|          3|   12|         36|
    |dB_3_address0             |  14|          3|    4|         12|
    |dB_3_d0                   |  14|          3|   12|         36|
    |dB_4_address0             |  14|          3|    4|         12|
    |dB_4_d0                   |  14|          3|   12|         36|
    |dB_5_address0             |  14|          3|    4|         12|
    |dB_5_d0                   |  14|          3|   12|         36|
    |dB_6_address0             |  14|          3|    4|         12|
    |dB_6_d0                   |  14|          3|   12|         36|
    |dB_7_address0             |  14|          3|    4|         12|
    |dB_7_d0                   |  14|          3|   12|         36|
    |dB_8_address0             |  14|          3|    4|         12|
    |dB_8_d0                   |  14|          3|   12|         36|
    |dB_9_address0             |  14|          3|    4|         12|
    |dB_9_d0                   |  14|          3|   12|         36|
    |idx_fu_268                |   9|          2|    8|         16|
    |p_ZL5FWD_W_0_3_address0   |  14|          3|    5|         15|
    |p_ZL5FWD_W_1_3_address0   |  14|          3|    5|         15|
    |p_ZL5FWD_W_2_3_address0   |  14|          3|    5|         15|
    |p_ZL5FWD_W_3_3_address0   |  14|          3|    5|         15|
    |p_ZL6FWD_MW_0_3_address0  |  14|          3|    5|         15|
    |p_ZL6FWD_MW_1_3_address0  |  14|          3|    5|         15|
    |p_ZL6FWD_MW_2_3_address0  |  14|          3|    5|         15|
    |p_ZL6FWD_MW_3_3_address0  |  14|          3|    5|         15|
    +--------------------------+----+-----------+-----+-----------+
    |Total                     |1067|        229|  572|       1697|
    +--------------------------+----+-----------+-----+-----------+

    * Register: 
    +-------------------------------------+----+----+-----+-----------+
    |                 Name                | FF | LUT| Bits| Const Bits|
    +-------------------------------------+----+----+-----+-----------+
    |ap_CS_fsm                            |   2|   0|    2|          0|
    |ap_done_reg                          |   1|   0|    1|          0|
    |ap_enable_reg_pp0_iter0_reg          |   1|   0|    1|          0|
    |ap_enable_reg_pp0_iter1              |   1|   0|    1|          0|
    |ap_enable_reg_pp0_iter2              |   1|   0|    1|          0|
    |ap_enable_reg_pp0_iter3              |   1|   0|    1|          0|
    |ap_loop_exit_ready_pp0_iter1_reg     |   1|   0|    1|          0|
    |ap_loop_exit_ready_pp0_iter2_reg     |   1|   0|    1|          0|
    |dA_12_addr_3_reg_5815                |   3|   0|    4|          1|
    |dA_13_addr_3_reg_5835                |   3|   0|    4|          1|
    |dA_14_addr_3_reg_5855                |   3|   0|    4|          1|
    |dA_15_addr_3_reg_5899                |   3|   0|    4|          1|
    |dA_4_addr_3_reg_5810                 |   3|   0|    4|          1|
    |dA_5_addr_3_reg_5830                 |   3|   0|    4|          1|
    |dA_6_addr_3_reg_5850                 |   3|   0|    4|          1|
    |dA_7_addr_3_reg_5894                 |   3|   0|    4|          1|
    |dB_12_addr_3_reg_5825                |   3|   0|    4|          1|
    |dB_13_addr_3_reg_5845                |   3|   0|    4|          1|
    |dB_14_addr_3_reg_5865                |   3|   0|    4|          1|
    |dB_15_addr_3_reg_5933                |   3|   0|    4|          1|
    |dB_4_addr_3_reg_5820                 |   3|   0|    4|          1|
    |dB_5_addr_3_reg_5840                 |   3|   0|    4|          1|
    |dB_6_addr_3_reg_5860                 |   3|   0|    4|          1|
    |dB_7_addr_3_reg_5928                 |   3|   0|    4|          1|
    |icmp_ln83_15_reg_5034                |   1|   0|    1|          0|
    |icmp_ln83_15_reg_5034_pp0_iter1_reg  |   1|   0|    1|          0|
    |icmp_ln83_16_reg_5050                |   1|   0|    1|          0|
    |icmp_ln83_16_reg_5050_pp0_iter1_reg  |   1|   0|    1|          0|
    |icmp_ln83_17_reg_5066                |   1|   0|    1|          0|
    |icmp_ln83_17_reg_5066_pp0_iter1_reg  |   1|   0|    1|          0|
    |icmp_ln83_18_reg_5082                |   1|   0|    1|          0|
    |icmp_ln83_18_reg_5082_pp0_iter1_reg  |   1|   0|    1|          0|
    |icmp_ln83_19_reg_5094                |   1|   0|    1|          0|
    |icmp_ln83_19_reg_5094_pp0_iter1_reg  |   1|   0|    1|          0|
    |icmp_ln83_20_reg_5106                |   1|   0|    1|          0|
    |icmp_ln83_20_reg_5106_pp0_iter1_reg  |   1|   0|    1|          0|
    |icmp_ln83_21_reg_5118                |   1|   0|    1|          0|
    |icmp_ln83_21_reg_5118_pp0_iter1_reg  |   1|   0|    1|          0|
    |icmp_ln83_reg_4936                   |   1|   0|    1|          0|
    |icmp_ln83_reg_4936_pp0_iter1_reg     |   1|   0|    1|          0|
    |icmp_ln84_15_reg_5194                |   1|   0|    1|          0|
    |icmp_ln84_16_reg_5198                |   1|   0|    1|          0|
    |icmp_ln84_17_reg_5202                |   1|   0|    1|          0|
    |icmp_ln84_18_reg_5206                |   1|   0|    1|          0|
    |icmp_ln84_19_reg_5210                |   1|   0|    1|          0|
    |icmp_ln84_20_reg_5214                |   1|   0|    1|          0|
    |icmp_ln84_21_reg_5218                |   1|   0|    1|          0|
    |icmp_ln84_reg_4926                   |   1|   0|    1|          0|
    |idx_fu_268                           |   8|   0|    8|          0|
    |j_reg_4668                           |   4|   0|    4|          0|
    |lshr_ln_reg_4680                     |   5|   0|    5|          0|
    |select_ln83_36_reg_5088              |  12|   0|   12|          0|
    |select_ln83_38_reg_5100              |  12|   0|   12|          0|
    |select_ln83_40_reg_5112              |  12|   0|   12|          0|
    |select_ln83_42_reg_5124              |  12|   0|   12|          0|
    |select_ln85_39_reg_5170              |  12|   0|   12|          0|
    |select_ln85_41_reg_5176              |  12|   0|   12|          0|
    |select_ln85_43_reg_5182              |  12|   0|   12|          0|
    |select_ln85_45_reg_5188              |  12|   0|   12|          0|
    |sub_ln84_36_reg_5712                 |  12|   0|   12|          0|
    |sub_ln84_37_reg_5718                 |  12|   0|   12|          0|
    |sub_ln84_38_reg_5724                 |  12|   0|   12|          0|
    |sub_ln84_39_reg_5870                 |  12|   0|   12|          0|
    |sub_ln84_40_reg_5876                 |  12|   0|   12|          0|
    |sub_ln84_41_reg_5882                 |  12|   0|   12|          0|
    |sub_ln84_42_reg_5888                 |  12|   0|   12|          0|
    |sub_ln84_reg_5706                    |  12|   0|   12|          0|
    |sub_ln86_36_reg_5764                 |  12|   0|   12|          0|
    |sub_ln86_37_reg_5770                 |  12|   0|   12|          0|
    |sub_ln86_38_reg_5776                 |  12|   0|   12|          0|
    |sub_ln86_39_reg_5904                 |  12|   0|   12|          0|
    |sub_ln86_40_reg_5910                 |  12|   0|   12|          0|
    |sub_ln86_41_reg_5916                 |  12|   0|   12|          0|
    |sub_ln86_42_reg_5922                 |  12|   0|   12|          0|
    |sub_ln86_reg_5758                    |  12|   0|   12|          0|
    |tmp_22_reg_4664                      |   1|   0|    1|          0|
    |tmp_reg_4685                         |   3|   0|    3|          0|
    |tmp_reg_4685_pp0_iter1_reg           |   3|   0|    3|          0|
    |uA_53_reg_5730                       |  12|   0|   12|          0|
    |uA_54_reg_5737                       |  12|   0|   12|          0|
    |uA_55_reg_5744                       |  12|   0|   12|          0|
    |uA_56_reg_5751                       |  12|   0|   12|          0|
    |uB_53_reg_5782                       |  12|   0|   12|          0|
    |uB_54_reg_5789                       |  12|   0|   12|          0|
    |uB_55_reg_5796                       |  12|   0|   12|          0|
    |uB_56_reg_5803                       |  12|   0|   12|          0|
    |xw_245_reg_5651                      |  24|   0|   24|          0|
    |xw_246_reg_5701                      |  24|   0|   24|          0|
    |xw_247_reg_5395                      |  24|   0|   24|          0|
    |xw_248_reg_5365                      |  24|   0|   24|          0|
    |xw_249_reg_5405                      |  24|   0|   24|          0|
    |xw_250_reg_5375                      |  24|   0|   24|          0|
    |xw_251_reg_5415                      |  24|   0|   24|          0|
    |xw_252_reg_5385                      |  24|   0|   24|          0|
    |xw_253_reg_5425                      |  24|   0|   24|          0|
    |xw_254_reg_5621                      |  24|   0|   24|          0|
    |xw_255_reg_5671                      |  24|   0|   24|          0|
    |xw_256_reg_5631                      |  24|   0|   24|          0|
    |xw_257_reg_5681                      |  24|   0|   24|          0|
    |xw_258_reg_5641                      |  24|   0|   24|          0|
    |xw_259_reg_5691                      |  24|   0|   24|          0|
    |xw_reg_5355                          |  24|   0|   24|          0|
    |zext_ln80_reg_5430                   |   3|   0|   64|         61|
    |zext_ln81_reg_4690                   |   3|   0|   64|         61|
    |icmp_ln84_15_reg_5194                |  64|  32|    1|          0|
    |icmp_ln84_16_reg_5198                |  64|  32|    1|          0|
    |icmp_ln84_17_reg_5202                |  64|  32|    1|          0|
    |icmp_ln84_18_reg_5206                |  64|  32|    1|          0|
    |icmp_ln84_19_reg_5210                |  64|  32|    1|          0|
    |icmp_ln84_20_reg_5214                |  64|  32|    1|          0|
    |icmp_ln84_21_reg_5218                |  64|  32|    1|          0|
    |icmp_ln84_reg_4926                   |  64|  32|    1|          0|
    |zext_ln81_reg_4690                   |  64|  32|   64|         61|
    +-------------------------------------+----+----+-----+-----------+
    |Total                                |1455| 288| 1089|        199|
    +-------------------------------------+----+----+-----+-----------+



================================================================
== Interface
================================================================
* Summary: 
+----------------+-----+-----+------------+------------------+--------------+
|    RTL Ports   | Dir | Bits|  Protocol  |   Source Object  |    C Type    |
+----------------+-----+-----+------------+------------------+--------------+
|ap_clk          |   in|    1|  ap_ctrl_hs|  fwd_stage2_t<16>|  return value|
|ap_rst          |   in|    1|  ap_ctrl_hs|  fwd_stage2_t<16>|  return value|
|ap_start        |   in|    1|  ap_ctrl_hs|  fwd_stage2_t<16>|  return value|
|ap_done         |  out|    1|  ap_ctrl_hs|  fwd_stage2_t<16>|  return value|
|ap_idle         |  out|    1|  ap_ctrl_hs|  fwd_stage2_t<16>|  return value|
|ap_ready        |  out|    1|  ap_ctrl_hs|  fwd_stage2_t<16>|  return value|
|sA_0_address0   |  out|    4|   ap_memory|              sA_0|         array|
|sA_0_ce0        |  out|    1|   ap_memory|              sA_0|         array|
|sA_0_q0         |   in|   12|   ap_memory|              sA_0|         array|
|sA_0_address1   |  out|    4|   ap_memory|              sA_0|         array|
|sA_0_ce1        |  out|    1|   ap_memory|              sA_0|         array|
|sA_0_q1         |   in|   12|   ap_memory|              sA_0|         array|
|sA_1_address0   |  out|    4|   ap_memory|              sA_1|         array|
|sA_1_ce0        |  out|    1|   ap_memory|              sA_1|         array|
|sA_1_q0         |   in|   12|   ap_memory|              sA_1|         array|
|sA_1_address1   |  out|    4|   ap_memory|              sA_1|         array|
|sA_1_ce1        |  out|    1|   ap_memory|              sA_1|         array|
|sA_1_q1         |   in|   12|   ap_memory|              sA_1|         array|
|sA_2_address0   |  out|    4|   ap_memory|              sA_2|         array|
|sA_2_ce0        |  out|    1|   ap_memory|              sA_2|         array|
|sA_2_q0         |   in|   12|   ap_memory|              sA_2|         array|
|sA_2_address1   |  out|    4|   ap_memory|              sA_2|         array|
|sA_2_ce1        |  out|    1|   ap_memory|              sA_2|         array|
|sA_2_q1         |   in|   12|   ap_memory|              sA_2|         array|
|sA_3_address0   |  out|    4|   ap_memory|              sA_3|         array|
|sA_3_ce0        |  out|    1|   ap_memory|              sA_3|         array|
|sA_3_q0         |   in|   12|   ap_memory|              sA_3|         array|
|sA_3_address1   |  out|    4|   ap_memory|              sA_3|         array|
|sA_3_ce1        |  out|    1|   ap_memory|              sA_3|         array|
|sA_3_q1         |   in|   12|   ap_memory|              sA_3|         array|
|sA_4_address0   |  out|    4|   ap_memory|              sA_4|         array|
|sA_4_ce0        |  out|    1|   ap_memory|              sA_4|         array|
|sA_4_q0         |   in|   12|   ap_memory|              sA_4|         array|
|sA_4_address1   |  out|    4|   ap_memory|              sA_4|         array|
|sA_4_ce1        |  out|    1|   ap_memory|              sA_4|         array|
|sA_4_q1         |   in|   12|   ap_memory|              sA_4|         array|
|sA_5_address0   |  out|    4|   ap_memory|              sA_5|         array|
|sA_5_ce0        |  out|    1|   ap_memory|              sA_5|         array|
|sA_5_q0         |   in|   12|   ap_memory|              sA_5|         array|
|sA_5_address1   |  out|    4|   ap_memory|              sA_5|         array|
|sA_5_ce1        |  out|    1|   ap_memory|              sA_5|         array|
|sA_5_q1         |   in|   12|   ap_memory|              sA_5|         array|
|sA_6_address0   |  out|    4|   ap_memory|              sA_6|         array|
|sA_6_ce0        |  out|    1|   ap_memory|              sA_6|         array|
|sA_6_q0         |   in|   12|   ap_memory|              sA_6|         array|
|sA_6_address1   |  out|    4|   ap_memory|              sA_6|         array|
|sA_6_ce1        |  out|    1|   ap_memory|              sA_6|         array|
|sA_6_q1         |   in|   12|   ap_memory|              sA_6|         array|
|sA_7_address0   |  out|    4|   ap_memory|              sA_7|         array|
|sA_7_ce0        |  out|    1|   ap_memory|              sA_7|         array|
|sA_7_q0         |   in|   12|   ap_memory|              sA_7|         array|
|sA_7_address1   |  out|    4|   ap_memory|              sA_7|         array|
|sA_7_ce1        |  out|    1|   ap_memory|              sA_7|         array|
|sA_7_q1         |   in|   12|   ap_memory|              sA_7|         array|
|sA_8_address0   |  out|    4|   ap_memory|              sA_8|         array|
|sA_8_ce0        |  out|    1|   ap_memory|              sA_8|         array|
|sA_8_q0         |   in|   12|   ap_memory|              sA_8|         array|
|sA_8_address1   |  out|    4|   ap_memory|              sA_8|         array|
|sA_8_ce1        |  out|    1|   ap_memory|              sA_8|         array|
|sA_8_q1         |   in|   12|   ap_memory|              sA_8|         array|
|sA_9_address0   |  out|    4|   ap_memory|              sA_9|         array|
|sA_9_ce0        |  out|    1|   ap_memory|              sA_9|         array|
|sA_9_q0         |   in|   12|   ap_memory|              sA_9|         array|
|sA_9_address1   |  out|    4|   ap_memory|              sA_9|         array|
|sA_9_ce1        |  out|    1|   ap_memory|              sA_9|         array|
|sA_9_q1         |   in|   12|   ap_memory|              sA_9|         array|
|sA_10_address0  |  out|    4|   ap_memory|             sA_10|         array|
|sA_10_ce0       |  out|    1|   ap_memory|             sA_10|         array|
|sA_10_q0        |   in|   12|   ap_memory|             sA_10|         array|
|sA_10_address1  |  out|    4|   ap_memory|             sA_10|         array|
|sA_10_ce1       |  out|    1|   ap_memory|             sA_10|         array|
|sA_10_q1        |   in|   12|   ap_memory|             sA_10|         array|
|sA_11_address0  |  out|    4|   ap_memory|             sA_11|         array|
|sA_11_ce0       |  out|    1|   ap_memory|             sA_11|         array|
|sA_11_q0        |   in|   12|   ap_memory|             sA_11|         array|
|sA_11_address1  |  out|    4|   ap_memory|             sA_11|         array|
|sA_11_ce1       |  out|    1|   ap_memory|             sA_11|         array|
|sA_11_q1        |   in|   12|   ap_memory|             sA_11|         array|
|sA_12_address0  |  out|    4|   ap_memory|             sA_12|         array|
|sA_12_ce0       |  out|    1|   ap_memory|             sA_12|         array|
|sA_12_q0        |   in|   12|   ap_memory|             sA_12|         array|
|sA_12_address1  |  out|    4|   ap_memory|             sA_12|         array|
|sA_12_ce1       |  out|    1|   ap_memory|             sA_12|         array|
|sA_12_q1        |   in|   12|   ap_memory|             sA_12|         array|
|sA_13_address0  |  out|    4|   ap_memory|             sA_13|         array|
|sA_13_ce0       |  out|    1|   ap_memory|             sA_13|         array|
|sA_13_q0        |   in|   12|   ap_memory|             sA_13|         array|
|sA_13_address1  |  out|    4|   ap_memory|             sA_13|         array|
|sA_13_ce1       |  out|    1|   ap_memory|             sA_13|         array|
|sA_13_q1        |   in|   12|   ap_memory|             sA_13|         array|
|sA_14_address0  |  out|    4|   ap_memory|             sA_14|         array|
|sA_14_ce0       |  out|    1|   ap_memory|             sA_14|         array|
|sA_14_q0        |   in|   12|   ap_memory|             sA_14|         array|
|sA_14_address1  |  out|    4|   ap_memory|             sA_14|         array|
|sA_14_ce1       |  out|    1|   ap_memory|             sA_14|         array|
|sA_14_q1        |   in|   12|   ap_memory|             sA_14|         array|
|sA_15_address0  |  out|    4|   ap_memory|             sA_15|         array|
|sA_15_ce0       |  out|    1|   ap_memory|             sA_15|         array|
|sA_15_q0        |   in|   12|   ap_memory|             sA_15|         array|
|sA_15_address1  |  out|    4|   ap_memory|             sA_15|         array|
|sA_15_ce1       |  out|    1|   ap_memory|             sA_15|         array|
|sA_15_q1        |   in|   12|   ap_memory|             sA_15|         array|
|dA_0_address0   |  out|    4|   ap_memory|              dA_0|         array|
|dA_0_ce0        |  out|    1|   ap_memory|              dA_0|         array|
|dA_0_we0        |  out|    1|   ap_memory|              dA_0|         array|
|dA_0_d0         |  out|   12|   ap_memory|              dA_0|         array|
|dA_1_address0   |  out|    4|   ap_memory|              dA_1|         array|
|dA_1_ce0        |  out|    1|   ap_memory|              dA_1|         array|
|dA_1_we0        |  out|    1|   ap_memory|              dA_1|         array|
|dA_1_d0         |  out|   12|   ap_memory|              dA_1|         array|
|dA_2_address0   |  out|    4|   ap_memory|              dA_2|         array|
|dA_2_ce0        |  out|    1|   ap_memory|              dA_2|         array|
|dA_2_we0        |  out|    1|   ap_memory|              dA_2|         array|
|dA_2_d0         |  out|   12|   ap_memory|              dA_2|         array|
|dA_3_address0   |  out|    4|   ap_memory|              dA_3|         array|
|dA_3_ce0        |  out|    1|   ap_memory|              dA_3|         array|
|dA_3_we0        |  out|    1|   ap_memory|              dA_3|         array|
|dA_3_d0         |  out|   12|   ap_memory|              dA_3|         array|
|dA_4_address0   |  out|    4|   ap_memory|              dA_4|         array|
|dA_4_ce0        |  out|    1|   ap_memory|              dA_4|         array|
|dA_4_we0        |  out|    1|   ap_memory|              dA_4|         array|
|dA_4_d0         |  out|   12|   ap_memory|              dA_4|         array|
|dA_5_address0   |  out|    4|   ap_memory|              dA_5|         array|
|dA_5_ce0        |  out|    1|   ap_memory|              dA_5|         array|
|dA_5_we0        |  out|    1|   ap_memory|              dA_5|         array|
|dA_5_d0         |  out|   12|   ap_memory|              dA_5|         array|
|dA_6_address0   |  out|    4|   ap_memory|              dA_6|         array|
|dA_6_ce0        |  out|    1|   ap_memory|              dA_6|         array|
|dA_6_we0        |  out|    1|   ap_memory|              dA_6|         array|
|dA_6_d0         |  out|   12|   ap_memory|              dA_6|         array|
|dA_7_address0   |  out|    4|   ap_memory|              dA_7|         array|
|dA_7_ce0        |  out|    1|   ap_memory|              dA_7|         array|
|dA_7_we0        |  out|    1|   ap_memory|              dA_7|         array|
|dA_7_d0         |  out|   12|   ap_memory|              dA_7|         array|
|dA_8_address0   |  out|    4|   ap_memory|              dA_8|         array|
|dA_8_ce0        |  out|    1|   ap_memory|              dA_8|         array|
|dA_8_we0        |  out|    1|   ap_memory|              dA_8|         array|
|dA_8_d0         |  out|   12|   ap_memory|              dA_8|         array|
|dA_9_address0   |  out|    4|   ap_memory|              dA_9|         array|
|dA_9_ce0        |  out|    1|   ap_memory|              dA_9|         array|
|dA_9_we0        |  out|    1|   ap_memory|              dA_9|         array|
|dA_9_d0         |  out|   12|   ap_memory|              dA_9|         array|
|dA_10_address0  |  out|    4|   ap_memory|             dA_10|         array|
|dA_10_ce0       |  out|    1|   ap_memory|             dA_10|         array|
|dA_10_we0       |  out|    1|   ap_memory|             dA_10|         array|
|dA_10_d0        |  out|   12|   ap_memory|             dA_10|         array|
|dA_11_address0  |  out|    4|   ap_memory|             dA_11|         array|
|dA_11_ce0       |  out|    1|   ap_memory|             dA_11|         array|
|dA_11_we0       |  out|    1|   ap_memory|             dA_11|         array|
|dA_11_d0        |  out|   12|   ap_memory|             dA_11|         array|
|dA_12_address0  |  out|    4|   ap_memory|             dA_12|         array|
|dA_12_ce0       |  out|    1|   ap_memory|             dA_12|         array|
|dA_12_we0       |  out|    1|   ap_memory|             dA_12|         array|
|dA_12_d0        |  out|   12|   ap_memory|             dA_12|         array|
|dA_13_address0  |  out|    4|   ap_memory|             dA_13|         array|
|dA_13_ce0       |  out|    1|   ap_memory|             dA_13|         array|
|dA_13_we0       |  out|    1|   ap_memory|             dA_13|         array|
|dA_13_d0        |  out|   12|   ap_memory|             dA_13|         array|
|dA_14_address0  |  out|    4|   ap_memory|             dA_14|         array|
|dA_14_ce0       |  out|    1|   ap_memory|             dA_14|         array|
|dA_14_we0       |  out|    1|   ap_memory|             dA_14|         array|
|dA_14_d0        |  out|   12|   ap_memory|             dA_14|         array|
|dA_15_address0  |  out|    4|   ap_memory|             dA_15|         array|
|dA_15_ce0       |  out|    1|   ap_memory|             dA_15|         array|
|dA_15_we0       |  out|    1|   ap_memory|             dA_15|         array|
|dA_15_d0        |  out|   12|   ap_memory|             dA_15|         array|
|sB_0_address0   |  out|    4|   ap_memory|              sB_0|         array|
|sB_0_ce0        |  out|    1|   ap_memory|              sB_0|         array|
|sB_0_q0         |   in|   12|   ap_memory|              sB_0|         array|
|sB_0_address1   |  out|    4|   ap_memory|              sB_0|         array|
|sB_0_ce1        |  out|    1|   ap_memory|              sB_0|         array|
|sB_0_q1         |   in|   12|   ap_memory|              sB_0|         array|
|sB_1_address0   |  out|    4|   ap_memory|              sB_1|         array|
|sB_1_ce0        |  out|    1|   ap_memory|              sB_1|         array|
|sB_1_q0         |   in|   12|   ap_memory|              sB_1|         array|
|sB_1_address1   |  out|    4|   ap_memory|              sB_1|         array|
|sB_1_ce1        |  out|    1|   ap_memory|              sB_1|         array|
|sB_1_q1         |   in|   12|   ap_memory|              sB_1|         array|
|sB_2_address0   |  out|    4|   ap_memory|              sB_2|         array|
|sB_2_ce0        |  out|    1|   ap_memory|              sB_2|         array|
|sB_2_q0         |   in|   12|   ap_memory|              sB_2|         array|
|sB_2_address1   |  out|    4|   ap_memory|              sB_2|         array|
|sB_2_ce1        |  out|    1|   ap_memory|              sB_2|         array|
|sB_2_q1         |   in|   12|   ap_memory|              sB_2|         array|
|sB_3_address0   |  out|    4|   ap_memory|              sB_3|         array|
|sB_3_ce0        |  out|    1|   ap_memory|              sB_3|         array|
|sB_3_q0         |   in|   12|   ap_memory|              sB_3|         array|
|sB_3_address1   |  out|    4|   ap_memory|              sB_3|         array|
|sB_3_ce1        |  out|    1|   ap_memory|              sB_3|         array|
|sB_3_q1         |   in|   12|   ap_memory|              sB_3|         array|
|sB_4_address0   |  out|    4|   ap_memory|              sB_4|         array|
|sB_4_ce0        |  out|    1|   ap_memory|              sB_4|         array|
|sB_4_q0         |   in|   12|   ap_memory|              sB_4|         array|
|sB_4_address1   |  out|    4|   ap_memory|              sB_4|         array|
|sB_4_ce1        |  out|    1|   ap_memory|              sB_4|         array|
|sB_4_q1         |   in|   12|   ap_memory|              sB_4|         array|
|sB_5_address0   |  out|    4|   ap_memory|              sB_5|         array|
|sB_5_ce0        |  out|    1|   ap_memory|              sB_5|         array|
|sB_5_q0         |   in|   12|   ap_memory|              sB_5|         array|
|sB_5_address1   |  out|    4|   ap_memory|              sB_5|         array|
|sB_5_ce1        |  out|    1|   ap_memory|              sB_5|         array|
|sB_5_q1         |   in|   12|   ap_memory|              sB_5|         array|
|sB_6_address0   |  out|    4|   ap_memory|              sB_6|         array|
|sB_6_ce0        |  out|    1|   ap_memory|              sB_6|         array|
|sB_6_q0         |   in|   12|   ap_memory|              sB_6|         array|
|sB_6_address1   |  out|    4|   ap_memory|              sB_6|         array|
|sB_6_ce1        |  out|    1|   ap_memory|              sB_6|         array|
|sB_6_q1         |   in|   12|   ap_memory|              sB_6|         array|
|sB_7_address0   |  out|    4|   ap_memory|              sB_7|         array|
|sB_7_ce0        |  out|    1|   ap_memory|              sB_7|         array|
|sB_7_q0         |   in|   12|   ap_memory|              sB_7|         array|
|sB_7_address1   |  out|    4|   ap_memory|              sB_7|         array|
|sB_7_ce1        |  out|    1|   ap_memory|              sB_7|         array|
|sB_7_q1         |   in|   12|   ap_memory|              sB_7|         array|
|sB_8_address0   |  out|    4|   ap_memory|              sB_8|         array|
|sB_8_ce0        |  out|    1|   ap_memory|              sB_8|         array|
|sB_8_q0         |   in|   12|   ap_memory|              sB_8|         array|
|sB_8_address1   |  out|    4|   ap_memory|              sB_8|         array|
|sB_8_ce1        |  out|    1|   ap_memory|              sB_8|         array|
|sB_8_q1         |   in|   12|   ap_memory|              sB_8|         array|
|sB_9_address0   |  out|    4|   ap_memory|              sB_9|         array|
|sB_9_ce0        |  out|    1|   ap_memory|              sB_9|         array|
|sB_9_q0         |   in|   12|   ap_memory|              sB_9|         array|
|sB_9_address1   |  out|    4|   ap_memory|              sB_9|         array|
|sB_9_ce1        |  out|    1|   ap_memory|              sB_9|         array|
|sB_9_q1         |   in|   12|   ap_memory|              sB_9|         array|
|sB_10_address0  |  out|    4|   ap_memory|             sB_10|         array|
|sB_10_ce0       |  out|    1|   ap_memory|             sB_10|         array|
|sB_10_q0        |   in|   12|   ap_memory|             sB_10|         array|
|sB_10_address1  |  out|    4|   ap_memory|             sB_10|         array|
|sB_10_ce1       |  out|    1|   ap_memory|             sB_10|         array|
|sB_10_q1        |   in|   12|   ap_memory|             sB_10|         array|
|sB_11_address0  |  out|    4|   ap_memory|             sB_11|         array|
|sB_11_ce0       |  out|    1|   ap_memory|             sB_11|         array|
|sB_11_q0        |   in|   12|   ap_memory|             sB_11|         array|
|sB_11_address1  |  out|    4|   ap_memory|             sB_11|         array|
|sB_11_ce1       |  out|    1|   ap_memory|             sB_11|         array|
|sB_11_q1        |   in|   12|   ap_memory|             sB_11|         array|
|sB_12_address0  |  out|    4|   ap_memory|             sB_12|         array|
|sB_12_ce0       |  out|    1|   ap_memory|             sB_12|         array|
|sB_12_q0        |   in|   12|   ap_memory|             sB_12|         array|
|sB_12_address1  |  out|    4|   ap_memory|             sB_12|         array|
|sB_12_ce1       |  out|    1|   ap_memory|             sB_12|         array|
|sB_12_q1        |   in|   12|   ap_memory|             sB_12|         array|
|sB_13_address0  |  out|    4|   ap_memory|             sB_13|         array|
|sB_13_ce0       |  out|    1|   ap_memory|             sB_13|         array|
|sB_13_q0        |   in|   12|   ap_memory|             sB_13|         array|
|sB_13_address1  |  out|    4|   ap_memory|             sB_13|         array|
|sB_13_ce1       |  out|    1|   ap_memory|             sB_13|         array|
|sB_13_q1        |   in|   12|   ap_memory|             sB_13|         array|
|sB_14_address0  |  out|    4|   ap_memory|             sB_14|         array|
|sB_14_ce0       |  out|    1|   ap_memory|             sB_14|         array|
|sB_14_q0        |   in|   12|   ap_memory|             sB_14|         array|
|sB_14_address1  |  out|    4|   ap_memory|             sB_14|         array|
|sB_14_ce1       |  out|    1|   ap_memory|             sB_14|         array|
|sB_14_q1        |   in|   12|   ap_memory|             sB_14|         array|
|sB_15_address0  |  out|    4|   ap_memory|             sB_15|         array|
|sB_15_ce0       |  out|    1|   ap_memory|             sB_15|         array|
|sB_15_q0        |   in|   12|   ap_memory|             sB_15|         array|
|sB_15_address1  |  out|    4|   ap_memory|             sB_15|         array|
|sB_15_ce1       |  out|    1|   ap_memory|             sB_15|         array|
|sB_15_q1        |   in|   12|   ap_memory|             sB_15|         array|
|dB_0_address0   |  out|    4|   ap_memory|              dB_0|         array|
|dB_0_ce0        |  out|    1|   ap_memory|              dB_0|         array|
|dB_0_we0        |  out|    1|   ap_memory|              dB_0|         array|
|dB_0_d0         |  out|   12|   ap_memory|              dB_0|         array|
|dB_1_address0   |  out|    4|   ap_memory|              dB_1|         array|
|dB_1_ce0        |  out|    1|   ap_memory|              dB_1|         array|
|dB_1_we0        |  out|    1|   ap_memory|              dB_1|         array|
|dB_1_d0         |  out|   12|   ap_memory|              dB_1|         array|
|dB_2_address0   |  out|    4|   ap_memory|              dB_2|         array|
|dB_2_ce0        |  out|    1|   ap_memory|              dB_2|         array|
|dB_2_we0        |  out|    1|   ap_memory|              dB_2|         array|
|dB_2_d0         |  out|   12|   ap_memory|              dB_2|         array|
|dB_3_address0   |  out|    4|   ap_memory|              dB_3|         array|
|dB_3_ce0        |  out|    1|   ap_memory|              dB_3|         array|
|dB_3_we0        |  out|    1|   ap_memory|              dB_3|         array|
|dB_3_d0         |  out|   12|   ap_memory|              dB_3|         array|
|dB_4_address0   |  out|    4|   ap_memory|              dB_4|         array|
|dB_4_ce0        |  out|    1|   ap_memory|              dB_4|         array|
|dB_4_we0        |  out|    1|   ap_memory|              dB_4|         array|
|dB_4_d0         |  out|   12|   ap_memory|              dB_4|         array|
|dB_5_address0   |  out|    4|   ap_memory|              dB_5|         array|
|dB_5_ce0        |  out|    1|   ap_memory|              dB_5|         array|
|dB_5_we0        |  out|    1|   ap_memory|              dB_5|         array|
|dB_5_d0         |  out|   12|   ap_memory|              dB_5|         array|
|dB_6_address0   |  out|    4|   ap_memory|              dB_6|         array|
|dB_6_ce0        |  out|    1|   ap_memory|              dB_6|         array|
|dB_6_we0        |  out|    1|   ap_memory|              dB_6|         array|
|dB_6_d0         |  out|   12|   ap_memory|              dB_6|         array|
|dB_7_address0   |  out|    4|   ap_memory|              dB_7|         array|
|dB_7_ce0        |  out|    1|   ap_memory|              dB_7|         array|
|dB_7_we0        |  out|    1|   ap_memory|              dB_7|         array|
|dB_7_d0         |  out|   12|   ap_memory|              dB_7|         array|
|dB_8_address0   |  out|    4|   ap_memory|              dB_8|         array|
|dB_8_ce0        |  out|    1|   ap_memory|              dB_8|         array|
|dB_8_we0        |  out|    1|   ap_memory|              dB_8|         array|
|dB_8_d0         |  out|   12|   ap_memory|              dB_8|         array|
|dB_9_address0   |  out|    4|   ap_memory|              dB_9|         array|
|dB_9_ce0        |  out|    1|   ap_memory|              dB_9|         array|
|dB_9_we0        |  out|    1|   ap_memory|              dB_9|         array|
|dB_9_d0         |  out|   12|   ap_memory|              dB_9|         array|
|dB_10_address0  |  out|    4|   ap_memory|             dB_10|         array|
|dB_10_ce0       |  out|    1|   ap_memory|             dB_10|         array|
|dB_10_we0       |  out|    1|   ap_memory|             dB_10|         array|
|dB_10_d0        |  out|   12|   ap_memory|             dB_10|         array|
|dB_11_address0  |  out|    4|   ap_memory|             dB_11|         array|
|dB_11_ce0       |  out|    1|   ap_memory|             dB_11|         array|
|dB_11_we0       |  out|    1|   ap_memory|             dB_11|         array|
|dB_11_d0        |  out|   12|   ap_memory|             dB_11|         array|
|dB_12_address0  |  out|    4|   ap_memory|             dB_12|         array|
|dB_12_ce0       |  out|    1|   ap_memory|             dB_12|         array|
|dB_12_we0       |  out|    1|   ap_memory|             dB_12|         array|
|dB_12_d0        |  out|   12|   ap_memory|             dB_12|         array|
|dB_13_address0  |  out|    4|   ap_memory|             dB_13|         array|
|dB_13_ce0       |  out|    1|   ap_memory|             dB_13|         array|
|dB_13_we0       |  out|    1|   ap_memory|             dB_13|         array|
|dB_13_d0        |  out|   12|   ap_memory|             dB_13|         array|
|dB_14_address0  |  out|    4|   ap_memory|             dB_14|         array|
|dB_14_ce0       |  out|    1|   ap_memory|             dB_14|         array|
|dB_14_we0       |  out|    1|   ap_memory|             dB_14|         array|
|dB_14_d0        |  out|   12|   ap_memory|             dB_14|         array|
|dB_15_address0  |  out|    4|   ap_memory|             dB_15|         array|
|dB_15_ce0       |  out|    1|   ap_memory|             dB_15|         array|
|dB_15_we0       |  out|    1|   ap_memory|             dB_15|         array|
|dB_15_d0        |  out|   12|   ap_memory|             dB_15|         array|
+----------------+-----+-----+------------+------------------+--------------+

