

================================================================
== Vitis HLS Report for 'fwd_all'
================================================================
* Date:           Thu Jun 11 23:16:50 2026

* Version:        2023.2 (Build 4023990 on Oct 11 2023)
* Project:        ntt_kyber
* Solution:       solution1 (Vivado IP Flow Target)
* Product family: zynquplus
* Target device:  xck26-sfvc784-2LV-c


================================================================
== Performance Estimates
================================================================
+ Timing: 
    * Summary: 
    +--------+----------+----------+------------+
    |  Clock |  Target  | Estimated| Uncertainty|
    +--------+----------+----------+------------+
    |ap_clk  |  10.00 ns|  6.247 ns|     2.70 ns|
    +--------+----------+----------+------------+

+ Latency: 
    * Summary: 
    +---------+---------+----------+-----------+-----+------+---------+
    |  Latency (cycles) |  Latency (absolute)  |  Interval  | Pipeline|
    |   min   |   max   |    min   |    max    | min |  max |   Type  |
    +---------+---------+----------+-----------+-----+------+---------+
    |      486|     7761|  4.860 us|  77.610 us|  486|  7761|       no|
    +---------+---------+----------+-----------+-----+------+---------+

    + Detail: 
        * Instance: 
        +-----------------------------------+------------------------+---------+---------+----------+----------+-----+-----+---------+
        |                                   |                        |  Latency (cycles) |  Latency (absolute) |  Interval | Pipeline|
        |              Instance             |         Module         |   min   |   max   |    min   |    max   | min | max |   Type  |
        +-----------------------------------+------------------------+---------+---------+----------+----------+-----+-----+---------+
        |grp_fwd_all_Pipeline_FW_RD_fu_320  |fwd_all_Pipeline_FW_RD  |       18|       18|  0.180 us|  0.180 us|   18|   18|       no|
        |grp_fwd_ntt2_fu_360                |fwd_ntt2                |      443|      443|  4.430 us|  4.430 us|  443|  443|       no|
        |grp_fwd_all_Pipeline_FW_WR_fu_508  |fwd_all_Pipeline_FW_WR  |       18|       18|  0.180 us|  0.180 us|   18|   18|       no|
        +-----------------------------------+------------------------+---------+---------+----------+----------+-----+-----+---------+

        * Loop: 
        +----------+---------+---------+----------+-----------+-----------+--------+----------+
        |          |  Latency (cycles) | Iteration|  Initiation Interval  |  Trip  |          |
        | Loop Name|   min   |   max   |  Latency |  achieved |   target  |  Count | Pipelined|
        +----------+---------+---------+----------+-----------+-----------+--------+----------+
        |- FW_BLK  |      485|     7760|       485|          -|          -|  1 ~ 16|        no|
        +----------+---------+---------+----------+-----------+-----------+--------+----------+



================================================================
== Utilization Estimates
================================================================
* Summary: 
+-----------------+---------+------+--------+--------+-----+
|       Name      | BRAM_18K|  DSP |   FF   |   LUT  | URAM|
+-----------------+---------+------+--------+--------+-----+
|DSP              |        -|     -|       -|       -|    -|
|Expression       |        -|     -|       0|      79|    -|
|FIFO             |        -|     -|       -|       -|    -|
|Instance         |        0|   336|   12940|   50651|    0|
|Memory           |        0|     -|     768|      96|    0|
|Multiplexer      |        -|     -|       -|    2876|    -|
|Register         |        -|     -|      75|       -|    -|
+-----------------+---------+------+--------+--------+-----+
|Total            |        0|   336|   13783|   53702|    0|
+-----------------+---------+------+--------+--------+-----+
|Available        |      288|  1248|  234240|  117120|   64|
+-----------------+---------+------+--------+--------+-----+
|Utilization (%)  |        0|    26|       5|      45|    0|
+-----------------+---------+------+--------+--------+-----+

+ Detail: 
    * Instance: 
    +-----------------------------------+------------------------+---------+-----+-------+-------+-----+
    |              Instance             |         Module         | BRAM_18K| DSP |   FF  |  LUT  | URAM|
    +-----------------------------------+------------------------+---------+-----+-------+-------+-----+
    |grp_fwd_all_Pipeline_FW_RD_fu_320  |fwd_all_Pipeline_FW_RD  |        0|    0|     13|     85|    0|
    |grp_fwd_all_Pipeline_FW_WR_fu_508  |fwd_all_Pipeline_FW_WR  |        0|    0|      8|     85|    0|
    |grp_fwd_ntt2_fu_360                |fwd_ntt2                |        0|  336|  12919|  50481|    0|
    +-----------------------------------+------------------------+---------+-----+-------+-------+-----+
    |Total                              |                        |        0|  336|  12940|  50651|    0|
    +-----------------------------------+------------------------+---------+-----+-------+-------+-----+

    * DSP: 
    N/A

    * Memory: 
    +--------+---------------------------+---------+----+----+-----+------+-----+------+-------------+
    | Memory |           Module          | BRAM_18K| FF | LUT| URAM| Words| Bits| Banks| W*Bits*Banks|
    +--------+---------------------------+---------+----+----+-----+------+-----+------+-------------+
    |A_U     |fwd_ntt2_tA_RAM_AUTO_1R1W  |        0|  24|   3|    0|    16|   12|     1|          192|
    |A_1_U   |fwd_ntt2_tA_RAM_AUTO_1R1W  |        0|  24|   3|    0|    16|   12|     1|          192|
    |A_2_U   |fwd_ntt2_tA_RAM_AUTO_1R1W  |        0|  24|   3|    0|    16|   12|     1|          192|
    |A_3_U   |fwd_ntt2_tA_RAM_AUTO_1R1W  |        0|  24|   3|    0|    16|   12|     1|          192|
    |A_4_U   |fwd_ntt2_tA_RAM_AUTO_1R1W  |        0|  24|   3|    0|    16|   12|     1|          192|
    |A_5_U   |fwd_ntt2_tA_RAM_AUTO_1R1W  |        0|  24|   3|    0|    16|   12|     1|          192|
    |A_6_U   |fwd_ntt2_tA_RAM_AUTO_1R1W  |        0|  24|   3|    0|    16|   12|     1|          192|
    |A_7_U   |fwd_ntt2_tA_RAM_AUTO_1R1W  |        0|  24|   3|    0|    16|   12|     1|          192|
    |A_8_U   |fwd_ntt2_tA_RAM_AUTO_1R1W  |        0|  24|   3|    0|    16|   12|     1|          192|
    |A_9_U   |fwd_ntt2_tA_RAM_AUTO_1R1W  |        0|  24|   3|    0|    16|   12|     1|          192|
    |A_10_U  |fwd_ntt2_tA_RAM_AUTO_1R1W  |        0|  24|   3|    0|    16|   12|     1|          192|
    |A_11_U  |fwd_ntt2_tA_RAM_AUTO_1R1W  |        0|  24|   3|    0|    16|   12|     1|          192|
    |A_12_U  |fwd_ntt2_tA_RAM_AUTO_1R1W  |        0|  24|   3|    0|    16|   12|     1|          192|
    |A_13_U  |fwd_ntt2_tA_RAM_AUTO_1R1W  |        0|  24|   3|    0|    16|   12|     1|          192|
    |A_14_U  |fwd_ntt2_tA_RAM_AUTO_1R1W  |        0|  24|   3|    0|    16|   12|     1|          192|
    |A_15_U  |fwd_ntt2_tA_RAM_AUTO_1R1W  |        0|  24|   3|    0|    16|   12|     1|          192|
    |B_U     |fwd_ntt2_tA_RAM_AUTO_1R1W  |        0|  24|   3|    0|    16|   12|     1|          192|
    |B_1_U   |fwd_ntt2_tA_RAM_AUTO_1R1W  |        0|  24|   3|    0|    16|   12|     1|          192|
    |B_2_U   |fwd_ntt2_tA_RAM_AUTO_1R1W  |        0|  24|   3|    0|    16|   12|     1|          192|
    |B_3_U   |fwd_ntt2_tA_RAM_AUTO_1R1W  |        0|  24|   3|    0|    16|   12|     1|          192|
    |B_4_U   |fwd_ntt2_tA_RAM_AUTO_1R1W  |        0|  24|   3|    0|    16|   12|     1|          192|
    |B_5_U   |fwd_ntt2_tA_RAM_AUTO_1R1W  |        0|  24|   3|    0|    16|   12|     1|          192|
    |B_6_U   |fwd_ntt2_tA_RAM_AUTO_1R1W  |        0|  24|   3|    0|    16|   12|     1|          192|
    |B_7_U   |fwd_ntt2_tA_RAM_AUTO_1R1W  |        0|  24|   3|    0|    16|   12|     1|          192|
    |B_8_U   |fwd_ntt2_tA_RAM_AUTO_1R1W  |        0|  24|   3|    0|    16|   12|     1|          192|
    |B_9_U   |fwd_ntt2_tA_RAM_AUTO_1R1W  |        0|  24|   3|    0|    16|   12|     1|          192|
    |B_10_U  |fwd_ntt2_tA_RAM_AUTO_1R1W  |        0|  24|   3|    0|    16|   12|     1|          192|
    |B_11_U  |fwd_ntt2_tA_RAM_AUTO_1R1W  |        0|  24|   3|    0|    16|   12|     1|          192|
    |B_12_U  |fwd_ntt2_tA_RAM_AUTO_1R1W  |        0|  24|   3|    0|    16|   12|     1|          192|
    |B_13_U  |fwd_ntt2_tA_RAM_AUTO_1R1W  |        0|  24|   3|    0|    16|   12|     1|          192|
    |B_14_U  |fwd_ntt2_tA_RAM_AUTO_1R1W  |        0|  24|   3|    0|    16|   12|     1|          192|
    |B_15_U  |fwd_ntt2_tA_RAM_AUTO_1R1W  |        0|  24|   3|    0|    16|   12|     1|          192|
    +--------+---------------------------+---------+----+----+-----+------+-----+------+-------------+
    |Total   |                           |        0| 768|  96|    0|   512|  384|    32|         6144|
    +--------+---------------------------+---------+----+----+-----+------+-----+------+-------------+

    * FIFO: 
    N/A

    * Expression: 
    +----------------------+----------+----+---+----+------------+------------+
    |     Variable Name    | Operation| DSP| FF| LUT| Bitwidth P0| Bitwidth P1|
    +----------------------+----------+----+---+----+------------+------------+
    |add_ln182_fu_565_p2   |         +|   0|  0|  38|          31|           1|
    |icmp_ln182_fu_560_p2  |      icmp|   0|  0|  39|          32|          32|
    |ap_block_state1       |        or|   0|  0|   2|           1|           1|
    +----------------------+----------+----+---+----+------------+------------+
    |Total                 |          |   0|  0|  79|          64|          34|
    +----------------------+----------+----+---+----+------------+------------+

    * Multiplexer: 
    +----------------------+----+-----------+-----+-----------+
    |         Name         | LUT| Input Size| Bits| Total Bits|
    +----------------------+----+-----------+-----+-----------+
    |A_10_address0         |  20|          4|    4|         16|
    |A_10_ce0              |  20|          4|    1|          4|
    |A_10_ce1              |   9|          2|    1|          2|
    |A_10_d0               |  14|          3|   12|         36|
    |A_10_we0              |  14|          3|    1|          3|
    |A_10_we1              |   9|          2|    1|          2|
    |A_11_address0         |  20|          4|    4|         16|
    |A_11_ce0              |  20|          4|    1|          4|
    |A_11_ce1              |   9|          2|    1|          2|
    |A_11_d0               |  14|          3|   12|         36|
    |A_11_we0              |  14|          3|    1|          3|
    |A_11_we1              |   9|          2|    1|          2|
    |A_12_address0         |  20|          4|    4|         16|
    |A_12_ce0              |  20|          4|    1|          4|
    |A_12_ce1              |   9|          2|    1|          2|
    |A_12_d0               |  14|          3|   12|         36|
    |A_12_we0              |  14|          3|    1|          3|
    |A_12_we1              |   9|          2|    1|          2|
    |A_13_address0         |  20|          4|    4|         16|
    |A_13_ce0              |  20|          4|    1|          4|
    |A_13_ce1              |   9|          2|    1|          2|
    |A_13_d0               |  14|          3|   12|         36|
    |A_13_we0              |  14|          3|    1|          3|
    |A_13_we1              |   9|          2|    1|          2|
    |A_14_address0         |  20|          4|    4|         16|
    |A_14_ce0              |  20|          4|    1|          4|
    |A_14_ce1              |   9|          2|    1|          2|
    |A_14_d0               |  14|          3|   12|         36|
    |A_14_we0              |  14|          3|    1|          3|
    |A_14_we1              |   9|          2|    1|          2|
    |A_15_address0         |  20|          4|    4|         16|
    |A_15_ce0              |  20|          4|    1|          4|
    |A_15_ce1              |   9|          2|    1|          2|
    |A_15_d0               |  14|          3|   12|         36|
    |A_15_we0              |  14|          3|    1|          3|
    |A_15_we1              |   9|          2|    1|          2|
    |A_1_address0          |  20|          4|    4|         16|
    |A_1_ce0               |  20|          4|    1|          4|
    |A_1_ce1               |   9|          2|    1|          2|
    |A_1_d0                |  14|          3|   12|         36|
    |A_1_we0               |  14|          3|    1|          3|
    |A_1_we1               |   9|          2|    1|          2|
    |A_2_address0          |  20|          4|    4|         16|
    |A_2_ce0               |  20|          4|    1|          4|
    |A_2_ce1               |   9|          2|    1|          2|
    |A_2_d0                |  14|          3|   12|         36|
    |A_2_we0               |  14|          3|    1|          3|
    |A_2_we1               |   9|          2|    1|          2|
    |A_3_address0          |  20|          4|    4|         16|
    |A_3_ce0               |  20|          4|    1|          4|
    |A_3_ce1               |   9|          2|    1|          2|
    |A_3_d0                |  14|          3|   12|         36|
    |A_3_we0               |  14|          3|    1|          3|
    |A_3_we1               |   9|          2|    1|          2|
    |A_4_address0          |  20|          4|    4|         16|
    |A_4_ce0               |  20|          4|    1|          4|
    |A_4_ce1               |   9|          2|    1|          2|
    |A_4_d0                |  14|          3|   12|         36|
    |A_4_we0               |  14|          3|    1|          3|
    |A_4_we1               |   9|          2|    1|          2|
    |A_5_address0          |  20|          4|    4|         16|
    |A_5_ce0               |  20|          4|    1|          4|
    |A_5_ce1               |   9|          2|    1|          2|
    |A_5_d0                |  14|          3|   12|         36|
    |A_5_we0               |  14|          3|    1|          3|
    |A_5_we1               |   9|          2|    1|          2|
    |A_6_address0          |  20|          4|    4|         16|
    |A_6_ce0               |  20|          4|    1|          4|
    |A_6_ce1               |   9|          2|    1|          2|
    |A_6_d0                |  14|          3|   12|         36|
    |A_6_we0               |  14|          3|    1|          3|
    |A_6_we1               |   9|          2|    1|          2|
    |A_7_address0          |  20|          4|    4|         16|
    |A_7_ce0               |  20|          4|    1|          4|
    |A_7_ce1               |   9|          2|    1|          2|
    |A_7_d0                |  14|          3|   12|         36|
    |A_7_we0               |  14|          3|    1|          3|
    |A_7_we1               |   9|          2|    1|          2|
    |A_8_address0          |  20|          4|    4|         16|
    |A_8_ce0               |  20|          4|    1|          4|
    |A_8_ce1               |   9|          2|    1|          2|
    |A_8_d0                |  14|          3|   12|         36|
    |A_8_we0               |  14|          3|    1|          3|
    |A_8_we1               |   9|          2|    1|          2|
    |A_9_address0          |  20|          4|    4|         16|
    |A_9_ce0               |  20|          4|    1|          4|
    |A_9_ce1               |   9|          2|    1|          2|
    |A_9_d0                |  14|          3|   12|         36|
    |A_9_we0               |  14|          3|    1|          3|
    |A_9_we1               |   9|          2|    1|          2|
    |A_address0            |  20|          4|    4|         16|
    |A_ce0                 |  20|          4|    1|          4|
    |A_ce1                 |   9|          2|    1|          2|
    |A_d0                  |  14|          3|   12|         36|
    |A_we0                 |  14|          3|    1|          3|
    |A_we1                 |   9|          2|    1|          2|
    |B_10_address0         |  20|          4|    4|         16|
    |B_10_ce0              |  20|          4|    1|          4|
    |B_10_ce1              |   9|          2|    1|          2|
    |B_10_d0               |  14|          3|   12|         36|
    |B_10_we0              |  14|          3|    1|          3|
    |B_10_we1              |   9|          2|    1|          2|
    |B_11_address0         |  20|          4|    4|         16|
    |B_11_ce0              |  20|          4|    1|          4|
    |B_11_ce1              |   9|          2|    1|          2|
    |B_11_d0               |  14|          3|   12|         36|
    |B_11_we0              |  14|          3|    1|          3|
    |B_11_we1              |   9|          2|    1|          2|
    |B_12_address0         |  20|          4|    4|         16|
    |B_12_ce0              |  20|          4|    1|          4|
    |B_12_ce1              |   9|          2|    1|          2|
    |B_12_d0               |  14|          3|   12|         36|
    |B_12_we0              |  14|          3|    1|          3|
    |B_12_we1              |   9|          2|    1|          2|
    |B_13_address0         |  20|          4|    4|         16|
    |B_13_ce0              |  20|          4|    1|          4|
    |B_13_ce1              |   9|          2|    1|          2|
    |B_13_d0               |  14|          3|   12|         36|
    |B_13_we0              |  14|          3|    1|          3|
    |B_13_we1              |   9|          2|    1|          2|
    |B_14_address0         |  20|          4|    4|         16|
    |B_14_ce0              |  20|          4|    1|          4|
    |B_14_ce1              |   9|          2|    1|          2|
    |B_14_d0               |  14|          3|   12|         36|
    |B_14_we0              |  14|          3|    1|          3|
    |B_14_we1              |   9|          2|    1|          2|
    |B_15_address0         |  20|          4|    4|         16|
    |B_15_ce0              |  20|          4|    1|          4|
    |B_15_ce1              |   9|          2|    1|          2|
    |B_15_d0               |  14|          3|   12|         36|
    |B_15_we0              |  14|          3|    1|          3|
    |B_15_we1              |   9|          2|    1|          2|
    |B_1_address0          |  20|          4|    4|         16|
    |B_1_ce0               |  20|          4|    1|          4|
    |B_1_ce1               |   9|          2|    1|          2|
    |B_1_d0                |  14|          3|   12|         36|
    |B_1_we0               |  14|          3|    1|          3|
    |B_1_we1               |   9|          2|    1|          2|
    |B_2_address0          |  20|          4|    4|         16|
    |B_2_ce0               |  20|          4|    1|          4|
    |B_2_ce1               |   9|          2|    1|          2|
    |B_2_d0                |  14|          3|   12|         36|
    |B_2_we0               |  14|          3|    1|          3|
    |B_2_we1               |   9|          2|    1|          2|
    |B_3_address0          |  20|          4|    4|         16|
    |B_3_ce0               |  20|          4|    1|          4|
    |B_3_ce1               |   9|          2|    1|          2|
    |B_3_d0                |  14|          3|   12|         36|
    |B_3_we0               |  14|          3|    1|          3|
    |B_3_we1               |   9|          2|    1|          2|
    |B_4_address0          |  20|          4|    4|         16|
    |B_4_ce0               |  20|          4|    1|          4|
    |B_4_ce1               |   9|          2|    1|          2|
    |B_4_d0                |  14|          3|   12|         36|
    |B_4_we0               |  14|          3|    1|          3|
    |B_4_we1               |   9|          2|    1|          2|
    |B_5_address0          |  20|          4|    4|         16|
    |B_5_ce0               |  20|          4|    1|          4|
    |B_5_ce1               |   9|          2|    1|          2|
    |B_5_d0                |  14|          3|   12|         36|
    |B_5_we0               |  14|          3|    1|          3|
    |B_5_we1               |   9|          2|    1|          2|
    |B_6_address0          |  20|          4|    4|         16|
    |B_6_ce0               |  20|          4|    1|          4|
    |B_6_ce1               |   9|          2|    1|          2|
    |B_6_d0                |  14|          3|   12|         36|
    |B_6_we0               |  14|          3|    1|          3|
    |B_6_we1               |   9|          2|    1|          2|
    |B_7_address0          |  20|          4|    4|         16|
    |B_7_ce0               |  20|          4|    1|          4|
    |B_7_ce1               |   9|          2|    1|          2|
    |B_7_d0                |  14|          3|   12|         36|
    |B_7_we0               |  14|          3|    1|          3|
    |B_7_we1               |   9|          2|    1|          2|
    |B_8_address0          |  20|          4|    4|         16|
    |B_8_ce0               |  20|          4|    1|          4|
    |B_8_ce1               |   9|          2|    1|          2|
    |B_8_d0                |  14|          3|   12|         36|
    |B_8_we0               |  14|          3|    1|          3|
    |B_8_we1               |   9|          2|    1|          2|
    |B_9_address0          |  20|          4|    4|         16|
    |B_9_ce0               |  20|          4|    1|          4|
    |B_9_ce1               |   9|          2|    1|          2|
    |B_9_d0                |  14|          3|   12|         36|
    |B_9_we0               |  14|          3|    1|          3|
    |B_9_we1               |   9|          2|    1|          2|
    |B_address0            |  20|          4|    4|         16|
    |B_ce0                 |  20|          4|    1|          4|
    |B_ce1                 |   9|          2|    1|          2|
    |B_d0                  |  14|          3|   12|         36|
    |B_we0                 |  14|          3|    1|          3|
    |B_we1                 |   9|          2|    1|          2|
    |ap_NS_fsm             |  43|          8|    1|          8|
    |ap_done               |   9|          2|    1|          2|
    |batch_blk_n           |   9|          2|    1|          2|
    |batch_size_c14_blk_n  |   9|          2|    1|          2|
    |blk_fu_174            |   9|          2|   31|         62|
    |real_start            |   9|          2|    1|          2|
    |sA0_read              |   9|          2|    1|          2|
    |sA1_write             |   9|          2|    1|          2|
    |sB0_read              |   9|          2|    1|          2|
    |sB1_write             |   9|          2|    1|          2|
    +----------------------+----+-----------+-----+-----------+
    |Total                 |2876|        602|  680|       2102|
    +----------------------+----+-----------+-----+-----------+

    * Register: 
    +------------------------------------------------+----+----+-----+-----------+
    |                      Name                      | FF | LUT| Bits| Const Bits|
    +------------------------------------------------+----+----+-----+-----------+
    |ap_CS_fsm                                       |   7|   0|    7|          0|
    |ap_done_reg                                     |   1|   0|    1|          0|
    |batch_3_reg_583                                 |  32|   0|   32|          0|
    |blk_fu_174                                      |  31|   0|   31|          0|
    |grp_fwd_all_Pipeline_FW_RD_fu_320_ap_start_reg  |   1|   0|    1|          0|
    |grp_fwd_all_Pipeline_FW_WR_fu_508_ap_start_reg  |   1|   0|    1|          0|
    |grp_fwd_ntt2_fu_360_ap_start_reg                |   1|   0|    1|          0|
    |start_once_reg                                  |   1|   0|    1|          0|
    +------------------------------------------------+----+----+-----+-----------+
    |Total                                           |  75|   0|   75|          0|
    +------------------------------------------------+----+----+-----+-----------+



================================================================
== Interface
================================================================
* Summary: 
+-------------------------------+-----+-----+------------+----------------+--------------+
|           RTL Ports           | Dir | Bits|  Protocol  |  Source Object |    C Type    |
+-------------------------------+-----+-----+------------+----------------+--------------+
|ap_clk                         |   in|    1|  ap_ctrl_hs|         fwd_all|  return value|
|ap_rst                         |   in|    1|  ap_ctrl_hs|         fwd_all|  return value|
|ap_start                       |   in|    1|  ap_ctrl_hs|         fwd_all|  return value|
|start_full_n                   |   in|    1|  ap_ctrl_hs|         fwd_all|  return value|
|ap_done                        |  out|    1|  ap_ctrl_hs|         fwd_all|  return value|
|ap_continue                    |   in|    1|  ap_ctrl_hs|         fwd_all|  return value|
|ap_idle                        |  out|    1|  ap_ctrl_hs|         fwd_all|  return value|
|ap_ready                       |  out|    1|  ap_ctrl_hs|         fwd_all|  return value|
|start_out                      |  out|    1|  ap_ctrl_hs|         fwd_all|  return value|
|start_write                    |  out|    1|  ap_ctrl_hs|         fwd_all|  return value|
|sA0_dout                       |   in|  192|     ap_fifo|             sA0|       pointer|
|sA0_num_data_valid             |   in|    6|     ap_fifo|             sA0|       pointer|
|sA0_fifo_cap                   |   in|    6|     ap_fifo|             sA0|       pointer|
|sA0_empty_n                    |   in|    1|     ap_fifo|             sA0|       pointer|
|sA0_read                       |  out|    1|     ap_fifo|             sA0|       pointer|
|sB0_dout                       |   in|  192|     ap_fifo|             sB0|       pointer|
|sB0_num_data_valid             |   in|    6|     ap_fifo|             sB0|       pointer|
|sB0_fifo_cap                   |   in|    6|     ap_fifo|             sB0|       pointer|
|sB0_empty_n                    |   in|    1|     ap_fifo|             sB0|       pointer|
|sB0_read                       |  out|    1|     ap_fifo|             sB0|       pointer|
|sA1_din                        |  out|  192|     ap_fifo|             sA1|       pointer|
|sA1_num_data_valid             |   in|    6|     ap_fifo|             sA1|       pointer|
|sA1_fifo_cap                   |   in|    6|     ap_fifo|             sA1|       pointer|
|sA1_full_n                     |   in|    1|     ap_fifo|             sA1|       pointer|
|sA1_write                      |  out|    1|     ap_fifo|             sA1|       pointer|
|sB1_din                        |  out|  192|     ap_fifo|             sB1|       pointer|
|sB1_num_data_valid             |   in|    6|     ap_fifo|             sB1|       pointer|
|sB1_fifo_cap                   |   in|    6|     ap_fifo|             sB1|       pointer|
|sB1_full_n                     |   in|    1|     ap_fifo|             sB1|       pointer|
|sB1_write                      |  out|    1|     ap_fifo|             sB1|       pointer|
|batch_dout                     |   in|   32|     ap_fifo|           batch|       pointer|
|batch_num_data_valid           |   in|    3|     ap_fifo|           batch|       pointer|
|batch_fifo_cap                 |   in|    3|     ap_fifo|           batch|       pointer|
|batch_empty_n                  |   in|    1|     ap_fifo|           batch|       pointer|
|batch_read                     |  out|    1|     ap_fifo|           batch|       pointer|
|batch_size_c14_din             |  out|   32|     ap_fifo|  batch_size_c14|       pointer|
|batch_size_c14_num_data_valid  |   in|    3|     ap_fifo|  batch_size_c14|       pointer|
|batch_size_c14_fifo_cap        |   in|    3|     ap_fifo|  batch_size_c14|       pointer|
|batch_size_c14_full_n          |   in|    1|     ap_fifo|  batch_size_c14|       pointer|
|batch_size_c14_write           |  out|    1|     ap_fifo|  batch_size_c14|       pointer|
+-------------------------------+-----+-----+------------+----------------+--------------+

