

================================================================
== Vitis HLS Report for 'fwd_stage2_t_128_s'
================================================================
* Date:           Thu Jun 11 23:16:46 2026

* Version:        2023.2 (Build 4023990 on Oct 11 2023)
* Project:        ntt_kyber
* Solution:       solution1 (Vivado IP Flow Target)
* Product family: zynquplus
* Target device:  xck26-sfvc784-2LV-c


================================================================
== Performance Estimates
================================================================
+ Timing: 
    * Summary: 
    +--------+----------+----------+------------+
    |  Clock |  Target  | Estimated| Uncertainty|
    +--------+----------+----------+------------+
    |ap_clk  |  10.00 ns|  6.216 ns|     2.70 ns|
    +--------+----------+----------+------------+

+ Latency: 
    * Summary: 
    +---------+---------+----------+----------+-----+-----+---------+
    |  Latency (cycles) |  Latency (absolute) |  Interval | Pipeline|
    |   min   |   max   |    min   |    max   | min | max |   Type  |
    +---------+---------+----------+----------+-----+-----+---------+
    |       23|       23|  0.230 us|  0.230 us|   23|   23|       no|
    +---------+---------+----------+----------+-----+-----+---------+

    + Detail: 
        * Instance: 
        N/A

        * Loop: 
        +-----------+---------+---------+----------+-----------+-----------+------+----------+
        |           |  Latency (cycles) | Iteration|  Initiation Interval  | Trip |          |
        | Loop Name |   min   |   max   |  Latency |  achieved |   target  | Count| Pipelined|
        +-----------+---------+---------+----------+-----------+-----------+------+----------+
        |- FWD_BF2  |       21|       21|         7|          1|          1|    16|       yes|
        +-----------+---------+---------+----------+-----------+-----------+------+----------+



================================================================
== Utilization Estimates
================================================================
* Summary: 
+-----------------+---------+------+--------+--------+-----+
|       Name      | BRAM_18K|  DSP |   FF   |   LUT  | URAM|
+-----------------+---------+------+--------+--------+-----+
|DSP              |        -|    16|       -|       -|    -|
|Expression       |        -|     -|       0|    4663|    -|
|FIFO             |        -|     -|       -|       -|    -|
|Instance         |        -|    32|       0|       0|    -|
|Memory           |        0|     -|     208|      52|    -|
|Multiplexer      |        -|     -|       -|      36|    -|
|Register         |        -|     -|    3201|    1120|    -|
+-----------------+---------+------+--------+--------+-----+
|Total            |        0|    48|    3409|    5871|    0|
+-----------------+---------+------+--------+--------+-----+
|Available        |      288|  1248|  234240|  117120|   64|
+-----------------+---------+------+--------+--------+-----+
|Utilization (%)  |        0|     3|       1|       5|    0|
+-----------------+---------+------+--------+--------+-----+

+ Detail: 
    * Instance: 
    +--------------------------+----------------------+---------+----+---+----+-----+
    |         Instance         |        Module        | BRAM_18K| DSP| FF| LUT| URAM|
    +--------------------------+----------------------+---------+----+---+----+-----+
    |mul_12ns_11ns_23_3_1_U68  |mul_12ns_11ns_23_3_1  |        0|   1|  0|   0|    0|
    |mul_12ns_11ns_23_3_1_U69  |mul_12ns_11ns_23_3_1  |        0|   1|  0|   0|    0|
    |mul_12ns_11ns_23_3_1_U70  |mul_12ns_11ns_23_3_1  |        0|   1|  0|   0|    0|
    |mul_12ns_11ns_23_3_1_U71  |mul_12ns_11ns_23_3_1  |        0|   1|  0|   0|    0|
    |mul_12ns_11ns_23_3_1_U72  |mul_12ns_11ns_23_3_1  |        0|   1|  0|   0|    0|
    |mul_12ns_11ns_23_3_1_U73  |mul_12ns_11ns_23_3_1  |        0|   1|  0|   0|    0|
    |mul_12ns_11ns_23_3_1_U74  |mul_12ns_11ns_23_3_1  |        0|   1|  0|   0|    0|
    |mul_12ns_11ns_23_3_1_U75  |mul_12ns_11ns_23_3_1  |        0|   1|  0|   0|    0|
    |mul_12ns_11ns_23_3_1_U76  |mul_12ns_11ns_23_3_1  |        0|   1|  0|   0|    0|
    |mul_12ns_11ns_23_3_1_U77  |mul_12ns_11ns_23_3_1  |        0|   1|  0|   0|    0|
    |mul_12ns_11ns_23_3_1_U78  |mul_12ns_11ns_23_3_1  |        0|   1|  0|   0|    0|
    |mul_12ns_11ns_23_3_1_U79  |mul_12ns_11ns_23_3_1  |        0|   1|  0|   0|    0|
    |mul_12ns_11ns_23_3_1_U80  |mul_12ns_11ns_23_3_1  |        0|   1|  0|   0|    0|
    |mul_12ns_11ns_23_3_1_U81  |mul_12ns_11ns_23_3_1  |        0|   1|  0|   0|    0|
    |mul_12ns_11ns_23_3_1_U82  |mul_12ns_11ns_23_3_1  |        0|   1|  0|   0|    0|
    |mul_12ns_11ns_23_3_1_U83  |mul_12ns_11ns_23_3_1  |        0|   1|  0|   0|    0|
    |mul_16ns_12ns_28_3_1_U52  |mul_16ns_12ns_28_3_1  |        0|   1|  0|   0|    0|
    |mul_16ns_12ns_28_3_1_U53  |mul_16ns_12ns_28_3_1  |        0|   1|  0|   0|    0|
    |mul_16ns_12ns_28_3_1_U54  |mul_16ns_12ns_28_3_1  |        0|   1|  0|   0|    0|
    |mul_16ns_12ns_28_3_1_U55  |mul_16ns_12ns_28_3_1  |        0|   1|  0|   0|    0|
    |mul_16ns_12ns_28_3_1_U56  |mul_16ns_12ns_28_3_1  |        0|   1|  0|   0|    0|
    |mul_16ns_12ns_28_3_1_U57  |mul_16ns_12ns_28_3_1  |        0|   1|  0|   0|    0|
    |mul_16ns_12ns_28_3_1_U58  |mul_16ns_12ns_28_3_1  |        0|   1|  0|   0|    0|
    |mul_16ns_12ns_28_3_1_U59  |mul_16ns_12ns_28_3_1  |        0|   1|  0|   0|    0|
    |mul_16ns_12ns_28_3_1_U60  |mul_16ns_12ns_28_3_1  |        0|   1|  0|   0|    0|
    |mul_16ns_12ns_28_3_1_U61  |mul_16ns_12ns_28_3_1  |        0|   1|  0|   0|    0|
    |mul_16ns_12ns_28_3_1_U62  |mul_16ns_12ns_28_3_1  |        0|   1|  0|   0|    0|
    |mul_16ns_12ns_28_3_1_U63  |mul_16ns_12ns_28_3_1  |        0|   1|  0|   0|    0|
    |mul_16ns_12ns_28_3_1_U64  |mul_16ns_12ns_28_3_1  |        0|   1|  0|   0|    0|
    |mul_16ns_12ns_28_3_1_U65  |mul_16ns_12ns_28_3_1  |        0|   1|  0|   0|    0|
    |mul_16ns_12ns_28_3_1_U66  |mul_16ns_12ns_28_3_1  |        0|   1|  0|   0|    0|
    |mul_16ns_12ns_28_3_1_U67  |mul_16ns_12ns_28_3_1  |        0|   1|  0|   0|    0|
    +--------------------------+----------------------+---------+----+---+----+-----+
    |Total                     |                      |        0|  32|  0|   0|    0|
    +--------------------------+----------------------+---------+----+---+----+-----+

    * DSP: 
    +--------------------------------------+----------------------------------+--------------+
    |               Instance               |              Module              |  Expression  |
    +--------------------------------------+----------------------------------+--------------+
    |mac_mulsub_12ns_12ns_23ns_24_3_1_U84  |mac_mulsub_12ns_12ns_23ns_24_3_1  |  i0 - i1 * i2|
    |mac_mulsub_12ns_12ns_23ns_24_3_1_U85  |mac_mulsub_12ns_12ns_23ns_24_3_1  |  i0 - i1 * i2|
    |mac_mulsub_12ns_12ns_23ns_24_3_1_U86  |mac_mulsub_12ns_12ns_23ns_24_3_1  |  i0 - i1 * i2|
    |mac_mulsub_12ns_12ns_23ns_24_3_1_U87  |mac_mulsub_12ns_12ns_23ns_24_3_1  |  i0 - i1 * i2|
    |mac_mulsub_12ns_12ns_23ns_24_3_1_U88  |mac_mulsub_12ns_12ns_23ns_24_3_1  |  i0 - i1 * i2|
    |mac_mulsub_12ns_12ns_23ns_24_3_1_U89  |mac_mulsub_12ns_12ns_23ns_24_3_1  |  i0 - i1 * i2|
    |mac_mulsub_12ns_12ns_23ns_24_3_1_U90  |mac_mulsub_12ns_12ns_23ns_24_3_1  |  i0 - i1 * i2|
    |mac_mulsub_12ns_12ns_23ns_24_3_1_U91  |mac_mulsub_12ns_12ns_23ns_24_3_1  |  i0 - i1 * i2|
    |mac_mulsub_12ns_12ns_23ns_24_3_1_U92  |mac_mulsub_12ns_12ns_23ns_24_3_1  |  i0 - i1 * i2|
    |mac_mulsub_12ns_12ns_23ns_24_3_1_U93  |mac_mulsub_12ns_12ns_23ns_24_3_1  |  i0 - i1 * i2|
    |mac_mulsub_12ns_12ns_23ns_24_3_1_U94  |mac_mulsub_12ns_12ns_23ns_24_3_1  |  i0 - i1 * i2|
    |mac_mulsub_12ns_12ns_23ns_24_3_1_U95  |mac_mulsub_12ns_12ns_23ns_24_3_1  |  i0 - i1 * i2|
    |mac_mulsub_12ns_12ns_23ns_24_3_1_U96  |mac_mulsub_12ns_12ns_23ns_24_3_1  |  i0 - i1 * i2|
    |mac_mulsub_12ns_12ns_23ns_24_3_1_U97  |mac_mulsub_12ns_12ns_23ns_24_3_1  |  i0 - i1 * i2|
    |mac_mulsub_12ns_12ns_23ns_24_3_1_U98  |mac_mulsub_12ns_12ns_23ns_24_3_1  |  i0 - i1 * i2|
    |mac_mulsub_12ns_12ns_23ns_24_3_1_U99  |mac_mulsub_12ns_12ns_23ns_24_3_1  |  i0 - i1 * i2|
    +--------------------------------------+----------------------------------+--------------+

    * Memory: 
    +-------------------+------------------------------------------------+---------+----+----+-----+------+-----+------+-------------+
    |       Memory      |                     Module                     | BRAM_18K| FF | LUT| URAM| Words| Bits| Banks| W*Bits*Banks|
    +-------------------+------------------------------------------------+---------+----+----+-----+------+-----+------+-------------+
    |p_ZL5FWD_W_0_0_U   |fwd_stage2_t_128_s_p_ZL5FWD_W_0_0_ROM_AUTO_1R   |        0|  20|   5|    0|    32|   10|     1|          320|
    |p_ZL5FWD_W_1_0_U   |fwd_stage2_t_128_s_p_ZL5FWD_W_0_0_ROM_AUTO_1R   |        0|  20|   5|    0|    32|   10|     1|          320|
    |p_ZL5FWD_W_2_0_U   |fwd_stage2_t_128_s_p_ZL5FWD_W_0_0_ROM_AUTO_1R   |        0|  20|   5|    0|    32|   10|     1|          320|
    |p_ZL5FWD_W_3_0_U   |fwd_stage2_t_128_s_p_ZL5FWD_W_0_0_ROM_AUTO_1R   |        0|  20|   5|    0|    32|   10|     1|          320|
    |p_ZL6FWD_MW_0_0_U  |fwd_stage2_t_128_s_p_ZL6FWD_MW_0_0_ROM_AUTO_1R  |        0|  32|   8|    0|    32|   16|     1|          512|
    |p_ZL6FWD_MW_1_0_U  |fwd_stage2_t_128_s_p_ZL6FWD_MW_0_0_ROM_AUTO_1R  |        0|  32|   8|    0|    32|   16|     1|          512|
    |p_ZL6FWD_MW_2_0_U  |fwd_stage2_t_128_s_p_ZL6FWD_MW_0_0_ROM_AUTO_1R  |        0|  32|   8|    0|    32|   16|     1|          512|
    |p_ZL6FWD_MW_3_0_U  |fwd_stage2_t_128_s_p_ZL6FWD_MW_0_0_ROM_AUTO_1R  |        0|  32|   8|    0|    32|   16|     1|          512|
    +-------------------+------------------------------------------------+---------+----+----+-----+------+-----+------+-------------+
    |Total              |                                                |        0| 208|  52|    0|   256|  104|     8|         3328|
    +-------------------+------------------------------------------------+---------+----+----+-----+------+-----+------+-------------+

    * FIFO: 
    N/A

    * Expression: 
    +----------------------------+----------+----+---+----+------------+------------+
    |        Variable Name       | Operation| DSP| FF| LUT| Bitwidth P0| Bitwidth P1|
    +----------------------------+----------+----+---+----+------------+------------+
    |add_ln44_140_fu_3220_p2     |         +|   0|  0|  31|          24|          13|
    |add_ln44_141_fu_3319_p2     |         +|   0|  0|  31|          24|          13|
    |add_ln44_142_fu_3418_p2     |         +|   0|  0|  31|          24|          13|
    |add_ln44_143_fu_3517_p2     |         +|   0|  0|  31|          24|          13|
    |add_ln44_144_fu_3616_p2     |         +|   0|  0|  31|          24|          13|
    |add_ln44_145_fu_3715_p2     |         +|   0|  0|  31|          24|          13|
    |add_ln44_146_fu_3808_p2     |         +|   0|  0|  31|          24|          13|
    |add_ln44_147_fu_3913_p2     |         +|   0|  0|  31|          24|          13|
    |add_ln44_148_fu_4014_p2     |         +|   0|  0|  31|          24|          13|
    |add_ln44_149_fu_4113_p2     |         +|   0|  0|  31|          24|          13|
    |add_ln44_150_fu_4212_p2     |         +|   0|  0|  31|          24|          13|
    |add_ln44_151_fu_4311_p2     |         +|   0|  0|  31|          24|          13|
    |add_ln44_152_fu_4410_p2     |         +|   0|  0|  31|          24|          13|
    |add_ln44_153_fu_4509_p2     |         +|   0|  0|  31|          24|          13|
    |add_ln44_154_fu_4602_p2     |         +|   0|  0|  31|          24|          13|
    |add_ln44_fu_3113_p2         |         +|   0|  0|  31|          24|          13|
    |add_ln48_280_fu_3252_p2     |         +|   0|  0|  19|          12|          10|
    |add_ln48_282_fu_3351_p2     |         +|   0|  0|  19|          12|          10|
    |add_ln48_284_fu_3450_p2     |         +|   0|  0|  19|          12|          10|
    |add_ln48_286_fu_3549_p2     |         +|   0|  0|  19|          12|          10|
    |add_ln48_288_fu_3648_p2     |         +|   0|  0|  19|          12|          10|
    |add_ln48_290_fu_3747_p2     |         +|   0|  0|  19|          12|          10|
    |add_ln48_292_fu_3840_p2     |         +|   0|  0|  19|          12|          10|
    |add_ln48_294_fu_3945_p2     |         +|   0|  0|  19|          12|          10|
    |add_ln48_296_fu_4046_p2     |         +|   0|  0|  19|          12|          10|
    |add_ln48_298_fu_4145_p2     |         +|   0|  0|  19|          12|          10|
    |add_ln48_300_fu_4244_p2     |         +|   0|  0|  19|          12|          10|
    |add_ln48_302_fu_4343_p2     |         +|   0|  0|  19|          12|          10|
    |add_ln48_304_fu_4442_p2     |         +|   0|  0|  19|          12|          10|
    |add_ln48_306_fu_4541_p2     |         +|   0|  0|  19|          12|          10|
    |add_ln48_308_fu_4634_p2     |         +|   0|  0|  19|          12|          10|
    |add_ln48_fu_3145_p2         |         +|   0|  0|  19|          12|          10|
    |add_ln52_140_fu_3206_p2     |         +|   0|  0|  19|          12|          11|
    |add_ln52_141_fu_3305_p2     |         +|   0|  0|  19|          12|          11|
    |add_ln52_142_fu_3404_p2     |         +|   0|  0|  19|          12|          11|
    |add_ln52_143_fu_3503_p2     |         +|   0|  0|  19|          12|          11|
    |add_ln52_144_fu_3602_p2     |         +|   0|  0|  19|          12|          11|
    |add_ln52_145_fu_3701_p2     |         +|   0|  0|  19|          12|          11|
    |add_ln52_146_fu_3868_p2     |         +|   0|  0|  19|          12|          11|
    |add_ln52_147_fu_3899_p2     |         +|   0|  0|  19|          12|          11|
    |add_ln52_148_fu_4000_p2     |         +|   0|  0|  19|          12|          11|
    |add_ln52_149_fu_4099_p2     |         +|   0|  0|  19|          12|          11|
    |add_ln52_150_fu_4198_p2     |         +|   0|  0|  19|          12|          11|
    |add_ln52_151_fu_4297_p2     |         +|   0|  0|  19|          12|          11|
    |add_ln52_152_fu_4396_p2     |         +|   0|  0|  19|          12|          11|
    |add_ln52_153_fu_4495_p2     |         +|   0|  0|  19|          12|          11|
    |add_ln52_154_fu_4662_p2     |         +|   0|  0|  19|          12|          11|
    |add_ln52_fu_3173_p2         |         +|   0|  0|  19|          12|          11|
    |add_ln73_1_fu_2088_p2       |         +|   0|  0|  15|           8|           8|
    |add_ln73_2_fu_2094_p2       |         +|   0|  0|  15|           8|           8|
    |add_ln73_3_fu_2100_p2       |         +|   0|  0|  15|           8|           8|
    |add_ln73_4_fu_2106_p2       |         +|   0|  0|  15|           8|           8|
    |add_ln73_5_fu_2112_p2       |         +|   0|  0|  15|           8|           8|
    |add_ln73_6_fu_2118_p2       |         +|   0|  0|  15|           8|           8|
    |add_ln73_7_fu_2320_p2       |         +|   0|  0|  15|           8|           4|
    |add_ln73_fu_2064_p2         |         +|   0|  0|  15|           8|           8|
    |s_273_fu_3824_p2            |         +|   0|  0|  31|          24|          24|
    |s_274_fu_4618_p2            |         +|   0|  0|  31|          24|          24|
    |s_275_fu_3929_p2            |         +|   0|  0|  31|          24|          24|
    |s_276_fu_3236_p2            |         +|   0|  0|  31|          24|          24|
    |s_277_fu_4030_p2            |         +|   0|  0|  31|          24|          24|
    |s_278_fu_3335_p2            |         +|   0|  0|  31|          24|          24|
    |s_279_fu_4129_p2            |         +|   0|  0|  31|          24|          24|
    |s_280_fu_3434_p2            |         +|   0|  0|  31|          24|          24|
    |s_281_fu_4228_p2            |         +|   0|  0|  31|          24|          24|
    |s_282_fu_3533_p2            |         +|   0|  0|  31|          24|          24|
    |s_283_fu_4327_p2            |         +|   0|  0|  31|          24|          24|
    |s_284_fu_3632_p2            |         +|   0|  0|  31|          24|          24|
    |s_285_fu_4426_p2            |         +|   0|  0|  31|          24|          24|
    |s_286_fu_3731_p2            |         +|   0|  0|  31|          24|          24|
    |s_287_fu_4525_p2            |         +|   0|  0|  31|          24|          24|
    |s_fu_3129_p2                |         +|   0|  0|  31|          24|          24|
    |sub_ln84_43_fu_3288_p2      |         -|   0|  0|  19|          12|          12|
    |sub_ln84_44_fu_3387_p2      |         -|   0|  0|  19|          12|          12|
    |sub_ln84_45_fu_3486_p2      |         -|   0|  0|  19|          12|          12|
    |sub_ln84_46_fu_3585_p2      |         -|   0|  0|  19|          12|          12|
    |sub_ln84_47_fu_3684_p2      |         -|   0|  0|  19|          12|          12|
    |sub_ln84_48_fu_3783_p2      |         -|   0|  0|  19|          12|          12|
    |sub_ln84_49_fu_3882_p2      |         -|   0|  0|  19|          12|          12|
    |sub_ln84_fu_3187_p2         |         -|   0|  0|  19|          12|          12|
    |sub_ln86_43_fu_4082_p2      |         -|   0|  0|  19|          12|          12|
    |sub_ln86_44_fu_4181_p2      |         -|   0|  0|  19|          12|          12|
    |sub_ln86_45_fu_4280_p2      |         -|   0|  0|  19|          12|          12|
    |sub_ln86_46_fu_4379_p2      |         -|   0|  0|  19|          12|          12|
    |sub_ln86_47_fu_4478_p2      |         -|   0|  0|  19|          12|          12|
    |sub_ln86_48_fu_4577_p2      |         -|   0|  0|  19|          12|          12|
    |sub_ln86_49_fu_4676_p2      |         -|   0|  0|  19|          12|          12|
    |sub_ln86_fu_3981_p2         |         -|   0|  0|  19|          12|          12|
    |icmp_ln44_140_fu_3215_p2    |      icmp|   0|  0|  31|          24|          12|
    |icmp_ln44_141_fu_3314_p2    |      icmp|   0|  0|  31|          24|          12|
    |icmp_ln44_142_fu_3413_p2    |      icmp|   0|  0|  31|          24|          12|
    |icmp_ln44_143_fu_3512_p2    |      icmp|   0|  0|  31|          24|          12|
    |icmp_ln44_144_fu_3611_p2    |      icmp|   0|  0|  31|          24|          12|
    |icmp_ln44_145_fu_3710_p2    |      icmp|   0|  0|  31|          24|          12|
    |icmp_ln44_146_fu_3803_p2    |      icmp|   0|  0|  31|          24|          12|
    |icmp_ln44_147_fu_3908_p2    |      icmp|   0|  0|  31|          24|          12|
    |icmp_ln44_148_fu_4009_p2    |      icmp|   0|  0|  31|          24|          12|
    |icmp_ln44_149_fu_4108_p2    |      icmp|   0|  0|  31|          24|          12|
    |icmp_ln44_150_fu_4207_p2    |      icmp|   0|  0|  31|          24|          12|
    |icmp_ln44_151_fu_4306_p2    |      icmp|   0|  0|  31|          24|          12|
    |icmp_ln44_152_fu_4405_p2    |      icmp|   0|  0|  31|          24|          12|
    |icmp_ln44_153_fu_4504_p2    |      icmp|   0|  0|  31|          24|          12|
    |icmp_ln44_154_fu_4597_p2    |      icmp|   0|  0|  31|          24|          12|
    |icmp_ln44_fu_3108_p2        |      icmp|   0|  0|  31|          24|          12|
    |icmp_ln48_140_fu_3242_p2    |      icmp|   0|  0|  31|          24|          12|
    |icmp_ln48_141_fu_3341_p2    |      icmp|   0|  0|  31|          24|          12|
    |icmp_ln48_142_fu_3440_p2    |      icmp|   0|  0|  31|          24|          12|
    |icmp_ln48_143_fu_3539_p2    |      icmp|   0|  0|  31|          24|          12|
    |icmp_ln48_144_fu_3638_p2    |      icmp|   0|  0|  31|          24|          12|
    |icmp_ln48_145_fu_3737_p2    |      icmp|   0|  0|  31|          24|          12|
    |icmp_ln48_146_fu_3830_p2    |      icmp|   0|  0|  31|          24|          12|
    |icmp_ln48_147_fu_3935_p2    |      icmp|   0|  0|  31|          24|          12|
    |icmp_ln48_148_fu_4036_p2    |      icmp|   0|  0|  31|          24|          12|
    |icmp_ln48_149_fu_4135_p2    |      icmp|   0|  0|  31|          24|          12|
    |icmp_ln48_150_fu_4234_p2    |      icmp|   0|  0|  31|          24|          12|
    |icmp_ln48_151_fu_4333_p2    |      icmp|   0|  0|  31|          24|          12|
    |icmp_ln48_152_fu_4432_p2    |      icmp|   0|  0|  31|          24|          12|
    |icmp_ln48_153_fu_4531_p2    |      icmp|   0|  0|  31|          24|          12|
    |icmp_ln48_154_fu_4624_p2    |      icmp|   0|  0|  31|          24|          12|
    |icmp_ln48_fu_3135_p2        |      icmp|   0|  0|  31|          24|          12|
    |icmp_ln52_140_fu_3268_p2    |      icmp|   0|  0|  31|          24|          24|
    |icmp_ln52_141_fu_3367_p2    |      icmp|   0|  0|  31|          24|          24|
    |icmp_ln52_142_fu_3466_p2    |      icmp|   0|  0|  31|          24|          24|
    |icmp_ln52_143_fu_3565_p2    |      icmp|   0|  0|  31|          24|          24|
    |icmp_ln52_144_fu_3664_p2    |      icmp|   0|  0|  31|          24|          24|
    |icmp_ln52_145_fu_3763_p2    |      icmp|   0|  0|  31|          24|          24|
    |icmp_ln52_146_fu_3856_p2    |      icmp|   0|  0|  31|          24|          24|
    |icmp_ln52_147_fu_3961_p2    |      icmp|   0|  0|  31|          24|          24|
    |icmp_ln52_148_fu_4062_p2    |      icmp|   0|  0|  31|          24|          24|
    |icmp_ln52_149_fu_4161_p2    |      icmp|   0|  0|  31|          24|          24|
    |icmp_ln52_150_fu_4260_p2    |      icmp|   0|  0|  31|          24|          24|
    |icmp_ln52_151_fu_4359_p2    |      icmp|   0|  0|  31|          24|          24|
    |icmp_ln52_152_fu_4458_p2    |      icmp|   0|  0|  31|          24|          24|
    |icmp_ln52_153_fu_4557_p2    |      icmp|   0|  0|  31|          24|          24|
    |icmp_ln52_154_fu_4650_p2    |      icmp|   0|  0|  31|          24|          24|
    |icmp_ln52_fu_3161_p2        |      icmp|   0|  0|  31|          24|          24|
    |icmp_ln83_fu_2154_p2        |      icmp|   0|  0|  12|           4|           1|
    |icmp_ln84_fu_2314_p2        |      icmp|   0|  0|  12|           4|           1|
    |or_ln73_fu_2070_p2          |        or|   0|  0|   5|           5|           1|
    |select_ln48_140_fu_3258_p3  |    select|   0|  0|  11|           1|          12|
    |select_ln48_141_fu_3357_p3  |    select|   0|  0|  11|           1|          12|
    |select_ln48_142_fu_3456_p3  |    select|   0|  0|  11|           1|          12|
    |select_ln48_143_fu_3555_p3  |    select|   0|  0|  11|           1|          12|
    |select_ln48_144_fu_3654_p3  |    select|   0|  0|  11|           1|          12|
    |select_ln48_145_fu_3753_p3  |    select|   0|  0|  11|           1|          12|
    |select_ln48_146_fu_3846_p3  |    select|   0|  0|  11|           1|          12|
    |select_ln48_147_fu_3951_p3  |    select|   0|  0|  11|           1|          12|
    |select_ln48_148_fu_4052_p3  |    select|   0|  0|  11|           1|          12|
    |select_ln48_149_fu_4151_p3  |    select|   0|  0|  11|           1|          12|
    |select_ln48_150_fu_4250_p3  |    select|   0|  0|  11|           1|          12|
    |select_ln48_151_fu_4349_p3  |    select|   0|  0|  11|           1|          12|
    |select_ln48_152_fu_4448_p3  |    select|   0|  0|  11|           1|          12|
    |select_ln48_153_fu_4547_p3  |    select|   0|  0|  11|           1|          12|
    |select_ln48_154_fu_4640_p3  |    select|   0|  0|  11|           1|          12|
    |select_ln48_fu_3151_p3      |    select|   0|  0|  11|           1|          12|
    |select_ln52_140_fu_3280_p3  |    select|   0|  0|  11|           1|          12|
    |select_ln52_141_fu_3379_p3  |    select|   0|  0|  11|           1|          12|
    |select_ln52_142_fu_3478_p3  |    select|   0|  0|  11|           1|          12|
    |select_ln52_143_fu_3577_p3  |    select|   0|  0|  11|           1|          12|
    |select_ln52_144_fu_3676_p3  |    select|   0|  0|  11|           1|          12|
    |select_ln52_145_fu_3775_p3  |    select|   0|  0|  11|           1|          12|
    |select_ln52_146_fu_3874_p3  |    select|   0|  0|  11|           1|          12|
    |select_ln52_147_fu_3973_p3  |    select|   0|  0|  11|           1|          12|
    |select_ln52_148_fu_4074_p3  |    select|   0|  0|  11|           1|          12|
    |select_ln52_149_fu_4173_p3  |    select|   0|  0|  11|           1|          12|
    |select_ln52_150_fu_4272_p3  |    select|   0|  0|  11|           1|          12|
    |select_ln52_151_fu_4371_p3  |    select|   0|  0|  11|           1|          12|
    |select_ln52_152_fu_4470_p3  |    select|   0|  0|  11|           1|          12|
    |select_ln52_153_fu_4569_p3  |    select|   0|  0|  11|           1|          12|
    |select_ln52_154_fu_4668_p3  |    select|   0|  0|  11|           1|          12|
    |select_ln52_fu_3179_p3      |    select|   0|  0|  11|           1|          12|
    |select_ln83_44_fu_2376_p3   |    select|   0|  0|  11|           1|          12|
    |select_ln83_46_fu_2393_p3   |    select|   0|  0|  11|           1|          12|
    |select_ln83_48_fu_2410_p3   |    select|   0|  0|  11|           1|          12|
    |select_ln83_50_fu_2427_p3   |    select|   0|  0|  11|           1|          12|
    |select_ln83_52_fu_2444_p3   |    select|   0|  0|  11|           1|          12|
    |select_ln83_54_fu_2461_p3   |    select|   0|  0|  11|           1|          12|
    |select_ln83_56_fu_2478_p3   |    select|   0|  0|  11|           1|          12|
    |select_ln83_fu_2331_p3      |    select|   0|  0|  11|           1|          12|
    |select_ln85_46_fu_2499_p3   |    select|   0|  0|  11|           1|          12|
    |select_ln85_48_fu_2516_p3   |    select|   0|  0|  11|           1|          12|
    |select_ln85_50_fu_2533_p3   |    select|   0|  0|  11|           1|          12|
    |select_ln85_52_fu_2550_p3   |    select|   0|  0|  11|           1|          12|
    |select_ln85_54_fu_2567_p3   |    select|   0|  0|  11|           1|          12|
    |select_ln85_56_fu_2584_p3   |    select|   0|  0|  11|           1|          12|
    |select_ln85_58_fu_2601_p3   |    select|   0|  0|  11|           1|          12|
    |select_ln85_60_fu_2618_p3   |    select|   0|  0|  11|           1|          12|
    |tA_56_fu_3813_p3            |    select|   0|  0|  24|           1|          24|
    |tA_57_fu_3225_p3            |    select|   0|  0|  24|           1|          24|
    |tA_58_fu_3324_p3            |    select|   0|  0|  24|           1|          24|
    |tA_59_fu_3423_p3            |    select|   0|  0|  24|           1|          24|
    |tA_60_fu_3522_p3            |    select|   0|  0|  24|           1|          24|
    |tA_61_fu_3621_p3            |    select|   0|  0|  24|           1|          24|
    |tA_62_fu_3720_p3            |    select|   0|  0|  24|           1|          24|
    |tA_fu_3118_p3               |    select|   0|  0|  24|           1|          24|
    |tB_56_fu_3918_p3            |    select|   0|  0|  24|           1|          24|
    |tB_57_fu_4019_p3            |    select|   0|  0|  24|           1|          24|
    |tB_58_fu_4118_p3            |    select|   0|  0|  24|           1|          24|
    |tB_59_fu_4217_p3            |    select|   0|  0|  24|           1|          24|
    |tB_60_fu_4316_p3            |    select|   0|  0|  24|           1|          24|
    |tB_61_fu_4415_p3            |    select|   0|  0|  24|           1|          24|
    |tB_62_fu_4514_p3            |    select|   0|  0|  24|           1|          24|
    |tB_fu_4607_p3               |    select|   0|  0|  24|           1|          24|
    |uA_57_fu_3195_p3            |    select|   0|  0|  11|           1|          12|
    |uA_58_fu_3294_p3            |    select|   0|  0|  11|           1|          12|
    |uA_59_fu_3393_p3            |    select|   0|  0|  11|           1|          12|
    |uA_60_fu_3492_p3            |    select|   0|  0|  11|           1|          12|
    |uA_61_fu_3591_p3            |    select|   0|  0|  11|           1|          12|
    |uA_62_fu_3690_p3            |    select|   0|  0|  11|           1|          12|
    |uA_63_fu_3789_p3            |    select|   0|  0|  11|           1|          12|
    |uA_fu_3094_p3               |    select|   0|  0|  11|           1|          12|
    |uB_57_fu_3888_p3            |    select|   0|  0|  11|           1|          12|
    |uB_58_fu_3989_p3            |    select|   0|  0|  11|           1|          12|
    |uB_59_fu_4088_p3            |    select|   0|  0|  11|           1|          12|
    |uB_60_fu_4187_p3            |    select|   0|  0|  11|           1|          12|
    |uB_61_fu_4286_p3            |    select|   0|  0|  11|           1|          12|
    |uB_62_fu_4385_p3            |    select|   0|  0|  11|           1|          12|
    |uB_63_fu_4484_p3            |    select|   0|  0|  11|           1|          12|
    |uB_fu_4583_p3               |    select|   0|  0|  11|           1|          12|
    |ap_enable_pp0               |       xor|   0|  0|   2|           1|           2|
    |xor_ln52_140_fu_3274_p2     |       xor|   0|  0|   2|           1|           2|
    |xor_ln52_141_fu_3373_p2     |       xor|   0|  0|   2|           1|           2|
    |xor_ln52_142_fu_3472_p2     |       xor|   0|  0|   2|           1|           2|
    |xor_ln52_143_fu_3571_p2     |       xor|   0|  0|   2|           1|           2|
    |xor_ln52_144_fu_3670_p2     |       xor|   0|  0|   2|           1|           2|
    |xor_ln52_145_fu_3769_p2     |       xor|   0|  0|   2|           1|           2|
    |xor_ln52_146_fu_3862_p2     |       xor|   0|  0|   2|           1|           2|
    |xor_ln52_147_fu_3967_p2     |       xor|   0|  0|   2|           1|           2|
    |xor_ln52_148_fu_4068_p2     |       xor|   0|  0|   2|           1|           2|
    |xor_ln52_149_fu_4167_p2     |       xor|   0|  0|   2|           1|           2|
    |xor_ln52_150_fu_4266_p2     |       xor|   0|  0|   2|           1|           2|
    |xor_ln52_151_fu_4365_p2     |       xor|   0|  0|   2|           1|           2|
    |xor_ln52_152_fu_4464_p2     |       xor|   0|  0|   2|           1|           2|
    |xor_ln52_153_fu_4563_p2     |       xor|   0|  0|   2|           1|           2|
    |xor_ln52_154_fu_4656_p2     |       xor|   0|  0|   2|           1|           2|
    |xor_ln52_fu_3167_p2         |       xor|   0|  0|   2|           1|           2|
    +----------------------------+----------+----+---+----+------------+------------+
    |Total                       |          |   0|  0|4663|        2670|        3137|
    +----------------------------+----------+----+---+----+------------+------------+

    * Multiplexer: 
    +-------------------------+----+-----------+-----+-----------+
    |           Name          | LUT| Input Size| Bits| Total Bits|
    +-------------------------+----+-----------+-----+-----------+
    |ap_done_int              |   9|          2|    1|          2|
    |ap_enable_reg_pp0_iter1  |   9|          2|    1|          2|
    |ap_sig_allocacmp_m       |   9|          2|    8|         16|
    |j1_fu_250                |   9|          2|    8|         16|
    +-------------------------+----+-----------+-----+-----------+
    |Total                    |  36|          8|   18|         36|
    +-------------------------+----+-----------+-----+-----------+

    * Register: 
    +----------------------------------+----+----+-----+-----------+
    |               Name               | FF | LUT| Bits| Const Bits|
    +----------------------------------+----+----+-----+-----------+
    |ap_CS_fsm                         |   1|   0|    1|          0|
    |ap_done_reg                       |   1|   0|    1|          0|
    |ap_enable_reg_pp0_iter1           |   1|   0|    1|          0|
    |ap_enable_reg_pp0_iter2           |   1|   0|    1|          0|
    |ap_enable_reg_pp0_iter3           |   1|   0|    1|          0|
    |ap_enable_reg_pp0_iter4           |   1|   0|    1|          0|
    |ap_enable_reg_pp0_iter5           |   1|   0|    1|          0|
    |ap_enable_reg_pp0_iter6           |   1|   0|    1|          0|
    |ap_loop_exit_ready_pp0_iter1_reg  |   1|   0|    1|          0|
    |ap_loop_exit_ready_pp0_iter2_reg  |   1|   0|    1|          0|
    |ap_loop_exit_ready_pp0_iter3_reg  |   1|   0|    1|          0|
    |ap_loop_exit_ready_pp0_iter4_reg  |   1|   0|    1|          0|
    |ap_loop_exit_ready_pp0_iter5_reg  |   1|   0|    1|          0|
    |dA_0_addr_4_reg_4930              |   3|   0|    4|          1|
    |dA_10_addr_4_reg_5035             |   4|   0|    4|          0|
    |dA_11_addr_4_reg_5085             |   4|   0|    4|          0|
    |dA_12_addr_4_reg_5135             |   4|   0|    4|          0|
    |dA_13_addr_4_reg_5185             |   4|   0|    4|          0|
    |dA_14_addr_4_reg_5235             |   4|   0|    4|          0|
    |dA_15_addr_4_reg_5285             |   4|   0|    4|          0|
    |dA_1_addr_4_reg_4980              |   4|   0|    4|          0|
    |dA_2_addr_4_reg_5030              |   4|   0|    4|          0|
    |dA_3_addr_4_reg_5080              |   4|   0|    4|          0|
    |dA_4_addr_4_reg_5130              |   4|   0|    4|          0|
    |dA_5_addr_4_reg_5180              |   4|   0|    4|          0|
    |dA_6_addr_4_reg_5230              |   4|   0|    4|          0|
    |dA_7_addr_4_reg_5280              |   4|   0|    4|          0|
    |dA_8_addr_4_reg_4935              |   3|   0|    4|          1|
    |dA_9_addr_4_reg_4985              |   4|   0|    4|          0|
    |dB_0_addr_4_reg_4950              |   3|   0|    4|          1|
    |dB_10_addr_4_reg_5055             |   4|   0|    4|          0|
    |dB_11_addr_4_reg_5105             |   4|   0|    4|          0|
    |dB_12_addr_4_reg_5155             |   4|   0|    4|          0|
    |dB_13_addr_4_reg_5205             |   4|   0|    4|          0|
    |dB_14_addr_4_reg_5255             |   4|   0|    4|          0|
    |dB_15_addr_4_reg_5309             |   4|   0|    4|          0|
    |dB_1_addr_4_reg_5000              |   4|   0|    4|          0|
    |dB_2_addr_4_reg_5050              |   4|   0|    4|          0|
    |dB_3_addr_4_reg_5100              |   4|   0|    4|          0|
    |dB_4_addr_4_reg_5150              |   4|   0|    4|          0|
    |dB_5_addr_4_reg_5200              |   4|   0|    4|          0|
    |dB_6_addr_4_reg_5250              |   4|   0|    4|          0|
    |dB_7_addr_4_reg_5304              |   4|   0|    4|          0|
    |dB_8_addr_4_reg_4955              |   3|   0|    4|          1|
    |dB_9_addr_4_reg_5005              |   4|   0|    4|          0|
    |icmp_ln83_reg_4884                |   1|   0|    1|          0|
    |icmp_ln84_reg_5290                |   1|   0|    1|          0|
    |j1_fu_250                         |   8|   0|    8|          0|
    |lshr_ln73_1_reg_4869              |   3|   0|    3|          0|
    |select_ln83_44_reg_5406           |  12|   0|   12|          0|
    |select_ln83_46_reg_5416           |  12|   0|   12|          0|
    |select_ln83_48_reg_5426           |  12|   0|   12|          0|
    |select_ln83_50_reg_5436           |  12|   0|   12|          0|
    |select_ln83_52_reg_5446           |  12|   0|   12|          0|
    |select_ln83_54_reg_5456           |  12|   0|   12|          0|
    |select_ln83_56_reg_5466           |  12|   0|   12|          0|
    |select_ln83_reg_5319              |  12|   0|   12|          0|
    |select_ln85_46_reg_5482           |  12|   0|   12|          0|
    |select_ln85_48_reg_5492           |  12|   0|   12|          0|
    |select_ln85_50_reg_5502           |  12|   0|   12|          0|
    |select_ln85_52_reg_5512           |  12|   0|   12|          0|
    |select_ln85_54_reg_5522           |  12|   0|   12|          0|
    |select_ln85_56_reg_5532           |  12|   0|   12|          0|
    |select_ln85_58_reg_5542           |  12|   0|   12|          0|
    |select_ln85_60_reg_5552           |  12|   0|   12|          0|
    |sub_ln84_43_reg_6046              |  12|   0|   12|          0|
    |sub_ln84_44_reg_6052              |  12|   0|   12|          0|
    |sub_ln84_45_reg_6058              |  12|   0|   12|          0|
    |sub_ln84_46_reg_6064              |  12|   0|   12|          0|
    |sub_ln84_47_reg_6070              |  12|   0|   12|          0|
    |sub_ln84_48_reg_6076              |  12|   0|   12|          0|
    |sub_ln84_49_reg_6082              |  12|   0|   12|          0|
    |sub_ln86_43_reg_6088              |  12|   0|   12|          0|
    |sub_ln86_44_reg_6094              |  12|   0|   12|          0|
    |sub_ln86_45_reg_6100              |  12|   0|   12|          0|
    |sub_ln86_46_reg_6106              |  12|   0|   12|          0|
    |sub_ln86_47_reg_6112              |  12|   0|   12|          0|
    |sub_ln86_48_reg_6118              |  12|   0|   12|          0|
    |sub_ln86_49_reg_6124              |  12|   0|   12|          0|
    |w_51_reg_5335                     |  10|   0|   10|          0|
    |w_52_reg_5346                     |  10|   0|   10|          0|
    |w_53_reg_5357                     |  10|   0|   10|          0|
    |w_54_reg_5368                     |  10|   0|   10|          0|
    |w_55_reg_5379                     |  10|   0|   10|          0|
    |w_56_reg_5390                     |  10|   0|   10|          0|
    |w_57_reg_5401                     |  10|   0|   10|          0|
    |w_reg_5314                        |  10|   0|   10|          0|
    |xw_273_reg_5991                   |  23|   0|   23|          0|
    |xw_274_reg_6041                   |  23|   0|   23|          0|
    |xw_275_reg_6006                   |  23|   0|   23|          0|
    |xw_276_reg_5961                   |  23|   0|   23|          0|
    |xw_277_reg_6011                   |  23|   0|   23|          0|
    |xw_278_reg_5966                   |  23|   0|   23|          0|
    |xw_279_reg_6016                   |  23|   0|   23|          0|
    |xw_280_reg_5971                   |  23|   0|   23|          0|
    |xw_281_reg_6021                   |  23|   0|   23|          0|
    |xw_282_reg_5976                   |  23|   0|   23|          0|
    |xw_283_reg_6026                   |  23|   0|   23|          0|
    |xw_284_reg_5981                   |  23|   0|   23|          0|
    |xw_285_reg_6031                   |  23|   0|   23|          0|
    |xw_286_reg_5986                   |  23|   0|   23|          0|
    |xw_287_reg_6036                   |  23|   0|   23|          0|
    |xw_reg_5816                       |  23|   0|   23|          0|
    |zext_ln73_2_reg_5770              |   3|   0|   64|         61|
    |dA_0_addr_4_reg_4930              |  64|  32|    4|          1|
    |dA_10_addr_4_reg_5035             |  64|  32|    4|          0|
    |dA_11_addr_4_reg_5085             |  64|  32|    4|          0|
    |dA_12_addr_4_reg_5135             |  64|  32|    4|          0|
    |dA_13_addr_4_reg_5185             |  64|  32|    4|          0|
    |dA_14_addr_4_reg_5235             |  64|  32|    4|          0|
    |dA_15_addr_4_reg_5285             |  64|  32|    4|          0|
    |dA_1_addr_4_reg_4980              |  64|  32|    4|          0|
    |dA_2_addr_4_reg_5030              |  64|  32|    4|          0|
    |dA_3_addr_4_reg_5080              |  64|  32|    4|          0|
    |dA_4_addr_4_reg_5130              |  64|  32|    4|          0|
    |dA_5_addr_4_reg_5180              |  64|  32|    4|          0|
    |dA_6_addr_4_reg_5230              |  64|  32|    4|          0|
    |dA_7_addr_4_reg_5280              |  64|  32|    4|          0|
    |dA_8_addr_4_reg_4935              |  64|  32|    4|          1|
    |dA_9_addr_4_reg_4985              |  64|  32|    4|          0|
    |dB_0_addr_4_reg_4950              |  64|  32|    4|          1|
    |dB_10_addr_4_reg_5055             |  64|  32|    4|          0|
    |dB_11_addr_4_reg_5105             |  64|  32|    4|          0|
    |dB_12_addr_4_reg_5155             |  64|  32|    4|          0|
    |dB_13_addr_4_reg_5205             |  64|  32|    4|          0|
    |dB_14_addr_4_reg_5255             |  64|  32|    4|          0|
    |dB_15_addr_4_reg_5309             |  64|  32|    4|          0|
    |dB_1_addr_4_reg_5000              |  64|  32|    4|          0|
    |dB_2_addr_4_reg_5050              |  64|  32|    4|          0|
    |dB_3_addr_4_reg_5100              |  64|  32|    4|          0|
    |dB_4_addr_4_reg_5150              |  64|  32|    4|          0|
    |dB_5_addr_4_reg_5200              |  64|  32|    4|          0|
    |dB_6_addr_4_reg_5250              |  64|  32|    4|          0|
    |dB_7_addr_4_reg_5304              |  64|  32|    4|          0|
    |dB_8_addr_4_reg_4955              |  64|  32|    4|          1|
    |dB_9_addr_4_reg_5005              |  64|  32|    4|          0|
    |icmp_ln83_reg_4884                |  64|  32|    1|          0|
    |icmp_ln84_reg_5290                |  64|  32|    1|          0|
    |lshr_ln73_1_reg_4869              |  64|  32|    3|          0|
    +----------------------------------+----+----+-----+-----------+
    |Total                             |3201|1120| 1159|         69|
    +----------------------------------+----+----+-----+-----------+



================================================================
== Interface
================================================================
* Summary: 
+----------------+-----+-----+------------+-------------------+--------------+
|    RTL Ports   | Dir | Bits|  Protocol  |   Source Object   |    C Type    |
+----------------+-----+-----+------------+-------------------+--------------+
|ap_clk          |   in|    1|  ap_ctrl_hs|  fwd_stage2_t<128>|  return value|
|ap_rst          |   in|    1|  ap_ctrl_hs|  fwd_stage2_t<128>|  return value|
|ap_start        |   in|    1|  ap_ctrl_hs|  fwd_stage2_t<128>|  return value|
|ap_done         |  out|    1|  ap_ctrl_hs|  fwd_stage2_t<128>|  return value|
|ap_idle         |  out|    1|  ap_ctrl_hs|  fwd_stage2_t<128>|  return value|
|ap_ready        |  out|    1|  ap_ctrl_hs|  fwd_stage2_t<128>|  return value|
|sA_0_address0   |  out|    4|   ap_memory|               sA_0|         array|
|sA_0_ce0        |  out|    1|   ap_memory|               sA_0|         array|
|sA_0_q0         |   in|   12|   ap_memory|               sA_0|         array|
|sA_0_address1   |  out|    4|   ap_memory|               sA_0|         array|
|sA_0_ce1        |  out|    1|   ap_memory|               sA_0|         array|
|sA_0_q1         |   in|   12|   ap_memory|               sA_0|         array|
|sA_1_address0   |  out|    4|   ap_memory|               sA_1|         array|
|sA_1_ce0        |  out|    1|   ap_memory|               sA_1|         array|
|sA_1_q0         |   in|   12|   ap_memory|               sA_1|         array|
|sA_1_address1   |  out|    4|   ap_memory|               sA_1|         array|
|sA_1_ce1        |  out|    1|   ap_memory|               sA_1|         array|
|sA_1_q1         |   in|   12|   ap_memory|               sA_1|         array|
|sA_2_address0   |  out|    4|   ap_memory|               sA_2|         array|
|sA_2_ce0        |  out|    1|   ap_memory|               sA_2|         array|
|sA_2_q0         |   in|   12|   ap_memory|               sA_2|         array|
|sA_2_address1   |  out|    4|   ap_memory|               sA_2|         array|
|sA_2_ce1        |  out|    1|   ap_memory|               sA_2|         array|
|sA_2_q1         |   in|   12|   ap_memory|               sA_2|         array|
|sA_3_address0   |  out|    4|   ap_memory|               sA_3|         array|
|sA_3_ce0        |  out|    1|   ap_memory|               sA_3|         array|
|sA_3_q0         |   in|   12|   ap_memory|               sA_3|         array|
|sA_3_address1   |  out|    4|   ap_memory|               sA_3|         array|
|sA_3_ce1        |  out|    1|   ap_memory|               sA_3|         array|
|sA_3_q1         |   in|   12|   ap_memory|               sA_3|         array|
|sA_4_address0   |  out|    4|   ap_memory|               sA_4|         array|
|sA_4_ce0        |  out|    1|   ap_memory|               sA_4|         array|
|sA_4_q0         |   in|   12|   ap_memory|               sA_4|         array|
|sA_4_address1   |  out|    4|   ap_memory|               sA_4|         array|
|sA_4_ce1        |  out|    1|   ap_memory|               sA_4|         array|
|sA_4_q1         |   in|   12|   ap_memory|               sA_4|         array|
|sA_5_address0   |  out|    4|   ap_memory|               sA_5|         array|
|sA_5_ce0        |  out|    1|   ap_memory|               sA_5|         array|
|sA_5_q0         |   in|   12|   ap_memory|               sA_5|         array|
|sA_5_address1   |  out|    4|   ap_memory|               sA_5|         array|
|sA_5_ce1        |  out|    1|   ap_memory|               sA_5|         array|
|sA_5_q1         |   in|   12|   ap_memory|               sA_5|         array|
|sA_6_address0   |  out|    4|   ap_memory|               sA_6|         array|
|sA_6_ce0        |  out|    1|   ap_memory|               sA_6|         array|
|sA_6_q0         |   in|   12|   ap_memory|               sA_6|         array|
|sA_6_address1   |  out|    4|   ap_memory|               sA_6|         array|
|sA_6_ce1        |  out|    1|   ap_memory|               sA_6|         array|
|sA_6_q1         |   in|   12|   ap_memory|               sA_6|         array|
|sA_7_address0   |  out|    4|   ap_memory|               sA_7|         array|
|sA_7_ce0        |  out|    1|   ap_memory|               sA_7|         array|
|sA_7_q0         |   in|   12|   ap_memory|               sA_7|         array|
|sA_7_address1   |  out|    4|   ap_memory|               sA_7|         array|
|sA_7_ce1        |  out|    1|   ap_memory|               sA_7|         array|
|sA_7_q1         |   in|   12|   ap_memory|               sA_7|         array|
|sA_8_address0   |  out|    4|   ap_memory|               sA_8|         array|
|sA_8_ce0        |  out|    1|   ap_memory|               sA_8|         array|
|sA_8_q0         |   in|   12|   ap_memory|               sA_8|         array|
|sA_8_address1   |  out|    4|   ap_memory|               sA_8|         array|
|sA_8_ce1        |  out|    1|   ap_memory|               sA_8|         array|
|sA_8_q1         |   in|   12|   ap_memory|               sA_8|         array|
|sA_9_address0   |  out|    4|   ap_memory|               sA_9|         array|
|sA_9_ce0        |  out|    1|   ap_memory|               sA_9|         array|
|sA_9_q0         |   in|   12|   ap_memory|               sA_9|         array|
|sA_9_address1   |  out|    4|   ap_memory|               sA_9|         array|
|sA_9_ce1        |  out|    1|   ap_memory|               sA_9|         array|
|sA_9_q1         |   in|   12|   ap_memory|               sA_9|         array|
|sA_10_address0  |  out|    4|   ap_memory|              sA_10|         array|
|sA_10_ce0       |  out|    1|   ap_memory|              sA_10|         array|
|sA_10_q0        |   in|   12|   ap_memory|              sA_10|         array|
|sA_10_address1  |  out|    4|   ap_memory|              sA_10|         array|
|sA_10_ce1       |  out|    1|   ap_memory|              sA_10|         array|
|sA_10_q1        |   in|   12|   ap_memory|              sA_10|         array|
|sA_11_address0  |  out|    4|   ap_memory|              sA_11|         array|
|sA_11_ce0       |  out|    1|   ap_memory|              sA_11|         array|
|sA_11_q0        |   in|   12|   ap_memory|              sA_11|         array|
|sA_11_address1  |  out|    4|   ap_memory|              sA_11|         array|
|sA_11_ce1       |  out|    1|   ap_memory|              sA_11|         array|
|sA_11_q1        |   in|   12|   ap_memory|              sA_11|         array|
|sA_12_address0  |  out|    4|   ap_memory|              sA_12|         array|
|sA_12_ce0       |  out|    1|   ap_memory|              sA_12|         array|
|sA_12_q0        |   in|   12|   ap_memory|              sA_12|         array|
|sA_12_address1  |  out|    4|   ap_memory|              sA_12|         array|
|sA_12_ce1       |  out|    1|   ap_memory|              sA_12|         array|
|sA_12_q1        |   in|   12|   ap_memory|              sA_12|         array|
|sA_13_address0  |  out|    4|   ap_memory|              sA_13|         array|
|sA_13_ce0       |  out|    1|   ap_memory|              sA_13|         array|
|sA_13_q0        |   in|   12|   ap_memory|              sA_13|         array|
|sA_13_address1  |  out|    4|   ap_memory|              sA_13|         array|
|sA_13_ce1       |  out|    1|   ap_memory|              sA_13|         array|
|sA_13_q1        |   in|   12|   ap_memory|              sA_13|         array|
|sA_14_address0  |  out|    4|   ap_memory|              sA_14|         array|
|sA_14_ce0       |  out|    1|   ap_memory|              sA_14|         array|
|sA_14_q0        |   in|   12|   ap_memory|              sA_14|         array|
|sA_14_address1  |  out|    4|   ap_memory|              sA_14|         array|
|sA_14_ce1       |  out|    1|   ap_memory|              sA_14|         array|
|sA_14_q1        |   in|   12|   ap_memory|              sA_14|         array|
|sA_15_address0  |  out|    4|   ap_memory|              sA_15|         array|
|sA_15_ce0       |  out|    1|   ap_memory|              sA_15|         array|
|sA_15_q0        |   in|   12|   ap_memory|              sA_15|         array|
|sA_15_address1  |  out|    4|   ap_memory|              sA_15|         array|
|sA_15_ce1       |  out|    1|   ap_memory|              sA_15|         array|
|sA_15_q1        |   in|   12|   ap_memory|              sA_15|         array|
|dA_0_address0   |  out|    4|   ap_memory|               dA_0|         array|
|dA_0_ce0        |  out|    1|   ap_memory|               dA_0|         array|
|dA_0_we0        |  out|    1|   ap_memory|               dA_0|         array|
|dA_0_d0         |  out|   12|   ap_memory|               dA_0|         array|
|dA_0_address1   |  out|    4|   ap_memory|               dA_0|         array|
|dA_0_ce1        |  out|    1|   ap_memory|               dA_0|         array|
|dA_0_we1        |  out|    1|   ap_memory|               dA_0|         array|
|dA_0_d1         |  out|   12|   ap_memory|               dA_0|         array|
|dA_1_address0   |  out|    4|   ap_memory|               dA_1|         array|
|dA_1_ce0        |  out|    1|   ap_memory|               dA_1|         array|
|dA_1_we0        |  out|    1|   ap_memory|               dA_1|         array|
|dA_1_d0         |  out|   12|   ap_memory|               dA_1|         array|
|dA_1_address1   |  out|    4|   ap_memory|               dA_1|         array|
|dA_1_ce1        |  out|    1|   ap_memory|               dA_1|         array|
|dA_1_we1        |  out|    1|   ap_memory|               dA_1|         array|
|dA_1_d1         |  out|   12|   ap_memory|               dA_1|         array|
|dA_2_address0   |  out|    4|   ap_memory|               dA_2|         array|
|dA_2_ce0        |  out|    1|   ap_memory|               dA_2|         array|
|dA_2_we0        |  out|    1|   ap_memory|               dA_2|         array|
|dA_2_d0         |  out|   12|   ap_memory|               dA_2|         array|
|dA_2_address1   |  out|    4|   ap_memory|               dA_2|         array|
|dA_2_ce1        |  out|    1|   ap_memory|               dA_2|         array|
|dA_2_we1        |  out|    1|   ap_memory|               dA_2|         array|
|dA_2_d1         |  out|   12|   ap_memory|               dA_2|         array|
|dA_3_address0   |  out|    4|   ap_memory|               dA_3|         array|
|dA_3_ce0        |  out|    1|   ap_memory|               dA_3|         array|
|dA_3_we0        |  out|    1|   ap_memory|               dA_3|         array|
|dA_3_d0         |  out|   12|   ap_memory|               dA_3|         array|
|dA_3_address1   |  out|    4|   ap_memory|               dA_3|         array|
|dA_3_ce1        |  out|    1|   ap_memory|               dA_3|         array|
|dA_3_we1        |  out|    1|   ap_memory|               dA_3|         array|
|dA_3_d1         |  out|   12|   ap_memory|               dA_3|         array|
|dA_4_address0   |  out|    4|   ap_memory|               dA_4|         array|
|dA_4_ce0        |  out|    1|   ap_memory|               dA_4|         array|
|dA_4_we0        |  out|    1|   ap_memory|               dA_4|         array|
|dA_4_d0         |  out|   12|   ap_memory|               dA_4|         array|
|dA_4_address1   |  out|    4|   ap_memory|               dA_4|         array|
|dA_4_ce1        |  out|    1|   ap_memory|               dA_4|         array|
|dA_4_we1        |  out|    1|   ap_memory|               dA_4|         array|
|dA_4_d1         |  out|   12|   ap_memory|               dA_4|         array|
|dA_5_address0   |  out|    4|   ap_memory|               dA_5|         array|
|dA_5_ce0        |  out|    1|   ap_memory|               dA_5|         array|
|dA_5_we0        |  out|    1|   ap_memory|               dA_5|         array|
|dA_5_d0         |  out|   12|   ap_memory|               dA_5|         array|
|dA_5_address1   |  out|    4|   ap_memory|               dA_5|         array|
|dA_5_ce1        |  out|    1|   ap_memory|               dA_5|         array|
|dA_5_we1        |  out|    1|   ap_memory|               dA_5|         array|
|dA_5_d1         |  out|   12|   ap_memory|               dA_5|         array|
|dA_6_address0   |  out|    4|   ap_memory|               dA_6|         array|
|dA_6_ce0        |  out|    1|   ap_memory|               dA_6|         array|
|dA_6_we0        |  out|    1|   ap_memory|               dA_6|         array|
|dA_6_d0         |  out|   12|   ap_memory|               dA_6|         array|
|dA_6_address1   |  out|    4|   ap_memory|               dA_6|         array|
|dA_6_ce1        |  out|    1|   ap_memory|               dA_6|         array|
|dA_6_we1        |  out|    1|   ap_memory|               dA_6|         array|
|dA_6_d1         |  out|   12|   ap_memory|               dA_6|         array|
|dA_7_address0   |  out|    4|   ap_memory|               dA_7|         array|
|dA_7_ce0        |  out|    1|   ap_memory|               dA_7|         array|
|dA_7_we0        |  out|    1|   ap_memory|               dA_7|         array|
|dA_7_d0         |  out|   12|   ap_memory|               dA_7|         array|
|dA_7_address1   |  out|    4|   ap_memory|               dA_7|         array|
|dA_7_ce1        |  out|    1|   ap_memory|               dA_7|         array|
|dA_7_we1        |  out|    1|   ap_memory|               dA_7|         array|
|dA_7_d1         |  out|   12|   ap_memory|               dA_7|         array|
|dA_8_address0   |  out|    4|   ap_memory|               dA_8|         array|
|dA_8_ce0        |  out|    1|   ap_memory|               dA_8|         array|
|dA_8_we0        |  out|    1|   ap_memory|               dA_8|         array|
|dA_8_d0         |  out|   12|   ap_memory|               dA_8|         array|
|dA_8_address1   |  out|    4|   ap_memory|               dA_8|         array|
|dA_8_ce1        |  out|    1|   ap_memory|               dA_8|         array|
|dA_8_we1        |  out|    1|   ap_memory|               dA_8|         array|
|dA_8_d1         |  out|   12|   ap_memory|               dA_8|         array|
|dA_9_address0   |  out|    4|   ap_memory|               dA_9|         array|
|dA_9_ce0        |  out|    1|   ap_memory|               dA_9|         array|
|dA_9_we0        |  out|    1|   ap_memory|               dA_9|         array|
|dA_9_d0         |  out|   12|   ap_memory|               dA_9|         array|
|dA_9_address1   |  out|    4|   ap_memory|               dA_9|         array|
|dA_9_ce1        |  out|    1|   ap_memory|               dA_9|         array|
|dA_9_we1        |  out|    1|   ap_memory|               dA_9|         array|
|dA_9_d1         |  out|   12|   ap_memory|               dA_9|         array|
|dA_10_address0  |  out|    4|   ap_memory|              dA_10|         array|
|dA_10_ce0       |  out|    1|   ap_memory|              dA_10|         array|
|dA_10_we0       |  out|    1|   ap_memory|              dA_10|         array|
|dA_10_d0        |  out|   12|   ap_memory|              dA_10|         array|
|dA_10_address1  |  out|    4|   ap_memory|              dA_10|         array|
|dA_10_ce1       |  out|    1|   ap_memory|              dA_10|         array|
|dA_10_we1       |  out|    1|   ap_memory|              dA_10|         array|
|dA_10_d1        |  out|   12|   ap_memory|              dA_10|         array|
|dA_11_address0  |  out|    4|   ap_memory|              dA_11|         array|
|dA_11_ce0       |  out|    1|   ap_memory|              dA_11|         array|
|dA_11_we0       |  out|    1|   ap_memory|              dA_11|         array|
|dA_11_d0        |  out|   12|   ap_memory|              dA_11|         array|
|dA_11_address1  |  out|    4|   ap_memory|              dA_11|         array|
|dA_11_ce1       |  out|    1|   ap_memory|              dA_11|         array|
|dA_11_we1       |  out|    1|   ap_memory|              dA_11|         array|
|dA_11_d1        |  out|   12|   ap_memory|              dA_11|         array|
|dA_12_address0  |  out|    4|   ap_memory|              dA_12|         array|
|dA_12_ce0       |  out|    1|   ap_memory|              dA_12|         array|
|dA_12_we0       |  out|    1|   ap_memory|              dA_12|         array|
|dA_12_d0        |  out|   12|   ap_memory|              dA_12|         array|
|dA_12_address1  |  out|    4|   ap_memory|              dA_12|         array|
|dA_12_ce1       |  out|    1|   ap_memory|              dA_12|         array|
|dA_12_we1       |  out|    1|   ap_memory|              dA_12|         array|
|dA_12_d1        |  out|   12|   ap_memory|              dA_12|         array|
|dA_13_address0  |  out|    4|   ap_memory|              dA_13|         array|
|dA_13_ce0       |  out|    1|   ap_memory|              dA_13|         array|
|dA_13_we0       |  out|    1|   ap_memory|              dA_13|         array|
|dA_13_d0        |  out|   12|   ap_memory|              dA_13|         array|
|dA_13_address1  |  out|    4|   ap_memory|              dA_13|         array|
|dA_13_ce1       |  out|    1|   ap_memory|              dA_13|         array|
|dA_13_we1       |  out|    1|   ap_memory|              dA_13|         array|
|dA_13_d1        |  out|   12|   ap_memory|              dA_13|         array|
|dA_14_address0  |  out|    4|   ap_memory|              dA_14|         array|
|dA_14_ce0       |  out|    1|   ap_memory|              dA_14|         array|
|dA_14_we0       |  out|    1|   ap_memory|              dA_14|         array|
|dA_14_d0        |  out|   12|   ap_memory|              dA_14|         array|
|dA_14_address1  |  out|    4|   ap_memory|              dA_14|         array|
|dA_14_ce1       |  out|    1|   ap_memory|              dA_14|         array|
|dA_14_we1       |  out|    1|   ap_memory|              dA_14|         array|
|dA_14_d1        |  out|   12|   ap_memory|              dA_14|         array|
|dA_15_address0  |  out|    4|   ap_memory|              dA_15|         array|
|dA_15_ce0       |  out|    1|   ap_memory|              dA_15|         array|
|dA_15_we0       |  out|    1|   ap_memory|              dA_15|         array|
|dA_15_d0        |  out|   12|   ap_memory|              dA_15|         array|
|dA_15_address1  |  out|    4|   ap_memory|              dA_15|         array|
|dA_15_ce1       |  out|    1|   ap_memory|              dA_15|         array|
|dA_15_we1       |  out|    1|   ap_memory|              dA_15|         array|
|dA_15_d1        |  out|   12|   ap_memory|              dA_15|         array|
|sB_0_address0   |  out|    4|   ap_memory|               sB_0|         array|
|sB_0_ce0        |  out|    1|   ap_memory|               sB_0|         array|
|sB_0_q0         |   in|   12|   ap_memory|               sB_0|         array|
|sB_0_address1   |  out|    4|   ap_memory|               sB_0|         array|
|sB_0_ce1        |  out|    1|   ap_memory|               sB_0|         array|
|sB_0_q1         |   in|   12|   ap_memory|               sB_0|         array|
|sB_1_address0   |  out|    4|   ap_memory|               sB_1|         array|
|sB_1_ce0        |  out|    1|   ap_memory|               sB_1|         array|
|sB_1_q0         |   in|   12|   ap_memory|               sB_1|         array|
|sB_1_address1   |  out|    4|   ap_memory|               sB_1|         array|
|sB_1_ce1        |  out|    1|   ap_memory|               sB_1|         array|
|sB_1_q1         |   in|   12|   ap_memory|               sB_1|         array|
|sB_2_address0   |  out|    4|   ap_memory|               sB_2|         array|
|sB_2_ce0        |  out|    1|   ap_memory|               sB_2|         array|
|sB_2_q0         |   in|   12|   ap_memory|               sB_2|         array|
|sB_2_address1   |  out|    4|   ap_memory|               sB_2|         array|
|sB_2_ce1        |  out|    1|   ap_memory|               sB_2|         array|
|sB_2_q1         |   in|   12|   ap_memory|               sB_2|         array|
|sB_3_address0   |  out|    4|   ap_memory|               sB_3|         array|
|sB_3_ce0        |  out|    1|   ap_memory|               sB_3|         array|
|sB_3_q0         |   in|   12|   ap_memory|               sB_3|         array|
|sB_3_address1   |  out|    4|   ap_memory|               sB_3|         array|
|sB_3_ce1        |  out|    1|   ap_memory|               sB_3|         array|
|sB_3_q1         |   in|   12|   ap_memory|               sB_3|         array|
|sB_4_address0   |  out|    4|   ap_memory|               sB_4|         array|
|sB_4_ce0        |  out|    1|   ap_memory|               sB_4|         array|
|sB_4_q0         |   in|   12|   ap_memory|               sB_4|         array|
|sB_4_address1   |  out|    4|   ap_memory|               sB_4|         array|
|sB_4_ce1        |  out|    1|   ap_memory|               sB_4|         array|
|sB_4_q1         |   in|   12|   ap_memory|               sB_4|         array|
|sB_5_address0   |  out|    4|   ap_memory|               sB_5|         array|
|sB_5_ce0        |  out|    1|   ap_memory|               sB_5|         array|
|sB_5_q0         |   in|   12|   ap_memory|               sB_5|         array|
|sB_5_address1   |  out|    4|   ap_memory|               sB_5|         array|
|sB_5_ce1        |  out|    1|   ap_memory|               sB_5|         array|
|sB_5_q1         |   in|   12|   ap_memory|               sB_5|         array|
|sB_6_address0   |  out|    4|   ap_memory|               sB_6|         array|
|sB_6_ce0        |  out|    1|   ap_memory|               sB_6|         array|
|sB_6_q0         |   in|   12|   ap_memory|               sB_6|         array|
|sB_6_address1   |  out|    4|   ap_memory|               sB_6|         array|
|sB_6_ce1        |  out|    1|   ap_memory|               sB_6|         array|
|sB_6_q1         |   in|   12|   ap_memory|               sB_6|         array|
|sB_7_address0   |  out|    4|   ap_memory|               sB_7|         array|
|sB_7_ce0        |  out|    1|   ap_memory|               sB_7|         array|
|sB_7_q0         |   in|   12|   ap_memory|               sB_7|         array|
|sB_7_address1   |  out|    4|   ap_memory|               sB_7|         array|
|sB_7_ce1        |  out|    1|   ap_memory|               sB_7|         array|
|sB_7_q1         |   in|   12|   ap_memory|               sB_7|         array|
|sB_8_address0   |  out|    4|   ap_memory|               sB_8|         array|
|sB_8_ce0        |  out|    1|   ap_memory|               sB_8|         array|
|sB_8_q0         |   in|   12|   ap_memory|               sB_8|         array|
|sB_8_address1   |  out|    4|   ap_memory|               sB_8|         array|
|sB_8_ce1        |  out|    1|   ap_memory|               sB_8|         array|
|sB_8_q1         |   in|   12|   ap_memory|               sB_8|         array|
|sB_9_address0   |  out|    4|   ap_memory|               sB_9|         array|
|sB_9_ce0        |  out|    1|   ap_memory|               sB_9|         array|
|sB_9_q0         |   in|   12|   ap_memory|               sB_9|         array|
|sB_9_address1   |  out|    4|   ap_memory|               sB_9|         array|
|sB_9_ce1        |  out|    1|   ap_memory|               sB_9|         array|
|sB_9_q1         |   in|   12|   ap_memory|               sB_9|         array|
|sB_10_address0  |  out|    4|   ap_memory|              sB_10|         array|
|sB_10_ce0       |  out|    1|   ap_memory|              sB_10|         array|
|sB_10_q0        |   in|   12|   ap_memory|              sB_10|         array|
|sB_10_address1  |  out|    4|   ap_memory|              sB_10|         array|
|sB_10_ce1       |  out|    1|   ap_memory|              sB_10|         array|
|sB_10_q1        |   in|   12|   ap_memory|              sB_10|         array|
|sB_11_address0  |  out|    4|   ap_memory|              sB_11|         array|
|sB_11_ce0       |  out|    1|   ap_memory|              sB_11|         array|
|sB_11_q0        |   in|   12|   ap_memory|              sB_11|         array|
|sB_11_address1  |  out|    4|   ap_memory|              sB_11|         array|
|sB_11_ce1       |  out|    1|   ap_memory|              sB_11|         array|
|sB_11_q1        |   in|   12|   ap_memory|              sB_11|         array|
|sB_12_address0  |  out|    4|   ap_memory|              sB_12|         array|
|sB_12_ce0       |  out|    1|   ap_memory|              sB_12|         array|
|sB_12_q0        |   in|   12|   ap_memory|              sB_12|         array|
|sB_12_address1  |  out|    4|   ap_memory|              sB_12|         array|
|sB_12_ce1       |  out|    1|   ap_memory|              sB_12|         array|
|sB_12_q1        |   in|   12|   ap_memory|              sB_12|         array|
|sB_13_address0  |  out|    4|   ap_memory|              sB_13|         array|
|sB_13_ce0       |  out|    1|   ap_memory|              sB_13|         array|
|sB_13_q0        |   in|   12|   ap_memory|              sB_13|         array|
|sB_13_address1  |  out|    4|   ap_memory|              sB_13|         array|
|sB_13_ce1       |  out|    1|   ap_memory|              sB_13|         array|
|sB_13_q1        |   in|   12|   ap_memory|              sB_13|         array|
|sB_14_address0  |  out|    4|   ap_memory|              sB_14|         array|
|sB_14_ce0       |  out|    1|   ap_memory|              sB_14|         array|
|sB_14_q0        |   in|   12|   ap_memory|              sB_14|         array|
|sB_14_address1  |  out|    4|   ap_memory|              sB_14|         array|
|sB_14_ce1       |  out|    1|   ap_memory|              sB_14|         array|
|sB_14_q1        |   in|   12|   ap_memory|              sB_14|         array|
|sB_15_address0  |  out|    4|   ap_memory|              sB_15|         array|
|sB_15_ce0       |  out|    1|   ap_memory|              sB_15|         array|
|sB_15_q0        |   in|   12|   ap_memory|              sB_15|         array|
|sB_15_address1  |  out|    4|   ap_memory|              sB_15|         array|
|sB_15_ce1       |  out|    1|   ap_memory|              sB_15|         array|
|sB_15_q1        |   in|   12|   ap_memory|              sB_15|         array|
|dB_0_address0   |  out|    4|   ap_memory|               dB_0|         array|
|dB_0_ce0        |  out|    1|   ap_memory|               dB_0|         array|
|dB_0_we0        |  out|    1|   ap_memory|               dB_0|         array|
|dB_0_d0         |  out|   12|   ap_memory|               dB_0|         array|
|dB_0_address1   |  out|    4|   ap_memory|               dB_0|         array|
|dB_0_ce1        |  out|    1|   ap_memory|               dB_0|         array|
|dB_0_we1        |  out|    1|   ap_memory|               dB_0|         array|
|dB_0_d1         |  out|   12|   ap_memory|               dB_0|         array|
|dB_1_address0   |  out|    4|   ap_memory|               dB_1|         array|
|dB_1_ce0        |  out|    1|   ap_memory|               dB_1|         array|
|dB_1_we0        |  out|    1|   ap_memory|               dB_1|         array|
|dB_1_d0         |  out|   12|   ap_memory|               dB_1|         array|
|dB_1_address1   |  out|    4|   ap_memory|               dB_1|         array|
|dB_1_ce1        |  out|    1|   ap_memory|               dB_1|         array|
|dB_1_we1        |  out|    1|   ap_memory|               dB_1|         array|
|dB_1_d1         |  out|   12|   ap_memory|               dB_1|         array|
|dB_2_address0   |  out|    4|   ap_memory|               dB_2|         array|
|dB_2_ce0        |  out|    1|   ap_memory|               dB_2|         array|
|dB_2_we0        |  out|    1|   ap_memory|               dB_2|         array|
|dB_2_d0         |  out|   12|   ap_memory|               dB_2|         array|
|dB_2_address1   |  out|    4|   ap_memory|               dB_2|         array|
|dB_2_ce1        |  out|    1|   ap_memory|               dB_2|         array|
|dB_2_we1        |  out|    1|   ap_memory|               dB_2|         array|
|dB_2_d1         |  out|   12|   ap_memory|               dB_2|         array|
|dB_3_address0   |  out|    4|   ap_memory|               dB_3|         array|
|dB_3_ce0        |  out|    1|   ap_memory|               dB_3|         array|
|dB_3_we0        |  out|    1|   ap_memory|               dB_3|         array|
|dB_3_d0         |  out|   12|   ap_memory|               dB_3|         array|
|dB_3_address1   |  out|    4|   ap_memory|               dB_3|         array|
|dB_3_ce1        |  out|    1|   ap_memory|               dB_3|         array|
|dB_3_we1        |  out|    1|   ap_memory|               dB_3|         array|
|dB_3_d1         |  out|   12|   ap_memory|               dB_3|         array|
|dB_4_address0   |  out|    4|   ap_memory|               dB_4|         array|
|dB_4_ce0        |  out|    1|   ap_memory|               dB_4|         array|
|dB_4_we0        |  out|    1|   ap_memory|               dB_4|         array|
|dB_4_d0         |  out|   12|   ap_memory|               dB_4|         array|
|dB_4_address1   |  out|    4|   ap_memory|               dB_4|         array|
|dB_4_ce1        |  out|    1|   ap_memory|               dB_4|         array|
|dB_4_we1        |  out|    1|   ap_memory|               dB_4|         array|
|dB_4_d1         |  out|   12|   ap_memory|               dB_4|         array|
|dB_5_address0   |  out|    4|   ap_memory|               dB_5|         array|
|dB_5_ce0        |  out|    1|   ap_memory|               dB_5|         array|
|dB_5_we0        |  out|    1|   ap_memory|               dB_5|         array|
|dB_5_d0         |  out|   12|   ap_memory|               dB_5|         array|
|dB_5_address1   |  out|    4|   ap_memory|               dB_5|         array|
|dB_5_ce1        |  out|    1|   ap_memory|               dB_5|         array|
|dB_5_we1        |  out|    1|   ap_memory|               dB_5|         array|
|dB_5_d1         |  out|   12|   ap_memory|               dB_5|         array|
|dB_6_address0   |  out|    4|   ap_memory|               dB_6|         array|
|dB_6_ce0        |  out|    1|   ap_memory|               dB_6|         array|
|dB_6_we0        |  out|    1|   ap_memory|               dB_6|         array|
|dB_6_d0         |  out|   12|   ap_memory|               dB_6|         array|
|dB_6_address1   |  out|    4|   ap_memory|               dB_6|         array|
|dB_6_ce1        |  out|    1|   ap_memory|               dB_6|         array|
|dB_6_we1        |  out|    1|   ap_memory|               dB_6|         array|
|dB_6_d1         |  out|   12|   ap_memory|               dB_6|         array|
|dB_7_address0   |  out|    4|   ap_memory|               dB_7|         array|
|dB_7_ce0        |  out|    1|   ap_memory|               dB_7|         array|
|dB_7_we0        |  out|    1|   ap_memory|               dB_7|         array|
|dB_7_d0         |  out|   12|   ap_memory|               dB_7|         array|
|dB_7_address1   |  out|    4|   ap_memory|               dB_7|         array|
|dB_7_ce1        |  out|    1|   ap_memory|               dB_7|         array|
|dB_7_we1        |  out|    1|   ap_memory|               dB_7|         array|
|dB_7_d1         |  out|   12|   ap_memory|               dB_7|         array|
|dB_8_address0   |  out|    4|   ap_memory|               dB_8|         array|
|dB_8_ce0        |  out|    1|   ap_memory|               dB_8|         array|
|dB_8_we0        |  out|    1|   ap_memory|               dB_8|         array|
|dB_8_d0         |  out|   12|   ap_memory|               dB_8|         array|
|dB_8_address1   |  out|    4|   ap_memory|               dB_8|         array|
|dB_8_ce1        |  out|    1|   ap_memory|               dB_8|         array|
|dB_8_we1        |  out|    1|   ap_memory|               dB_8|         array|
|dB_8_d1         |  out|   12|   ap_memory|               dB_8|         array|
|dB_9_address0   |  out|    4|   ap_memory|               dB_9|         array|
|dB_9_ce0        |  out|    1|   ap_memory|               dB_9|         array|
|dB_9_we0        |  out|    1|   ap_memory|               dB_9|         array|
|dB_9_d0         |  out|   12|   ap_memory|               dB_9|         array|
|dB_9_address1   |  out|    4|   ap_memory|               dB_9|         array|
|dB_9_ce1        |  out|    1|   ap_memory|               dB_9|         array|
|dB_9_we1        |  out|    1|   ap_memory|               dB_9|         array|
|dB_9_d1         |  out|   12|   ap_memory|               dB_9|         array|
|dB_10_address0  |  out|    4|   ap_memory|              dB_10|         array|
|dB_10_ce0       |  out|    1|   ap_memory|              dB_10|         array|
|dB_10_we0       |  out|    1|   ap_memory|              dB_10|         array|
|dB_10_d0        |  out|   12|   ap_memory|              dB_10|         array|
|dB_10_address1  |  out|    4|   ap_memory|              dB_10|         array|
|dB_10_ce1       |  out|    1|   ap_memory|              dB_10|         array|
|dB_10_we1       |  out|    1|   ap_memory|              dB_10|         array|
|dB_10_d1        |  out|   12|   ap_memory|              dB_10|         array|
|dB_11_address0  |  out|    4|   ap_memory|              dB_11|         array|
|dB_11_ce0       |  out|    1|   ap_memory|              dB_11|         array|
|dB_11_we0       |  out|    1|   ap_memory|              dB_11|         array|
|dB_11_d0        |  out|   12|   ap_memory|              dB_11|         array|
|dB_11_address1  |  out|    4|   ap_memory|              dB_11|         array|
|dB_11_ce1       |  out|    1|   ap_memory|              dB_11|         array|
|dB_11_we1       |  out|    1|   ap_memory|              dB_11|         array|
|dB_11_d1        |  out|   12|   ap_memory|              dB_11|         array|
|dB_12_address0  |  out|    4|   ap_memory|              dB_12|         array|
|dB_12_ce0       |  out|    1|   ap_memory|              dB_12|         array|
|dB_12_we0       |  out|    1|   ap_memory|              dB_12|         array|
|dB_12_d0        |  out|   12|   ap_memory|              dB_12|         array|
|dB_12_address1  |  out|    4|   ap_memory|              dB_12|         array|
|dB_12_ce1       |  out|    1|   ap_memory|              dB_12|         array|
|dB_12_we1       |  out|    1|   ap_memory|              dB_12|         array|
|dB_12_d1        |  out|   12|   ap_memory|              dB_12|         array|
|dB_13_address0  |  out|    4|   ap_memory|              dB_13|         array|
|dB_13_ce0       |  out|    1|   ap_memory|              dB_13|         array|
|dB_13_we0       |  out|    1|   ap_memory|              dB_13|         array|
|dB_13_d0        |  out|   12|   ap_memory|              dB_13|         array|
|dB_13_address1  |  out|    4|   ap_memory|              dB_13|         array|
|dB_13_ce1       |  out|    1|   ap_memory|              dB_13|         array|
|dB_13_we1       |  out|    1|   ap_memory|              dB_13|         array|
|dB_13_d1        |  out|   12|   ap_memory|              dB_13|         array|
|dB_14_address0  |  out|    4|   ap_memory|              dB_14|         array|
|dB_14_ce0       |  out|    1|   ap_memory|              dB_14|         array|
|dB_14_we0       |  out|    1|   ap_memory|              dB_14|         array|
|dB_14_d0        |  out|   12|   ap_memory|              dB_14|         array|
|dB_14_address1  |  out|    4|   ap_memory|              dB_14|         array|
|dB_14_ce1       |  out|    1|   ap_memory|              dB_14|         array|
|dB_14_we1       |  out|    1|   ap_memory|              dB_14|         array|
|dB_14_d1        |  out|   12|   ap_memory|              dB_14|         array|
|dB_15_address0  |  out|    4|   ap_memory|              dB_15|         array|
|dB_15_ce0       |  out|    1|   ap_memory|              dB_15|         array|
|dB_15_we0       |  out|    1|   ap_memory|              dB_15|         array|
|dB_15_d0        |  out|   12|   ap_memory|              dB_15|         array|
|dB_15_address1  |  out|    4|   ap_memory|              dB_15|         array|
|dB_15_ce1       |  out|    1|   ap_memory|              dB_15|         array|
|dB_15_we1       |  out|    1|   ap_memory|              dB_15|         array|
|dB_15_d1        |  out|   12|   ap_memory|              dB_15|         array|
+----------------+-----+-----+------------+-------------------+--------------+

