

================================================================
== Vitis HLS Report for 'fwd_stage2_t_8_s'
================================================================
* Date:           Thu Jun 11 23:16:48 2026

* Version:        2023.2 (Build 4023990 on Oct 11 2023)
* Project:        ntt_kyber
* Solution:       solution1 (Vivado IP Flow Target)
* Product family: zynquplus
* Target device:  xck26-sfvc784-2LV-c


================================================================
== Performance Estimates
================================================================
+ Timing: 
    * Summary: 
    +--------+----------+----------+------------+
    |  Clock |  Target  | Estimated| Uncertainty|
    +--------+----------+----------+------------+
    |ap_clk  |  10.00 ns|  6.247 ns|     2.70 ns|
    +--------+----------+----------+------------+

+ Latency: 
    * Summary: 
    +---------+---------+----------+----------+-----+-----+---------+
    |  Latency (cycles) |  Latency (absolute) |  Interval | Pipeline|
    |   min   |   max   |    min   |    max   | min | max |   Type  |
    +---------+---------+----------+----------+-----+-----+---------+
    |       22|       22|  0.220 us|  0.220 us|   22|   22|       no|
    +---------+---------+----------+----------+-----+-----+---------+

    + Detail: 
        * Instance: 
        N/A

        * Loop: 
        +-----------+---------+---------+----------+-----------+-----------+------+----------+
        |           |  Latency (cycles) | Iteration|  Initiation Interval  | Trip |          |
        | Loop Name |   min   |   max   |  Latency |  achieved |   target  | Count| Pipelined|
        +-----------+---------+---------+----------+-----------+-----------+------+----------+
        |- FWD_BF2  |       20|       20|         6|          1|          1|    16|       yes|
        +-----------+---------+---------+----------+-----------+-----------+------+----------+



================================================================
== Utilization Estimates
================================================================
* Summary: 
+-----------------+---------+------+--------+--------+-----+
|       Name      | BRAM_18K|  DSP |   FF   |   LUT  | URAM|
+-----------------+---------+------+--------+--------+-----+
|DSP              |        -|    16|       -|       -|    -|
|Expression       |        -|     -|       0|    4278|    -|
|FIFO             |        -|     -|       -|       -|    -|
|Instance         |        -|    32|       0|       0|    -|
|Memory           |        0|     -|     224|      56|    -|
|Multiplexer      |        -|     -|       -|      36|    -|
|Register         |        -|     -|     759|      32|    -|
+-----------------+---------+------+--------+--------+-----+
|Total            |        0|    48|     983|    4402|    0|
+-----------------+---------+------+--------+--------+-----+
|Available        |      288|  1248|  234240|  117120|   64|
+-----------------+---------+------+--------+--------+-----+
|Utilization (%)  |        0|     3|      ~0|       3|    0|
+-----------------+---------+------+--------+--------+-----+

+ Detail: 
    * Instance: 
    +---------------------------+----------------------+---------+----+---+----+-----+
    |          Instance         |        Module        | BRAM_18K| DSP| FF| LUT| URAM|
    +---------------------------+----------------------+---------+----+---+----+-----+
    |mul_12ns_12ns_24_3_1_U529  |mul_12ns_12ns_24_3_1  |        0|   1|  0|   0|    0|
    |mul_12ns_12ns_24_3_1_U530  |mul_12ns_12ns_24_3_1  |        0|   1|  0|   0|    0|
    |mul_12ns_12ns_24_3_1_U531  |mul_12ns_12ns_24_3_1  |        0|   1|  0|   0|    0|
    |mul_12ns_12ns_24_3_1_U532  |mul_12ns_12ns_24_3_1  |        0|   1|  0|   0|    0|
    |mul_12ns_12ns_24_3_1_U533  |mul_12ns_12ns_24_3_1  |        0|   1|  0|   0|    0|
    |mul_12ns_12ns_24_3_1_U534  |mul_12ns_12ns_24_3_1  |        0|   1|  0|   0|    0|
    |mul_12ns_12ns_24_3_1_U535  |mul_12ns_12ns_24_3_1  |        0|   1|  0|   0|    0|
    |mul_12ns_12ns_24_3_1_U536  |mul_12ns_12ns_24_3_1  |        0|   1|  0|   0|    0|
    |mul_12ns_12ns_24_3_1_U537  |mul_12ns_12ns_24_3_1  |        0|   1|  0|   0|    0|
    |mul_12ns_12ns_24_3_1_U538  |mul_12ns_12ns_24_3_1  |        0|   1|  0|   0|    0|
    |mul_12ns_12ns_24_3_1_U539  |mul_12ns_12ns_24_3_1  |        0|   1|  0|   0|    0|
    |mul_12ns_12ns_24_3_1_U540  |mul_12ns_12ns_24_3_1  |        0|   1|  0|   0|    0|
    |mul_12ns_12ns_24_3_1_U541  |mul_12ns_12ns_24_3_1  |        0|   1|  0|   0|    0|
    |mul_12ns_12ns_24_3_1_U542  |mul_12ns_12ns_24_3_1  |        0|   1|  0|   0|    0|
    |mul_12ns_12ns_24_3_1_U543  |mul_12ns_12ns_24_3_1  |        0|   1|  0|   0|    0|
    |mul_12ns_12ns_24_3_1_U544  |mul_12ns_12ns_24_3_1  |        0|   1|  0|   0|    0|
    |mul_16ns_12ns_28_3_1_U513  |mul_16ns_12ns_28_3_1  |        0|   1|  0|   0|    0|
    |mul_16ns_12ns_28_3_1_U514  |mul_16ns_12ns_28_3_1  |        0|   1|  0|   0|    0|
    |mul_16ns_12ns_28_3_1_U515  |mul_16ns_12ns_28_3_1  |        0|   1|  0|   0|    0|
    |mul_16ns_12ns_28_3_1_U516  |mul_16ns_12ns_28_3_1  |        0|   1|  0|   0|    0|
    |mul_16ns_12ns_28_3_1_U517  |mul_16ns_12ns_28_3_1  |        0|   1|  0|   0|    0|
    |mul_16ns_12ns_28_3_1_U518  |mul_16ns_12ns_28_3_1  |        0|   1|  0|   0|    0|
    |mul_16ns_12ns_28_3_1_U519  |mul_16ns_12ns_28_3_1  |        0|   1|  0|   0|    0|
    |mul_16ns_12ns_28_3_1_U520  |mul_16ns_12ns_28_3_1  |        0|   1|  0|   0|    0|
    |mul_16ns_12ns_28_3_1_U521  |mul_16ns_12ns_28_3_1  |        0|   1|  0|   0|    0|
    |mul_16ns_12ns_28_3_1_U522  |mul_16ns_12ns_28_3_1  |        0|   1|  0|   0|    0|
    |mul_16ns_12ns_28_3_1_U523  |mul_16ns_12ns_28_3_1  |        0|   1|  0|   0|    0|
    |mul_16ns_12ns_28_3_1_U524  |mul_16ns_12ns_28_3_1  |        0|   1|  0|   0|    0|
    |mul_16ns_12ns_28_3_1_U525  |mul_16ns_12ns_28_3_1  |        0|   1|  0|   0|    0|
    |mul_16ns_12ns_28_3_1_U526  |mul_16ns_12ns_28_3_1  |        0|   1|  0|   0|    0|
    |mul_16ns_12ns_28_3_1_U527  |mul_16ns_12ns_28_3_1  |        0|   1|  0|   0|    0|
    |mul_16ns_12ns_28_3_1_U528  |mul_16ns_12ns_28_3_1  |        0|   1|  0|   0|    0|
    +---------------------------+----------------------+---------+----+---+----+-----+
    |Total                      |                      |        0|  32|  0|   0|    0|
    +---------------------------+----------------------+---------+----+---+----+-----+

    * DSP: 
    +---------------------------------------+----------------------------------+--------------+
    |                Instance               |              Module              |  Expression  |
    +---------------------------------------+----------------------------------+--------------+
    |mac_mulsub_12ns_12ns_24ns_25_3_1_U545  |mac_mulsub_12ns_12ns_24ns_25_3_1  |  i0 - i1 * i2|
    |mac_mulsub_12ns_12ns_24ns_25_3_1_U546  |mac_mulsub_12ns_12ns_24ns_25_3_1  |  i0 - i1 * i2|
    |mac_mulsub_12ns_12ns_24ns_25_3_1_U547  |mac_mulsub_12ns_12ns_24ns_25_3_1  |  i0 - i1 * i2|
    |mac_mulsub_12ns_12ns_24ns_25_3_1_U548  |mac_mulsub_12ns_12ns_24ns_25_3_1  |  i0 - i1 * i2|
    |mac_mulsub_12ns_12ns_24ns_25_3_1_U549  |mac_mulsub_12ns_12ns_24ns_25_3_1  |  i0 - i1 * i2|
    |mac_mulsub_12ns_12ns_24ns_25_3_1_U550  |mac_mulsub_12ns_12ns_24ns_25_3_1  |  i0 - i1 * i2|
    |mac_mulsub_12ns_12ns_24ns_25_3_1_U551  |mac_mulsub_12ns_12ns_24ns_25_3_1  |  i0 - i1 * i2|
    |mac_mulsub_12ns_12ns_24ns_25_3_1_U552  |mac_mulsub_12ns_12ns_24ns_25_3_1  |  i0 - i1 * i2|
    |mac_mulsub_12ns_12ns_24ns_25_3_1_U553  |mac_mulsub_12ns_12ns_24ns_25_3_1  |  i0 - i1 * i2|
    |mac_mulsub_12ns_12ns_24ns_25_3_1_U554  |mac_mulsub_12ns_12ns_24ns_25_3_1  |  i0 - i1 * i2|
    |mac_mulsub_12ns_12ns_24ns_25_3_1_U555  |mac_mulsub_12ns_12ns_24ns_25_3_1  |  i0 - i1 * i2|
    |mac_mulsub_12ns_12ns_24ns_25_3_1_U556  |mac_mulsub_12ns_12ns_24ns_25_3_1  |  i0 - i1 * i2|
    |mac_mulsub_12ns_12ns_24ns_25_3_1_U557  |mac_mulsub_12ns_12ns_24ns_25_3_1  |  i0 - i1 * i2|
    |mac_mulsub_12ns_12ns_24ns_25_3_1_U558  |mac_mulsub_12ns_12ns_24ns_25_3_1  |  i0 - i1 * i2|
    |mac_mulsub_12ns_12ns_24ns_25_3_1_U559  |mac_mulsub_12ns_12ns_24ns_25_3_1  |  i0 - i1 * i2|
    |mac_mulsub_12ns_12ns_24ns_25_3_1_U560  |mac_mulsub_12ns_12ns_24ns_25_3_1  |  i0 - i1 * i2|
    +---------------------------------------+----------------------------------+--------------+

    * Memory: 
    +-------------------+----------------------------------------------+---------+----+----+-----+------+-----+------+-------------+
    |       Memory      |                    Module                    | BRAM_18K| FF | LUT| URAM| Words| Bits| Banks| W*Bits*Banks|
    +-------------------+----------------------------------------------+---------+----+----+-----+------+-----+------+-------------+
    |p_ZL5FWD_W_0_4_U   |fwd_stage2_t_8_s_p_ZL5FWD_W_0_4_ROM_AUTO_1R   |        0|  24|   6|    0|    32|   12|     1|          384|
    |p_ZL5FWD_W_1_4_U   |fwd_stage2_t_8_s_p_ZL5FWD_W_0_4_ROM_AUTO_1R   |        0|  24|   6|    0|    32|   12|     1|          384|
    |p_ZL5FWD_W_2_4_U   |fwd_stage2_t_8_s_p_ZL5FWD_W_0_4_ROM_AUTO_1R   |        0|  24|   6|    0|    32|   12|     1|          384|
    |p_ZL5FWD_W_3_4_U   |fwd_stage2_t_8_s_p_ZL5FWD_W_0_4_ROM_AUTO_1R   |        0|  24|   6|    0|    32|   12|     1|          384|
    |p_ZL6FWD_MW_0_4_U  |fwd_stage2_t_8_s_p_ZL6FWD_MW_0_4_ROM_AUTO_1R  |        0|  32|   8|    0|    32|   16|     1|          512|
    |p_ZL6FWD_MW_1_4_U  |fwd_stage2_t_8_s_p_ZL6FWD_MW_0_4_ROM_AUTO_1R  |        0|  32|   8|    0|    32|   16|     1|          512|
    |p_ZL6FWD_MW_2_4_U  |fwd_stage2_t_8_s_p_ZL6FWD_MW_0_4_ROM_AUTO_1R  |        0|  32|   8|    0|    32|   16|     1|          512|
    |p_ZL6FWD_MW_3_4_U  |fwd_stage2_t_8_s_p_ZL6FWD_MW_0_4_ROM_AUTO_1R  |        0|  32|   8|    0|    32|   16|     1|          512|
    +-------------------+----------------------------------------------+---------+----+----+-----+------+-----+------+-------------+
    |Total              |                                              |        0| 224|  56|    0|   256|  112|     8|         3584|
    +-------------------+----------------------------------------------+---------+----+----+-----+------+-----+------+-------------+

    * FIFO: 
    N/A

    * Expression: 
    +---------------------------+----------+----+---+----+------------+------------+
    |       Variable Name       | Operation| DSP| FF| LUT| Bitwidth P0| Bitwidth P1|
    +---------------------------+----------+----+---+----+------------+------------+
    |add_ln44_50_fu_2057_p2     |         +|   0|  0|  32|          25|          13|
    |add_ln44_51_fu_2149_p2     |         +|   0|  0|  32|          25|          13|
    |add_ln44_52_fu_2241_p2     |         +|   0|  0|  32|          25|          13|
    |add_ln44_53_fu_2333_p2     |         +|   0|  0|  32|          25|          13|
    |add_ln44_54_fu_2425_p2     |         +|   0|  0|  32|          25|          13|
    |add_ln44_55_fu_2517_p2     |         +|   0|  0|  32|          25|          13|
    |add_ln44_56_fu_2603_p2     |         +|   0|  0|  32|          25|          13|
    |add_ln44_57_fu_2701_p2     |         +|   0|  0|  32|          25|          13|
    |add_ln44_58_fu_2793_p2     |         +|   0|  0|  32|          25|          13|
    |add_ln44_59_fu_2885_p2     |         +|   0|  0|  32|          25|          13|
    |add_ln44_60_fu_2977_p2     |         +|   0|  0|  32|          25|          13|
    |add_ln44_61_fu_3069_p2     |         +|   0|  0|  32|          25|          13|
    |add_ln44_62_fu_3161_p2     |         +|   0|  0|  32|          25|          13|
    |add_ln44_63_fu_3253_p2     |         +|   0|  0|  32|          25|          13|
    |add_ln44_64_fu_3339_p2     |         +|   0|  0|  32|          25|          13|
    |add_ln44_fu_1959_p2        |         +|   0|  0|  32|          25|          13|
    |add_ln48_100_fu_2089_p2    |         +|   0|  0|  19|          12|          10|
    |add_ln48_102_fu_2181_p2    |         +|   0|  0|  19|          12|          10|
    |add_ln48_104_fu_2273_p2    |         +|   0|  0|  19|          12|          10|
    |add_ln48_106_fu_2365_p2    |         +|   0|  0|  19|          12|          10|
    |add_ln48_108_fu_2457_p2    |         +|   0|  0|  19|          12|          10|
    |add_ln48_110_fu_2549_p2    |         +|   0|  0|  19|          12|          10|
    |add_ln48_112_fu_2635_p2    |         +|   0|  0|  19|          12|          10|
    |add_ln48_114_fu_2733_p2    |         +|   0|  0|  19|          12|          10|
    |add_ln48_116_fu_2825_p2    |         +|   0|  0|  19|          12|          10|
    |add_ln48_118_fu_2917_p2    |         +|   0|  0|  19|          12|          10|
    |add_ln48_120_fu_3009_p2    |         +|   0|  0|  19|          12|          10|
    |add_ln48_122_fu_3101_p2    |         +|   0|  0|  19|          12|          10|
    |add_ln48_124_fu_3193_p2    |         +|   0|  0|  19|          12|          10|
    |add_ln48_126_fu_3285_p2    |         +|   0|  0|  19|          12|          10|
    |add_ln48_128_fu_3371_p2    |         +|   0|  0|  19|          12|          10|
    |add_ln48_fu_1991_p2        |         +|   0|  0|  19|          12|          10|
    |add_ln52_50_fu_2043_p2     |         +|   0|  0|  19|          12|          11|
    |add_ln52_51_fu_2135_p2     |         +|   0|  0|  19|          12|          11|
    |add_ln52_52_fu_2227_p2     |         +|   0|  0|  19|          12|          11|
    |add_ln52_53_fu_2319_p2     |         +|   0|  0|  19|          12|          11|
    |add_ln52_54_fu_2411_p2     |         +|   0|  0|  19|          12|          11|
    |add_ln52_55_fu_2503_p2     |         +|   0|  0|  19|          12|          11|
    |add_ln52_56_fu_2662_p2     |         +|   0|  0|  19|          12|          11|
    |add_ln52_57_fu_2687_p2     |         +|   0|  0|  19|          12|          11|
    |add_ln52_58_fu_2779_p2     |         +|   0|  0|  19|          12|          11|
    |add_ln52_59_fu_2871_p2     |         +|   0|  0|  19|          12|          11|
    |add_ln52_60_fu_2963_p2     |         +|   0|  0|  19|          12|          11|
    |add_ln52_61_fu_3055_p2     |         +|   0|  0|  19|          12|          11|
    |add_ln52_62_fu_3147_p2     |         +|   0|  0|  19|          12|          11|
    |add_ln52_63_fu_3239_p2     |         +|   0|  0|  19|          12|          11|
    |add_ln52_64_fu_3398_p2     |         +|   0|  0|  19|          12|          11|
    |add_ln52_fu_2018_p2        |         +|   0|  0|  19|          12|          11|
    |add_ln73_fu_1352_p2        |         +|   0|  0|  15|           8|           4|
    |s_105_fu_2619_p2           |         +|   0|  0|  32|          25|          25|
    |s_106_fu_3355_p2           |         +|   0|  0|  32|          25|          25|
    |s_107_fu_2717_p2           |         +|   0|  0|  32|          25|          25|
    |s_108_fu_2073_p2           |         +|   0|  0|  32|          25|          25|
    |s_109_fu_2809_p2           |         +|   0|  0|  32|          25|          25|
    |s_110_fu_2165_p2           |         +|   0|  0|  32|          25|          25|
    |s_111_fu_2901_p2           |         +|   0|  0|  32|          25|          25|
    |s_112_fu_2257_p2           |         +|   0|  0|  32|          25|          25|
    |s_113_fu_2993_p2           |         +|   0|  0|  32|          25|          25|
    |s_114_fu_2349_p2           |         +|   0|  0|  32|          25|          25|
    |s_115_fu_3085_p2           |         +|   0|  0|  32|          25|          25|
    |s_116_fu_2441_p2           |         +|   0|  0|  32|          25|          25|
    |s_117_fu_3177_p2           |         +|   0|  0|  32|          25|          25|
    |s_118_fu_2533_p2           |         +|   0|  0|  32|          25|          25|
    |s_119_fu_3269_p2           |         +|   0|  0|  32|          25|          25|
    |s_fu_1975_p2               |         +|   0|  0|  32|          25|          25|
    |dA_10_d0                   |         -|   0|  0|  19|          12|          12|
    |dA_11_d0                   |         -|   0|  0|  19|          12|          12|
    |dA_12_d0                   |         -|   0|  0|  19|          12|          12|
    |dA_13_d0                   |         -|   0|  0|  19|          12|          12|
    |dA_14_d0                   |         -|   0|  0|  19|          12|          12|
    |dA_15_d0                   |         -|   0|  0|  19|          12|          12|
    |dA_8_d0                    |         -|   0|  0|  19|          12|          12|
    |dA_9_d0                    |         -|   0|  0|  19|          12|          12|
    |dB_10_d0                   |         -|   0|  0|  19|          12|          12|
    |dB_11_d0                   |         -|   0|  0|  19|          12|          12|
    |dB_12_d0                   |         -|   0|  0|  19|          12|          12|
    |dB_13_d0                   |         -|   0|  0|  19|          12|          12|
    |dB_14_d0                   |         -|   0|  0|  19|          12|          12|
    |dB_15_d0                   |         -|   0|  0|  19|          12|          12|
    |dB_8_d0                    |         -|   0|  0|  19|          12|          12|
    |dB_9_d0                    |         -|   0|  0|  19|          12|          12|
    |icmp_ln44_50_fu_2052_p2    |      icmp|   0|  0|  32|          25|          12|
    |icmp_ln44_51_fu_2144_p2    |      icmp|   0|  0|  32|          25|          12|
    |icmp_ln44_52_fu_2236_p2    |      icmp|   0|  0|  32|          25|          12|
    |icmp_ln44_53_fu_2328_p2    |      icmp|   0|  0|  32|          25|          12|
    |icmp_ln44_54_fu_2420_p2    |      icmp|   0|  0|  32|          25|          12|
    |icmp_ln44_55_fu_2512_p2    |      icmp|   0|  0|  32|          25|          12|
    |icmp_ln44_56_fu_2598_p2    |      icmp|   0|  0|  32|          25|          12|
    |icmp_ln44_57_fu_2696_p2    |      icmp|   0|  0|  32|          25|          12|
    |icmp_ln44_58_fu_2788_p2    |      icmp|   0|  0|  32|          25|          12|
    |icmp_ln44_59_fu_2880_p2    |      icmp|   0|  0|  32|          25|          12|
    |icmp_ln44_60_fu_2972_p2    |      icmp|   0|  0|  32|          25|          12|
    |icmp_ln44_61_fu_3064_p2    |      icmp|   0|  0|  32|          25|          12|
    |icmp_ln44_62_fu_3156_p2    |      icmp|   0|  0|  32|          25|          12|
    |icmp_ln44_63_fu_3248_p2    |      icmp|   0|  0|  32|          25|          12|
    |icmp_ln44_64_fu_3334_p2    |      icmp|   0|  0|  32|          25|          12|
    |icmp_ln44_fu_1954_p2       |      icmp|   0|  0|  32|          25|          12|
    |icmp_ln48_50_fu_2079_p2    |      icmp|   0|  0|  32|          25|          12|
    |icmp_ln48_51_fu_2171_p2    |      icmp|   0|  0|  32|          25|          12|
    |icmp_ln48_52_fu_2263_p2    |      icmp|   0|  0|  32|          25|          12|
    |icmp_ln48_53_fu_2355_p2    |      icmp|   0|  0|  32|          25|          12|
    |icmp_ln48_54_fu_2447_p2    |      icmp|   0|  0|  32|          25|          12|
    |icmp_ln48_55_fu_2539_p2    |      icmp|   0|  0|  32|          25|          12|
    |icmp_ln48_56_fu_2625_p2    |      icmp|   0|  0|  32|          25|          12|
    |icmp_ln48_57_fu_2723_p2    |      icmp|   0|  0|  32|          25|          12|
    |icmp_ln48_58_fu_2815_p2    |      icmp|   0|  0|  32|          25|          12|
    |icmp_ln48_59_fu_2907_p2    |      icmp|   0|  0|  32|          25|          12|
    |icmp_ln48_60_fu_2999_p2    |      icmp|   0|  0|  32|          25|          12|
    |icmp_ln48_61_fu_3091_p2    |      icmp|   0|  0|  32|          25|          12|
    |icmp_ln48_62_fu_3183_p2    |      icmp|   0|  0|  32|          25|          12|
    |icmp_ln48_63_fu_3275_p2    |      icmp|   0|  0|  32|          25|          12|
    |icmp_ln48_64_fu_3361_p2    |      icmp|   0|  0|  32|          25|          12|
    |icmp_ln48_fu_1981_p2       |      icmp|   0|  0|  32|          25|          12|
    |icmp_ln52_50_fu_2104_p2    |      icmp|   0|  0|  32|          25|          25|
    |icmp_ln52_51_fu_2196_p2    |      icmp|   0|  0|  32|          25|          25|
    |icmp_ln52_52_fu_2288_p2    |      icmp|   0|  0|  32|          25|          25|
    |icmp_ln52_53_fu_2380_p2    |      icmp|   0|  0|  32|          25|          25|
    |icmp_ln52_54_fu_2472_p2    |      icmp|   0|  0|  32|          25|          25|
    |icmp_ln52_55_fu_2564_p2    |      icmp|   0|  0|  32|          25|          25|
    |icmp_ln52_56_fu_2650_p2    |      icmp|   0|  0|  32|          25|          25|
    |icmp_ln52_57_fu_2748_p2    |      icmp|   0|  0|  32|          25|          25|
    |icmp_ln52_58_fu_2840_p2    |      icmp|   0|  0|  32|          25|          25|
    |icmp_ln52_59_fu_2932_p2    |      icmp|   0|  0|  32|          25|          25|
    |icmp_ln52_60_fu_3024_p2    |      icmp|   0|  0|  32|          25|          25|
    |icmp_ln52_61_fu_3116_p2    |      icmp|   0|  0|  32|          25|          25|
    |icmp_ln52_62_fu_3208_p2    |      icmp|   0|  0|  32|          25|          25|
    |icmp_ln52_63_fu_3300_p2    |      icmp|   0|  0|  32|          25|          25|
    |icmp_ln52_64_fu_3386_p2    |      icmp|   0|  0|  32|          25|          25|
    |icmp_ln52_fu_2006_p2       |      icmp|   0|  0|  32|          25|          25|
    |or_ln82_fu_1334_p2         |        or|   0|  0|   5|           5|           1|
    |dA_0_d0                    |    select|   0|  0|  11|           1|          12|
    |dA_1_d0                    |    select|   0|  0|  11|           1|          12|
    |dA_2_d0                    |    select|   0|  0|  11|           1|          12|
    |dA_3_d0                    |    select|   0|  0|  11|           1|          12|
    |dA_4_d0                    |    select|   0|  0|  11|           1|          12|
    |dA_5_d0                    |    select|   0|  0|  11|           1|          12|
    |dA_6_d0                    |    select|   0|  0|  11|           1|          12|
    |dA_7_d0                    |    select|   0|  0|  11|           1|          12|
    |dB_0_d0                    |    select|   0|  0|  11|           1|          12|
    |dB_1_d0                    |    select|   0|  0|  11|           1|          12|
    |dB_2_d0                    |    select|   0|  0|  11|           1|          12|
    |dB_3_d0                    |    select|   0|  0|  11|           1|          12|
    |dB_4_d0                    |    select|   0|  0|  11|           1|          12|
    |dB_5_d0                    |    select|   0|  0|  11|           1|          12|
    |dB_6_d0                    |    select|   0|  0|  11|           1|          12|
    |dB_7_d0                    |    select|   0|  0|  11|           1|          12|
    |select_ln52_50_fu_2116_p3  |    select|   0|  0|  11|           1|          12|
    |select_ln52_51_fu_2208_p3  |    select|   0|  0|  11|           1|          12|
    |select_ln52_52_fu_2300_p3  |    select|   0|  0|  11|           1|          12|
    |select_ln52_53_fu_2392_p3  |    select|   0|  0|  11|           1|          12|
    |select_ln52_54_fu_2484_p3  |    select|   0|  0|  11|           1|          12|
    |select_ln52_55_fu_2576_p3  |    select|   0|  0|  11|           1|          12|
    |select_ln52_56_fu_2668_p3  |    select|   0|  0|  11|           1|          12|
    |select_ln52_57_fu_2760_p3  |    select|   0|  0|  11|           1|          12|
    |select_ln52_58_fu_2852_p3  |    select|   0|  0|  11|           1|          12|
    |select_ln52_59_fu_2944_p3  |    select|   0|  0|  11|           1|          12|
    |select_ln52_60_fu_3036_p3  |    select|   0|  0|  11|           1|          12|
    |select_ln52_61_fu_3128_p3  |    select|   0|  0|  11|           1|          12|
    |select_ln52_62_fu_3220_p3  |    select|   0|  0|  11|           1|          12|
    |select_ln52_63_fu_3312_p3  |    select|   0|  0|  11|           1|          12|
    |select_ln52_64_fu_3404_p3  |    select|   0|  0|  11|           1|          12|
    |select_ln52_fu_2024_p3     |    select|   0|  0|  11|           1|          12|
    |tA_10_fu_2246_p3           |    select|   0|  0|  25|           1|          25|
    |tA_11_fu_2338_p3           |    select|   0|  0|  25|           1|          25|
    |tA_12_fu_2430_p3           |    select|   0|  0|  25|           1|          25|
    |tA_13_fu_2522_p3           |    select|   0|  0|  25|           1|          25|
    |tA_7_fu_2608_p3            |    select|   0|  0|  25|           1|          25|
    |tA_8_fu_2062_p3            |    select|   0|  0|  25|           1|          25|
    |tA_9_fu_2154_p3            |    select|   0|  0|  25|           1|          25|
    |tA_fu_1964_p3              |    select|   0|  0|  25|           1|          25|
    |tB_10_fu_2890_p3           |    select|   0|  0|  25|           1|          25|
    |tB_11_fu_2982_p3           |    select|   0|  0|  25|           1|          25|
    |tB_12_fu_3074_p3           |    select|   0|  0|  25|           1|          25|
    |tB_13_fu_3166_p3           |    select|   0|  0|  25|           1|          25|
    |tB_14_fu_3258_p3           |    select|   0|  0|  25|           1|          25|
    |tB_8_fu_2706_p3            |    select|   0|  0|  25|           1|          25|
    |tB_9_fu_2798_p3            |    select|   0|  0|  25|           1|          25|
    |tB_fu_3344_p3              |    select|   0|  0|  25|           1|          25|
    |ap_enable_pp0              |       xor|   0|  0|   2|           1|           2|
    |xor_ln52_50_fu_2110_p2     |       xor|   0|  0|   2|           1|           2|
    |xor_ln52_51_fu_2202_p2     |       xor|   0|  0|   2|           1|           2|
    |xor_ln52_52_fu_2294_p2     |       xor|   0|  0|   2|           1|           2|
    |xor_ln52_53_fu_2386_p2     |       xor|   0|  0|   2|           1|           2|
    |xor_ln52_54_fu_2478_p2     |       xor|   0|  0|   2|           1|           2|
    |xor_ln52_55_fu_2570_p2     |       xor|   0|  0|   2|           1|           2|
    |xor_ln52_56_fu_2656_p2     |       xor|   0|  0|   2|           1|           2|
    |xor_ln52_57_fu_2754_p2     |       xor|   0|  0|   2|           1|           2|
    |xor_ln52_58_fu_2846_p2     |       xor|   0|  0|   2|           1|           2|
    |xor_ln52_59_fu_2938_p2     |       xor|   0|  0|   2|           1|           2|
    |xor_ln52_60_fu_3030_p2     |       xor|   0|  0|   2|           1|           2|
    |xor_ln52_61_fu_3122_p2     |       xor|   0|  0|   2|           1|           2|
    |xor_ln52_62_fu_3214_p2     |       xor|   0|  0|   2|           1|           2|
    |xor_ln52_63_fu_3306_p2     |       xor|   0|  0|   2|           1|           2|
    |xor_ln52_64_fu_3392_p2     |       xor|   0|  0|   2|           1|           2|
    |xor_ln52_fu_2012_p2        |       xor|   0|  0|   2|           1|           2|
    +---------------------------+----------+----+---+----+------------+------------+
    |Total                      |          |   0|  0|4278|        2654|        2743|
    +---------------------------+----------+----+---+----+------------+------------+

    * Multiplexer: 
    +-------------------------+----+-----------+-----+-----------+
    |           Name          | LUT| Input Size| Bits| Total Bits|
    +-------------------------+----+-----------+-----+-----------+
    |ap_done_int              |   9|          2|    1|          2|
    |ap_enable_reg_pp0_iter1  |   9|          2|    1|          2|
    |ap_sig_allocacmp_m       |   9|          2|    8|         16|
    |idx_fu_230               |   9|          2|    8|         16|
    +-------------------------+----+-----------+-----+-----------+
    |Total                    |  36|          8|   18|         36|
    +-------------------------+----+-----------+-----+-----------+

    * Register: 
    +----------------------------------+----+----+-----+-----------+
    |               Name               | FF | LUT| Bits| Const Bits|
    +----------------------------------+----+----+-----+-----------+
    |ap_CS_fsm                         |   1|   0|    1|          0|
    |ap_done_reg                       |   1|   0|    1|          0|
    |ap_enable_reg_pp0_iter1           |   1|   0|    1|          0|
    |ap_enable_reg_pp0_iter2           |   1|   0|    1|          0|
    |ap_enable_reg_pp0_iter3           |   1|   0|    1|          0|
    |ap_enable_reg_pp0_iter4           |   1|   0|    1|          0|
    |ap_enable_reg_pp0_iter5           |   1|   0|    1|          0|
    |ap_loop_exit_ready_pp0_iter1_reg  |   1|   0|    1|          0|
    |ap_loop_exit_ready_pp0_iter2_reg  |   1|   0|    1|          0|
    |ap_loop_exit_ready_pp0_iter3_reg  |   1|   0|    1|          0|
    |ap_loop_exit_ready_pp0_iter4_reg  |   1|   0|    1|          0|
    |idx_fu_230                        |   8|   0|    8|          0|
    |sA_10_load_reg_3920               |  12|   0|   12|          0|
    |sA_11_load_reg_3930               |  12|   0|   12|          0|
    |sA_12_load_reg_3940               |  12|   0|   12|          0|
    |sA_13_load_reg_3950               |  12|   0|   12|          0|
    |sA_14_load_reg_3960               |  12|   0|   12|          0|
    |sA_15_load_reg_3970               |  12|   0|   12|          0|
    |sA_8_load_reg_3823                |  12|   0|   12|          0|
    |sA_9_load_reg_3910                |  12|   0|   12|          0|
    |sB_10_load_reg_4006               |  12|   0|   12|          0|
    |sB_11_load_reg_4016               |  12|   0|   12|          0|
    |sB_12_load_reg_4026               |  12|   0|   12|          0|
    |sB_13_load_reg_4036               |  12|   0|   12|          0|
    |sB_14_load_reg_4046               |  12|   0|   12|          0|
    |sB_15_load_reg_4056               |  12|   0|   12|          0|
    |sB_8_load_reg_3986                |  12|   0|   12|          0|
    |sB_9_load_reg_3996                |  12|   0|   12|          0|
    |w_10_reg_3850                     |  12|   0|   12|          0|
    |w_11_reg_3861                     |  12|   0|   12|          0|
    |w_12_reg_3872                     |  12|   0|   12|          0|
    |w_13_reg_3883                     |  12|   0|   12|          0|
    |w_14_reg_3894                     |  12|   0|   12|          0|
    |w_15_reg_3905                     |  12|   0|   12|          0|
    |w_9_reg_3839                      |  12|   0|   12|          0|
    |w_reg_3818                        |  12|   0|   12|          0|
    |xw_105_reg_4384                   |  24|   0|   24|          0|
    |xw_106_reg_4429                   |  24|   0|   24|          0|
    |xw_107_reg_4394                   |  24|   0|   24|          0|
    |xw_108_reg_4354                   |  24|   0|   24|          0|
    |xw_109_reg_4399                   |  24|   0|   24|          0|
    |xw_110_reg_4359                   |  24|   0|   24|          0|
    |xw_111_reg_4404                   |  24|   0|   24|          0|
    |xw_112_reg_4364                   |  24|   0|   24|          0|
    |xw_113_reg_4409                   |  24|   0|   24|          0|
    |xw_114_reg_4369                   |  24|   0|   24|          0|
    |xw_115_reg_4414                   |  24|   0|   24|          0|
    |xw_116_reg_4374                   |  24|   0|   24|          0|
    |xw_117_reg_4419                   |  24|   0|   24|          0|
    |xw_118_reg_4379                   |  24|   0|   24|          0|
    |xw_119_reg_4424                   |  24|   0|   24|          0|
    |xw_reg_4279                       |  24|   0|   24|          0|
    |zext_ln82_reg_3606                |   4|   0|   64|         60|
    |zext_ln82_reg_3606                |  64|  32|   64|         60|
    +----------------------------------+----+----+-----+-----------+
    |Total                             | 759|  32|  819|        120|
    +----------------------------------+----+----+-----+-----------+



================================================================
== Interface
================================================================
* Summary: 
+----------------+-----+-----+------------+-----------------+--------------+
|    RTL Ports   | Dir | Bits|  Protocol  |  Source Object  |    C Type    |
+----------------+-----+-----+------------+-----------------+--------------+
|ap_clk          |   in|    1|  ap_ctrl_hs|  fwd_stage2_t<8>|  return value|
|ap_rst          |   in|    1|  ap_ctrl_hs|  fwd_stage2_t<8>|  return value|
|ap_start        |   in|    1|  ap_ctrl_hs|  fwd_stage2_t<8>|  return value|
|ap_done         |  out|    1|  ap_ctrl_hs|  fwd_stage2_t<8>|  return value|
|ap_idle         |  out|    1|  ap_ctrl_hs|  fwd_stage2_t<8>|  return value|
|ap_ready        |  out|    1|  ap_ctrl_hs|  fwd_stage2_t<8>|  return value|
|sA_0_address0   |  out|    4|   ap_memory|             sA_0|         array|
|sA_0_ce0        |  out|    1|   ap_memory|             sA_0|         array|
|sA_0_q0         |   in|   12|   ap_memory|             sA_0|         array|
|sA_1_address0   |  out|    4|   ap_memory|             sA_1|         array|
|sA_1_ce0        |  out|    1|   ap_memory|             sA_1|         array|
|sA_1_q0         |   in|   12|   ap_memory|             sA_1|         array|
|sA_2_address0   |  out|    4|   ap_memory|             sA_2|         array|
|sA_2_ce0        |  out|    1|   ap_memory|             sA_2|         array|
|sA_2_q0         |   in|   12|   ap_memory|             sA_2|         array|
|sA_3_address0   |  out|    4|   ap_memory|             sA_3|         array|
|sA_3_ce0        |  out|    1|   ap_memory|             sA_3|         array|
|sA_3_q0         |   in|   12|   ap_memory|             sA_3|         array|
|sA_4_address0   |  out|    4|   ap_memory|             sA_4|         array|
|sA_4_ce0        |  out|    1|   ap_memory|             sA_4|         array|
|sA_4_q0         |   in|   12|   ap_memory|             sA_4|         array|
|sA_5_address0   |  out|    4|   ap_memory|             sA_5|         array|
|sA_5_ce0        |  out|    1|   ap_memory|             sA_5|         array|
|sA_5_q0         |   in|   12|   ap_memory|             sA_5|         array|
|sA_6_address0   |  out|    4|   ap_memory|             sA_6|         array|
|sA_6_ce0        |  out|    1|   ap_memory|             sA_6|         array|
|sA_6_q0         |   in|   12|   ap_memory|             sA_6|         array|
|sA_7_address0   |  out|    4|   ap_memory|             sA_7|         array|
|sA_7_ce0        |  out|    1|   ap_memory|             sA_7|         array|
|sA_7_q0         |   in|   12|   ap_memory|             sA_7|         array|
|sA_8_address0   |  out|    4|   ap_memory|             sA_8|         array|
|sA_8_ce0        |  out|    1|   ap_memory|             sA_8|         array|
|sA_8_q0         |   in|   12|   ap_memory|             sA_8|         array|
|sA_9_address0   |  out|    4|   ap_memory|             sA_9|         array|
|sA_9_ce0        |  out|    1|   ap_memory|             sA_9|         array|
|sA_9_q0         |   in|   12|   ap_memory|             sA_9|         array|
|sA_10_address0  |  out|    4|   ap_memory|            sA_10|         array|
|sA_10_ce0       |  out|    1|   ap_memory|            sA_10|         array|
|sA_10_q0        |   in|   12|   ap_memory|            sA_10|         array|
|sA_11_address0  |  out|    4|   ap_memory|            sA_11|         array|
|sA_11_ce0       |  out|    1|   ap_memory|            sA_11|         array|
|sA_11_q0        |   in|   12|   ap_memory|            sA_11|         array|
|sA_12_address0  |  out|    4|   ap_memory|            sA_12|         array|
|sA_12_ce0       |  out|    1|   ap_memory|            sA_12|         array|
|sA_12_q0        |   in|   12|   ap_memory|            sA_12|         array|
|sA_13_address0  |  out|    4|   ap_memory|            sA_13|         array|
|sA_13_ce0       |  out|    1|   ap_memory|            sA_13|         array|
|sA_13_q0        |   in|   12|   ap_memory|            sA_13|         array|
|sA_14_address0  |  out|    4|   ap_memory|            sA_14|         array|
|sA_14_ce0       |  out|    1|   ap_memory|            sA_14|         array|
|sA_14_q0        |   in|   12|   ap_memory|            sA_14|         array|
|sA_15_address0  |  out|    4|   ap_memory|            sA_15|         array|
|sA_15_ce0       |  out|    1|   ap_memory|            sA_15|         array|
|sA_15_q0        |   in|   12|   ap_memory|            sA_15|         array|
|dA_0_address0   |  out|    4|   ap_memory|             dA_0|         array|
|dA_0_ce0        |  out|    1|   ap_memory|             dA_0|         array|
|dA_0_we0        |  out|    1|   ap_memory|             dA_0|         array|
|dA_0_d0         |  out|   12|   ap_memory|             dA_0|         array|
|dA_1_address0   |  out|    4|   ap_memory|             dA_1|         array|
|dA_1_ce0        |  out|    1|   ap_memory|             dA_1|         array|
|dA_1_we0        |  out|    1|   ap_memory|             dA_1|         array|
|dA_1_d0         |  out|   12|   ap_memory|             dA_1|         array|
|dA_2_address0   |  out|    4|   ap_memory|             dA_2|         array|
|dA_2_ce0        |  out|    1|   ap_memory|             dA_2|         array|
|dA_2_we0        |  out|    1|   ap_memory|             dA_2|         array|
|dA_2_d0         |  out|   12|   ap_memory|             dA_2|         array|
|dA_3_address0   |  out|    4|   ap_memory|             dA_3|         array|
|dA_3_ce0        |  out|    1|   ap_memory|             dA_3|         array|
|dA_3_we0        |  out|    1|   ap_memory|             dA_3|         array|
|dA_3_d0         |  out|   12|   ap_memory|             dA_3|         array|
|dA_4_address0   |  out|    4|   ap_memory|             dA_4|         array|
|dA_4_ce0        |  out|    1|   ap_memory|             dA_4|         array|
|dA_4_we0        |  out|    1|   ap_memory|             dA_4|         array|
|dA_4_d0         |  out|   12|   ap_memory|             dA_4|         array|
|dA_5_address0   |  out|    4|   ap_memory|             dA_5|         array|
|dA_5_ce0        |  out|    1|   ap_memory|             dA_5|         array|
|dA_5_we0        |  out|    1|   ap_memory|             dA_5|         array|
|dA_5_d0         |  out|   12|   ap_memory|             dA_5|         array|
|dA_6_address0   |  out|    4|   ap_memory|             dA_6|         array|
|dA_6_ce0        |  out|    1|   ap_memory|             dA_6|         array|
|dA_6_we0        |  out|    1|   ap_memory|             dA_6|         array|
|dA_6_d0         |  out|   12|   ap_memory|             dA_6|         array|
|dA_7_address0   |  out|    4|   ap_memory|             dA_7|         array|
|dA_7_ce0        |  out|    1|   ap_memory|             dA_7|         array|
|dA_7_we0        |  out|    1|   ap_memory|             dA_7|         array|
|dA_7_d0         |  out|   12|   ap_memory|             dA_7|         array|
|dA_8_address0   |  out|    4|   ap_memory|             dA_8|         array|
|dA_8_ce0        |  out|    1|   ap_memory|             dA_8|         array|
|dA_8_we0        |  out|    1|   ap_memory|             dA_8|         array|
|dA_8_d0         |  out|   12|   ap_memory|             dA_8|         array|
|dA_9_address0   |  out|    4|   ap_memory|             dA_9|         array|
|dA_9_ce0        |  out|    1|   ap_memory|             dA_9|         array|
|dA_9_we0        |  out|    1|   ap_memory|             dA_9|         array|
|dA_9_d0         |  out|   12|   ap_memory|             dA_9|         array|
|dA_10_address0  |  out|    4|   ap_memory|            dA_10|         array|
|dA_10_ce0       |  out|    1|   ap_memory|            dA_10|         array|
|dA_10_we0       |  out|    1|   ap_memory|            dA_10|         array|
|dA_10_d0        |  out|   12|   ap_memory|            dA_10|         array|
|dA_11_address0  |  out|    4|   ap_memory|            dA_11|         array|
|dA_11_ce0       |  out|    1|   ap_memory|            dA_11|         array|
|dA_11_we0       |  out|    1|   ap_memory|            dA_11|         array|
|dA_11_d0        |  out|   12|   ap_memory|            dA_11|         array|
|dA_12_address0  |  out|    4|   ap_memory|            dA_12|         array|
|dA_12_ce0       |  out|    1|   ap_memory|            dA_12|         array|
|dA_12_we0       |  out|    1|   ap_memory|            dA_12|         array|
|dA_12_d0        |  out|   12|   ap_memory|            dA_12|         array|
|dA_13_address0  |  out|    4|   ap_memory|            dA_13|         array|
|dA_13_ce0       |  out|    1|   ap_memory|            dA_13|         array|
|dA_13_we0       |  out|    1|   ap_memory|            dA_13|         array|
|dA_13_d0        |  out|   12|   ap_memory|            dA_13|         array|
|dA_14_address0  |  out|    4|   ap_memory|            dA_14|         array|
|dA_14_ce0       |  out|    1|   ap_memory|            dA_14|         array|
|dA_14_we0       |  out|    1|   ap_memory|            dA_14|         array|
|dA_14_d0        |  out|   12|   ap_memory|            dA_14|         array|
|dA_15_address0  |  out|    4|   ap_memory|            dA_15|         array|
|dA_15_ce0       |  out|    1|   ap_memory|            dA_15|         array|
|dA_15_we0       |  out|    1|   ap_memory|            dA_15|         array|
|dA_15_d0        |  out|   12|   ap_memory|            dA_15|         array|
|sB_0_address0   |  out|    4|   ap_memory|             sB_0|         array|
|sB_0_ce0        |  out|    1|   ap_memory|             sB_0|         array|
|sB_0_q0         |   in|   12|   ap_memory|             sB_0|         array|
|sB_1_address0   |  out|    4|   ap_memory|             sB_1|         array|
|sB_1_ce0        |  out|    1|   ap_memory|             sB_1|         array|
|sB_1_q0         |   in|   12|   ap_memory|             sB_1|         array|
|sB_2_address0   |  out|    4|   ap_memory|             sB_2|         array|
|sB_2_ce0        |  out|    1|   ap_memory|             sB_2|         array|
|sB_2_q0         |   in|   12|   ap_memory|             sB_2|         array|
|sB_3_address0   |  out|    4|   ap_memory|             sB_3|         array|
|sB_3_ce0        |  out|    1|   ap_memory|             sB_3|         array|
|sB_3_q0         |   in|   12|   ap_memory|             sB_3|         array|
|sB_4_address0   |  out|    4|   ap_memory|             sB_4|         array|
|sB_4_ce0        |  out|    1|   ap_memory|             sB_4|         array|
|sB_4_q0         |   in|   12|   ap_memory|             sB_4|         array|
|sB_5_address0   |  out|    4|   ap_memory|             sB_5|         array|
|sB_5_ce0        |  out|    1|   ap_memory|             sB_5|         array|
|sB_5_q0         |   in|   12|   ap_memory|             sB_5|         array|
|sB_6_address0   |  out|    4|   ap_memory|             sB_6|         array|
|sB_6_ce0        |  out|    1|   ap_memory|             sB_6|         array|
|sB_6_q0         |   in|   12|   ap_memory|             sB_6|         array|
|sB_7_address0   |  out|    4|   ap_memory|             sB_7|         array|
|sB_7_ce0        |  out|    1|   ap_memory|             sB_7|         array|
|sB_7_q0         |   in|   12|   ap_memory|             sB_7|         array|
|sB_8_address0   |  out|    4|   ap_memory|             sB_8|         array|
|sB_8_ce0        |  out|    1|   ap_memory|             sB_8|         array|
|sB_8_q0         |   in|   12|   ap_memory|             sB_8|         array|
|sB_9_address0   |  out|    4|   ap_memory|             sB_9|         array|
|sB_9_ce0        |  out|    1|   ap_memory|             sB_9|         array|
|sB_9_q0         |   in|   12|   ap_memory|             sB_9|         array|
|sB_10_address0  |  out|    4|   ap_memory|            sB_10|         array|
|sB_10_ce0       |  out|    1|   ap_memory|            sB_10|         array|
|sB_10_q0        |   in|   12|   ap_memory|            sB_10|         array|
|sB_11_address0  |  out|    4|   ap_memory|            sB_11|         array|
|sB_11_ce0       |  out|    1|   ap_memory|            sB_11|         array|
|sB_11_q0        |   in|   12|   ap_memory|            sB_11|         array|
|sB_12_address0  |  out|    4|   ap_memory|            sB_12|         array|
|sB_12_ce0       |  out|    1|   ap_memory|            sB_12|         array|
|sB_12_q0        |   in|   12|   ap_memory|            sB_12|         array|
|sB_13_address0  |  out|    4|   ap_memory|            sB_13|         array|
|sB_13_ce0       |  out|    1|   ap_memory|            sB_13|         array|
|sB_13_q0        |   in|   12|   ap_memory|            sB_13|         array|
|sB_14_address0  |  out|    4|   ap_memory|            sB_14|         array|
|sB_14_ce0       |  out|    1|   ap_memory|            sB_14|         array|
|sB_14_q0        |   in|   12|   ap_memory|            sB_14|         array|
|sB_15_address0  |  out|    4|   ap_memory|            sB_15|         array|
|sB_15_ce0       |  out|    1|   ap_memory|            sB_15|         array|
|sB_15_q0        |   in|   12|   ap_memory|            sB_15|         array|
|dB_0_address0   |  out|    4|   ap_memory|             dB_0|         array|
|dB_0_ce0        |  out|    1|   ap_memory|             dB_0|         array|
|dB_0_we0        |  out|    1|   ap_memory|             dB_0|         array|
|dB_0_d0         |  out|   12|   ap_memory|             dB_0|         array|
|dB_1_address0   |  out|    4|   ap_memory|             dB_1|         array|
|dB_1_ce0        |  out|    1|   ap_memory|             dB_1|         array|
|dB_1_we0        |  out|    1|   ap_memory|             dB_1|         array|
|dB_1_d0         |  out|   12|   ap_memory|             dB_1|         array|
|dB_2_address0   |  out|    4|   ap_memory|             dB_2|         array|
|dB_2_ce0        |  out|    1|   ap_memory|             dB_2|         array|
|dB_2_we0        |  out|    1|   ap_memory|             dB_2|         array|
|dB_2_d0         |  out|   12|   ap_memory|             dB_2|         array|
|dB_3_address0   |  out|    4|   ap_memory|             dB_3|         array|
|dB_3_ce0        |  out|    1|   ap_memory|             dB_3|         array|
|dB_3_we0        |  out|    1|   ap_memory|             dB_3|         array|
|dB_3_d0         |  out|   12|   ap_memory|             dB_3|         array|
|dB_4_address0   |  out|    4|   ap_memory|             dB_4|         array|
|dB_4_ce0        |  out|    1|   ap_memory|             dB_4|         array|
|dB_4_we0        |  out|    1|   ap_memory|             dB_4|         array|
|dB_4_d0         |  out|   12|   ap_memory|             dB_4|         array|
|dB_5_address0   |  out|    4|   ap_memory|             dB_5|         array|
|dB_5_ce0        |  out|    1|   ap_memory|             dB_5|         array|
|dB_5_we0        |  out|    1|   ap_memory|             dB_5|         array|
|dB_5_d0         |  out|   12|   ap_memory|             dB_5|         array|
|dB_6_address0   |  out|    4|   ap_memory|             dB_6|         array|
|dB_6_ce0        |  out|    1|   ap_memory|             dB_6|         array|
|dB_6_we0        |  out|    1|   ap_memory|             dB_6|         array|
|dB_6_d0         |  out|   12|   ap_memory|             dB_6|         array|
|dB_7_address0   |  out|    4|   ap_memory|             dB_7|         array|
|dB_7_ce0        |  out|    1|   ap_memory|             dB_7|         array|
|dB_7_we0        |  out|    1|   ap_memory|             dB_7|         array|
|dB_7_d0         |  out|   12|   ap_memory|             dB_7|         array|
|dB_8_address0   |  out|    4|   ap_memory|             dB_8|         array|
|dB_8_ce0        |  out|    1|   ap_memory|             dB_8|         array|
|dB_8_we0        |  out|    1|   ap_memory|             dB_8|         array|
|dB_8_d0         |  out|   12|   ap_memory|             dB_8|         array|
|dB_9_address0   |  out|    4|   ap_memory|             dB_9|         array|
|dB_9_ce0        |  out|    1|   ap_memory|             dB_9|         array|
|dB_9_we0        |  out|    1|   ap_memory|             dB_9|         array|
|dB_9_d0         |  out|   12|   ap_memory|             dB_9|         array|
|dB_10_address0  |  out|    4|   ap_memory|            dB_10|         array|
|dB_10_ce0       |  out|    1|   ap_memory|            dB_10|         array|
|dB_10_we0       |  out|    1|   ap_memory|            dB_10|         array|
|dB_10_d0        |  out|   12|   ap_memory|            dB_10|         array|
|dB_11_address0  |  out|    4|   ap_memory|            dB_11|         array|
|dB_11_ce0       |  out|    1|   ap_memory|            dB_11|         array|
|dB_11_we0       |  out|    1|   ap_memory|            dB_11|         array|
|dB_11_d0        |  out|   12|   ap_memory|            dB_11|         array|
|dB_12_address0  |  out|    4|   ap_memory|            dB_12|         array|
|dB_12_ce0       |  out|    1|   ap_memory|            dB_12|         array|
|dB_12_we0       |  out|    1|   ap_memory|            dB_12|         array|
|dB_12_d0        |  out|   12|   ap_memory|            dB_12|         array|
|dB_13_address0  |  out|    4|   ap_memory|            dB_13|         array|
|dB_13_ce0       |  out|    1|   ap_memory|            dB_13|         array|
|dB_13_we0       |  out|    1|   ap_memory|            dB_13|         array|
|dB_13_d0        |  out|   12|   ap_memory|            dB_13|         array|
|dB_14_address0  |  out|    4|   ap_memory|            dB_14|         array|
|dB_14_ce0       |  out|    1|   ap_memory|            dB_14|         array|
|dB_14_we0       |  out|    1|   ap_memory|            dB_14|         array|
|dB_14_d0        |  out|   12|   ap_memory|            dB_14|         array|
|dB_15_address0  |  out|    4|   ap_memory|            dB_15|         array|
|dB_15_ce0       |  out|    1|   ap_memory|            dB_15|         array|
|dB_15_we0       |  out|    1|   ap_memory|            dB_15|         array|
|dB_15_d0        |  out|   12|   ap_memory|            dB_15|         array|
+----------------+-----+-----+------------+-----------------+--------------+

