

================================================================
== Vitis HLS Report for 'fwd_ntt2'
================================================================
* Date:           Thu Jun 11 23:16:49 2026

* Version:        2023.2 (Build 4023990 on Oct 11 2023)
* Project:        ntt_kyber
* Solution:       solution1 (Vivado IP Flow Target)
* Product family: zynquplus
* Target device:  xck26-sfvc784-2LV-c


================================================================
== Performance Estimates
================================================================
+ Timing: 
    * Summary: 
    +--------+----------+----------+------------+
    |  Clock |  Target  | Estimated| Uncertainty|
    +--------+----------+----------+------------+
    |ap_clk  |  10.00 ns|  6.247 ns|     2.70 ns|
    +--------+----------+----------+------------+

+ Latency: 
    * Summary: 
    +---------+---------+----------+----------+-----+-----+---------+
    |  Latency (cycles) |  Latency (absolute) |  Interval | Pipeline|
    |   min   |   max   |    min   |    max   | min | max |   Type  |
    +---------+---------+----------+----------+-----+-----+---------+
    |      443|      443|  4.430 us|  4.430 us|  443|  443|       no|
    +---------+---------+----------+----------+-----+-----+---------+

    + Detail: 
        * Instance: 
        +--------------------------------+--------------------+---------+---------+----------+----------+-----+-----+---------+
        |                                |                    |  Latency (cycles) |  Latency (absolute) |  Interval | Pipeline|
        |            Instance            |       Module       |   min   |   max   |    min   |    max   | min | max |   Type  |
        +--------------------------------+--------------------+---------+---------+----------+----------+-----+-----+---------+
        |grp_fwd_stage2_t_128_s_fu_1190  |fwd_stage2_t_128_s  |       23|       23|  0.230 us|  0.230 us|   23|   23|       no|
        |grp_fwd_stage2_t_64_s_fu_1338   |fwd_stage2_t_64_s   |       22|       22|  0.220 us|  0.220 us|   22|   22|       no|
        |grp_fwd_stage2_t_32_s_fu_1454   |fwd_stage2_t_32_s   |       22|       22|  0.220 us|  0.220 us|   22|   22|       no|
        |grp_fwd_stage2_t_16_s_fu_1570   |fwd_stage2_t_16_s   |       39|       39|  0.390 us|  0.390 us|   39|   39|       no|
        |grp_fwd_stage2_t_8_s_fu_1686    |fwd_stage2_t_8_s    |       22|       22|  0.220 us|  0.220 us|   22|   22|       no|
        |grp_fwd_stage2_t_4_s_fu_1802    |fwd_stage2_t_4_s    |       22|       22|  0.220 us|  0.220 us|   22|   22|       no|
        |grp_fwd_stage2_t_2_s_fu_1918    |fwd_stage2_t_2_s    |       22|       22|  0.220 us|  0.220 us|   22|   22|       no|
        +--------------------------------+--------------------+---------+---------+----------+----------+-----+-----+---------+

        * Loop: 
        +----------+---------+---------+----------+-----------+-----------+------+----------+
        |          |  Latency (cycles) | Iteration|  Initiation Interval  | Trip |          |
        | Loop Name|   min   |   max   |  Latency |  achieved |   target  | Count| Pipelined|
        +----------+---------+---------+----------+-----------+-----------+------+----------+
        |- FCP2    |      256|      256|         2|          1|          1|   256|       yes|
        +----------+---------+---------+----------+-----------+-----------+------+----------+



================================================================
== Utilization Estimates
================================================================
* Summary: 
+-----------------+---------+------+--------+--------+-----+
|       Name      | BRAM_18K|  DSP |   FF   |   LUT  | URAM|
+-----------------+---------+------+--------+--------+-----+
|DSP              |        -|     -|       -|       -|    -|
|Expression       |        -|     -|       0|      37|    -|
|FIFO             |        -|     -|       -|       -|    -|
|Instance         |        0|   336|   12109|   36516|    -|
|Memory           |        0|     -|     768|      96|    0|
|Multiplexer      |        -|     -|       -|   13832|    -|
|Register         |        -|     -|      42|       -|    -|
+-----------------+---------+------+--------+--------+-----+
|Total            |        0|   336|   12919|   50481|    0|
+-----------------+---------+------+--------+--------+-----+
|Available        |      288|  1248|  234240|  117120|   64|
+-----------------+---------+------+--------+--------+-----+
|Utilization (%)  |        0|    26|       5|      43|    0|
+-----------------+---------+------+--------+--------+-----+

+ Detail: 
    * Instance: 
    +--------------------------------+-----------------------+---------+----+------+------+-----+
    |            Instance            |         Module        | BRAM_18K| DSP|  FF  |  LUT | URAM|
    +--------------------------------+-----------------------+---------+----+------+------+-----+
    |grp_fwd_stage2_t_128_s_fu_1190  |fwd_stage2_t_128_s     |        0|  48|  3409|  5871|    0|
    |grp_fwd_stage2_t_16_s_fu_1570   |fwd_stage2_t_16_s      |        0|  48|  1567|  6265|    0|
    |grp_fwd_stage2_t_2_s_fu_1918    |fwd_stage2_t_2_s       |        0|  48|   983|  4402|    0|
    |grp_fwd_stage2_t_32_s_fu_1454   |fwd_stage2_t_32_s      |        0|  48|  2096|  5522|    0|
    |grp_fwd_stage2_t_4_s_fu_1802    |fwd_stage2_t_4_s       |        0|  48|   983|  4402|    0|
    |grp_fwd_stage2_t_64_s_fu_1338   |fwd_stage2_t_64_s      |        0|  48|  2088|  5522|    0|
    |grp_fwd_stage2_t_8_s_fu_1686    |fwd_stage2_t_8_s       |        0|  48|   983|  4402|    0|
    |sparsemux_33_4_12_1_1_U857      |sparsemux_33_4_12_1_1  |        0|   0|     0|    65|    0|
    |sparsemux_33_4_12_1_1_U858      |sparsemux_33_4_12_1_1  |        0|   0|     0|    65|    0|
    +--------------------------------+-----------------------+---------+----+------+------+-----+
    |Total                           |                       |        0| 336| 12109| 36516|    0|
    +--------------------------------+-----------------------+---------+----+------+------+-----+

    * DSP: 
    N/A

    * Memory: 
    +---------+---------------------------+---------+----+----+-----+------+-----+------+-------------+
    |  Memory |           Module          | BRAM_18K| FF | LUT| URAM| Words| Bits| Banks| W*Bits*Banks|
    +---------+---------------------------+---------+----+----+-----+------+-----+------+-------------+
    |tA_U     |fwd_ntt2_tA_RAM_AUTO_1R1W  |        0|  24|   3|    0|    16|   12|     1|          192|
    |tA_1_U   |fwd_ntt2_tA_RAM_AUTO_1R1W  |        0|  24|   3|    0|    16|   12|     1|          192|
    |tA_2_U   |fwd_ntt2_tA_RAM_AUTO_1R1W  |        0|  24|   3|    0|    16|   12|     1|          192|
    |tA_3_U   |fwd_ntt2_tA_RAM_AUTO_1R1W  |        0|  24|   3|    0|    16|   12|     1|          192|
    |tA_4_U   |fwd_ntt2_tA_RAM_AUTO_1R1W  |        0|  24|   3|    0|    16|   12|     1|          192|
    |tA_5_U   |fwd_ntt2_tA_RAM_AUTO_1R1W  |        0|  24|   3|    0|    16|   12|     1|          192|
    |tA_6_U   |fwd_ntt2_tA_RAM_AUTO_1R1W  |        0|  24|   3|    0|    16|   12|     1|          192|
    |tA_7_U   |fwd_ntt2_tA_RAM_AUTO_1R1W  |        0|  24|   3|    0|    16|   12|     1|          192|
    |tA_8_U   |fwd_ntt2_tA_RAM_AUTO_1R1W  |        0|  24|   3|    0|    16|   12|     1|          192|
    |tA_9_U   |fwd_ntt2_tA_RAM_AUTO_1R1W  |        0|  24|   3|    0|    16|   12|     1|          192|
    |tA_10_U  |fwd_ntt2_tA_RAM_AUTO_1R1W  |        0|  24|   3|    0|    16|   12|     1|          192|
    |tA_11_U  |fwd_ntt2_tA_RAM_AUTO_1R1W  |        0|  24|   3|    0|    16|   12|     1|          192|
    |tA_12_U  |fwd_ntt2_tA_RAM_AUTO_1R1W  |        0|  24|   3|    0|    16|   12|     1|          192|
    |tA_13_U  |fwd_ntt2_tA_RAM_AUTO_1R1W  |        0|  24|   3|    0|    16|   12|     1|          192|
    |tA_14_U  |fwd_ntt2_tA_RAM_AUTO_1R1W  |        0|  24|   3|    0|    16|   12|     1|          192|
    |tA_15_U  |fwd_ntt2_tA_RAM_AUTO_1R1W  |        0|  24|   3|    0|    16|   12|     1|          192|
    |tB_U     |fwd_ntt2_tA_RAM_AUTO_1R1W  |        0|  24|   3|    0|    16|   12|     1|          192|
    |tB_1_U   |fwd_ntt2_tA_RAM_AUTO_1R1W  |        0|  24|   3|    0|    16|   12|     1|          192|
    |tB_2_U   |fwd_ntt2_tA_RAM_AUTO_1R1W  |        0|  24|   3|    0|    16|   12|     1|          192|
    |tB_3_U   |fwd_ntt2_tA_RAM_AUTO_1R1W  |        0|  24|   3|    0|    16|   12|     1|          192|
    |tB_4_U   |fwd_ntt2_tA_RAM_AUTO_1R1W  |        0|  24|   3|    0|    16|   12|     1|          192|
    |tB_5_U   |fwd_ntt2_tA_RAM_AUTO_1R1W  |        0|  24|   3|    0|    16|   12|     1|          192|
    |tB_6_U   |fwd_ntt2_tA_RAM_AUTO_1R1W  |        0|  24|   3|    0|    16|   12|     1|          192|
    |tB_7_U   |fwd_ntt2_tA_RAM_AUTO_1R1W  |        0|  24|   3|    0|    16|   12|     1|          192|
    |tB_8_U   |fwd_ntt2_tA_RAM_AUTO_1R1W  |        0|  24|   3|    0|    16|   12|     1|          192|
    |tB_9_U   |fwd_ntt2_tA_RAM_AUTO_1R1W  |        0|  24|   3|    0|    16|   12|     1|          192|
    |tB_10_U  |fwd_ntt2_tA_RAM_AUTO_1R1W  |        0|  24|   3|    0|    16|   12|     1|          192|
    |tB_11_U  |fwd_ntt2_tA_RAM_AUTO_1R1W  |        0|  24|   3|    0|    16|   12|     1|          192|
    |tB_12_U  |fwd_ntt2_tA_RAM_AUTO_1R1W  |        0|  24|   3|    0|    16|   12|     1|          192|
    |tB_13_U  |fwd_ntt2_tA_RAM_AUTO_1R1W  |        0|  24|   3|    0|    16|   12|     1|          192|
    |tB_14_U  |fwd_ntt2_tA_RAM_AUTO_1R1W  |        0|  24|   3|    0|    16|   12|     1|          192|
    |tB_15_U  |fwd_ntt2_tA_RAM_AUTO_1R1W  |        0|  24|   3|    0|    16|   12|     1|          192|
    +---------+---------------------------+---------+----+----+-----+------+-----+------+-------------+
    |Total    |                           |        0| 768|  96|    0|   512|  384|    32|         6144|
    +---------+---------------------------+---------+----+----+-----+------+-----+------+-------------+

    * FIFO: 
    N/A

    * Expression: 
    +-------------------------+----------+----+---+----+------------+------------+
    |      Variable Name      | Operation| DSP| FF| LUT| Bitwidth P0| Bitwidth P1|
    +-------------------------+----------+----+---+----+------------+------------+
    |add_ln99_fu_2048_p2      |         +|   0|  0|  16|           9|           1|
    |icmp_ln99_fu_2042_p2     |      icmp|   0|  0|  17|           9|          10|
    |ap_enable_pp0            |       xor|   0|  0|   2|           1|           2|
    |ap_enable_reg_pp0_iter1  |       xor|   0|  0|   2|           2|           1|
    +-------------------------+----------+----+---+----+------------+------------+
    |Total                    |          |   0|  0|  37|          21|          14|
    +-------------------------+----------+----+---+----+------------+------------+

    * Multiplexer: 
    +-------------------------+-----+-----------+-----+-----------+
    |           Name          | LUT | Input Size| Bits| Total Bits|
    +-------------------------+-----+-----------+-----+-----------+
    |A_0_address0             |   49|          9|    4|         36|
    |A_0_address1             |   20|          4|    4|         16|
    |A_0_ce0                  |   49|          9|    1|          9|
    |A_0_ce1                  |   20|          4|    1|          4|
    |A_0_d0                   |   26|          5|   12|         60|
    |A_0_we0                  |   26|          5|    1|          5|
    |A_0_we1                  |    9|          2|    1|          2|
    |A_10_address0            |   49|          9|    4|         36|
    |A_10_address1            |   20|          4|    4|         16|
    |A_10_ce0                 |   49|          9|    1|          9|
    |A_10_ce1                 |   20|          4|    1|          4|
    |A_10_d0                  |   26|          5|   12|         60|
    |A_10_we0                 |   26|          5|    1|          5|
    |A_10_we1                 |    9|          2|    1|          2|
    |A_11_address0            |   49|          9|    4|         36|
    |A_11_address1            |   20|          4|    4|         16|
    |A_11_ce0                 |   49|          9|    1|          9|
    |A_11_ce1                 |   20|          4|    1|          4|
    |A_11_d0                  |   26|          5|   12|         60|
    |A_11_we0                 |   26|          5|    1|          5|
    |A_11_we1                 |    9|          2|    1|          2|
    |A_12_address0            |   49|          9|    4|         36|
    |A_12_address1            |   20|          4|    4|         16|
    |A_12_ce0                 |   49|          9|    1|          9|
    |A_12_ce1                 |   20|          4|    1|          4|
    |A_12_d0                  |   26|          5|   12|         60|
    |A_12_we0                 |   26|          5|    1|          5|
    |A_12_we1                 |    9|          2|    1|          2|
    |A_13_address0            |   49|          9|    4|         36|
    |A_13_address1            |   20|          4|    4|         16|
    |A_13_ce0                 |   49|          9|    1|          9|
    |A_13_ce1                 |   20|          4|    1|          4|
    |A_13_d0                  |   26|          5|   12|         60|
    |A_13_we0                 |   26|          5|    1|          5|
    |A_13_we1                 |    9|          2|    1|          2|
    |A_14_address0            |   49|          9|    4|         36|
    |A_14_address1            |   20|          4|    4|         16|
    |A_14_ce0                 |   49|          9|    1|          9|
    |A_14_ce1                 |   20|          4|    1|          4|
    |A_14_d0                  |   26|          5|   12|         60|
    |A_14_we0                 |   26|          5|    1|          5|
    |A_14_we1                 |    9|          2|    1|          2|
    |A_15_address0            |   49|          9|    4|         36|
    |A_15_address1            |   20|          4|    4|         16|
    |A_15_ce0                 |   49|          9|    1|          9|
    |A_15_ce1                 |   20|          4|    1|          4|
    |A_15_d0                  |   26|          5|   12|         60|
    |A_15_we0                 |   26|          5|    1|          5|
    |A_15_we1                 |    9|          2|    1|          2|
    |A_1_address0             |   49|          9|    4|         36|
    |A_1_address1             |   20|          4|    4|         16|
    |A_1_ce0                  |   49|          9|    1|          9|
    |A_1_ce1                  |   20|          4|    1|          4|
    |A_1_d0                   |   26|          5|   12|         60|
    |A_1_we0                  |   26|          5|    1|          5|
    |A_1_we1                  |    9|          2|    1|          2|
    |A_2_address0             |   49|          9|    4|         36|
    |A_2_address1             |   20|          4|    4|         16|
    |A_2_ce0                  |   49|          9|    1|          9|
    |A_2_ce1                  |   20|          4|    1|          4|
    |A_2_d0                   |   26|          5|   12|         60|
    |A_2_we0                  |   26|          5|    1|          5|
    |A_2_we1                  |    9|          2|    1|          2|
    |A_3_address0             |   49|          9|    4|         36|
    |A_3_address1             |   20|          4|    4|         16|
    |A_3_ce0                  |   49|          9|    1|          9|
    |A_3_ce1                  |   20|          4|    1|          4|
    |A_3_d0                   |   26|          5|   12|         60|
    |A_3_we0                  |   26|          5|    1|          5|
    |A_3_we1                  |    9|          2|    1|          2|
    |A_4_address0             |   49|          9|    4|         36|
    |A_4_address1             |   20|          4|    4|         16|
    |A_4_ce0                  |   49|          9|    1|          9|
    |A_4_ce1                  |   20|          4|    1|          4|
    |A_4_d0                   |   26|          5|   12|         60|
    |A_4_we0                  |   26|          5|    1|          5|
    |A_4_we1                  |    9|          2|    1|          2|
    |A_5_address0             |   49|          9|    4|         36|
    |A_5_address1             |   20|          4|    4|         16|
    |A_5_ce0                  |   49|          9|    1|          9|
    |A_5_ce1                  |   20|          4|    1|          4|
    |A_5_d0                   |   26|          5|   12|         60|
    |A_5_we0                  |   26|          5|    1|          5|
    |A_5_we1                  |    9|          2|    1|          2|
    |A_6_address0             |   49|          9|    4|         36|
    |A_6_address1             |   20|          4|    4|         16|
    |A_6_ce0                  |   49|          9|    1|          9|
    |A_6_ce1                  |   20|          4|    1|          4|
    |A_6_d0                   |   26|          5|   12|         60|
    |A_6_we0                  |   26|          5|    1|          5|
    |A_6_we1                  |    9|          2|    1|          2|
    |A_7_address0             |   49|          9|    4|         36|
    |A_7_address1             |   20|          4|    4|         16|
    |A_7_ce0                  |   49|          9|    1|          9|
    |A_7_ce1                  |   20|          4|    1|          4|
    |A_7_d0                   |   26|          5|   12|         60|
    |A_7_we0                  |   26|          5|    1|          5|
    |A_7_we1                  |    9|          2|    1|          2|
    |A_8_address0             |   49|          9|    4|         36|
    |A_8_address1             |   20|          4|    4|         16|
    |A_8_ce0                  |   49|          9|    1|          9|
    |A_8_ce1                  |   20|          4|    1|          4|
    |A_8_d0                   |   26|          5|   12|         60|
    |A_8_we0                  |   26|          5|    1|          5|
    |A_8_we1                  |    9|          2|    1|          2|
    |A_9_address0             |   49|          9|    4|         36|
    |A_9_address1             |   20|          4|    4|         16|
    |A_9_ce0                  |   49|          9|    1|          9|
    |A_9_ce1                  |   20|          4|    1|          4|
    |A_9_d0                   |   26|          5|   12|         60|
    |A_9_we0                  |   26|          5|    1|          5|
    |A_9_we1                  |    9|          2|    1|          2|
    |B_0_address0             |   49|          9|    4|         36|
    |B_0_address1             |   20|          4|    4|         16|
    |B_0_ce0                  |   49|          9|    1|          9|
    |B_0_ce1                  |   20|          4|    1|          4|
    |B_0_d0                   |   26|          5|   12|         60|
    |B_0_we0                  |   26|          5|    1|          5|
    |B_0_we1                  |    9|          2|    1|          2|
    |B_10_address0            |   49|          9|    4|         36|
    |B_10_address1            |   20|          4|    4|         16|
    |B_10_ce0                 |   49|          9|    1|          9|
    |B_10_ce1                 |   20|          4|    1|          4|
    |B_10_d0                  |   26|          5|   12|         60|
    |B_10_we0                 |   26|          5|    1|          5|
    |B_10_we1                 |    9|          2|    1|          2|
    |B_11_address0            |   49|          9|    4|         36|
    |B_11_address1            |   20|          4|    4|         16|
    |B_11_ce0                 |   49|          9|    1|          9|
    |B_11_ce1                 |   20|          4|    1|          4|
    |B_11_d0                  |   26|          5|   12|         60|
    |B_11_we0                 |   26|          5|    1|          5|
    |B_11_we1                 |    9|          2|    1|          2|
    |B_12_address0            |   49|          9|    4|         36|
    |B_12_address1            |   20|          4|    4|         16|
    |B_12_ce0                 |   49|          9|    1|          9|
    |B_12_ce1                 |   20|          4|    1|          4|
    |B_12_d0                  |   26|          5|   12|         60|
    |B_12_we0                 |   26|          5|    1|          5|
    |B_12_we1                 |    9|          2|    1|          2|
    |B_13_address0            |   49|          9|    4|         36|
    |B_13_address1            |   20|          4|    4|         16|
    |B_13_ce0                 |   49|          9|    1|          9|
    |B_13_ce1                 |   20|          4|    1|          4|
    |B_13_d0                  |   26|          5|   12|         60|
    |B_13_we0                 |   26|          5|    1|          5|
    |B_13_we1                 |    9|          2|    1|          2|
    |B_14_address0            |   49|          9|    4|         36|
    |B_14_address1            |   20|          4|    4|         16|
    |B_14_ce0                 |   49|          9|    1|          9|
    |B_14_ce1                 |   20|          4|    1|          4|
    |B_14_d0                  |   26|          5|   12|         60|
    |B_14_we0                 |   26|          5|    1|          5|
    |B_14_we1                 |    9|          2|    1|          2|
    |B_15_address0            |   49|          9|    4|         36|
    |B_15_address1            |   20|          4|    4|         16|
    |B_15_ce0                 |   49|          9|    1|          9|
    |B_15_ce1                 |   20|          4|    1|          4|
    |B_15_d0                  |   26|          5|   12|         60|
    |B_15_we0                 |   26|          5|    1|          5|
    |B_15_we1                 |    9|          2|    1|          2|
    |B_1_address0             |   49|          9|    4|         36|
    |B_1_address1             |   20|          4|    4|         16|
    |B_1_ce0                  |   49|          9|    1|          9|
    |B_1_ce1                  |   20|          4|    1|          4|
    |B_1_d0                   |   26|          5|   12|         60|
    |B_1_we0                  |   26|          5|    1|          5|
    |B_1_we1                  |    9|          2|    1|          2|
    |B_2_address0             |   49|          9|    4|         36|
    |B_2_address1             |   20|          4|    4|         16|
    |B_2_ce0                  |   49|          9|    1|          9|
    |B_2_ce1                  |   20|          4|    1|          4|
    |B_2_d0                   |   26|          5|   12|         60|
    |B_2_we0                  |   26|          5|    1|          5|
    |B_2_we1                  |    9|          2|    1|          2|
    |B_3_address0             |   49|          9|    4|         36|
    |B_3_address1             |   20|          4|    4|         16|
    |B_3_ce0                  |   49|          9|    1|          9|
    |B_3_ce1                  |   20|          4|    1|          4|
    |B_3_d0                   |   26|          5|   12|         60|
    |B_3_we0                  |   26|          5|    1|          5|
    |B_3_we1                  |    9|          2|    1|          2|
    |B_4_address0             |   49|          9|    4|         36|
    |B_4_address1             |   20|          4|    4|         16|
    |B_4_ce0                  |   49|          9|    1|          9|
    |B_4_ce1                  |   20|          4|    1|          4|
    |B_4_d0                   |   26|          5|   12|         60|
    |B_4_we0                  |   26|          5|    1|          5|
    |B_4_we1                  |    9|          2|    1|          2|
    |B_5_address0             |   49|          9|    4|         36|
    |B_5_address1             |   20|          4|    4|         16|
    |B_5_ce0                  |   49|          9|    1|          9|
    |B_5_ce1                  |   20|          4|    1|          4|
    |B_5_d0                   |   26|          5|   12|         60|
    |B_5_we0                  |   26|          5|    1|          5|
    |B_5_we1                  |    9|          2|    1|          2|
    |B_6_address0             |   49|          9|    4|         36|
    |B_6_address1             |   20|          4|    4|         16|
    |B_6_ce0                  |   49|          9|    1|          9|
    |B_6_ce1                  |   20|          4|    1|          4|
    |B_6_d0                   |   26|          5|   12|         60|
    |B_6_we0                  |   26|          5|    1|          5|
    |B_6_we1                  |    9|          2|    1|          2|
    |B_7_address0             |   49|          9|    4|         36|
    |B_7_address1             |   20|          4|    4|         16|
    |B_7_ce0                  |   49|          9|    1|          9|
    |B_7_ce1                  |   20|          4|    1|          4|
    |B_7_d0                   |   26|          5|   12|         60|
    |B_7_we0                  |   26|          5|    1|          5|
    |B_7_we1                  |    9|          2|    1|          2|
    |B_8_address0             |   49|          9|    4|         36|
    |B_8_address1             |   20|          4|    4|         16|
    |B_8_ce0                  |   49|          9|    1|          9|
    |B_8_ce1                  |   20|          4|    1|          4|
    |B_8_d0                   |   26|          5|   12|         60|
    |B_8_we0                  |   26|          5|    1|          5|
    |B_8_we1                  |    9|          2|    1|          2|
    |B_9_address0             |   49|          9|    4|         36|
    |B_9_address1             |   20|          4|    4|         16|
    |B_9_ce0                  |   49|          9|    1|          9|
    |B_9_ce1                  |   20|          4|    1|          4|
    |B_9_d0                   |   26|          5|   12|         60|
    |B_9_we0                  |   26|          5|    1|          5|
    |B_9_we1                  |    9|          2|    1|          2|
    |ap_NS_fsm                |   81|         17|    1|         17|
    |ap_enable_reg_pp0_iter1  |   14|          3|    1|          3|
    |i_fu_258                 |    9|          2|    9|         18|
    |tA_10_address0           |   49|          9|    4|         36|
    |tA_10_address1           |   26|          5|    4|         20|
    |tA_10_ce0                |   49|          9|    1|          9|
    |tA_10_ce1                |   26|          5|    1|          5|
    |tA_10_d0                 |   26|          5|   12|         60|
    |tA_10_d1                 |   14|          3|   12|         36|
    |tA_10_we0                |   26|          5|    1|          5|
    |tA_10_we1                |   14|          3|    1|          3|
    |tA_11_address0           |   49|          9|    4|         36|
    |tA_11_address1           |   26|          5|    4|         20|
    |tA_11_ce0                |   49|          9|    1|          9|
    |tA_11_ce1                |   26|          5|    1|          5|
    |tA_11_d0                 |   26|          5|   12|         60|
    |tA_11_d1                 |   14|          3|   12|         36|
    |tA_11_we0                |   26|          5|    1|          5|
    |tA_11_we1                |   14|          3|    1|          3|
    |tA_12_address0           |   49|          9|    4|         36|
    |tA_12_address1           |   26|          5|    4|         20|
    |tA_12_ce0                |   49|          9|    1|          9|
    |tA_12_ce1                |   26|          5|    1|          5|
    |tA_12_d0                 |   26|          5|   12|         60|
    |tA_12_d1                 |   14|          3|   12|         36|
    |tA_12_we0                |   26|          5|    1|          5|
    |tA_12_we1                |   14|          3|    1|          3|
    |tA_13_address0           |   49|          9|    4|         36|
    |tA_13_address1           |   26|          5|    4|         20|
    |tA_13_ce0                |   49|          9|    1|          9|
    |tA_13_ce1                |   26|          5|    1|          5|
    |tA_13_d0                 |   26|          5|   12|         60|
    |tA_13_d1                 |   14|          3|   12|         36|
    |tA_13_we0                |   26|          5|    1|          5|
    |tA_13_we1                |   14|          3|    1|          3|
    |tA_14_address0           |   49|          9|    4|         36|
    |tA_14_address1           |   26|          5|    4|         20|
    |tA_14_ce0                |   49|          9|    1|          9|
    |tA_14_ce1                |   26|          5|    1|          5|
    |tA_14_d0                 |   26|          5|   12|         60|
    |tA_14_d1                 |   14|          3|   12|         36|
    |tA_14_we0                |   26|          5|    1|          5|
    |tA_14_we1                |   14|          3|    1|          3|
    |tA_15_address0           |   49|          9|    4|         36|
    |tA_15_address1           |   26|          5|    4|         20|
    |tA_15_ce0                |   49|          9|    1|          9|
    |tA_15_ce1                |   26|          5|    1|          5|
    |tA_15_d0                 |   26|          5|   12|         60|
    |tA_15_d1                 |   14|          3|   12|         36|
    |tA_15_we0                |   26|          5|    1|          5|
    |tA_15_we1                |   14|          3|    1|          3|
    |tA_1_address0            |   49|          9|    4|         36|
    |tA_1_address1            |   26|          5|    4|         20|
    |tA_1_ce0                 |   49|          9|    1|          9|
    |tA_1_ce1                 |   26|          5|    1|          5|
    |tA_1_d0                  |   26|          5|   12|         60|
    |tA_1_d1                  |   14|          3|   12|         36|
    |tA_1_we0                 |   26|          5|    1|          5|
    |tA_1_we1                 |   14|          3|    1|          3|
    |tA_2_address0            |   49|          9|    4|         36|
    |tA_2_address1            |   26|          5|    4|         20|
    |tA_2_ce0                 |   49|          9|    1|          9|
    |tA_2_ce1                 |   26|          5|    1|          5|
    |tA_2_d0                  |   26|          5|   12|         60|
    |tA_2_d1                  |   14|          3|   12|         36|
    |tA_2_we0                 |   26|          5|    1|          5|
    |tA_2_we1                 |   14|          3|    1|          3|
    |tA_3_address0            |   49|          9|    4|         36|
    |tA_3_address1            |   26|          5|    4|         20|
    |tA_3_ce0                 |   49|          9|    1|          9|
    |tA_3_ce1                 |   26|          5|    1|          5|
    |tA_3_d0                  |   26|          5|   12|         60|
    |tA_3_d1                  |   14|          3|   12|         36|
    |tA_3_we0                 |   26|          5|    1|          5|
    |tA_3_we1                 |   14|          3|    1|          3|
    |tA_4_address0            |   49|          9|    4|         36|
    |tA_4_address1            |   26|          5|    4|         20|
    |tA_4_ce0                 |   49|          9|    1|          9|
    |tA_4_ce1                 |   26|          5|    1|          5|
    |tA_4_d0                  |   26|          5|   12|         60|
    |tA_4_d1                  |   14|          3|   12|         36|
    |tA_4_we0                 |   26|          5|    1|          5|
    |tA_4_we1                 |   14|          3|    1|          3|
    |tA_5_address0            |   49|          9|    4|         36|
    |tA_5_address1            |   26|          5|    4|         20|
    |tA_5_ce0                 |   49|          9|    1|          9|
    |tA_5_ce1                 |   26|          5|    1|          5|
    |tA_5_d0                  |   26|          5|   12|         60|
    |tA_5_d1                  |   14|          3|   12|         36|
    |tA_5_we0                 |   26|          5|    1|          5|
    |tA_5_we1                 |   14|          3|    1|          3|
    |tA_6_address0            |   49|          9|    4|         36|
    |tA_6_address1            |   26|          5|    4|         20|
    |tA_6_ce0                 |   49|          9|    1|          9|
    |tA_6_ce1                 |   26|          5|    1|          5|
    |tA_6_d0                  |   26|          5|   12|         60|
    |tA_6_d1                  |   14|          3|   12|         36|
    |tA_6_we0                 |   26|          5|    1|          5|
    |tA_6_we1                 |   14|          3|    1|          3|
    |tA_7_address0            |   49|          9|    4|         36|
    |tA_7_address1            |   26|          5|    4|         20|
    |tA_7_ce0                 |   49|          9|    1|          9|
    |tA_7_ce1                 |   26|          5|    1|          5|
    |tA_7_d0                  |   26|          5|   12|         60|
    |tA_7_d1                  |   14|          3|   12|         36|
    |tA_7_we0                 |   26|          5|    1|          5|
    |tA_7_we1                 |   14|          3|    1|          3|
    |tA_8_address0            |   49|          9|    4|         36|
    |tA_8_address1            |   26|          5|    4|         20|
    |tA_8_ce0                 |   49|          9|    1|          9|
    |tA_8_ce1                 |   26|          5|    1|          5|
    |tA_8_d0                  |   26|          5|   12|         60|
    |tA_8_d1                  |   14|          3|   12|         36|
    |tA_8_we0                 |   26|          5|    1|          5|
    |tA_8_we1                 |   14|          3|    1|          3|
    |tA_9_address0            |   49|          9|    4|         36|
    |tA_9_address1            |   26|          5|    4|         20|
    |tA_9_ce0                 |   49|          9|    1|          9|
    |tA_9_ce1                 |   26|          5|    1|          5|
    |tA_9_d0                  |   26|          5|   12|         60|
    |tA_9_d1                  |   14|          3|   12|         36|
    |tA_9_we0                 |   26|          5|    1|          5|
    |tA_9_we1                 |   14|          3|    1|          3|
    |tA_address0              |   49|          9|    4|         36|
    |tA_address1              |   26|          5|    4|         20|
    |tA_ce0                   |   49|          9|    1|          9|
    |tA_ce1                   |   26|          5|    1|          5|
    |tA_d0                    |   26|          5|   12|         60|
    |tA_d1                    |   14|          3|   12|         36|
    |tA_we0                   |   26|          5|    1|          5|
    |tA_we1                   |   14|          3|    1|          3|
    |tB_10_address0           |   49|          9|    4|         36|
    |tB_10_address1           |   26|          5|    4|         20|
    |tB_10_ce0                |   49|          9|    1|          9|
    |tB_10_ce1                |   26|          5|    1|          5|
    |tB_10_d0                 |   26|          5|   12|         60|
    |tB_10_d1                 |   14|          3|   12|         36|
    |tB_10_we0                |   26|          5|    1|          5|
    |tB_10_we1                |   14|          3|    1|          3|
    |tB_11_address0           |   49|          9|    4|         36|
    |tB_11_address1           |   26|          5|    4|         20|
    |tB_11_ce0                |   49|          9|    1|          9|
    |tB_11_ce1                |   26|          5|    1|          5|
    |tB_11_d0                 |   26|          5|   12|         60|
    |tB_11_d1                 |   14|          3|   12|         36|
    |tB_11_we0                |   26|          5|    1|          5|
    |tB_11_we1                |   14|          3|    1|          3|
    |tB_12_address0           |   49|          9|    4|         36|
    |tB_12_address1           |   26|          5|    4|         20|
    |tB_12_ce0                |   49|          9|    1|          9|
    |tB_12_ce1                |   26|          5|    1|          5|
    |tB_12_d0                 |   26|          5|   12|         60|
    |tB_12_d1                 |   14|          3|   12|         36|
    |tB_12_we0                |   26|          5|    1|          5|
    |tB_12_we1                |   14|          3|    1|          3|
    |tB_13_address0           |   49|          9|    4|         36|
    |tB_13_address1           |   26|          5|    4|         20|
    |tB_13_ce0                |   49|          9|    1|          9|
    |tB_13_ce1                |   26|          5|    1|          5|
    |tB_13_d0                 |   26|          5|   12|         60|
    |tB_13_d1                 |   14|          3|   12|         36|
    |tB_13_we0                |   26|          5|    1|          5|
    |tB_13_we1                |   14|          3|    1|          3|
    |tB_14_address0           |   49|          9|    4|         36|
    |tB_14_address1           |   26|          5|    4|         20|
    |tB_14_ce0                |   49|          9|    1|          9|
    |tB_14_ce1                |   26|          5|    1|          5|
    |tB_14_d0                 |   26|          5|   12|         60|
    |tB_14_d1                 |   14|          3|   12|         36|
    |tB_14_we0                |   26|          5|    1|          5|
    |tB_14_we1                |   14|          3|    1|          3|
    |tB_15_address0           |   49|          9|    4|         36|
    |tB_15_address1           |   26|          5|    4|         20|
    |tB_15_ce0                |   49|          9|    1|          9|
    |tB_15_ce1                |   26|          5|    1|          5|
    |tB_15_d0                 |   26|          5|   12|         60|
    |tB_15_d1                 |   14|          3|   12|         36|
    |tB_15_we0                |   26|          5|    1|          5|
    |tB_15_we1                |   14|          3|    1|          3|
    |tB_1_address0            |   49|          9|    4|         36|
    |tB_1_address1            |   26|          5|    4|         20|
    |tB_1_ce0                 |   49|          9|    1|          9|
    |tB_1_ce1                 |   26|          5|    1|          5|
    |tB_1_d0                  |   26|          5|   12|         60|
    |tB_1_d1                  |   14|          3|   12|         36|
    |tB_1_we0                 |   26|          5|    1|          5|
    |tB_1_we1                 |   14|          3|    1|          3|
    |tB_2_address0            |   49|          9|    4|         36|
    |tB_2_address1            |   26|          5|    4|         20|
    |tB_2_ce0                 |   49|          9|    1|          9|
    |tB_2_ce1                 |   26|          5|    1|          5|
    |tB_2_d0                  |   26|          5|   12|         60|
    |tB_2_d1                  |   14|          3|   12|         36|
    |tB_2_we0                 |   26|          5|    1|          5|
    |tB_2_we1                 |   14|          3|    1|          3|
    |tB_3_address0            |   49|          9|    4|         36|
    |tB_3_address1            |   26|          5|    4|         20|
    |tB_3_ce0                 |   49|          9|    1|          9|
    |tB_3_ce1                 |   26|          5|    1|          5|
    |tB_3_d0                  |   26|          5|   12|         60|
    |tB_3_d1                  |   14|          3|   12|         36|
    |tB_3_we0                 |   26|          5|    1|          5|
    |tB_3_we1                 |   14|          3|    1|          3|
    |tB_4_address0            |   49|          9|    4|         36|
    |tB_4_address1            |   26|          5|    4|         20|
    |tB_4_ce0                 |   49|          9|    1|          9|
    |tB_4_ce1                 |   26|          5|    1|          5|
    |tB_4_d0                  |   26|          5|   12|         60|
    |tB_4_d1                  |   14|          3|   12|         36|
    |tB_4_we0                 |   26|          5|    1|          5|
    |tB_4_we1                 |   14|          3|    1|          3|
    |tB_5_address0            |   49|          9|    4|         36|
    |tB_5_address1            |   26|          5|    4|         20|
    |tB_5_ce0                 |   49|          9|    1|          9|
    |tB_5_ce1                 |   26|          5|    1|          5|
    |tB_5_d0                  |   26|          5|   12|         60|
    |tB_5_d1                  |   14|          3|   12|         36|
    |tB_5_we0                 |   26|          5|    1|          5|
    |tB_5_we1                 |   14|          3|    1|          3|
    |tB_6_address0            |   49|          9|    4|         36|
    |tB_6_address1            |   26|          5|    4|         20|
    |tB_6_ce0                 |   49|          9|    1|          9|
    |tB_6_ce1                 |   26|          5|    1|          5|
    |tB_6_d0                  |   26|          5|   12|         60|
    |tB_6_d1                  |   14|          3|   12|         36|
    |tB_6_we0                 |   26|          5|    1|          5|
    |tB_6_we1                 |   14|          3|    1|          3|
    |tB_7_address0            |   49|          9|    4|         36|
    |tB_7_address1            |   26|          5|    4|         20|
    |tB_7_ce0                 |   49|          9|    1|          9|
    |tB_7_ce1                 |   26|          5|    1|          5|
    |tB_7_d0                  |   26|          5|   12|         60|
    |tB_7_d1                  |   14|          3|   12|         36|
    |tB_7_we0                 |   26|          5|    1|          5|
    |tB_7_we1                 |   14|          3|    1|          3|
    |tB_8_address0            |   49|          9|    4|         36|
    |tB_8_address1            |   26|          5|    4|         20|
    |tB_8_ce0                 |   49|          9|    1|          9|
    |tB_8_ce1                 |   26|          5|    1|          5|
    |tB_8_d0                  |   26|          5|   12|         60|
    |tB_8_d1                  |   14|          3|   12|         36|
    |tB_8_we0                 |   26|          5|    1|          5|
    |tB_8_we1                 |   14|          3|    1|          3|
    |tB_9_address0            |   49|          9|    4|         36|
    |tB_9_address1            |   26|          5|    4|         20|
    |tB_9_ce0                 |   49|          9|    1|          9|
    |tB_9_ce1                 |   26|          5|    1|          5|
    |tB_9_d0                  |   26|          5|   12|         60|
    |tB_9_d1                  |   14|          3|   12|         36|
    |tB_9_we0                 |   26|          5|    1|          5|
    |tB_9_we1                 |   14|          3|    1|          3|
    |tB_address0              |   49|          9|    4|         36|
    |tB_address1              |   26|          5|    4|         20|
    |tB_ce0                   |   49|          9|    1|          9|
    |tB_ce1                   |   26|          5|    1|          5|
    |tB_d0                    |   26|          5|   12|         60|
    |tB_d1                    |   14|          3|   12|         36|
    |tB_we0                   |   26|          5|    1|          5|
    |tB_we1                   |   14|          3|    1|          3|
    +-------------------------+-----+-----------+-----+-----------+
    |Total                    |13832|       2646| 1931|       9830|
    +-------------------------+-----+-----------+-----+-----------+

    * Register: 
    +---------------------------------------------+----+----+-----+-----------+
    |                     Name                    | FF | LUT| Bits| Const Bits|
    +---------------------------------------------+----+----+-----+-----------+
    |ap_CS_fsm                                    |  16|   0|   16|          0|
    |ap_enable_reg_pp0_iter0                      |   1|   0|    1|          0|
    |ap_enable_reg_pp0_iter1                      |   1|   0|    1|          0|
    |grp_fwd_stage2_t_128_s_fu_1190_ap_start_reg  |   1|   0|    1|          0|
    |grp_fwd_stage2_t_16_s_fu_1570_ap_start_reg   |   1|   0|    1|          0|
    |grp_fwd_stage2_t_2_s_fu_1918_ap_start_reg    |   1|   0|    1|          0|
    |grp_fwd_stage2_t_32_s_fu_1454_ap_start_reg   |   1|   0|    1|          0|
    |grp_fwd_stage2_t_4_s_fu_1802_ap_start_reg    |   1|   0|    1|          0|
    |grp_fwd_stage2_t_64_s_fu_1338_ap_start_reg   |   1|   0|    1|          0|
    |grp_fwd_stage2_t_8_s_fu_1686_ap_start_reg    |   1|   0|    1|          0|
    |i_fu_258                                     |   9|   0|    9|          0|
    |trunc_ln99_reg_2293                          |   4|   0|    4|          0|
    |zext_ln99_reg_2299                           |   4|   0|   64|         60|
    +---------------------------------------------+----+----+-----+-----------+
    |Total                                        |  42|   0|  102|         60|
    +---------------------------------------------+----+----+-----+-----------+



================================================================
== Interface
================================================================
* Summary: 
+---------------+-----+-----+------------+--------------+--------------+
|   RTL Ports   | Dir | Bits|  Protocol  | Source Object|    C Type    |
+---------------+-----+-----+------------+--------------+--------------+
|ap_clk         |   in|    1|  ap_ctrl_hs|      fwd_ntt2|  return value|
|ap_rst         |   in|    1|  ap_ctrl_hs|      fwd_ntt2|  return value|
|ap_start       |   in|    1|  ap_ctrl_hs|      fwd_ntt2|  return value|
|ap_done        |  out|    1|  ap_ctrl_hs|      fwd_ntt2|  return value|
|ap_idle        |  out|    1|  ap_ctrl_hs|      fwd_ntt2|  return value|
|ap_ready       |  out|    1|  ap_ctrl_hs|      fwd_ntt2|  return value|
|A_0_address0   |  out|    4|   ap_memory|           A_0|         array|
|A_0_ce0        |  out|    1|   ap_memory|           A_0|         array|
|A_0_we0        |  out|    1|   ap_memory|           A_0|         array|
|A_0_d0         |  out|   12|   ap_memory|           A_0|         array|
|A_0_q0         |   in|   12|   ap_memory|           A_0|         array|
|A_0_address1   |  out|    4|   ap_memory|           A_0|         array|
|A_0_ce1        |  out|    1|   ap_memory|           A_0|         array|
|A_0_we1        |  out|    1|   ap_memory|           A_0|         array|
|A_0_d1         |  out|   12|   ap_memory|           A_0|         array|
|A_0_q1         |   in|   12|   ap_memory|           A_0|         array|
|A_1_address0   |  out|    4|   ap_memory|           A_1|         array|
|A_1_ce0        |  out|    1|   ap_memory|           A_1|         array|
|A_1_we0        |  out|    1|   ap_memory|           A_1|         array|
|A_1_d0         |  out|   12|   ap_memory|           A_1|         array|
|A_1_q0         |   in|   12|   ap_memory|           A_1|         array|
|A_1_address1   |  out|    4|   ap_memory|           A_1|         array|
|A_1_ce1        |  out|    1|   ap_memory|           A_1|         array|
|A_1_we1        |  out|    1|   ap_memory|           A_1|         array|
|A_1_d1         |  out|   12|   ap_memory|           A_1|         array|
|A_1_q1         |   in|   12|   ap_memory|           A_1|         array|
|A_2_address0   |  out|    4|   ap_memory|           A_2|         array|
|A_2_ce0        |  out|    1|   ap_memory|           A_2|         array|
|A_2_we0        |  out|    1|   ap_memory|           A_2|         array|
|A_2_d0         |  out|   12|   ap_memory|           A_2|         array|
|A_2_q0         |   in|   12|   ap_memory|           A_2|         array|
|A_2_address1   |  out|    4|   ap_memory|           A_2|         array|
|A_2_ce1        |  out|    1|   ap_memory|           A_2|         array|
|A_2_we1        |  out|    1|   ap_memory|           A_2|         array|
|A_2_d1         |  out|   12|   ap_memory|           A_2|         array|
|A_2_q1         |   in|   12|   ap_memory|           A_2|         array|
|A_3_address0   |  out|    4|   ap_memory|           A_3|         array|
|A_3_ce0        |  out|    1|   ap_memory|           A_3|         array|
|A_3_we0        |  out|    1|   ap_memory|           A_3|         array|
|A_3_d0         |  out|   12|   ap_memory|           A_3|         array|
|A_3_q0         |   in|   12|   ap_memory|           A_3|         array|
|A_3_address1   |  out|    4|   ap_memory|           A_3|         array|
|A_3_ce1        |  out|    1|   ap_memory|           A_3|         array|
|A_3_we1        |  out|    1|   ap_memory|           A_3|         array|
|A_3_d1         |  out|   12|   ap_memory|           A_3|         array|
|A_3_q1         |   in|   12|   ap_memory|           A_3|         array|
|A_4_address0   |  out|    4|   ap_memory|           A_4|         array|
|A_4_ce0        |  out|    1|   ap_memory|           A_4|         array|
|A_4_we0        |  out|    1|   ap_memory|           A_4|         array|
|A_4_d0         |  out|   12|   ap_memory|           A_4|         array|
|A_4_q0         |   in|   12|   ap_memory|           A_4|         array|
|A_4_address1   |  out|    4|   ap_memory|           A_4|         array|
|A_4_ce1        |  out|    1|   ap_memory|           A_4|         array|
|A_4_we1        |  out|    1|   ap_memory|           A_4|         array|
|A_4_d1         |  out|   12|   ap_memory|           A_4|         array|
|A_4_q1         |   in|   12|   ap_memory|           A_4|         array|
|A_5_address0   |  out|    4|   ap_memory|           A_5|         array|
|A_5_ce0        |  out|    1|   ap_memory|           A_5|         array|
|A_5_we0        |  out|    1|   ap_memory|           A_5|         array|
|A_5_d0         |  out|   12|   ap_memory|           A_5|         array|
|A_5_q0         |   in|   12|   ap_memory|           A_5|         array|
|A_5_address1   |  out|    4|   ap_memory|           A_5|         array|
|A_5_ce1        |  out|    1|   ap_memory|           A_5|         array|
|A_5_we1        |  out|    1|   ap_memory|           A_5|         array|
|A_5_d1         |  out|   12|   ap_memory|           A_5|         array|
|A_5_q1         |   in|   12|   ap_memory|           A_5|         array|
|A_6_address0   |  out|    4|   ap_memory|           A_6|         array|
|A_6_ce0        |  out|    1|   ap_memory|           A_6|         array|
|A_6_we0        |  out|    1|   ap_memory|           A_6|         array|
|A_6_d0         |  out|   12|   ap_memory|           A_6|         array|
|A_6_q0         |   in|   12|   ap_memory|           A_6|         array|
|A_6_address1   |  out|    4|   ap_memory|           A_6|         array|
|A_6_ce1        |  out|    1|   ap_memory|           A_6|         array|
|A_6_we1        |  out|    1|   ap_memory|           A_6|         array|
|A_6_d1         |  out|   12|   ap_memory|           A_6|         array|
|A_6_q1         |   in|   12|   ap_memory|           A_6|         array|
|A_7_address0   |  out|    4|   ap_memory|           A_7|         array|
|A_7_ce0        |  out|    1|   ap_memory|           A_7|         array|
|A_7_we0        |  out|    1|   ap_memory|           A_7|         array|
|A_7_d0         |  out|   12|   ap_memory|           A_7|         array|
|A_7_q0         |   in|   12|   ap_memory|           A_7|         array|
|A_7_address1   |  out|    4|   ap_memory|           A_7|         array|
|A_7_ce1        |  out|    1|   ap_memory|           A_7|         array|
|A_7_we1        |  out|    1|   ap_memory|           A_7|         array|
|A_7_d1         |  out|   12|   ap_memory|           A_7|         array|
|A_7_q1         |   in|   12|   ap_memory|           A_7|         array|
|A_8_address0   |  out|    4|   ap_memory|           A_8|         array|
|A_8_ce0        |  out|    1|   ap_memory|           A_8|         array|
|A_8_we0        |  out|    1|   ap_memory|           A_8|         array|
|A_8_d0         |  out|   12|   ap_memory|           A_8|         array|
|A_8_q0         |   in|   12|   ap_memory|           A_8|         array|
|A_8_address1   |  out|    4|   ap_memory|           A_8|         array|
|A_8_ce1        |  out|    1|   ap_memory|           A_8|         array|
|A_8_we1        |  out|    1|   ap_memory|           A_8|         array|
|A_8_d1         |  out|   12|   ap_memory|           A_8|         array|
|A_8_q1         |   in|   12|   ap_memory|           A_8|         array|
|A_9_address0   |  out|    4|   ap_memory|           A_9|         array|
|A_9_ce0        |  out|    1|   ap_memory|           A_9|         array|
|A_9_we0        |  out|    1|   ap_memory|           A_9|         array|
|A_9_d0         |  out|   12|   ap_memory|           A_9|         array|
|A_9_q0         |   in|   12|   ap_memory|           A_9|         array|
|A_9_address1   |  out|    4|   ap_memory|           A_9|         array|
|A_9_ce1        |  out|    1|   ap_memory|           A_9|         array|
|A_9_we1        |  out|    1|   ap_memory|           A_9|         array|
|A_9_d1         |  out|   12|   ap_memory|           A_9|         array|
|A_9_q1         |   in|   12|   ap_memory|           A_9|         array|
|A_10_address0  |  out|    4|   ap_memory|          A_10|         array|
|A_10_ce0       |  out|    1|   ap_memory|          A_10|         array|
|A_10_we0       |  out|    1|   ap_memory|          A_10|         array|
|A_10_d0        |  out|   12|   ap_memory|          A_10|         array|
|A_10_q0        |   in|   12|   ap_memory|          A_10|         array|
|A_10_address1  |  out|    4|   ap_memory|          A_10|         array|
|A_10_ce1       |  out|    1|   ap_memory|          A_10|         array|
|A_10_we1       |  out|    1|   ap_memory|          A_10|         array|
|A_10_d1        |  out|   12|   ap_memory|          A_10|         array|
|A_10_q1        |   in|   12|   ap_memory|          A_10|         array|
|A_11_address0  |  out|    4|   ap_memory|          A_11|         array|
|A_11_ce0       |  out|    1|   ap_memory|          A_11|         array|
|A_11_we0       |  out|    1|   ap_memory|          A_11|         array|
|A_11_d0        |  out|   12|   ap_memory|          A_11|         array|
|A_11_q0        |   in|   12|   ap_memory|          A_11|         array|
|A_11_address1  |  out|    4|   ap_memory|          A_11|         array|
|A_11_ce1       |  out|    1|   ap_memory|          A_11|         array|
|A_11_we1       |  out|    1|   ap_memory|          A_11|         array|
|A_11_d1        |  out|   12|   ap_memory|          A_11|         array|
|A_11_q1        |   in|   12|   ap_memory|          A_11|         array|
|A_12_address0  |  out|    4|   ap_memory|          A_12|         array|
|A_12_ce0       |  out|    1|   ap_memory|          A_12|         array|
|A_12_we0       |  out|    1|   ap_memory|          A_12|         array|
|A_12_d0        |  out|   12|   ap_memory|          A_12|         array|
|A_12_q0        |   in|   12|   ap_memory|          A_12|         array|
|A_12_address1  |  out|    4|   ap_memory|          A_12|         array|
|A_12_ce1       |  out|    1|   ap_memory|          A_12|         array|
|A_12_we1       |  out|    1|   ap_memory|          A_12|         array|
|A_12_d1        |  out|   12|   ap_memory|          A_12|         array|
|A_12_q1        |   in|   12|   ap_memory|          A_12|         array|
|A_13_address0  |  out|    4|   ap_memory|          A_13|         array|
|A_13_ce0       |  out|    1|   ap_memory|          A_13|         array|
|A_13_we0       |  out|    1|   ap_memory|          A_13|         array|
|A_13_d0        |  out|   12|   ap_memory|          A_13|         array|
|A_13_q0        |   in|   12|   ap_memory|          A_13|         array|
|A_13_address1  |  out|    4|   ap_memory|          A_13|         array|
|A_13_ce1       |  out|    1|   ap_memory|          A_13|         array|
|A_13_we1       |  out|    1|   ap_memory|          A_13|         array|
|A_13_d1        |  out|   12|   ap_memory|          A_13|         array|
|A_13_q1        |   in|   12|   ap_memory|          A_13|         array|
|A_14_address0  |  out|    4|   ap_memory|          A_14|         array|
|A_14_ce0       |  out|    1|   ap_memory|          A_14|         array|
|A_14_we0       |  out|    1|   ap_memory|          A_14|         array|
|A_14_d0        |  out|   12|   ap_memory|          A_14|         array|
|A_14_q0        |   in|   12|   ap_memory|          A_14|         array|
|A_14_address1  |  out|    4|   ap_memory|          A_14|         array|
|A_14_ce1       |  out|    1|   ap_memory|          A_14|         array|
|A_14_we1       |  out|    1|   ap_memory|          A_14|         array|
|A_14_d1        |  out|   12|   ap_memory|          A_14|         array|
|A_14_q1        |   in|   12|   ap_memory|          A_14|         array|
|A_15_address0  |  out|    4|   ap_memory|          A_15|         array|
|A_15_ce0       |  out|    1|   ap_memory|          A_15|         array|
|A_15_we0       |  out|    1|   ap_memory|          A_15|         array|
|A_15_d0        |  out|   12|   ap_memory|          A_15|         array|
|A_15_q0        |   in|   12|   ap_memory|          A_15|         array|
|A_15_address1  |  out|    4|   ap_memory|          A_15|         array|
|A_15_ce1       |  out|    1|   ap_memory|          A_15|         array|
|A_15_we1       |  out|    1|   ap_memory|          A_15|         array|
|A_15_d1        |  out|   12|   ap_memory|          A_15|         array|
|A_15_q1        |   in|   12|   ap_memory|          A_15|         array|
|B_0_address0   |  out|    4|   ap_memory|           B_0|         array|
|B_0_ce0        |  out|    1|   ap_memory|           B_0|         array|
|B_0_we0        |  out|    1|   ap_memory|           B_0|         array|
|B_0_d0         |  out|   12|   ap_memory|           B_0|         array|
|B_0_q0         |   in|   12|   ap_memory|           B_0|         array|
|B_0_address1   |  out|    4|   ap_memory|           B_0|         array|
|B_0_ce1        |  out|    1|   ap_memory|           B_0|         array|
|B_0_we1        |  out|    1|   ap_memory|           B_0|         array|
|B_0_d1         |  out|   12|   ap_memory|           B_0|         array|
|B_0_q1         |   in|   12|   ap_memory|           B_0|         array|
|B_1_address0   |  out|    4|   ap_memory|           B_1|         array|
|B_1_ce0        |  out|    1|   ap_memory|           B_1|         array|
|B_1_we0        |  out|    1|   ap_memory|           B_1|         array|
|B_1_d0         |  out|   12|   ap_memory|           B_1|         array|
|B_1_q0         |   in|   12|   ap_memory|           B_1|         array|
|B_1_address1   |  out|    4|   ap_memory|           B_1|         array|
|B_1_ce1        |  out|    1|   ap_memory|           B_1|         array|
|B_1_we1        |  out|    1|   ap_memory|           B_1|         array|
|B_1_d1         |  out|   12|   ap_memory|           B_1|         array|
|B_1_q1         |   in|   12|   ap_memory|           B_1|         array|
|B_2_address0   |  out|    4|   ap_memory|           B_2|         array|
|B_2_ce0        |  out|    1|   ap_memory|           B_2|         array|
|B_2_we0        |  out|    1|   ap_memory|           B_2|         array|
|B_2_d0         |  out|   12|   ap_memory|           B_2|         array|
|B_2_q0         |   in|   12|   ap_memory|           B_2|         array|
|B_2_address1   |  out|    4|   ap_memory|           B_2|         array|
|B_2_ce1        |  out|    1|   ap_memory|           B_2|         array|
|B_2_we1        |  out|    1|   ap_memory|           B_2|         array|
|B_2_d1         |  out|   12|   ap_memory|           B_2|         array|
|B_2_q1         |   in|   12|   ap_memory|           B_2|         array|
|B_3_address0   |  out|    4|   ap_memory|           B_3|         array|
|B_3_ce0        |  out|    1|   ap_memory|           B_3|         array|
|B_3_we0        |  out|    1|   ap_memory|           B_3|         array|
|B_3_d0         |  out|   12|   ap_memory|           B_3|         array|
|B_3_q0         |   in|   12|   ap_memory|           B_3|         array|
|B_3_address1   |  out|    4|   ap_memory|           B_3|         array|
|B_3_ce1        |  out|    1|   ap_memory|           B_3|         array|
|B_3_we1        |  out|    1|   ap_memory|           B_3|         array|
|B_3_d1         |  out|   12|   ap_memory|           B_3|         array|
|B_3_q1         |   in|   12|   ap_memory|           B_3|         array|
|B_4_address0   |  out|    4|   ap_memory|           B_4|         array|
|B_4_ce0        |  out|    1|   ap_memory|           B_4|         array|
|B_4_we0        |  out|    1|   ap_memory|           B_4|         array|
|B_4_d0         |  out|   12|   ap_memory|           B_4|         array|
|B_4_q0         |   in|   12|   ap_memory|           B_4|         array|
|B_4_address1   |  out|    4|   ap_memory|           B_4|         array|
|B_4_ce1        |  out|    1|   ap_memory|           B_4|         array|
|B_4_we1        |  out|    1|   ap_memory|           B_4|         array|
|B_4_d1         |  out|   12|   ap_memory|           B_4|         array|
|B_4_q1         |   in|   12|   ap_memory|           B_4|         array|
|B_5_address0   |  out|    4|   ap_memory|           B_5|         array|
|B_5_ce0        |  out|    1|   ap_memory|           B_5|         array|
|B_5_we0        |  out|    1|   ap_memory|           B_5|         array|
|B_5_d0         |  out|   12|   ap_memory|           B_5|         array|
|B_5_q0         |   in|   12|   ap_memory|           B_5|         array|
|B_5_address1   |  out|    4|   ap_memory|           B_5|         array|
|B_5_ce1        |  out|    1|   ap_memory|           B_5|         array|
|B_5_we1        |  out|    1|   ap_memory|           B_5|         array|
|B_5_d1         |  out|   12|   ap_memory|           B_5|         array|
|B_5_q1         |   in|   12|   ap_memory|           B_5|         array|
|B_6_address0   |  out|    4|   ap_memory|           B_6|         array|
|B_6_ce0        |  out|    1|   ap_memory|           B_6|         array|
|B_6_we0        |  out|    1|   ap_memory|           B_6|         array|
|B_6_d0         |  out|   12|   ap_memory|           B_6|         array|
|B_6_q0         |   in|   12|   ap_memory|           B_6|         array|
|B_6_address1   |  out|    4|   ap_memory|           B_6|         array|
|B_6_ce1        |  out|    1|   ap_memory|           B_6|         array|
|B_6_we1        |  out|    1|   ap_memory|           B_6|         array|
|B_6_d1         |  out|   12|   ap_memory|           B_6|         array|
|B_6_q1         |   in|   12|   ap_memory|           B_6|         array|
|B_7_address0   |  out|    4|   ap_memory|           B_7|         array|
|B_7_ce0        |  out|    1|   ap_memory|           B_7|         array|
|B_7_we0        |  out|    1|   ap_memory|           B_7|         array|
|B_7_d0         |  out|   12|   ap_memory|           B_7|         array|
|B_7_q0         |   in|   12|   ap_memory|           B_7|         array|
|B_7_address1   |  out|    4|   ap_memory|           B_7|         array|
|B_7_ce1        |  out|    1|   ap_memory|           B_7|         array|
|B_7_we1        |  out|    1|   ap_memory|           B_7|         array|
|B_7_d1         |  out|   12|   ap_memory|           B_7|         array|
|B_7_q1         |   in|   12|   ap_memory|           B_7|         array|
|B_8_address0   |  out|    4|   ap_memory|           B_8|         array|
|B_8_ce0        |  out|    1|   ap_memory|           B_8|         array|
|B_8_we0        |  out|    1|   ap_memory|           B_8|         array|
|B_8_d0         |  out|   12|   ap_memory|           B_8|         array|
|B_8_q0         |   in|   12|   ap_memory|           B_8|         array|
|B_8_address1   |  out|    4|   ap_memory|           B_8|         array|
|B_8_ce1        |  out|    1|   ap_memory|           B_8|         array|
|B_8_we1        |  out|    1|   ap_memory|           B_8|         array|
|B_8_d1         |  out|   12|   ap_memory|           B_8|         array|
|B_8_q1         |   in|   12|   ap_memory|           B_8|         array|
|B_9_address0   |  out|    4|   ap_memory|           B_9|         array|
|B_9_ce0        |  out|    1|   ap_memory|           B_9|         array|
|B_9_we0        |  out|    1|   ap_memory|           B_9|         array|
|B_9_d0         |  out|   12|   ap_memory|           B_9|         array|
|B_9_q0         |   in|   12|   ap_memory|           B_9|         array|
|B_9_address1   |  out|    4|   ap_memory|           B_9|         array|
|B_9_ce1        |  out|    1|   ap_memory|           B_9|         array|
|B_9_we1        |  out|    1|   ap_memory|           B_9|         array|
|B_9_d1         |  out|   12|   ap_memory|           B_9|         array|
|B_9_q1         |   in|   12|   ap_memory|           B_9|         array|
|B_10_address0  |  out|    4|   ap_memory|          B_10|         array|
|B_10_ce0       |  out|    1|   ap_memory|          B_10|         array|
|B_10_we0       |  out|    1|   ap_memory|          B_10|         array|
|B_10_d0        |  out|   12|   ap_memory|          B_10|         array|
|B_10_q0        |   in|   12|   ap_memory|          B_10|         array|
|B_10_address1  |  out|    4|   ap_memory|          B_10|         array|
|B_10_ce1       |  out|    1|   ap_memory|          B_10|         array|
|B_10_we1       |  out|    1|   ap_memory|          B_10|         array|
|B_10_d1        |  out|   12|   ap_memory|          B_10|         array|
|B_10_q1        |   in|   12|   ap_memory|          B_10|         array|
|B_11_address0  |  out|    4|   ap_memory|          B_11|         array|
|B_11_ce0       |  out|    1|   ap_memory|          B_11|         array|
|B_11_we0       |  out|    1|   ap_memory|          B_11|         array|
|B_11_d0        |  out|   12|   ap_memory|          B_11|         array|
|B_11_q0        |   in|   12|   ap_memory|          B_11|         array|
|B_11_address1  |  out|    4|   ap_memory|          B_11|         array|
|B_11_ce1       |  out|    1|   ap_memory|          B_11|         array|
|B_11_we1       |  out|    1|   ap_memory|          B_11|         array|
|B_11_d1        |  out|   12|   ap_memory|          B_11|         array|
|B_11_q1        |   in|   12|   ap_memory|          B_11|         array|
|B_12_address0  |  out|    4|   ap_memory|          B_12|         array|
|B_12_ce0       |  out|    1|   ap_memory|          B_12|         array|
|B_12_we0       |  out|    1|   ap_memory|          B_12|         array|
|B_12_d0        |  out|   12|   ap_memory|          B_12|         array|
|B_12_q0        |   in|   12|   ap_memory|          B_12|         array|
|B_12_address1  |  out|    4|   ap_memory|          B_12|         array|
|B_12_ce1       |  out|    1|   ap_memory|          B_12|         array|
|B_12_we1       |  out|    1|   ap_memory|          B_12|         array|
|B_12_d1        |  out|   12|   ap_memory|          B_12|         array|
|B_12_q1        |   in|   12|   ap_memory|          B_12|         array|
|B_13_address0  |  out|    4|   ap_memory|          B_13|         array|
|B_13_ce0       |  out|    1|   ap_memory|          B_13|         array|
|B_13_we0       |  out|    1|   ap_memory|          B_13|         array|
|B_13_d0        |  out|   12|   ap_memory|          B_13|         array|
|B_13_q0        |   in|   12|   ap_memory|          B_13|         array|
|B_13_address1  |  out|    4|   ap_memory|          B_13|         array|
|B_13_ce1       |  out|    1|   ap_memory|          B_13|         array|
|B_13_we1       |  out|    1|   ap_memory|          B_13|         array|
|B_13_d1        |  out|   12|   ap_memory|          B_13|         array|
|B_13_q1        |   in|   12|   ap_memory|          B_13|         array|
|B_14_address0  |  out|    4|   ap_memory|          B_14|         array|
|B_14_ce0       |  out|    1|   ap_memory|          B_14|         array|
|B_14_we0       |  out|    1|   ap_memory|          B_14|         array|
|B_14_d0        |  out|   12|   ap_memory|          B_14|         array|
|B_14_q0        |   in|   12|   ap_memory|          B_14|         array|
|B_14_address1  |  out|    4|   ap_memory|          B_14|         array|
|B_14_ce1       |  out|    1|   ap_memory|          B_14|         array|
|B_14_we1       |  out|    1|   ap_memory|          B_14|         array|
|B_14_d1        |  out|   12|   ap_memory|          B_14|         array|
|B_14_q1        |   in|   12|   ap_memory|          B_14|         array|
|B_15_address0  |  out|    4|   ap_memory|          B_15|         array|
|B_15_ce0       |  out|    1|   ap_memory|          B_15|         array|
|B_15_we0       |  out|    1|   ap_memory|          B_15|         array|
|B_15_d0        |  out|   12|   ap_memory|          B_15|         array|
|B_15_q0        |   in|   12|   ap_memory|          B_15|         array|
|B_15_address1  |  out|    4|   ap_memory|          B_15|         array|
|B_15_ce1       |  out|    1|   ap_memory|          B_15|         array|
|B_15_we1       |  out|    1|   ap_memory|          B_15|         array|
|B_15_d1        |  out|   12|   ap_memory|          B_15|         array|
|B_15_q1        |   in|   12|   ap_memory|          B_15|         array|
+---------------+-----+-----+------------+--------------+--------------+

