

================================================================
== Vitis HLS Report for 'fwd_all_Pipeline_FW_RD'
================================================================
* Date:           Thu Jun 11 23:16:45 2026

* Version:        2023.2 (Build 4023990 on Oct 11 2023)
* Project:        ntt_kyber
* Solution:       solution1 (Vivado IP Flow Target)
* Product family: zynquplus
* Target device:  xck26-sfvc784-2LV-c


================================================================
== Performance Estimates
================================================================
+ Timing: 
    * Summary: 
    +--------+----------+----------+------------+
    |  Clock |  Target  | Estimated| Uncertainty|
    +--------+----------+----------+------------+
    |ap_clk  |  10.00 ns|  2.575 ns|     2.70 ns|
    +--------+----------+----------+------------+

+ Latency: 
    * Summary: 
    +---------+---------+----------+----------+-----+-----+---------+
    |  Latency (cycles) |  Latency (absolute) |  Interval | Pipeline|
    |   min   |   max   |    min   |    max   | min | max |   Type  |
    +---------+---------+----------+----------+-----+-----+---------+
    |       18|       18|  0.180 us|  0.180 us|   18|   18|       no|
    +---------+---------+----------+----------+-----+-----+---------+

    + Detail: 
        * Instance: 
        N/A

        * Loop: 
        +----------+---------+---------+----------+-----------+-----------+------+----------+
        |          |  Latency (cycles) | Iteration|  Initiation Interval  | Trip |          |
        | Loop Name|   min   |   max   |  Latency |  achieved |   target  | Count| Pipelined|
        +----------+---------+---------+----------+-----------+-----------+------+----------+
        |- FW_RD   |       16|       16|         2|          1|          1|    16|       yes|
        +----------+---------+---------+----------+-----------+-----------+------+----------+



================================================================
== Utilization Estimates
================================================================
* Summary: 
+-----------------+---------+------+--------+--------+-----+
|       Name      | BRAM_18K|  DSP |   FF   |   LUT  | URAM|
+-----------------+---------+------+--------+--------+-----+
|DSP              |        -|     -|       -|       -|    -|
|Expression       |        -|     -|       0|      31|    -|
|FIFO             |        -|     -|       -|       -|    -|
|Instance         |        -|     -|       -|       -|    -|
|Memory           |        -|     -|       -|       -|    -|
|Multiplexer      |        -|     -|       -|      54|    -|
|Register         |        -|     -|      13|       -|    -|
+-----------------+---------+------+--------+--------+-----+
|Total            |        0|     0|      13|      85|    0|
+-----------------+---------+------+--------+--------+-----+
|Available        |      288|  1248|  234240|  117120|   64|
+-----------------+---------+------+--------+--------+-----+
|Utilization (%)  |        0|     0|      ~0|      ~0|    0|
+-----------------+---------+------+--------+--------+-----+

+ Detail: 
    * Instance: 
    N/A

    * DSP: 
    N/A

    * Memory: 
    N/A

    * FIFO: 
    N/A

    * Expression: 
    +----------------------------------+----------+----+---+----+------------+------------+
    |           Variable Name          | Operation| DSP| FF| LUT| Bitwidth P0| Bitwidth P1|
    +----------------------------------+----------+----+---+----+------------+------------+
    |add_ln187_fu_608_p2               |         +|   0|  0|  12|           5|           1|
    |ap_block_pp0_stage0_11001         |       and|   0|  0|   2|           1|           1|
    |icmp_ln187_fu_602_p2              |      icmp|   0|  0|  13|           5|           6|
    |ap_block_state2_pp0_stage0_iter1  |        or|   0|  0|   2|           1|           1|
    |ap_enable_pp0                     |       xor|   0|  0|   2|           1|           2|
    +----------------------------------+----------+----+---+----+------------+------------+
    |Total                             |          |   0|  0|  31|          13|          11|
    +----------------------------------+----------+----+---+----+------------+------------+

    * Multiplexer: 
    +-------------------------+----+-----------+-----+-----------+
    |           Name          | LUT| Input Size| Bits| Total Bits|
    +-------------------------+----+-----------+-----+-----------+
    |ap_done_int              |   9|          2|    1|          2|
    |ap_enable_reg_pp0_iter1  |   9|          2|    1|          2|
    |ap_sig_allocacmp_w_58    |   9|          2|    5|         10|
    |sA0_blk_n                |   9|          2|    1|          2|
    |sB0_blk_n                |   9|          2|    1|          2|
    |w_fu_162                 |   9|          2|    5|         10|
    +-------------------------+----+-----------+-----+-----------+
    |Total                    |  54|         12|   14|         28|
    +-------------------------+----+-----------+-----+-----------+

    * Register: 
    +-------------------------+---+----+-----+-----------+
    |           Name          | FF| LUT| Bits| Const Bits|
    +-------------------------+---+----+-----+-----------+
    |ap_CS_fsm                |  1|   0|    1|          0|
    |ap_done_reg              |  1|   0|    1|          0|
    |ap_enable_reg_pp0_iter1  |  1|   0|    1|          0|
    |w_58_reg_1001            |  5|   0|    5|          0|
    |w_fu_162                 |  5|   0|    5|          0|
    +-------------------------+---+----+-----+-----------+
    |Total                    | 13|   0|   13|          0|
    +-------------------------+---+----+-----+-----------+



================================================================
== Interface
================================================================
* Summary: 
+--------------------+-----+-----+------------+------------------------+--------------+
|      RTL Ports     | Dir | Bits|  Protocol  |      Source Object     |    C Type    |
+--------------------+-----+-----+------------+------------------------+--------------+
|ap_clk              |   in|    1|  ap_ctrl_hs|  fwd_all_Pipeline_FW_RD|  return value|
|ap_rst              |   in|    1|  ap_ctrl_hs|  fwd_all_Pipeline_FW_RD|  return value|
|ap_start            |   in|    1|  ap_ctrl_hs|  fwd_all_Pipeline_FW_RD|  return value|
|ap_done             |  out|    1|  ap_ctrl_hs|  fwd_all_Pipeline_FW_RD|  return value|
|ap_idle             |  out|    1|  ap_ctrl_hs|  fwd_all_Pipeline_FW_RD|  return value|
|ap_ready            |  out|    1|  ap_ctrl_hs|  fwd_all_Pipeline_FW_RD|  return value|
|sA0_dout            |   in|  192|     ap_fifo|                     sA0|       pointer|
|sA0_num_data_valid  |   in|    6|     ap_fifo|                     sA0|       pointer|
|sA0_fifo_cap        |   in|    6|     ap_fifo|                     sA0|       pointer|
|sA0_empty_n         |   in|    1|     ap_fifo|                     sA0|       pointer|
|sA0_read            |  out|    1|     ap_fifo|                     sA0|       pointer|
|sB0_dout            |   in|  192|     ap_fifo|                     sB0|       pointer|
|sB0_num_data_valid  |   in|    6|     ap_fifo|                     sB0|       pointer|
|sB0_fifo_cap        |   in|    6|     ap_fifo|                     sB0|       pointer|
|sB0_empty_n         |   in|    1|     ap_fifo|                     sB0|       pointer|
|sB0_read            |  out|    1|     ap_fifo|                     sB0|       pointer|
|B_15_address0       |  out|    4|   ap_memory|                    B_15|         array|
|B_15_ce0            |  out|    1|   ap_memory|                    B_15|         array|
|B_15_we0            |  out|    1|   ap_memory|                    B_15|         array|
|B_15_d0             |  out|   12|   ap_memory|                    B_15|         array|
|B_14_address0       |  out|    4|   ap_memory|                    B_14|         array|
|B_14_ce0            |  out|    1|   ap_memory|                    B_14|         array|
|B_14_we0            |  out|    1|   ap_memory|                    B_14|         array|
|B_14_d0             |  out|   12|   ap_memory|                    B_14|         array|
|B_13_address0       |  out|    4|   ap_memory|                    B_13|         array|
|B_13_ce0            |  out|    1|   ap_memory|                    B_13|         array|
|B_13_we0            |  out|    1|   ap_memory|                    B_13|         array|
|B_13_d0             |  out|   12|   ap_memory|                    B_13|         array|
|B_12_address0       |  out|    4|   ap_memory|                    B_12|         array|
|B_12_ce0            |  out|    1|   ap_memory|                    B_12|         array|
|B_12_we0            |  out|    1|   ap_memory|                    B_12|         array|
|B_12_d0             |  out|   12|   ap_memory|                    B_12|         array|
|B_11_address0       |  out|    4|   ap_memory|                    B_11|         array|
|B_11_ce0            |  out|    1|   ap_memory|                    B_11|         array|
|B_11_we0            |  out|    1|   ap_memory|                    B_11|         array|
|B_11_d0             |  out|   12|   ap_memory|                    B_11|         array|
|B_10_address0       |  out|    4|   ap_memory|                    B_10|         array|
|B_10_ce0            |  out|    1|   ap_memory|                    B_10|         array|
|B_10_we0            |  out|    1|   ap_memory|                    B_10|         array|
|B_10_d0             |  out|   12|   ap_memory|                    B_10|         array|
|B_9_address0        |  out|    4|   ap_memory|                     B_9|         array|
|B_9_ce0             |  out|    1|   ap_memory|                     B_9|         array|
|B_9_we0             |  out|    1|   ap_memory|                     B_9|         array|
|B_9_d0              |  out|   12|   ap_memory|                     B_9|         array|
|B_8_address0        |  out|    4|   ap_memory|                     B_8|         array|
|B_8_ce0             |  out|    1|   ap_memory|                     B_8|         array|
|B_8_we0             |  out|    1|   ap_memory|                     B_8|         array|
|B_8_d0              |  out|   12|   ap_memory|                     B_8|         array|
|B_7_address0        |  out|    4|   ap_memory|                     B_7|         array|
|B_7_ce0             |  out|    1|   ap_memory|                     B_7|         array|
|B_7_we0             |  out|    1|   ap_memory|                     B_7|         array|
|B_7_d0              |  out|   12|   ap_memory|                     B_7|         array|
|B_6_address0        |  out|    4|   ap_memory|                     B_6|         array|
|B_6_ce0             |  out|    1|   ap_memory|                     B_6|         array|
|B_6_we0             |  out|    1|   ap_memory|                     B_6|         array|
|B_6_d0              |  out|   12|   ap_memory|                     B_6|         array|
|B_5_address0        |  out|    4|   ap_memory|                     B_5|         array|
|B_5_ce0             |  out|    1|   ap_memory|                     B_5|         array|
|B_5_we0             |  out|    1|   ap_memory|                     B_5|         array|
|B_5_d0              |  out|   12|   ap_memory|                     B_5|         array|
|B_4_address0        |  out|    4|   ap_memory|                     B_4|         array|
|B_4_ce0             |  out|    1|   ap_memory|                     B_4|         array|
|B_4_we0             |  out|    1|   ap_memory|                     B_4|         array|
|B_4_d0              |  out|   12|   ap_memory|                     B_4|         array|
|B_3_address0        |  out|    4|   ap_memory|                     B_3|         array|
|B_3_ce0             |  out|    1|   ap_memory|                     B_3|         array|
|B_3_we0             |  out|    1|   ap_memory|                     B_3|         array|
|B_3_d0              |  out|   12|   ap_memory|                     B_3|         array|
|B_2_address0        |  out|    4|   ap_memory|                     B_2|         array|
|B_2_ce0             |  out|    1|   ap_memory|                     B_2|         array|
|B_2_we0             |  out|    1|   ap_memory|                     B_2|         array|
|B_2_d0              |  out|   12|   ap_memory|                     B_2|         array|
|B_1_address0        |  out|    4|   ap_memory|                     B_1|         array|
|B_1_ce0             |  out|    1|   ap_memory|                     B_1|         array|
|B_1_we0             |  out|    1|   ap_memory|                     B_1|         array|
|B_1_d0              |  out|   12|   ap_memory|                     B_1|         array|
|B_address0          |  out|    4|   ap_memory|                       B|         array|
|B_ce0               |  out|    1|   ap_memory|                       B|         array|
|B_we0               |  out|    1|   ap_memory|                       B|         array|
|B_d0                |  out|   12|   ap_memory|                       B|         array|
|A_15_address0       |  out|    4|   ap_memory|                    A_15|         array|
|A_15_ce0            |  out|    1|   ap_memory|                    A_15|         array|
|A_15_we0            |  out|    1|   ap_memory|                    A_15|         array|
|A_15_d0             |  out|   12|   ap_memory|                    A_15|         array|
|A_14_address0       |  out|    4|   ap_memory|                    A_14|         array|
|A_14_ce0            |  out|    1|   ap_memory|                    A_14|         array|
|A_14_we0            |  out|    1|   ap_memory|                    A_14|         array|
|A_14_d0             |  out|   12|   ap_memory|                    A_14|         array|
|A_13_address0       |  out|    4|   ap_memory|                    A_13|         array|
|A_13_ce0            |  out|    1|   ap_memory|                    A_13|         array|
|A_13_we0            |  out|    1|   ap_memory|                    A_13|         array|
|A_13_d0             |  out|   12|   ap_memory|                    A_13|         array|
|A_12_address0       |  out|    4|   ap_memory|                    A_12|         array|
|A_12_ce0            |  out|    1|   ap_memory|                    A_12|         array|
|A_12_we0            |  out|    1|   ap_memory|                    A_12|         array|
|A_12_d0             |  out|   12|   ap_memory|                    A_12|         array|
|A_11_address0       |  out|    4|   ap_memory|                    A_11|         array|
|A_11_ce0            |  out|    1|   ap_memory|                    A_11|         array|
|A_11_we0            |  out|    1|   ap_memory|                    A_11|         array|
|A_11_d0             |  out|   12|   ap_memory|                    A_11|         array|
|A_10_address0       |  out|    4|   ap_memory|                    A_10|         array|
|A_10_ce0            |  out|    1|   ap_memory|                    A_10|         array|
|A_10_we0            |  out|    1|   ap_memory|                    A_10|         array|
|A_10_d0             |  out|   12|   ap_memory|                    A_10|         array|
|A_9_address0        |  out|    4|   ap_memory|                     A_9|         array|
|A_9_ce0             |  out|    1|   ap_memory|                     A_9|         array|
|A_9_we0             |  out|    1|   ap_memory|                     A_9|         array|
|A_9_d0              |  out|   12|   ap_memory|                     A_9|         array|
|A_8_address0        |  out|    4|   ap_memory|                     A_8|         array|
|A_8_ce0             |  out|    1|   ap_memory|                     A_8|         array|
|A_8_we0             |  out|    1|   ap_memory|                     A_8|         array|
|A_8_d0              |  out|   12|   ap_memory|                     A_8|         array|
|A_7_address0        |  out|    4|   ap_memory|                     A_7|         array|
|A_7_ce0             |  out|    1|   ap_memory|                     A_7|         array|
|A_7_we0             |  out|    1|   ap_memory|                     A_7|         array|
|A_7_d0              |  out|   12|   ap_memory|                     A_7|         array|
|A_6_address0        |  out|    4|   ap_memory|                     A_6|         array|
|A_6_ce0             |  out|    1|   ap_memory|                     A_6|         array|
|A_6_we0             |  out|    1|   ap_memory|                     A_6|         array|
|A_6_d0              |  out|   12|   ap_memory|                     A_6|         array|
|A_5_address0        |  out|    4|   ap_memory|                     A_5|         array|
|A_5_ce0             |  out|    1|   ap_memory|                     A_5|         array|
|A_5_we0             |  out|    1|   ap_memory|                     A_5|         array|
|A_5_d0              |  out|   12|   ap_memory|                     A_5|         array|
|A_4_address0        |  out|    4|   ap_memory|                     A_4|         array|
|A_4_ce0             |  out|    1|   ap_memory|                     A_4|         array|
|A_4_we0             |  out|    1|   ap_memory|                     A_4|         array|
|A_4_d0              |  out|   12|   ap_memory|                     A_4|         array|
|A_3_address0        |  out|    4|   ap_memory|                     A_3|         array|
|A_3_ce0             |  out|    1|   ap_memory|                     A_3|         array|
|A_3_we0             |  out|    1|   ap_memory|                     A_3|         array|
|A_3_d0              |  out|   12|   ap_memory|                     A_3|         array|
|A_2_address0        |  out|    4|   ap_memory|                     A_2|         array|
|A_2_ce0             |  out|    1|   ap_memory|                     A_2|         array|
|A_2_we0             |  out|    1|   ap_memory|                     A_2|         array|
|A_2_d0              |  out|   12|   ap_memory|                     A_2|         array|
|A_1_address0        |  out|    4|   ap_memory|                     A_1|         array|
|A_1_ce0             |  out|    1|   ap_memory|                     A_1|         array|
|A_1_we0             |  out|    1|   ap_memory|                     A_1|         array|
|A_1_d0              |  out|   12|   ap_memory|                     A_1|         array|
|A_address0          |  out|    4|   ap_memory|                       A|         array|
|A_ce0               |  out|    1|   ap_memory|                       A|         array|
|A_we0               |  out|    1|   ap_memory|                       A|         array|
|A_d0                |  out|   12|   ap_memory|                       A|         array|
+--------------------+-----+-----+------------+------------------------+--------------+

