

================================================================
== Vitis HLS Report for 'inv_stage_t_32_s'
================================================================
* Date:           Thu Jun 11 23:16:53 2026

* Version:        2023.2 (Build 4023990 on Oct 11 2023)
* Project:        ntt_kyber
* Solution:       solution1 (Vivado IP Flow Target)
* Product family: zynquplus
* Target device:  xck26-sfvc784-2LV-c


================================================================
== Performance Estimates
================================================================
+ Timing: 
    * Summary: 
    +--------+----------+----------+------------+
    |  Clock |  Target  | Estimated| Uncertainty|
    +--------+----------+----------+------------+
    |ap_clk  |  10.00 ns|  6.397 ns|     2.70 ns|
    +--------+----------+----------+------------+

+ Latency: 
    * Summary: 
    +---------+---------+----------+----------+-----+-----+---------+
    |  Latency (cycles) |  Latency (absolute) |  Interval | Pipeline|
    |   min   |   max   |    min   |    max   | min | max |   Type  |
    +---------+---------+----------+----------+-----+-----+---------+
    |       22|       22|  0.220 us|  0.220 us|   22|   22|       no|
    +---------+---------+----------+----------+-----+-----+---------+

    + Detail: 
        * Instance: 
        N/A

        * Loop: 
        +----------+---------+---------+----------+-----------+-----------+------+----------+
        |          |  Latency (cycles) | Iteration|  Initiation Interval  | Trip |          |
        | Loop Name|   min   |   max   |  Latency |  achieved |   target  | Count| Pipelined|
        +----------+---------+---------+----------+-----------+-----------+------+----------+
        |- INV_BF  |       20|       20|         6|          1|          1|    16|       yes|
        +----------+---------+---------+----------+-----------+-----------+------+----------+



================================================================
== Utilization Estimates
================================================================
* Summary: 
+-----------------+---------+------+--------+--------+-----+
|       Name      | BRAM_18K|  DSP |   FF   |   LUT  | URAM|
+-----------------+---------+------+--------+--------+-----+
|DSP              |        -|     8|       -|       -|    -|
|Expression       |        -|     -|       0|    2126|    -|
|FIFO             |        -|     -|       -|       -|    -|
|Instance         |        -|     -|       -|       -|    -|
|Memory           |        0|     -|     224|      56|    -|
|Multiplexer      |        -|     -|       -|      36|    -|
|Register         |        -|     -|    1701|     576|    -|
+-----------------+---------+------+--------+--------+-----+
|Total            |        0|     8|    1925|    2794|    0|
+-----------------+---------+------+--------+--------+-----+
|Available        |      288|  1248|  234240|  117120|   64|
+-----------------+---------+------+--------+--------+-----+
|Utilization (%)  |        0|    ~0|      ~0|       2|    0|
+-----------------+---------+------+--------+--------+-----+

+ Detail: 
    * Instance: 
    N/A

    * DSP: 
    +---------------------------------------+---------------------------------+--------------+
    |                Instance               |              Module             |  Expression  |
    +---------------------------------------+---------------------------------+--------------+
    |mac_mul_sub_14s_12ns_32s_32_3_1_U1427  |mac_mul_sub_14s_12ns_32s_32_3_1  |  i0 * i1 - i2|
    |mac_mul_sub_14s_12ns_32s_32_3_1_U1428  |mac_mul_sub_14s_12ns_32s_32_3_1  |  i0 * i1 - i2|
    |mac_mul_sub_14s_12ns_32s_32_3_1_U1429  |mac_mul_sub_14s_12ns_32s_32_3_1  |  i0 * i1 - i2|
    |mac_mul_sub_14s_12ns_32s_32_3_1_U1430  |mac_mul_sub_14s_12ns_32s_32_3_1  |  i0 * i1 - i2|
    |mac_mul_sub_14s_12ns_32s_32_3_1_U1431  |mac_mul_sub_14s_12ns_32s_32_3_1  |  i0 * i1 - i2|
    |mac_mul_sub_14s_12ns_32s_32_3_1_U1432  |mac_mul_sub_14s_12ns_32s_32_3_1  |  i0 * i1 - i2|
    |mac_mul_sub_14s_12ns_32s_32_3_1_U1433  |mac_mul_sub_14s_12ns_32s_32_3_1  |  i0 * i1 - i2|
    |mac_mul_sub_14s_12ns_32s_32_3_1_U1434  |mac_mul_sub_14s_12ns_32s_32_3_1  |  i0 * i1 - i2|
    +---------------------------------------+---------------------------------+--------------+

    * Memory: 
    +-------------------+----------------------------------------------+---------+----+----+-----+------+-----+------+-------------+
    |       Memory      |                    Module                    | BRAM_18K| FF | LUT| URAM| Words| Bits| Banks| W*Bits*Banks|
    +-------------------+----------------------------------------------+---------+----+----+-----+------+-----+------+-------------+
    |p_ZL5INV_W_0_4_U   |inv_stage_t_32_s_p_ZL5INV_W_0_4_ROM_AUTO_1R   |        0|  24|   6|    0|    32|   12|     1|          384|
    |p_ZL5INV_W_1_4_U   |inv_stage_t_32_s_p_ZL5INV_W_0_4_ROM_AUTO_1R   |        0|  24|   6|    0|    32|   12|     1|          384|
    |p_ZL5INV_W_2_4_U   |inv_stage_t_32_s_p_ZL5INV_W_0_4_ROM_AUTO_1R   |        0|  24|   6|    0|    32|   12|     1|          384|
    |p_ZL5INV_W_3_4_U   |inv_stage_t_32_s_p_ZL5INV_W_0_4_ROM_AUTO_1R   |        0|  24|   6|    0|    32|   12|     1|          384|
    |p_ZL6INV_MW_0_4_U  |inv_stage_t_32_s_p_ZL6INV_MW_0_4_ROM_AUTO_1R  |        0|  32|   8|    0|    32|   16|     1|          512|
    |p_ZL6INV_MW_1_4_U  |inv_stage_t_32_s_p_ZL6INV_MW_0_4_ROM_AUTO_1R  |        0|  32|   8|    0|    32|   16|     1|          512|
    |p_ZL6INV_MW_2_4_U  |inv_stage_t_32_s_p_ZL6INV_MW_0_4_ROM_AUTO_1R  |        0|  32|   8|    0|    32|   16|     1|          512|
    |p_ZL6INV_MW_3_4_U  |inv_stage_t_32_s_p_ZL6INV_MW_0_4_ROM_AUTO_1R  |        0|  32|   8|    0|    32|   16|     1|          512|
    +-------------------+----------------------------------------------+---------+----+----+-----+------+-----+------+-------------+
    |Total              |                                              |        0| 224|  56|    0|   256|  112|     8|         3584|
    +-------------------+----------------------------------------------+---------+----+----+-----+------+-----+------+-------------+

    * FIFO: 
    N/A

    * Expression: 
    +---------------------------+----------+----+---+----+------------+------------+
    |       Variable Name       | Operation| DSP| FF| LUT| Bitwidth P0| Bitwidth P1|
    +---------------------------+----------+----+---+----+------------+------------+
    |add_ln107_fu_1412_p2       |         +|   0|  0|  15|           8|           4|
    |add_ln44_22_fu_2579_p2     |         +|   0|  0|  19|          12|          10|
    |add_ln44_23_fu_2603_p2     |         +|   0|  0|  19|          12|          10|
    |add_ln44_24_fu_2627_p2     |         +|   0|  0|  19|          12|          10|
    |add_ln44_25_fu_2651_p2     |         +|   0|  0|  19|          12|          10|
    |add_ln44_26_fu_2675_p2     |         +|   0|  0|  19|          12|          10|
    |add_ln44_27_fu_2699_p2     |         +|   0|  0|  19|          12|          10|
    |add_ln44_28_fu_2723_p2     |         +|   0|  0|  19|          12|          10|
    |add_ln44_fu_2555_p2        |         +|   0|  0|  19|          12|          10|
    |add_ln48_44_fu_1651_p2     |         +|   0|  0|  19|          12|          10|
    |add_ln48_46_fu_1760_p2     |         +|   0|  0|  19|          12|          10|
    |add_ln48_48_fu_1869_p2     |         +|   0|  0|  19|          12|          10|
    |add_ln48_50_fu_1978_p2     |         +|   0|  0|  19|          12|          10|
    |add_ln48_52_fu_2087_p2     |         +|   0|  0|  19|          12|          10|
    |add_ln48_54_fu_2196_p2     |         +|   0|  0|  19|          12|          10|
    |add_ln48_56_fu_2305_p2     |         +|   0|  0|  19|          12|          10|
    |add_ln48_fu_1472_p2        |         +|   0|  0|  19|          12|          10|
    |add_ln52_22_fu_1677_p2     |         +|   0|  0|  20|          13|          12|
    |add_ln52_23_fu_1786_p2     |         +|   0|  0|  20|          13|          12|
    |add_ln52_24_fu_1895_p2     |         +|   0|  0|  20|          13|          12|
    |add_ln52_25_fu_2004_p2     |         +|   0|  0|  20|          13|          12|
    |add_ln52_26_fu_2113_p2     |         +|   0|  0|  20|          13|          12|
    |add_ln52_27_fu_2222_p2     |         +|   0|  0|  20|          13|          12|
    |add_ln52_28_fu_2331_p2     |         +|   0|  0|  20|          13|          12|
    |add_ln52_fu_1498_p2        |         +|   0|  0|  20|          13|          12|
    |s_46_fu_2289_p2            |         +|   0|  0|  20|          13|          13|
    |s_47_fu_1635_p2            |         +|   0|  0|  20|          13|          13|
    |s_48_fu_1744_p2            |         +|   0|  0|  20|          13|          13|
    |s_49_fu_1853_p2            |         +|   0|  0|  20|          13|          13|
    |s_50_fu_1962_p2            |         +|   0|  0|  20|          13|          13|
    |s_51_fu_2071_p2            |         +|   0|  0|  20|          13|          13|
    |s_52_fu_2180_p2            |         +|   0|  0|  20|          13|          13|
    |s_fu_1456_p2               |         +|   0|  0|  20|          13|          13|
    |sub_ln52_22_fu_1695_p2     |         -|   0|  0|  21|          14|          14|
    |sub_ln52_23_fu_1804_p2     |         -|   0|  0|  21|          14|          14|
    |sub_ln52_24_fu_1913_p2     |         -|   0|  0|  21|          14|          14|
    |sub_ln52_25_fu_2022_p2     |         -|   0|  0|  21|          14|          14|
    |sub_ln52_26_fu_2131_p2     |         -|   0|  0|  21|          14|          14|
    |sub_ln52_27_fu_2240_p2     |         -|   0|  0|  21|          14|          14|
    |sub_ln52_28_fu_2349_p2     |         -|   0|  0|  21|          14|          14|
    |sub_ln52_fu_1516_p2        |         -|   0|  0|  21|          14|          14|
    |icmp_ln116_10_fu_1819_p2   |      icmp|   0|  0|  12|           4|           4|
    |icmp_ln116_11_fu_1928_p2   |      icmp|   0|  0|  12|           4|           4|
    |icmp_ln116_12_fu_2037_p2   |      icmp|   0|  0|  12|           4|           3|
    |icmp_ln116_13_fu_2146_p2   |      icmp|   0|  0|  12|           4|           3|
    |icmp_ln116_14_fu_2255_p2   |      icmp|   0|  0|  12|           4|           2|
    |icmp_ln116_8_fu_1601_p2    |      icmp|   0|  0|  12|           4|           4|
    |icmp_ln116_9_fu_1710_p2    |      icmp|   0|  0|  12|           4|           4|
    |icmp_ln116_fu_1423_p2      |      icmp|   0|  0|  12|           4|           1|
    |icmp_ln118_10_fu_2381_p2   |      icmp|   0|  0|  12|           4|           2|
    |icmp_ln118_11_fu_2387_p2   |      icmp|   0|  0|  12|           4|           3|
    |icmp_ln118_12_fu_2393_p2   |      icmp|   0|  0|  12|           4|           3|
    |icmp_ln118_13_fu_2399_p2   |      icmp|   0|  0|  12|           4|           3|
    |icmp_ln118_14_fu_2405_p2   |      icmp|   0|  0|  12|           4|           3|
    |icmp_ln118_8_fu_2369_p2    |      icmp|   0|  0|  12|           4|           1|
    |icmp_ln118_9_fu_2375_p2    |      icmp|   0|  0|  12|           4|           2|
    |icmp_ln118_fu_1406_p2      |      icmp|   0|  0|  12|           4|           1|
    |icmp_ln44_22_fu_2571_p2    |      icmp|   0|  0|  39|          32|          12|
    |icmp_ln44_23_fu_2595_p2    |      icmp|   0|  0|  39|          32|          12|
    |icmp_ln44_24_fu_2619_p2    |      icmp|   0|  0|  39|          32|          12|
    |icmp_ln44_25_fu_2643_p2    |      icmp|   0|  0|  39|          32|          12|
    |icmp_ln44_26_fu_2667_p2    |      icmp|   0|  0|  39|          32|          12|
    |icmp_ln44_27_fu_2691_p2    |      icmp|   0|  0|  39|          32|          12|
    |icmp_ln44_28_fu_2715_p2    |      icmp|   0|  0|  39|          32|          12|
    |icmp_ln44_fu_2547_p2       |      icmp|   0|  0|  39|          32|          12|
    |icmp_ln48_22_fu_1641_p2    |      icmp|   0|  0|  20|          13|          12|
    |icmp_ln48_23_fu_1750_p2    |      icmp|   0|  0|  20|          13|          12|
    |icmp_ln48_24_fu_1859_p2    |      icmp|   0|  0|  20|          13|          12|
    |icmp_ln48_25_fu_1968_p2    |      icmp|   0|  0|  20|          13|          12|
    |icmp_ln48_26_fu_2077_p2    |      icmp|   0|  0|  20|          13|          12|
    |icmp_ln48_27_fu_2186_p2    |      icmp|   0|  0|  20|          13|          12|
    |icmp_ln48_28_fu_2295_p2    |      icmp|   0|  0|  20|          13|          12|
    |icmp_ln48_fu_1462_p2       |      icmp|   0|  0|  20|          13|          12|
    |icmp_ln52_22_fu_1665_p2    |      icmp|   0|  0|  19|          12|          12|
    |icmp_ln52_23_fu_1774_p2    |      icmp|   0|  0|  19|          12|          12|
    |icmp_ln52_24_fu_1883_p2    |      icmp|   0|  0|  19|          12|          12|
    |icmp_ln52_25_fu_1992_p2    |      icmp|   0|  0|  19|          12|          12|
    |icmp_ln52_26_fu_2101_p2    |      icmp|   0|  0|  19|          12|          12|
    |icmp_ln52_27_fu_2210_p2    |      icmp|   0|  0|  19|          12|          12|
    |icmp_ln52_28_fu_2319_p2    |      icmp|   0|  0|  19|          12|          12|
    |icmp_ln52_fu_1486_p2       |      icmp|   0|  0|  19|          12|          12|
    |or_ln112_fu_1388_p2        |        or|   0|  0|   5|           5|           1|
    |or_ln114_10_fu_1576_p2     |        or|   0|  0|   4|           4|           3|
    |or_ln114_11_fu_1586_p2     |        or|   0|  0|   4|           4|           3|
    |or_ln114_12_fu_1596_p2     |        or|   0|  0|   4|           4|           3|
    |or_ln114_7_fu_1546_p2      |        or|   0|  0|   4|           4|           2|
    |or_ln114_8_fu_1556_p2      |        or|   0|  0|   4|           4|           2|
    |or_ln114_9_fu_1566_p2      |        or|   0|  0|   4|           4|           3|
    |or_ln114_fu_1536_p2        |        or|   0|  0|   4|           4|           1|
    |or_ln115_fu_1362_p2        |        or|   0|  0|   4|           4|           2|
    |select_ln44_22_fu_2585_p3  |    select|   0|  0|  11|           1|          12|
    |select_ln44_23_fu_2609_p3  |    select|   0|  0|  11|           1|          12|
    |select_ln44_24_fu_2633_p3  |    select|   0|  0|  11|           1|          12|
    |select_ln44_25_fu_2657_p3  |    select|   0|  0|  11|           1|          12|
    |select_ln44_26_fu_2681_p3  |    select|   0|  0|  11|           1|          12|
    |select_ln44_27_fu_2705_p3  |    select|   0|  0|  11|           1|          12|
    |select_ln44_28_fu_2729_p3  |    select|   0|  0|  11|           1|          12|
    |select_ln44_fu_2561_p3     |    select|   0|  0|  11|           1|          12|
    |select_ln48_22_fu_1657_p3  |    select|   0|  0|  11|           1|          12|
    |select_ln48_23_fu_1766_p3  |    select|   0|  0|  11|           1|          12|
    |select_ln48_24_fu_1875_p3  |    select|   0|  0|  11|           1|          12|
    |select_ln48_25_fu_1984_p3  |    select|   0|  0|  11|           1|          12|
    |select_ln48_26_fu_2093_p3  |    select|   0|  0|  11|           1|          12|
    |select_ln48_27_fu_2202_p3  |    select|   0|  0|  11|           1|          12|
    |select_ln48_28_fu_2311_p3  |    select|   0|  0|  11|           1|          12|
    |select_ln48_fu_1478_p3     |    select|   0|  0|  11|           1|          12|
    |select_ln52_22_fu_1683_p3  |    select|   0|  0|  12|           1|          13|
    |select_ln52_23_fu_1792_p3  |    select|   0|  0|  12|           1|          13|
    |select_ln52_24_fu_1901_p3  |    select|   0|  0|  12|           1|          13|
    |select_ln52_25_fu_2010_p3  |    select|   0|  0|  12|           1|          13|
    |select_ln52_26_fu_2119_p3  |    select|   0|  0|  12|           1|          13|
    |select_ln52_27_fu_2228_p3  |    select|   0|  0|  12|           1|          13|
    |select_ln52_28_fu_2337_p3  |    select|   0|  0|  12|           1|          13|
    |select_ln52_fu_1504_p3     |    select|   0|  0|  12|           1|          13|
    |t_36_fu_1607_p3            |    select|   0|  0|  11|           1|          12|
    |t_37_fu_1716_p3            |    select|   0|  0|  11|           1|          12|
    |t_38_fu_1825_p3            |    select|   0|  0|  11|           1|          12|
    |t_39_fu_1934_p3            |    select|   0|  0|  11|           1|          12|
    |t_40_fu_2043_p3            |    select|   0|  0|  11|           1|          12|
    |t_41_fu_2152_p3            |    select|   0|  0|  11|           1|          12|
    |t_42_fu_2261_p3            |    select|   0|  0|  11|           1|          12|
    |t_fu_1428_p3               |    select|   0|  0|  11|           1|          12|
    |v_35_fu_2277_p3            |    select|   0|  0|  11|           1|          12|
    |v_36_fu_1623_p3            |    select|   0|  0|  11|           1|          12|
    |v_37_fu_1732_p3            |    select|   0|  0|  11|           1|          12|
    |v_38_fu_1841_p3            |    select|   0|  0|  11|           1|          12|
    |v_39_fu_1950_p3            |    select|   0|  0|  11|           1|          12|
    |v_40_fu_2059_p3            |    select|   0|  0|  11|           1|          12|
    |v_41_fu_2168_p3            |    select|   0|  0|  11|           1|          12|
    |v_fu_1444_p3               |    select|   0|  0|  11|           1|          12|
    |ap_enable_pp0              |       xor|   0|  0|   2|           1|           2|
    |xor_ln52_22_fu_1671_p2     |       xor|   0|  0|   2|           1|           2|
    |xor_ln52_23_fu_1780_p2     |       xor|   0|  0|   2|           1|           2|
    |xor_ln52_24_fu_1889_p2     |       xor|   0|  0|   2|           1|           2|
    |xor_ln52_25_fu_1998_p2     |       xor|   0|  0|   2|           1|           2|
    |xor_ln52_26_fu_2107_p2     |       xor|   0|  0|   2|           1|           2|
    |xor_ln52_27_fu_2216_p2     |       xor|   0|  0|   2|           1|           2|
    |xor_ln52_28_fu_2325_p2     |       xor|   0|  0|   2|           1|           2|
    |xor_ln52_fu_1492_p2        |       xor|   0|  0|   2|           1|           2|
    +---------------------------+----------+----+---+----+------------+------------+
    |Total                      |          |   0|  0|2126|        1126|        1333|
    +---------------------------+----------+----+---+----+------------+------------+

    * Multiplexer: 
    +-------------------------+----+-----------+-----+-----------+
    |           Name          | LUT| Input Size| Bits| Total Bits|
    +-------------------------+----+-----------+-----+-----------+
    |ap_done_int              |   9|          2|    1|          2|
    |ap_enable_reg_pp0_iter1  |   9|          2|    1|          2|
    |ap_sig_allocacmp_m       |   9|          2|    8|         16|
    |idx_fu_196               |   9|          2|    8|         16|
    +-------------------------+----+-----------+-----+-----------+
    |Total                    |  36|          8|   18|         36|
    +-------------------------+----+-----------+-----+-----------+

    * Register: 
    +----------------------------------------------+----+----+-----+-----------+
    |                     Name                     | FF | LUT| Bits| Const Bits|
    +----------------------------------------------+----+----+-----+-----------+
    |ap_CS_fsm                                     |   1|   0|    1|          0|
    |ap_done_reg                                   |   1|   0|    1|          0|
    |ap_enable_reg_pp0_iter1                       |   1|   0|    1|          0|
    |ap_enable_reg_pp0_iter2                       |   1|   0|    1|          0|
    |ap_enable_reg_pp0_iter3                       |   1|   0|    1|          0|
    |ap_enable_reg_pp0_iter4                       |   1|   0|    1|          0|
    |ap_enable_reg_pp0_iter5                       |   1|   0|    1|          0|
    |ap_loop_exit_ready_pp0_iter1_reg              |   1|   0|    1|          0|
    |ap_loop_exit_ready_pp0_iter2_reg              |   1|   0|    1|          0|
    |ap_loop_exit_ready_pp0_iter3_reg              |   1|   0|    1|          0|
    |ap_loop_exit_ready_pp0_iter4_reg              |   1|   0|    1|          0|
    |icmp_ln118_10_reg_3342                        |   1|   0|    1|          0|
    |icmp_ln118_11_reg_3346                        |   1|   0|    1|          0|
    |icmp_ln118_12_reg_3350                        |   1|   0|    1|          0|
    |icmp_ln118_13_reg_3354                        |   1|   0|    1|          0|
    |icmp_ln118_14_reg_3358                        |   1|   0|    1|          0|
    |icmp_ln118_8_reg_3334                         |   1|   0|    1|          0|
    |icmp_ln118_9_reg_3338                         |   1|   0|    1|          0|
    |icmp_ln118_reg_3122                           |   1|   0|    1|          0|
    |idx_fu_196                                    |   8|   0|    8|          0|
    |p_ZL5INV_W_0_4_load_1_reg_3182                |  12|   0|   12|          0|
    |p_ZL5INV_W_0_4_load_1_reg_3182_pp0_iter2_reg  |  12|   0|   12|          0|
    |p_ZL5INV_W_0_4_load_reg_3137                  |  12|   0|   12|          0|
    |p_ZL5INV_W_0_4_load_reg_3137_pp0_iter2_reg    |  12|   0|   12|          0|
    |p_ZL5INV_W_1_4_load_1_reg_3192                |  12|   0|   12|          0|
    |p_ZL5INV_W_1_4_load_1_reg_3192_pp0_iter2_reg  |  12|   0|   12|          0|
    |p_ZL5INV_W_1_4_load_reg_3152                  |  12|   0|   12|          0|
    |p_ZL5INV_W_1_4_load_reg_3152_pp0_iter2_reg    |  12|   0|   12|          0|
    |p_ZL5INV_W_2_4_load_1_reg_3202                |  12|   0|   12|          0|
    |p_ZL5INV_W_2_4_load_1_reg_3202_pp0_iter2_reg  |  12|   0|   12|          0|
    |p_ZL5INV_W_2_4_load_reg_3162                  |  12|   0|   12|          0|
    |p_ZL5INV_W_2_4_load_reg_3162_pp0_iter2_reg    |  12|   0|   12|          0|
    |p_ZL5INV_W_3_4_load_1_reg_3319                |  12|   0|   12|          0|
    |p_ZL5INV_W_3_4_load_1_reg_3319_pp0_iter2_reg  |  12|   0|   12|          0|
    |p_ZL5INV_W_3_4_load_reg_3172                  |  12|   0|   12|          0|
    |p_ZL5INV_W_3_4_load_reg_3172_pp0_iter2_reg    |  12|   0|   12|          0|
    |select_ln48_22_reg_3212                       |  12|   0|   12|          0|
    |select_ln48_23_reg_3228                       |  12|   0|   12|          0|
    |select_ln48_24_reg_3244                       |  12|   0|   12|          0|
    |select_ln48_25_reg_3260                       |  12|   0|   12|          0|
    |select_ln48_26_reg_3276                       |  12|   0|   12|          0|
    |select_ln48_27_reg_3292                       |  12|   0|   12|          0|
    |select_ln48_28_reg_3308                       |  12|   0|   12|          0|
    |select_ln48_reg_3126                          |  12|   0|   12|          0|
    |sub_ln52_22_reg_3218                          |  14|   0|   14|          0|
    |sub_ln52_22_reg_3218_pp0_iter2_reg            |  14|   0|   14|          0|
    |sub_ln52_23_reg_3234                          |  14|   0|   14|          0|
    |sub_ln52_23_reg_3234_pp0_iter2_reg            |  14|   0|   14|          0|
    |sub_ln52_24_reg_3250                          |  14|   0|   14|          0|
    |sub_ln52_24_reg_3250_pp0_iter2_reg            |  14|   0|   14|          0|
    |sub_ln52_25_reg_3266                          |  14|   0|   14|          0|
    |sub_ln52_25_reg_3266_pp0_iter2_reg            |  14|   0|   14|          0|
    |sub_ln52_26_reg_3282                          |  14|   0|   14|          0|
    |sub_ln52_26_reg_3282_pp0_iter2_reg            |  14|   0|   14|          0|
    |sub_ln52_27_reg_3298                          |  14|   0|   14|          0|
    |sub_ln52_27_reg_3298_pp0_iter2_reg            |  14|   0|   14|          0|
    |sub_ln52_28_reg_3314                          |  14|   0|   14|          0|
    |sub_ln52_28_reg_3314_pp0_iter2_reg            |  14|   0|   14|          0|
    |sub_ln52_reg_3132                             |  14|   0|   14|          0|
    |sub_ln52_reg_3132_pp0_iter2_reg               |  14|   0|   14|          0|
    |trunc_ln107_reg_2830                          |   4|   0|    4|          0|
    |zext_ln114_reg_2842                           |   3|   0|   64|         61|
    |zext_ln115_reg_2862                           |   3|   0|   64|         61|
    |icmp_ln118_10_reg_3342                        |  64|  32|    1|          0|
    |icmp_ln118_11_reg_3346                        |  64|  32|    1|          0|
    |icmp_ln118_12_reg_3350                        |  64|  32|    1|          0|
    |icmp_ln118_13_reg_3354                        |  64|  32|    1|          0|
    |icmp_ln118_14_reg_3358                        |  64|  32|    1|          0|
    |icmp_ln118_8_reg_3334                         |  64|  32|    1|          0|
    |icmp_ln118_9_reg_3338                         |  64|  32|    1|          0|
    |icmp_ln118_reg_3122                           |  64|  32|    1|          0|
    |select_ln48_22_reg_3212                       |  64|  32|   12|          0|
    |select_ln48_23_reg_3228                       |  64|  32|   12|          0|
    |select_ln48_24_reg_3244                       |  64|  32|   12|          0|
    |select_ln48_25_reg_3260                       |  64|  32|   12|          0|
    |select_ln48_26_reg_3276                       |  64|  32|   12|          0|
    |select_ln48_27_reg_3292                       |  64|  32|   12|          0|
    |select_ln48_28_reg_3308                       |  64|  32|   12|          0|
    |select_ln48_reg_3126                          |  64|  32|   12|          0|
    |zext_ln114_reg_2842                           |  64|  32|   64|         61|
    |zext_ln115_reg_2862                           |  64|  32|   64|         61|
    +----------------------------------------------+----+----+-----+-----------+
    |Total                                         |1701| 576|  903|        244|
    +----------------------------------------------+----+----+-----+-----------+



================================================================
== Interface
================================================================
* Summary: 
+---------------------+-----+-----+------------+-----------------+--------------+
|      RTL Ports      | Dir | Bits|  Protocol  |  Source Object  |    C Type    |
+---------------------+-----+-----+------------+-----------------+--------------+
|ap_clk               |   in|    1|  ap_ctrl_hs|  inv_stage_t<32>|  return value|
|ap_rst               |   in|    1|  ap_ctrl_hs|  inv_stage_t<32>|  return value|
|ap_start             |   in|    1|  ap_ctrl_hs|  inv_stage_t<32>|  return value|
|ap_done              |  out|    1|  ap_ctrl_hs|  inv_stage_t<32>|  return value|
|ap_idle              |  out|    1|  ap_ctrl_hs|  inv_stage_t<32>|  return value|
|ap_ready             |  out|    1|  ap_ctrl_hs|  inv_stage_t<32>|  return value|
|grp_fu_1570_p_din0   |  out|   32|  ap_ctrl_hs|  inv_stage_t<32>|  return value|
|grp_fu_1570_p_din1   |  out|   16|  ap_ctrl_hs|  inv_stage_t<32>|  return value|
|grp_fu_1570_p_dout0  |   in|   48|  ap_ctrl_hs|  inv_stage_t<32>|  return value|
|grp_fu_1570_p_ce     |  out|    1|  ap_ctrl_hs|  inv_stage_t<32>|  return value|
|grp_fu_1574_p_din0   |  out|   32|  ap_ctrl_hs|  inv_stage_t<32>|  return value|
|grp_fu_1574_p_din1   |  out|   16|  ap_ctrl_hs|  inv_stage_t<32>|  return value|
|grp_fu_1574_p_dout0  |   in|   48|  ap_ctrl_hs|  inv_stage_t<32>|  return value|
|grp_fu_1574_p_ce     |  out|    1|  ap_ctrl_hs|  inv_stage_t<32>|  return value|
|grp_fu_1578_p_din0   |  out|   32|  ap_ctrl_hs|  inv_stage_t<32>|  return value|
|grp_fu_1578_p_din1   |  out|   16|  ap_ctrl_hs|  inv_stage_t<32>|  return value|
|grp_fu_1578_p_dout0  |   in|   48|  ap_ctrl_hs|  inv_stage_t<32>|  return value|
|grp_fu_1578_p_ce     |  out|    1|  ap_ctrl_hs|  inv_stage_t<32>|  return value|
|grp_fu_1582_p_din0   |  out|   32|  ap_ctrl_hs|  inv_stage_t<32>|  return value|
|grp_fu_1582_p_din1   |  out|   16|  ap_ctrl_hs|  inv_stage_t<32>|  return value|
|grp_fu_1582_p_dout0  |   in|   48|  ap_ctrl_hs|  inv_stage_t<32>|  return value|
|grp_fu_1582_p_ce     |  out|    1|  ap_ctrl_hs|  inv_stage_t<32>|  return value|
|grp_fu_1586_p_din0   |  out|   32|  ap_ctrl_hs|  inv_stage_t<32>|  return value|
|grp_fu_1586_p_din1   |  out|   16|  ap_ctrl_hs|  inv_stage_t<32>|  return value|
|grp_fu_1586_p_dout0  |   in|   48|  ap_ctrl_hs|  inv_stage_t<32>|  return value|
|grp_fu_1586_p_ce     |  out|    1|  ap_ctrl_hs|  inv_stage_t<32>|  return value|
|grp_fu_1590_p_din0   |  out|   32|  ap_ctrl_hs|  inv_stage_t<32>|  return value|
|grp_fu_1590_p_din1   |  out|   16|  ap_ctrl_hs|  inv_stage_t<32>|  return value|
|grp_fu_1590_p_dout0  |   in|   48|  ap_ctrl_hs|  inv_stage_t<32>|  return value|
|grp_fu_1590_p_ce     |  out|    1|  ap_ctrl_hs|  inv_stage_t<32>|  return value|
|grp_fu_1594_p_din0   |  out|   32|  ap_ctrl_hs|  inv_stage_t<32>|  return value|
|grp_fu_1594_p_din1   |  out|   16|  ap_ctrl_hs|  inv_stage_t<32>|  return value|
|grp_fu_1594_p_dout0  |   in|   48|  ap_ctrl_hs|  inv_stage_t<32>|  return value|
|grp_fu_1594_p_ce     |  out|    1|  ap_ctrl_hs|  inv_stage_t<32>|  return value|
|grp_fu_1598_p_din0   |  out|   32|  ap_ctrl_hs|  inv_stage_t<32>|  return value|
|grp_fu_1598_p_din1   |  out|   16|  ap_ctrl_hs|  inv_stage_t<32>|  return value|
|grp_fu_1598_p_dout0  |   in|   48|  ap_ctrl_hs|  inv_stage_t<32>|  return value|
|grp_fu_1598_p_ce     |  out|    1|  ap_ctrl_hs|  inv_stage_t<32>|  return value|
|grp_fu_1602_p_din0   |  out|   32|  ap_ctrl_hs|  inv_stage_t<32>|  return value|
|grp_fu_1602_p_din1   |  out|   13|  ap_ctrl_hs|  inv_stage_t<32>|  return value|
|grp_fu_1602_p_dout0  |   in|   32|  ap_ctrl_hs|  inv_stage_t<32>|  return value|
|grp_fu_1602_p_ce     |  out|    1|  ap_ctrl_hs|  inv_stage_t<32>|  return value|
|grp_fu_1606_p_din0   |  out|   32|  ap_ctrl_hs|  inv_stage_t<32>|  return value|
|grp_fu_1606_p_din1   |  out|   13|  ap_ctrl_hs|  inv_stage_t<32>|  return value|
|grp_fu_1606_p_dout0  |   in|   32|  ap_ctrl_hs|  inv_stage_t<32>|  return value|
|grp_fu_1606_p_ce     |  out|    1|  ap_ctrl_hs|  inv_stage_t<32>|  return value|
|grp_fu_1610_p_din0   |  out|   32|  ap_ctrl_hs|  inv_stage_t<32>|  return value|
|grp_fu_1610_p_din1   |  out|   13|  ap_ctrl_hs|  inv_stage_t<32>|  return value|
|grp_fu_1610_p_dout0  |   in|   32|  ap_ctrl_hs|  inv_stage_t<32>|  return value|
|grp_fu_1610_p_ce     |  out|    1|  ap_ctrl_hs|  inv_stage_t<32>|  return value|
|grp_fu_1614_p_din0   |  out|   32|  ap_ctrl_hs|  inv_stage_t<32>|  return value|
|grp_fu_1614_p_din1   |  out|   13|  ap_ctrl_hs|  inv_stage_t<32>|  return value|
|grp_fu_1614_p_dout0  |   in|   32|  ap_ctrl_hs|  inv_stage_t<32>|  return value|
|grp_fu_1614_p_ce     |  out|    1|  ap_ctrl_hs|  inv_stage_t<32>|  return value|
|grp_fu_1618_p_din0   |  out|   32|  ap_ctrl_hs|  inv_stage_t<32>|  return value|
|grp_fu_1618_p_din1   |  out|   13|  ap_ctrl_hs|  inv_stage_t<32>|  return value|
|grp_fu_1618_p_dout0  |   in|   32|  ap_ctrl_hs|  inv_stage_t<32>|  return value|
|grp_fu_1618_p_ce     |  out|    1|  ap_ctrl_hs|  inv_stage_t<32>|  return value|
|grp_fu_1622_p_din0   |  out|   32|  ap_ctrl_hs|  inv_stage_t<32>|  return value|
|grp_fu_1622_p_din1   |  out|   13|  ap_ctrl_hs|  inv_stage_t<32>|  return value|
|grp_fu_1622_p_dout0  |   in|   32|  ap_ctrl_hs|  inv_stage_t<32>|  return value|
|grp_fu_1622_p_ce     |  out|    1|  ap_ctrl_hs|  inv_stage_t<32>|  return value|
|grp_fu_1626_p_din0   |  out|   32|  ap_ctrl_hs|  inv_stage_t<32>|  return value|
|grp_fu_1626_p_din1   |  out|   13|  ap_ctrl_hs|  inv_stage_t<32>|  return value|
|grp_fu_1626_p_dout0  |   in|   32|  ap_ctrl_hs|  inv_stage_t<32>|  return value|
|grp_fu_1626_p_ce     |  out|    1|  ap_ctrl_hs|  inv_stage_t<32>|  return value|
|grp_fu_1630_p_din0   |  out|   32|  ap_ctrl_hs|  inv_stage_t<32>|  return value|
|grp_fu_1630_p_din1   |  out|   13|  ap_ctrl_hs|  inv_stage_t<32>|  return value|
|grp_fu_1630_p_dout0  |   in|   32|  ap_ctrl_hs|  inv_stage_t<32>|  return value|
|grp_fu_1630_p_ce     |  out|    1|  ap_ctrl_hs|  inv_stage_t<32>|  return value|
|src_0_address0       |  out|    4|   ap_memory|            src_0|         array|
|src_0_ce0            |  out|    1|   ap_memory|            src_0|         array|
|src_0_q0             |   in|   12|   ap_memory|            src_0|         array|
|src_0_address1       |  out|    4|   ap_memory|            src_0|         array|
|src_0_ce1            |  out|    1|   ap_memory|            src_0|         array|
|src_0_q1             |   in|   12|   ap_memory|            src_0|         array|
|src_1_address0       |  out|    4|   ap_memory|            src_1|         array|
|src_1_ce0            |  out|    1|   ap_memory|            src_1|         array|
|src_1_q0             |   in|   12|   ap_memory|            src_1|         array|
|src_1_address1       |  out|    4|   ap_memory|            src_1|         array|
|src_1_ce1            |  out|    1|   ap_memory|            src_1|         array|
|src_1_q1             |   in|   12|   ap_memory|            src_1|         array|
|src_2_address0       |  out|    4|   ap_memory|            src_2|         array|
|src_2_ce0            |  out|    1|   ap_memory|            src_2|         array|
|src_2_q0             |   in|   12|   ap_memory|            src_2|         array|
|src_2_address1       |  out|    4|   ap_memory|            src_2|         array|
|src_2_ce1            |  out|    1|   ap_memory|            src_2|         array|
|src_2_q1             |   in|   12|   ap_memory|            src_2|         array|
|src_3_address0       |  out|    4|   ap_memory|            src_3|         array|
|src_3_ce0            |  out|    1|   ap_memory|            src_3|         array|
|src_3_q0             |   in|   12|   ap_memory|            src_3|         array|
|src_3_address1       |  out|    4|   ap_memory|            src_3|         array|
|src_3_ce1            |  out|    1|   ap_memory|            src_3|         array|
|src_3_q1             |   in|   12|   ap_memory|            src_3|         array|
|src_4_address0       |  out|    4|   ap_memory|            src_4|         array|
|src_4_ce0            |  out|    1|   ap_memory|            src_4|         array|
|src_4_q0             |   in|   12|   ap_memory|            src_4|         array|
|src_4_address1       |  out|    4|   ap_memory|            src_4|         array|
|src_4_ce1            |  out|    1|   ap_memory|            src_4|         array|
|src_4_q1             |   in|   12|   ap_memory|            src_4|         array|
|src_5_address0       |  out|    4|   ap_memory|            src_5|         array|
|src_5_ce0            |  out|    1|   ap_memory|            src_5|         array|
|src_5_q0             |   in|   12|   ap_memory|            src_5|         array|
|src_5_address1       |  out|    4|   ap_memory|            src_5|         array|
|src_5_ce1            |  out|    1|   ap_memory|            src_5|         array|
|src_5_q1             |   in|   12|   ap_memory|            src_5|         array|
|src_6_address0       |  out|    4|   ap_memory|            src_6|         array|
|src_6_ce0            |  out|    1|   ap_memory|            src_6|         array|
|src_6_q0             |   in|   12|   ap_memory|            src_6|         array|
|src_6_address1       |  out|    4|   ap_memory|            src_6|         array|
|src_6_ce1            |  out|    1|   ap_memory|            src_6|         array|
|src_6_q1             |   in|   12|   ap_memory|            src_6|         array|
|src_7_address0       |  out|    4|   ap_memory|            src_7|         array|
|src_7_ce0            |  out|    1|   ap_memory|            src_7|         array|
|src_7_q0             |   in|   12|   ap_memory|            src_7|         array|
|src_7_address1       |  out|    4|   ap_memory|            src_7|         array|
|src_7_ce1            |  out|    1|   ap_memory|            src_7|         array|
|src_7_q1             |   in|   12|   ap_memory|            src_7|         array|
|src_8_address0       |  out|    4|   ap_memory|            src_8|         array|
|src_8_ce0            |  out|    1|   ap_memory|            src_8|         array|
|src_8_q0             |   in|   12|   ap_memory|            src_8|         array|
|src_8_address1       |  out|    4|   ap_memory|            src_8|         array|
|src_8_ce1            |  out|    1|   ap_memory|            src_8|         array|
|src_8_q1             |   in|   12|   ap_memory|            src_8|         array|
|src_9_address0       |  out|    4|   ap_memory|            src_9|         array|
|src_9_ce0            |  out|    1|   ap_memory|            src_9|         array|
|src_9_q0             |   in|   12|   ap_memory|            src_9|         array|
|src_9_address1       |  out|    4|   ap_memory|            src_9|         array|
|src_9_ce1            |  out|    1|   ap_memory|            src_9|         array|
|src_9_q1             |   in|   12|   ap_memory|            src_9|         array|
|src_10_address0      |  out|    4|   ap_memory|           src_10|         array|
|src_10_ce0           |  out|    1|   ap_memory|           src_10|         array|
|src_10_q0            |   in|   12|   ap_memory|           src_10|         array|
|src_10_address1      |  out|    4|   ap_memory|           src_10|         array|
|src_10_ce1           |  out|    1|   ap_memory|           src_10|         array|
|src_10_q1            |   in|   12|   ap_memory|           src_10|         array|
|src_11_address0      |  out|    4|   ap_memory|           src_11|         array|
|src_11_ce0           |  out|    1|   ap_memory|           src_11|         array|
|src_11_q0            |   in|   12|   ap_memory|           src_11|         array|
|src_11_address1      |  out|    4|   ap_memory|           src_11|         array|
|src_11_ce1           |  out|    1|   ap_memory|           src_11|         array|
|src_11_q1            |   in|   12|   ap_memory|           src_11|         array|
|src_12_address0      |  out|    4|   ap_memory|           src_12|         array|
|src_12_ce0           |  out|    1|   ap_memory|           src_12|         array|
|src_12_q0            |   in|   12|   ap_memory|           src_12|         array|
|src_12_address1      |  out|    4|   ap_memory|           src_12|         array|
|src_12_ce1           |  out|    1|   ap_memory|           src_12|         array|
|src_12_q1            |   in|   12|   ap_memory|           src_12|         array|
|src_13_address0      |  out|    4|   ap_memory|           src_13|         array|
|src_13_ce0           |  out|    1|   ap_memory|           src_13|         array|
|src_13_q0            |   in|   12|   ap_memory|           src_13|         array|
|src_13_address1      |  out|    4|   ap_memory|           src_13|         array|
|src_13_ce1           |  out|    1|   ap_memory|           src_13|         array|
|src_13_q1            |   in|   12|   ap_memory|           src_13|         array|
|src_14_address0      |  out|    4|   ap_memory|           src_14|         array|
|src_14_ce0           |  out|    1|   ap_memory|           src_14|         array|
|src_14_q0            |   in|   12|   ap_memory|           src_14|         array|
|src_14_address1      |  out|    4|   ap_memory|           src_14|         array|
|src_14_ce1           |  out|    1|   ap_memory|           src_14|         array|
|src_14_q1            |   in|   12|   ap_memory|           src_14|         array|
|src_15_address0      |  out|    4|   ap_memory|           src_15|         array|
|src_15_ce0           |  out|    1|   ap_memory|           src_15|         array|
|src_15_q0            |   in|   12|   ap_memory|           src_15|         array|
|src_15_address1      |  out|    4|   ap_memory|           src_15|         array|
|src_15_ce1           |  out|    1|   ap_memory|           src_15|         array|
|src_15_q1            |   in|   12|   ap_memory|           src_15|         array|
|dst_0_address0       |  out|    4|   ap_memory|            dst_0|         array|
|dst_0_ce0            |  out|    1|   ap_memory|            dst_0|         array|
|dst_0_we0            |  out|    1|   ap_memory|            dst_0|         array|
|dst_0_d0             |  out|   12|   ap_memory|            dst_0|         array|
|dst_0_address1       |  out|    4|   ap_memory|            dst_0|         array|
|dst_0_ce1            |  out|    1|   ap_memory|            dst_0|         array|
|dst_0_we1            |  out|    1|   ap_memory|            dst_0|         array|
|dst_0_d1             |  out|   12|   ap_memory|            dst_0|         array|
|dst_1_address0       |  out|    4|   ap_memory|            dst_1|         array|
|dst_1_ce0            |  out|    1|   ap_memory|            dst_1|         array|
|dst_1_we0            |  out|    1|   ap_memory|            dst_1|         array|
|dst_1_d0             |  out|   12|   ap_memory|            dst_1|         array|
|dst_1_address1       |  out|    4|   ap_memory|            dst_1|         array|
|dst_1_ce1            |  out|    1|   ap_memory|            dst_1|         array|
|dst_1_we1            |  out|    1|   ap_memory|            dst_1|         array|
|dst_1_d1             |  out|   12|   ap_memory|            dst_1|         array|
|dst_2_address0       |  out|    4|   ap_memory|            dst_2|         array|
|dst_2_ce0            |  out|    1|   ap_memory|            dst_2|         array|
|dst_2_we0            |  out|    1|   ap_memory|            dst_2|         array|
|dst_2_d0             |  out|   12|   ap_memory|            dst_2|         array|
|dst_2_address1       |  out|    4|   ap_memory|            dst_2|         array|
|dst_2_ce1            |  out|    1|   ap_memory|            dst_2|         array|
|dst_2_we1            |  out|    1|   ap_memory|            dst_2|         array|
|dst_2_d1             |  out|   12|   ap_memory|            dst_2|         array|
|dst_3_address0       |  out|    4|   ap_memory|            dst_3|         array|
|dst_3_ce0            |  out|    1|   ap_memory|            dst_3|         array|
|dst_3_we0            |  out|    1|   ap_memory|            dst_3|         array|
|dst_3_d0             |  out|   12|   ap_memory|            dst_3|         array|
|dst_3_address1       |  out|    4|   ap_memory|            dst_3|         array|
|dst_3_ce1            |  out|    1|   ap_memory|            dst_3|         array|
|dst_3_we1            |  out|    1|   ap_memory|            dst_3|         array|
|dst_3_d1             |  out|   12|   ap_memory|            dst_3|         array|
|dst_4_address0       |  out|    4|   ap_memory|            dst_4|         array|
|dst_4_ce0            |  out|    1|   ap_memory|            dst_4|         array|
|dst_4_we0            |  out|    1|   ap_memory|            dst_4|         array|
|dst_4_d0             |  out|   12|   ap_memory|            dst_4|         array|
|dst_4_address1       |  out|    4|   ap_memory|            dst_4|         array|
|dst_4_ce1            |  out|    1|   ap_memory|            dst_4|         array|
|dst_4_we1            |  out|    1|   ap_memory|            dst_4|         array|
|dst_4_d1             |  out|   12|   ap_memory|            dst_4|         array|
|dst_5_address0       |  out|    4|   ap_memory|            dst_5|         array|
|dst_5_ce0            |  out|    1|   ap_memory|            dst_5|         array|
|dst_5_we0            |  out|    1|   ap_memory|            dst_5|         array|
|dst_5_d0             |  out|   12|   ap_memory|            dst_5|         array|
|dst_5_address1       |  out|    4|   ap_memory|            dst_5|         array|
|dst_5_ce1            |  out|    1|   ap_memory|            dst_5|         array|
|dst_5_we1            |  out|    1|   ap_memory|            dst_5|         array|
|dst_5_d1             |  out|   12|   ap_memory|            dst_5|         array|
|dst_6_address0       |  out|    4|   ap_memory|            dst_6|         array|
|dst_6_ce0            |  out|    1|   ap_memory|            dst_6|         array|
|dst_6_we0            |  out|    1|   ap_memory|            dst_6|         array|
|dst_6_d0             |  out|   12|   ap_memory|            dst_6|         array|
|dst_6_address1       |  out|    4|   ap_memory|            dst_6|         array|
|dst_6_ce1            |  out|    1|   ap_memory|            dst_6|         array|
|dst_6_we1            |  out|    1|   ap_memory|            dst_6|         array|
|dst_6_d1             |  out|   12|   ap_memory|            dst_6|         array|
|dst_7_address0       |  out|    4|   ap_memory|            dst_7|         array|
|dst_7_ce0            |  out|    1|   ap_memory|            dst_7|         array|
|dst_7_we0            |  out|    1|   ap_memory|            dst_7|         array|
|dst_7_d0             |  out|   12|   ap_memory|            dst_7|         array|
|dst_7_address1       |  out|    4|   ap_memory|            dst_7|         array|
|dst_7_ce1            |  out|    1|   ap_memory|            dst_7|         array|
|dst_7_we1            |  out|    1|   ap_memory|            dst_7|         array|
|dst_7_d1             |  out|   12|   ap_memory|            dst_7|         array|
|dst_8_address0       |  out|    4|   ap_memory|            dst_8|         array|
|dst_8_ce0            |  out|    1|   ap_memory|            dst_8|         array|
|dst_8_we0            |  out|    1|   ap_memory|            dst_8|         array|
|dst_8_d0             |  out|   12|   ap_memory|            dst_8|         array|
|dst_8_address1       |  out|    4|   ap_memory|            dst_8|         array|
|dst_8_ce1            |  out|    1|   ap_memory|            dst_8|         array|
|dst_8_we1            |  out|    1|   ap_memory|            dst_8|         array|
|dst_8_d1             |  out|   12|   ap_memory|            dst_8|         array|
|dst_9_address0       |  out|    4|   ap_memory|            dst_9|         array|
|dst_9_ce0            |  out|    1|   ap_memory|            dst_9|         array|
|dst_9_we0            |  out|    1|   ap_memory|            dst_9|         array|
|dst_9_d0             |  out|   12|   ap_memory|            dst_9|         array|
|dst_9_address1       |  out|    4|   ap_memory|            dst_9|         array|
|dst_9_ce1            |  out|    1|   ap_memory|            dst_9|         array|
|dst_9_we1            |  out|    1|   ap_memory|            dst_9|         array|
|dst_9_d1             |  out|   12|   ap_memory|            dst_9|         array|
|dst_10_address0      |  out|    4|   ap_memory|           dst_10|         array|
|dst_10_ce0           |  out|    1|   ap_memory|           dst_10|         array|
|dst_10_we0           |  out|    1|   ap_memory|           dst_10|         array|
|dst_10_d0            |  out|   12|   ap_memory|           dst_10|         array|
|dst_10_address1      |  out|    4|   ap_memory|           dst_10|         array|
|dst_10_ce1           |  out|    1|   ap_memory|           dst_10|         array|
|dst_10_we1           |  out|    1|   ap_memory|           dst_10|         array|
|dst_10_d1            |  out|   12|   ap_memory|           dst_10|         array|
|dst_11_address0      |  out|    4|   ap_memory|           dst_11|         array|
|dst_11_ce0           |  out|    1|   ap_memory|           dst_11|         array|
|dst_11_we0           |  out|    1|   ap_memory|           dst_11|         array|
|dst_11_d0            |  out|   12|   ap_memory|           dst_11|         array|
|dst_11_address1      |  out|    4|   ap_memory|           dst_11|         array|
|dst_11_ce1           |  out|    1|   ap_memory|           dst_11|         array|
|dst_11_we1           |  out|    1|   ap_memory|           dst_11|         array|
|dst_11_d1            |  out|   12|   ap_memory|           dst_11|         array|
|dst_12_address0      |  out|    4|   ap_memory|           dst_12|         array|
|dst_12_ce0           |  out|    1|   ap_memory|           dst_12|         array|
|dst_12_we0           |  out|    1|   ap_memory|           dst_12|         array|
|dst_12_d0            |  out|   12|   ap_memory|           dst_12|         array|
|dst_12_address1      |  out|    4|   ap_memory|           dst_12|         array|
|dst_12_ce1           |  out|    1|   ap_memory|           dst_12|         array|
|dst_12_we1           |  out|    1|   ap_memory|           dst_12|         array|
|dst_12_d1            |  out|   12|   ap_memory|           dst_12|         array|
|dst_13_address0      |  out|    4|   ap_memory|           dst_13|         array|
|dst_13_ce0           |  out|    1|   ap_memory|           dst_13|         array|
|dst_13_we0           |  out|    1|   ap_memory|           dst_13|         array|
|dst_13_d0            |  out|   12|   ap_memory|           dst_13|         array|
|dst_13_address1      |  out|    4|   ap_memory|           dst_13|         array|
|dst_13_ce1           |  out|    1|   ap_memory|           dst_13|         array|
|dst_13_we1           |  out|    1|   ap_memory|           dst_13|         array|
|dst_13_d1            |  out|   12|   ap_memory|           dst_13|         array|
|dst_14_address0      |  out|    4|   ap_memory|           dst_14|         array|
|dst_14_ce0           |  out|    1|   ap_memory|           dst_14|         array|
|dst_14_we0           |  out|    1|   ap_memory|           dst_14|         array|
|dst_14_d0            |  out|   12|   ap_memory|           dst_14|         array|
|dst_14_address1      |  out|    4|   ap_memory|           dst_14|         array|
|dst_14_ce1           |  out|    1|   ap_memory|           dst_14|         array|
|dst_14_we1           |  out|    1|   ap_memory|           dst_14|         array|
|dst_14_d1            |  out|   12|   ap_memory|           dst_14|         array|
|dst_15_address0      |  out|    4|   ap_memory|           dst_15|         array|
|dst_15_ce0           |  out|    1|   ap_memory|           dst_15|         array|
|dst_15_we0           |  out|    1|   ap_memory|           dst_15|         array|
|dst_15_d0            |  out|   12|   ap_memory|           dst_15|         array|
|dst_15_address1      |  out|    4|   ap_memory|           dst_15|         array|
|dst_15_ce1           |  out|    1|   ap_memory|           dst_15|         array|
|dst_15_we1           |  out|    1|   ap_memory|           dst_15|         array|
|dst_15_d1            |  out|   12|   ap_memory|           dst_15|         array|
+---------------------+-----+-----+------------+-----------------+--------------+

