

================================================================
== Vitis HLS Report for 'inv_all'
================================================================
* Date:           Thu Jun 11 23:16:55 2026

* Version:        2023.2 (Build 4023990 on Oct 11 2023)
* Project:        ntt_kyber
* Solution:       solution1 (Vivado IP Flow Target)
* Product family: zynquplus
* Target device:  xck26-sfvc784-2LV-c


================================================================
== Performance Estimates
================================================================
+ Timing: 
    * Summary: 
    +--------+----------+----------+------------+
    |  Clock |  Target  | Estimated| Uncertainty|
    +--------+----------+----------+------------+
    |ap_clk  |  10.00 ns|  6.397 ns|     2.70 ns|
    +--------+----------+----------+------------+

+ Latency: 
    * Summary: 
    +---------+---------+----------+-----------+-----+------+---------+
    |  Latency (cycles) |  Latency (absolute)  |  Interval  | Pipeline|
    |   min   |   max   |    min   |    max    | min |  max |   Type  |
    +---------+---------+----------+-----------+-----+------+---------+
    |      490|     7825|  4.900 us|  78.250 us|  490|  7825|       no|
    +---------+---------+----------+-----------+-----+------+---------+

    + Detail: 
        * Instance: 
        +-----------------------------------+------------------------+---------+---------+----------+----------+-----+-----+---------+
        |                                   |                        |  Latency (cycles) |  Latency (absolute) |  Interval | Pipeline|
        |              Instance             |         Module         |   min   |   max   |    min   |    max   | min | max |   Type  |
        +-----------------------------------+------------------------+---------+---------+----------+----------+-----+-----+---------+
        |grp_inv_all_Pipeline_IN_RD_fu_252  |inv_all_Pipeline_IN_RD  |       18|       18|  0.180 us|  0.180 us|   18|   18|       no|
        |grp_inv_ntt_fu_274                 |inv_ntt                 |      447|      447|  4.470 us|  4.470 us|  447|  447|       no|
        |grp_inv_all_Pipeline_IN_WR_fu_406  |inv_all_Pipeline_IN_WR  |       18|       18|  0.180 us|  0.180 us|   18|   18|       no|
        +-----------------------------------+------------------------+---------+---------+----------+----------+-----+-----+---------+

        * Loop: 
        +----------+---------+---------+----------+-----------+-----------+--------+----------+
        |          |  Latency (cycles) | Iteration|  Initiation Interval  |  Trip  |          |
        | Loop Name|   min   |   max   |  Latency |  achieved |   target  |  Count | Pipelined|
        +----------+---------+---------+----------+-----------+-----------+--------+----------+
        |- IN_BLK  |      489|     7824|       489|          -|          -|  1 ~ 16|        no|
        +----------+---------+---------+----------+-----------+-----------+--------+----------+



================================================================
== Utilization Estimates
================================================================
* Summary: 
+-----------------+---------+------+--------+--------+-----+
|       Name      | BRAM_18K|  DSP |   FF   |   LUT  | URAM|
+-----------------+---------+------+--------+--------+-----+
|DSP              |        -|     -|       -|       -|    -|
|Expression       |        -|     -|       0|      79|    -|
|FIFO             |        -|     -|       -|       -|    -|
|Instance         |        0|    91|    9459|   27056|    0|
|Memory           |        0|     -|     384|      48|    0|
|Multiplexer      |        -|     -|       -|    1473|    -|
|Register         |        -|     -|      74|       -|    -|
+-----------------+---------+------+--------+--------+-----+
|Total            |        0|    91|    9917|   28656|    0|
+-----------------+---------+------+--------+--------+-----+
|Available        |      288|  1248|  234240|  117120|   64|
+-----------------+---------+------+--------+--------+-----+
|Utilization (%)  |        0|     7|       4|      24|    0|
+-----------------+---------+------+--------+--------+-----+

+ Detail: 
    * Instance: 
    +-----------------------------------+------------------------+---------+----+------+-------+-----+
    |              Instance             |         Module         | BRAM_18K| DSP|  FF  |  LUT  | URAM|
    +-----------------------------------+------------------------+---------+----+------+-------+-----+
    |grp_inv_all_Pipeline_IN_RD_fu_252  |inv_all_Pipeline_IN_RD  |        0|   0|    13|     74|    0|
    |grp_inv_all_Pipeline_IN_WR_fu_406  |inv_all_Pipeline_IN_WR  |        0|   0|     8|     74|    0|
    |grp_inv_ntt_fu_274                 |inv_ntt                 |        0|  91|  9438|  26908|    0|
    +-----------------------------------+------------------------+---------+----+------+-------+-----+
    |Total                              |                        |        0|  91|  9459|  27056|    0|
    +-----------------------------------+------------------------+---------+----+------+-------+-----+

    * DSP: 
    N/A

    * Memory: 
    +--------+---------------------------+---------+----+----+-----+------+-----+------+-------------+
    | Memory |           Module          | BRAM_18K| FF | LUT| URAM| Words| Bits| Banks| W*Bits*Banks|
    +--------+---------------------------+---------+----+----+-----+------+-----+------+-------------+
    |C_U     |fwd_ntt2_tA_RAM_AUTO_1R1W  |        0|  24|   3|    0|    16|   12|     1|          192|
    |C_1_U   |fwd_ntt2_tA_RAM_AUTO_1R1W  |        0|  24|   3|    0|    16|   12|     1|          192|
    |C_2_U   |fwd_ntt2_tA_RAM_AUTO_1R1W  |        0|  24|   3|    0|    16|   12|     1|          192|
    |C_3_U   |fwd_ntt2_tA_RAM_AUTO_1R1W  |        0|  24|   3|    0|    16|   12|     1|          192|
    |C_4_U   |fwd_ntt2_tA_RAM_AUTO_1R1W  |        0|  24|   3|    0|    16|   12|     1|          192|
    |C_5_U   |fwd_ntt2_tA_RAM_AUTO_1R1W  |        0|  24|   3|    0|    16|   12|     1|          192|
    |C_6_U   |fwd_ntt2_tA_RAM_AUTO_1R1W  |        0|  24|   3|    0|    16|   12|     1|          192|
    |C_7_U   |fwd_ntt2_tA_RAM_AUTO_1R1W  |        0|  24|   3|    0|    16|   12|     1|          192|
    |C_8_U   |fwd_ntt2_tA_RAM_AUTO_1R1W  |        0|  24|   3|    0|    16|   12|     1|          192|
    |C_9_U   |fwd_ntt2_tA_RAM_AUTO_1R1W  |        0|  24|   3|    0|    16|   12|     1|          192|
    |C_10_U  |fwd_ntt2_tA_RAM_AUTO_1R1W  |        0|  24|   3|    0|    16|   12|     1|          192|
    |C_11_U  |fwd_ntt2_tA_RAM_AUTO_1R1W  |        0|  24|   3|    0|    16|   12|     1|          192|
    |C_12_U  |fwd_ntt2_tA_RAM_AUTO_1R1W  |        0|  24|   3|    0|    16|   12|     1|          192|
    |C_13_U  |fwd_ntt2_tA_RAM_AUTO_1R1W  |        0|  24|   3|    0|    16|   12|     1|          192|
    |C_14_U  |fwd_ntt2_tA_RAM_AUTO_1R1W  |        0|  24|   3|    0|    16|   12|     1|          192|
    |C_15_U  |fwd_ntt2_tA_RAM_AUTO_1R1W  |        0|  24|   3|    0|    16|   12|     1|          192|
    +--------+---------------------------+---------+----+----+-----+------+-----+------+-------------+
    |Total   |                           |        0| 384|  48|    0|   256|  192|    16|         3072|
    +--------+---------------------------+---------+----+----+-----+------+-----+------+-------------+

    * FIFO: 
    N/A

    * Expression: 
    +----------------------+----------+----+---+----+------------+------------+
    |     Variable Name    | Operation| DSP| FF| LUT| Bitwidth P0| Bitwidth P1|
    +----------------------+----------+----+---+----+------------+------------+
    |add_ln246_fu_445_p2   |         +|   0|  0|  38|          31|           1|
    |icmp_ln246_fu_440_p2  |      icmp|   0|  0|  39|          32|          32|
    |ap_block_state1       |        or|   0|  0|   2|           1|           1|
    +----------------------+----------+----+---+----+------------+------------+
    |Total                 |          |   0|  0|  79|          64|          34|
    +----------------------+----------+----+---+----+------------+------------+

    * Multiplexer: 
    +--------------------+----+-----------+-----+-----------+
    |        Name        | LUT| Input Size| Bits| Total Bits|
    +--------------------+----+-----------+-----+-----------+
    |C_10_address0       |  20|          4|    4|         16|
    |C_10_ce0            |  20|          4|    1|          4|
    |C_10_ce1            |   9|          2|    1|          2|
    |C_10_d0             |  14|          3|   12|         36|
    |C_10_we0            |  14|          3|    1|          3|
    |C_10_we1            |   9|          2|    1|          2|
    |C_11_address0       |  20|          4|    4|         16|
    |C_11_ce0            |  20|          4|    1|          4|
    |C_11_ce1            |   9|          2|    1|          2|
    |C_11_d0             |  14|          3|   12|         36|
    |C_11_we0            |  14|          3|    1|          3|
    |C_11_we1            |   9|          2|    1|          2|
    |C_12_address0       |  20|          4|    4|         16|
    |C_12_ce0            |  20|          4|    1|          4|
    |C_12_ce1            |   9|          2|    1|          2|
    |C_12_d0             |  14|          3|   12|         36|
    |C_12_we0            |  14|          3|    1|          3|
    |C_12_we1            |   9|          2|    1|          2|
    |C_13_address0       |  20|          4|    4|         16|
    |C_13_ce0            |  20|          4|    1|          4|
    |C_13_ce1            |   9|          2|    1|          2|
    |C_13_d0             |  14|          3|   12|         36|
    |C_13_we0            |  14|          3|    1|          3|
    |C_13_we1            |   9|          2|    1|          2|
    |C_14_address0       |  20|          4|    4|         16|
    |C_14_ce0            |  20|          4|    1|          4|
    |C_14_ce1            |   9|          2|    1|          2|
    |C_14_d0             |  14|          3|   12|         36|
    |C_14_we0            |  14|          3|    1|          3|
    |C_14_we1            |   9|          2|    1|          2|
    |C_15_address0       |  20|          4|    4|         16|
    |C_15_ce0            |  20|          4|    1|          4|
    |C_15_ce1            |   9|          2|    1|          2|
    |C_15_d0             |  14|          3|   12|         36|
    |C_15_we0            |  14|          3|    1|          3|
    |C_15_we1            |   9|          2|    1|          2|
    |C_1_address0        |  20|          4|    4|         16|
    |C_1_ce0             |  20|          4|    1|          4|
    |C_1_ce1             |   9|          2|    1|          2|
    |C_1_d0              |  14|          3|   12|         36|
    |C_1_we0             |  14|          3|    1|          3|
    |C_1_we1             |   9|          2|    1|          2|
    |C_2_address0        |  20|          4|    4|         16|
    |C_2_ce0             |  20|          4|    1|          4|
    |C_2_ce1             |   9|          2|    1|          2|
    |C_2_d0              |  14|          3|   12|         36|
    |C_2_we0             |  14|          3|    1|          3|
    |C_2_we1             |   9|          2|    1|          2|
    |C_3_address0        |  20|          4|    4|         16|
    |C_3_ce0             |  20|          4|    1|          4|
    |C_3_ce1             |   9|          2|    1|          2|
    |C_3_d0              |  14|          3|   12|         36|
    |C_3_we0             |  14|          3|    1|          3|
    |C_3_we1             |   9|          2|    1|          2|
    |C_4_address0        |  20|          4|    4|         16|
    |C_4_ce0             |  20|          4|    1|          4|
    |C_4_ce1             |   9|          2|    1|          2|
    |C_4_d0              |  14|          3|   12|         36|
    |C_4_we0             |  14|          3|    1|          3|
    |C_4_we1             |   9|          2|    1|          2|
    |C_5_address0        |  20|          4|    4|         16|
    |C_5_ce0             |  20|          4|    1|          4|
    |C_5_ce1             |   9|          2|    1|          2|
    |C_5_d0              |  14|          3|   12|         36|
    |C_5_we0             |  14|          3|    1|          3|
    |C_5_we1             |   9|          2|    1|          2|
    |C_6_address0        |  20|          4|    4|         16|
    |C_6_ce0             |  20|          4|    1|          4|
    |C_6_ce1             |   9|          2|    1|          2|
    |C_6_d0              |  14|          3|   12|         36|
    |C_6_we0             |  14|          3|    1|          3|
    |C_6_we1             |   9|          2|    1|          2|
    |C_7_address0        |  20|          4|    4|         16|
    |C_7_ce0             |  20|          4|    1|          4|
    |C_7_ce1             |   9|          2|    1|          2|
    |C_7_d0              |  14|          3|   12|         36|
    |C_7_we0             |  14|          3|    1|          3|
    |C_7_we1             |   9|          2|    1|          2|
    |C_8_address0        |  20|          4|    4|         16|
    |C_8_ce0             |  20|          4|    1|          4|
    |C_8_ce1             |   9|          2|    1|          2|
    |C_8_d0              |  14|          3|   12|         36|
    |C_8_we0             |  14|          3|    1|          3|
    |C_8_we1             |   9|          2|    1|          2|
    |C_9_address0        |  20|          4|    4|         16|
    |C_9_ce0             |  20|          4|    1|          4|
    |C_9_ce1             |   9|          2|    1|          2|
    |C_9_d0              |  14|          3|   12|         36|
    |C_9_we0             |  14|          3|    1|          3|
    |C_9_we1             |   9|          2|    1|          2|
    |C_address0          |  20|          4|    4|         16|
    |C_ce0               |  20|          4|    1|          4|
    |C_ce1               |   9|          2|    1|          2|
    |C_d0                |  14|          3|   12|         36|
    |C_we0               |  14|          3|    1|          3|
    |C_we1               |   9|          2|    1|          2|
    |ap_NS_fsm           |  43|          8|    1|          8|
    |ap_done             |   9|          2|    1|          2|
    |batch_blk_n         |   9|          2|    1|          2|
    |batch_size_c_blk_n  |   9|          2|    1|          2|
    |blk_fu_170          |   9|          2|   31|         62|
    |sC0_read            |   9|          2|    1|          2|
    |sC1_write           |   9|          2|    1|          2|
    +--------------------+----+-----------+-----+-----------+
    |Total               |1473|        308|  357|       1088|
    +--------------------+----+-----------+-----+-----------+

    * Register: 
    +------------------------------------------------+----+----+-----+-----------+
    |                      Name                      | FF | LUT| Bits| Const Bits|
    +------------------------------------------------+----+----+-----+-----------+
    |ap_CS_fsm                                       |   7|   0|    7|          0|
    |ap_done_reg                                     |   1|   0|    1|          0|
    |batch_2_reg_463                                 |  32|   0|   32|          0|
    |blk_fu_170                                      |  31|   0|   31|          0|
    |grp_inv_all_Pipeline_IN_RD_fu_252_ap_start_reg  |   1|   0|    1|          0|
    |grp_inv_all_Pipeline_IN_WR_fu_406_ap_start_reg  |   1|   0|    1|          0|
    |grp_inv_ntt_fu_274_ap_start_reg                 |   1|   0|    1|          0|
    +------------------------------------------------+----+----+-----+-----------+
    |Total                                           |  74|   0|   74|          0|
    +------------------------------------------------+----+----+-----+-----------+



================================================================
== Interface
================================================================
* Summary: 
+-----------------------------+-----+-----+------------+--------------+--------------+
|          RTL Ports          | Dir | Bits|  Protocol  | Source Object|    C Type    |
+-----------------------------+-----+-----+------------+--------------+--------------+
|ap_clk                       |   in|    1|  ap_ctrl_hs|       inv_all|  return value|
|ap_rst                       |   in|    1|  ap_ctrl_hs|       inv_all|  return value|
|ap_start                     |   in|    1|  ap_ctrl_hs|       inv_all|  return value|
|ap_done                      |  out|    1|  ap_ctrl_hs|       inv_all|  return value|
|ap_continue                  |   in|    1|  ap_ctrl_hs|       inv_all|  return value|
|ap_idle                      |  out|    1|  ap_ctrl_hs|       inv_all|  return value|
|ap_ready                     |  out|    1|  ap_ctrl_hs|       inv_all|  return value|
|sC0_dout                     |   in|  192|     ap_fifo|           sC0|       pointer|
|sC0_num_data_valid           |   in|    6|     ap_fifo|           sC0|       pointer|
|sC0_fifo_cap                 |   in|    6|     ap_fifo|           sC0|       pointer|
|sC0_empty_n                  |   in|    1|     ap_fifo|           sC0|       pointer|
|sC0_read                     |  out|    1|     ap_fifo|           sC0|       pointer|
|sC1_din                      |  out|  192|     ap_fifo|           sC1|       pointer|
|sC1_num_data_valid           |   in|    6|     ap_fifo|           sC1|       pointer|
|sC1_fifo_cap                 |   in|    6|     ap_fifo|           sC1|       pointer|
|sC1_full_n                   |   in|    1|     ap_fifo|           sC1|       pointer|
|sC1_write                    |  out|    1|     ap_fifo|           sC1|       pointer|
|batch_dout                   |   in|   32|     ap_fifo|         batch|       pointer|
|batch_num_data_valid         |   in|    3|     ap_fifo|         batch|       pointer|
|batch_fifo_cap               |   in|    3|     ap_fifo|         batch|       pointer|
|batch_empty_n                |   in|    1|     ap_fifo|         batch|       pointer|
|batch_read                   |  out|    1|     ap_fifo|         batch|       pointer|
|batch_size_c_din             |  out|   32|     ap_fifo|  batch_size_c|       pointer|
|batch_size_c_num_data_valid  |   in|    3|     ap_fifo|  batch_size_c|       pointer|
|batch_size_c_fifo_cap        |   in|    3|     ap_fifo|  batch_size_c|       pointer|
|batch_size_c_full_n          |   in|    1|     ap_fifo|  batch_size_c|       pointer|
|batch_size_c_write           |  out|    1|     ap_fifo|  batch_size_c|       pointer|
+-----------------------------+-----+-----+------------+--------------+--------------+

