

================================================================
== Vitis HLS Report for 'inv_stage_t_128_s'
================================================================
* Date:           Thu Jun 11 23:16:54 2026

* Version:        2023.2 (Build 4023990 on Oct 11 2023)
* Project:        ntt_kyber
* Solution:       solution1 (Vivado IP Flow Target)
* Product family: zynquplus
* Target device:  xck26-sfvc784-2LV-c


================================================================
== Performance Estimates
================================================================
+ Timing: 
    * Summary: 
    +--------+----------+----------+------------+
    |  Clock |  Target  | Estimated| Uncertainty|
    +--------+----------+----------+------------+
    |ap_clk  |  10.00 ns|  6.397 ns|     2.70 ns|
    +--------+----------+----------+------------+

+ Latency: 
    * Summary: 
    +---------+---------+----------+----------+-----+-----+---------+
    |  Latency (cycles) |  Latency (absolute) |  Interval | Pipeline|
    |   min   |   max   |    min   |    max   | min | max |   Type  |
    +---------+---------+----------+----------+-----+-----+---------+
    |       22|       22|  0.220 us|  0.220 us|   22|   22|       no|
    +---------+---------+----------+----------+-----+-----+---------+

    + Detail: 
        * Instance: 
        N/A

        * Loop: 
        +----------+---------+---------+----------+-----------+-----------+------+----------+
        |          |  Latency (cycles) | Iteration|  Initiation Interval  | Trip |          |
        | Loop Name|   min   |   max   |  Latency |  achieved |   target  | Count| Pipelined|
        +----------+---------+---------+----------+-----------+-----------+------+----------+
        |- INV_BF  |       20|       20|         6|          1|          1|    16|       yes|
        +----------+---------+---------+----------+-----------+-----------+------+----------+



================================================================
== Utilization Estimates
================================================================
* Summary: 
+-----------------+---------+------+--------+--------+-----+
|       Name      | BRAM_18K|  DSP |   FF   |   LUT  | URAM|
+-----------------+---------+------+--------+--------+-----+
|DSP              |        -|     8|       -|       -|    -|
|Expression       |        -|     -|       0|    2031|    -|
|FIFO             |        -|     -|       -|       -|    -|
|Instance         |        -|     -|       -|       -|    -|
|Memory           |        0|     -|     208|      52|    -|
|Multiplexer      |        -|     -|       -|      36|    -|
|Register         |        -|     -|    1558|     544|    -|
+-----------------+---------+------+--------+--------+-----+
|Total            |        0|     8|    1766|    2663|    0|
+-----------------+---------+------+--------+--------+-----+
|Available        |      288|  1248|  234240|  117120|   64|
+-----------------+---------+------+--------+--------+-----+
|Utilization (%)  |        0|    ~0|      ~0|       2|    0|
+-----------------+---------+------+--------+--------+-----+

+ Detail: 
    * Instance: 
    N/A

    * DSP: 
    +---------------------------------------+---------------------------------+--------------+
    |                Instance               |              Module             |  Expression  |
    +---------------------------------------+---------------------------------+--------------+
    |mac_mul_sub_14s_11ns_32s_32_3_1_U1543  |mac_mul_sub_14s_11ns_32s_32_3_1  |  i0 * i1 - i2|
    |mac_mul_sub_14s_11ns_32s_32_3_1_U1544  |mac_mul_sub_14s_11ns_32s_32_3_1  |  i0 * i1 - i2|
    |mac_mul_sub_14s_11ns_32s_32_3_1_U1545  |mac_mul_sub_14s_11ns_32s_32_3_1  |  i0 * i1 - i2|
    |mac_mul_sub_14s_11ns_32s_32_3_1_U1546  |mac_mul_sub_14s_11ns_32s_32_3_1  |  i0 * i1 - i2|
    |mac_mul_sub_14s_11ns_32s_32_3_1_U1547  |mac_mul_sub_14s_11ns_32s_32_3_1  |  i0 * i1 - i2|
    |mac_mul_sub_14s_11ns_32s_32_3_1_U1548  |mac_mul_sub_14s_11ns_32s_32_3_1  |  i0 * i1 - i2|
    |mac_mul_sub_14s_11ns_32s_32_3_1_U1549  |mac_mul_sub_14s_11ns_32s_32_3_1  |  i0 * i1 - i2|
    |mac_mul_sub_14s_11ns_32s_32_3_1_U1550  |mac_mul_sub_14s_11ns_32s_32_3_1  |  i0 * i1 - i2|
    +---------------------------------------+---------------------------------+--------------+

    * Memory: 
    +-------------------+------------------------------------------------+---------+----+----+-----+------+-----+------+-------------+
    |       Memory      |                     Module                     | BRAM_18K| FF | LUT| URAM| Words| Bits| Banks| W*Bits*Banks|
    +-------------------+------------------------------------------------+---------+----+----+-----+------+-----+------+-------------+
    |p_ZL5INV_W_0_6_U   |fwd_stage2_t_128_s_p_ZL5FWD_W_0_0_ROM_AUTO_1R   |        0|  20|   5|    0|    32|   10|     1|          320|
    |p_ZL5INV_W_1_6_U   |fwd_stage2_t_128_s_p_ZL5FWD_W_0_0_ROM_AUTO_1R   |        0|  20|   5|    0|    32|   10|     1|          320|
    |p_ZL5INV_W_2_6_U   |fwd_stage2_t_128_s_p_ZL5FWD_W_0_0_ROM_AUTO_1R   |        0|  20|   5|    0|    32|   10|     1|          320|
    |p_ZL5INV_W_3_6_U   |fwd_stage2_t_128_s_p_ZL5FWD_W_0_0_ROM_AUTO_1R   |        0|  20|   5|    0|    32|   10|     1|          320|
    |p_ZL6INV_MW_0_6_U  |fwd_stage2_t_128_s_p_ZL6FWD_MW_0_0_ROM_AUTO_1R  |        0|  32|   8|    0|    32|   16|     1|          512|
    |p_ZL6INV_MW_1_6_U  |fwd_stage2_t_128_s_p_ZL6FWD_MW_0_0_ROM_AUTO_1R  |        0|  32|   8|    0|    32|   16|     1|          512|
    |p_ZL6INV_MW_2_6_U  |fwd_stage2_t_128_s_p_ZL6FWD_MW_0_0_ROM_AUTO_1R  |        0|  32|   8|    0|    32|   16|     1|          512|
    |p_ZL6INV_MW_3_6_U  |fwd_stage2_t_128_s_p_ZL6FWD_MW_0_0_ROM_AUTO_1R  |        0|  32|   8|    0|    32|   16|     1|          512|
    +-------------------+------------------------------------------------+---------+----+----+-----+------+-----+------+-------------+
    |Total              |                                                |        0| 208|  52|    0|   256|  104|     8|         3328|
    +-------------------+------------------------------------------------+---------+----+----+-----+------+-----+------+-------------+

    * FIFO: 
    N/A

    * Expression: 
    +---------------------------+----------+----+---+----+------------+------------+
    |       Variable Name       | Operation| DSP| FF| LUT| Bitwidth P0| Bitwidth P1|
    +---------------------------+----------+----+---+----+------------+------------+
    |add_ln107_1_fu_1306_p2     |         +|   0|  0|  15|           8|           8|
    |add_ln107_2_fu_1312_p2     |         +|   0|  0|  15|           8|           8|
    |add_ln107_3_fu_1318_p2     |         +|   0|  0|  15|           8|           8|
    |add_ln107_4_fu_1324_p2     |         +|   0|  0|  15|           8|           8|
    |add_ln107_5_fu_1330_p2     |         +|   0|  0|  15|           8|           8|
    |add_ln107_6_fu_1336_p2     |         +|   0|  0|  15|           8|           8|
    |add_ln107_7_fu_1526_p2     |         +|   0|  0|  15|           8|           4|
    |add_ln107_fu_1282_p2       |         +|   0|  0|  15|           8|           8|
    |add_ln44_43_fu_2601_p2     |         +|   0|  0|  19|          12|          10|
    |add_ln44_44_fu_2625_p2     |         +|   0|  0|  19|          12|          10|
    |add_ln44_45_fu_2649_p2     |         +|   0|  0|  19|          12|          10|
    |add_ln44_46_fu_2673_p2     |         +|   0|  0|  19|          12|          10|
    |add_ln44_47_fu_2697_p2     |         +|   0|  0|  19|          12|          10|
    |add_ln44_48_fu_2721_p2     |         +|   0|  0|  19|          12|          10|
    |add_ln44_49_fu_2745_p2     |         +|   0|  0|  19|          12|          10|
    |add_ln44_fu_2577_p2        |         +|   0|  0|  19|          12|          10|
    |add_ln48_86_fu_1717_p2     |         +|   0|  0|  19|          12|          10|
    |add_ln48_88_fu_1820_p2     |         +|   0|  0|  19|          12|          10|
    |add_ln48_90_fu_1923_p2     |         +|   0|  0|  19|          12|          10|
    |add_ln48_92_fu_2026_p2     |         +|   0|  0|  19|          12|          10|
    |add_ln48_94_fu_2129_p2     |         +|   0|  0|  19|          12|          10|
    |add_ln48_96_fu_2232_p2     |         +|   0|  0|  19|          12|          10|
    |add_ln48_98_fu_2335_p2     |         +|   0|  0|  19|          12|          10|
    |add_ln48_fu_1579_p2        |         +|   0|  0|  19|          12|          10|
    |add_ln52_43_fu_1745_p2     |         +|   0|  0|  20|          13|          12|
    |add_ln52_44_fu_1848_p2     |         +|   0|  0|  20|          13|          12|
    |add_ln52_45_fu_1951_p2     |         +|   0|  0|  20|          13|          12|
    |add_ln52_46_fu_2054_p2     |         +|   0|  0|  20|          13|          12|
    |add_ln52_47_fu_2157_p2     |         +|   0|  0|  20|          13|          12|
    |add_ln52_48_fu_2260_p2     |         +|   0|  0|  20|          13|          12|
    |add_ln52_49_fu_2363_p2     |         +|   0|  0|  20|          13|          12|
    |add_ln52_fu_1607_p2        |         +|   0|  0|  20|          13|          12|
    |s_85_fu_2319_p2            |         +|   0|  0|  20|          13|          13|
    |s_86_fu_1701_p2            |         +|   0|  0|  20|          13|          13|
    |s_87_fu_1804_p2            |         +|   0|  0|  20|          13|          13|
    |s_88_fu_1907_p2            |         +|   0|  0|  20|          13|          13|
    |s_89_fu_2010_p2            |         +|   0|  0|  20|          13|          13|
    |s_90_fu_2113_p2            |         +|   0|  0|  20|          13|          13|
    |s_91_fu_2216_p2            |         +|   0|  0|  20|          13|          13|
    |s_fu_1563_p2               |         +|   0|  0|  20|          13|          13|
    |sub_ln52_43_fu_1763_p2     |         -|   0|  0|  21|          14|          14|
    |sub_ln52_44_fu_1866_p2     |         -|   0|  0|  21|          14|          14|
    |sub_ln52_45_fu_1969_p2     |         -|   0|  0|  21|          14|          14|
    |sub_ln52_46_fu_2072_p2     |         -|   0|  0|  21|          14|          14|
    |sub_ln52_47_fu_2175_p2     |         -|   0|  0|  21|          14|          14|
    |sub_ln52_48_fu_2278_p2     |         -|   0|  0|  21|          14|          14|
    |sub_ln52_49_fu_2381_p2     |         -|   0|  0|  21|          14|          14|
    |sub_ln52_fu_1625_p2        |         -|   0|  0|  21|          14|          14|
    |icmp_ln116_fu_1388_p2      |      icmp|   0|  0|  12|           4|           1|
    |icmp_ln118_fu_1520_p2      |      icmp|   0|  0|  12|           4|           1|
    |icmp_ln44_43_fu_2593_p2    |      icmp|   0|  0|  39|          32|          12|
    |icmp_ln44_44_fu_2617_p2    |      icmp|   0|  0|  39|          32|          12|
    |icmp_ln44_45_fu_2641_p2    |      icmp|   0|  0|  39|          32|          12|
    |icmp_ln44_46_fu_2665_p2    |      icmp|   0|  0|  39|          32|          12|
    |icmp_ln44_47_fu_2689_p2    |      icmp|   0|  0|  39|          32|          12|
    |icmp_ln44_48_fu_2713_p2    |      icmp|   0|  0|  39|          32|          12|
    |icmp_ln44_49_fu_2737_p2    |      icmp|   0|  0|  39|          32|          12|
    |icmp_ln44_fu_2569_p2       |      icmp|   0|  0|  39|          32|          12|
    |icmp_ln48_43_fu_1707_p2    |      icmp|   0|  0|  20|          13|          12|
    |icmp_ln48_44_fu_1810_p2    |      icmp|   0|  0|  20|          13|          12|
    |icmp_ln48_45_fu_1913_p2    |      icmp|   0|  0|  20|          13|          12|
    |icmp_ln48_46_fu_2016_p2    |      icmp|   0|  0|  20|          13|          12|
    |icmp_ln48_47_fu_2119_p2    |      icmp|   0|  0|  20|          13|          12|
    |icmp_ln48_48_fu_2222_p2    |      icmp|   0|  0|  20|          13|          12|
    |icmp_ln48_49_fu_2325_p2    |      icmp|   0|  0|  20|          13|          12|
    |icmp_ln48_fu_1569_p2       |      icmp|   0|  0|  20|          13|          12|
    |icmp_ln52_43_fu_1733_p2    |      icmp|   0|  0|  19|          12|          12|
    |icmp_ln52_44_fu_1836_p2    |      icmp|   0|  0|  19|          12|          12|
    |icmp_ln52_45_fu_1939_p2    |      icmp|   0|  0|  19|          12|          12|
    |icmp_ln52_46_fu_2042_p2    |      icmp|   0|  0|  19|          12|          12|
    |icmp_ln52_47_fu_2145_p2    |      icmp|   0|  0|  19|          12|          12|
    |icmp_ln52_48_fu_2248_p2    |      icmp|   0|  0|  19|          12|          12|
    |icmp_ln52_49_fu_2351_p2    |      icmp|   0|  0|  19|          12|          12|
    |icmp_ln52_fu_1595_p2       |      icmp|   0|  0|  19|          12|          12|
    |or_ln107_fu_1288_p2        |        or|   0|  0|   5|           5|           1|
    |select_ln44_43_fu_2607_p3  |    select|   0|  0|  11|           1|          12|
    |select_ln44_44_fu_2631_p3  |    select|   0|  0|  11|           1|          12|
    |select_ln44_45_fu_2655_p3  |    select|   0|  0|  11|           1|          12|
    |select_ln44_46_fu_2679_p3  |    select|   0|  0|  11|           1|          12|
    |select_ln44_47_fu_2703_p3  |    select|   0|  0|  11|           1|          12|
    |select_ln44_48_fu_2727_p3  |    select|   0|  0|  11|           1|          12|
    |select_ln44_49_fu_2751_p3  |    select|   0|  0|  11|           1|          12|
    |select_ln44_fu_2583_p3     |    select|   0|  0|  11|           1|          12|
    |select_ln48_43_fu_1723_p3  |    select|   0|  0|  11|           1|          12|
    |select_ln48_44_fu_1826_p3  |    select|   0|  0|  11|           1|          12|
    |select_ln48_45_fu_1929_p3  |    select|   0|  0|  11|           1|          12|
    |select_ln48_46_fu_2032_p3  |    select|   0|  0|  11|           1|          12|
    |select_ln48_47_fu_2135_p3  |    select|   0|  0|  11|           1|          12|
    |select_ln48_48_fu_2238_p3  |    select|   0|  0|  11|           1|          12|
    |select_ln48_49_fu_2341_p3  |    select|   0|  0|  11|           1|          12|
    |select_ln48_fu_1585_p3     |    select|   0|  0|  11|           1|          12|
    |select_ln52_43_fu_1751_p3  |    select|   0|  0|  12|           1|          13|
    |select_ln52_44_fu_1854_p3  |    select|   0|  0|  12|           1|          13|
    |select_ln52_45_fu_1957_p3  |    select|   0|  0|  12|           1|          13|
    |select_ln52_46_fu_2060_p3  |    select|   0|  0|  12|           1|          13|
    |select_ln52_47_fu_2163_p3  |    select|   0|  0|  12|           1|          13|
    |select_ln52_48_fu_2266_p3  |    select|   0|  0|  12|           1|          13|
    |select_ln52_49_fu_2369_p3  |    select|   0|  0|  12|           1|          13|
    |select_ln52_fu_1613_p3     |    select|   0|  0|  12|           1|          13|
    |t_57_fu_1675_p3            |    select|   0|  0|  11|           1|          12|
    |t_58_fu_1778_p3            |    select|   0|  0|  11|           1|          12|
    |t_59_fu_1881_p3            |    select|   0|  0|  11|           1|          12|
    |t_60_fu_1984_p3            |    select|   0|  0|  11|           1|          12|
    |t_61_fu_2087_p3            |    select|   0|  0|  11|           1|          12|
    |t_62_fu_2190_p3            |    select|   0|  0|  11|           1|          12|
    |t_63_fu_2293_p3            |    select|   0|  0|  11|           1|          12|
    |t_fu_1537_p3               |    select|   0|  0|  11|           1|          12|
    |v_56_fu_2308_p3            |    select|   0|  0|  11|           1|          12|
    |v_57_fu_1690_p3            |    select|   0|  0|  11|           1|          12|
    |v_58_fu_1793_p3            |    select|   0|  0|  11|           1|          12|
    |v_59_fu_1896_p3            |    select|   0|  0|  11|           1|          12|
    |v_60_fu_1999_p3            |    select|   0|  0|  11|           1|          12|
    |v_61_fu_2102_p3            |    select|   0|  0|  11|           1|          12|
    |v_62_fu_2205_p3            |    select|   0|  0|  11|           1|          12|
    |v_fu_1552_p3               |    select|   0|  0|  11|           1|          12|
    |ap_enable_pp0              |       xor|   0|  0|   2|           1|           2|
    |xor_ln52_43_fu_1739_p2     |       xor|   0|  0|   2|           1|           2|
    |xor_ln52_44_fu_1842_p2     |       xor|   0|  0|   2|           1|           2|
    |xor_ln52_45_fu_1945_p2     |       xor|   0|  0|   2|           1|           2|
    |xor_ln52_46_fu_2048_p2     |       xor|   0|  0|   2|           1|           2|
    |xor_ln52_47_fu_2151_p2     |       xor|   0|  0|   2|           1|           2|
    |xor_ln52_48_fu_2254_p2     |       xor|   0|  0|   2|           1|           2|
    |xor_ln52_49_fu_2357_p2     |       xor|   0|  0|   2|           1|           2|
    |xor_ln52_fu_1601_p2        |       xor|   0|  0|   2|           1|           2|
    +---------------------------+----------+----+---+----+------------+------------+
    |Total                      |          |   0|  0|2031|        1094|        1329|
    +---------------------------+----------+----+---+----+------------+------------+

    * Multiplexer: 
    +-------------------------+----+-----------+-----+-----------+
    |           Name          | LUT| Input Size| Bits| Total Bits|
    +-------------------------+----+-----------+-----+-----------+
    |ap_done_int              |   9|          2|    1|          2|
    |ap_enable_reg_pp0_iter1  |   9|          2|    1|          2|
    |ap_sig_allocacmp_m       |   9|          2|    8|         16|
    |j1_fu_180                |   9|          2|    8|         16|
    +-------------------------+----+-----------+-----+-----------+
    |Total                    |  36|          8|   18|         36|
    +-------------------------+----+-----------+-----+-----------+

    * Register: 
    +----------------------------------------------+----+----+-----+-----------+
    |                     Name                     | FF | LUT| Bits| Const Bits|
    +----------------------------------------------+----+----+-----+-----------+
    |ap_CS_fsm                                     |   1|   0|    1|          0|
    |ap_done_reg                                   |   1|   0|    1|          0|
    |ap_enable_reg_pp0_iter1                       |   1|   0|    1|          0|
    |ap_enable_reg_pp0_iter2                       |   1|   0|    1|          0|
    |ap_enable_reg_pp0_iter3                       |   1|   0|    1|          0|
    |ap_enable_reg_pp0_iter4                       |   1|   0|    1|          0|
    |ap_enable_reg_pp0_iter5                       |   1|   0|    1|          0|
    |ap_loop_exit_ready_pp0_iter1_reg              |   1|   0|    1|          0|
    |ap_loop_exit_ready_pp0_iter2_reg              |   1|   0|    1|          0|
    |ap_loop_exit_ready_pp0_iter3_reg              |   1|   0|    1|          0|
    |ap_loop_exit_ready_pp0_iter4_reg              |   1|   0|    1|          0|
    |dst_0_addr_4_reg_2922                         |   3|   0|    4|          1|
    |dst_10_addr_4_reg_3007                        |   4|   0|    4|          0|
    |dst_11_addr_4_reg_3047                        |   4|   0|    4|          0|
    |dst_12_addr_4_reg_3087                        |   4|   0|    4|          0|
    |dst_13_addr_4_reg_3127                        |   4|   0|    4|          0|
    |dst_14_addr_4_reg_3167                        |   4|   0|    4|          0|
    |dst_15_addr_4_reg_3207                        |   4|   0|    4|          0|
    |dst_1_addr_4_reg_2962                         |   4|   0|    4|          0|
    |dst_2_addr_4_reg_3002                         |   4|   0|    4|          0|
    |dst_3_addr_4_reg_3042                         |   4|   0|    4|          0|
    |dst_4_addr_4_reg_3082                         |   4|   0|    4|          0|
    |dst_5_addr_4_reg_3122                         |   4|   0|    4|          0|
    |dst_6_addr_4_reg_3162                         |   4|   0|    4|          0|
    |dst_7_addr_4_reg_3202                         |   4|   0|    4|          0|
    |dst_8_addr_4_reg_2927                         |   3|   0|    4|          1|
    |dst_9_addr_4_reg_2967                         |   4|   0|    4|          0|
    |icmp_ln116_reg_2882                           |   1|   0|    1|          0|
    |icmp_ln118_reg_3212                           |   1|   0|    1|          0|
    |j1_fu_180                                     |   8|   0|    8|          0|
    |p_ZL5INV_W_0_6_load_1_reg_3266                |  10|   0|   10|          0|
    |p_ZL5INV_W_0_6_load_1_reg_3266_pp0_iter2_reg  |  10|   0|   10|          0|
    |p_ZL5INV_W_0_6_load_reg_3221                  |  10|   0|   10|          0|
    |p_ZL5INV_W_0_6_load_reg_3221_pp0_iter2_reg    |  10|   0|   10|          0|
    |p_ZL5INV_W_1_6_load_1_reg_3276                |  10|   0|   10|          0|
    |p_ZL5INV_W_1_6_load_1_reg_3276_pp0_iter2_reg  |  10|   0|   10|          0|
    |p_ZL5INV_W_1_6_load_reg_3236                  |  10|   0|   10|          0|
    |p_ZL5INV_W_1_6_load_reg_3236_pp0_iter2_reg    |  10|   0|   10|          0|
    |p_ZL5INV_W_2_6_load_1_reg_3286                |  10|   0|   10|          0|
    |p_ZL5INV_W_2_6_load_1_reg_3286_pp0_iter2_reg  |  10|   0|   10|          0|
    |p_ZL5INV_W_2_6_load_reg_3246                  |  10|   0|   10|          0|
    |p_ZL5INV_W_2_6_load_reg_3246_pp0_iter2_reg    |  10|   0|   10|          0|
    |p_ZL5INV_W_3_6_load_1_reg_3361                |  10|   0|   10|          0|
    |p_ZL5INV_W_3_6_load_1_reg_3361_pp0_iter2_reg  |  10|   0|   10|          0|
    |p_ZL5INV_W_3_6_load_reg_3256                  |  10|   0|   10|          0|
    |p_ZL5INV_W_3_6_load_reg_3256_pp0_iter2_reg    |  10|   0|   10|          0|
    |sub_ln52_43_reg_3296                          |  14|   0|   14|          0|
    |sub_ln52_43_reg_3296_pp0_iter2_reg            |  14|   0|   14|          0|
    |sub_ln52_44_reg_3306                          |  14|   0|   14|          0|
    |sub_ln52_44_reg_3306_pp0_iter2_reg            |  14|   0|   14|          0|
    |sub_ln52_45_reg_3316                          |  14|   0|   14|          0|
    |sub_ln52_45_reg_3316_pp0_iter2_reg            |  14|   0|   14|          0|
    |sub_ln52_46_reg_3326                          |  14|   0|   14|          0|
    |sub_ln52_46_reg_3326_pp0_iter2_reg            |  14|   0|   14|          0|
    |sub_ln52_47_reg_3336                          |  14|   0|   14|          0|
    |sub_ln52_47_reg_3336_pp0_iter2_reg            |  14|   0|   14|          0|
    |sub_ln52_48_reg_3346                          |  14|   0|   14|          0|
    |sub_ln52_48_reg_3346_pp0_iter2_reg            |  14|   0|   14|          0|
    |sub_ln52_49_reg_3356                          |  14|   0|   14|          0|
    |sub_ln52_49_reg_3356_pp0_iter2_reg            |  14|   0|   14|          0|
    |sub_ln52_reg_3216                             |  14|   0|   14|          0|
    |sub_ln52_reg_3216_pp0_iter2_reg               |  14|   0|   14|          0|
    |zext_ln107_2_reg_2852                         |   3|   0|   64|         61|
    |dst_0_addr_4_reg_2922                         |  64|  32|    4|          1|
    |dst_10_addr_4_reg_3007                        |  64|  32|    4|          0|
    |dst_11_addr_4_reg_3047                        |  64|  32|    4|          0|
    |dst_12_addr_4_reg_3087                        |  64|  32|    4|          0|
    |dst_13_addr_4_reg_3127                        |  64|  32|    4|          0|
    |dst_14_addr_4_reg_3167                        |  64|  32|    4|          0|
    |dst_15_addr_4_reg_3207                        |  64|  32|    4|          0|
    |dst_1_addr_4_reg_2962                         |  64|  32|    4|          0|
    |dst_2_addr_4_reg_3002                         |  64|  32|    4|          0|
    |dst_3_addr_4_reg_3042                         |  64|  32|    4|          0|
    |dst_4_addr_4_reg_3082                         |  64|  32|    4|          0|
    |dst_5_addr_4_reg_3122                         |  64|  32|    4|          0|
    |dst_6_addr_4_reg_3162                         |  64|  32|    4|          0|
    |dst_7_addr_4_reg_3202                         |  64|  32|    4|          0|
    |dst_8_addr_4_reg_2927                         |  64|  32|    4|          1|
    |dst_9_addr_4_reg_2967                         |  64|  32|    4|          0|
    |icmp_ln118_reg_3212                           |  64|  32|    1|          0|
    +----------------------------------------------+----+----+-----+-----------+
    |Total                                         |1558| 544|  598|         65|
    +----------------------------------------------+----+----+-----+-----------+



================================================================
== Interface
================================================================
* Summary: 
+---------------------+-----+-----+------------+------------------+--------------+
|      RTL Ports      | Dir | Bits|  Protocol  |   Source Object  |    C Type    |
+---------------------+-----+-----+------------+------------------+--------------+
|ap_clk               |   in|    1|  ap_ctrl_hs|  inv_stage_t<128>|  return value|
|ap_rst               |   in|    1|  ap_ctrl_hs|  inv_stage_t<128>|  return value|
|ap_start             |   in|    1|  ap_ctrl_hs|  inv_stage_t<128>|  return value|
|ap_done              |  out|    1|  ap_ctrl_hs|  inv_stage_t<128>|  return value|
|ap_idle              |  out|    1|  ap_ctrl_hs|  inv_stage_t<128>|  return value|
|ap_ready             |  out|    1|  ap_ctrl_hs|  inv_stage_t<128>|  return value|
|grp_fu_1570_p_din0   |  out|   32|  ap_ctrl_hs|  inv_stage_t<128>|  return value|
|grp_fu_1570_p_din1   |  out|   16|  ap_ctrl_hs|  inv_stage_t<128>|  return value|
|grp_fu_1570_p_dout0  |   in|   48|  ap_ctrl_hs|  inv_stage_t<128>|  return value|
|grp_fu_1570_p_ce     |  out|    1|  ap_ctrl_hs|  inv_stage_t<128>|  return value|
|grp_fu_1574_p_din0   |  out|   32|  ap_ctrl_hs|  inv_stage_t<128>|  return value|
|grp_fu_1574_p_din1   |  out|   16|  ap_ctrl_hs|  inv_stage_t<128>|  return value|
|grp_fu_1574_p_dout0  |   in|   48|  ap_ctrl_hs|  inv_stage_t<128>|  return value|
|grp_fu_1574_p_ce     |  out|    1|  ap_ctrl_hs|  inv_stage_t<128>|  return value|
|grp_fu_1578_p_din0   |  out|   32|  ap_ctrl_hs|  inv_stage_t<128>|  return value|
|grp_fu_1578_p_din1   |  out|   16|  ap_ctrl_hs|  inv_stage_t<128>|  return value|
|grp_fu_1578_p_dout0  |   in|   48|  ap_ctrl_hs|  inv_stage_t<128>|  return value|
|grp_fu_1578_p_ce     |  out|    1|  ap_ctrl_hs|  inv_stage_t<128>|  return value|
|grp_fu_1582_p_din0   |  out|   32|  ap_ctrl_hs|  inv_stage_t<128>|  return value|
|grp_fu_1582_p_din1   |  out|   16|  ap_ctrl_hs|  inv_stage_t<128>|  return value|
|grp_fu_1582_p_dout0  |   in|   48|  ap_ctrl_hs|  inv_stage_t<128>|  return value|
|grp_fu_1582_p_ce     |  out|    1|  ap_ctrl_hs|  inv_stage_t<128>|  return value|
|grp_fu_1586_p_din0   |  out|   32|  ap_ctrl_hs|  inv_stage_t<128>|  return value|
|grp_fu_1586_p_din1   |  out|   16|  ap_ctrl_hs|  inv_stage_t<128>|  return value|
|grp_fu_1586_p_dout0  |   in|   48|  ap_ctrl_hs|  inv_stage_t<128>|  return value|
|grp_fu_1586_p_ce     |  out|    1|  ap_ctrl_hs|  inv_stage_t<128>|  return value|
|grp_fu_1590_p_din0   |  out|   32|  ap_ctrl_hs|  inv_stage_t<128>|  return value|
|grp_fu_1590_p_din1   |  out|   16|  ap_ctrl_hs|  inv_stage_t<128>|  return value|
|grp_fu_1590_p_dout0  |   in|   48|  ap_ctrl_hs|  inv_stage_t<128>|  return value|
|grp_fu_1590_p_ce     |  out|    1|  ap_ctrl_hs|  inv_stage_t<128>|  return value|
|grp_fu_1594_p_din0   |  out|   32|  ap_ctrl_hs|  inv_stage_t<128>|  return value|
|grp_fu_1594_p_din1   |  out|   16|  ap_ctrl_hs|  inv_stage_t<128>|  return value|
|grp_fu_1594_p_dout0  |   in|   48|  ap_ctrl_hs|  inv_stage_t<128>|  return value|
|grp_fu_1594_p_ce     |  out|    1|  ap_ctrl_hs|  inv_stage_t<128>|  return value|
|grp_fu_1598_p_din0   |  out|   32|  ap_ctrl_hs|  inv_stage_t<128>|  return value|
|grp_fu_1598_p_din1   |  out|   16|  ap_ctrl_hs|  inv_stage_t<128>|  return value|
|grp_fu_1598_p_dout0  |   in|   48|  ap_ctrl_hs|  inv_stage_t<128>|  return value|
|grp_fu_1598_p_ce     |  out|    1|  ap_ctrl_hs|  inv_stage_t<128>|  return value|
|grp_fu_1602_p_din0   |  out|   32|  ap_ctrl_hs|  inv_stage_t<128>|  return value|
|grp_fu_1602_p_din1   |  out|   13|  ap_ctrl_hs|  inv_stage_t<128>|  return value|
|grp_fu_1602_p_dout0  |   in|   32|  ap_ctrl_hs|  inv_stage_t<128>|  return value|
|grp_fu_1602_p_ce     |  out|    1|  ap_ctrl_hs|  inv_stage_t<128>|  return value|
|grp_fu_1606_p_din0   |  out|   32|  ap_ctrl_hs|  inv_stage_t<128>|  return value|
|grp_fu_1606_p_din1   |  out|   13|  ap_ctrl_hs|  inv_stage_t<128>|  return value|
|grp_fu_1606_p_dout0  |   in|   32|  ap_ctrl_hs|  inv_stage_t<128>|  return value|
|grp_fu_1606_p_ce     |  out|    1|  ap_ctrl_hs|  inv_stage_t<128>|  return value|
|grp_fu_1610_p_din0   |  out|   32|  ap_ctrl_hs|  inv_stage_t<128>|  return value|
|grp_fu_1610_p_din1   |  out|   13|  ap_ctrl_hs|  inv_stage_t<128>|  return value|
|grp_fu_1610_p_dout0  |   in|   32|  ap_ctrl_hs|  inv_stage_t<128>|  return value|
|grp_fu_1610_p_ce     |  out|    1|  ap_ctrl_hs|  inv_stage_t<128>|  return value|
|grp_fu_1614_p_din0   |  out|   32|  ap_ctrl_hs|  inv_stage_t<128>|  return value|
|grp_fu_1614_p_din1   |  out|   13|  ap_ctrl_hs|  inv_stage_t<128>|  return value|
|grp_fu_1614_p_dout0  |   in|   32|  ap_ctrl_hs|  inv_stage_t<128>|  return value|
|grp_fu_1614_p_ce     |  out|    1|  ap_ctrl_hs|  inv_stage_t<128>|  return value|
|grp_fu_1618_p_din0   |  out|   32|  ap_ctrl_hs|  inv_stage_t<128>|  return value|
|grp_fu_1618_p_din1   |  out|   13|  ap_ctrl_hs|  inv_stage_t<128>|  return value|
|grp_fu_1618_p_dout0  |   in|   32|  ap_ctrl_hs|  inv_stage_t<128>|  return value|
|grp_fu_1618_p_ce     |  out|    1|  ap_ctrl_hs|  inv_stage_t<128>|  return value|
|grp_fu_1622_p_din0   |  out|   32|  ap_ctrl_hs|  inv_stage_t<128>|  return value|
|grp_fu_1622_p_din1   |  out|   13|  ap_ctrl_hs|  inv_stage_t<128>|  return value|
|grp_fu_1622_p_dout0  |   in|   32|  ap_ctrl_hs|  inv_stage_t<128>|  return value|
|grp_fu_1622_p_ce     |  out|    1|  ap_ctrl_hs|  inv_stage_t<128>|  return value|
|grp_fu_1626_p_din0   |  out|   32|  ap_ctrl_hs|  inv_stage_t<128>|  return value|
|grp_fu_1626_p_din1   |  out|   13|  ap_ctrl_hs|  inv_stage_t<128>|  return value|
|grp_fu_1626_p_dout0  |   in|   32|  ap_ctrl_hs|  inv_stage_t<128>|  return value|
|grp_fu_1626_p_ce     |  out|    1|  ap_ctrl_hs|  inv_stage_t<128>|  return value|
|grp_fu_1630_p_din0   |  out|   32|  ap_ctrl_hs|  inv_stage_t<128>|  return value|
|grp_fu_1630_p_din1   |  out|   13|  ap_ctrl_hs|  inv_stage_t<128>|  return value|
|grp_fu_1630_p_dout0  |   in|   32|  ap_ctrl_hs|  inv_stage_t<128>|  return value|
|grp_fu_1630_p_ce     |  out|    1|  ap_ctrl_hs|  inv_stage_t<128>|  return value|
|src_0_address0       |  out|    4|   ap_memory|             src_0|         array|
|src_0_ce0            |  out|    1|   ap_memory|             src_0|         array|
|src_0_q0             |   in|   12|   ap_memory|             src_0|         array|
|src_0_address1       |  out|    4|   ap_memory|             src_0|         array|
|src_0_ce1            |  out|    1|   ap_memory|             src_0|         array|
|src_0_q1             |   in|   12|   ap_memory|             src_0|         array|
|src_1_address0       |  out|    4|   ap_memory|             src_1|         array|
|src_1_ce0            |  out|    1|   ap_memory|             src_1|         array|
|src_1_q0             |   in|   12|   ap_memory|             src_1|         array|
|src_1_address1       |  out|    4|   ap_memory|             src_1|         array|
|src_1_ce1            |  out|    1|   ap_memory|             src_1|         array|
|src_1_q1             |   in|   12|   ap_memory|             src_1|         array|
|src_2_address0       |  out|    4|   ap_memory|             src_2|         array|
|src_2_ce0            |  out|    1|   ap_memory|             src_2|         array|
|src_2_q0             |   in|   12|   ap_memory|             src_2|         array|
|src_2_address1       |  out|    4|   ap_memory|             src_2|         array|
|src_2_ce1            |  out|    1|   ap_memory|             src_2|         array|
|src_2_q1             |   in|   12|   ap_memory|             src_2|         array|
|src_3_address0       |  out|    4|   ap_memory|             src_3|         array|
|src_3_ce0            |  out|    1|   ap_memory|             src_3|         array|
|src_3_q0             |   in|   12|   ap_memory|             src_3|         array|
|src_3_address1       |  out|    4|   ap_memory|             src_3|         array|
|src_3_ce1            |  out|    1|   ap_memory|             src_3|         array|
|src_3_q1             |   in|   12|   ap_memory|             src_3|         array|
|src_4_address0       |  out|    4|   ap_memory|             src_4|         array|
|src_4_ce0            |  out|    1|   ap_memory|             src_4|         array|
|src_4_q0             |   in|   12|   ap_memory|             src_4|         array|
|src_4_address1       |  out|    4|   ap_memory|             src_4|         array|
|src_4_ce1            |  out|    1|   ap_memory|             src_4|         array|
|src_4_q1             |   in|   12|   ap_memory|             src_4|         array|
|src_5_address0       |  out|    4|   ap_memory|             src_5|         array|
|src_5_ce0            |  out|    1|   ap_memory|             src_5|         array|
|src_5_q0             |   in|   12|   ap_memory|             src_5|         array|
|src_5_address1       |  out|    4|   ap_memory|             src_5|         array|
|src_5_ce1            |  out|    1|   ap_memory|             src_5|         array|
|src_5_q1             |   in|   12|   ap_memory|             src_5|         array|
|src_6_address0       |  out|    4|   ap_memory|             src_6|         array|
|src_6_ce0            |  out|    1|   ap_memory|             src_6|         array|
|src_6_q0             |   in|   12|   ap_memory|             src_6|         array|
|src_6_address1       |  out|    4|   ap_memory|             src_6|         array|
|src_6_ce1            |  out|    1|   ap_memory|             src_6|         array|
|src_6_q1             |   in|   12|   ap_memory|             src_6|         array|
|src_7_address0       |  out|    4|   ap_memory|             src_7|         array|
|src_7_ce0            |  out|    1|   ap_memory|             src_7|         array|
|src_7_q0             |   in|   12|   ap_memory|             src_7|         array|
|src_7_address1       |  out|    4|   ap_memory|             src_7|         array|
|src_7_ce1            |  out|    1|   ap_memory|             src_7|         array|
|src_7_q1             |   in|   12|   ap_memory|             src_7|         array|
|src_8_address0       |  out|    4|   ap_memory|             src_8|         array|
|src_8_ce0            |  out|    1|   ap_memory|             src_8|         array|
|src_8_q0             |   in|   12|   ap_memory|             src_8|         array|
|src_8_address1       |  out|    4|   ap_memory|             src_8|         array|
|src_8_ce1            |  out|    1|   ap_memory|             src_8|         array|
|src_8_q1             |   in|   12|   ap_memory|             src_8|         array|
|src_9_address0       |  out|    4|   ap_memory|             src_9|         array|
|src_9_ce0            |  out|    1|   ap_memory|             src_9|         array|
|src_9_q0             |   in|   12|   ap_memory|             src_9|         array|
|src_9_address1       |  out|    4|   ap_memory|             src_9|         array|
|src_9_ce1            |  out|    1|   ap_memory|             src_9|         array|
|src_9_q1             |   in|   12|   ap_memory|             src_9|         array|
|src_10_address0      |  out|    4|   ap_memory|            src_10|         array|
|src_10_ce0           |  out|    1|   ap_memory|            src_10|         array|
|src_10_q0            |   in|   12|   ap_memory|            src_10|         array|
|src_10_address1      |  out|    4|   ap_memory|            src_10|         array|
|src_10_ce1           |  out|    1|   ap_memory|            src_10|         array|
|src_10_q1            |   in|   12|   ap_memory|            src_10|         array|
|src_11_address0      |  out|    4|   ap_memory|            src_11|         array|
|src_11_ce0           |  out|    1|   ap_memory|            src_11|         array|
|src_11_q0            |   in|   12|   ap_memory|            src_11|         array|
|src_11_address1      |  out|    4|   ap_memory|            src_11|         array|
|src_11_ce1           |  out|    1|   ap_memory|            src_11|         array|
|src_11_q1            |   in|   12|   ap_memory|            src_11|         array|
|src_12_address0      |  out|    4|   ap_memory|            src_12|         array|
|src_12_ce0           |  out|    1|   ap_memory|            src_12|         array|
|src_12_q0            |   in|   12|   ap_memory|            src_12|         array|
|src_12_address1      |  out|    4|   ap_memory|            src_12|         array|
|src_12_ce1           |  out|    1|   ap_memory|            src_12|         array|
|src_12_q1            |   in|   12|   ap_memory|            src_12|         array|
|src_13_address0      |  out|    4|   ap_memory|            src_13|         array|
|src_13_ce0           |  out|    1|   ap_memory|            src_13|         array|
|src_13_q0            |   in|   12|   ap_memory|            src_13|         array|
|src_13_address1      |  out|    4|   ap_memory|            src_13|         array|
|src_13_ce1           |  out|    1|   ap_memory|            src_13|         array|
|src_13_q1            |   in|   12|   ap_memory|            src_13|         array|
|src_14_address0      |  out|    4|   ap_memory|            src_14|         array|
|src_14_ce0           |  out|    1|   ap_memory|            src_14|         array|
|src_14_q0            |   in|   12|   ap_memory|            src_14|         array|
|src_14_address1      |  out|    4|   ap_memory|            src_14|         array|
|src_14_ce1           |  out|    1|   ap_memory|            src_14|         array|
|src_14_q1            |   in|   12|   ap_memory|            src_14|         array|
|src_15_address0      |  out|    4|   ap_memory|            src_15|         array|
|src_15_ce0           |  out|    1|   ap_memory|            src_15|         array|
|src_15_q0            |   in|   12|   ap_memory|            src_15|         array|
|src_15_address1      |  out|    4|   ap_memory|            src_15|         array|
|src_15_ce1           |  out|    1|   ap_memory|            src_15|         array|
|src_15_q1            |   in|   12|   ap_memory|            src_15|         array|
|dst_0_address0       |  out|    4|   ap_memory|             dst_0|         array|
|dst_0_ce0            |  out|    1|   ap_memory|             dst_0|         array|
|dst_0_we0            |  out|    1|   ap_memory|             dst_0|         array|
|dst_0_d0             |  out|   12|   ap_memory|             dst_0|         array|
|dst_0_address1       |  out|    4|   ap_memory|             dst_0|         array|
|dst_0_ce1            |  out|    1|   ap_memory|             dst_0|         array|
|dst_0_we1            |  out|    1|   ap_memory|             dst_0|         array|
|dst_0_d1             |  out|   12|   ap_memory|             dst_0|         array|
|dst_1_address0       |  out|    4|   ap_memory|             dst_1|         array|
|dst_1_ce0            |  out|    1|   ap_memory|             dst_1|         array|
|dst_1_we0            |  out|    1|   ap_memory|             dst_1|         array|
|dst_1_d0             |  out|   12|   ap_memory|             dst_1|         array|
|dst_1_address1       |  out|    4|   ap_memory|             dst_1|         array|
|dst_1_ce1            |  out|    1|   ap_memory|             dst_1|         array|
|dst_1_we1            |  out|    1|   ap_memory|             dst_1|         array|
|dst_1_d1             |  out|   12|   ap_memory|             dst_1|         array|
|dst_2_address0       |  out|    4|   ap_memory|             dst_2|         array|
|dst_2_ce0            |  out|    1|   ap_memory|             dst_2|         array|
|dst_2_we0            |  out|    1|   ap_memory|             dst_2|         array|
|dst_2_d0             |  out|   12|   ap_memory|             dst_2|         array|
|dst_2_address1       |  out|    4|   ap_memory|             dst_2|         array|
|dst_2_ce1            |  out|    1|   ap_memory|             dst_2|         array|
|dst_2_we1            |  out|    1|   ap_memory|             dst_2|         array|
|dst_2_d1             |  out|   12|   ap_memory|             dst_2|         array|
|dst_3_address0       |  out|    4|   ap_memory|             dst_3|         array|
|dst_3_ce0            |  out|    1|   ap_memory|             dst_3|         array|
|dst_3_we0            |  out|    1|   ap_memory|             dst_3|         array|
|dst_3_d0             |  out|   12|   ap_memory|             dst_3|         array|
|dst_3_address1       |  out|    4|   ap_memory|             dst_3|         array|
|dst_3_ce1            |  out|    1|   ap_memory|             dst_3|         array|
|dst_3_we1            |  out|    1|   ap_memory|             dst_3|         array|
|dst_3_d1             |  out|   12|   ap_memory|             dst_3|         array|
|dst_4_address0       |  out|    4|   ap_memory|             dst_4|         array|
|dst_4_ce0            |  out|    1|   ap_memory|             dst_4|         array|
|dst_4_we0            |  out|    1|   ap_memory|             dst_4|         array|
|dst_4_d0             |  out|   12|   ap_memory|             dst_4|         array|
|dst_4_address1       |  out|    4|   ap_memory|             dst_4|         array|
|dst_4_ce1            |  out|    1|   ap_memory|             dst_4|         array|
|dst_4_we1            |  out|    1|   ap_memory|             dst_4|         array|
|dst_4_d1             |  out|   12|   ap_memory|             dst_4|         array|
|dst_5_address0       |  out|    4|   ap_memory|             dst_5|         array|
|dst_5_ce0            |  out|    1|   ap_memory|             dst_5|         array|
|dst_5_we0            |  out|    1|   ap_memory|             dst_5|         array|
|dst_5_d0             |  out|   12|   ap_memory|             dst_5|         array|
|dst_5_address1       |  out|    4|   ap_memory|             dst_5|         array|
|dst_5_ce1            |  out|    1|   ap_memory|             dst_5|         array|
|dst_5_we1            |  out|    1|   ap_memory|             dst_5|         array|
|dst_5_d1             |  out|   12|   ap_memory|             dst_5|         array|
|dst_6_address0       |  out|    4|   ap_memory|             dst_6|         array|
|dst_6_ce0            |  out|    1|   ap_memory|             dst_6|         array|
|dst_6_we0            |  out|    1|   ap_memory|             dst_6|         array|
|dst_6_d0             |  out|   12|   ap_memory|             dst_6|         array|
|dst_6_address1       |  out|    4|   ap_memory|             dst_6|         array|
|dst_6_ce1            |  out|    1|   ap_memory|             dst_6|         array|
|dst_6_we1            |  out|    1|   ap_memory|             dst_6|         array|
|dst_6_d1             |  out|   12|   ap_memory|             dst_6|         array|
|dst_7_address0       |  out|    4|   ap_memory|             dst_7|         array|
|dst_7_ce0            |  out|    1|   ap_memory|             dst_7|         array|
|dst_7_we0            |  out|    1|   ap_memory|             dst_7|         array|
|dst_7_d0             |  out|   12|   ap_memory|             dst_7|         array|
|dst_7_address1       |  out|    4|   ap_memory|             dst_7|         array|
|dst_7_ce1            |  out|    1|   ap_memory|             dst_7|         array|
|dst_7_we1            |  out|    1|   ap_memory|             dst_7|         array|
|dst_7_d1             |  out|   12|   ap_memory|             dst_7|         array|
|dst_8_address0       |  out|    4|   ap_memory|             dst_8|         array|
|dst_8_ce0            |  out|    1|   ap_memory|             dst_8|         array|
|dst_8_we0            |  out|    1|   ap_memory|             dst_8|         array|
|dst_8_d0             |  out|   12|   ap_memory|             dst_8|         array|
|dst_8_address1       |  out|    4|   ap_memory|             dst_8|         array|
|dst_8_ce1            |  out|    1|   ap_memory|             dst_8|         array|
|dst_8_we1            |  out|    1|   ap_memory|             dst_8|         array|
|dst_8_d1             |  out|   12|   ap_memory|             dst_8|         array|
|dst_9_address0       |  out|    4|   ap_memory|             dst_9|         array|
|dst_9_ce0            |  out|    1|   ap_memory|             dst_9|         array|
|dst_9_we0            |  out|    1|   ap_memory|             dst_9|         array|
|dst_9_d0             |  out|   12|   ap_memory|             dst_9|         array|
|dst_9_address1       |  out|    4|   ap_memory|             dst_9|         array|
|dst_9_ce1            |  out|    1|   ap_memory|             dst_9|         array|
|dst_9_we1            |  out|    1|   ap_memory|             dst_9|         array|
|dst_9_d1             |  out|   12|   ap_memory|             dst_9|         array|
|dst_10_address0      |  out|    4|   ap_memory|            dst_10|         array|
|dst_10_ce0           |  out|    1|   ap_memory|            dst_10|         array|
|dst_10_we0           |  out|    1|   ap_memory|            dst_10|         array|
|dst_10_d0            |  out|   12|   ap_memory|            dst_10|         array|
|dst_10_address1      |  out|    4|   ap_memory|            dst_10|         array|
|dst_10_ce1           |  out|    1|   ap_memory|            dst_10|         array|
|dst_10_we1           |  out|    1|   ap_memory|            dst_10|         array|
|dst_10_d1            |  out|   12|   ap_memory|            dst_10|         array|
|dst_11_address0      |  out|    4|   ap_memory|            dst_11|         array|
|dst_11_ce0           |  out|    1|   ap_memory|            dst_11|         array|
|dst_11_we0           |  out|    1|   ap_memory|            dst_11|         array|
|dst_11_d0            |  out|   12|   ap_memory|            dst_11|         array|
|dst_11_address1      |  out|    4|   ap_memory|            dst_11|         array|
|dst_11_ce1           |  out|    1|   ap_memory|            dst_11|         array|
|dst_11_we1           |  out|    1|   ap_memory|            dst_11|         array|
|dst_11_d1            |  out|   12|   ap_memory|            dst_11|         array|
|dst_12_address0      |  out|    4|   ap_memory|            dst_12|         array|
|dst_12_ce0           |  out|    1|   ap_memory|            dst_12|         array|
|dst_12_we0           |  out|    1|   ap_memory|            dst_12|         array|
|dst_12_d0            |  out|   12|   ap_memory|            dst_12|         array|
|dst_12_address1      |  out|    4|   ap_memory|            dst_12|         array|
|dst_12_ce1           |  out|    1|   ap_memory|            dst_12|         array|
|dst_12_we1           |  out|    1|   ap_memory|            dst_12|         array|
|dst_12_d1            |  out|   12|   ap_memory|            dst_12|         array|
|dst_13_address0      |  out|    4|   ap_memory|            dst_13|         array|
|dst_13_ce0           |  out|    1|   ap_memory|            dst_13|         array|
|dst_13_we0           |  out|    1|   ap_memory|            dst_13|         array|
|dst_13_d0            |  out|   12|   ap_memory|            dst_13|         array|
|dst_13_address1      |  out|    4|   ap_memory|            dst_13|         array|
|dst_13_ce1           |  out|    1|   ap_memory|            dst_13|         array|
|dst_13_we1           |  out|    1|   ap_memory|            dst_13|         array|
|dst_13_d1            |  out|   12|   ap_memory|            dst_13|         array|
|dst_14_address0      |  out|    4|   ap_memory|            dst_14|         array|
|dst_14_ce0           |  out|    1|   ap_memory|            dst_14|         array|
|dst_14_we0           |  out|    1|   ap_memory|            dst_14|         array|
|dst_14_d0            |  out|   12|   ap_memory|            dst_14|         array|
|dst_14_address1      |  out|    4|   ap_memory|            dst_14|         array|
|dst_14_ce1           |  out|    1|   ap_memory|            dst_14|         array|
|dst_14_we1           |  out|    1|   ap_memory|            dst_14|         array|
|dst_14_d1            |  out|   12|   ap_memory|            dst_14|         array|
|dst_15_address0      |  out|    4|   ap_memory|            dst_15|         array|
|dst_15_ce0           |  out|    1|   ap_memory|            dst_15|         array|
|dst_15_we0           |  out|    1|   ap_memory|            dst_15|         array|
|dst_15_d0            |  out|   12|   ap_memory|            dst_15|         array|
|dst_15_address1      |  out|    4|   ap_memory|            dst_15|         array|
|dst_15_ce1           |  out|    1|   ap_memory|            dst_15|         array|
|dst_15_we1           |  out|    1|   ap_memory|            dst_15|         array|
|dst_15_d1            |  out|   12|   ap_memory|            dst_15|         array|
+---------------------+-----+-----+------------+------------------+--------------+

