

================================================================
== Vitis HLS Report for 'inv_ntt'
================================================================
* Date:           Thu Jun 11 23:16:54 2026

* Version:        2023.2 (Build 4023990 on Oct 11 2023)
* Project:        ntt_kyber
* Solution:       solution1 (Vivado IP Flow Target)
* Product family: zynquplus
* Target device:  xck26-sfvc784-2LV-c


================================================================
== Performance Estimates
================================================================
+ Timing: 
    * Summary: 
    +--------+----------+----------+------------+
    |  Clock |  Target  | Estimated| Uncertainty|
    +--------+----------+----------+------------+
    |ap_clk  |  10.00 ns|  6.397 ns|     2.70 ns|
    +--------+----------+----------+------------+

+ Latency: 
    * Summary: 
    +---------+---------+----------+----------+-----+-----+---------+
    |  Latency (cycles) |  Latency (absolute) |  Interval | Pipeline|
    |   min   |   max   |    min   |    max   | min | max |   Type  |
    +---------+---------+----------+----------+-----+-----+---------+
    |      447|      447|  4.470 us|  4.470 us|  447|  447|       no|
    +---------+---------+----------+----------+-----+-----+---------+

    + Detail: 
        * Instance: 
        +-------------------------------+-------------------+---------+---------+----------+----------+-----+-----+---------+
        |                               |                   |  Latency (cycles) |  Latency (absolute) |  Interval | Pipeline|
        |            Instance           |       Module      |   min   |   max   |    min   |    max   | min | max |   Type  |
        +-------------------------------+-------------------+---------+---------+----------+----------+-----+-----+---------+
        |grp_inv_stage_t_2_s_fu_728     |inv_stage_t_2_s    |       22|       22|  0.220 us|  0.220 us|   22|   22|       no|
        |grp_inv_stage_t_4_s_fu_812     |inv_stage_t_4_s    |       22|       22|  0.220 us|  0.220 us|   22|   22|       no|
        |grp_inv_stage_t_8_s_fu_880     |inv_stage_t_8_s    |       22|       22|  0.220 us|  0.220 us|   22|   22|       no|
        |grp_inv_stage_t_16_s_fu_948    |inv_stage_t_16_s   |       38|       38|  0.380 us|  0.380 us|   38|   38|       no|
        |grp_inv_stage_t_32_s_fu_1016   |inv_stage_t_32_s   |       22|       22|  0.220 us|  0.220 us|   22|   22|       no|
        |grp_inv_stage_t_64_s_fu_1084   |inv_stage_t_64_s   |       22|       22|  0.220 us|  0.220 us|   22|   22|       no|
        |grp_inv_stage_t_128_s_fu_1152  |inv_stage_t_128_s  |       22|       22|  0.220 us|  0.220 us|   22|   22|       no|
        +-------------------------------+-------------------+---------+---------+----------+----------+-----+-----+---------+

        * Loop: 
        +----------+---------+---------+----------+-----------+-----------+------+----------+
        |          |  Latency (cycles) | Iteration|  Initiation Interval  | Trip |          |
        | Loop Name|   min   |   max   |  Latency |  achieved |   target  | Count| Pipelined|
        +----------+---------+---------+----------+-----------+-----------+------+----------+
        |- SCALE   |      262|      262|         8|          1|          1|   256|       yes|
        +----------+---------+---------+----------+-----------+-----------+------+----------+



================================================================
== Utilization Estimates
================================================================
* Summary: 
+-----------------+---------+------+--------+--------+-----+
|       Name      | BRAM_18K|  DSP |   FF   |   LUT  | URAM|
+-----------------+---------+------+--------+--------+-----+
|DSP              |        -|     1|       -|       -|    -|
|Expression       |        -|     -|       0|      99|    -|
|FIFO             |        -|     -|       -|       -|    -|
|Instance         |        0|    90|    8790|   17773|    -|
|Memory           |        0|     -|     384|      48|    0|
|Multiplexer      |        -|     -|       -|    8892|    -|
|Register         |        -|     -|     264|      96|    -|
+-----------------+---------+------+--------+--------+-----+
|Total            |        0|    91|    9438|   26908|    0|
+-----------------+---------+------+--------+--------+-----+
|Available        |      288|  1248|  234240|  117120|   64|
+-----------------+---------+------+--------+--------+-----+
|Utilization (%)  |        0|     7|       4|      22|    0|
+-----------------+---------+------+--------+--------+-----+

+ Detail: 
    * Instance: 
    +-------------------------------+-----------------------+---------+----+------+------+-----+
    |            Instance           |         Module        | BRAM_18K| DSP|  FF  |  LUT | URAM|
    +-------------------------------+-----------------------+---------+----+------+------+-----+
    |grp_inv_stage_t_128_s_fu_1152  |inv_stage_t_128_s      |        0|   8|  1766|  2663|    0|
    |grp_inv_stage_t_16_s_fu_948    |inv_stage_t_16_s       |        0|   8|  1001|  3132|    0|
    |grp_inv_stage_t_2_s_fu_728     |inv_stage_t_2_s        |        0|   8|   727|  1850|    0|
    |grp_inv_stage_t_32_s_fu_1016   |inv_stage_t_32_s       |        0|   8|  1925|  2794|    0|
    |grp_inv_stage_t_4_s_fu_812     |inv_stage_t_4_s        |        0|   8|   727|  1850|    0|
    |grp_inv_stage_t_64_s_fu_1084   |inv_stage_t_64_s       |        0|   8|  1917|  2794|    0|
    |grp_inv_stage_t_8_s_fu_880     |inv_stage_t_8_s        |        0|   8|   727|  1850|    0|
    |mul_12ns_13ns_24_3_1_U1585     |mul_12ns_13ns_24_3_1   |        0|   1|     0|     0|    0|
    |mul_24ns_14ns_37_3_1_U1586     |mul_24ns_14ns_37_3_1   |        0|   1|     0|    23|    0|
    |mul_32ns_16ns_48_3_1_U1588     |mul_32ns_16ns_48_3_1   |        0|   2|     0|    47|    0|
    |mul_32ns_16ns_48_3_1_U1589     |mul_32ns_16ns_48_3_1   |        0|   2|     0|    47|    0|
    |mul_32ns_16ns_48_3_1_U1590     |mul_32ns_16ns_48_3_1   |        0|   2|     0|    47|    0|
    |mul_32ns_16ns_48_3_1_U1591     |mul_32ns_16ns_48_3_1   |        0|   2|     0|    47|    0|
    |mul_32ns_16ns_48_3_1_U1592     |mul_32ns_16ns_48_3_1   |        0|   2|     0|    47|    0|
    |mul_32ns_16ns_48_3_1_U1593     |mul_32ns_16ns_48_3_1   |        0|   2|     0|    47|    0|
    |mul_32ns_16ns_48_3_1_U1594     |mul_32ns_16ns_48_3_1   |        0|   2|     0|    47|    0|
    |mul_32ns_16ns_48_3_1_U1595     |mul_32ns_16ns_48_3_1   |        0|   2|     0|    47|    0|
    |mul_32s_13ns_32_3_1_U1596      |mul_32s_13ns_32_3_1    |        0|   2|     0|    47|    0|
    |mul_32s_13ns_32_3_1_U1597      |mul_32s_13ns_32_3_1    |        0|   2|     0|    47|    0|
    |mul_32s_13ns_32_3_1_U1598      |mul_32s_13ns_32_3_1    |        0|   2|     0|    47|    0|
    |mul_32s_13ns_32_3_1_U1599      |mul_32s_13ns_32_3_1    |        0|   2|     0|    47|    0|
    |mul_32s_13ns_32_3_1_U1600      |mul_32s_13ns_32_3_1    |        0|   2|     0|    47|    0|
    |mul_32s_13ns_32_3_1_U1601      |mul_32s_13ns_32_3_1    |        0|   2|     0|    47|    0|
    |mul_32s_13ns_32_3_1_U1602      |mul_32s_13ns_32_3_1    |        0|   2|     0|    47|    0|
    |mul_32s_13ns_32_3_1_U1603      |mul_32s_13ns_32_3_1    |        0|   2|     0|    47|    0|
    |sparsemux_33_4_12_1_1_U1584    |sparsemux_33_4_12_1_1  |        0|   0|     0|    65|    0|
    +-------------------------------+-----------------------+---------+----+------+------+-----+
    |Total                          |                       |        0|  90|  8790| 17773|    0|
    +-------------------------------+-----------------------+---------+----+------+------+-----+

    * DSP: 
    +----------------------------------------+----------------------------------+--------------+
    |                Instance                |              Module              |  Expression  |
    +----------------------------------------+----------------------------------+--------------+
    |mac_mulsub_12ns_12ns_24ns_25_3_1_U1587  |mac_mulsub_12ns_12ns_24ns_25_3_1  |  i0 - i1 * i2|
    +----------------------------------------+----------------------------------+--------------+

    * Memory: 
    +----------+---------------------------+---------+----+----+-----+------+-----+------+-------------+
    |  Memory  |           Module          | BRAM_18K| FF | LUT| URAM| Words| Bits| Banks| W*Bits*Banks|
    +----------+---------------------------+---------+----+----+-----+------+-----+------+-------------+
    |tmp_U     |fwd_ntt2_tA_RAM_AUTO_1R1W  |        0|  24|   3|    0|    16|   12|     1|          192|
    |tmp_1_U   |fwd_ntt2_tA_RAM_AUTO_1R1W  |        0|  24|   3|    0|    16|   12|     1|          192|
    |tmp_2_U   |fwd_ntt2_tA_RAM_AUTO_1R1W  |        0|  24|   3|    0|    16|   12|     1|          192|
    |tmp_3_U   |fwd_ntt2_tA_RAM_AUTO_1R1W  |        0|  24|   3|    0|    16|   12|     1|          192|
    |tmp_4_U   |fwd_ntt2_tA_RAM_AUTO_1R1W  |        0|  24|   3|    0|    16|   12|     1|          192|
    |tmp_5_U   |fwd_ntt2_tA_RAM_AUTO_1R1W  |        0|  24|   3|    0|    16|   12|     1|          192|
    |tmp_6_U   |fwd_ntt2_tA_RAM_AUTO_1R1W  |        0|  24|   3|    0|    16|   12|     1|          192|
    |tmp_7_U   |fwd_ntt2_tA_RAM_AUTO_1R1W  |        0|  24|   3|    0|    16|   12|     1|          192|
    |tmp_8_U   |fwd_ntt2_tA_RAM_AUTO_1R1W  |        0|  24|   3|    0|    16|   12|     1|          192|
    |tmp_9_U   |fwd_ntt2_tA_RAM_AUTO_1R1W  |        0|  24|   3|    0|    16|   12|     1|          192|
    |tmp_10_U  |fwd_ntt2_tA_RAM_AUTO_1R1W  |        0|  24|   3|    0|    16|   12|     1|          192|
    |tmp_11_U  |fwd_ntt2_tA_RAM_AUTO_1R1W  |        0|  24|   3|    0|    16|   12|     1|          192|
    |tmp_12_U  |fwd_ntt2_tA_RAM_AUTO_1R1W  |        0|  24|   3|    0|    16|   12|     1|          192|
    |tmp_13_U  |fwd_ntt2_tA_RAM_AUTO_1R1W  |        0|  24|   3|    0|    16|   12|     1|          192|
    |tmp_14_U  |fwd_ntt2_tA_RAM_AUTO_1R1W  |        0|  24|   3|    0|    16|   12|     1|          192|
    |tmp_15_U  |fwd_ntt2_tA_RAM_AUTO_1R1W  |        0|  24|   3|    0|    16|   12|     1|          192|
    +----------+---------------------------+---------+----+----+-----+------+-----+------+-------------+
    |Total     |                           |        0| 384|  48|    0|   256|  192|    16|         3072|
    +----------+---------------------------+---------+----+----+-----+------+-----+------+-------------+

    * FIFO: 
    N/A

    * Expression: 
    +-------------------------+----------+----+---+----+------------+------------+
    |      Variable Name      | Operation| DSP| FF| LUT| Bitwidth P0| Bitwidth P1|
    +-------------------------+----------+----+---+----+------------+------------+
    |add_ln130_fu_1234_p2     |         +|   0|  0|  16|           9|           1|
    |add_ln64_fu_1395_p2      |         +|   0|  0|  19|          12|          10|
    |icmp_ln130_fu_1228_p2    |      icmp|   0|  0|  17|           9|          10|
    |icmp_ln64_fu_1387_p2     |      icmp|   0|  0|  32|          25|          12|
    |select_ln64_fu_1401_p3   |    select|   0|  0|  11|           1|          12|
    |ap_enable_pp0            |       xor|   0|  0|   2|           1|           2|
    |ap_enable_reg_pp0_iter1  |       xor|   0|  0|   2|           2|           1|
    +-------------------------+----------+----+---+----+------------+------------+
    |Total                    |          |   0|  0|  99|          59|          48|
    +-------------------------+----------+----+---+----+------------+------------+

    * Multiplexer: 
    +-------------------------+----+-----------+-----+-----------+
    |           Name          | LUT| Input Size| Bits| Total Bits|
    +-------------------------+----+-----------+-----+-----------+
    |ap_NS_fsm                |  81|         17|    1|         17|
    |ap_enable_reg_pp0_iter1  |   9|          2|    1|          2|
    |ap_enable_reg_pp0_iter7  |   9|          2|    1|          2|
    |buf_0_address0           |  49|          9|    4|         36|
    |buf_0_address1           |  20|          4|    4|         16|
    |buf_0_ce0                |  49|          9|    1|          9|
    |buf_0_ce1                |  20|          4|    1|          4|
    |buf_0_d0                 |  26|          5|   12|         60|
    |buf_0_we0                |  26|          5|    1|          5|
    |buf_0_we1                |   9|          2|    1|          2|
    |buf_10_address0          |  49|          9|    4|         36|
    |buf_10_address1          |  20|          4|    4|         16|
    |buf_10_ce0               |  49|          9|    1|          9|
    |buf_10_ce1               |  20|          4|    1|          4|
    |buf_10_d0                |  26|          5|   12|         60|
    |buf_10_we0               |  26|          5|    1|          5|
    |buf_10_we1               |   9|          2|    1|          2|
    |buf_11_address0          |  49|          9|    4|         36|
    |buf_11_address1          |  20|          4|    4|         16|
    |buf_11_ce0               |  49|          9|    1|          9|
    |buf_11_ce1               |  20|          4|    1|          4|
    |buf_11_d0                |  26|          5|   12|         60|
    |buf_11_we0               |  26|          5|    1|          5|
    |buf_11_we1               |   9|          2|    1|          2|
    |buf_12_address0          |  49|          9|    4|         36|
    |buf_12_address1          |  20|          4|    4|         16|
    |buf_12_ce0               |  49|          9|    1|          9|
    |buf_12_ce1               |  20|          4|    1|          4|
    |buf_12_d0                |  26|          5|   12|         60|
    |buf_12_we0               |  26|          5|    1|          5|
    |buf_12_we1               |   9|          2|    1|          2|
    |buf_13_address0          |  49|          9|    4|         36|
    |buf_13_address1          |  20|          4|    4|         16|
    |buf_13_ce0               |  49|          9|    1|          9|
    |buf_13_ce1               |  20|          4|    1|          4|
    |buf_13_d0                |  26|          5|   12|         60|
    |buf_13_we0               |  26|          5|    1|          5|
    |buf_13_we1               |   9|          2|    1|          2|
    |buf_14_address0          |  49|          9|    4|         36|
    |buf_14_address1          |  20|          4|    4|         16|
    |buf_14_ce0               |  49|          9|    1|          9|
    |buf_14_ce1               |  20|          4|    1|          4|
    |buf_14_d0                |  26|          5|   12|         60|
    |buf_14_we0               |  26|          5|    1|          5|
    |buf_14_we1               |   9|          2|    1|          2|
    |buf_15_address0          |  49|          9|    4|         36|
    |buf_15_address1          |  20|          4|    4|         16|
    |buf_15_ce0               |  49|          9|    1|          9|
    |buf_15_ce1               |  20|          4|    1|          4|
    |buf_15_d0                |  26|          5|   12|         60|
    |buf_15_we0               |  26|          5|    1|          5|
    |buf_15_we1               |   9|          2|    1|          2|
    |buf_1_address0           |  49|          9|    4|         36|
    |buf_1_address1           |  20|          4|    4|         16|
    |buf_1_ce0                |  49|          9|    1|          9|
    |buf_1_ce1                |  20|          4|    1|          4|
    |buf_1_d0                 |  26|          5|   12|         60|
    |buf_1_we0                |  26|          5|    1|          5|
    |buf_1_we1                |   9|          2|    1|          2|
    |buf_2_address0           |  49|          9|    4|         36|
    |buf_2_address1           |  20|          4|    4|         16|
    |buf_2_ce0                |  49|          9|    1|          9|
    |buf_2_ce1                |  20|          4|    1|          4|
    |buf_2_d0                 |  26|          5|   12|         60|
    |buf_2_we0                |  26|          5|    1|          5|
    |buf_2_we1                |   9|          2|    1|          2|
    |buf_3_address0           |  49|          9|    4|         36|
    |buf_3_address1           |  20|          4|    4|         16|
    |buf_3_ce0                |  49|          9|    1|          9|
    |buf_3_ce1                |  20|          4|    1|          4|
    |buf_3_d0                 |  26|          5|   12|         60|
    |buf_3_we0                |  26|          5|    1|          5|
    |buf_3_we1                |   9|          2|    1|          2|
    |buf_4_address0           |  49|          9|    4|         36|
    |buf_4_address1           |  20|          4|    4|         16|
    |buf_4_ce0                |  49|          9|    1|          9|
    |buf_4_ce1                |  20|          4|    1|          4|
    |buf_4_d0                 |  26|          5|   12|         60|
    |buf_4_we0                |  26|          5|    1|          5|
    |buf_4_we1                |   9|          2|    1|          2|
    |buf_5_address0           |  49|          9|    4|         36|
    |buf_5_address1           |  20|          4|    4|         16|
    |buf_5_ce0                |  49|          9|    1|          9|
    |buf_5_ce1                |  20|          4|    1|          4|
    |buf_5_d0                 |  26|          5|   12|         60|
    |buf_5_we0                |  26|          5|    1|          5|
    |buf_5_we1                |   9|          2|    1|          2|
    |buf_6_address0           |  49|          9|    4|         36|
    |buf_6_address1           |  20|          4|    4|         16|
    |buf_6_ce0                |  49|          9|    1|          9|
    |buf_6_ce1                |  20|          4|    1|          4|
    |buf_6_d0                 |  26|          5|   12|         60|
    |buf_6_we0                |  26|          5|    1|          5|
    |buf_6_we1                |   9|          2|    1|          2|
    |buf_7_address0           |  49|          9|    4|         36|
    |buf_7_address1           |  20|          4|    4|         16|
    |buf_7_ce0                |  49|          9|    1|          9|
    |buf_7_ce1                |  20|          4|    1|          4|
    |buf_7_d0                 |  26|          5|   12|         60|
    |buf_7_we0                |  26|          5|    1|          5|
    |buf_7_we1                |   9|          2|    1|          2|
    |buf_8_address0           |  49|          9|    4|         36|
    |buf_8_address1           |  20|          4|    4|         16|
    |buf_8_ce0                |  49|          9|    1|          9|
    |buf_8_ce1                |  20|          4|    1|          4|
    |buf_8_d0                 |  26|          5|   12|         60|
    |buf_8_we0                |  26|          5|    1|          5|
    |buf_8_we1                |   9|          2|    1|          2|
    |buf_9_address0           |  49|          9|    4|         36|
    |buf_9_address1           |  20|          4|    4|         16|
    |buf_9_ce0                |  49|          9|    1|          9|
    |buf_9_ce1                |  20|          4|    1|          4|
    |buf_9_d0                 |  26|          5|   12|         60|
    |buf_9_we0                |  26|          5|    1|          5|
    |buf_9_we1                |   9|          2|    1|          2|
    |grp_fu_1570_ce           |  43|          8|    1|          8|
    |grp_fu_1570_p0           |  43|          8|   32|        256|
    |grp_fu_1570_p1           |  43|          8|   16|        128|
    |grp_fu_1574_ce           |  43|          8|    1|          8|
    |grp_fu_1574_p0           |  43|          8|   32|        256|
    |grp_fu_1574_p1           |  43|          8|   16|        128|
    |grp_fu_1578_ce           |  43|          8|    1|          8|
    |grp_fu_1578_p0           |  43|          8|   32|        256|
    |grp_fu_1578_p1           |  43|          8|   16|        128|
    |grp_fu_1582_ce           |  43|          8|    1|          8|
    |grp_fu_1582_p0           |  43|          8|   32|        256|
    |grp_fu_1582_p1           |  43|          8|   16|        128|
    |grp_fu_1586_ce           |  37|          7|    1|          7|
    |grp_fu_1586_p0           |  37|          7|   32|        224|
    |grp_fu_1586_p1           |  37|          7|   16|        112|
    |grp_fu_1590_ce           |  37|          7|    1|          7|
    |grp_fu_1590_p0           |  37|          7|   32|        224|
    |grp_fu_1590_p1           |  37|          7|   16|        112|
    |grp_fu_1594_ce           |  37|          7|    1|          7|
    |grp_fu_1594_p0           |  37|          7|   32|        224|
    |grp_fu_1594_p1           |  37|          7|   16|        112|
    |grp_fu_1598_ce           |  37|          7|    1|          7|
    |grp_fu_1598_p0           |  37|          7|   32|        224|
    |grp_fu_1598_p1           |  37|          7|   16|        112|
    |grp_fu_1602_ce           |  43|          8|    1|          8|
    |grp_fu_1602_p0           |  43|          8|   32|        256|
    |grp_fu_1602_p1           |  43|          8|   13|        104|
    |grp_fu_1606_ce           |  43|          8|    1|          8|
    |grp_fu_1606_p0           |  43|          8|   32|        256|
    |grp_fu_1606_p1           |  43|          8|   13|        104|
    |grp_fu_1610_ce           |  43|          8|    1|          8|
    |grp_fu_1610_p0           |  43|          8|   32|        256|
    |grp_fu_1610_p1           |  43|          8|   13|        104|
    |grp_fu_1614_ce           |  43|          8|    1|          8|
    |grp_fu_1614_p0           |  43|          8|   32|        256|
    |grp_fu_1614_p1           |  43|          8|   13|        104|
    |grp_fu_1618_ce           |  37|          7|    1|          7|
    |grp_fu_1618_p0           |  37|          7|   32|        224|
    |grp_fu_1618_p1           |  37|          7|   13|         91|
    |grp_fu_1622_ce           |  37|          7|    1|          7|
    |grp_fu_1622_p0           |  37|          7|   32|        224|
    |grp_fu_1622_p1           |  37|          7|   13|         91|
    |grp_fu_1626_ce           |  37|          7|    1|          7|
    |grp_fu_1626_p0           |  37|          7|   32|        224|
    |grp_fu_1626_p1           |  37|          7|   13|         91|
    |grp_fu_1630_ce           |  37|          7|    1|          7|
    |grp_fu_1630_p0           |  37|          7|   32|        224|
    |grp_fu_1630_p1           |  37|          7|   13|         91|
    |i_fu_260                 |   9|          2|    9|         18|
    |tmp_10_address0          |  49|          9|    4|         36|
    |tmp_10_address1          |  26|          5|    4|         20|
    |tmp_10_ce0               |  49|          9|    1|          9|
    |tmp_10_ce1               |  26|          5|    1|          5|
    |tmp_10_d0                |  26|          5|   12|         60|
    |tmp_10_d1                |  14|          3|   12|         36|
    |tmp_10_we0               |  26|          5|    1|          5|
    |tmp_10_we1               |  14|          3|    1|          3|
    |tmp_11_address0          |  49|          9|    4|         36|
    |tmp_11_address1          |  26|          5|    4|         20|
    |tmp_11_ce0               |  49|          9|    1|          9|
    |tmp_11_ce1               |  26|          5|    1|          5|
    |tmp_11_d0                |  26|          5|   12|         60|
    |tmp_11_d1                |  14|          3|   12|         36|
    |tmp_11_we0               |  26|          5|    1|          5|
    |tmp_11_we1               |  14|          3|    1|          3|
    |tmp_12_address0          |  49|          9|    4|         36|
    |tmp_12_address1          |  26|          5|    4|         20|
    |tmp_12_ce0               |  49|          9|    1|          9|
    |tmp_12_ce1               |  26|          5|    1|          5|
    |tmp_12_d0                |  26|          5|   12|         60|
    |tmp_12_d1                |  14|          3|   12|         36|
    |tmp_12_we0               |  26|          5|    1|          5|
    |tmp_12_we1               |  14|          3|    1|          3|
    |tmp_13_address0          |  49|          9|    4|         36|
    |tmp_13_address1          |  26|          5|    4|         20|
    |tmp_13_ce0               |  49|          9|    1|          9|
    |tmp_13_ce1               |  26|          5|    1|          5|
    |tmp_13_d0                |  26|          5|   12|         60|
    |tmp_13_d1                |  14|          3|   12|         36|
    |tmp_13_we0               |  26|          5|    1|          5|
    |tmp_13_we1               |  14|          3|    1|          3|
    |tmp_14_address0          |  49|          9|    4|         36|
    |tmp_14_address1          |  26|          5|    4|         20|
    |tmp_14_ce0               |  49|          9|    1|          9|
    |tmp_14_ce1               |  26|          5|    1|          5|
    |tmp_14_d0                |  26|          5|   12|         60|
    |tmp_14_d1                |  14|          3|   12|         36|
    |tmp_14_we0               |  26|          5|    1|          5|
    |tmp_14_we1               |  14|          3|    1|          3|
    |tmp_15_address0          |  49|          9|    4|         36|
    |tmp_15_address1          |  26|          5|    4|         20|
    |tmp_15_ce0               |  49|          9|    1|          9|
    |tmp_15_ce1               |  26|          5|    1|          5|
    |tmp_15_d0                |  26|          5|   12|         60|
    |tmp_15_d1                |  14|          3|   12|         36|
    |tmp_15_we0               |  26|          5|    1|          5|
    |tmp_15_we1               |  14|          3|    1|          3|
    |tmp_1_address0           |  49|          9|    4|         36|
    |tmp_1_address1           |  26|          5|    4|         20|
    |tmp_1_ce0                |  49|          9|    1|          9|
    |tmp_1_ce1                |  26|          5|    1|          5|
    |tmp_1_d0                 |  26|          5|   12|         60|
    |tmp_1_d1                 |  14|          3|   12|         36|
    |tmp_1_we0                |  26|          5|    1|          5|
    |tmp_1_we1                |  14|          3|    1|          3|
    |tmp_2_address0           |  49|          9|    4|         36|
    |tmp_2_address1           |  26|          5|    4|         20|
    |tmp_2_ce0                |  49|          9|    1|          9|
    |tmp_2_ce1                |  26|          5|    1|          5|
    |tmp_2_d0                 |  26|          5|   12|         60|
    |tmp_2_d1                 |  14|          3|   12|         36|
    |tmp_2_we0                |  26|          5|    1|          5|
    |tmp_2_we1                |  14|          3|    1|          3|
    |tmp_3_address0           |  49|          9|    4|         36|
    |tmp_3_address1           |  26|          5|    4|         20|
    |tmp_3_ce0                |  49|          9|    1|          9|
    |tmp_3_ce1                |  26|          5|    1|          5|
    |tmp_3_d0                 |  26|          5|   12|         60|
    |tmp_3_d1                 |  14|          3|   12|         36|
    |tmp_3_we0                |  26|          5|    1|          5|
    |tmp_3_we1                |  14|          3|    1|          3|
    |tmp_4_address0           |  49|          9|    4|         36|
    |tmp_4_address1           |  26|          5|    4|         20|
    |tmp_4_ce0                |  49|          9|    1|          9|
    |tmp_4_ce1                |  26|          5|    1|          5|
    |tmp_4_d0                 |  26|          5|   12|         60|
    |tmp_4_d1                 |  14|          3|   12|         36|
    |tmp_4_we0                |  26|          5|    1|          5|
    |tmp_4_we1                |  14|          3|    1|          3|
    |tmp_5_address0           |  49|          9|    4|         36|
    |tmp_5_address1           |  26|          5|    4|         20|
    |tmp_5_ce0                |  49|          9|    1|          9|
    |tmp_5_ce1                |  26|          5|    1|          5|
    |tmp_5_d0                 |  26|          5|   12|         60|
    |tmp_5_d1                 |  14|          3|   12|         36|
    |tmp_5_we0                |  26|          5|    1|          5|
    |tmp_5_we1                |  14|          3|    1|          3|
    |tmp_6_address0           |  49|          9|    4|         36|
    |tmp_6_address1           |  26|          5|    4|         20|
    |tmp_6_ce0                |  49|          9|    1|          9|
    |tmp_6_ce1                |  26|          5|    1|          5|
    |tmp_6_d0                 |  26|          5|   12|         60|
    |tmp_6_d1                 |  14|          3|   12|         36|
    |tmp_6_we0                |  26|          5|    1|          5|
    |tmp_6_we1                |  14|          3|    1|          3|
    |tmp_7_address0           |  49|          9|    4|         36|
    |tmp_7_address1           |  26|          5|    4|         20|
    |tmp_7_ce0                |  49|          9|    1|          9|
    |tmp_7_ce1                |  26|          5|    1|          5|
    |tmp_7_d0                 |  26|          5|   12|         60|
    |tmp_7_d1                 |  14|          3|   12|         36|
    |tmp_7_we0                |  26|          5|    1|          5|
    |tmp_7_we1                |  14|          3|    1|          3|
    |tmp_8_address0           |  49|          9|    4|         36|
    |tmp_8_address1           |  26|          5|    4|         20|
    |tmp_8_ce0                |  49|          9|    1|          9|
    |tmp_8_ce1                |  26|          5|    1|          5|
    |tmp_8_d0                 |  26|          5|   12|         60|
    |tmp_8_d1                 |  14|          3|   12|         36|
    |tmp_8_we0                |  26|          5|    1|          5|
    |tmp_8_we1                |  14|          3|    1|          3|
    |tmp_9_address0           |  49|          9|    4|         36|
    |tmp_9_address1           |  26|          5|    4|         20|
    |tmp_9_ce0                |  49|          9|    1|          9|
    |tmp_9_ce1                |  26|          5|    1|          5|
    |tmp_9_d0                 |  26|          5|   12|         60|
    |tmp_9_d1                 |  14|          3|   12|         36|
    |tmp_9_we0                |  26|          5|    1|          5|
    |tmp_9_we1                |  14|          3|    1|          3|
    |tmp_address0             |  49|          9|    4|         36|
    |tmp_address1             |  26|          5|    4|         20|
    |tmp_ce0                  |  49|          9|    1|          9|
    |tmp_ce1                  |  26|          5|    1|          5|
    |tmp_d0                   |  26|          5|   12|         60|
    |tmp_d1                   |  14|          3|   12|         36|
    |tmp_we0                  |  26|          5|    1|          5|
    |tmp_we1                  |  14|          3|    1|          3|
    +-------------------------+----+-----------+-----+-----------+
    |Total                    |8892|       1695| 1732|      10635|
    +-------------------------+----+-----------+-----+-----------+

    * Register: 
    +--------------------------------------------+----+----+-----+-----------+
    |                    Name                    | FF | LUT| Bits| Const Bits|
    +--------------------------------------------+----+----+-----+-----------+
    |ap_CS_fsm                                   |  16|   0|   16|          0|
    |ap_enable_reg_pp0_iter0                     |   1|   0|    1|          0|
    |ap_enable_reg_pp0_iter1                     |   1|   0|    1|          0|
    |ap_enable_reg_pp0_iter2                     |   1|   0|    1|          0|
    |ap_enable_reg_pp0_iter3                     |   1|   0|    1|          0|
    |ap_enable_reg_pp0_iter4                     |   1|   0|    1|          0|
    |ap_enable_reg_pp0_iter5                     |   1|   0|    1|          0|
    |ap_enable_reg_pp0_iter6                     |   1|   0|    1|          0|
    |ap_enable_reg_pp0_iter7                     |   1|   0|    1|          0|
    |grp_inv_stage_t_128_s_fu_1152_ap_start_reg  |   1|   0|    1|          0|
    |grp_inv_stage_t_16_s_fu_948_ap_start_reg    |   1|   0|    1|          0|
    |grp_inv_stage_t_2_s_fu_728_ap_start_reg     |   1|   0|    1|          0|
    |grp_inv_stage_t_32_s_fu_1016_ap_start_reg   |   1|   0|    1|          0|
    |grp_inv_stage_t_4_s_fu_812_ap_start_reg     |   1|   0|    1|          0|
    |grp_inv_stage_t_64_s_fu_1084_ap_start_reg   |   1|   0|    1|          0|
    |grp_inv_stage_t_8_s_fu_880_ap_start_reg     |   1|   0|    1|          0|
    |i_fu_260                                    |   9|   0|    9|          0|
    |trunc_ln130_reg_1445                        |   4|   0|    4|          0|
    |x_reg_1555                                  |  24|   0|   24|          0|
    |zext_ln130_reg_1450                         |   4|   0|   64|         60|
    |trunc_ln130_reg_1445                        |  64|  32|    4|          0|
    |x_reg_1555                                  |  64|  32|   24|          0|
    |zext_ln130_reg_1450                         |  64|  32|   64|         60|
    +--------------------------------------------+----+----+-----+-----------+
    |Total                                       | 264|  96|  224|        120|
    +--------------------------------------------+----+----+-----+-----------+



================================================================
== Interface
================================================================
* Summary: 
+-----------------+-----+-----+------------+--------------+--------------+
|    RTL Ports    | Dir | Bits|  Protocol  | Source Object|    C Type    |
+-----------------+-----+-----+------------+--------------+--------------+
|ap_clk           |   in|    1|  ap_ctrl_hs|       inv_ntt|  return value|
|ap_rst           |   in|    1|  ap_ctrl_hs|       inv_ntt|  return value|
|ap_start         |   in|    1|  ap_ctrl_hs|       inv_ntt|  return value|
|ap_done          |  out|    1|  ap_ctrl_hs|       inv_ntt|  return value|
|ap_idle          |  out|    1|  ap_ctrl_hs|       inv_ntt|  return value|
|ap_ready         |  out|    1|  ap_ctrl_hs|       inv_ntt|  return value|
|buf_0_address0   |  out|    4|   ap_memory|         buf_0|         array|
|buf_0_ce0        |  out|    1|   ap_memory|         buf_0|         array|
|buf_0_we0        |  out|    1|   ap_memory|         buf_0|         array|
|buf_0_d0         |  out|   12|   ap_memory|         buf_0|         array|
|buf_0_q0         |   in|   12|   ap_memory|         buf_0|         array|
|buf_0_address1   |  out|    4|   ap_memory|         buf_0|         array|
|buf_0_ce1        |  out|    1|   ap_memory|         buf_0|         array|
|buf_0_we1        |  out|    1|   ap_memory|         buf_0|         array|
|buf_0_d1         |  out|   12|   ap_memory|         buf_0|         array|
|buf_0_q1         |   in|   12|   ap_memory|         buf_0|         array|
|buf_1_address0   |  out|    4|   ap_memory|         buf_1|         array|
|buf_1_ce0        |  out|    1|   ap_memory|         buf_1|         array|
|buf_1_we0        |  out|    1|   ap_memory|         buf_1|         array|
|buf_1_d0         |  out|   12|   ap_memory|         buf_1|         array|
|buf_1_q0         |   in|   12|   ap_memory|         buf_1|         array|
|buf_1_address1   |  out|    4|   ap_memory|         buf_1|         array|
|buf_1_ce1        |  out|    1|   ap_memory|         buf_1|         array|
|buf_1_we1        |  out|    1|   ap_memory|         buf_1|         array|
|buf_1_d1         |  out|   12|   ap_memory|         buf_1|         array|
|buf_1_q1         |   in|   12|   ap_memory|         buf_1|         array|
|buf_2_address0   |  out|    4|   ap_memory|         buf_2|         array|
|buf_2_ce0        |  out|    1|   ap_memory|         buf_2|         array|
|buf_2_we0        |  out|    1|   ap_memory|         buf_2|         array|
|buf_2_d0         |  out|   12|   ap_memory|         buf_2|         array|
|buf_2_q0         |   in|   12|   ap_memory|         buf_2|         array|
|buf_2_address1   |  out|    4|   ap_memory|         buf_2|         array|
|buf_2_ce1        |  out|    1|   ap_memory|         buf_2|         array|
|buf_2_we1        |  out|    1|   ap_memory|         buf_2|         array|
|buf_2_d1         |  out|   12|   ap_memory|         buf_2|         array|
|buf_2_q1         |   in|   12|   ap_memory|         buf_2|         array|
|buf_3_address0   |  out|    4|   ap_memory|         buf_3|         array|
|buf_3_ce0        |  out|    1|   ap_memory|         buf_3|         array|
|buf_3_we0        |  out|    1|   ap_memory|         buf_3|         array|
|buf_3_d0         |  out|   12|   ap_memory|         buf_3|         array|
|buf_3_q0         |   in|   12|   ap_memory|         buf_3|         array|
|buf_3_address1   |  out|    4|   ap_memory|         buf_3|         array|
|buf_3_ce1        |  out|    1|   ap_memory|         buf_3|         array|
|buf_3_we1        |  out|    1|   ap_memory|         buf_3|         array|
|buf_3_d1         |  out|   12|   ap_memory|         buf_3|         array|
|buf_3_q1         |   in|   12|   ap_memory|         buf_3|         array|
|buf_4_address0   |  out|    4|   ap_memory|         buf_4|         array|
|buf_4_ce0        |  out|    1|   ap_memory|         buf_4|         array|
|buf_4_we0        |  out|    1|   ap_memory|         buf_4|         array|
|buf_4_d0         |  out|   12|   ap_memory|         buf_4|         array|
|buf_4_q0         |   in|   12|   ap_memory|         buf_4|         array|
|buf_4_address1   |  out|    4|   ap_memory|         buf_4|         array|
|buf_4_ce1        |  out|    1|   ap_memory|         buf_4|         array|
|buf_4_we1        |  out|    1|   ap_memory|         buf_4|         array|
|buf_4_d1         |  out|   12|   ap_memory|         buf_4|         array|
|buf_4_q1         |   in|   12|   ap_memory|         buf_4|         array|
|buf_5_address0   |  out|    4|   ap_memory|         buf_5|         array|
|buf_5_ce0        |  out|    1|   ap_memory|         buf_5|         array|
|buf_5_we0        |  out|    1|   ap_memory|         buf_5|         array|
|buf_5_d0         |  out|   12|   ap_memory|         buf_5|         array|
|buf_5_q0         |   in|   12|   ap_memory|         buf_5|         array|
|buf_5_address1   |  out|    4|   ap_memory|         buf_5|         array|
|buf_5_ce1        |  out|    1|   ap_memory|         buf_5|         array|
|buf_5_we1        |  out|    1|   ap_memory|         buf_5|         array|
|buf_5_d1         |  out|   12|   ap_memory|         buf_5|         array|
|buf_5_q1         |   in|   12|   ap_memory|         buf_5|         array|
|buf_6_address0   |  out|    4|   ap_memory|         buf_6|         array|
|buf_6_ce0        |  out|    1|   ap_memory|         buf_6|         array|
|buf_6_we0        |  out|    1|   ap_memory|         buf_6|         array|
|buf_6_d0         |  out|   12|   ap_memory|         buf_6|         array|
|buf_6_q0         |   in|   12|   ap_memory|         buf_6|         array|
|buf_6_address1   |  out|    4|   ap_memory|         buf_6|         array|
|buf_6_ce1        |  out|    1|   ap_memory|         buf_6|         array|
|buf_6_we1        |  out|    1|   ap_memory|         buf_6|         array|
|buf_6_d1         |  out|   12|   ap_memory|         buf_6|         array|
|buf_6_q1         |   in|   12|   ap_memory|         buf_6|         array|
|buf_7_address0   |  out|    4|   ap_memory|         buf_7|         array|
|buf_7_ce0        |  out|    1|   ap_memory|         buf_7|         array|
|buf_7_we0        |  out|    1|   ap_memory|         buf_7|         array|
|buf_7_d0         |  out|   12|   ap_memory|         buf_7|         array|
|buf_7_q0         |   in|   12|   ap_memory|         buf_7|         array|
|buf_7_address1   |  out|    4|   ap_memory|         buf_7|         array|
|buf_7_ce1        |  out|    1|   ap_memory|         buf_7|         array|
|buf_7_we1        |  out|    1|   ap_memory|         buf_7|         array|
|buf_7_d1         |  out|   12|   ap_memory|         buf_7|         array|
|buf_7_q1         |   in|   12|   ap_memory|         buf_7|         array|
|buf_8_address0   |  out|    4|   ap_memory|         buf_8|         array|
|buf_8_ce0        |  out|    1|   ap_memory|         buf_8|         array|
|buf_8_we0        |  out|    1|   ap_memory|         buf_8|         array|
|buf_8_d0         |  out|   12|   ap_memory|         buf_8|         array|
|buf_8_q0         |   in|   12|   ap_memory|         buf_8|         array|
|buf_8_address1   |  out|    4|   ap_memory|         buf_8|         array|
|buf_8_ce1        |  out|    1|   ap_memory|         buf_8|         array|
|buf_8_we1        |  out|    1|   ap_memory|         buf_8|         array|
|buf_8_d1         |  out|   12|   ap_memory|         buf_8|         array|
|buf_8_q1         |   in|   12|   ap_memory|         buf_8|         array|
|buf_9_address0   |  out|    4|   ap_memory|         buf_9|         array|
|buf_9_ce0        |  out|    1|   ap_memory|         buf_9|         array|
|buf_9_we0        |  out|    1|   ap_memory|         buf_9|         array|
|buf_9_d0         |  out|   12|   ap_memory|         buf_9|         array|
|buf_9_q0         |   in|   12|   ap_memory|         buf_9|         array|
|buf_9_address1   |  out|    4|   ap_memory|         buf_9|         array|
|buf_9_ce1        |  out|    1|   ap_memory|         buf_9|         array|
|buf_9_we1        |  out|    1|   ap_memory|         buf_9|         array|
|buf_9_d1         |  out|   12|   ap_memory|         buf_9|         array|
|buf_9_q1         |   in|   12|   ap_memory|         buf_9|         array|
|buf_10_address0  |  out|    4|   ap_memory|        buf_10|         array|
|buf_10_ce0       |  out|    1|   ap_memory|        buf_10|         array|
|buf_10_we0       |  out|    1|   ap_memory|        buf_10|         array|
|buf_10_d0        |  out|   12|   ap_memory|        buf_10|         array|
|buf_10_q0        |   in|   12|   ap_memory|        buf_10|         array|
|buf_10_address1  |  out|    4|   ap_memory|        buf_10|         array|
|buf_10_ce1       |  out|    1|   ap_memory|        buf_10|         array|
|buf_10_we1       |  out|    1|   ap_memory|        buf_10|         array|
|buf_10_d1        |  out|   12|   ap_memory|        buf_10|         array|
|buf_10_q1        |   in|   12|   ap_memory|        buf_10|         array|
|buf_11_address0  |  out|    4|   ap_memory|        buf_11|         array|
|buf_11_ce0       |  out|    1|   ap_memory|        buf_11|         array|
|buf_11_we0       |  out|    1|   ap_memory|        buf_11|         array|
|buf_11_d0        |  out|   12|   ap_memory|        buf_11|         array|
|buf_11_q0        |   in|   12|   ap_memory|        buf_11|         array|
|buf_11_address1  |  out|    4|   ap_memory|        buf_11|         array|
|buf_11_ce1       |  out|    1|   ap_memory|        buf_11|         array|
|buf_11_we1       |  out|    1|   ap_memory|        buf_11|         array|
|buf_11_d1        |  out|   12|   ap_memory|        buf_11|         array|
|buf_11_q1        |   in|   12|   ap_memory|        buf_11|         array|
|buf_12_address0  |  out|    4|   ap_memory|        buf_12|         array|
|buf_12_ce0       |  out|    1|   ap_memory|        buf_12|         array|
|buf_12_we0       |  out|    1|   ap_memory|        buf_12|         array|
|buf_12_d0        |  out|   12|   ap_memory|        buf_12|         array|
|buf_12_q0        |   in|   12|   ap_memory|        buf_12|         array|
|buf_12_address1  |  out|    4|   ap_memory|        buf_12|         array|
|buf_12_ce1       |  out|    1|   ap_memory|        buf_12|         array|
|buf_12_we1       |  out|    1|   ap_memory|        buf_12|         array|
|buf_12_d1        |  out|   12|   ap_memory|        buf_12|         array|
|buf_12_q1        |   in|   12|   ap_memory|        buf_12|         array|
|buf_13_address0  |  out|    4|   ap_memory|        buf_13|         array|
|buf_13_ce0       |  out|    1|   ap_memory|        buf_13|         array|
|buf_13_we0       |  out|    1|   ap_memory|        buf_13|         array|
|buf_13_d0        |  out|   12|   ap_memory|        buf_13|         array|
|buf_13_q0        |   in|   12|   ap_memory|        buf_13|         array|
|buf_13_address1  |  out|    4|   ap_memory|        buf_13|         array|
|buf_13_ce1       |  out|    1|   ap_memory|        buf_13|         array|
|buf_13_we1       |  out|    1|   ap_memory|        buf_13|         array|
|buf_13_d1        |  out|   12|   ap_memory|        buf_13|         array|
|buf_13_q1        |   in|   12|   ap_memory|        buf_13|         array|
|buf_14_address0  |  out|    4|   ap_memory|        buf_14|         array|
|buf_14_ce0       |  out|    1|   ap_memory|        buf_14|         array|
|buf_14_we0       |  out|    1|   ap_memory|        buf_14|         array|
|buf_14_d0        |  out|   12|   ap_memory|        buf_14|         array|
|buf_14_q0        |   in|   12|   ap_memory|        buf_14|         array|
|buf_14_address1  |  out|    4|   ap_memory|        buf_14|         array|
|buf_14_ce1       |  out|    1|   ap_memory|        buf_14|         array|
|buf_14_we1       |  out|    1|   ap_memory|        buf_14|         array|
|buf_14_d1        |  out|   12|   ap_memory|        buf_14|         array|
|buf_14_q1        |   in|   12|   ap_memory|        buf_14|         array|
|buf_15_address0  |  out|    4|   ap_memory|        buf_15|         array|
|buf_15_ce0       |  out|    1|   ap_memory|        buf_15|         array|
|buf_15_we0       |  out|    1|   ap_memory|        buf_15|         array|
|buf_15_d0        |  out|   12|   ap_memory|        buf_15|         array|
|buf_15_q0        |   in|   12|   ap_memory|        buf_15|         array|
|buf_15_address1  |  out|    4|   ap_memory|        buf_15|         array|
|buf_15_ce1       |  out|    1|   ap_memory|        buf_15|         array|
|buf_15_we1       |  out|    1|   ap_memory|        buf_15|         array|
|buf_15_d1        |  out|   12|   ap_memory|        buf_15|         array|
|buf_15_q1        |   in|   12|   ap_memory|        buf_15|         array|
+-----------------+-----+-----+------------+--------------+--------------+

