

================================================================
== Vitis HLS Report for 'load_all'
================================================================
* Date:           Thu Jun 11 23:16:45 2026

* Version:        2023.2 (Build 4023990 on Oct 11 2023)
* Project:        ntt_kyber
* Solution:       solution1 (Vivado IP Flow Target)
* Product family: zynquplus
* Target device:  xck26-sfvc784-2LV-c


================================================================
== Performance Estimates
================================================================
+ Timing: 
    * Summary: 
    +--------+----------+----------+------------+
    |  Clock |  Target  | Estimated| Uncertainty|
    +--------+----------+----------+------------+
    |ap_clk  |  10.00 ns|  7.300 ns|     2.70 ns|
    +--------+----------+----------+------------+

+ Latency: 
    * Summary: 
    +---------+---------+----------+-----------+-----+------+---------+
    |  Latency (cycles) |  Latency (absolute)  |  Interval  | Pipeline|
    |   min   |   max   |    min   |    max    | min |  max |   Type  |
    +---------+---------+----------+-----------+-----+------+---------+
    |      269|     4109|  2.690 us|  41.090 us|  269|  4109|       no|
    +---------+---------+----------+-----------+-----+------+---------+

    + Detail: 
        * Instance: 
        +----------------------------------------+-----------------------------+---------+---------+----------+-----------+-----+------+---------+
        |                                        |                             |  Latency (cycles) |  Latency (absolute)  |  Interval  | Pipeline|
        |                Instance                |            Module           |   min   |   max   |    min   |    max    | min |  max |   Type  |
        +----------------------------------------+-----------------------------+---------+---------+----------+-----------+-----+------+---------+
        |grp_load_all_Pipeline_LD_BLK_LD_fu_106  |load_all_Pipeline_LD_BLK_LD  |      259|     4099|  2.590 us|  40.990 us|  259|  4099|       no|
        +----------------------------------------+-----------------------------+---------+---------+----------+-----------+-----+------+---------+

        * Loop: 
        N/A



================================================================
== Utilization Estimates
================================================================
* Summary: 
+-----------------+---------+------+--------+--------+-----+
|       Name      | BRAM_18K|  DSP |   FF   |   LUT  | URAM|
+-----------------+---------+------+--------+--------+-----+
|DSP              |        -|     -|       -|       -|    -|
|Expression       |        -|     -|       0|      75|    -|
|FIFO             |        -|     -|       -|       -|    -|
|Instance         |        -|     -|     440|     288|    -|
|Memory           |        -|     -|       -|       -|    -|
|Multiplexer      |        -|     -|       -|     392|    -|
|Register         |        -|     -|     194|       -|    -|
+-----------------+---------+------+--------+--------+-----+
|Total            |        0|     0|     634|     755|    0|
+-----------------+---------+------+--------+--------+-----+
|Available        |      288|  1248|  234240|  117120|   64|
+-----------------+---------+------+--------+--------+-----+
|Utilization (%)  |        0|     0|      ~0|      ~0|    0|
+-----------------+---------+------+--------+--------+-----+

+ Detail: 
    * Instance: 
    +----------------------------------------+-----------------------------+---------+----+-----+-----+-----+
    |                Instance                |            Module           | BRAM_18K| DSP|  FF | LUT | URAM|
    +----------------------------------------+-----------------------------+---------+----+-----+-----+-----+
    |grp_load_all_Pipeline_LD_BLK_LD_fu_106  |load_all_Pipeline_LD_BLK_LD  |        0|   0|  440|  288|    0|
    +----------------------------------------+-----------------------------+---------+----+-----+-----+-----+
    |Total                                   |                             |        0|   0|  440|  288|    0|
    +----------------------------------------+-----------------------------+---------+----+-----+-----+-----+

    * DSP: 
    N/A

    * Memory: 
    N/A

    * FIFO: 
    N/A

    * Expression: 
    +----------------------+----------+----+---+----+------------+------------+
    |     Variable Name    | Operation| DSP| FF| LUT| Bitwidth P0| Bitwidth P1|
    +----------------------+----------+----+---+----+------------+------------+
    |icmp_ln161_fu_121_p2  |      icmp|   0|  0|  39|          32|           1|
    |ap_block_state1       |        or|   0|  0|   2|           1|           1|
    |ap_block_state2_io    |        or|   0|  0|   2|           1|           1|
    |empty_fu_133_p3       |    select|   0|  0|  32|           1|          32|
    +----------------------+----------+----+---+----+------------+------------+
    |Total                 |          |   0|  0|  75|          35|          35|
    +----------------------+----------+----+---+----+------------+------------+

    * Multiplexer: 
    +----------------------+----+-----------+-----+-----------+
    |         Name         | LUT| Input Size| Bits| Total Bits|
    +----------------------+----+-----------+-----+-----------+
    |ap_NS_fsm             |  65|         12|    1|         12|
    |ap_done               |   9|          2|    1|          2|
    |batch_size_c15_blk_n  |   9|          2|    1|          2|
    |gmem0_blk_n_AR        |   9|          2|    1|          2|
    |gmem1_blk_n_AR        |   9|          2|    1|          2|
    |m_axi_gmem0_ARADDR    |  14|          3|   64|        192|
    |m_axi_gmem0_ARBURST   |   9|          2|    2|          4|
    |m_axi_gmem0_ARCACHE   |   9|          2|    4|          8|
    |m_axi_gmem0_ARID      |   9|          2|    1|          2|
    |m_axi_gmem0_ARLEN     |  14|          3|   32|         96|
    |m_axi_gmem0_ARLOCK    |   9|          2|    2|          4|
    |m_axi_gmem0_ARPROT    |   9|          2|    3|          6|
    |m_axi_gmem0_ARQOS     |   9|          2|    4|          8|
    |m_axi_gmem0_ARREGION  |   9|          2|    4|          8|
    |m_axi_gmem0_ARSIZE    |   9|          2|    3|          6|
    |m_axi_gmem0_ARUSER    |   9|          2|    1|          2|
    |m_axi_gmem0_ARVALID   |  14|          3|    1|          3|
    |m_axi_gmem0_RREADY    |   9|          2|    1|          2|
    |m_axi_gmem1_ARADDR    |  14|          3|   64|        192|
    |m_axi_gmem1_ARBURST   |   9|          2|    2|          4|
    |m_axi_gmem1_ARCACHE   |   9|          2|    4|          8|
    |m_axi_gmem1_ARID      |   9|          2|    1|          2|
    |m_axi_gmem1_ARLEN     |  14|          3|   32|         96|
    |m_axi_gmem1_ARLOCK    |   9|          2|    2|          4|
    |m_axi_gmem1_ARPROT    |   9|          2|    3|          6|
    |m_axi_gmem1_ARQOS     |   9|          2|    4|          8|
    |m_axi_gmem1_ARREGION  |   9|          2|    4|          8|
    |m_axi_gmem1_ARSIZE    |   9|          2|    3|          6|
    |m_axi_gmem1_ARUSER    |   9|          2|    1|          2|
    |m_axi_gmem1_ARVALID   |  14|          3|    1|          3|
    |m_axi_gmem1_RREADY    |   9|          2|    1|          2|
    |real_start            |   9|          2|    1|          2|
    |sA0_write             |   9|          2|    1|          2|
    |sB0_write             |   9|          2|    1|          2|
    +----------------------+----+-----------+-----+-----------+
    |Total                 | 392|         84|  252|        708|
    +----------------------+----+-----------+-----+-----------+

    * Register: 
    +-----------------------------------------------------+----+----+-----+-----------+
    |                         Name                        | FF | LUT| Bits| Const Bits|
    +-----------------------------------------------------+----+----+-----+-----------+
    |ap_CS_fsm                                            |  11|   0|   11|          0|
    |ap_done_reg                                          |   1|   0|    1|          0|
    |empty_reg_196                                        |  24|   0|   32|          8|
    |grp_load_all_Pipeline_LD_BLK_LD_fu_106_ap_start_reg  |   1|   0|    1|          0|
    |start_once_reg                                       |   1|   0|    1|          0|
    |tmp_s_reg_222                                        |  32|   0|   36|          4|
    |trunc_ln161_1_reg_212                                |  62|   0|   62|          0|
    |trunc_ln_reg_202                                     |  62|   0|   62|          0|
    +-----------------------------------------------------+----+----+-----+-----------+
    |Total                                                | 194|   0|  206|         12|
    +-----------------------------------------------------+----+----+-----+-----------+



================================================================
== Interface
================================================================
* Summary: 
+-------------------------------+-----+-----+------------+----------------+--------------+
|           RTL Ports           | Dir | Bits|  Protocol  |  Source Object |    C Type    |
+-------------------------------+-----+-----+------------+----------------+--------------+
|ap_clk                         |   in|    1|  ap_ctrl_hs|        load_all|  return value|
|ap_rst                         |   in|    1|  ap_ctrl_hs|        load_all|  return value|
|ap_start                       |   in|    1|  ap_ctrl_hs|        load_all|  return value|
|start_full_n                   |   in|    1|  ap_ctrl_hs|        load_all|  return value|
|ap_done                        |  out|    1|  ap_ctrl_hs|        load_all|  return value|
|ap_continue                    |   in|    1|  ap_ctrl_hs|        load_all|  return value|
|ap_idle                        |  out|    1|  ap_ctrl_hs|        load_all|  return value|
|ap_ready                       |  out|    1|  ap_ctrl_hs|        load_all|  return value|
|start_out                      |  out|    1|  ap_ctrl_hs|        load_all|  return value|
|start_write                    |  out|    1|  ap_ctrl_hs|        load_all|  return value|
|m_axi_gmem0_AWVALID            |  out|    1|       m_axi|           gmem0|       pointer|
|m_axi_gmem0_AWREADY            |   in|    1|       m_axi|           gmem0|       pointer|
|m_axi_gmem0_AWADDR             |  out|   64|       m_axi|           gmem0|       pointer|
|m_axi_gmem0_AWID               |  out|    1|       m_axi|           gmem0|       pointer|
|m_axi_gmem0_AWLEN              |  out|   32|       m_axi|           gmem0|       pointer|
|m_axi_gmem0_AWSIZE             |  out|    3|       m_axi|           gmem0|       pointer|
|m_axi_gmem0_AWBURST            |  out|    2|       m_axi|           gmem0|       pointer|
|m_axi_gmem0_AWLOCK             |  out|    2|       m_axi|           gmem0|       pointer|
|m_axi_gmem0_AWCACHE            |  out|    4|       m_axi|           gmem0|       pointer|
|m_axi_gmem0_AWPROT             |  out|    3|       m_axi|           gmem0|       pointer|
|m_axi_gmem0_AWQOS              |  out|    4|       m_axi|           gmem0|       pointer|
|m_axi_gmem0_AWREGION           |  out|    4|       m_axi|           gmem0|       pointer|
|m_axi_gmem0_AWUSER             |  out|    1|       m_axi|           gmem0|       pointer|
|m_axi_gmem0_WVALID             |  out|    1|       m_axi|           gmem0|       pointer|
|m_axi_gmem0_WREADY             |   in|    1|       m_axi|           gmem0|       pointer|
|m_axi_gmem0_WDATA              |  out|   32|       m_axi|           gmem0|       pointer|
|m_axi_gmem0_WSTRB              |  out|    4|       m_axi|           gmem0|       pointer|
|m_axi_gmem0_WLAST              |  out|    1|       m_axi|           gmem0|       pointer|
|m_axi_gmem0_WID                |  out|    1|       m_axi|           gmem0|       pointer|
|m_axi_gmem0_WUSER              |  out|    1|       m_axi|           gmem0|       pointer|
|m_axi_gmem0_ARVALID            |  out|    1|       m_axi|           gmem0|       pointer|
|m_axi_gmem0_ARREADY            |   in|    1|       m_axi|           gmem0|       pointer|
|m_axi_gmem0_ARADDR             |  out|   64|       m_axi|           gmem0|       pointer|
|m_axi_gmem0_ARID               |  out|    1|       m_axi|           gmem0|       pointer|
|m_axi_gmem0_ARLEN              |  out|   32|       m_axi|           gmem0|       pointer|
|m_axi_gmem0_ARSIZE             |  out|    3|       m_axi|           gmem0|       pointer|
|m_axi_gmem0_ARBURST            |  out|    2|       m_axi|           gmem0|       pointer|
|m_axi_gmem0_ARLOCK             |  out|    2|       m_axi|           gmem0|       pointer|
|m_axi_gmem0_ARCACHE            |  out|    4|       m_axi|           gmem0|       pointer|
|m_axi_gmem0_ARPROT             |  out|    3|       m_axi|           gmem0|       pointer|
|m_axi_gmem0_ARQOS              |  out|    4|       m_axi|           gmem0|       pointer|
|m_axi_gmem0_ARREGION           |  out|    4|       m_axi|           gmem0|       pointer|
|m_axi_gmem0_ARUSER             |  out|    1|       m_axi|           gmem0|       pointer|
|m_axi_gmem0_RVALID             |   in|    1|       m_axi|           gmem0|       pointer|
|m_axi_gmem0_RREADY             |  out|    1|       m_axi|           gmem0|       pointer|
|m_axi_gmem0_RDATA              |   in|   32|       m_axi|           gmem0|       pointer|
|m_axi_gmem0_RLAST              |   in|    1|       m_axi|           gmem0|       pointer|
|m_axi_gmem0_RID                |   in|    1|       m_axi|           gmem0|       pointer|
|m_axi_gmem0_RFIFONUM           |   in|    9|       m_axi|           gmem0|       pointer|
|m_axi_gmem0_RUSER              |   in|    1|       m_axi|           gmem0|       pointer|
|m_axi_gmem0_RRESP              |   in|    2|       m_axi|           gmem0|       pointer|
|m_axi_gmem0_BVALID             |   in|    1|       m_axi|           gmem0|       pointer|
|m_axi_gmem0_BREADY             |  out|    1|       m_axi|           gmem0|       pointer|
|m_axi_gmem0_BRESP              |   in|    2|       m_axi|           gmem0|       pointer|
|m_axi_gmem0_BID                |   in|    1|       m_axi|           gmem0|       pointer|
|m_axi_gmem0_BUSER              |   in|    1|       m_axi|           gmem0|       pointer|
|a                              |   in|   64|     ap_none|               a|        scalar|
|m_axi_gmem1_AWVALID            |  out|    1|       m_axi|           gmem1|       pointer|
|m_axi_gmem1_AWREADY            |   in|    1|       m_axi|           gmem1|       pointer|
|m_axi_gmem1_AWADDR             |  out|   64|       m_axi|           gmem1|       pointer|
|m_axi_gmem1_AWID               |  out|    1|       m_axi|           gmem1|       pointer|
|m_axi_gmem1_AWLEN              |  out|   32|       m_axi|           gmem1|       pointer|
|m_axi_gmem1_AWSIZE             |  out|    3|       m_axi|           gmem1|       pointer|
|m_axi_gmem1_AWBURST            |  out|    2|       m_axi|           gmem1|       pointer|
|m_axi_gmem1_AWLOCK             |  out|    2|       m_axi|           gmem1|       pointer|
|m_axi_gmem1_AWCACHE            |  out|    4|       m_axi|           gmem1|       pointer|
|m_axi_gmem1_AWPROT             |  out|    3|       m_axi|           gmem1|       pointer|
|m_axi_gmem1_AWQOS              |  out|    4|       m_axi|           gmem1|       pointer|
|m_axi_gmem1_AWREGION           |  out|    4|       m_axi|           gmem1|       pointer|
|m_axi_gmem1_AWUSER             |  out|    1|       m_axi|           gmem1|       pointer|
|m_axi_gmem1_WVALID             |  out|    1|       m_axi|           gmem1|       pointer|
|m_axi_gmem1_WREADY             |   in|    1|       m_axi|           gmem1|       pointer|
|m_axi_gmem1_WDATA              |  out|   32|       m_axi|           gmem1|       pointer|
|m_axi_gmem1_WSTRB              |  out|    4|       m_axi|           gmem1|       pointer|
|m_axi_gmem1_WLAST              |  out|    1|       m_axi|           gmem1|       pointer|
|m_axi_gmem1_WID                |  out|    1|       m_axi|           gmem1|       pointer|
|m_axi_gmem1_WUSER              |  out|    1|       m_axi|           gmem1|       pointer|
|m_axi_gmem1_ARVALID            |  out|    1|       m_axi|           gmem1|       pointer|
|m_axi_gmem1_ARREADY            |   in|    1|       m_axi|           gmem1|       pointer|
|m_axi_gmem1_ARADDR             |  out|   64|       m_axi|           gmem1|       pointer|
|m_axi_gmem1_ARID               |  out|    1|       m_axi|           gmem1|       pointer|
|m_axi_gmem1_ARLEN              |  out|   32|       m_axi|           gmem1|       pointer|
|m_axi_gmem1_ARSIZE             |  out|    3|       m_axi|           gmem1|       pointer|
|m_axi_gmem1_ARBURST            |  out|    2|       m_axi|           gmem1|       pointer|
|m_axi_gmem1_ARLOCK             |  out|    2|       m_axi|           gmem1|       pointer|
|m_axi_gmem1_ARCACHE            |  out|    4|       m_axi|           gmem1|       pointer|
|m_axi_gmem1_ARPROT             |  out|    3|       m_axi|           gmem1|       pointer|
|m_axi_gmem1_ARQOS              |  out|    4|       m_axi|           gmem1|       pointer|
|m_axi_gmem1_ARREGION           |  out|    4|       m_axi|           gmem1|       pointer|
|m_axi_gmem1_ARUSER             |  out|    1|       m_axi|           gmem1|       pointer|
|m_axi_gmem1_RVALID             |   in|    1|       m_axi|           gmem1|       pointer|
|m_axi_gmem1_RREADY             |  out|    1|       m_axi|           gmem1|       pointer|
|m_axi_gmem1_RDATA              |   in|   32|       m_axi|           gmem1|       pointer|
|m_axi_gmem1_RLAST              |   in|    1|       m_axi|           gmem1|       pointer|
|m_axi_gmem1_RID                |   in|    1|       m_axi|           gmem1|       pointer|
|m_axi_gmem1_RFIFONUM           |   in|    9|       m_axi|           gmem1|       pointer|
|m_axi_gmem1_RUSER              |   in|    1|       m_axi|           gmem1|       pointer|
|m_axi_gmem1_RRESP              |   in|    2|       m_axi|           gmem1|       pointer|
|m_axi_gmem1_BVALID             |   in|    1|       m_axi|           gmem1|       pointer|
|m_axi_gmem1_BREADY             |  out|    1|       m_axi|           gmem1|       pointer|
|m_axi_gmem1_BRESP              |   in|    2|       m_axi|           gmem1|       pointer|
|m_axi_gmem1_BID                |   in|    1|       m_axi|           gmem1|       pointer|
|m_axi_gmem1_BUSER              |   in|    1|       m_axi|           gmem1|       pointer|
|b                              |   in|   64|     ap_none|               b|        scalar|
|sA0_din                        |  out|  192|     ap_fifo|             sA0|       pointer|
|sA0_num_data_valid             |   in|    6|     ap_fifo|             sA0|       pointer|
|sA0_fifo_cap                   |   in|    6|     ap_fifo|             sA0|       pointer|
|sA0_full_n                     |   in|    1|     ap_fifo|             sA0|       pointer|
|sA0_write                      |  out|    1|     ap_fifo|             sA0|       pointer|
|sB0_din                        |  out|  192|     ap_fifo|             sB0|       pointer|
|sB0_num_data_valid             |   in|    6|     ap_fifo|             sB0|       pointer|
|sB0_fifo_cap                   |   in|    6|     ap_fifo|             sB0|       pointer|
|sB0_full_n                     |   in|    1|     ap_fifo|             sB0|       pointer|
|sB0_write                      |  out|    1|     ap_fifo|             sB0|       pointer|
|batch                          |   in|   32|     ap_none|           batch|        scalar|
|batch_size_c15_din             |  out|   32|     ap_fifo|  batch_size_c15|       pointer|
|batch_size_c15_num_data_valid  |   in|    3|     ap_fifo|  batch_size_c15|       pointer|
|batch_size_c15_fifo_cap        |   in|    3|     ap_fifo|  batch_size_c15|       pointer|
|batch_size_c15_full_n          |   in|    1|     ap_fifo|  batch_size_c15|       pointer|
|batch_size_c15_write           |  out|    1|     ap_fifo|  batch_size_c15|       pointer|
+-------------------------------+-----+-----+------------+----------------+--------------+

