

================================================================
== Vitis HLS Report for 'store_all_Pipeline_ST_BLK_ST'
================================================================
* Date:           Thu Jun 11 23:16:55 2026

* Version:        2023.2 (Build 4023990 on Oct 11 2023)
* Project:        ntt_kyber
* Solution:       solution1 (Vivado IP Flow Target)
* Product family: zynquplus
* Target device:  xck26-sfvc784-2LV-c


================================================================
== Performance Estimates
================================================================
+ Timing: 
    * Summary: 
    +--------+----------+----------+------------+
    |  Clock |  Target  | Estimated| Uncertainty|
    +--------+----------+----------+------------+
    |ap_clk  |  10.00 ns|  7.300 ns|     2.70 ns|
    +--------+----------+----------+------------+

+ Latency: 
    * Summary: 
    +---------+---------+----------+-----------+-----+------+---------+
    |  Latency (cycles) |  Latency (absolute)  |  Interval  | Pipeline|
    |   min   |   max   |    min   |    max    | min |  max |   Type  |
    +---------+---------+----------+-----------+-----+------+---------+
    |      259|     4099|  2.590 us|  40.990 us|  259|  4099|       no|
    +---------+---------+----------+-----------+-----+------+---------+

    + Detail: 
        * Instance: 
        N/A

        * Loop: 
        +-------------+---------+---------+----------+-----------+-----------+----------+----------+
        |             |  Latency (cycles) | Iteration|  Initiation Interval  |   Trip   |          |
        |  Loop Name  |   min   |   max   |  Latency |  achieved |   target  |   Count  | Pipelined|
        +-------------+---------+---------+----------+-----------+-----------+----------+----------+
        |- ST_BLK_ST  |      257|     4097|        18|         16|          1|  16 ~ 256|       yes|
        +-------------+---------+---------+----------+-----------+-----------+----------+----------+



================================================================
== Utilization Estimates
================================================================
* Summary: 
+-----------------+---------+------+--------+--------+-----+
|       Name      | BRAM_18K|  DSP |   FF   |   LUT  | URAM|
+-----------------+---------+------+--------+--------+-----+
|DSP              |        -|     -|       -|       -|    -|
|Expression       |        -|     -|       0|     126|    -|
|FIFO             |        -|     -|       -|       -|    -|
|Instance         |        -|     -|       -|       -|    -|
|Memory           |        -|     -|       -|       -|    -|
|Multiplexer      |        -|     -|       -|     225|    -|
|Register         |        -|     -|     248|       -|    -|
+-----------------+---------+------+--------+--------+-----+
|Total            |        0|     0|     248|     351|    0|
+-----------------+---------+------+--------+--------+-----+
|Available        |      288|  1248|  234240|  117120|   64|
+-----------------+---------+------+--------+--------+-----+
|Utilization (%)  |        0|     0|      ~0|      ~0|    0|
+-----------------+---------+------+--------+--------+-----+

+ Detail: 
    * Instance: 
    N/A

    * DSP: 
    N/A

    * Memory: 
    N/A

    * FIFO: 
    N/A

    * Expression: 
    +----------------------------------+----------+----+---+----+------------+------------+
    |           Variable Name          | Operation| DSP| FF| LUT| Bitwidth P0| Bitwidth P1|
    +----------------------------------+----------+----+---+----+------------+------------+
    |add_ln274_fu_287_p2               |         +|   0|  0|  43|          36|           1|
    |ap_block_pp0_stage0_11001         |       and|   0|  0|   2|           1|           1|
    |ap_block_pp0_stage10_11001        |       and|   0|  0|   2|           1|           1|
    |ap_block_pp0_stage11_11001        |       and|   0|  0|   2|           1|           1|
    |ap_block_pp0_stage12_11001        |       and|   0|  0|   2|           1|           1|
    |ap_block_pp0_stage13_11001        |       and|   0|  0|   2|           1|           1|
    |ap_block_pp0_stage14_11001        |       and|   0|  0|   2|           1|           1|
    |ap_block_pp0_stage15_11001        |       and|   0|  0|   2|           1|           1|
    |ap_block_pp0_stage1_11001         |       and|   0|  0|   2|           1|           1|
    |ap_block_pp0_stage2_01001         |       and|   0|  0|   2|           1|           1|
    |ap_block_pp0_stage3_11001         |       and|   0|  0|   2|           1|           1|
    |ap_block_pp0_stage4_11001         |       and|   0|  0|   2|           1|           1|
    |ap_block_pp0_stage5_11001         |       and|   0|  0|   2|           1|           1|
    |ap_block_pp0_stage6_11001         |       and|   0|  0|   2|           1|           1|
    |ap_block_pp0_stage7_11001         |       and|   0|  0|   2|           1|           1|
    |ap_block_pp0_stage8_11001         |       and|   0|  0|   2|           1|           1|
    |ap_block_pp0_stage9_11001         |       and|   0|  0|   2|           1|           1|
    |ap_block_state10_io               |       and|   0|  0|   2|           1|           1|
    |ap_block_state3_pp0_stage2_iter0  |       and|   0|  0|   2|           1|           1|
    |icmp_ln274_fu_282_p2              |      icmp|   0|  0|  43|          36|          36|
    |ap_block_pp0_stage2_11001         |        or|   0|  0|   2|           1|           1|
    |ap_enable_pp0                     |       xor|   0|  0|   2|           1|           2|
    +----------------------------------+----------+----+---+----+------------+------------+
    |Total                             |          |   0|  0| 126|          92|          58|
    +----------------------------------+----------+----+---+----+------------+------------+

    * Multiplexer: 
    +-----------------------------+----+-----------+-----+-----------+
    |             Name            | LUT| Input Size| Bits| Total Bits|
    +-----------------------------+----+-----------+-----+-----------+
    |ap_NS_fsm                    |  81|         17|    1|         17|
    |ap_done_int                  |   9|          2|    1|          2|
    |ap_enable_reg_pp0_iter0      |   9|          2|    1|          2|
    |ap_enable_reg_pp0_iter0_reg  |   9|          2|    1|          2|
    |ap_enable_reg_pp0_iter1      |   9|          2|    1|          2|
    |gmem2_blk_n_W                |   9|          2|    1|          2|
    |indvar_flatten_fu_120        |   9|          2|   36|         72|
    |m_axi_gmem2_WDATA            |  81|         17|   32|        544|
    |sC1_blk_n                    |   9|          2|    1|          2|
    +-----------------------------+----+-----------+-----+-----------+
    |Total                        | 225|         48|   75|        645|
    +-----------------------------+----+-----------+-----+-----------+

    * Register: 
    +-----------------------------+----+----+-----+-----------+
    |             Name            | FF | LUT| Bits| Const Bits|
    +-----------------------------+----+----+-----+-----------+
    |ap_CS_fsm                    |  16|   0|   16|          0|
    |ap_done_reg                  |   1|   0|    1|          0|
    |ap_enable_reg_pp0_iter0_reg  |   1|   0|    1|          0|
    |ap_enable_reg_pp0_iter1      |   1|   0|    1|          0|
    |bc_1_reg_567                 |  12|   0|   12|          0|
    |bc_reg_562                   |  12|   0|   12|          0|
    |icmp_ln274_reg_538           |   1|   0|    1|          0|
    |indvar_flatten_fu_120        |  36|   0|   36|          0|
    |tmp_10_reg_622               |  12|   0|   12|          0|
    |tmp_11_reg_627               |  12|   0|   12|          0|
    |tmp_12_reg_632               |  12|   0|   12|          0|
    |tmp_13_reg_637               |  12|   0|   12|          0|
    |tmp_1_reg_617                |  12|   0|   12|          0|
    |tmp_2_reg_572                |  12|   0|   12|          0|
    |tmp_3_reg_577                |  12|   0|   12|          0|
    |tmp_4_reg_582                |  12|   0|   12|          0|
    |tmp_5_reg_587                |  12|   0|   12|          0|
    |tmp_6_reg_592                |  12|   0|   12|          0|
    |tmp_7_reg_597                |  12|   0|   12|          0|
    |tmp_8_reg_602                |  12|   0|   12|          0|
    |tmp_9_reg_607                |  12|   0|   12|          0|
    |tmp_s_reg_612                |  12|   0|   12|          0|
    +-----------------------------+----+----+-----+-----------+
    |Total                        | 248|   0|  248|          0|
    +-----------------------------+----+----+-----+-----------+



================================================================
== Interface
================================================================
* Summary: 
+----------------------+-----+-----+------------+------------------------------+--------------+
|       RTL Ports      | Dir | Bits|  Protocol  |         Source Object        |    C Type    |
+----------------------+-----+-----+------------+------------------------------+--------------+
|ap_clk                |   in|    1|  ap_ctrl_hs|  store_all_Pipeline_ST_BLK_ST|  return value|
|ap_rst                |   in|    1|  ap_ctrl_hs|  store_all_Pipeline_ST_BLK_ST|  return value|
|ap_start              |   in|    1|  ap_ctrl_hs|  store_all_Pipeline_ST_BLK_ST|  return value|
|ap_done               |  out|    1|  ap_ctrl_hs|  store_all_Pipeline_ST_BLK_ST|  return value|
|ap_idle               |  out|    1|  ap_ctrl_hs|  store_all_Pipeline_ST_BLK_ST|  return value|
|ap_ready              |  out|    1|  ap_ctrl_hs|  store_all_Pipeline_ST_BLK_ST|  return value|
|sC1_dout              |   in|  192|     ap_fifo|                           sC1|       pointer|
|sC1_num_data_valid    |   in|    6|     ap_fifo|                           sC1|       pointer|
|sC1_fifo_cap          |   in|    6|     ap_fifo|                           sC1|       pointer|
|sC1_empty_n           |   in|    1|     ap_fifo|                           sC1|       pointer|
|sC1_read              |  out|    1|     ap_fifo|                           sC1|       pointer|
|m_axi_gmem2_AWVALID   |  out|    1|       m_axi|                         gmem2|       pointer|
|m_axi_gmem2_AWREADY   |   in|    1|       m_axi|                         gmem2|       pointer|
|m_axi_gmem2_AWADDR    |  out|   64|       m_axi|                         gmem2|       pointer|
|m_axi_gmem2_AWID      |  out|    1|       m_axi|                         gmem2|       pointer|
|m_axi_gmem2_AWLEN     |  out|   32|       m_axi|                         gmem2|       pointer|
|m_axi_gmem2_AWSIZE    |  out|    3|       m_axi|                         gmem2|       pointer|
|m_axi_gmem2_AWBURST   |  out|    2|       m_axi|                         gmem2|       pointer|
|m_axi_gmem2_AWLOCK    |  out|    2|       m_axi|                         gmem2|       pointer|
|m_axi_gmem2_AWCACHE   |  out|    4|       m_axi|                         gmem2|       pointer|
|m_axi_gmem2_AWPROT    |  out|    3|       m_axi|                         gmem2|       pointer|
|m_axi_gmem2_AWQOS     |  out|    4|       m_axi|                         gmem2|       pointer|
|m_axi_gmem2_AWREGION  |  out|    4|       m_axi|                         gmem2|       pointer|
|m_axi_gmem2_AWUSER    |  out|    1|       m_axi|                         gmem2|       pointer|
|m_axi_gmem2_WVALID    |  out|    1|       m_axi|                         gmem2|       pointer|
|m_axi_gmem2_WREADY    |   in|    1|       m_axi|                         gmem2|       pointer|
|m_axi_gmem2_WDATA     |  out|   32|       m_axi|                         gmem2|       pointer|
|m_axi_gmem2_WSTRB     |  out|    4|       m_axi|                         gmem2|       pointer|
|m_axi_gmem2_WLAST     |  out|    1|       m_axi|                         gmem2|       pointer|
|m_axi_gmem2_WID       |  out|    1|       m_axi|                         gmem2|       pointer|
|m_axi_gmem2_WUSER     |  out|    1|       m_axi|                         gmem2|       pointer|
|m_axi_gmem2_ARVALID   |  out|    1|       m_axi|                         gmem2|       pointer|
|m_axi_gmem2_ARREADY   |   in|    1|       m_axi|                         gmem2|       pointer|
|m_axi_gmem2_ARADDR    |  out|   64|       m_axi|                         gmem2|       pointer|
|m_axi_gmem2_ARID      |  out|    1|       m_axi|                         gmem2|       pointer|
|m_axi_gmem2_ARLEN     |  out|   32|       m_axi|                         gmem2|       pointer|
|m_axi_gmem2_ARSIZE    |  out|    3|       m_axi|                         gmem2|       pointer|
|m_axi_gmem2_ARBURST   |  out|    2|       m_axi|                         gmem2|       pointer|
|m_axi_gmem2_ARLOCK    |  out|    2|       m_axi|                         gmem2|       pointer|
|m_axi_gmem2_ARCACHE   |  out|    4|       m_axi|                         gmem2|       pointer|
|m_axi_gmem2_ARPROT    |  out|    3|       m_axi|                         gmem2|       pointer|
|m_axi_gmem2_ARQOS     |  out|    4|       m_axi|                         gmem2|       pointer|
|m_axi_gmem2_ARREGION  |  out|    4|       m_axi|                         gmem2|       pointer|
|m_axi_gmem2_ARUSER    |  out|    1|       m_axi|                         gmem2|       pointer|
|m_axi_gmem2_RVALID    |   in|    1|       m_axi|                         gmem2|       pointer|
|m_axi_gmem2_RREADY    |  out|    1|       m_axi|                         gmem2|       pointer|
|m_axi_gmem2_RDATA     |   in|   32|       m_axi|                         gmem2|       pointer|
|m_axi_gmem2_RLAST     |   in|    1|       m_axi|                         gmem2|       pointer|
|m_axi_gmem2_RID       |   in|    1|       m_axi|                         gmem2|       pointer|
|m_axi_gmem2_RFIFONUM  |   in|    9|       m_axi|                         gmem2|       pointer|
|m_axi_gmem2_RUSER     |   in|    1|       m_axi|                         gmem2|       pointer|
|m_axi_gmem2_RRESP     |   in|    2|       m_axi|                         gmem2|       pointer|
|m_axi_gmem2_BVALID    |   in|    1|       m_axi|                         gmem2|       pointer|
|m_axi_gmem2_BREADY    |  out|    1|       m_axi|                         gmem2|       pointer|
|m_axi_gmem2_BRESP     |   in|    2|       m_axi|                         gmem2|       pointer|
|m_axi_gmem2_BID       |   in|    1|       m_axi|                         gmem2|       pointer|
|m_axi_gmem2_BUSER     |   in|    1|       m_axi|                         gmem2|       pointer|
|bound                 |   in|   36|     ap_none|                         bound|        scalar|
|sext_ln274            |   in|   62|     ap_none|                    sext_ln274|        scalar|
+----------------------+-----+-----+------------+------------------------------+--------------+

