

================================================================
== Vitis HLS Report for 'store_all'
================================================================
* Date:           Thu Jun 11 23:16:55 2026

* Version:        2023.2 (Build 4023990 on Oct 11 2023)
* Project:        ntt_kyber
* Solution:       solution1 (Vivado IP Flow Target)
* Product family: zynquplus
* Target device:  xck26-sfvc784-2LV-c


================================================================
== Performance Estimates
================================================================
+ Timing: 
    * Summary: 
    +--------+----------+----------+------------+
    |  Clock |  Target  | Estimated| Uncertainty|
    +--------+----------+----------+------------+
    |ap_clk  |  10.00 ns|  7.300 ns|     2.70 ns|
    +--------+----------+----------+------------+

+ Latency: 
    * Summary: 
    +---------+---------+----------+-----------+-----+------+---------+
    |  Latency (cycles) |  Latency (absolute)  |  Interval  | Pipeline|
    |   min   |   max   |    min   |    max    | min |  max |   Type  |
    +---------+---------+----------+-----------+-----+------+---------+
    |      267|     4107|  2.670 us|  41.070 us|  267|  4107|       no|
    +---------+---------+----------+-----------+-----+------+---------+

    + Detail: 
        * Instance: 
        +----------------------------------------+------------------------------+---------+---------+----------+-----------+-----+------+---------+
        |                                        |                              |  Latency (cycles) |  Latency (absolute)  |  Interval  | Pipeline|
        |                Instance                |            Module            |   min   |   max   |    min   |    max    | min |  max |   Type  |
        +----------------------------------------+------------------------------+---------+---------+----------+-----------+-----+------+---------+
        |grp_store_all_Pipeline_ST_BLK_ST_fu_77  |store_all_Pipeline_ST_BLK_ST  |      259|     4099|  2.590 us|  40.990 us|  259|  4099|       no|
        +----------------------------------------+------------------------------+---------+---------+----------+-----------+-----+------+---------+

        * Loop: 
        N/A



================================================================
== Utilization Estimates
================================================================
* Summary: 
+-----------------+---------+------+--------+--------+-----+
|       Name      | BRAM_18K|  DSP |   FF   |   LUT  | URAM|
+-----------------+---------+------+--------+--------+-----+
|DSP              |        -|     -|       -|       -|    -|
|Expression       |        -|     -|       0|      73|    -|
|FIFO             |        -|     -|       -|       -|    -|
|Instance         |        -|     -|     248|     351|    -|
|Memory           |        -|     -|       -|       -|    -|
|Multiplexer      |        -|     -|       -|     254|    -|
|Register         |        -|     -|     161|       -|    -|
+-----------------+---------+------+--------+--------+-----+
|Total            |        0|     0|     409|     678|    0|
+-----------------+---------+------+--------+--------+-----+
|Available        |      288|  1248|  234240|  117120|   64|
+-----------------+---------+------+--------+--------+-----+
|Utilization (%)  |        0|     0|      ~0|      ~0|    0|
+-----------------+---------+------+--------+--------+-----+

+ Detail: 
    * Instance: 
    +----------------------------------------+------------------------------+---------+----+-----+-----+-----+
    |                Instance                |            Module            | BRAM_18K| DSP|  FF | LUT | URAM|
    +----------------------------------------+------------------------------+---------+----+-----+-----+-----+
    |grp_store_all_Pipeline_ST_BLK_ST_fu_77  |store_all_Pipeline_ST_BLK_ST  |        0|   0|  248|  351|    0|
    +----------------------------------------+------------------------------+---------+----+-----+-----+-----+
    |Total                                   |                              |        0|   0|  248|  351|    0|
    +----------------------------------------+------------------------------+---------+----+-----+-----+-----+

    * DSP: 
    N/A

    * Memory: 
    N/A

    * FIFO: 
    N/A

    * Expression: 
    +---------------------+----------+----+---+----+------------+------------+
    |    Variable Name    | Operation| DSP| FF| LUT| Bitwidth P0| Bitwidth P1|
    +---------------------+----------+----+---+----+------------+------------+
    |icmp_ln274_fu_87_p2  |      icmp|   0|  0|  39|          32|           1|
    |ap_block_state1      |        or|   0|  0|   2|           1|           1|
    |empty_fu_109_p3      |    select|   0|  0|  32|           1|          32|
    +---------------------+----------+----+---+----+------------+------------+
    |Total                |          |   0|  0|  73|          34|          34|
    +---------------------+----------+----+---+----+------------+------------+

    * Multiplexer: 
    +----------------------+----+-----------+-----+-----------+
    |         Name         | LUT| Input Size| Bits| Total Bits|
    +----------------------+----+-----------+-----+-----------+
    |ap_NS_fsm             |  54|         10|    1|         10|
    |ap_done               |   9|          2|    1|          2|
    |batch_blk_n           |   9|          2|    1|          2|
    |c_blk_n               |   9|          2|    1|          2|
    |gmem2_blk_n_AW        |   9|          2|    1|          2|
    |gmem2_blk_n_B         |   9|          2|    1|          2|
    |m_axi_gmem2_AWADDR    |  14|          3|   64|        192|
    |m_axi_gmem2_AWBURST   |   9|          2|    2|          4|
    |m_axi_gmem2_AWCACHE   |   9|          2|    4|          8|
    |m_axi_gmem2_AWID      |   9|          2|    1|          2|
    |m_axi_gmem2_AWLEN     |  14|          3|   32|         96|
    |m_axi_gmem2_AWLOCK    |   9|          2|    2|          4|
    |m_axi_gmem2_AWPROT    |   9|          2|    3|          6|
    |m_axi_gmem2_AWQOS     |   9|          2|    4|          8|
    |m_axi_gmem2_AWREGION  |   9|          2|    4|          8|
    |m_axi_gmem2_AWSIZE    |   9|          2|    3|          6|
    |m_axi_gmem2_AWUSER    |   9|          2|    1|          2|
    |m_axi_gmem2_AWVALID   |  14|          3|    1|          3|
    |m_axi_gmem2_BREADY    |  14|          3|    1|          3|
    |m_axi_gmem2_WVALID    |   9|          2|    1|          2|
    |sC1_read              |   9|          2|    1|          2|
    +----------------------+----+-----------+-----+-----------+
    |Total                 | 254|         54|  130|        366|
    +----------------------+----+-----------+-----+-----------+

    * Register: 
    +-----------------------------------------------------+----+----+-----+-----------+
    |                         Name                        | FF | LUT| Bits| Const Bits|
    +-----------------------------------------------------+----+----+-----+-----------+
    |ap_CS_fsm                                            |   9|   0|    9|          0|
    |ap_done_reg                                          |   1|   0|    1|          0|
    |batch_1_reg_135                                      |  32|   0|   32|          0|
    |empty_reg_146                                        |  24|   0|   32|          8|
    |grp_store_all_Pipeline_ST_BLK_ST_fu_77_ap_start_reg  |   1|   0|    1|          0|
    |tmp_1_reg_156                                        |  32|   0|   36|          4|
    |trunc_ln_reg_140                                     |  62|   0|   62|          0|
    +-----------------------------------------------------+----+----+-----+-----------+
    |Total                                                | 161|   0|  173|         12|
    +-----------------------------------------------------+----+----+-----+-----------+



================================================================
== Interface
================================================================
* Summary: 
+----------------------+-----+-----+------------+--------------+--------------+
|       RTL Ports      | Dir | Bits|  Protocol  | Source Object|    C Type    |
+----------------------+-----+-----+------------+--------------+--------------+
|ap_clk                |   in|    1|  ap_ctrl_hs|     store_all|  return value|
|ap_rst                |   in|    1|  ap_ctrl_hs|     store_all|  return value|
|ap_start              |   in|    1|  ap_ctrl_hs|     store_all|  return value|
|ap_done               |  out|    1|  ap_ctrl_hs|     store_all|  return value|
|ap_continue           |   in|    1|  ap_ctrl_hs|     store_all|  return value|
|ap_idle               |  out|    1|  ap_ctrl_hs|     store_all|  return value|
|ap_ready              |  out|    1|  ap_ctrl_hs|     store_all|  return value|
|sC1_dout              |   in|  192|     ap_fifo|           sC1|       pointer|
|sC1_num_data_valid    |   in|    6|     ap_fifo|           sC1|       pointer|
|sC1_fifo_cap          |   in|    6|     ap_fifo|           sC1|       pointer|
|sC1_empty_n           |   in|    1|     ap_fifo|           sC1|       pointer|
|sC1_read              |  out|    1|     ap_fifo|           sC1|       pointer|
|m_axi_gmem2_AWVALID   |  out|    1|       m_axi|         gmem2|       pointer|
|m_axi_gmem2_AWREADY   |   in|    1|       m_axi|         gmem2|       pointer|
|m_axi_gmem2_AWADDR    |  out|   64|       m_axi|         gmem2|       pointer|
|m_axi_gmem2_AWID      |  out|    1|       m_axi|         gmem2|       pointer|
|m_axi_gmem2_AWLEN     |  out|   32|       m_axi|         gmem2|       pointer|
|m_axi_gmem2_AWSIZE    |  out|    3|       m_axi|         gmem2|       pointer|
|m_axi_gmem2_AWBURST   |  out|    2|       m_axi|         gmem2|       pointer|
|m_axi_gmem2_AWLOCK    |  out|    2|       m_axi|         gmem2|       pointer|
|m_axi_gmem2_AWCACHE   |  out|    4|       m_axi|         gmem2|       pointer|
|m_axi_gmem2_AWPROT    |  out|    3|       m_axi|         gmem2|       pointer|
|m_axi_gmem2_AWQOS     |  out|    4|       m_axi|         gmem2|       pointer|
|m_axi_gmem2_AWREGION  |  out|    4|       m_axi|         gmem2|       pointer|
|m_axi_gmem2_AWUSER    |  out|    1|       m_axi|         gmem2|       pointer|
|m_axi_gmem2_WVALID    |  out|    1|       m_axi|         gmem2|       pointer|
|m_axi_gmem2_WREADY    |   in|    1|       m_axi|         gmem2|       pointer|
|m_axi_gmem2_WDATA     |  out|   32|       m_axi|         gmem2|       pointer|
|m_axi_gmem2_WSTRB     |  out|    4|       m_axi|         gmem2|       pointer|
|m_axi_gmem2_WLAST     |  out|    1|       m_axi|         gmem2|       pointer|
|m_axi_gmem2_WID       |  out|    1|       m_axi|         gmem2|       pointer|
|m_axi_gmem2_WUSER     |  out|    1|       m_axi|         gmem2|       pointer|
|m_axi_gmem2_ARVALID   |  out|    1|       m_axi|         gmem2|       pointer|
|m_axi_gmem2_ARREADY   |   in|    1|       m_axi|         gmem2|       pointer|
|m_axi_gmem2_ARADDR    |  out|   64|       m_axi|         gmem2|       pointer|
|m_axi_gmem2_ARID      |  out|    1|       m_axi|         gmem2|       pointer|
|m_axi_gmem2_ARLEN     |  out|   32|       m_axi|         gmem2|       pointer|
|m_axi_gmem2_ARSIZE    |  out|    3|       m_axi|         gmem2|       pointer|
|m_axi_gmem2_ARBURST   |  out|    2|       m_axi|         gmem2|       pointer|
|m_axi_gmem2_ARLOCK    |  out|    2|       m_axi|         gmem2|       pointer|
|m_axi_gmem2_ARCACHE   |  out|    4|       m_axi|         gmem2|       pointer|
|m_axi_gmem2_ARPROT    |  out|    3|       m_axi|         gmem2|       pointer|
|m_axi_gmem2_ARQOS     |  out|    4|       m_axi|         gmem2|       pointer|
|m_axi_gmem2_ARREGION  |  out|    4|       m_axi|         gmem2|       pointer|
|m_axi_gmem2_ARUSER    |  out|    1|       m_axi|         gmem2|       pointer|
|m_axi_gmem2_RVALID    |   in|    1|       m_axi|         gmem2|       pointer|
|m_axi_gmem2_RREADY    |  out|    1|       m_axi|         gmem2|       pointer|
|m_axi_gmem2_RDATA     |   in|   32|       m_axi|         gmem2|       pointer|
|m_axi_gmem2_RLAST     |   in|    1|       m_axi|         gmem2|       pointer|
|m_axi_gmem2_RID       |   in|    1|       m_axi|         gmem2|       pointer|
|m_axi_gmem2_RFIFONUM  |   in|    9|       m_axi|         gmem2|       pointer|
|m_axi_gmem2_RUSER     |   in|    1|       m_axi|         gmem2|       pointer|
|m_axi_gmem2_RRESP     |   in|    2|       m_axi|         gmem2|       pointer|
|m_axi_gmem2_BVALID    |   in|    1|       m_axi|         gmem2|       pointer|
|m_axi_gmem2_BREADY    |  out|    1|       m_axi|         gmem2|       pointer|
|m_axi_gmem2_BRESP     |   in|    2|       m_axi|         gmem2|       pointer|
|m_axi_gmem2_BID       |   in|    1|       m_axi|         gmem2|       pointer|
|m_axi_gmem2_BUSER     |   in|    1|       m_axi|         gmem2|       pointer|
|c_dout                |   in|   64|     ap_fifo|             c|       pointer|
|c_num_data_valid      |   in|    4|     ap_fifo|             c|       pointer|
|c_fifo_cap            |   in|    4|     ap_fifo|             c|       pointer|
|c_empty_n             |   in|    1|     ap_fifo|             c|       pointer|
|c_read                |  out|    1|     ap_fifo|             c|       pointer|
|batch_dout            |   in|   32|     ap_fifo|         batch|       pointer|
|batch_num_data_valid  |   in|    3|     ap_fifo|         batch|       pointer|
|batch_fifo_cap        |   in|    3|     ap_fifo|         batch|       pointer|
|batch_empty_n         |   in|    1|     ap_fifo|         batch|       pointer|
|batch_read            |  out|    1|     ap_fifo|         batch|       pointer|
+----------------------+-----+-----+------------+--------------+--------------+

