Partial/Required:  9.05, Required:    400.0, Partial:  3620.22, Net: net132, Pin: _4889_/A1, Layer: met1
Partial/Required:  3.41, Required:    400.0, Partial:  1363.44, Net: butterfly_inst.u\[4\], Pin: _5517_/A1, Layer: met1
Partial/Required:  3.15, Required:    400.0, Partial:  1261.44, Net: net22, Pin: _4036_/A, Layer: met1
Partial/Required:  3.09, Required:    400.0, Partial:  1236.67, Net: butterfly_inst.mul_inst.a\[24\], Pin: _6028_/A, Layer: met1
Partial/Required:  2.33, Required:    400.0, Partial:   933.78, Net: butterfly_inst.mul_inst.t_reg\[29\], Pin: _5706_/A, Layer: met1
Partial/Required:  2.22, Required:    400.0, Partial:   888.11, Net: butterfly_inst.mul_inst.t_reg\[15\], Pin: _4290_/A1, Layer: met1
Partial/Required:  2.04, Required:    400.0, Partial:   816.56, Net: _2449_, Pin: _6105_/B, Layer: met1
Partial/Required:  2.00, Required:    400.0, Partial:   800.63, Net: net203, Pin: wire202/A, Layer: met1
Partial/Required:  1.98, Required:    400.0, Partial:   793.33, Net: net234, Pin: _3516_/A1, Layer: met1
Partial/Required:  1.89, Required:    400.0, Partial:   757.56, Net: butterfly_inst.mul_inst.t_reg\[2\], Pin: _5578_/C, Layer: met1
Partial/Required:  1.88, Required:    400.0, Partial:   750.09, Net: net261, Pin: wire260/A, Layer: met1
Partial/Required:  1.86, Required:    400.0, Partial:   743.67, Net: butterfly_inst.mul_inst.a\[3\], Pin: _5930_/A, Layer: met1
Partial/Required:  1.76, Required:    400.0, Partial:   704.05, Net: bitrev_sram.rdata\[5\], Pin: wire334/A, Layer: met1
Partial/Required:  1.63, Required:    400.0, Partial:   652.33, Net: _1679_, Pin: _5022_/A, Layer: met1
Partial/Required:  1.61, Required:    400.0, Partial:   645.97, Net: ping_sram.rdata\[25\], Pin: wire241/A, Layer: met1
Partial/Required:  1.58, Required:    400.0, Partial:   631.77, Net: ping_sram.rdata\[26\], Pin: wire240/A, Layer: met1
Partial/Required:  1.52, Required:    400.0, Partial:    608.0, Net: _1049_, Pin: _4184_/A0, Layer: met1
Partial/Required:  1.51, Required:    400.0, Partial:   602.22, Net: butterfly_inst.add_inst.b\[8\], Pin: _6869_/A, Layer: met1
Partial/Required:  1.43, Required:    400.0, Partial:   571.44, Net: butterfly_inst.add_inst.b\[26\], Pin: _6500_/C_N, Layer: met1
Partial/Required:  1.41, Required:    400.0, Partial:   562.11, Net: butterfly_inst.add_inst.a\[30\], Pin: _6486_/B, Layer: met1
Partial/Required:  1.35, Required:    400.0, Partial:   538.33, Net: butterfly_inst.u\[23\], Pin: _5558_/A1, Layer: met1
Partial/Required:  1.34, Required:    400.0, Partial:   537.33, Net: pong_sram.rdata\[3\], Pin: _3512_/A0, Layer: met1
Partial/Required:  1.32, Required:    400.0, Partial:   527.78, Net: butterfly_inst.mul_inst.t_reg\[28\], Pin: hold39/A, Layer: met1
Partial/Required:  1.31, Required:    400.0, Partial:   525.67, Net: butterfly_inst.out_b\[3\], Pin: hold259/A, Layer: met1
Partial/Required:  1.30, Required:    400.0, Partial:   518.22, Net: _1055_, Pin: _4191_/A0, Layer: met1
Partial/Required:  1.27, Required:    400.0, Partial:   507.89, Net: _2061_, Pin: _5404_/A1, Layer: met1
Partial/Required:  1.25, Required:    400.0, Partial:   501.67, Net: butterfly_inst.mul_inst.t_reg\[26\], Pin: hold45/A, Layer: met1
Partial/Required:  1.23, Required:    400.0, Partial:   491.16, Net: butterfly_inst.add_inst.a\[5\], Pin: _6895_/A1, Layer: met1
Partial/Required:  1.10, Required:    400.0, Partial:   439.89, Net: butterfly_inst.mul_inst.t_reg\[5\], Pin: _4208_/A1, Layer: met1
Partial/Required:  1.08, Required:    400.0, Partial:   432.56, Net: butterfly_inst.add_inst.b\[24\], Pin: _6919_/A, Layer: met1
Partial/Required:  1.05, Required:    400.0, Partial:   419.15, Net: butterfly_inst.mul_inst.b\[31\], Pin: _6223_/A1, Layer: met1
Partial/Required:  1.05, Required:    400.0, Partial:   418.94, Net: _2416_, Pin: _5875_/A, Layer: met1
Partial/Required:  1.02, Required:    400.0, Partial:   406.39, Net: butterfly_inst.mul_inst.t_reg\[25\], Pin: _5587_/B, Layer: met1
Partial/Required:  1.02, Required:    400.0, Partial:   406.39, Net: butterfly_inst.mul_inst.t_reg\[25\], Pin: _4374_/A1, Layer: met1
Partial/Required:  1.01, Required:    400.0, Partial:    403.5, Net: net377, Pin: fanout376/A, Layer: met1
