
===========================================================================
 report_power
============================================================================
======================= Fastest Corner ===================================

Group                  Internal  Switching    Leakage      Total
                          Power      Power      Power      Power (Watts)
----------------------------------------------------------------
Sequential             1.49e-02   7.83e-03   1.10e-05   2.28e-02  24.1%
Combinational          3.44e-02   3.72e-02   1.84e-07   7.16e-02  75.9%
Macro                  0.00e+00   0.00e+00   0.00e+00   0.00e+00   0.0%
Pad                    0.00e+00   0.00e+00   0.00e+00   0.00e+00   0.0%
----------------------------------------------------------------
Total                  4.93e-02   4.51e-02   1.11e-05   9.44e-02 100.0%
                          52.2%      47.8%       0.0%

======================= Slowest Corner ===================================

Group                  Internal  Switching    Leakage      Total
                          Power      Power      Power      Power (Watts)
----------------------------------------------------------------
Sequential             1.01e-02   5.16e-03   4.37e-05   1.53e-02  23.4%
Combinational          2.54e-02   2.46e-02   7.27e-05   5.01e-02  76.6%
Macro                  0.00e+00   0.00e+00   0.00e+00   0.00e+00   0.0%
Pad                    0.00e+00   0.00e+00   0.00e+00   0.00e+00   0.0%
----------------------------------------------------------------
Total                  3.55e-02   2.97e-02   1.16e-04   6.53e-02 100.0%
                          54.3%      45.5%       0.2%

======================= Typical Corner ===================================

Group                  Internal  Switching    Leakage      Total
                          Power      Power      Power      Power (Watts)
----------------------------------------------------------------
Sequential             1.29e-02   6.59e-03   1.09e-05   1.95e-02  23.7%
Combinational          3.13e-02   3.14e-02   9.84e-08   6.27e-02  76.3%
Macro                  0.00e+00   0.00e+00   0.00e+00   0.00e+00   0.0%
Pad                    0.00e+00   0.00e+00   0.00e+00   0.00e+00   0.0%
----------------------------------------------------------------
Total                  4.42e-02   3.80e-02   1.10e-05   8.22e-02 100.0%
                          53.8%      46.2%       0.0%

