Warning:  Cell sky130_ef_sc_hd__decap_12 has no pins
Note:  Implicit pin (no pins) in instance FILLER_0_645_3081 of sky130_ef_sc_hd__decap_12 in cell ntt_core_256_sram
Warning:  Cell sky130_ef_sc_hd__decap_12 has no pins
Note:  Implicit pin (no pins) in instance FILLER_0_645_3093 of sky130_ef_sc_hd__decap_12 in cell ntt_core_256_sram
Warning:  Cell sky130_fd_sc_hd__decap_3 has no pins
Note:  Implicit pin (no pins) in instance FILLER_0_645_3105 of sky130_fd_sc_hd__decap_3 in cell ntt_core_256_sram
Warning:  Cell sky130_ef_sc_hd__decap_12 has no pins
Note:  Implicit pin (no pins) in instance FILLER_0_645_3109 of sky130_ef_sc_hd__decap_12 in cell ntt_core_256_sram
Warning:  Cell sky130_ef_sc_hd__decap_12 has no pins
Note:  Implicit pin (no pins) in instance FILLER_0_645_3121 of sky130_ef_sc_hd__decap_12 in cell ntt_core_256_sram
Warning:  Cell sky130_fd_sc_hd__decap_3 has no pins
Note:  Implicit pin (no pins) in instance FILLER_0_645_3133 of sky130_fd_sc_hd__decap_3 in cell ntt_core_256_sram
Warning:  Cell sky130_fd_sc_hd__decap_8 has no pins
Note:  Implicit pin (no pins) in instance FILLER_0_645_3153 of sky130_fd_sc_hd__decap_8 in cell ntt_core_256_sram
Warning:  Cell sky130_fd_sc_hd__decap_3 has no pins
Note:  Implicit pin (no pins) in instance FILLER_0_645_3161 of sky130_fd_sc_hd__decap_3 in cell ntt_core_256_sram
Warning:  Cell sky130_ef_sc_hd__decap_12 has no pins
Note:  Implicit pin (no pins) in instance FILLER_0_645_3165 of sky130_ef_sc_hd__decap_12 in cell ntt_core_256_sram
Warning:  Cell sky130_ef_sc_hd__decap_12 has no pins
Note:  Implicit pin (no pins) in instance FILLER_0_645_3177 of sky130_ef_sc_hd__decap_12 in cell ntt_core_256_sram
Warning:  Cell sky130_fd_sc_hd__decap_3 has no pins
Note:  Implicit pin (no pins) in instance FILLER_0_645_3189 of sky130_fd_sc_hd__decap_3 in cell ntt_core_256_sram
Warning:  Cell sky130_ef_sc_hd__decap_12 has no pins
Note:  Implicit pin (no pins) in instance FILLER_0_645_3193 of sky130_ef_sc_hd__decap_12 in cell ntt_core_256_sram
Warning:  Cell sky130_ef_sc_hd__decap_12 has no pins
Note:  Implicit pin (no pins) in instance FILLER_0_645_3205 of sky130_ef_sc_hd__decap_12 in cell ntt_core_256_sram
Warning:  Cell sky130_fd_sc_hd__decap_3 has no pins
Note:  Implicit pin (no pins) in instance FILLER_0_645_3217 of sky130_fd_sc_hd__decap_3 in cell ntt_core_256_sram
Warning:  Cell sky130_fd_sc_hd__decap_8 has no pins
Note:  Implicit pin (no pins) in instance FILLER_0_645_3221 of sky130_fd_sc_hd__decap_8 in cell ntt_core_256_sram
Warning:  Cell sky130_fd_sc_hd__decap_3 has no pins
Note:  Implicit pin (no pins) in instance FILLER_0_645_3229 of sky130_fd_sc_hd__decap_3 in cell ntt_core_256_sram
Warning:  Cell sky130_ef_sc_hd__decap_12 has no pins
Note:  Implicit pin (no pins) in instance FILLER_0_645_3249 of sky130_ef_sc_hd__decap_12 in cell ntt_core_256_sram
Warning:  Cell sky130_ef_sc_hd__decap_12 has no pins
Note:  Implicit pin (no pins) in instance FILLER_0_645_3261 of sky130_ef_sc_hd__decap_12 in cell ntt_core_256_sram
Warning:  Cell sky130_fd_sc_hd__decap_3 has no pins
Note:  Implicit pin (no pins) in instance FILLER_0_645_3273 of sky130_fd_sc_hd__decap_3 in cell ntt_core_256_sram
Warning:  Cell sky130_ef_sc_hd__decap_12 has no pins
Note:  Implicit pin (no pins) in instance FILLER_0_645_3277 of sky130_ef_sc_hd__decap_12 in cell ntt_core_256_sram
Warning:  Cell sky130_ef_sc_hd__decap_12 has no pins
Note:  Implicit pin (no pins) in instance FILLER_0_645_3289 of sky130_ef_sc_hd__decap_12 in cell ntt_core_256_sram
Warning:  Cell sky130_fd_sc_hd__decap_3 has no pins
Note:  Implicit pin (no pins) in instance FILLER_0_645_3301 of sky130_fd_sc_hd__decap_3 in cell ntt_core_256_sram
Warning:  Cell sky130_ef_sc_hd__decap_12 has no pins
Note:  Implicit pin (no pins) in instance FILLER_0_645_3305 of sky130_ef_sc_hd__decap_12 in cell ntt_core_256_sram
Warning:  Cell sky130_fd_sc_hd__decap_6 has no pins
Note:  Implicit pin (no pins) in instance FILLER_0_645_3317 of sky130_fd_sc_hd__decap_6 in cell ntt_core_256_sram
Warning:  Cell sky130_fd_sc_hd__fill_1 has no pins
Note:  Implicit pin (no pins) in instance FILLER_0_645_3323 of sky130_fd_sc_hd__fill_1 in cell ntt_core_256_sram
Warning:  Cell sky130_fd_sc_hd__fill_2 has no pins
Note:  Implicit pin (no pins) in instance FILLER_0_645_3326 of sky130_fd_sc_hd__fill_2 in cell ntt_core_256_sram
Warning:  Cell sky130_fd_sc_hd__fill_2 has no pins
Note:  Implicit pin (no pins) in instance FILLER_0_645_3330 of sky130_fd_sc_hd__fill_2 in cell ntt_core_256_sram
Warning:  Cell sky130_fd_sc_hd__decap_4 has no pins
Note:  Implicit pin (no pins) in instance FILLER_0_645_3333 of sky130_fd_sc_hd__decap_4 in cell ntt_core_256_sram
Warning:  Cell sky130_fd_sc_hd__fill_1 has no pins
Note:  Implicit pin (no pins) in instance FILLER_0_645_3337 of sky130_fd_sc_hd__fill_1 in cell ntt_core_256_sram
Warning:  Cell sky130_fd_sc_hd__fill_2 has no pins
Note:  Implicit pin (no pins) in instance FILLER_0_645_3354 of sky130_fd_sc_hd__fill_2 in cell ntt_core_256_sram
Warning:  Cell sky130_fd_sc_hd__fill_2 has no pins
Note:  Implicit pin (no pins) in instance FILLER_0_645_3358 of sky130_fd_sc_hd__fill_2 in cell ntt_core_256_sram
Warning:  Cell sky130_fd_sc_hd__fill_2 has no pins
Note:  Implicit pin (no pins) in instance FILLER_0_645_3361 of sky130_fd_sc_hd__fill_2 in cell ntt_core_256_sram
Warning:  Cell sky130_fd_sc_hd__fill_2 has no pins
Note:  Implicit pin (no pins) in instance FILLER_0_645_3365 of sky130_fd_sc_hd__fill_2 in cell ntt_core_256_sram
Warning:  Cell sky130_ef_sc_hd__decap_12 has no pins
Note:  Implicit pin (no pins) in instance FILLER_0_645_3369 of sky130_ef_sc_hd__decap_12 in cell ntt_core_256_sram
Warning:  Cell sky130_fd_sc_hd__decap_6 has no pins
Note:  Implicit pin (no pins) in instance FILLER_0_645_3381 of sky130_fd_sc_hd__decap_6 in cell ntt_core_256_sram
Warning:  Cell sky130_fd_sc_hd__fill_1 has no pins
Note:  Implicit pin (no pins) in instance FILLER_0_645_3387 of sky130_fd_sc_hd__fill_1 in cell ntt_core_256_sram
Warning:  Cell sky130_ef_sc_hd__decap_12 has no pins
Note:  Implicit pin (no pins) in instance FILLER_0_645_3389 of sky130_ef_sc_hd__decap_12 in cell ntt_core_256_sram
Warning:  Cell sky130_ef_sc_hd__decap_12 has no pins
Note:  Implicit pin (no pins) in instance FILLER_0_645_3401 of sky130_ef_sc_hd__decap_12 in cell ntt_core_256_sram
Warning:  Cell sky130_fd_sc_hd__decap_3 has no pins
Note:  Implicit pin (no pins) in instance FILLER_0_645_3413 of sky130_fd_sc_hd__decap_3 in cell ntt_core_256_sram
Warning:  Cell sky130_ef_sc_hd__decap_12 has no pins
Note:  Implicit pin (no pins) in instance FILLER_0_645_3417 of sky130_ef_sc_hd__decap_12 in cell ntt_core_256_sram
Warning:  Cell sky130_ef_sc_hd__decap_12 has no pins
Note:  Implicit pin (no pins) in instance FILLER_0_645_3429 of sky130_ef_sc_hd__decap_12 in cell ntt_core_256_sram
Warning:  Cell sky130_fd_sc_hd__fill_1 has no pins
Note:  Implicit pin (no pins) in instance FILLER_0_645_3441 of sky130_fd_sc_hd__fill_1 in cell ntt_core_256_sram
Warning:  Cell sky130_ef_sc_hd__decap_12 has no pins
Note:  Implicit pin (no pins) in instance FILLER_0_645_3451 of sky130_ef_sc_hd__decap_12 in cell ntt_core_256_sram
Warning:  Cell sky130_fd_sc_hd__decap_8 has no pins
Note:  Implicit pin (no pins) in instance FILLER_0_645_3463 of sky130_fd_sc_hd__decap_8 in cell ntt_core_256_sram
Warning:  Cell sky130_fd_sc_hd__fill_1 has no pins
Note:  Implicit pin (no pins) in instance FILLER_0_645_3471 of sky130_fd_sc_hd__fill_1 in cell ntt_core_256_sram
Warning:  Cell sky130_ef_sc_hd__decap_12 has no pins
Note:  Implicit pin (no pins) in instance FILLER_0_645_3473 of sky130_ef_sc_hd__decap_12 in cell ntt_core_256_sram
Warning:  Cell sky130_ef_sc_hd__decap_12 has no pins
Note:  Implicit pin (no pins) in instance FILLER_0_645_3485 of sky130_ef_sc_hd__decap_12 in cell ntt_core_256_sram
Warning:  Cell sky130_fd_sc_hd__decap_3 has no pins
Note:  Implicit pin (no pins) in instance FILLER_0_645_3497 of sky130_fd_sc_hd__decap_3 in cell ntt_core_256_sram
Warning:  Cell sky130_ef_sc_hd__decap_12 has no pins
Note:  Implicit pin (no pins) in instance FILLER_0_645_3501 of sky130_ef_sc_hd__decap_12 in cell ntt_core_256_sram
Warning:  Cell sky130_ef_sc_hd__decap_12 has no pins
Note:  Implicit pin (no pins) in instance FILLER_0_645_3513 of sky130_ef_sc_hd__decap_12 in cell ntt_core_256_sram
Warning:  Cell sky130_fd_sc_hd__decap_3 has no pins
Note:  Implicit pin (no pins) in instance FILLER_0_645_3525 of sky130_fd_sc_hd__decap_3 in cell ntt_core_256_sram
Warning:  Cell sky130_ef_sc_hd__decap_12 has no pins
Note:  Implicit pin (no pins) in instance FILLER_0_645_3529 of sky130_ef_sc_hd__decap_12 in cell ntt_core_256_sram
Warning:  Cell sky130_fd_sc_hd__decap_8 has no pins
Note:  Implicit pin (no pins) in instance FILLER_0_645_3541 of sky130_fd_sc_hd__decap_8 in cell ntt_core_256_sram
Warning:  Cell sky130_fd_sc_hd__decap_3 has no pins
Note:  Implicit pin (no pins) in instance FILLER_0_645_3549 of sky130_fd_sc_hd__decap_3 in cell ntt_core_256_sram
Warning:  Cell sky130_fd_sc_hd__fill_2 has no pins
Note:  Implicit pin (no pins) in instance FILLER_0_645_3554 of sky130_fd_sc_hd__fill_2 in cell ntt_core_256_sram
Warning:  Cell sky130_fd_sc_hd__fill_2 has no pins
Note:  Implicit pin (no pins) in instance FILLER_0_645_3573 of sky130_fd_sc_hd__fill_2 in cell ntt_core_256_sram
Warning:  Cell sky130_fd_sc_hd__fill_2 has no pins
Note:  Implicit pin (no pins) in instance FILLER_0_645_3577 of sky130_fd_sc_hd__fill_2 in cell ntt_core_256_sram
Warning:  Cell sky130_fd_sc_hd__decap_3 has no pins
Note:  Implicit pin (no pins) in instance FILLER_0_645_3581 of sky130_fd_sc_hd__decap_3 in cell ntt_core_256_sram
Warning:  Cell sky130_ef_sc_hd__decap_12 has no pins
Note:  Implicit pin (no pins) in instance FILLER_0_645_3585 of sky130_ef_sc_hd__decap_12 in cell ntt_core_256_sram
Warning:  Cell sky130_ef_sc_hd__decap_12 has no pins
Note:  Implicit pin (no pins) in instance FILLER_0_645_3597 of sky130_ef_sc_hd__decap_12 in cell ntt_core_256_sram
Warning:  Cell sky130_fd_sc_hd__decap_3 has no pins
Note:  Implicit pin (no pins) in instance FILLER_0_645_3609 of sky130_fd_sc_hd__decap_3 in cell ntt_core_256_sram
Warning:  Cell sky130_ef_sc_hd__decap_12 has no pins
Note:  Implicit pin (no pins) in instance FILLER_0_645_3613 of sky130_ef_sc_hd__decap_12 in cell ntt_core_256_sram
Warning:  Cell sky130_ef_sc_hd__decap_12 has no pins
Note:  Implicit pin (no pins) in instance FILLER_0_645_3625 of sky130_ef_sc_hd__decap_12 in cell ntt_core_256_sram
Warning:  Cell sky130_fd_sc_hd__decap_3 has no pins
Note:  Implicit pin (no pins) in instance FILLER_0_645_3637 of sky130_fd_sc_hd__decap_3 in cell ntt_core_256_sram
Warning:  Cell sky130_fd_sc_hd__decap_6 has no pins
Note:  Implicit pin (no pins) in instance FILLER_0_645_3641 of sky130_fd_sc_hd__decap_6 in cell ntt_core_256_sram
Warning:  Cell sky130_fd_sc_hd__fill_1 has no pins
Note:  Implicit pin (no pins) in instance FILLER_0_645_3647 of sky130_fd_sc_hd__fill_1 in cell ntt_core_256_sram
Warning:  Cell sky130_fd_sc_hd__fill_2 has no pins
Note:  Implicit pin (no pins) in instance FILLER_0_645_3650 of sky130_fd_sc_hd__fill_2 in cell ntt_core_256_sram
Warning:  Cell sky130_ef_sc_hd__decap_12 has no pins
Note:  Implicit pin (no pins) in instance FILLER_0_645_3669 of sky130_ef_sc_hd__decap_12 in cell ntt_core_256_sram
Warning:  Cell sky130_ef_sc_hd__decap_12 has no pins
Note:  Implicit pin (no pins) in instance FILLER_0_645_3681 of sky130_ef_sc_hd__decap_12 in cell ntt_core_256_sram
Warning:  Cell sky130_fd_sc_hd__decap_3 has no pins
Note:  Implicit pin (no pins) in instance FILLER_0_645_3693 of sky130_fd_sc_hd__decap_3 in cell ntt_core_256_sram
Warning:  Cell sky130_ef_sc_hd__decap_12 has no pins
Note:  Implicit pin (no pins) in instance FILLER_0_645_3697 of sky130_ef_sc_hd__decap_12 in cell ntt_core_256_sram
Warning:  Cell sky130_ef_sc_hd__decap_12 has no pins
Note:  Implicit pin (no pins) in instance FILLER_0_645_3709 of sky130_ef_sc_hd__decap_12 in cell ntt_core_256_sram
Warning:  Cell sky130_fd_sc_hd__decap_3 has no pins
Note:  Implicit pin (no pins) in instance FILLER_0_645_3721 of sky130_fd_sc_hd__decap_3 in cell ntt_core_256_sram
Warning:  Cell sky130_ef_sc_hd__decap_12 has no pins
Note:  Implicit pin (no pins) in instance FILLER_0_645_3725 of sky130_ef_sc_hd__decap_12 in cell ntt_core_256_sram
Warning:  Cell sky130_ef_sc_hd__decap_12 has no pins
Note:  Implicit pin (no pins) in instance FILLER_0_645_3737 of sky130_ef_sc_hd__decap_12 in cell ntt_core_256_sram
Warning:  Cell sky130_fd_sc_hd__decap_3 has no pins
Note:  Implicit pin (no pins) in instance FILLER_0_645_3749 of sky130_fd_sc_hd__decap_3 in cell ntt_core_256_sram
Warning:  Cell sky130_fd_sc_hd__decap_4 has no pins
Note:  Implicit pin (no pins) in instance FILLER_0_645_3753 of sky130_fd_sc_hd__decap_4 in cell ntt_core_256_sram
Warning:  Cell sky130_fd_sc_hd__fill_1 has no pins
Note:  Implicit pin (no pins) in instance FILLER_0_645_3757 of sky130_fd_sc_hd__fill_1 in cell ntt_core_256_sram
Warning:  Cell sky130_fd_sc_hd__decap_6 has no pins
Note:  Implicit pin (no pins) in instance FILLER_0_645_3774 of sky130_fd_sc_hd__decap_6 in cell ntt_core_256_sram
Warning:  Cell sky130_ef_sc_hd__decap_12 has no pins
Note:  Implicit pin (no pins) in instance FILLER_0_645_3781 of sky130_ef_sc_hd__decap_12 in cell ntt_core_256_sram
Warning:  Cell sky130_ef_sc_hd__decap_12 has no pins
Note:  Implicit pin (no pins) in instance FILLER_0_645_3793 of sky130_ef_sc_hd__decap_12 in cell ntt_core_256_sram
Warning:  Cell sky130_fd_sc_hd__decap_3 has no pins
Note:  Implicit pin (no pins) in instance FILLER_0_645_3805 of sky130_fd_sc_hd__decap_3 in cell ntt_core_256_sram
Warning:  Cell sky130_ef_sc_hd__decap_12 has no pins
Note:  Implicit pin (no pins) in instance FILLER_0_645_3809 of sky130_ef_sc_hd__decap_12 in cell ntt_core_256_sram
Warning:  Cell sky130_fd_sc_hd__fill_1 has no pins
Note:  Implicit pin (no pins) in instance FILLER_0_645_3821 of sky130_fd_sc_hd__fill_1 in cell ntt_core_256_sram

Reading setup file /pdk/sky130A/libs.tech/netgen/sky130A_setup.tcl

Comparison output logged to file /work/openlane/ntt_core_256_sram/runs/RUN_2026.07.01_lvs_final_lef/logs/signoff/2-ntt_core_256_sram.lef.lvs.log
Logging to file "/work/openlane/ntt_core_256_sram/runs/RUN_2026.07.01_lvs_final_lef/logs/signoff/2-ntt_core_256_sram.lef.lvs.log" enabled

Contents of circuit 1:  Circuit: 'sky130_ef_sc_hd__decap_12'
Circuit sky130_ef_sc_hd__decap_12 contains 0 device instances.
Circuit contains 0 nets, and 4 disconnected pins.
Contents of circuit 2:  Circuit: 'sky130_ef_sc_hd__decap_12'
Circuit sky130_ef_sc_hd__decap_12 contains 0 device instances.
Circuit contains 0 nets.

Circuit sky130_ef_sc_hd__decap_12 contains no devices.

Contents of circuit 1:  Circuit: 'sky130_fd_sc_hd__decap_6'
Circuit sky130_fd_sc_hd__decap_6 contains 0 device instances.
Circuit contains 0 nets, and 4 disconnected pins.
Contents of circuit 2:  Circuit: 'sky130_fd_sc_hd__decap_6'
Circuit sky130_fd_sc_hd__decap_6 contains 0 device instances.
Circuit contains 0 nets.

Circuit sky130_fd_sc_hd__decap_6 contains no devices.

Contents of circuit 1:  Circuit: 'sky130_fd_sc_hd__tapvpwrvgnd_1'
Circuit sky130_fd_sc_hd__tapvpwrvgnd_1 contains 0 device instances.
Circuit contains 0 nets, and 2 disconnected pins.
Contents of circuit 2:  Circuit: 'sky130_fd_sc_hd__tapvpwrvgnd_1'
Circuit sky130_fd_sc_hd__tapvpwrvgnd_1 contains 0 device instances.
Circuit contains 0 nets.

Circuit sky130_fd_sc_hd__tapvpwrvgnd_1 contains no devices.
