
===========================================================================
 report_power
============================================================================
======================= Fastest Corner ===================================

Group                  Internal  Switching    Leakage      Total
                          Power      Power      Power      Power (Watts)
----------------------------------------------------------------
Sequential             1.20e-01   3.35e-03   1.99e-06   1.23e-01   0.0%
Combinational          2.03e+02   3.21e+02   4.34e-07   5.24e+02 100.0%
Macro                  0.00e+00   0.00e+00   0.00e+00   0.00e+00   0.0%
Pad                    0.00e+00   0.00e+00   0.00e+00   0.00e+00   0.0%
----------------------------------------------------------------
Total                  2.03e+02   3.21e+02   2.42e-06   5.25e+02 100.0%
                          38.7%      61.3%       0.0%

======================= Slowest Corner ===================================

Group                  Internal  Switching    Leakage      Total
                          Power      Power      Power      Power (Watts)
----------------------------------------------------------------
Sequential             7.52e-02   2.23e-03   7.93e-06   7.74e-02   0.0%
Combinational          1.43e+02   2.14e+02   1.94e-04   3.57e+02 100.0%
Macro                  0.00e+00   0.00e+00   0.00e+00   0.00e+00   0.0%
Pad                    0.00e+00   0.00e+00   0.00e+00   0.00e+00   0.0%
----------------------------------------------------------------
Total                  1.43e+02   2.14e+02   2.02e-04   3.57e+02 100.0%
                          40.0%      60.0%       0.0%

======================= Typical Corner ===================================

Group                  Internal  Switching    Leakage      Total
                          Power      Power      Power      Power (Watts)
----------------------------------------------------------------
Sequential             1.02e-01   2.84e-03   1.99e-06   1.05e-01   0.0%
Combinational          1.83e+02   2.72e+02   2.59e-07   4.55e+02 100.0%
Macro                  0.00e+00   0.00e+00   0.00e+00   0.00e+00   0.0%
Pad                    0.00e+00   0.00e+00   0.00e+00   0.00e+00   0.0%
----------------------------------------------------------------
Total                  1.83e+02   2.72e+02   2.25e-06   4.55e+02 100.0%
                          40.2%      59.8%       0.0%

