Clock: wb_clk
Sources: wb_clk_i 
Generated: no
Virtual: yes
Propagated: no
Period: 25.000000

===========================================================================
report_clock_properties
============================================================================
Clock                   Period          Waveform
----------------------------------------------------
wb_clk               25.000000    0.000000 12.500000

===========================================================================
report_clock_latency
============================================================================
Clock wb_clk
rise -> rise
    min     max
0.000000 0.000000 source latency
1.429967         network latency _71765_/CLK
        1.971024 network latency _73756_/CLK
---------------
1.429967 1.971024 latency
        0.541057 skew

fall -> fall
    min     max
0.000000 0.000000 source latency
1.335870         network latency _71765_/CLK
        1.760929 network latency _73756_/CLK
---------------
1.335870 1.760929 latency
        0.425059 skew



===========================================================================
report_clock_min_period
============================================================================
wb_clk period_min = 10.41 fmax = 96.06
