Clock: wb_clk
Sources: wb_clk_i 
Generated: no
Virtual: yes
Propagated: no
Period: 25.000000

===========================================================================
report_clock_properties
============================================================================
Clock                   Period          Waveform
----------------------------------------------------
wb_clk               25.000000    0.000000 12.500000

===========================================================================
report_clock_latency
============================================================================
Clock wb_clk
rise -> rise
    min     max
0.000000 0.000000 source latency
2.565485         network latency _71765_/CLK
        3.589658 network latency _75295_/CLK
---------------
2.565485 3.589658 latency
        1.024174 skew

fall -> fall
    min     max
0.000000 0.000000 source latency
2.382687         network latency _71765_/CLK
        3.189816 network latency _75295_/CLK
---------------
2.382687 3.189816 latency
        0.807130 skew



===========================================================================
report_clock_min_period
============================================================================
wb_clk period_min = 20.44 fmax = 48.93
