
===========================================================================
report_checks -unconstrained
===========================================================================
======================= min_ff_n40C_1v95 Corner ===================================

Startpoint: u_engine.g_banks[0].u_ram.u_macro
            (falling edge-triggered flip-flop clocked by wb_clk)
Endpoint: _74332_ (rising edge-triggered flip-flop clocked by wb_clk)
Path Group: wb_clk
Path Type: max

Fanout         Cap        Slew       Delay        Time   Description
---------------------------------------------------------------------------------------------
                                 12.500000   12.500000   clock wb_clk (fall edge)
                                  0.000000   12.500000   clock source latency
     2    0.232709    0.000000    0.000000   12.500000 v wb_clk_i (in)
                                                         wb_clk_i (net)
                      0.049036    0.024518   12.524518 v clkbuf_0_wb_clk_i/A (sky130_fd_sc_hd__clkbuf_16)
     3    0.108605    0.065690    0.138877   12.663395 v clkbuf_0_wb_clk_i/X (sky130_fd_sc_hd__clkbuf_16)
                                                         clknet_0_wb_clk_i (net)
                      0.068627    0.010911   12.674307 v clkbuf_1_0_0_wb_clk_i/A (sky130_fd_sc_hd__clkbuf_8)
     3    0.108176    0.085405    0.162751   12.837057 v clkbuf_1_0_0_wb_clk_i/X (sky130_fd_sc_hd__clkbuf_8)
                                                         clknet_1_0_0_wb_clk_i (net)
                      0.086305    0.007017   12.844074 v clkbuf_2_0_0_wb_clk_i/A (sky130_fd_sc_hd__clkbuf_8)
     2    0.091844    0.075802    0.157635   13.001709 v clkbuf_2_0_0_wb_clk_i/X (sky130_fd_sc_hd__clkbuf_8)
                                                         clknet_2_0_0_wb_clk_i (net)
                      0.078033    0.010191   13.011900 v clkbuf_3_0_0_wb_clk_i/A (sky130_fd_sc_hd__clkbuf_8)
     3    0.077930    0.068212    0.151196   13.163096 v clkbuf_3_0_0_wb_clk_i/X (sky130_fd_sc_hd__clkbuf_8)
                                                         clknet_3_0_0_wb_clk_i (net)
                      0.068628    0.004116   13.167212 v clkbuf_4_0_0_wb_clk_i/A (sky130_fd_sc_hd__clkbuf_8)
     4    0.064980    0.059089    0.140024   13.307237 v clkbuf_4_0_0_wb_clk_i/X (sky130_fd_sc_hd__clkbuf_8)
                                                         clknet_4_0_0_wb_clk_i (net)
                      0.059155    0.000981   13.308218 v clkbuf_6_2_0_wb_clk_i/A (sky130_fd_sc_hd__clkbuf_8)
    13    0.104360    0.082804    0.157813   13.466031 v clkbuf_6_2_0_wb_clk_i/X (sky130_fd_sc_hd__clkbuf_8)
                                                         clknet_6_2_0_wb_clk_i (net)
                      0.110511    0.002124   13.468155 v u_engine.g_banks[0].u_ram.u_macro/clk1 (sky130_sram_1kbyte_1rw1r_32x256_8)
     2    0.026504    0.015438    0.478075   13.946230 ^ u_engine.g_banks[0].u_ram.u_macro/dout1[4] (sky130_sram_1kbyte_1rw1r_32x256_8)
                                                         u_engine.bank_rdata[0][4] (net)
                      0.011579    0.002390   13.948621 ^ wire2338/A (sky130_fd_sc_hd__clkbuf_2)
     1    0.024133    0.104208    0.112110   14.060731 ^ wire2338/X (sky130_fd_sc_hd__clkbuf_2)
                                                         net2338 (net)
                      0.104291    0.002388   14.063119 ^ wire2337/A (sky130_fd_sc_hd__clkbuf_4)
     3    0.149222    0.336641    0.304959   14.368078 ^ wire2337/X (sky130_fd_sc_hd__clkbuf_4)
                                                         net2337 (net)
                      0.343832    0.039066   14.407144 ^ wire2336/A (sky130_fd_sc_hd__buf_4)
     1    0.007689    0.034181    0.100409   14.507553 ^ wire2336/X (sky130_fd_sc_hd__buf_4)
                                                         net2336 (net)
                      0.034181    0.000227   14.507780 ^ fanout2334/A (sky130_fd_sc_hd__buf_4)
     2    0.045538    0.099147    0.120420   14.628201 ^ fanout2334/X (sky130_fd_sc_hd__buf_4)
                                                         net2334 (net)
                      0.099651    0.005691   14.633892 ^ wire2335/A (sky130_fd_sc_hd__buf_4)
     3    0.104084    0.215219    0.217496   14.851388 ^ wire2335/X (sky130_fd_sc_hd__buf_4)
                                                         net2335 (net)
                      0.215285    0.003141   14.854528 ^ fanout2332/A (sky130_fd_sc_hd__buf_1)
     2    0.017302    0.154671    0.145173   14.999701 ^ fanout2332/X (sky130_fd_sc_hd__buf_1)
                                                         net2332 (net)
                      0.154675    0.000659   15.000360 ^ fanout2331/A (sky130_fd_sc_hd__buf_1)
     2    0.014922    0.134554    0.131902   15.132262 ^ fanout2331/X (sky130_fd_sc_hd__buf_1)
                                                         net2331 (net)
                      0.134557    0.000551   15.132812 ^ fanout2330/A (sky130_fd_sc_hd__clkbuf_1)
     2    0.008587    0.080878    0.094955   15.227768 ^ fanout2330/X (sky130_fd_sc_hd__clkbuf_1)
                                                         net2330 (net)
                      0.080878    0.000028   15.227797 ^ fanout2329/A (sky130_fd_sc_hd__buf_1)
     4    0.014386    0.130025    0.126292   15.354088 ^ fanout2329/X (sky130_fd_sc_hd__buf_1)
                                                         net2329 (net)
                      0.130025    0.000215   15.354303 ^ _64972_/A1 (sky130_fd_sc_hd__o22a_1)
     3    0.010077    0.080063    0.126647   15.480950 ^ _64972_/X (sky130_fd_sc_hd__o22a_1)
                                                         _24791_ (net)
                      0.080063    0.000073   15.481023 ^ _64973_/A1 (sky130_fd_sc_hd__mux2_2)
     4    0.016735    0.073153    0.138781   15.619804 ^ _64973_/X (sky130_fd_sc_hd__mux2_2)
                                                         u_engine.l1b_b[4] (net)
                      0.073153    0.000316   15.620121 ^ _64981_/A (sky130_fd_sc_hd__xor2_1)
     3    0.011658    0.066231    0.072584   15.692704 v _64981_/X (sky130_fd_sc_hd__xor2_1)
                                                         _24798_ (net)
                      0.066232    0.000208   15.692912 v _65017_/A1 (sky130_fd_sc_hd__o211ai_2)
     3    0.012756    0.154453    0.169374   15.862287 ^ _65017_/Y (sky130_fd_sc_hd__o211ai_2)
                                                         _24828_ (net)
                      0.154453    0.000163   15.862450 ^ _65031_/A3 (sky130_fd_sc_hd__a31o_4)
     2    0.027247    0.074247    0.140481   16.002932 ^ _65031_/X (sky130_fd_sc_hd__a31o_4)
                                                         _24839_ (net)
                      0.074283    0.001524   16.004456 ^ _65048_/A2 (sky130_fd_sc_hd__a21boi_4)
     3    0.012011    0.045292    0.042876   16.047331 v _65048_/Y (sky130_fd_sc_hd__a21boi_4)
                                                         _24853_ (net)
                      0.045292    0.000151   16.047482 v _65086_/A1 (sky130_fd_sc_hd__o211a_1)
     2    0.009229    0.047882    0.165238   16.212721 v _65086_/X (sky130_fd_sc_hd__o211a_1)
                                                         _24885_ (net)
                      0.047882    0.000149   16.212870 v _65123_/C (sky130_fd_sc_hd__or4_4)
     2    0.027784    0.085343    0.327734   16.540604 v _65123_/X (sky130_fd_sc_hd__or4_4)
                                                         _24916_ (net)
                      0.085386    0.002325   16.542929 v _65161_/A2 (sky130_fd_sc_hd__a211o_1)
     2    0.008098    0.051349    0.217087   16.760015 v _65161_/X (sky130_fd_sc_hd__a211o_1)
                                                         _24948_ (net)
                      0.051349    0.000144   16.760160 v _65195_/A2 (sky130_fd_sc_hd__a311o_1)
     2    0.008990    0.061293    0.222407   16.982567 v _65195_/X (sky130_fd_sc_hd__a311o_1)
                                                         _24976_ (net)
                      0.061293    0.000218   16.982786 v _65230_/A2 (sky130_fd_sc_hd__a211o_1)
     2    0.007094    0.047730    0.205215   17.188002 v _65230_/X (sky130_fd_sc_hd__a211o_1)
                                                         _25005_ (net)
                      0.047730    0.000083   17.188084 v _65268_/A2 (sky130_fd_sc_hd__a311o_1)
     2    0.022974    0.104693    0.265478   17.453562 v _65268_/X (sky130_fd_sc_hd__a311o_1)
                                                         _25037_ (net)
                      0.104709    0.001274   17.454836 v _65303_/A2 (sky130_fd_sc_hd__a211oi_4)
     3    0.019132    0.214964    0.252090   17.706926 ^ _65303_/Y (sky130_fd_sc_hd__a211oi_4)
                                                         _25066_ (net)
                      0.214964    0.000847   17.707773 ^ _65344_/A1 (sky130_fd_sc_hd__o2111a_4)
     3    0.023313    0.068134    0.176923   17.884697 ^ _65344_/X (sky130_fd_sc_hd__o2111a_4)
                                                         _25101_ (net)
                      0.068150    0.001007   17.885704 ^ _65379_/A3 (sky130_fd_sc_hd__o31ai_4)
     3    0.015191    0.057757    0.046816   17.932520 v _65379_/Y (sky130_fd_sc_hd__o31ai_4)
                                                         _25130_ (net)
                      0.057758    0.000615   17.933134 v _65395_/A2 (sky130_fd_sc_hd__o21a_1)
     3    0.012078    0.052581    0.142363   18.075497 v _65395_/X (sky130_fd_sc_hd__o21a_1)
                                                         _25143_ (net)
                      0.052581    0.000220   18.075718 v _65399_/A (sky130_fd_sc_hd__nor2_2)
     2    0.008162    0.081231    0.099414   18.175131 ^ _65399_/Y (sky130_fd_sc_hd__nor2_2)
                                                         _25147_ (net)
                      0.081231    0.000069   18.175201 ^ _65416_/A2 (sky130_fd_sc_hd__o21ba_4)
     2    0.007102    0.032300    0.088074   18.263273 ^ _65416_/X (sky130_fd_sc_hd__o21ba_4)
                                                         _25161_ (net)
                      0.032300    0.000083   18.263357 ^ _65430_/B1 (sky130_fd_sc_hd__a21o_1)
     2    0.014128    0.097288    0.096662   18.360020 ^ _65430_/X (sky130_fd_sc_hd__a21o_1)
                                                         _25172_ (net)
                      0.097288    0.000348   18.360369 ^ _65448_/A1 (sky130_fd_sc_hd__a21bo_4)
     2    0.016927    0.051521    0.101123   18.461491 ^ _65448_/X (sky130_fd_sc_hd__a21bo_4)
                                                         _25187_ (net)
                      0.051523    0.000401   18.461891 ^ _65449_/B (sky130_fd_sc_hd__nand2b_4)
     2    0.007239    0.027992    0.031848   18.493740 v _65449_/Y (sky130_fd_sc_hd__nand2b_4)
                                                         _25188_ (net)
                      0.027992    0.000142   18.493883 v _65462_/A (sky130_fd_sc_hd__and3_1)
     1    0.003488    0.029647    0.088558   18.582441 v _65462_/X (sky130_fd_sc_hd__and3_1)
                                                         _25198_ (net)
                      0.029647    0.000046   18.582487 v _65464_/C (sky130_fd_sc_hd__or3_4)
     1    0.005414    0.046764    0.193529   18.776016 v _65464_/X (sky130_fd_sc_hd__or3_4)
                                                         _25200_ (net)
                      0.046764    0.000066   18.776081 v _65465_/A (sky130_fd_sc_hd__xnor2_1)
     1    0.002879    0.034752    0.083563   18.859646 v _65465_/Y (sky130_fd_sc_hd__xnor2_1)
                                                         u_engine.u_bf_l1b.mm_b[31] (net)
                      0.034752    0.000036   18.859680 v _74332_/D (sky130_fd_sc_hd__dfxtp_2)
                                             18.859680   data arrival time

                                 25.000000   25.000000   clock wb_clk (rise edge)
                                  0.000000   25.000000   clock source latency
     2    0.233705    0.000000    0.000000   25.000000 ^ wb_clk_i (in)
                                                         wb_clk_i (net)
                      0.049425    0.024713   25.024712 ^ clkbuf_0_wb_clk_i/A (sky130_fd_sc_hd__clkbuf_16)
     3    0.109570    0.096050    0.136602   25.161314 ^ clkbuf_0_wb_clk_i/X (sky130_fd_sc_hd__clkbuf_16)
                                                         clknet_0_wb_clk_i (net)
                      0.097016    0.007690   25.169004 ^ clkbuf_1_1_0_wb_clk_i/A (sky130_fd_sc_hd__clkbuf_8)
     3    0.083101    0.114703    0.158668   25.327671 ^ clkbuf_1_1_0_wb_clk_i/X (sky130_fd_sc_hd__clkbuf_8)
                                                         clknet_1_1_0_wb_clk_i (net)
                      0.116544    0.011594   25.339266 ^ clkbuf_2_2_0_wb_clk_i/A (sky130_fd_sc_hd__clkbuf_8)
     2    0.022124    0.041074    0.113214   25.452480 ^ clkbuf_2_2_0_wb_clk_i/X (sky130_fd_sc_hd__clkbuf_8)
                                                         clknet_2_2_0_wb_clk_i (net)
                      0.041138    0.001432   25.453911 ^ clkbuf_3_4_0_wb_clk_i/A (sky130_fd_sc_hd__clkbuf_8)
     3    0.092967    0.127017    0.149880   25.603792 ^ clkbuf_3_4_0_wb_clk_i/X (sky130_fd_sc_hd__clkbuf_8)
                                                         clknet_3_4_0_wb_clk_i (net)
                      0.128946    0.012498   25.616291 ^ clkbuf_4_8_0_wb_clk_i/A (sky130_fd_sc_hd__clkbuf_8)
     4    0.101354    0.136774    0.185571   25.801861 ^ clkbuf_4_8_0_wb_clk_i/X (sky130_fd_sc_hd__clkbuf_8)
                                                         clknet_4_8_0_wb_clk_i (net)
                      0.136824    0.002156   25.804018 ^ clkbuf_6_33_0_wb_clk_i/A (sky130_fd_sc_hd__clkbuf_8)
     7    0.059647    0.085831    0.150857   25.954874 ^ clkbuf_6_33_0_wb_clk_i/X (sky130_fd_sc_hd__clkbuf_8)
                                                         clknet_6_33_0_wb_clk_i (net)
                      0.085853    0.001373   25.956247 ^ clkbuf_leaf_89_wb_clk_i/A (sky130_fd_sc_hd__clkbuf_8)
    10    0.038686    0.060030    0.120698   26.076946 ^ clkbuf_leaf_89_wb_clk_i/X (sky130_fd_sc_hd__clkbuf_8)
                                                         clknet_leaf_89_wb_clk_i (net)
                      0.060030    0.000227   26.077173 ^ _74332_/CLK (sky130_fd_sc_hd__dfxtp_2)
                                 -0.250000   25.827173   clock uncertainty
                                  0.000000   25.827173   clock reconvergence pessimism
                                 -0.069508   25.757666   library setup time
                                             25.757666   data required time
---------------------------------------------------------------------------------------------
                                             25.757666   data required time
                                            -18.859680   data arrival time
---------------------------------------------------------------------------------------------
                                              6.897985   slack (MET)




===========================================================================
report_checks --slack_max -0.01
============================================================================
======================= min_ff_n40C_1v95 Corner ===================================

No paths found.


===========================================================================
 report_check_types -max_slew -max_cap -max_fanout -violators
============================================================================
======================= min_ff_n40C_1v95 Corner ===================================

max capacitance

Pin                                        Limit         Cap       Slack
------------------------------------------------------------------------
u_engine.u_zstore.g_zrams[0].u_ram.u_macro/dout0[21]    0.027560    0.057350   -0.029790 (VIOLATED)
u_engine.u_zstore.g_zrams[1].u_ram.u_macro/dout0[3]    0.027560    0.054440   -0.026880 (VIOLATED)
u_engine.u_zstore.g_zrams[0].u_ram.u_macro/dout0[20]    0.027560    0.052540   -0.024980 (VIOLATED)
u_engine.u_zstore.g_zrams[1].u_ram.u_macro/dout1[2]    0.027560    0.051640   -0.024080 (VIOLATED)
u_engine.u_zstore.g_zrams[1].u_ram.u_macro/dout0[22]    0.027560    0.049024   -0.021464 (VIOLATED)
u_engine.u_zstore.g_zrams[1].u_ram.u_macro/dout1[0]    0.027560    0.048803   -0.021243 (VIOLATED)
u_engine.u_zstore.g_zrams[1].u_ram.u_macro/dout1[3]    0.027560    0.048114   -0.020554 (VIOLATED)
u_engine.u_zstore.g_zrams[0].u_ram.u_macro/dout0[4]    0.027560    0.047301   -0.019741 (VIOLATED)
u_engine.u_zstore.g_zrams[1].u_ram.u_macro/dout1[4]    0.027560    0.046941   -0.019381 (VIOLATED)
u_engine.u_zstore.g_zrams[0].u_ram.u_macro/dout0[19]    0.027560    0.046328   -0.018768 (VIOLATED)
u_engine.u_zstore.g_zrams[0].u_ram.u_macro/dout0[2]    0.027560    0.045869   -0.018309 (VIOLATED)
u_engine.u_zstore.g_zrams[0].u_ram.u_macro/dout1[5]    0.027560    0.045675   -0.018115 (VIOLATED)
u_engine.u_zstore.g_zrams[0].u_ram.u_macro/dout1[9]    0.027560    0.044303   -0.016743 (VIOLATED)
u_engine.u_zstore.g_zrams[1].u_ram.u_macro/dout1[17]    0.027560    0.043864   -0.016304 (VIOLATED)
u_engine.u_zstore.g_zrams[1].u_ram.u_macro/dout1[20]    0.027560    0.042992   -0.015432 (VIOLATED)
u_engine.u_zstore.g_zrams[1].u_ram.u_macro/dout0[19]    0.027560    0.042711   -0.015151 (VIOLATED)
u_engine.g_banks[3].u_ram.u_macro/dout1[24]    0.027560    0.042600   -0.015040 (VIOLATED)
u_engine.u_zstore.g_zrams[1].u_ram.u_macro/dout1[8]    0.027560    0.042341   -0.014781 (VIOLATED)
u_engine.u_zstore.g_zrams[1].u_ram.u_macro/dout1[13]    0.027560    0.041786   -0.014226 (VIOLATED)
u_engine.u_zstore.g_zrams[0].u_ram.u_macro/dout0[1]    0.027560    0.041321   -0.013761 (VIOLATED)
u_engine.u_zstore.g_zrams[0].u_ram.u_macro/dout1[17]    0.027560    0.040379   -0.012819 (VIOLATED)
u_engine.u_zstore.g_zrams[1].u_ram.u_macro/dout1[6]    0.027560    0.039757   -0.012197 (VIOLATED)
u_engine.u_zstore.g_zrams[0].u_ram.u_macro/dout1[20]    0.027560    0.039597   -0.012037 (VIOLATED)
u_engine.u_zstore.g_zrams[0].u_ram.u_macro/dout1[0]    0.027560    0.039469   -0.011909 (VIOLATED)
u_engine.u_zstore.g_zrams[0].u_ram.u_macro/dout0[5]    0.027560    0.039233   -0.011673 (VIOLATED)
u_engine.u_zstore.g_zrams[1].u_ram.u_macro/dout1[22]    0.027560    0.039071   -0.011511 (VIOLATED)
u_engine.u_zstore.g_zrams[0].u_ram.u_macro/dout1[13]    0.027560    0.038419   -0.010859 (VIOLATED)
u_engine.g_banks[3].u_ram.u_macro/dout1[15]    0.027560    0.037810   -0.010250 (VIOLATED)
u_engine.u_zstore.g_zrams[1].u_ram.u_macro/dout0[20]    0.027560    0.037753   -0.010193 (VIOLATED)
u_engine.u_zstore.g_zrams[0].u_ram.u_macro/dout0[3]    0.027560    0.037613   -0.010053 (VIOLATED)
u_engine.u_zstore.g_zrams[0].u_ram.u_macro/dout1[6]    0.027560    0.037608   -0.010048 (VIOLATED)
u_engine.u_zstore.g_zrams[0].u_ram.u_macro/dout1[22]    0.027560    0.037528   -0.009968 (VIOLATED)
u_engine.u_zstore.g_zrams[1].u_ram.u_macro/dout0[4]    0.027560    0.037264   -0.009704 (VIOLATED)
u_engine.u_zstore.g_zrams[0].u_ram.u_macro/dout1[4]    0.027560    0.036992   -0.009432 (VIOLATED)
u_engine.u_zstore.g_zrams[0].u_ram.u_macro/dout0[10]    0.027560    0.036930   -0.009370 (VIOLATED)
u_engine.u_zstore.g_zrams[0].u_ram.u_macro/dout1[29]    0.027560    0.036300   -0.008740 (VIOLATED)
u_engine.u_zstore.g_zrams[0].u_ram.u_macro/dout0[6]    0.027560    0.035996   -0.008436 (VIOLATED)
u_engine.u_zstore.g_zrams[0].u_ram.u_macro/dout1[8]    0.027560    0.035958   -0.008398 (VIOLATED)
u_engine.u_zstore.g_zrams[1].u_ram.u_macro/dout0[2]    0.027560    0.035364   -0.007804 (VIOLATED)
u_engine.u_zstore.g_zrams[0].u_ram.u_macro/dout0[22]    0.027560    0.034813   -0.007253 (VIOLATED)
u_engine.u_zstore.g_zrams[0].u_ram.u_macro/dout0[0]    0.027560    0.033906   -0.006346 (VIOLATED)
u_engine.g_banks[1].u_ram.u_macro/dout1[25]    0.027560    0.033868   -0.006308 (VIOLATED)
u_engine.u_zstore.g_zrams[0].u_ram.u_macro/dout1[1]    0.027560    0.033831   -0.006271 (VIOLATED)
u_engine.u_zstore.g_zrams[0].u_ram.u_macro/dout1[2]    0.027560    0.033743   -0.006183 (VIOLATED)
u_engine.u_zstore.g_zrams[0].u_ram.u_macro/dout0[7]    0.027560    0.033575   -0.006015 (VIOLATED)
u_engine.u_zstore.g_zrams[0].u_ram.u_macro/dout1[3]    0.027560    0.033399   -0.005839 (VIOLATED)
u_engine.u_zstore.g_zrams[1].u_ram.u_macro/dout0[18]    0.027560    0.033304   -0.005744 (VIOLATED)
u_engine.u_zstore.g_zrams[1].u_ram.u_macro/dout1[5]    0.027560    0.033125   -0.005565 (VIOLATED)
u_engine.u_zstore.g_zrams[1].u_ram.u_macro/dout1[9]    0.027560    0.033118   -0.005558 (VIOLATED)
u_engine.u_zstore.g_zrams[0].u_ram.u_macro/dout0[23]    0.027560    0.033073   -0.005513 (VIOLATED)
u_engine.u_zstore.g_zrams[1].u_ram.u_macro/dout0[17]    0.027560    0.032581   -0.005021 (VIOLATED)
u_engine.g_banks[1].u_ram.u_macro/dout1[18]    0.027560    0.032551   -0.004991 (VIOLATED)
u_engine.u_zstore.g_zrams[0].u_ram.u_macro/dout0[8]    0.027560    0.032246   -0.004686 (VIOLATED)
u_engine.u_zstore.g_zrams[0].u_ram.u_macro/dout1[19]    0.027560    0.032007   -0.004447 (VIOLATED)
u_engine.g_banks[3].u_ram.u_macro/dout1[8]    0.027560    0.031829   -0.004269 (VIOLATED)
u_engine.u_zstore.g_zrams[1].u_ram.u_macro/dout1[16]    0.027560    0.031773   -0.004213 (VIOLATED)
u_engine.g_banks[1].u_ram.u_macro/dout1[19]    0.027560    0.031585   -0.004025 (VIOLATED)
u_engine.g_banks[3].u_ram.u_macro/dout1[9]    0.027560    0.031382   -0.003822 (VIOLATED)
u_engine.g_banks[3].u_ram.u_macro/dout1[0]    0.027560    0.031294   -0.003734 (VIOLATED)
u_engine.g_banks[1].u_ram.u_macro/dout1[16]    0.027560    0.031147   -0.003587 (VIOLATED)
u_engine.g_banks[3].u_ram.u_macro/dout1[13]    0.027560    0.031013   -0.003453 (VIOLATED)
u_engine.g_banks[2].u_ram.u_macro/dout1[13]    0.027560    0.031008   -0.003448 (VIOLATED)
u_engine.u_zstore.g_zrams[1].u_ram.u_macro/dout1[15]    0.027560    0.030495   -0.002935 (VIOLATED)
u_engine.u_zstore.g_zrams[0].u_ram.u_macro/dout1[30]    0.027560    0.030483   -0.002923 (VIOLATED)
u_engine.g_banks[0].u_ram.u_macro/dout1[7]    0.027560    0.030367   -0.002807 (VIOLATED)
u_engine.u_zstore.g_zrams[0].u_ram.u_macro/dout1[27]    0.027560    0.030172   -0.002612 (VIOLATED)
u_engine.g_banks[3].u_ram.u_macro/dout1[2]    0.027560    0.029422   -0.001862 (VIOLATED)
u_engine.u_zstore.g_zrams[0].u_ram.u_macro/dout1[18]    0.027560    0.029411   -0.001851 (VIOLATED)
u_engine.g_banks[0].u_ram.u_macro/dout1[15]    0.027560    0.029349   -0.001789 (VIOLATED)
u_engine.u_zstore.g_zrams[0].u_ram.u_macro/dout1[24]    0.027560    0.029291   -0.001731 (VIOLATED)
u_engine.u_zstore.g_zrams[0].u_ram.u_macro/dout1[28]    0.027560    0.029206   -0.001646 (VIOLATED)
u_engine.g_banks[1].u_ram.u_macro/dout1[13]    0.027560    0.029177   -0.001617 (VIOLATED)
u_engine.u_zstore.g_zrams[0].u_ram.u_macro/dout0[24]    0.027560    0.028890   -0.001330 (VIOLATED)
u_engine.g_banks[0].u_ram.u_macro/dout1[18]    0.027560    0.028854   -0.001294 (VIOLATED)
u_engine.g_banks[3].u_ram.u_macro/dout1[23]    0.027560    0.028617   -0.001057 (VIOLATED)
u_engine.u_zstore.g_zrams[1].u_ram.u_macro/dout1[1]    0.027560    0.028483   -0.000923 (VIOLATED)
u_engine.g_banks[1].u_ram.u_macro/dout1[10]    0.027560    0.028407   -0.000847 (VIOLATED)
u_engine.u_zstore.g_zrams[0].u_ram.u_macro/dout1[12]    0.027560    0.028321   -0.000761 (VIOLATED)
u_engine.g_banks[2].u_ram.u_macro/dout1[14]    0.027560    0.027864   -0.000304 (VIOLATED)
u_engine.g_banks[3].u_ram.u_macro/dout1[4]    0.027560    0.027580   -0.000020 (VIOLATED)



===========================================================================
report_parasitic_annotation -report_unannotated
============================================================================
Found 669 unannotated drivers.
 clkload0/Y
 clkload1/Y
 clkload10/X
 clkload100/Y
 clkload101/Y
 clkload102/Y
 clkload103/Y
 clkload104/Y
 clkload105/X
 clkload106/X
 clkload107/Y
 clkload108/Y
 clkload109/X
 clkload11/X
 clkload110/Y
 clkload111/Y
 clkload112/Y
 clkload113/Y
 clkload114/Y
 clkload115/Y
 clkload116/Y
 clkload117/Y
 clkload118/Y
 clkload119/X
 clkload12/Y
 clkload120/Y
 clkload121/X
 clkload122/X
 clkload123/X
 clkload124/X
 clkload125/Y
 clkload126/Y
 clkload127/Y
 clkload128/Y
 clkload129/Y
 clkload13/Y
 clkload130/Y
 clkload131/Y
 clkload132/Y
 clkload133/Y
 clkload134/Y
 clkload135/X
 clkload136/Y
 clkload137/Y
 clkload138/Y
 clkload139/Y
 clkload14/Y
 clkload140/Y
 clkload141/Y
 clkload142/Y
 clkload143/Y
 clkload144/Y
 clkload145/Y
 clkload146/Y
 clkload147/Y
 clkload148/Y
 clkload149/Y
 clkload15/Y
 clkload150/Y
 clkload151/Y
 clkload152/Y
 clkload153/Y
 clkload154/Y
 clkload155/Y
 clkload156/Y
 clkload157/Y
 clkload158/Y
 clkload159/Y
 clkload16/X
 clkload160/Y
 clkload161/Y
 clkload162/Y
 clkload163/Y
 clkload164/Y
 clkload165/Y
 clkload166/X
 clkload167/Y
 clkload168/Y
 clkload169/Y
 clkload17/Y
 clkload170/Y
 clkload171/Y
 clkload172/Y
 clkload173/Y
 clkload174/Y
 clkload175/Y
 clkload176/Y
 clkload177/Y
 clkload178/Y
 clkload179/Y
 clkload18/Y
 clkload180/Y
 clkload181/Y
 clkload182/Y
 clkload183/Y
 clkload184/Y
 clkload185/Y
 clkload186/Y
 clkload187/Y
 clkload188/Y
 clkload189/Y
 clkload19/Y
 clkload190/Y
 clkload191/X
 clkload192/Y
 clkload193/Y
 clkload194/Y
 clkload195/Y
 clkload196/Y
 clkload197/Y
 clkload198/Y
 clkload199/Y
 clkload2/Y
 clkload20/Y
 clkload200/Y
 clkload201/Y
 clkload202/Y
 clkload203/Y
 clkload204/Y
 clkload205/Y
 clkload206/Y
 clkload207/Y
 clkload208/X
 clkload209/Y
 clkload21/Y
 clkload210/Y
 clkload211/Y
 clkload212/X
 clkload213/X
 clkload214/Y
 clkload215/Y
 clkload216/Y
 clkload217/Y
 clkload218/Y
 clkload219/Y
 clkload22/Y
 clkload220/Y
 clkload221/Y
 clkload222/Y
 clkload223/Y
 clkload224/Y
 clkload225/Y
 clkload226/Y
 clkload227/Y
 clkload228/Y
 clkload229/Y
 clkload23/Y
 clkload230/Y
 clkload231/Y
 clkload232/Y
 clkload233/X
 clkload234/X
 clkload235/Y
 clkload236/Y
 clkload237/Y
 clkload238/X
 clkload239/Y
 clkload24/Y
 clkload240/Y
 clkload241/Y
 clkload242/Y
 clkload243/Y
 clkload244/Y
 clkload245/Y
 clkload246/Y
 clkload247/Y
 clkload248/Y
 clkload249/Y
 clkload25/Y
 clkload250/Y
 clkload251/Y
 clkload252/Y
 clkload253/Y
 clkload254/Y
 clkload255/Y
 clkload256/Y
 clkload257/Y
 clkload258/Y
 clkload259/Y
 clkload26/Y
 clkload260/Y
 clkload261/X
 clkload262/Y
 clkload263/Y
 clkload264/Y
 clkload265/X
 clkload266/Y
 clkload267/Y
 clkload268/Y
 clkload269/Y
 clkload27/Y
 clkload270/Y
 clkload271/Y
 clkload272/Y
 clkload273/Y
 clkload274/X
 clkload275/Y
 clkload276/Y
 clkload277/Y
 clkload278/Y
 clkload279/Y
 clkload28/Y
 clkload280/Y
 clkload281/Y
 clkload282/Y
 clkload283/Y
 clkload284/X
 clkload285/X
 clkload286/Y
 clkload287/Y
 clkload288/Y
 clkload289/Y
 clkload29/Y
 clkload290/Y
 clkload291/Y
 clkload292/Y
 clkload293/Y
 clkload294/Y
 clkload295/Y
 clkload296/Y
 clkload297/Y
 clkload298/Y
 clkload299/Y
 clkload3/Y
 clkload30/X
 clkload300/Y
 clkload301/X
 clkload302/X
 clkload303/Y
 clkload304/Y
 clkload305/Y
 clkload306/Y
 clkload307/X
 clkload308/Y
 clkload309/Y
 clkload31/Y
 clkload310/Y
 clkload311/Y
 clkload312/Y
 clkload313/Y
 clkload314/Y
 clkload315/Y
 clkload316/X
 clkload317/Y
 clkload318/Y
 clkload319/Y
 clkload32/X
 clkload320/Y
 clkload321/Y
 clkload322/X
 clkload323/Y
 clkload324/Y
 clkload325/Y
 clkload326/Y
 clkload327/Y
 clkload328/Y
 clkload329/X
 clkload33/Y
 clkload330/Y
 clkload331/Y
 clkload332/Y
 clkload333/Y
 clkload334/Y
 clkload335/Y
 clkload336/Y
 clkload337/Y
 clkload338/Y
 clkload339/Y
 clkload34/Y
 clkload340/Y
 clkload341/Y
 clkload342/Y
 clkload343/X
 clkload344/Y
 clkload345/X
 clkload346/Y
 clkload347/Y
 clkload348/Y
 clkload349/Y
 clkload35/Y
 clkload350/Y
 clkload351/Y
 clkload352/Y
 clkload353/Y
 clkload354/Y
 clkload355/Y
 clkload356/Y
 clkload357/Y
 clkload358/Y
 clkload359/Y
 clkload36/Y
 clkload360/Y
 clkload361/Y
 clkload362/Y
 clkload363/Y
 clkload364/Y
 clkload365/Y
 clkload366/Y
 clkload367/Y
 clkload368/Y
 clkload369/Y
 clkload37/Y
 clkload370/Y
 clkload371/Y
 clkload372/Y
 clkload373/X
 clkload374/Y
 clkload375/Y
 clkload376/Y
 clkload377/Y
 clkload378/Y
 clkload379/Y
 clkload38/Y
 clkload380/Y
 clkload381/Y
 clkload382/Y
 clkload383/X
 clkload384/Y
 clkload385/X
 clkload386/Y
 clkload387/Y
 clkload388/X
 clkload389/Y
 clkload39/Y
 clkload390/Y
 clkload391/Y
 clkload392/Y
 clkload393/Y
 clkload394/Y
 clkload395/Y
 clkload396/Y
 clkload397/Y
 clkload398/Y
 clkload399/Y
 clkload4/Y
 clkload40/Y
 clkload400/Y
 clkload401/Y
 clkload402/X
 clkload403/X
 clkload404/Y
 clkload405/Y
 clkload406/Y
 clkload407/Y
 clkload408/X
 clkload409/X
 clkload41/Y
 clkload410/X
 clkload411/Y
 clkload412/Y
 clkload413/Y
 clkload414/Y
 clkload415/Y
 clkload416/Y
 clkload417/Y
 clkload418/X
 clkload419/Y
 clkload42/Y
 clkload420/Y
 clkload421/Y
 clkload422/Y
 clkload423/Y
 clkload424/Y
 clkload425/Y
 clkload426/Y
 clkload427/Y
 clkload428/Y
 clkload429/X
 clkload43/Y
 clkload430/Y
 clkload431/Y
 clkload432/Y
 clkload433/X
 clkload434/Y
 clkload435/Y
 clkload436/Y
 clkload437/Y
 clkload438/Y
 clkload439/Y
 clkload44/Y
 clkload440/Y
 clkload441/Y
 clkload442/Y
 clkload443/Y
 clkload444/Y
 clkload445/Y
 clkload446/Y
 clkload447/Y
 clkload448/Y
 clkload449/Y
 clkload45/Y
 clkload450/Y
 clkload451/Y
 clkload452/Y
 clkload453/Y
 clkload454/Y
 clkload455/Y
 clkload456/Y
 clkload457/Y
 clkload458/Y
 clkload459/Y
 clkload46/Y
 clkload460/Y
 clkload461/Y
 clkload462/Y
 clkload463/Y
 clkload464/Y
 clkload465/X
 clkload466/Y
 clkload467/Y
 clkload468/Y
 clkload469/Y
 clkload47/Y
 clkload470/X
 clkload471/X
 clkload472/Y
 clkload473/Y
 clkload474/Y
 clkload475/Y
 clkload476/Y
 clkload477/Y
 clkload478/Y
 clkload479/Y
 clkload48/Y
 clkload480/Y
 clkload481/Y
 clkload482/X
 clkload483/Y
 clkload484/Y
 clkload485/X
 clkload486/Y
 clkload487/Y
 clkload488/Y
 clkload489/Y
 clkload49/Y
 clkload490/Y
 clkload491/Y
 clkload492/Y
 clkload493/Y
 clkload494/Y
 clkload495/Y
 clkload496/Y
 clkload497/Y
 clkload498/Y
 clkload499/Y
 clkload5/Y
 clkload50/X
 clkload500/X
 clkload501/Y
 clkload502/Y
 clkload503/Y
 clkload504/Y
 clkload505/Y
 clkload506/X
 clkload507/X
 clkload508/X
 clkload51/Y
 clkload52/Y
 clkload53/Y
 clkload54/Y
 clkload55/Y
 clkload56/Y
 clkload57/Y
 clkload58/Y
 clkload59/Y
 clkload6/Y
 clkload60/Y
 clkload61/Y
 clkload62/Y
 clkload63/Y
 clkload64/Y
 clkload65/Y
 clkload66/Y
 clkload67/Y
 clkload68/Y
 clkload69/Y
 clkload7/Y
 clkload70/Y
 clkload71/Y
 clkload72/Y
 clkload73/Y
 clkload74/X
 clkload75/X
 clkload76/Y
 clkload77/X
 clkload78/Y
 clkload79/Y
 clkload8/Y
 clkload80/X
 clkload81/Y
 clkload82/Y
 clkload83/Y
 clkload84/Y
 clkload85/Y
 clkload86/X
 clkload87/Y
 clkload88/Y
 clkload89/Y
 clkload9/Y
 clkload90/Y
 clkload91/Y
 clkload92/Y
 clkload93/X
 clkload94/Y
 clkload95/Y
 clkload96/Y
 clkload97/Y
 clkload98/Y
 clkload99/Y
 ntt_user_macro_3322/HI
 ntt_user_macro_3323/HI
 u_engine.g_banks\[0\].u_ram.u_macro/dout0[0]
 u_engine.g_banks\[0\].u_ram.u_macro/dout0[10]
 u_engine.g_banks\[0\].u_ram.u_macro/dout0[11]
 u_engine.g_banks\[0\].u_ram.u_macro/dout0[12]
 u_engine.g_banks\[0\].u_ram.u_macro/dout0[13]
 u_engine.g_banks\[0\].u_ram.u_macro/dout0[14]
 u_engine.g_banks\[0\].u_ram.u_macro/dout0[15]
 u_engine.g_banks\[0\].u_ram.u_macro/dout0[16]
 u_engine.g_banks\[0\].u_ram.u_macro/dout0[17]
 u_engine.g_banks\[0\].u_ram.u_macro/dout0[18]
 u_engine.g_banks\[0\].u_ram.u_macro/dout0[19]
 u_engine.g_banks\[0\].u_ram.u_macro/dout0[1]
 u_engine.g_banks\[0\].u_ram.u_macro/dout0[20]
 u_engine.g_banks\[0\].u_ram.u_macro/dout0[21]
 u_engine.g_banks\[0\].u_ram.u_macro/dout0[22]
 u_engine.g_banks\[0\].u_ram.u_macro/dout0[23]
 u_engine.g_banks\[0\].u_ram.u_macro/dout0[24]
 u_engine.g_banks\[0\].u_ram.u_macro/dout0[25]
 u_engine.g_banks\[0\].u_ram.u_macro/dout0[26]
 u_engine.g_banks\[0\].u_ram.u_macro/dout0[27]
 u_engine.g_banks\[0\].u_ram.u_macro/dout0[28]
 u_engine.g_banks\[0\].u_ram.u_macro/dout0[29]
 u_engine.g_banks\[0\].u_ram.u_macro/dout0[2]
 u_engine.g_banks\[0\].u_ram.u_macro/dout0[30]
 u_engine.g_banks\[0\].u_ram.u_macro/dout0[31]
 u_engine.g_banks\[0\].u_ram.u_macro/dout0[3]
 u_engine.g_banks\[0\].u_ram.u_macro/dout0[4]
 u_engine.g_banks\[0\].u_ram.u_macro/dout0[5]
 u_engine.g_banks\[0\].u_ram.u_macro/dout0[6]
 u_engine.g_banks\[0\].u_ram.u_macro/dout0[7]
 u_engine.g_banks\[0\].u_ram.u_macro/dout0[8]
 u_engine.g_banks\[0\].u_ram.u_macro/dout0[9]
 u_engine.g_banks\[0\].u_ram.u_macro_3316/HI
 u_engine.g_banks\[0\].u_ram.u_macro_3324/LO
 u_engine.g_banks\[0\].u_ram.u_macro_3325/LO
 u_engine.g_banks\[0\].u_ram.u_macro_3326/LO
 u_engine.g_banks\[0\].u_ram.u_macro_3327/LO
 u_engine.g_banks\[1\].u_ram.u_macro/dout0[0]
 u_engine.g_banks\[1\].u_ram.u_macro/dout0[10]
 u_engine.g_banks\[1\].u_ram.u_macro/dout0[11]
 u_engine.g_banks\[1\].u_ram.u_macro/dout0[12]
 u_engine.g_banks\[1\].u_ram.u_macro/dout0[13]
 u_engine.g_banks\[1\].u_ram.u_macro/dout0[14]
 u_engine.g_banks\[1\].u_ram.u_macro/dout0[15]
 u_engine.g_banks\[1\].u_ram.u_macro/dout0[16]
 u_engine.g_banks\[1\].u_ram.u_macro/dout0[17]
 u_engine.g_banks\[1\].u_ram.u_macro/dout0[18]
 u_engine.g_banks\[1\].u_ram.u_macro/dout0[19]
 u_engine.g_banks\[1\].u_ram.u_macro/dout0[1]
 u_engine.g_banks\[1\].u_ram.u_macro/dout0[20]
 u_engine.g_banks\[1\].u_ram.u_macro/dout0[21]
 u_engine.g_banks\[1\].u_ram.u_macro/dout0[22]
 u_engine.g_banks\[1\].u_ram.u_macro/dout0[23]
 u_engine.g_banks\[1\].u_ram.u_macro/dout0[24]
 u_engine.g_banks\[1\].u_ram.u_macro/dout0[25]
 u_engine.g_banks\[1\].u_ram.u_macro/dout0[26]
 u_engine.g_banks\[1\].u_ram.u_macro/dout0[27]
 u_engine.g_banks\[1\].u_ram.u_macro/dout0[28]
 u_engine.g_banks\[1\].u_ram.u_macro/dout0[29]
 u_engine.g_banks\[1\].u_ram.u_macro/dout0[2]
 u_engine.g_banks\[1\].u_ram.u_macro/dout0[30]
 u_engine.g_banks\[1\].u_ram.u_macro/dout0[31]
 u_engine.g_banks\[1\].u_ram.u_macro/dout0[3]
 u_engine.g_banks\[1\].u_ram.u_macro/dout0[4]
 u_engine.g_banks\[1\].u_ram.u_macro/dout0[5]
 u_engine.g_banks\[1\].u_ram.u_macro/dout0[6]
 u_engine.g_banks\[1\].u_ram.u_macro/dout0[7]
 u_engine.g_banks\[1\].u_ram.u_macro/dout0[8]
 u_engine.g_banks\[1\].u_ram.u_macro/dout0[9]
 u_engine.g_banks\[1\].u_ram.u_macro_3317/HI
 u_engine.g_banks\[1\].u_ram.u_macro_3328/LO
 u_engine.g_banks\[1\].u_ram.u_macro_3329/LO
 u_engine.g_banks\[1\].u_ram.u_macro_3330/LO
 u_engine.g_banks\[1\].u_ram.u_macro_3331/LO
 u_engine.g_banks\[2\].u_ram.u_macro/dout0[0]
 u_engine.g_banks\[2\].u_ram.u_macro/dout0[10]
 u_engine.g_banks\[2\].u_ram.u_macro/dout0[11]
 u_engine.g_banks\[2\].u_ram.u_macro/dout0[12]
 u_engine.g_banks\[2\].u_ram.u_macro/dout0[13]
 u_engine.g_banks\[2\].u_ram.u_macro/dout0[14]
 u_engine.g_banks\[2\].u_ram.u_macro/dout0[15]
 u_engine.g_banks\[2\].u_ram.u_macro/dout0[16]
 u_engine.g_banks\[2\].u_ram.u_macro/dout0[17]
 u_engine.g_banks\[2\].u_ram.u_macro/dout0[18]
 u_engine.g_banks\[2\].u_ram.u_macro/dout0[19]
 u_engine.g_banks\[2\].u_ram.u_macro/dout0[1]
 u_engine.g_banks\[2\].u_ram.u_macro/dout0[20]
 u_engine.g_banks\[2\].u_ram.u_macro/dout0[21]
 u_engine.g_banks\[2\].u_ram.u_macro/dout0[22]
 u_engine.g_banks\[2\].u_ram.u_macro/dout0[23]
 u_engine.g_banks\[2\].u_ram.u_macro/dout0[24]
 u_engine.g_banks\[2\].u_ram.u_macro/dout0[25]
 u_engine.g_banks\[2\].u_ram.u_macro/dout0[26]
 u_engine.g_banks\[2\].u_ram.u_macro/dout0[27]
 u_engine.g_banks\[2\].u_ram.u_macro/dout0[28]
 u_engine.g_banks\[2\].u_ram.u_macro/dout0[29]
 u_engine.g_banks\[2\].u_ram.u_macro/dout0[2]
 u_engine.g_banks\[2\].u_ram.u_macro/dout0[30]
 u_engine.g_banks\[2\].u_ram.u_macro/dout0[31]
 u_engine.g_banks\[2\].u_ram.u_macro/dout0[3]
 u_engine.g_banks\[2\].u_ram.u_macro/dout0[4]
 u_engine.g_banks\[2\].u_ram.u_macro/dout0[5]
 u_engine.g_banks\[2\].u_ram.u_macro/dout0[6]
 u_engine.g_banks\[2\].u_ram.u_macro/dout0[7]
 u_engine.g_banks\[2\].u_ram.u_macro/dout0[8]
 u_engine.g_banks\[2\].u_ram.u_macro/dout0[9]
 u_engine.g_banks\[2\].u_ram.u_macro_3318/HI
 u_engine.g_banks\[2\].u_ram.u_macro_3332/LO
 u_engine.g_banks\[2\].u_ram.u_macro_3333/LO
 u_engine.g_banks\[2\].u_ram.u_macro_3334/LO
 u_engine.g_banks\[2\].u_ram.u_macro_3335/LO
 u_engine.g_banks\[3\].u_ram.u_macro/dout0[0]
 u_engine.g_banks\[3\].u_ram.u_macro/dout0[10]
 u_engine.g_banks\[3\].u_ram.u_macro/dout0[11]
 u_engine.g_banks\[3\].u_ram.u_macro/dout0[12]
 u_engine.g_banks\[3\].u_ram.u_macro/dout0[13]
 u_engine.g_banks\[3\].u_ram.u_macro/dout0[14]
 u_engine.g_banks\[3\].u_ram.u_macro/dout0[15]
 u_engine.g_banks\[3\].u_ram.u_macro/dout0[16]
 u_engine.g_banks\[3\].u_ram.u_macro/dout0[17]
 u_engine.g_banks\[3\].u_ram.u_macro/dout0[18]
 u_engine.g_banks\[3\].u_ram.u_macro/dout0[19]
 u_engine.g_banks\[3\].u_ram.u_macro/dout0[1]
 u_engine.g_banks\[3\].u_ram.u_macro/dout0[20]
 u_engine.g_banks\[3\].u_ram.u_macro/dout0[21]
 u_engine.g_banks\[3\].u_ram.u_macro/dout0[22]
 u_engine.g_banks\[3\].u_ram.u_macro/dout0[23]
 u_engine.g_banks\[3\].u_ram.u_macro/dout0[24]
 u_engine.g_banks\[3\].u_ram.u_macro/dout0[25]
 u_engine.g_banks\[3\].u_ram.u_macro/dout0[26]
 u_engine.g_banks\[3\].u_ram.u_macro/dout0[27]
 u_engine.g_banks\[3\].u_ram.u_macro/dout0[28]
 u_engine.g_banks\[3\].u_ram.u_macro/dout0[29]
 u_engine.g_banks\[3\].u_ram.u_macro/dout0[2]
 u_engine.g_banks\[3\].u_ram.u_macro/dout0[30]
 u_engine.g_banks\[3\].u_ram.u_macro/dout0[31]
 u_engine.g_banks\[3\].u_ram.u_macro/dout0[3]
 u_engine.g_banks\[3\].u_ram.u_macro/dout0[4]
 u_engine.g_banks\[3\].u_ram.u_macro/dout0[5]
 u_engine.g_banks\[3\].u_ram.u_macro/dout0[6]
 u_engine.g_banks\[3\].u_ram.u_macro/dout0[7]
 u_engine.g_banks\[3\].u_ram.u_macro/dout0[8]
 u_engine.g_banks\[3\].u_ram.u_macro/dout0[9]
 u_engine.g_banks\[3\].u_ram.u_macro_3319/HI
 u_engine.g_banks\[3\].u_ram.u_macro_3336/LO
 u_engine.g_banks\[3\].u_ram.u_macro_3337/LO
 u_engine.g_banks\[3\].u_ram.u_macro_3338/LO
 u_engine.g_banks\[3\].u_ram.u_macro_3339/LO
 u_engine.u_zstore.g_zrams\[0\].u_ram.u_macro_3320/HI
 u_engine.u_zstore.g_zrams\[0\].u_ram.u_macro_3340/LO
 u_engine.u_zstore.g_zrams\[0\].u_ram.u_macro_3341/LO
 u_engine.u_zstore.g_zrams\[0\].u_ram.u_macro_3342/LO
 u_engine.u_zstore.g_zrams\[0\].u_ram.u_macro_3343/LO
 u_engine.u_zstore.g_zrams\[1\].u_ram.u_macro_3321/HI
 u_engine.u_zstore.g_zrams\[1\].u_ram.u_macro_3344/LO
 u_engine.u_zstore.g_zrams\[1\].u_ram.u_macro_3345/LO
 u_engine.u_zstore.g_zrams\[1\].u_ram.u_macro_3346/LO
 u_engine.u_zstore.g_zrams\[1\].u_ram.u_macro_3347/LO
Found 0 partially unannotated drivers.

===========================================================================
max slew violation count 0
max fanout violation count 0
max cap violation count 80
============================================================================

===========================================================================
check_setup -verbose -unconstrained_endpoints -multiple_clock -no_clock -no_input_delay -loops -generated_clocks
===========================================================================
Warning: There is 1 input port missing set_input_delay.
  wb_rst_i
Warning: There are 32 unconstrained endpoints.
  irq[1]
  irq[2]
  u_engine.g_banks[0].u_ram.u_macro/csb1
  u_engine.g_banks[0].u_ram.u_macro/wmask0[0]
  u_engine.g_banks[0].u_ram.u_macro/wmask0[1]
  u_engine.g_banks[0].u_ram.u_macro/wmask0[2]
  u_engine.g_banks[0].u_ram.u_macro/wmask0[3]
  u_engine.g_banks[1].u_ram.u_macro/csb1
  u_engine.g_banks[1].u_ram.u_macro/wmask0[0]
  u_engine.g_banks[1].u_ram.u_macro/wmask0[1]
  u_engine.g_banks[1].u_ram.u_macro/wmask0[2]
  u_engine.g_banks[1].u_ram.u_macro/wmask0[3]
  u_engine.g_banks[2].u_ram.u_macro/csb1
  u_engine.g_banks[2].u_ram.u_macro/wmask0[0]
  u_engine.g_banks[2].u_ram.u_macro/wmask0[1]
  u_engine.g_banks[2].u_ram.u_macro/wmask0[2]
  u_engine.g_banks[2].u_ram.u_macro/wmask0[3]
  u_engine.g_banks[3].u_ram.u_macro/csb1
  u_engine.g_banks[3].u_ram.u_macro/wmask0[0]
  u_engine.g_banks[3].u_ram.u_macro/wmask0[1]
  u_engine.g_banks[3].u_ram.u_macro/wmask0[2]
  u_engine.g_banks[3].u_ram.u_macro/wmask0[3]
  u_engine.u_zstore.g_zrams[0].u_ram.u_macro/csb1
  u_engine.u_zstore.g_zrams[0].u_ram.u_macro/wmask0[0]
  u_engine.u_zstore.g_zrams[0].u_ram.u_macro/wmask0[1]
  u_engine.u_zstore.g_zrams[0].u_ram.u_macro/wmask0[2]
  u_engine.u_zstore.g_zrams[0].u_ram.u_macro/wmask0[3]
  u_engine.u_zstore.g_zrams[1].u_ram.u_macro/csb1
  u_engine.u_zstore.g_zrams[1].u_ram.u_macro/wmask0[0]
  u_engine.u_zstore.g_zrams[1].u_ram.u_macro/wmask0[1]
  u_engine.u_zstore.g_zrams[1].u_ram.u_macro/wmask0[2]
  u_engine.u_zstore.g_zrams[1].u_ram.u_macro/wmask0[3]
