Clock: wb_clk
Sources: wb_clk_i 
Generated: no
Virtual: yes
Propagated: no
Period: 25.000000

===========================================================================
report_clock_properties
============================================================================
Clock                   Period          Waveform
----------------------------------------------------
wb_clk               25.000000    0.000000 12.500000

===========================================================================
report_clock_latency
============================================================================
Clock wb_clk
rise -> rise
    min     max
0.000000 0.000000 source latency
0.943893         network latency _71765_/CLK
        1.273101 network latency _73756_/CLK
---------------
0.943893 1.273101 latency
        0.329209 skew

fall -> fall
    min     max
0.000000 0.000000 source latency
0.891189         network latency _71765_/CLK
        1.161388 network latency _73756_/CLK
---------------
0.891189 1.161388 latency
        0.270200 skew



===========================================================================
report_clock_min_period
============================================================================
wb_clk period_min = 6.47 fmax = 154.57
